run directory: runs/004_double_dqn_soft_nstep3_per_seeded
step     2000/500000  eps=0.991  episodes=    4  mean_return= 67.250  mean_loss=     nan  mean_foundation=  4.0/52  lifetime_outcomes={'won': 0, 'stalled': 0, 'truncated': 4, 'other': 0}  rss=  920.2MB  (1s)
step     4000/500000  eps=0.981  episodes=    8  mean_return= 64.009  mean_loss=     nan  mean_foundation=  9.2/52  lifetime_outcomes={'won': 0, 'stalled': 1, 'truncated': 7, 'other': 0}  rss=  937.6MB  (2s)
step     6000/500000  eps=0.972  episodes=   12  mean_return= 48.500  mean_loss= 0.36938  mean_foundation=  5.0/52  lifetime_outcomes={'won': 0, 'stalled': 1, 'truncated': 11, 'other': 0}  rss= 1232.2MB  (5s)
step     8000/500000  eps=0.962  episodes=   16  mean_return= 63.250  mean_loss= 0.35901  mean_foundation=  3.0/52  lifetime_outcomes={'won': 0, 'stalled': 1, 'truncated': 15, 'other': 0}  rss= 1249.0MB  (10s)
step    10000/500000  eps=0.953  episodes=   20  mean_return= 51.363  mean_loss= 0.46940  mean_foundation=  4.8/52  lifetime_outcomes={'won': 0, 'stalled': 2, 'truncated': 18, 'other': 0}  rss= 1262.7MB  (15s)
step    12000/500000  eps=0.943  episodes=   24  mean_return= 64.000  mean_loss= 0.43598  mean_foundation=  4.5/52  lifetime_outcomes={'won': 0, 'stalled': 2, 'truncated': 22, 'other': 0}  rss= 1282.6MB  (20s)
step    14000/500000  eps=0.933  episodes=   29  mean_return= 55.514  mean_loss= 0.40492  mean_foundation=  8.2/52  lifetime_outcomes={'won': 0, 'stalled': 3, 'truncated': 26, 'other': 0}  rss= 1288.6MB  (24s)
step    16000/500000  eps=0.924  episodes=   33  mean_return= 59.250  mean_loss= 0.40456  mean_foundation=  4.2/52  lifetime_outcomes={'won': 0, 'stalled': 3, 'truncated': 30, 'other': 0}  rss= 1297.7MB  (29s)
step    18000/500000  eps=0.914  episodes=   37  mean_return= 48.750  mean_loss= 0.40059  mean_foundation=  7.8/52  lifetime_outcomes={'won': 0, 'stalled': 3, 'truncated': 34, 'other': 0}  rss= 1310.2MB  (34s)
step    20000/500000  eps=0.905  episodes=   41  mean_return= 80.500  mean_loss= 0.40052  mean_foundation=  9.0/52  lifetime_outcomes={'won': 0, 'stalled': 3, 'truncated': 38, 'other': 0}  rss= 1318.8MB  (39s)
  EVAL  step    20000  win_rate=0.00%  mean_return= 28.262  mean_foundation=  3.5/52  mean_length=438.0  (greedy, 20 fixed deals)
step    22000/500000  eps=0.895  episodes=   45  mean_return= 63.776  mean_loss= 0.41154  mean_foundation=  7.2/52  lifetime_outcomes={'won': 0, 'stalled': 4, 'truncated': 41, 'other': 0}  rss= 1333.8MB  (50s)
step    24000/500000  eps=0.886  episodes=   49  mean_return= 74.250  mean_loss= 0.42697  mean_foundation=  5.2/52  lifetime_outcomes={'won': 0, 'stalled': 4, 'truncated': 45, 'other': 0}  rss= 1339.9MB  (55s)
step    26000/500000  eps=0.877  episodes=   53  mean_return= 95.507  mean_loss= 0.44737  mean_foundation=  9.2/52  lifetime_outcomes={'won': 0, 'stalled': 5, 'truncated': 48, 'other': 0}  rss= 1348.0MB  (60s)
step    28000/500000  eps=0.867  episodes=   57  mean_return= 64.542  mean_loss= 0.43579  mean_foundation=  9.2/52  lifetime_outcomes={'won': 0, 'stalled': 6, 'truncated': 51, 'other': 0}  rss= 1356.1MB  (65s)
step    30000/500000  eps=0.858  episodes=   62  mean_return= 89.356  mean_loss= 0.44959  mean_foundation=  8.2/52  lifetime_outcomes={'won': 0, 'stalled': 9, 'truncated': 53, 'other': 0}  rss= 1364.1MB  (70s)
step    32000/500000  eps=0.848  episodes=   66  mean_return= 84.555  mean_loss= 0.45945  mean_foundation=  8.5/52  lifetime_outcomes={'won': 0, 'stalled': 11, 'truncated': 55, 'other': 0}  rss= 1372.2MB  (75s)
step    34000/500000  eps=0.839  episodes=   70  mean_return= 70.000  mean_loss= 0.45545  mean_foundation=  8.0/52  lifetime_outcomes={'won': 0, 'stalled': 11, 'truncated': 59, 'other': 0}  rss= 1382.3MB  (79s)
step    36000/500000  eps=0.829  episodes=   74  mean_return= 40.750  mean_loss= 0.45919  mean_foundation=  4.0/52  lifetime_outcomes={'won': 0, 'stalled': 11, 'truncated': 63, 'other': 0}  rss= 1388.3MB  (84s)
step    38000/500000  eps=0.820  episodes=   78  mean_return= 39.500  mean_loss= 0.44695  mean_foundation=  4.2/52  lifetime_outcomes={'won': 0, 'stalled': 11, 'truncated': 67, 'other': 0}  rss= 1396.4MB  (89s)
step    40000/500000  eps=0.810  episodes=   84  mean_return= 89.970  mean_loss= 0.47466  mean_foundation= 12.5/52  lifetime_outcomes={'won': 0, 'stalled': 15, 'truncated': 69, 'other': 0}  rss= 1404.4MB  (94s)
  EVAL  step    40000  win_rate=0.00%  mean_return= 27.171  mean_foundation=  2.7/52  mean_length=479.1  (greedy, 20 fixed deals)
step    42000/500000  eps=0.800  episodes=   88  mean_return= 94.295  mean_loss= 0.47077  mean_foundation=  7.5/52  lifetime_outcomes={'won': 0, 'stalled': 17, 'truncated': 71, 'other': 0}  rss= 1412.5MB  (106s)
step    44000/500000  eps=0.791  episodes=   93  mean_return= 77.016  mean_loss= 0.48256  mean_foundation=  5.6/52  lifetime_outcomes={'won': 0, 'stalled': 19, 'truncated': 74, 'other': 0}  rss= 1421.1MB  (111s)
step    46000/500000  eps=0.781  episodes=   97  mean_return= 60.500  mean_loss= 0.47280  mean_foundation=  8.5/52  lifetime_outcomes={'won': 0, 'stalled': 19, 'truncated': 78, 'other': 0}  rss= 1427.5MB  (115s)
step    48000/500000  eps=0.772  episodes=  102  mean_return= 87.521  mean_loss= 0.46584  mean_foundation=  9.4/52  lifetime_outcomes={'won': 0, 'stalled': 20, 'truncated': 82, 'other': 0}  rss= 1435.6MB  (120s)
step    50000/500000  eps=0.762  episodes=  106  mean_return= 89.005  mean_loss= 0.48221  mean_foundation= 12.0/52  lifetime_outcomes={'won': 0, 'stalled': 21, 'truncated': 85, 'other': 0}  rss= 1445.7MB  (125s)
step    52000/500000  eps=0.753  episodes=  110  mean_return= 65.558  mean_loss= 0.48246  mean_foundation=  8.2/52  lifetime_outcomes={'won': 0, 'stalled': 23, 'truncated': 87, 'other': 0}  rss= 1453.8MB  (131s)
step    54000/500000  eps=0.744  episodes=  115  mean_return= 66.373  mean_loss= 0.48553  mean_foundation=  8.2/52  lifetime_outcomes={'won': 0, 'stalled': 24, 'truncated': 91, 'other': 0}  rss= 1461.8MB  (137s)
step    56000/500000  eps=0.734  episodes=  119  mean_return= 80.760  mean_loss= 0.47988  mean_foundation=  7.0/52  lifetime_outcomes={'won': 0, 'stalled': 26, 'truncated': 93, 'other': 0}  rss= 1469.9MB  (143s)
step    58000/500000  eps=0.725  episodes=  123  mean_return= 83.043  mean_loss= 0.47729  mean_foundation=  6.2/52  lifetime_outcomes={'won': 0, 'stalled': 27, 'truncated': 96, 'other': 0}  rss= 1475.9MB  (148s)
step    60000/500000  eps=0.715  episodes=  128  mean_return= 69.532  mean_loss= 0.47609  mean_foundation=  4.8/52  lifetime_outcomes={'won': 0, 'stalled': 28, 'truncated': 100, 'other': 0}  rss= 1484.0MB  (154s)
  EVAL  step    60000  win_rate=0.00%  mean_return= 29.750  mean_foundation=  2.2/52  mean_length=500.0  (greedy, 20 fixed deals)
step    62000/500000  eps=0.706  episodes=  133  mean_return= 50.631  mean_loss= 0.48850  mean_foundation=  6.8/52  lifetime_outcomes={'won': 0, 'stalled': 30, 'truncated': 103, 'other': 0}  rss= 1496.6MB  (167s)
step    64000/500000  eps=0.696  episodes=  137  mean_return= 78.500  mean_loss= 0.46778  mean_foundation=  8.0/52  lifetime_outcomes={'won': 0, 'stalled': 30, 'truncated': 107, 'other': 0}  rss= 1504.6MB  (172s)
step    66000/500000  eps=0.686  episodes=  141  mean_return= 92.250  mean_loss= 0.46270  mean_foundation= 10.0/52  lifetime_outcomes={'won': 0, 'stalled': 30, 'truncated': 111, 'other': 0}  rss= 1514.7MB  (178s)
step    68000/500000  eps=0.677  episodes=  145  mean_return= 60.326  mean_loss= 0.47427  mean_foundation=  4.0/52  lifetime_outcomes={'won': 0, 'stalled': 32, 'truncated': 113, 'other': 0}  rss= 1520.8MB  (183s)
step    70000/500000  eps=0.667  episodes=  149  mean_return=102.500  mean_loss= 0.47330  mean_foundation= 13.5/52  lifetime_outcomes={'won': 0, 'stalled': 32, 'truncated': 117, 'other': 0}  rss= 1528.8MB  (188s)
step    72000/500000  eps=0.658  episodes=  153  mean_return= 58.500  mean_loss= 0.46148  mean_foundation=  5.2/52  lifetime_outcomes={'won': 0, 'stalled': 32, 'truncated': 121, 'other': 0}  rss= 1536.9MB  (194s)
step    74000/500000  eps=0.649  episodes=  158  mean_return= 80.520  mean_loss= 0.47205  mean_foundation=  9.6/52  lifetime_outcomes={'won': 0, 'stalled': 33, 'truncated': 125, 'other': 0}  rss= 1544.9MB  (199s)
step    76000/500000  eps=0.639  episodes=  162  mean_return= 64.250  mean_loss= 0.45912  mean_foundation= 10.2/52  lifetime_outcomes={'won': 0, 'stalled': 33, 'truncated': 129, 'other': 0}  rss= 1553.0MB  (204s)
step    78000/500000  eps=0.629  episodes=  166  mean_return= 94.302  mean_loss= 0.44997  mean_foundation= 12.8/52  lifetime_outcomes={'won': 0, 'stalled': 34, 'truncated': 132, 'other': 0}  rss= 1559.1MB  (210s)
step    80000/500000  eps=0.620  episodes=  170  mean_return= 64.763  mean_loss= 0.44673  mean_foundation=  9.0/52  lifetime_outcomes={'won': 0, 'stalled': 35, 'truncated': 135, 'other': 0}  rss= 1567.1MB  (215s)
  EVAL  step    80000  win_rate=0.00%  mean_return= 31.064  mean_foundation=  3.0/52  mean_length=435.9  (greedy, 20 fixed deals)
step    82000/500000  eps=0.611  episodes=  174  mean_return= 69.750  mean_loss= 0.44047  mean_foundation=  5.0/52  lifetime_outcomes={'won': 0, 'stalled': 35, 'truncated': 139, 'other': 0}  rss= 1577.2MB  (227s)
step    84000/500000  eps=0.601  episodes=  178  mean_return= 64.750  mean_loss= 0.43185  mean_foundation=  5.8/52  lifetime_outcomes={'won': 0, 'stalled': 35, 'truncated': 143, 'other': 0}  rss= 1585.3MB  (233s)
step    86000/500000  eps=0.592  episodes=  183  mean_return= 78.340  mean_loss= 0.43981  mean_foundation=  5.2/52  lifetime_outcomes={'won': 0, 'stalled': 37, 'truncated': 146, 'other': 0}  rss= 1593.3MB  (238s)
step    88000/500000  eps=0.582  episodes=  187  mean_return= 61.500  mean_loss= 0.43583  mean_foundation=  7.8/52  lifetime_outcomes={'won': 0, 'stalled': 37, 'truncated': 150, 'other': 0}  rss= 1601.4MB  (244s)
step    90000/500000  eps=0.573  episodes=  191  mean_return= 71.557  mean_loss= 0.41786  mean_foundation= 10.0/52  lifetime_outcomes={'won': 0, 'stalled': 39, 'truncated': 152, 'other': 0}  rss= 1607.4MB  (249s)
step    92000/500000  eps=0.563  episodes=  195  mean_return= 66.500  mean_loss= 0.43469  mean_foundation= 13.8/52  lifetime_outcomes={'won': 0, 'stalled': 39, 'truncated': 156, 'other': 0}  rss= 1615.5MB  (255s)
step    94000/500000  eps=0.554  episodes=  199  mean_return= 78.750  mean_loss= 0.42298  mean_foundation=  7.2/52  lifetime_outcomes={'won': 0, 'stalled': 39, 'truncated': 160, 'other': 0}  rss= 1623.6MB  (260s)
step    96000/500000  eps=0.544  episodes=  203  mean_return= 66.512  mean_loss= 0.41322  mean_foundation= 10.5/52  lifetime_outcomes={'won': 0, 'stalled': 41, 'truncated': 162, 'other': 0}  rss= 1631.6MB  (266s)
step    98000/500000  eps=0.534  episodes=  208  mean_return= 52.214  mean_loss= 0.40881  mean_foundation=  4.6/52  lifetime_outcomes={'won': 0, 'stalled': 43, 'truncated': 165, 'other': 0}  rss= 1639.7MB  (271s)
step   100000/500000  eps=0.525  episodes=  212  mean_return= 68.500  mean_loss= 0.41321  mean_foundation=  6.5/52  lifetime_outcomes={'won': 0, 'stalled': 43, 'truncated': 169, 'other': 0}  rss= 1644.6MB  (276s)
  EVAL  step   100000  win_rate=0.00%  mean_return= 29.931  mean_foundation=  4.5/52  mean_length=369.7  (greedy, 20 fixed deals)
step   102000/500000  eps=0.516  episodes=  217  mean_return= 58.562  mean_loss= 0.40245  mean_foundation=  4.4/52  lifetime_outcomes={'won': 0, 'stalled': 45, 'truncated': 172, 'other': 0}  rss= 1644.6MB  (288s)
step   104000/500000  eps=0.506  episodes=  223  mean_return= 64.653  mean_loss= 0.39637  mean_foundation= 12.3/52  lifetime_outcomes={'won': 0, 'stalled': 49, 'truncated': 174, 'other': 0}  rss= 1644.6MB  (293s)
step   106000/500000  eps=0.497  episodes=  227  mean_return= 65.000  mean_loss= 0.39782  mean_foundation=  8.8/52  lifetime_outcomes={'won': 0, 'stalled': 49, 'truncated': 178, 'other': 0}  rss= 1644.6MB  (298s)
step   108000/500000  eps=0.487  episodes=  231  mean_return= 54.000  mean_loss= 0.38506  mean_foundation=  6.5/52  lifetime_outcomes={'won': 0, 'stalled': 49, 'truncated': 182, 'other': 0}  rss= 1644.6MB  (304s)
step   110000/500000  eps=0.478  episodes=  236  mean_return= 75.629  mean_loss= 0.39081  mean_foundation= 11.0/52  lifetime_outcomes={'won': 0, 'stalled': 53, 'truncated': 183, 'other': 0}  rss= 1644.6MB  (310s)
step   112000/500000  eps=0.468  episodes=  240  mean_return= 62.000  mean_loss= 0.38593  mean_foundation=  8.8/52  lifetime_outcomes={'won': 0, 'stalled': 53, 'truncated': 187, 'other': 0}  rss= 1644.6MB  (315s)
step   114000/500000  eps=0.459  episodes=  244  mean_return= 87.250  mean_loss= 0.38325  mean_foundation=  9.0/52  lifetime_outcomes={'won': 0, 'stalled': 53, 'truncated': 191, 'other': 0}  rss= 1644.6MB  (320s)
step   116000/500000  eps=0.449  episodes=  249  mean_return= 91.568  mean_loss= 0.36976  mean_foundation= 22.8/52  lifetime_outcomes={'won': 0, 'stalled': 54, 'truncated': 195, 'other': 0}  rss= 1644.6MB  (326s)
step   118000/500000  eps=0.440  episodes=  253  mean_return= 80.500  mean_loss= 0.37554  mean_foundation=  7.8/52  lifetime_outcomes={'won': 0, 'stalled': 54, 'truncated': 199, 'other': 0}  rss= 1644.6MB  (331s)
step   120000/500000  eps=0.430  episodes=  257  mean_return= 67.000  mean_loss= 0.37119  mean_foundation=  7.8/52  lifetime_outcomes={'won': 0, 'stalled': 54, 'truncated': 203, 'other': 0}  rss= 1644.6MB  (336s)
  EVAL  step   120000  win_rate=0.00%  mean_return= 27.890  mean_foundation=  1.9/52  mean_length=409.8  (greedy, 20 fixed deals)
step   122000/500000  eps=0.420  episodes=  261  mean_return= 50.750  mean_loss= 0.37619  mean_foundation=  5.0/52  lifetime_outcomes={'won': 0, 'stalled': 54, 'truncated': 207, 'other': 0}  rss= 1644.6MB  (348s)
step   124000/500000  eps=0.411  episodes=  265  mean_return= 78.258  mean_loss= 0.36728  mean_foundation= 14.8/52  lifetime_outcomes={'won': 0, 'stalled': 55, 'truncated': 210, 'other': 0}  rss= 1644.6MB  (353s)
step   126000/500000  eps=0.402  episodes=  269  mean_return= 52.262  mean_loss= 0.35621  mean_foundation=  3.8/52  lifetime_outcomes={'won': 0, 'stalled': 56, 'truncated': 213, 'other': 0}  rss= 1644.6MB  (358s)
step   128000/500000  eps=0.392  episodes=  273  mean_return= 70.000  mean_loss= 0.34688  mean_foundation=  9.8/52  lifetime_outcomes={'won': 0, 'stalled': 56, 'truncated': 217, 'other': 0}  rss= 1644.6MB  (363s)
step   130000/500000  eps=0.383  episodes=  277  mean_return= 82.751  mean_loss= 0.34694  mean_foundation= 14.8/52  lifetime_outcomes={'won': 0, 'stalled': 57, 'truncated': 220, 'other': 0}  rss= 1644.6MB  (369s)
step   132000/500000  eps=0.373  episodes=  281  mean_return= 78.833  mean_loss= 0.34467  mean_foundation= 15.8/52  lifetime_outcomes={'won': 0, 'stalled': 59, 'truncated': 222, 'other': 0}  rss= 1644.6MB  (375s)
step   134000/500000  eps=0.364  episodes=  286  mean_return= 87.345  mean_loss= 0.34503  mean_foundation= 13.6/52  lifetime_outcomes={'won': 0, 'stalled': 61, 'truncated': 225, 'other': 0}  rss= 1644.6MB  (380s)
step   136000/500000  eps=0.354  episodes=  290  mean_return= 59.000  mean_loss= 0.33425  mean_foundation=  9.5/52  lifetime_outcomes={'won': 0, 'stalled': 61, 'truncated': 229, 'other': 0}  rss= 1644.6MB  (386s)
step   138000/500000  eps=0.345  episodes=  294  mean_return= 59.500  mean_loss= 0.33735  mean_foundation=  4.5/52  lifetime_outcomes={'won': 0, 'stalled': 61, 'truncated': 233, 'other': 0}  rss= 1644.6MB  (392s)
step   140000/500000  eps=0.335  episodes=  298  mean_return= 50.068  mean_loss= 0.33090  mean_foundation=  8.8/52  lifetime_outcomes={'won': 0, 'stalled': 62, 'truncated': 236, 'other': 0}  rss= 1644.6MB  (398s)
  EVAL  step   140000  win_rate=0.00%  mean_return= 26.872  mean_foundation=  2.0/52  mean_length=477.6  (greedy, 20 fixed deals)
step   142000/500000  eps=0.326  episodes=  303  mean_return= 71.523  mean_loss= 0.32293  mean_foundation= 13.0/52  lifetime_outcomes={'won': 0, 'stalled': 63, 'truncated': 240, 'other': 0}  rss= 1644.6MB  (411s)
step   144000/500000  eps=0.316  episodes=  307  mean_return= 59.056  mean_loss= 0.31949  mean_foundation=  6.2/52  lifetime_outcomes={'won': 0, 'stalled': 64, 'truncated': 243, 'other': 0}  rss= 1644.6MB  (416s)
step   146000/500000  eps=0.306  episodes=  313  mean_return= 74.649  mean_loss= 0.32223  mean_foundation= 10.7/52  lifetime_outcomes={'won': 0, 'stalled': 66, 'truncated': 247, 'other': 0}  rss= 1644.6MB  (422s)
step   148000/500000  eps=0.297  episodes=  317  mean_return= 62.022  mean_loss= 0.31582  mean_foundation=  8.2/52  lifetime_outcomes={'won': 0, 'stalled': 67, 'truncated': 250, 'other': 0}  rss= 1644.6MB  (427s)
step   150000/500000  eps=0.288  episodes=  321  mean_return= 62.500  mean_loss= 0.31023  mean_foundation= 11.2/52  lifetime_outcomes={'won': 0, 'stalled': 67, 'truncated': 254, 'other': 0}  rss= 1644.6MB  (433s)
step   152000/500000  eps=0.278  episodes=  326  mean_return= 89.801  mean_loss= 0.31780  mean_foundation= 17.2/52  lifetime_outcomes={'won': 0, 'stalled': 71, 'truncated': 255, 'other': 0}  rss= 1644.6MB  (439s)
step   154000/500000  eps=0.269  episodes=  331  mean_return= 40.418  mean_loss= 0.31203  mean_foundation=  6.4/52  lifetime_outcomes={'won': 0, 'stalled': 73, 'truncated': 258, 'other': 0}  rss= 1644.6MB  (445s)
step   156000/500000  eps=0.259  episodes=  336  mean_return= 79.131  mean_loss= 0.29906  mean_foundation=  9.6/52  lifetime_outcomes={'won': 0, 'stalled': 74, 'truncated': 262, 'other': 0}  rss= 1644.6MB  (451s)
step   158000/500000  eps=0.250  episodes=  340  mean_return= 52.072  mean_loss= 0.30061  mean_foundation=  8.0/52  lifetime_outcomes={'won': 0, 'stalled': 75, 'truncated': 265, 'other': 0}  rss= 1644.6MB  (456s)
step   160000/500000  eps=0.240  episodes=  345  mean_return= 84.143  mean_loss= 0.29113  mean_foundation= 13.6/52  lifetime_outcomes={'won': 0, 'stalled': 76, 'truncated': 269, 'other': 0}  rss= 1644.6MB  (462s)
  EVAL  step   160000  win_rate=0.00%  mean_return= 28.594  mean_foundation=  2.3/52  mean_length=455.8  (greedy, 20 fixed deals)
step   162000/500000  eps=0.231  episodes=  349  mean_return= 95.349  mean_loss= 0.28842  mean_foundation= 15.8/52  lifetime_outcomes={'won': 0, 'stalled': 78, 'truncated': 271, 'other': 0}  rss= 1644.6MB  (475s)
step   164000/500000  eps=0.221  episodes=  353  mean_return= 36.250  mean_loss= 0.29785  mean_foundation=  4.8/52  lifetime_outcomes={'won': 0, 'stalled': 78, 'truncated': 275, 'other': 0}  rss= 1644.6MB  (481s)
step   166000/500000  eps=0.212  episodes=  358  mean_return= 17.139  mean_loss= 0.27942  mean_foundation=  2.6/52  lifetime_outcomes={'won': 0, 'stalled': 79, 'truncated': 279, 'other': 0}  rss= 1644.6MB  (487s)
step   168000/500000  eps=0.202  episodes=  362  mean_return= 63.009  mean_loss= 0.28218  mean_foundation=  8.2/52  lifetime_outcomes={'won': 0, 'stalled': 80, 'truncated': 282, 'other': 0}  rss= 1644.6MB  (492s)
step   170000/500000  eps=0.193  episodes=  366  mean_return= 88.783  mean_loss= 0.28049  mean_foundation= 13.8/52  lifetime_outcomes={'won': 0, 'stalled': 81, 'truncated': 285, 'other': 0}  rss= 1644.6MB  (499s)
step   172000/500000  eps=0.183  episodes=  372  mean_return= 43.987  mean_loss= 0.26889  mean_foundation=  6.7/52  lifetime_outcomes={'won': 0, 'stalled': 85, 'truncated': 287, 'other': 0}  rss= 1644.6MB  (504s)
step   174000/500000  eps=0.173  episodes=  377  mean_return= 58.167  mean_loss= 0.27879  mean_foundation=  7.2/52  lifetime_outcomes={'won': 0, 'stalled': 87, 'truncated': 290, 'other': 0}  rss= 1644.6MB  (510s)
step   176000/500000  eps=0.164  episodes=  381  mean_return= 59.017  mean_loss= 0.25857  mean_foundation=  9.5/52  lifetime_outcomes={'won': 0, 'stalled': 88, 'truncated': 293, 'other': 0}  rss= 1644.6MB  (516s)
step   178000/500000  eps=0.155  episodes=  385  mean_return= 71.500  mean_loss= 0.26282  mean_foundation=  9.5/52  lifetime_outcomes={'won': 0, 'stalled': 88, 'truncated': 297, 'other': 0}  rss= 1644.6MB  (522s)
step   180000/500000  eps=0.145  episodes=  389  mean_return= 60.750  mean_loss= 0.26456  mean_foundation=  7.5/52  lifetime_outcomes={'won': 0, 'stalled': 88, 'truncated': 301, 'other': 0}  rss= 1644.6MB  (527s)
  EVAL  step   180000  win_rate=0.00%  mean_return= 22.722  mean_foundation=  1.6/52  mean_length=478.1  (greedy, 20 fixed deals)
step   182000/500000  eps=0.136  episodes=  394  mean_return= 45.210  mean_loss= 0.25746  mean_foundation=  6.0/52  lifetime_outcomes={'won': 0, 'stalled': 90, 'truncated': 304, 'other': 0}  rss= 1644.6MB  (541s)
step   184000/500000  eps=0.126  episodes=  398  mean_return= 56.523  mean_loss= 0.26550  mean_foundation=  9.8/52  lifetime_outcomes={'won': 0, 'stalled': 92, 'truncated': 306, 'other': 0}  rss= 1644.6MB  (546s)
step   186000/500000  eps=0.117  episodes=  403  mean_return= 47.169  mean_loss= 0.25731  mean_foundation=  8.2/52  lifetime_outcomes={'won': 0, 'stalled': 94, 'truncated': 309, 'other': 0}  rss= 1644.6MB  (551s)
step   188000/500000  eps=0.107  episodes=  407  mean_return= 74.586  mean_loss= 0.25197  mean_foundation=  9.2/52  lifetime_outcomes={'won': 0, 'stalled': 95, 'truncated': 312, 'other': 0}  rss= 1644.6MB  (557s)
step   190000/500000  eps=0.098  episodes=  411  mean_return= 90.750  mean_loss= 0.25234  mean_foundation= 14.8/52  lifetime_outcomes={'won': 0, 'stalled': 95, 'truncated': 316, 'other': 0}  rss= 1644.6MB  (563s)
step   192000/500000  eps=0.088  episodes=  416  mean_return= 70.921  mean_loss= 0.25091  mean_foundation=  9.8/52  lifetime_outcomes={'won': 0, 'stalled': 97, 'truncated': 319, 'other': 0}  rss= 1644.6MB  (568s)
step   194000/500000  eps=0.079  episodes=  420  mean_return= 46.250  mean_loss= 0.25127  mean_foundation=  6.8/52  lifetime_outcomes={'won': 0, 'stalled': 97, 'truncated': 323, 'other': 0}  rss= 1644.6MB  (574s)
step   196000/500000  eps=0.069  episodes=  424  mean_return= 42.292  mean_loss= 0.24526  mean_foundation=  8.8/52  lifetime_outcomes={'won': 0, 'stalled': 98, 'truncated': 326, 'other': 0}  rss= 1644.6MB  (579s)
step   198000/500000  eps=0.059  episodes=  428  mean_return= 53.760  mean_loss= 0.24451  mean_foundation=  8.5/52  lifetime_outcomes={'won': 0, 'stalled': 99, 'truncated': 329, 'other': 0}  rss= 1644.6MB  (585s)
step   200000/500000  eps=0.050  episodes=  433  mean_return= 53.999  mean_loss= 0.25014  mean_foundation=  8.2/52  lifetime_outcomes={'won': 0, 'stalled': 101, 'truncated': 332, 'other': 0}  rss= 1644.6MB  (590s)
  EVAL  step   200000  win_rate=0.00%  mean_return= 30.143  mean_foundation=  2.2/52  mean_length=457.1  (greedy, 20 fixed deals)
step   202000/500000  eps=0.050  episodes=  437  mean_return= 42.500  mean_loss= 0.24394  mean_foundation=  6.0/52  lifetime_outcomes={'won': 0, 'stalled': 101, 'truncated': 336, 'other': 0}  rss= 1644.6MB  (603s)
step   204000/500000  eps=0.050  episodes=  441  mean_return= 43.250  mean_loss= 0.23556  mean_foundation=  6.8/52  lifetime_outcomes={'won': 0, 'stalled': 101, 'truncated': 340, 'other': 0}  rss= 1644.6MB  (609s)
step   206000/500000  eps=0.050  episodes=  445  mean_return= 82.250  mean_loss= 0.23587  mean_foundation= 13.8/52  lifetime_outcomes={'won': 0, 'stalled': 101, 'truncated': 344, 'other': 0}  rss= 1644.6MB  (615s)
step   208000/500000  eps=0.050  episodes=  450  mean_return= 56.224  mean_loss= 0.22533  mean_foundation=  6.8/52  lifetime_outcomes={'won': 0, 'stalled': 103, 'truncated': 347, 'other': 0}  rss= 1644.6MB  (622s)
step   210000/500000  eps=0.050  episodes=  455  mean_return= 46.178  mean_loss= 0.23830  mean_foundation=  5.2/52  lifetime_outcomes={'won': 0, 'stalled': 104, 'truncated': 351, 'other': 0}  rss= 1644.6MB  (628s)
step   212000/500000  eps=0.050  episodes=  460  mean_return= 40.652  mean_loss= 0.23397  mean_foundation=  5.8/52  lifetime_outcomes={'won': 0, 'stalled': 106, 'truncated': 354, 'other': 0}  rss= 1644.6MB  (633s)
step   214000/500000  eps=0.050  episodes=  464  mean_return= 47.000  mean_loss= 0.23240  mean_foundation=  4.0/52  lifetime_outcomes={'won': 0, 'stalled': 106, 'truncated': 358, 'other': 0}  rss= 1644.6MB  (639s)
step   216000/500000  eps=0.050  episodes=  468  mean_return= 43.750  mean_loss= 0.22515  mean_foundation=  5.2/52  lifetime_outcomes={'won': 0, 'stalled': 106, 'truncated': 362, 'other': 0}  rss= 1644.6MB  (645s)
step   218000/500000  eps=0.050  episodes=  476  mean_return= 45.981  mean_loss= 0.22860  mean_foundation=  5.1/52  lifetime_outcomes={'won': 0, 'stalled': 111, 'truncated': 365, 'other': 0}  rss= 1644.6MB  (651s)
step   220000/500000  eps=0.050  episodes=  481  mean_return= 47.362  mean_loss= 0.22748  mean_foundation=  6.6/52  lifetime_outcomes={'won': 0, 'stalled': 113, 'truncated': 368, 'other': 0}  rss= 1644.6MB  (657s)
  EVAL  step   220000  win_rate=0.00%  mean_return= 31.150  mean_foundation=  2.9/52  mean_length=500.0  (greedy, 20 fixed deals)
step   222000/500000  eps=0.050  episodes=  486  mean_return= 56.065  mean_loss= 0.22118  mean_foundation= 11.8/52  lifetime_outcomes={'won': 0, 'stalled': 116, 'truncated': 370, 'other': 0}  rss= 1649.0MB  (670s)
step   224000/500000  eps=0.050  episodes=  490  mean_return= 27.000  mean_loss= 0.22446  mean_foundation=  3.5/52  lifetime_outcomes={'won': 0, 'stalled': 116, 'truncated': 374, 'other': 0}  rss= 1649.0MB  (676s)
step   226000/500000  eps=0.050  episodes=  495  mean_return= 61.803  mean_loss= 0.21845  mean_foundation=  5.8/52  lifetime_outcomes={'won': 0, 'stalled': 118, 'truncated': 377, 'other': 0}  rss= 1649.0MB  (682s)
step   228000/500000  eps=0.050  episodes=  500  mean_return= 52.926  mean_loss= 0.22485  mean_foundation=  5.8/52  lifetime_outcomes={'won': 0, 'stalled': 119, 'truncated': 381, 'other': 0}  rss= 1649.0MB  (688s)
step   230000/500000  eps=0.050  episodes=  505  mean_return= 51.677  mean_loss= 0.21726  mean_foundation=  8.0/52  lifetime_outcomes={'won': 0, 'stalled': 121, 'truncated': 384, 'other': 0}  rss= 1649.0MB  (694s)
step   232000/500000  eps=0.050  episodes=  510  mean_return= 36.563  mean_loss= 0.21858  mean_foundation=  4.4/52  lifetime_outcomes={'won': 0, 'stalled': 122, 'truncated': 388, 'other': 0}  rss= 1649.0MB  (700s)
step   234000/500000  eps=0.050  episodes=  516  mean_return= 39.960  mean_loss= 0.22302  mean_foundation=  4.3/52  lifetime_outcomes={'won': 0, 'stalled': 125, 'truncated': 391, 'other': 0}  rss= 1649.0MB  (706s)
step   236000/500000  eps=0.050  episodes=  520  mean_return= 23.803  mean_loss= 0.21920  mean_foundation=  3.0/52  lifetime_outcomes={'won': 0, 'stalled': 126, 'truncated': 394, 'other': 0}  rss= 1649.0MB  (712s)
step   238000/500000  eps=0.050  episodes=  526  mean_return= 54.963  mean_loss= 0.21312  mean_foundation=  6.7/52  lifetime_outcomes={'won': 0, 'stalled': 130, 'truncated': 396, 'other': 0}  rss= 1649.0MB  (718s)
step   240000/500000  eps=0.050  episodes=  530  mean_return= 51.017  mean_loss= 0.21808  mean_foundation=  7.0/52  lifetime_outcomes={'won': 0, 'stalled': 131, 'truncated': 399, 'other': 0}  rss= 1649.0MB  (724s)
  EVAL  step   240000  win_rate=0.00%  mean_return= 34.164  mean_foundation=  3.1/52  mean_length=436.6  (greedy, 20 fixed deals)
step   242000/500000  eps=0.050  episodes=  536  mean_return= 41.482  mean_loss= 0.22238  mean_foundation=  5.2/52  lifetime_outcomes={'won': 0, 'stalled': 134, 'truncated': 402, 'other': 0}  rss= 1649.0MB  (737s)
step   244000/500000  eps=0.050  episodes=  540  mean_return= 68.750  mean_loss= 0.22025  mean_foundation=  9.2/52  lifetime_outcomes={'won': 0, 'stalled': 134, 'truncated': 406, 'other': 0}  rss= 1649.0MB  (743s)
step   246000/500000  eps=0.050  episodes=  544  mean_return= 46.500  mean_loss= 0.22455  mean_foundation=  6.2/52  lifetime_outcomes={'won': 0, 'stalled': 134, 'truncated': 410, 'other': 0}  rss= 1649.0MB  (749s)
step   248000/500000  eps=0.050  episodes=  548  mean_return= 59.250  mean_loss= 0.22273  mean_foundation=  5.5/52  lifetime_outcomes={'won': 0, 'stalled': 134, 'truncated': 414, 'other': 0}  rss= 1649.0MB  (755s)
step   250000/500000  eps=0.050  episodes=  553  mean_return= 58.243  mean_loss= 0.22044  mean_foundation=  5.0/52  lifetime_outcomes={'won': 0, 'stalled': 136, 'truncated': 417, 'other': 0}  rss= 1649.0MB  (761s)
step   252000/500000  eps=0.050  episodes=  557  mean_return= 67.500  mean_loss= 0.22357  mean_foundation=  8.2/52  lifetime_outcomes={'won': 0, 'stalled': 136, 'truncated': 421, 'other': 0}  rss= 1649.0MB  (767s)
step   254000/500000  eps=0.050  episodes=  561  mean_return= 55.500  mean_loss= 0.22146  mean_foundation=  4.5/52  lifetime_outcomes={'won': 0, 'stalled': 136, 'truncated': 425, 'other': 0}  rss= 1649.0MB  (772s)
step   256000/500000  eps=0.050  episodes=  568  mean_return= 49.588  mean_loss= 0.22339  mean_foundation=  8.1/52  lifetime_outcomes={'won': 0, 'stalled': 141, 'truncated': 427, 'other': 0}  rss= 1649.0MB  (778s)
step   258000/500000  eps=0.050  episodes=  572  mean_return= 64.500  mean_loss= 0.22041  mean_foundation=  9.5/52  lifetime_outcomes={'won': 0, 'stalled': 141, 'truncated': 431, 'other': 0}  rss= 1649.0MB  (784s)
step   260000/500000  eps=0.050  episodes=  576  mean_return= 48.007  mean_loss= 0.20983  mean_foundation=  7.8/52  lifetime_outcomes={'won': 0, 'stalled': 142, 'truncated': 434, 'other': 0}  rss= 1649.0MB  (790s)
  EVAL  step   260000  win_rate=0.00%  mean_return= 32.500  mean_foundation=  2.6/52  mean_length=500.0  (greedy, 20 fixed deals)
step   262000/500000  eps=0.050  episodes=  581  mean_return= 47.147  mean_loss= 0.20037  mean_foundation=  4.8/52  lifetime_outcomes={'won': 0, 'stalled': 143, 'truncated': 438, 'other': 0}  rss= 1649.0MB  (804s)
step   264000/500000  eps=0.050  episodes=  586  mean_return= 30.035  mean_loss= 0.20372  mean_foundation=  4.4/52  lifetime_outcomes={'won': 0, 'stalled': 145, 'truncated': 441, 'other': 0}  rss= 1649.0MB  (810s)
step   266000/500000  eps=0.050  episodes=  590  mean_return= 58.255  mean_loss= 0.20666  mean_foundation= 10.0/52  lifetime_outcomes={'won': 0, 'stalled': 146, 'truncated': 444, 'other': 0}  rss= 1649.0MB  (815s)
step   268000/500000  eps=0.050  episodes=  594  mean_return= 57.750  mean_loss= 0.20396  mean_foundation=  7.5/52  lifetime_outcomes={'won': 0, 'stalled': 147, 'truncated': 447, 'other': 0}  rss= 1649.0MB  (821s)
step   270000/500000  eps=0.050  episodes=  598  mean_return= 64.750  mean_loss= 0.21046  mean_foundation=  6.8/52  lifetime_outcomes={'won': 0, 'stalled': 147, 'truncated': 451, 'other': 0}  rss= 1649.0MB  (826s)
step   272000/500000  eps=0.050  episodes=  602  mean_return= 28.750  mean_loss= 0.19795  mean_foundation=  2.5/52  lifetime_outcomes={'won': 0, 'stalled': 147, 'truncated': 455, 'other': 0}  rss= 1649.0MB  (832s)
step   274000/500000  eps=0.050  episodes=  607  mean_return= 57.564  mean_loss= 0.19991  mean_foundation=  6.8/52  lifetime_outcomes={'won': 0, 'stalled': 148, 'truncated': 459, 'other': 0}  rss= 1649.0MB  (837s)
step   276000/500000  eps=0.050  episodes=  611  mean_return= 66.250  mean_loss= 0.20250  mean_foundation=  7.8/52  lifetime_outcomes={'won': 0, 'stalled': 148, 'truncated': 463, 'other': 0}  rss= 1649.0MB  (843s)
step   278000/500000  eps=0.050  episodes=  615  mean_return= 79.539  mean_loss= 0.20228  mean_foundation= 10.5/52  lifetime_outcomes={'won': 0, 'stalled': 150, 'truncated': 465, 'other': 0}  rss= 1649.0MB  (849s)
step   280000/500000  eps=0.050  episodes=  619  mean_return= 43.767  mean_loss= 0.19286  mean_foundation=  5.0/52  lifetime_outcomes={'won': 0, 'stalled': 151, 'truncated': 468, 'other': 0}  rss= 1649.0MB  (855s)
  EVAL  step   280000  win_rate=0.00%  mean_return= 31.043  mean_foundation=  2.8/52  mean_length=457.4  (greedy, 20 fixed deals)
step   282000/500000  eps=0.050  episodes=  625  mean_return= 62.306  mean_loss= 0.20530  mean_foundation=  5.5/52  lifetime_outcomes={'won': 0, 'stalled': 153, 'truncated': 472, 'other': 0}  rss= 1649.0MB  (869s)
step   284000/500000  eps=0.050  episodes=  632  mean_return= 42.413  mean_loss= 0.20192  mean_foundation=  5.4/52  lifetime_outcomes={'won': 0, 'stalled': 158, 'truncated': 474, 'other': 0}  rss= 1649.0MB  (875s)
step   286000/500000  eps=0.050  episodes=  637  mean_return= 60.010  mean_loss= 0.19369  mean_foundation=  7.2/52  lifetime_outcomes={'won': 0, 'stalled': 160, 'truncated': 477, 'other': 0}  rss= 1649.0MB  (881s)
step   288000/500000  eps=0.050  episodes=  643  mean_return= 54.230  mean_loss= 0.20064  mean_foundation=  6.8/52  lifetime_outcomes={'won': 0, 'stalled': 164, 'truncated': 479, 'other': 0}  rss= 1649.0MB  (887s)
step   290000/500000  eps=0.050  episodes=  650  mean_return= 59.526  mean_loss= 0.19510  mean_foundation=  7.9/52  lifetime_outcomes={'won': 0, 'stalled': 167, 'truncated': 483, 'other': 0}  rss= 1649.0MB  (893s)
step   292000/500000  eps=0.050  episodes=  657  mean_return= 37.555  mean_loss= 0.19105  mean_foundation=  4.4/52  lifetime_outcomes={'won': 0, 'stalled': 171, 'truncated': 486, 'other': 0}  rss= 1653.5MB  (899s)
step   294000/500000  eps=0.050  episodes=  661  mean_return= 29.500  mean_loss= 0.18579  mean_foundation=  4.5/52  lifetime_outcomes={'won': 0, 'stalled': 171, 'truncated': 490, 'other': 0}  rss= 1653.5MB  (905s)
step   296000/500000  eps=0.050  episodes=  665  mean_return= 63.750  mean_loss= 0.19130  mean_foundation=  6.0/52  lifetime_outcomes={'won': 0, 'stalled': 171, 'truncated': 494, 'other': 0}  rss= 1653.5MB  (911s)
step   298000/500000  eps=0.050  episodes=  669  mean_return= 60.587  mean_loss= 0.18998  mean_foundation=  9.5/52  lifetime_outcomes={'won': 0, 'stalled': 172, 'truncated': 497, 'other': 0}  rss= 1653.5MB  (917s)
step   300000/500000  eps=0.050  episodes=  673  mean_return= 25.250  mean_loss= 0.17268  mean_foundation=  1.8/52  lifetime_outcomes={'won': 0, 'stalled': 172, 'truncated': 501, 'other': 0}  rss= 1653.5MB  (923s)
  EVAL  step   300000  win_rate=0.00%  mean_return= 32.364  mean_foundation=  2.8/52  mean_length=435.9  (greedy, 20 fixed deals)
step   302000/500000  eps=0.050  episodes=  679  mean_return= 46.479  mean_loss= 0.18607  mean_foundation=  7.5/52  lifetime_outcomes={'won': 0, 'stalled': 175, 'truncated': 504, 'other': 0}  rss= 1653.5MB  (936s)
step   304000/500000  eps=0.050  episodes=  683  mean_return= 62.757  mean_loss= 0.17763  mean_foundation=  8.8/52  lifetime_outcomes={'won': 0, 'stalled': 176, 'truncated': 507, 'other': 0}  rss= 1653.5MB  (942s)
step   306000/500000  eps=0.050  episodes=  687  mean_return= 63.000  mean_loss= 0.18408  mean_foundation=  5.8/52  lifetime_outcomes={'won': 0, 'stalled': 176, 'truncated': 511, 'other': 0}  rss= 1653.5MB  (948s)
step   308000/500000  eps=0.050  episodes=  692  mean_return= 35.419  mean_loss= 0.18161  mean_foundation=  4.4/52  lifetime_outcomes={'won': 0, 'stalled': 178, 'truncated': 514, 'other': 0}  rss= 1653.5MB  (954s)
step   310000/500000  eps=0.050  episodes=  698  mean_return= 63.973  mean_loss= 0.18185  mean_foundation=  9.5/52  lifetime_outcomes={'won': 0, 'stalled': 180, 'truncated': 518, 'other': 0}  rss= 1653.5MB  (960s)
step   312000/500000  eps=0.050  episodes=  702  mean_return= 65.250  mean_loss= 0.17298  mean_foundation=  6.5/52  lifetime_outcomes={'won': 0, 'stalled': 180, 'truncated': 522, 'other': 0}  rss= 1653.5MB  (966s)
step   314000/500000  eps=0.050  episodes=  706  mean_return= 59.564  mean_loss= 0.18108  mean_foundation=  6.8/52  lifetime_outcomes={'won': 0, 'stalled': 181, 'truncated': 525, 'other': 0}  rss= 1653.5MB  (972s)
step   316000/500000  eps=0.050  episodes=  712  mean_return= 25.974  mean_loss= 0.17462  mean_foundation=  2.5/52  lifetime_outcomes={'won': 0, 'stalled': 183, 'truncated': 529, 'other': 0}  rss= 1653.5MB  (977s)
step   318000/500000  eps=0.050  episodes=  717  mean_return= 37.741  mean_loss= 0.17116  mean_foundation=  4.0/52  lifetime_outcomes={'won': 0, 'stalled': 185, 'truncated': 532, 'other': 0}  rss= 1653.5MB  (984s)
step   320000/500000  eps=0.050  episodes=  721  mean_return= 60.751  mean_loss= 0.17304  mean_foundation=  4.5/52  lifetime_outcomes={'won': 0, 'stalled': 186, 'truncated': 535, 'other': 0}  rss= 1653.5MB  (990s)
  EVAL  step   320000  win_rate=0.00%  mean_return= 33.986  mean_foundation=  4.5/52  mean_length=414.5  (greedy, 20 fixed deals)
step   322000/500000  eps=0.050  episodes=  725  mean_return= 57.310  mean_loss= 0.17278  mean_foundation=  7.0/52  lifetime_outcomes={'won': 0, 'stalled': 187, 'truncated': 538, 'other': 0}  rss= 1653.5MB  (1002s)
step   324000/500000  eps=0.050  episodes=  732  mean_return= 35.830  mean_loss= 0.16125  mean_foundation=  5.1/52  lifetime_outcomes={'won': 0, 'stalled': 190, 'truncated': 542, 'other': 0}  rss= 1653.5MB  (1008s)
step   326000/500000  eps=0.050  episodes=  737  mean_return= 40.424  mean_loss= 0.17247  mean_foundation=  6.4/52  lifetime_outcomes={'won': 0, 'stalled': 192, 'truncated': 545, 'other': 0}  rss= 1653.5MB  (1014s)
step   328000/500000  eps=0.050  episodes=  742  mean_return= 32.977  mean_loss= 0.16972  mean_foundation=  3.6/52  lifetime_outcomes={'won': 0, 'stalled': 193, 'truncated': 549, 'other': 0}  rss= 1653.5MB  (1020s)
step   330000/500000  eps=0.050  episodes=  748  mean_return= 36.889  mean_loss= 0.17437  mean_foundation=  5.3/52  lifetime_outcomes={'won': 0, 'stalled': 196, 'truncated': 552, 'other': 0}  rss= 1653.5MB  (1025s)
step   332000/500000  eps=0.050  episodes=  752  mean_return= 58.000  mean_loss= 0.16890  mean_foundation=  4.5/52  lifetime_outcomes={'won': 0, 'stalled': 196, 'truncated': 556, 'other': 0}  rss= 1653.5MB  (1031s)
step   334000/500000  eps=0.050  episodes=  757  mean_return= 37.367  mean_loss= 0.16413  mean_foundation=  4.8/52  lifetime_outcomes={'won': 0, 'stalled': 197, 'truncated': 560, 'other': 0}  rss= 1653.5MB  (1037s)
step   336000/500000  eps=0.050  episodes=  762  mean_return= 55.224  mean_loss= 0.16243  mean_foundation=  6.2/52  lifetime_outcomes={'won': 0, 'stalled': 199, 'truncated': 563, 'other': 0}  rss= 1653.5MB  (1042s)
step   338000/500000  eps=0.050  episodes=  767  mean_return= 52.338  mean_loss= 0.15845  mean_foundation=  5.6/52  lifetime_outcomes={'won': 0, 'stalled': 200, 'truncated': 567, 'other': 0}  rss= 1653.5MB  (1048s)
step   340000/500000  eps=0.050  episodes=  772  mean_return= 55.604  mean_loss= 0.15917  mean_foundation= 10.4/52  lifetime_outcomes={'won': 0, 'stalled': 202, 'truncated': 570, 'other': 0}  rss= 1653.5MB  (1054s)
  EVAL  step   340000  win_rate=0.00%  mean_return= 35.894  mean_foundation=  3.4/52  mean_length=456.4  (greedy, 20 fixed deals)
step   342000/500000  eps=0.050  episodes=  777  mean_return= 48.214  mean_loss= 0.16515  mean_foundation=  9.4/52  lifetime_outcomes={'won': 0, 'stalled': 204, 'truncated': 573, 'other': 0}  rss= 1653.5MB  (1066s)
step   344000/500000  eps=0.050  episodes=  784  mean_return= 55.274  mean_loss= 0.16725  mean_foundation=  6.9/52  lifetime_outcomes={'won': 0, 'stalled': 209, 'truncated': 575, 'other': 0}  rss= 1653.5MB  (1072s)
step   346000/500000  eps=0.050  episodes=  789  mean_return= 46.241  mean_loss= 0.15972  mean_foundation=  7.0/52  lifetime_outcomes={'won': 0, 'stalled': 213, 'truncated': 576, 'other': 0}  rss= 1653.5MB  (1077s)
step   348000/500000  eps=0.050  episodes=  794  mean_return= 59.964  mean_loss= 0.16227  mean_foundation=  8.0/52  lifetime_outcomes={'won': 0, 'stalled': 214, 'truncated': 580, 'other': 0}  rss= 1653.5MB  (1083s)
step   350000/500000  eps=0.050  episodes=  798  mean_return= 45.000  mean_loss= 0.15952  mean_foundation=  6.8/52  lifetime_outcomes={'won': 0, 'stalled': 214, 'truncated': 584, 'other': 0}  rss= 1653.5MB  (1089s)
step   352000/500000  eps=0.050  episodes=  804  mean_return= 49.856  mean_loss= 0.15841  mean_foundation=  5.3/52  lifetime_outcomes={'won': 0, 'stalled': 218, 'truncated': 586, 'other': 0}  rss= 1653.5MB  (1095s)
step   354000/500000  eps=0.050  episodes=  808  mean_return= 62.000  mean_loss= 0.15564  mean_foundation=  4.0/52  lifetime_outcomes={'won': 0, 'stalled': 218, 'truncated': 590, 'other': 0}  rss= 1653.5MB  (1101s)
step   356000/500000  eps=0.050  episodes=  812  mean_return= 74.250  mean_loss= 0.16418  mean_foundation=  8.0/52  lifetime_outcomes={'won': 0, 'stalled': 218, 'truncated': 594, 'other': 0}  rss= 1653.5MB  (1108s)
step   358000/500000  eps=0.050  episodes=  817  mean_return= 52.383  mean_loss= 0.15812  mean_foundation=  7.0/52  lifetime_outcomes={'won': 0, 'stalled': 219, 'truncated': 598, 'other': 0}  rss= 1653.5MB  (1114s)
step   360000/500000  eps=0.050  episodes=  822  mean_return= 60.251  mean_loss= 0.15820  mean_foundation=  7.6/52  lifetime_outcomes={'won': 0, 'stalled': 221, 'truncated': 601, 'other': 0}  rss= 1653.5MB  (1120s)
  EVAL  step   360000  win_rate=0.00%  mean_return= 31.972  mean_foundation=  2.4/52  mean_length=478.3  (greedy, 20 fixed deals)
step   362000/500000  eps=0.050  episodes=  826  mean_return= 52.250  mean_loss= 0.15337  mean_foundation=  6.8/52  lifetime_outcomes={'won': 0, 'stalled': 221, 'truncated': 605, 'other': 0}  rss= 1653.5MB  (1133s)
step   364000/500000  eps=0.050  episodes=  831  mean_return= 27.607  mean_loss= 0.15392  mean_foundation=  2.6/52  lifetime_outcomes={'won': 0, 'stalled': 223, 'truncated': 608, 'other': 0}  rss= 1653.5MB  (1139s)
step   366000/500000  eps=0.050  episodes=  838  mean_return= 46.711  mean_loss= 0.15734  mean_foundation=  7.7/52  lifetime_outcomes={'won': 0, 'stalled': 227, 'truncated': 611, 'other': 0}  rss= 1653.5MB  (1145s)
step   368000/500000  eps=0.050  episodes=  842  mean_return= 63.750  mean_loss= 0.15383  mean_foundation=  6.2/52  lifetime_outcomes={'won': 0, 'stalled': 227, 'truncated': 615, 'other': 0}  rss= 1653.5MB  (1151s)
step   370000/500000  eps=0.050  episodes=  846  mean_return= 50.000  mean_loss= 0.14785  mean_foundation=  5.8/52  lifetime_outcomes={'won': 0, 'stalled': 227, 'truncated': 619, 'other': 0}  rss= 1653.5MB  (1157s)
step   372000/500000  eps=0.050  episodes=  852  mean_return= 37.454  mean_loss= 0.14572  mean_foundation=  4.2/52  lifetime_outcomes={'won': 0, 'stalled': 229, 'truncated': 623, 'other': 0}  rss= 1653.5MB  (1163s)
step   374000/500000  eps=0.050  episodes=  856  mean_return= 61.511  mean_loss= 0.15341  mean_foundation=  9.0/52  lifetime_outcomes={'won': 0, 'stalled': 230, 'truncated': 626, 'other': 0}  rss= 1653.5MB  (1169s)
step   376000/500000  eps=0.050  episodes=  860  mean_return= 50.000  mean_loss= 0.15119  mean_foundation=  6.5/52  lifetime_outcomes={'won': 0, 'stalled': 230, 'truncated': 630, 'other': 0}  rss= 1653.5MB  (1175s)
step   378000/500000  eps=0.050  episodes=  864  mean_return= 59.000  mean_loss= 0.13678  mean_foundation=  6.8/52  lifetime_outcomes={'won': 0, 'stalled': 230, 'truncated': 634, 'other': 0}  rss= 1653.5MB  (1181s)
step   380000/500000  eps=0.050  episodes=  869  mean_return= 57.188  mean_loss= 0.13538  mean_foundation=  7.8/52  lifetime_outcomes={'won': 0, 'stalled': 232, 'truncated': 637, 'other': 0}  rss= 1653.5MB  (1187s)
  EVAL  step   380000  win_rate=0.00%  mean_return= 36.221  mean_foundation=  3.1/52  mean_length=479.1  (greedy, 20 fixed deals)
step   382000/500000  eps=0.050  episodes=  874  mean_return= 62.847  mean_loss= 0.13946  mean_foundation=  6.0/52  lifetime_outcomes={'won': 0, 'stalled': 234, 'truncated': 640, 'other': 0}  rss= 1653.5MB  (1201s)
step   384000/500000  eps=0.050  episodes=  880  mean_return= 62.808  mean_loss= 0.14274  mean_foundation=  6.8/52  lifetime_outcomes={'won': 0, 'stalled': 236, 'truncated': 644, 'other': 0}  rss= 1653.5MB  (1207s)
step   386000/500000  eps=0.050  episodes=  884  mean_return= 43.500  mean_loss= 0.13987  mean_foundation=  5.0/52  lifetime_outcomes={'won': 0, 'stalled': 236, 'truncated': 648, 'other': 0}  rss= 1653.5MB  (1213s)
step   388000/500000  eps=0.050  episodes=  889  mean_return= 52.242  mean_loss= 0.13610  mean_foundation=  5.8/52  lifetime_outcomes={'won': 0, 'stalled': 238, 'truncated': 651, 'other': 0}  rss= 1653.5MB  (1219s)
step   390000/500000  eps=0.050  episodes=  895  mean_return= 37.638  mean_loss= 0.13415  mean_foundation=  5.2/52  lifetime_outcomes={'won': 0, 'stalled': 240, 'truncated': 655, 'other': 0}  rss= 1653.5MB  (1225s)
step   392000/500000  eps=0.050  episodes=  899  mean_return= 42.750  mean_loss= 0.13300  mean_foundation=  4.8/52  lifetime_outcomes={'won': 0, 'stalled': 240, 'truncated': 659, 'other': 0}  rss= 1653.5MB  (1231s)
step   394000/500000  eps=0.050  episodes=  905  mean_return= 37.810  mean_loss= 0.12762  mean_foundation=  5.8/52  lifetime_outcomes={'won': 0, 'stalled': 242, 'truncated': 663, 'other': 0}  rss= 1653.5MB  (1237s)
step   396000/500000  eps=0.050  episodes=  910  mean_return= 31.407  mean_loss= 0.12780  mean_foundation=  4.6/52  lifetime_outcomes={'won': 0, 'stalled': 244, 'truncated': 666, 'other': 0}  rss= 1653.5MB  (1243s)
step   398000/500000  eps=0.050  episodes=  914  mean_return= 62.289  mean_loss= 0.12981  mean_foundation=  6.8/52  lifetime_outcomes={'won': 0, 'stalled': 247, 'truncated': 667, 'other': 0}  rss= 1653.5MB  (1248s)
step   400000/500000  eps=0.050  episodes=  918  mean_return= 40.500  mean_loss= 0.12789  mean_foundation=  5.2/52  lifetime_outcomes={'won': 0, 'stalled': 247, 'truncated': 671, 'other': 0}  rss= 1653.5MB  (1254s)
  EVAL  step   400000  win_rate=0.00%  mean_return= 28.700  mean_foundation=  2.5/52  mean_length=500.0  (greedy, 20 fixed deals)
step   402000/500000  eps=0.050  episodes=  924  mean_return= 52.496  mean_loss= 0.12499  mean_foundation= 11.0/52  lifetime_outcomes={'won': 0, 'stalled': 250, 'truncated': 674, 'other': 0}  rss= 1653.5MB  (1268s)
step   404000/500000  eps=0.050  episodes=  929  mean_return= 30.376  mean_loss= 0.11826  mean_foundation=  2.8/52  lifetime_outcomes={'won': 0, 'stalled': 251, 'truncated': 678, 'other': 0}  rss= 1653.5MB  (1273s)
step   406000/500000  eps=0.050  episodes=  933  mean_return= 80.099  mean_loss= 0.11856  mean_foundation=  9.8/52  lifetime_outcomes={'won': 0, 'stalled': 252, 'truncated': 681, 'other': 0}  rss= 1653.5MB  (1279s)
step   408000/500000  eps=0.050  episodes=  939  mean_return= 54.275  mean_loss= 0.11858  mean_foundation=  8.7/52  lifetime_outcomes={'won': 0, 'stalled': 254, 'truncated': 685, 'other': 0}  rss= 1653.5MB  (1285s)
step   410000/500000  eps=0.050  episodes=  943  mean_return= 64.083  mean_loss= 0.12206  mean_foundation=  9.2/52  lifetime_outcomes={'won': 0, 'stalled': 255, 'truncated': 688, 'other': 0}  rss= 1653.5MB  (1291s)
step   412000/500000  eps=0.050  episodes=  950  mean_return= 46.373  mean_loss= 0.12701  mean_foundation=  5.1/52  lifetime_outcomes={'won': 0, 'stalled': 258, 'truncated': 692, 'other': 0}  rss= 1653.5MB  (1297s)
step   414000/500000  eps=0.050  episodes=  956  mean_return= 36.546  mean_loss= 0.11914  mean_foundation=  5.2/52  lifetime_outcomes={'won': 0, 'stalled': 263, 'truncated': 693, 'other': 0}  rss= 1653.5MB  (1302s)
step   416000/500000  eps=0.050  episodes=  960  mean_return= 35.290  mean_loss= 0.11674  mean_foundation=  5.2/52  lifetime_outcomes={'won': 0, 'stalled': 264, 'truncated': 696, 'other': 0}  rss= 1653.5MB  (1307s)
step   418000/500000  eps=0.050  episodes=  965  mean_return= 48.908  mean_loss= 0.11944  mean_foundation=  6.8/52  lifetime_outcomes={'won': 0, 'stalled': 266, 'truncated': 699, 'other': 0}  rss= 1653.5MB  (1313s)
step   420000/500000  eps=0.050  episodes=  969  mean_return= 46.112  mean_loss= 0.11709  mean_foundation=  6.0/52  lifetime_outcomes={'won': 0, 'stalled': 268, 'truncated': 701, 'other': 0}  rss= 1653.5MB  (1318s)
  EVAL  step   420000  win_rate=0.00%  mean_return= 33.344  mean_foundation=  3.2/52  mean_length=456.6  (greedy, 20 fixed deals)
step   422000/500000  eps=0.050  episodes=  974  mean_return= 66.377  mean_loss= 0.12545  mean_foundation=  6.8/52  lifetime_outcomes={'won': 0, 'stalled': 269, 'truncated': 705, 'other': 0}  rss= 1653.5MB  (1332s)
step   424000/500000  eps=0.050  episodes=  978  mean_return= 39.500  mean_loss= 0.11332  mean_foundation=  4.8/52  lifetime_outcomes={'won': 0, 'stalled': 269, 'truncated': 709, 'other': 0}  rss= 1653.5MB  (1338s)
step   426000/500000  eps=0.050  episodes=  983  mean_return= 53.387  mean_loss= 0.12008  mean_foundation=  6.0/52  lifetime_outcomes={'won': 0, 'stalled': 270, 'truncated': 713, 'other': 0}  rss= 1653.5MB  (1344s)
step   428000/500000  eps=0.050  episodes=  987  mean_return= 51.000  mean_loss= 0.11195  mean_foundation=  6.5/52  lifetime_outcomes={'won': 0, 'stalled': 270, 'truncated': 717, 'other': 0}  rss= 1653.5MB  (1350s)
step   430000/500000  eps=0.050  episodes=  992  mean_return= 42.384  mean_loss= 0.11591  mean_foundation=  5.8/52  lifetime_outcomes={'won': 0, 'stalled': 271, 'truncated': 721, 'other': 0}  rss= 1653.5MB  (1356s)
step   432000/500000  eps=0.050  episodes=  999  mean_return= 40.549  mean_loss= 0.11385  mean_foundation=  4.0/52  lifetime_outcomes={'won': 0, 'stalled': 275, 'truncated': 724, 'other': 0}  rss= 1653.6MB  (1362s)
step   434000/500000  eps=0.050  episodes= 1003  mean_return= 49.501  mean_loss= 0.11674  mean_foundation=  7.2/52  lifetime_outcomes={'won': 0, 'stalled': 276, 'truncated': 727, 'other': 0}  rss= 1653.6MB  (1367s)
step   436000/500000  eps=0.050  episodes= 1008  mean_return= 37.259  mean_loss= 0.11628  mean_foundation=  5.4/52  lifetime_outcomes={'won': 0, 'stalled': 278, 'truncated': 730, 'other': 0}  rss= 1653.6MB  (1373s)
step   438000/500000  eps=0.050  episodes= 1014  mean_return= 44.124  mean_loss= 0.11897  mean_foundation=  4.3/52  lifetime_outcomes={'won': 0, 'stalled': 281, 'truncated': 733, 'other': 0}  rss= 1653.6MB  (1379s)
step   440000/500000  eps=0.050  episodes= 1019  mean_return= 26.387  mean_loss= 0.12031  mean_foundation=  2.4/52  lifetime_outcomes={'won': 0, 'stalled': 282, 'truncated': 737, 'other': 0}  rss= 1653.6MB  (1385s)
  EVAL  step   440000  win_rate=0.00%  mean_return= 29.550  mean_foundation=  2.5/52  mean_length=500.0  (greedy, 20 fixed deals)
step   442000/500000  eps=0.050  episodes= 1023  mean_return= 71.083  mean_loss= 0.11664  mean_foundation=  6.8/52  lifetime_outcomes={'won': 0, 'stalled': 283, 'truncated': 740, 'other': 0}  rss= 1653.6MB  (1399s)
step   444000/500000  eps=0.050  episodes= 1027  mean_return= 43.000  mean_loss= 0.11343  mean_foundation=  3.8/52  lifetime_outcomes={'won': 0, 'stalled': 283, 'truncated': 744, 'other': 0}  rss= 1653.6MB  (1406s)
step   446000/500000  eps=0.050  episodes= 1031  mean_return= 66.785  mean_loss= 0.11556  mean_foundation=  6.5/52  lifetime_outcomes={'won': 0, 'stalled': 284, 'truncated': 747, 'other': 0}  rss= 1653.6MB  (1412s)
step   448000/500000  eps=0.050  episodes= 1037  mean_return= 44.446  mean_loss= 0.11361  mean_foundation=  2.8/52  lifetime_outcomes={'won': 0, 'stalled': 286, 'truncated': 751, 'other': 0}  rss= 1653.6MB  (1418s)
step   450000/500000  eps=0.050  episodes= 1042  mean_return= 42.571  mean_loss= 0.11375  mean_foundation=  7.8/52  lifetime_outcomes={'won': 0, 'stalled': 287, 'truncated': 755, 'other': 0}  rss= 1653.6MB  (1424s)
step   452000/500000  eps=0.050  episodes= 1046  mean_return= 73.805  mean_loss= 0.10957  mean_foundation= 10.0/52  lifetime_outcomes={'won': 0, 'stalled': 288, 'truncated': 758, 'other': 0}  rss= 1653.6MB  (1430s)
step   454000/500000  eps=0.050  episodes= 1051  mean_return= 53.386  mean_loss= 0.10801  mean_foundation=  6.0/52  lifetime_outcomes={'won': 0, 'stalled': 289, 'truncated': 762, 'other': 0}  rss= 1653.6MB  (1436s)
step   456000/500000  eps=0.050  episodes= 1056  mean_return= 47.987  mean_loss= 0.11244  mean_foundation=  3.8/52  lifetime_outcomes={'won': 0, 'stalled': 290, 'truncated': 766, 'other': 0}  rss= 1653.6MB  (1442s)
step   458000/500000  eps=0.050  episodes= 1060  mean_return= 64.750  mean_loss= 0.11258  mean_foundation=  7.2/52  lifetime_outcomes={'won': 0, 'stalled': 290, 'truncated': 770, 'other': 0}  rss= 1653.6MB  (1448s)
step   460000/500000  eps=0.050  episodes= 1065  mean_return= 74.638  mean_loss= 0.11101  mean_foundation= 10.4/52  lifetime_outcomes={'won': 0, 'stalled': 292, 'truncated': 773, 'other': 0}  rss= 1653.6MB  (1454s)
  EVAL  step   460000  win_rate=0.00%  mean_return= 33.844  mean_foundation=  3.4/52  mean_length=455.7  (greedy, 20 fixed deals)
step   462000/500000  eps=0.050  episodes= 1071  mean_return= 51.327  mean_loss= 0.10838  mean_foundation=  5.7/52  lifetime_outcomes={'won': 0, 'stalled': 295, 'truncated': 776, 'other': 0}  rss= 1653.6MB  (1467s)
step   464000/500000  eps=0.050  episodes= 1076  mean_return= 83.809  mean_loss= 0.11496  mean_foundation= 10.4/52  lifetime_outcomes={'won': 0, 'stalled': 297, 'truncated': 779, 'other': 0}  rss= 1653.6MB  (1473s)
step   466000/500000  eps=0.050  episodes= 1083  mean_return= 50.829  mean_loss= 0.11302  mean_foundation=  5.0/52  lifetime_outcomes={'won': 0, 'stalled': 301, 'truncated': 782, 'other': 0}  rss= 1653.6MB  (1479s)
step   468000/500000  eps=0.050  episodes= 1088  mean_return= 36.628  mean_loss= 0.11685  mean_foundation=  4.4/52  lifetime_outcomes={'won': 0, 'stalled': 303, 'truncated': 785, 'other': 0}  rss= 1653.6MB  (1485s)
step   470000/500000  eps=0.050  episodes= 1092  mean_return= 36.500  mean_loss= 0.11387  mean_foundation=  5.0/52  lifetime_outcomes={'won': 0, 'stalled': 303, 'truncated': 789, 'other': 0}  rss= 1653.6MB  (1491s)
step   472000/500000  eps=0.050  episodes= 1097  mean_return= 48.373  mean_loss= 0.11373  mean_foundation=  4.0/52  lifetime_outcomes={'won': 0, 'stalled': 304, 'truncated': 793, 'other': 0}  rss= 1653.7MB  (1497s)
step   474000/500000  eps=0.050  episodes= 1102  mean_return= 42.985  mean_loss= 0.11695  mean_foundation=  4.8/52  lifetime_outcomes={'won': 0, 'stalled': 305, 'truncated': 797, 'other': 0}  rss= 1653.7MB  (1502s)
step   476000/500000  eps=0.050  episodes= 1106  mean_return= 63.763  mean_loss= 0.11705  mean_foundation=  4.0/52  lifetime_outcomes={'won': 0, 'stalled': 307, 'truncated': 799, 'other': 0}  rss= 1653.7MB  (1508s)
step   478000/500000  eps=0.050  episodes= 1110  mean_return= 71.750  mean_loss= 0.12109  mean_foundation=  7.8/52  lifetime_outcomes={'won': 0, 'stalled': 307, 'truncated': 803, 'other': 0}  rss= 1653.7MB  (1514s)
step   480000/500000  eps=0.050  episodes= 1116  mean_return= 53.189  mean_loss= 0.11383  mean_foundation=  6.0/52  lifetime_outcomes={'won': 0, 'stalled': 310, 'truncated': 806, 'other': 0}  rss= 1653.7MB  (1520s)
  EVAL  step   480000  win_rate=0.00%  mean_return= 36.922  mean_foundation=  3.4/52  mean_length=478.6  (greedy, 20 fixed deals)
step   482000/500000  eps=0.050  episodes= 1122  mean_return= 37.977  mean_loss= 0.11208  mean_foundation=  4.0/52  lifetime_outcomes={'won': 0, 'stalled': 312, 'truncated': 810, 'other': 0}  rss= 1653.7MB  (1533s)
step   484000/500000  eps=0.050  episodes= 1126  mean_return= 50.750  mean_loss= 0.11846  mean_foundation=  3.8/52  lifetime_outcomes={'won': 0, 'stalled': 312, 'truncated': 814, 'other': 0}  rss= 1653.7MB  (1538s)
step   486000/500000  eps=0.050  episodes= 1130  mean_return= 66.329  mean_loss= 0.11413  mean_foundation=  5.5/52  lifetime_outcomes={'won': 0, 'stalled': 313, 'truncated': 817, 'other': 0}  rss= 1653.7MB  (1544s)
step   488000/500000  eps=0.050  episodes= 1136  mean_return= 30.778  mean_loss= 0.11681  mean_foundation=  3.5/52  lifetime_outcomes={'won': 0, 'stalled': 315, 'truncated': 821, 'other': 0}  rss= 1653.7MB  (1551s)
step   490000/500000  eps=0.050  episodes= 1141  mean_return= 53.443  mean_loss= 0.11559  mean_foundation=  4.0/52  lifetime_outcomes={'won': 0, 'stalled': 317, 'truncated': 824, 'other': 0}  rss= 1653.7MB  (1557s)
step   492000/500000  eps=0.050  episodes= 1149  mean_return= 35.361  mean_loss= 0.11938  mean_foundation=  4.0/52  lifetime_outcomes={'won': 0, 'stalled': 322, 'truncated': 827, 'other': 0}  rss= 1653.7MB  (1563s)
step   494000/500000  eps=0.050  episodes= 1154  mean_return= 50.409  mean_loss= 0.12443  mean_foundation=  4.2/52  lifetime_outcomes={'won': 0, 'stalled': 325, 'truncated': 829, 'other': 0}  rss= 1653.7MB  (1569s)
step   496000/500000  eps=0.050  episodes= 1159  mean_return= 38.186  mean_loss= 0.11667  mean_foundation=  1.8/52  lifetime_outcomes={'won': 0, 'stalled': 326, 'truncated': 833, 'other': 0}  rss= 1653.7MB  (1575s)
step   498000/500000  eps=0.050  episodes= 1163  mean_return= 50.250  mean_loss= 0.11315  mean_foundation=  4.5/52  lifetime_outcomes={'won': 0, 'stalled': 326, 'truncated': 837, 'other': 0}  rss= 1653.7MB  (1582s)
step   500000/500000  eps=0.050  episodes= 1167  mean_return= 60.750  mean_loss= 0.11353  mean_foundation=  6.5/52  lifetime_outcomes={'won': 0, 'stalled': 326, 'truncated': 841, 'other': 0}  rss= 1653.7MB  (1588s)
  EVAL  step   500000  win_rate=0.00%  mean_return= 30.573  mean_foundation=  2.3/52  mean_length=477.4  (greedy, 20 fixed deals)
done. saved final checkpoint to runs/004_double_dqn_soft_nstep3_per_seeded/checkpoint_final.pt
