run directory: runs/015_double_dqn_soft_nstep3_per_reward_shaping_epsfloor015
step     1000/400000  eps=0.996  episodes=    1  mean_return=1660.000  mean_loss=     nan  mean_foundation=  3.0/52  lifetime_outcomes={'won': 0, 'stalled': 0, 'truncated': 1, 'other': 0}  rss=  914.4MB  (1s)
step     2000/400000  eps=0.992  episodes=    2  mean_return=700.000  mean_loss=     nan  mean_foundation=  4.0/52  lifetime_outcomes={'won': 0, 'stalled': 0, 'truncated': 2, 'other': 0}  rss=  935.0MB  (1s)
step     3000/400000  eps=0.987  episodes=    3  mean_return=1330.000  mean_loss=     nan  mean_foundation= 10.0/52  lifetime_outcomes={'won': 0, 'stalled': 0, 'truncated': 3, 'other': 0}  rss=  947.7MB  (2s)
step     4000/400000  eps=0.983  episodes=    4  mean_return=1310.000  mean_loss=     nan  mean_foundation=  2.0/52  lifetime_outcomes={'won': 0, 'stalled': 0, 'truncated': 4, 'other': 0}  rss=  961.8MB  (3s)
step     5000/400000  eps=0.979  episodes=    5  mean_return=580.000  mean_loss= 1.93833  mean_foundation=  5.0/52  lifetime_outcomes={'won': 0, 'stalled': 0, 'truncated': 5, 'other': 0}  rss= 1268.2MB  (4s)
step     6000/400000  eps=0.975  episodes=    6  mean_return=1050.000  mean_loss= 4.75059  mean_foundation= 14.0/52  lifetime_outcomes={'won': 0, 'stalled': 0, 'truncated': 6, 'other': 0}  rss= 1281.9MB  (6s)
step     7000/400000  eps=0.970  episodes=    7  mean_return=299.160  mean_loss= 4.56834  mean_foundation=  5.0/52  lifetime_outcomes={'won': 0, 'stalled': 1, 'truncated': 6, 'other': 0}  rss= 1296.5MB  (9s)
step     8000/400000  eps=0.966  episodes=    8  mean_return=860.000  mean_loss= 4.53954  mean_foundation=  4.0/52  lifetime_outcomes={'won': 0, 'stalled': 1, 'truncated': 7, 'other': 0}  rss= 1309.8MB  (12s)
step     9000/400000  eps=0.962  episodes=    9  mean_return=1510.000  mean_loss= 4.99588  mean_foundation= 13.0/52  lifetime_outcomes={'won': 0, 'stalled': 1, 'truncated': 8, 'other': 0}  rss= 1313.8MB  (15s)
step    10000/400000  eps=0.958  episodes=   10  mean_return=1300.000  mean_loss= 5.81414  mean_foundation=  2.0/52  lifetime_outcomes={'won': 0, 'stalled': 1, 'truncated': 9, 'other': 0}  rss= 1317.9MB  (18s)
  EVAL  step    10000  win_rate=0.00%  mean_return=215.500  mean_foundation=  2.1/52  mean_length=1000.0  (greedy, 100 fixed deals)
step    11000/400000  eps=0.953  episodes=   11  mean_return=1680.000  mean_loss= 6.24766  mean_foundation=  3.0/52  lifetime_outcomes={'won': 0, 'stalled': 1, 'truncated': 10, 'other': 0}  rss= 1333.4MB  (146s)
step    12000/400000  eps=0.949  episodes=   12  mean_return=950.000  mean_loss= 6.80588  mean_foundation=  9.0/52  lifetime_outcomes={'won': 0, 'stalled': 1, 'truncated': 11, 'other': 0}  rss= 1337.4MB  (151s)
step    13000/400000  eps=0.945  episodes=   13  mean_return=1150.000  mean_loss= 6.98550  mean_foundation=  6.0/52  lifetime_outcomes={'won': 0, 'stalled': 1, 'truncated': 12, 'other': 0}  rss= 1341.4MB  (155s)
step    14000/400000  eps=0.941  episodes=   14  mean_return=570.000  mean_loss= 7.20055  mean_foundation=  9.0/52  lifetime_outcomes={'won': 0, 'stalled': 1, 'truncated': 13, 'other': 0}  rss= 1343.5MB  (159s)
step    15000/400000  eps=0.936  episodes=   15  mean_return=1390.000  mean_loss= 7.37431  mean_foundation=  7.0/52  lifetime_outcomes={'won': 0, 'stalled': 1, 'truncated': 14, 'other': 0}  rss= 1349.6MB  (164s)
step    16000/400000  eps=0.932  episodes=   16  mean_return=1720.000  mean_loss= 7.34757  mean_foundation=  2.0/52  lifetime_outcomes={'won': 0, 'stalled': 1, 'truncated': 15, 'other': 0}  rss= 1351.6MB  (168s)
step    17000/400000  eps=0.928  episodes=   17  mean_return=1190.000  mean_loss= 7.21651  mean_foundation=  6.0/52  lifetime_outcomes={'won': 0, 'stalled': 1, 'truncated': 16, 'other': 0}  rss= 1357.6MB  (172s)
step    18000/400000  eps=0.923  episodes=   18  mean_return=870.000  mean_loss= 6.85287  mean_foundation=  6.0/52  lifetime_outcomes={'won': 0, 'stalled': 1, 'truncated': 17, 'other': 0}  rss= 1361.7MB  (177s)
step    19000/400000  eps=0.919  episodes=   19  mean_return=1690.000  mean_loss= 6.20318  mean_foundation=  3.0/52  lifetime_outcomes={'won': 0, 'stalled': 1, 'truncated': 18, 'other': 0}  rss= 1363.9MB  (182s)
step    20000/400000  eps=0.915  episodes=   20  mean_return=530.000  mean_loss= 5.80636  mean_foundation=  2.0/52  lifetime_outcomes={'won': 0, 'stalled': 1, 'truncated': 19, 'other': 0}  rss= 1369.9MB  (186s)
  EVAL  step    20000  win_rate=0.00%  mean_return=242.900  mean_foundation=  1.6/52  mean_length=1000.0  (greedy, 100 fixed deals)
step    21000/400000  eps=0.911  episodes=   21  mean_return=1520.000  mean_loss= 5.82444  mean_foundation=  7.0/52  lifetime_outcomes={'won': 0, 'stalled': 1, 'truncated': 20, 'other': 0}  rss= 1372.3MB  (316s)
step    22000/400000  eps=0.906  episodes=   22  mean_return=910.000  mean_loss= 5.53141  mean_foundation=  3.0/52  lifetime_outcomes={'won': 0, 'stalled': 1, 'truncated': 21, 'other': 0}  rss= 1378.4MB  (319s)
step    23000/400000  eps=0.902  episodes=   23  mean_return=1480.000  mean_loss= 5.59366  mean_foundation=  4.0/52  lifetime_outcomes={'won': 0, 'stalled': 1, 'truncated': 22, 'other': 0}  rss= 1380.5MB  (321s)
step    24000/400000  eps=0.898  episodes=   24  mean_return=1660.000  mean_loss= 5.82810  mean_foundation= 12.0/52  lifetime_outcomes={'won': 0, 'stalled': 1, 'truncated': 23, 'other': 0}  rss= 1384.5MB  (325s)
step    25000/400000  eps=0.894  episodes=   25  mean_return=1710.000  mean_loss= 5.60875  mean_foundation= 12.0/52  lifetime_outcomes={'won': 0, 'stalled': 1, 'truncated': 24, 'other': 0}  rss= 1389.0MB  (328s)
step    26000/400000  eps=0.889  episodes=   26  mean_return=1710.000  mean_loss= 5.39362  mean_foundation=  8.0/52  lifetime_outcomes={'won': 0, 'stalled': 1, 'truncated': 25, 'other': 0}  rss= 1393.1MB  (331s)
step    27000/400000  eps=0.885  episodes=   27  mean_return=620.000  mean_loss= 5.11246  mean_foundation=  5.0/52  lifetime_outcomes={'won': 0, 'stalled': 1, 'truncated': 26, 'other': 0}  rss= 1399.1MB  (334s)
step    28000/400000  eps=0.881  episodes=   28  mean_return=1670.000  mean_loss= 5.31818  mean_foundation=  7.0/52  lifetime_outcomes={'won': 0, 'stalled': 1, 'truncated': 27, 'other': 0}  rss= 1401.1MB  (337s)
step    29000/400000  eps=0.877  episodes=   29  mean_return=1620.000  mean_loss= 5.31251  mean_foundation=  5.0/52  lifetime_outcomes={'won': 0, 'stalled': 1, 'truncated': 28, 'other': 0}  rss= 1407.1MB  (340s)
step    30000/400000  eps=0.873  episodes=   30  mean_return=1700.000  mean_loss= 5.04504  mean_foundation=  7.0/52  lifetime_outcomes={'won': 0, 'stalled': 1, 'truncated': 29, 'other': 0}  rss= 1409.1MB  (343s)
  EVAL  step    30000  win_rate=0.00%  mean_return=107.590  mean_foundation=  2.7/52  mean_length=981.0  (greedy, 100 fixed deals)
step    31000/400000  eps=0.868  episodes=   31  mean_return=580.000  mean_loss= 5.28331  mean_foundation=  2.0/52  lifetime_outcomes={'won': 0, 'stalled': 1, 'truncated': 30, 'other': 0}  rss= 1413.1MB  (441s)
step    32000/400000  eps=0.864  episodes=   32  mean_return=1250.000  mean_loss= 4.97497  mean_foundation=  8.0/52  lifetime_outcomes={'won': 0, 'stalled': 1, 'truncated': 31, 'other': 0}  rss= 1417.2MB  (444s)
step    33000/400000  eps=0.860  episodes=   33  mean_return=1580.000  mean_loss= 5.18535  mean_foundation= 17.0/52  lifetime_outcomes={'won': 0, 'stalled': 1, 'truncated': 32, 'other': 0}  rss= 1421.2MB  (447s)
step    34000/400000  eps=0.855  episodes=   34  mean_return=1150.000  mean_loss= 5.03634  mean_foundation=  8.0/52  lifetime_outcomes={'won': 0, 'stalled': 1, 'truncated': 33, 'other': 0}  rss= 1427.2MB  (450s)
step    35000/400000  eps=0.851  episodes=   35  mean_return=1040.000  mean_loss= 4.92413  mean_foundation= 13.0/52  lifetime_outcomes={'won': 0, 'stalled': 1, 'truncated': 34, 'other': 0}  rss= 1429.3MB  (454s)
step    36000/400000  eps=0.847  episodes=   36  mean_return=670.000  mean_loss= 4.90457  mean_foundation=  4.0/52  lifetime_outcomes={'won': 0, 'stalled': 1, 'truncated': 35, 'other': 0}  rss= 1433.3MB  (458s)
step    37000/400000  eps=0.843  episodes=   37  mean_return=1690.000  mean_loss= 4.97190  mean_foundation=  8.0/52  lifetime_outcomes={'won': 0, 'stalled': 1, 'truncated': 36, 'other': 0}  rss= 1437.3MB  (463s)
step    38000/400000  eps=0.839  episodes=   38  mean_return=290.000  mean_loss= 4.63656  mean_foundation=  2.0/52  lifetime_outcomes={'won': 0, 'stalled': 1, 'truncated': 37, 'other': 0}  rss= 1441.3MB  (466s)
step    39000/400000  eps=0.834  episodes=   39  mean_return=1260.000  mean_loss= 4.84953  mean_foundation=  6.0/52  lifetime_outcomes={'won': 0, 'stalled': 1, 'truncated': 38, 'other': 0}  rss= 1445.4MB  (469s)
step    40000/400000  eps=0.830  episodes=   40  mean_return=260.000  mean_loss= 4.56296  mean_foundation=  1.0/52  lifetime_outcomes={'won': 0, 'stalled': 1, 'truncated': 39, 'other': 0}  rss= 1449.4MB  (473s)
  EVAL  step    40000  win_rate=0.00%  mean_return=104.890  mean_foundation=  2.3/52  mean_length=981.0  (greedy, 100 fixed deals)
step    41000/400000  eps=0.826  episodes=   41  mean_return=1560.000  mean_loss= 4.49264  mean_foundation=  4.0/52  lifetime_outcomes={'won': 0, 'stalled': 1, 'truncated': 40, 'other': 0}  rss= 1453.4MB  (570s)
step    42000/400000  eps=0.822  episodes=   42  mean_return=1150.000  mean_loss= 4.64897  mean_foundation=  3.0/52  lifetime_outcomes={'won': 0, 'stalled': 1, 'truncated': 41, 'other': 0}  rss= 1457.4MB  (573s)
step    43000/400000  eps=0.817  episodes=   43  mean_return=1680.000  mean_loss= 4.52131  mean_foundation=  1.0/52  lifetime_outcomes={'won': 0, 'stalled': 1, 'truncated': 42, 'other': 0}  rss= 1461.5MB  (576s)
step    44000/400000  eps=0.813  episodes=   44  mean_return=580.000  mean_loss= 4.24708  mean_foundation=  6.0/52  lifetime_outcomes={'won': 0, 'stalled': 1, 'truncated': 43, 'other': 0}  rss= 1465.5MB  (579s)
step    45000/400000  eps=0.809  episodes=   45  mean_return=1670.000  mean_loss= 4.44154  mean_foundation=  2.0/52  lifetime_outcomes={'won': 0, 'stalled': 1, 'truncated': 44, 'other': 0}  rss= 1469.5MB  (582s)
step    46000/400000  eps=0.804  episodes=   46  mean_return=870.000  mean_loss= 4.44083  mean_foundation=  3.0/52  lifetime_outcomes={'won': 0, 'stalled': 1, 'truncated': 45, 'other': 0}  rss= 1471.5MB  (586s)
step    47000/400000  eps=0.800  episodes=   47  mean_return=1610.000  mean_loss= 4.26869  mean_foundation= 21.0/52  lifetime_outcomes={'won': 0, 'stalled': 1, 'truncated': 46, 'other': 0}  rss= 1477.5MB  (589s)
step    48000/400000  eps=0.796  episodes=   48  mean_return=1900.000  mean_loss= 4.45052  mean_foundation= 29.0/52  lifetime_outcomes={'won': 0, 'stalled': 1, 'truncated': 47, 'other': 0}  rss= 1479.6MB  (592s)
step    49000/400000  eps=0.792  episodes=   49  mean_return=910.000  mean_loss= 4.43232  mean_foundation=  2.0/52  lifetime_outcomes={'won': 0, 'stalled': 1, 'truncated': 48, 'other': 0}  rss= 1485.6MB  (595s)
step    50000/400000  eps=0.787  episodes=   50  mean_return=1180.000  mean_loss= 4.23918  mean_foundation=  7.0/52  lifetime_outcomes={'won': 0, 'stalled': 1, 'truncated': 49, 'other': 0}  rss= 1489.6MB  (599s)
  EVAL  step    50000  win_rate=0.00%  mean_return=186.093  mean_foundation=  2.9/52  mean_length=970.7  (greedy, 100 fixed deals)
step    51000/400000  eps=0.783  episodes=   51  mean_return=630.000  mean_loss= 4.06684  mean_foundation= 16.0/52  lifetime_outcomes={'won': 0, 'stalled': 1, 'truncated': 50, 'other': 0}  rss= 1491.6MB  (720s)
step    52000/400000  eps=0.779  episodes=   52  mean_return=230.000  mean_loss= 4.04380  mean_foundation=  4.0/52  lifetime_outcomes={'won': 0, 'stalled': 1, 'truncated': 51, 'other': 0}  rss= 1497.7MB  (725s)
step    53000/400000  eps=0.775  episodes=   53  mean_return=2040.000  mean_loss= 4.06685  mean_foundation= 38.0/52  lifetime_outcomes={'won': 0, 'stalled': 1, 'truncated': 52, 'other': 0}  rss= 1499.7MB  (731s)
step    54000/400000  eps=0.770  episodes=   54  mean_return=2010.000  mean_loss= 3.94692  mean_foundation= 39.0/52  lifetime_outcomes={'won': 0, 'stalled': 1, 'truncated': 53, 'other': 0}  rss= 1505.7MB  (736s)
step    55000/400000  eps=0.766  episodes=   55  mean_return=1700.000  mean_loss= 4.00460  mean_foundation= 17.0/52  lifetime_outcomes={'won': 0, 'stalled': 1, 'truncated': 54, 'other': 0}  rss= 1507.7MB  (741s)
step    56000/400000  eps=0.762  episodes=   56  mean_return=540.000  mean_loss= 3.97536  mean_foundation= 15.0/52  lifetime_outcomes={'won': 0, 'stalled': 1, 'truncated': 55, 'other': 0}  rss= 1513.8MB  (747s)
step    57000/400000  eps=0.758  episodes=   57  mean_return=590.000  mean_loss= 4.03295  mean_foundation=  8.0/52  lifetime_outcomes={'won': 0, 'stalled': 1, 'truncated': 56, 'other': 0}  rss= 1517.8MB  (752s)
step    58000/400000  eps=0.754  episodes=   58  mean_return=1270.000  mean_loss= 3.92903  mean_foundation=  5.0/52  lifetime_outcomes={'won': 0, 'stalled': 1, 'truncated': 57, 'other': 0}  rss= 1519.8MB  (757s)
step    59000/400000  eps=0.749  episodes=   59  mean_return=900.000  mean_loss= 3.94498  mean_foundation=  8.0/52  lifetime_outcomes={'won': 0, 'stalled': 1, 'truncated': 58, 'other': 0}  rss= 1525.8MB  (761s)
step    60000/400000  eps=0.745  episodes=   60  mean_return=920.000  mean_loss= 3.81731  mean_foundation= 11.0/52  lifetime_outcomes={'won': 0, 'stalled': 1, 'truncated': 59, 'other': 0}  rss= 1527.8MB  (767s)
  EVAL  step    60000  win_rate=0.00%  mean_return=262.900  mean_foundation=  3.5/52  mean_length=1000.0  (greedy, 100 fixed deals)
step    61000/400000  eps=0.741  episodes=   61  mean_return=1760.000  mean_loss= 3.68922  mean_foundation= 31.0/52  lifetime_outcomes={'won': 0, 'stalled': 1, 'truncated': 60, 'other': 0}  rss= 1533.9MB  (904s)
step    62000/400000  eps=0.736  episodes=   62  mean_return=450.000  mean_loss= 3.70400  mean_foundation=  6.0/52  lifetime_outcomes={'won': 0, 'stalled': 1, 'truncated': 61, 'other': 0}  rss= 1535.9MB  (910s)
step    63000/400000  eps=0.732  episodes=   63  mean_return=860.000  mean_loss= 3.72397  mean_foundation=  7.0/52  lifetime_outcomes={'won': 0, 'stalled': 1, 'truncated': 62, 'other': 0}  rss= 1539.9MB  (915s)
step    64000/400000  eps=0.728  episodes=   64  mean_return=1990.000  mean_loss= 3.85218  mean_foundation= 42.0/52  lifetime_outcomes={'won': 0, 'stalled': 1, 'truncated': 63, 'other': 0}  rss= 1543.9MB  (920s)
step    65000/400000  eps=0.724  episodes=   65  mean_return=800.000  mean_loss= 3.71682  mean_foundation=  2.0/52  lifetime_outcomes={'won': 0, 'stalled': 1, 'truncated': 64, 'other': 0}  rss= 1548.0MB  (926s)
step    66000/400000  eps=0.720  episodes=   67  mean_return=769.090  mean_loss= 3.64782  mean_foundation=  9.5/52  lifetime_outcomes={'won': 0, 'stalled': 2, 'truncated': 65, 'other': 0}  rss= 1554.0MB  (931s)
step    67000/400000  eps=0.715  episodes=   68  mean_return=390.000  mean_loss= 3.69547  mean_foundation=  4.0/52  lifetime_outcomes={'won': 0, 'stalled': 2, 'truncated': 66, 'other': 0}  rss= 1556.0MB  (934s)
step    68000/400000  eps=0.711  episodes=   69  mean_return=1280.000  mean_loss= 3.60314  mean_foundation= 10.0/52  lifetime_outcomes={'won': 0, 'stalled': 2, 'truncated': 67, 'other': 0}  rss= 1560.0MB  (938s)
step    69000/400000  eps=0.707  episodes=   70  mean_return=350.000  mean_loss= 3.51521  mean_foundation= 10.0/52  lifetime_outcomes={'won': 0, 'stalled': 2, 'truncated': 68, 'other': 0}  rss= 1564.1MB  (943s)
step    70000/400000  eps=0.703  episodes=   71  mean_return=270.000  mean_loss= 3.44178  mean_foundation=  4.0/52  lifetime_outcomes={'won': 0, 'stalled': 2, 'truncated': 69, 'other': 0}  rss= 1568.1MB  (948s)
  EVAL  step    70000  win_rate=0.00%  mean_return=304.395  mean_foundation=  4.6/52  mean_length=990.5  (greedy, 100 fixed deals)
step    71000/400000  eps=0.698  episodes=   72  mean_return=890.000  mean_loss= 3.59086  mean_foundation= 10.0/52  lifetime_outcomes={'won': 0, 'stalled': 2, 'truncated': 70, 'other': 0}  rss= 1572.1MB  (1086s)
step    72000/400000  eps=0.694  episodes=   73  mean_return=880.000  mean_loss= 3.40662  mean_foundation=  6.0/52  lifetime_outcomes={'won': 0, 'stalled': 2, 'truncated': 71, 'other': 0}  rss= 1576.1MB  (1092s)
step    73000/400000  eps=0.690  episodes=   74  mean_return=2020.000  mean_loss= 3.47201  mean_foundation= 43.0/52  lifetime_outcomes={'won': 0, 'stalled': 2, 'truncated': 72, 'other': 0}  rss= 1580.1MB  (1097s)
step    74000/400000  eps=0.685  episodes=   75  mean_return=1120.000  mean_loss= 3.35807  mean_foundation= 12.0/52  lifetime_outcomes={'won': 0, 'stalled': 2, 'truncated': 73, 'other': 0}  rss= 1584.2MB  (1102s)
step    75000/400000  eps=0.681  episodes=   76  mean_return=1160.000  mean_loss= 3.37725  mean_foundation=  6.0/52  lifetime_outcomes={'won': 0, 'stalled': 2, 'truncated': 74, 'other': 0}  rss= 1588.2MB  (1107s)
step    76000/400000  eps=0.677  episodes=   77  mean_return=1180.000  mean_loss= 3.47409  mean_foundation= 15.0/52  lifetime_outcomes={'won': 0, 'stalled': 2, 'truncated': 75, 'other': 0}  rss= 1592.2MB  (1113s)
step    77000/400000  eps=0.673  episodes=   78  mean_return=1210.000  mean_loss= 3.42607  mean_foundation= 11.0/52  lifetime_outcomes={'won': 0, 'stalled': 2, 'truncated': 76, 'other': 0}  rss= 1596.2MB  (1119s)
step    78000/400000  eps=0.668  episodes=   79  mean_return=7040.420  mean_loss= 3.49460  mean_foundation= 52.0/52  lifetime_outcomes={'won': 1, 'stalled': 2, 'truncated': 76, 'other': 0}  rss= 1598.3MB  (1125s)
step    79000/400000  eps=0.664  episodes=   80  mean_return=2040.000  mean_loss= 3.68855  mean_foundation= 48.0/52  lifetime_outcomes={'won': 1, 'stalled': 2, 'truncated': 77, 'other': 0}  rss= 1604.3MB  (1131s)
step    80000/400000  eps=0.660  episodes=   81  mean_return=530.000  mean_loss= 3.67413  mean_foundation=  3.0/52  lifetime_outcomes={'won': 1, 'stalled': 2, 'truncated': 78, 'other': 0}  rss= 1606.3MB  (1136s)
  EVAL  step    80000  win_rate=0.00%  mean_return=280.600  mean_foundation=  3.3/52  mean_length=1000.0  (greedy, 100 fixed deals)
step    81000/400000  eps=0.656  episodes=   82  mean_return=2040.000  mean_loss= 3.70897  mean_foundation= 46.0/52  lifetime_outcomes={'won': 1, 'stalled': 2, 'truncated': 79, 'other': 0}  rss= 1612.3MB  (1271s)
step    82000/400000  eps=0.651  episodes=   83  mean_return=660.000  mean_loss= 3.83685  mean_foundation=  6.0/52  lifetime_outcomes={'won': 1, 'stalled': 2, 'truncated': 80, 'other': 0}  rss= 1616.3MB  (1276s)
step    83000/400000  eps=0.647  episodes=   84  mean_return=1930.000  mean_loss= 3.60052  mean_foundation= 41.0/52  lifetime_outcomes={'won': 1, 'stalled': 2, 'truncated': 81, 'other': 0}  rss= 1620.4MB  (1281s)
step    84000/400000  eps=0.643  episodes=   86  mean_return=3726.415  mean_loss= 3.64964  mean_foundation= 28.5/52  lifetime_outcomes={'won': 2, 'stalled': 2, 'truncated': 82, 'other': 0}  rss= 1624.4MB  (1286s)
step    85000/400000  eps=0.639  episodes=   87  mean_return=7042.060  mean_loss= 4.03592  mean_foundation= 52.0/52  lifetime_outcomes={'won': 3, 'stalled': 2, 'truncated': 82, 'other': 0}  rss= 1626.4MB  (1290s)
step    86000/400000  eps=0.635  episodes=   88  mean_return=500.000  mean_loss= 4.54232  mean_foundation=  5.0/52  lifetime_outcomes={'won': 3, 'stalled': 2, 'truncated': 83, 'other': 0}  rss= 1632.4MB  (1296s)
step    87000/400000  eps=0.630  episodes=   89  mean_return=1080.000  mean_loss= 4.38803  mean_foundation= 14.0/52  lifetime_outcomes={'won': 3, 'stalled': 2, 'truncated': 84, 'other': 0}  rss= 1634.5MB  (1301s)
step    88000/400000  eps=0.626  episodes=   90  mean_return=2040.000  mean_loss= 4.34771  mean_foundation= 49.0/52  lifetime_outcomes={'won': 3, 'stalled': 2, 'truncated': 85, 'other': 0}  rss= 1640.5MB  (1305s)
step    89000/400000  eps=0.622  episodes=   92  mean_return=7044.395  mean_loss= 4.53996  mean_foundation= 52.0/52  lifetime_outcomes={'won': 5, 'stalled': 2, 'truncated': 85, 'other': 0}  rss= 1644.5MB  (1310s)
step    90000/400000  eps=0.617  episodes=   93  mean_return=1410.000  mean_loss= 4.91048  mean_foundation=  9.0/52  lifetime_outcomes={'won': 5, 'stalled': 2, 'truncated': 86, 'other': 0}  rss= 1646.5MB  (1316s)
  EVAL  step    90000  win_rate=0.00%  mean_return=263.500  mean_foundation=  2.1/52  mean_length=1000.0  (greedy, 100 fixed deals)
step    91000/400000  eps=0.613  episodes=   94  mean_return=7046.400  mean_loss= 4.89114  mean_foundation= 52.0/52  lifetime_outcomes={'won': 6, 'stalled': 2, 'truncated': 86, 'other': 0}  rss= 1652.6MB  (1445s)
step    92000/400000  eps=0.609  episodes=   96  mean_return=3772.255  mean_loss= 5.34995  mean_foundation= 31.0/52  lifetime_outcomes={'won': 7, 'stalled': 2, 'truncated': 87, 'other': 0}  rss= 1654.6MB  (1450s)
step    93000/400000  eps=0.605  episodes=   97  mean_return=500.000  mean_loss= 5.43303  mean_foundation=  5.0/52  lifetime_outcomes={'won': 7, 'stalled': 2, 'truncated': 88, 'other': 0}  rss= 1660.6MB  (1455s)
step    94000/400000  eps=0.601  episodes=   98  mean_return=370.000  mean_loss= 5.58057  mean_foundation=  5.0/52  lifetime_outcomes={'won': 7, 'stalled': 2, 'truncated': 89, 'other': 0}  rss= 1662.6MB  (1459s)
step    95000/400000  eps=0.596  episodes=   99  mean_return=1460.000  mean_loss= 5.47474  mean_foundation= 18.0/52  lifetime_outcomes={'won': 7, 'stalled': 2, 'truncated': 90, 'other': 0}  rss= 1666.6MB  (1464s)
step    96000/400000  eps=0.592  episodes=  100  mean_return=1630.000  mean_loss= 5.11402  mean_foundation= 11.0/52  lifetime_outcomes={'won': 7, 'stalled': 2, 'truncated': 91, 'other': 0}  rss= 1670.7MB  (1469s)
step    97000/400000  eps=0.588  episodes=  101  mean_return=410.000  mean_loss= 5.24941  mean_foundation=  6.0/52  lifetime_outcomes={'won': 7, 'stalled': 2, 'truncated': 92, 'other': 0}  rss= 1674.7MB  (1474s)
step    98000/400000  eps=0.584  episodes=  102  mean_return=1350.000  mean_loss= 5.12545  mean_foundation= 21.0/52  lifetime_outcomes={'won': 7, 'stalled': 2, 'truncated': 93, 'other': 0}  rss= 1678.8MB  (1478s)
step    99000/400000  eps=0.579  episodes=  103  mean_return=7041.830  mean_loss= 5.41132  mean_foundation= 52.0/52  lifetime_outcomes={'won': 8, 'stalled': 2, 'truncated': 93, 'other': 0}  rss= 1681.3MB  (1483s)
step   100000/400000  eps=0.575  episodes=  104  mean_return=1110.000  mean_loss= 5.45908  mean_foundation=  9.0/52  lifetime_outcomes={'won': 8, 'stalled': 2, 'truncated': 94, 'other': 0}  rss= 1682.9MB  (1488s)
  EVAL  step   100000  win_rate=0.00%  mean_return=301.500  mean_foundation=  2.9/52  mean_length=1000.0  (greedy, 100 fixed deals)
step   101000/400000  eps=0.571  episodes=  106  mean_return=7044.080  mean_loss= 5.63475  mean_foundation= 52.0/52  lifetime_outcomes={'won': 10, 'stalled': 2, 'truncated': 94, 'other': 0}  rss= 1682.9MB  (1618s)
step   102000/400000  eps=0.567  episodes=  108  mean_return=7045.550  mean_loss= 5.69698  mean_foundation= 52.0/52  lifetime_outcomes={'won': 12, 'stalled': 2, 'truncated': 94, 'other': 0}  rss= 1682.9MB  (1623s)
step   103000/400000  eps=0.562  episodes=  109  mean_return=1150.000  mean_loss= 6.26723  mean_foundation= 11.0/52  lifetime_outcomes={'won': 12, 'stalled': 2, 'truncated': 95, 'other': 0}  rss= 1682.9MB  (1628s)
step   104000/400000  eps=0.558  episodes=  110  mean_return=7044.360  mean_loss= 6.51154  mean_foundation= 52.0/52  lifetime_outcomes={'won': 13, 'stalled': 2, 'truncated': 95, 'other': 0}  rss= 1682.9MB  (1633s)
step   105000/400000  eps=0.554  episodes=  111  mean_return=7040.060  mean_loss= 6.73962  mean_foundation= 52.0/52  lifetime_outcomes={'won': 14, 'stalled': 2, 'truncated': 95, 'other': 0}  rss= 1682.9MB  (1638s)
step   106000/400000  eps=0.549  episodes=  112  mean_return=670.000  mean_loss= 6.92890  mean_foundation=  1.0/52  lifetime_outcomes={'won': 14, 'stalled': 2, 'truncated': 96, 'other': 0}  rss= 1682.9MB  (1643s)
step   107000/400000  eps=0.545  episodes=  113  mean_return=410.000  mean_loss= 6.65195  mean_foundation=  3.0/52  lifetime_outcomes={'won': 14, 'stalled': 2, 'truncated': 97, 'other': 0}  rss= 1682.9MB  (1648s)
step   108000/400000  eps=0.541  episodes=  114  mean_return=7040.220  mean_loss= 6.69888  mean_foundation= 52.0/52  lifetime_outcomes={'won': 15, 'stalled': 2, 'truncated': 97, 'other': 0}  rss= 1682.9MB  (1653s)
step   109000/400000  eps=0.537  episodes=  115  mean_return=1070.000  mean_loss= 6.61360  mean_foundation=  7.0/52  lifetime_outcomes={'won': 15, 'stalled': 2, 'truncated': 98, 'other': 0}  rss= 1682.9MB  (1658s)
step   110000/400000  eps=0.532  episodes=  116  mean_return=590.000  mean_loss= 6.77663  mean_foundation=  6.0/52  lifetime_outcomes={'won': 15, 'stalled': 2, 'truncated': 99, 'other': 0}  rss= 1682.9MB  (1663s)
  EVAL  step   110000  win_rate=0.00%  mean_return=288.200  mean_foundation=  2.4/52  mean_length=1000.0  (greedy, 100 fixed deals)
step   111000/400000  eps=0.528  episodes=  118  mean_return=3781.720  mean_loss= 7.11214  mean_foundation= 31.5/52  lifetime_outcomes={'won': 16, 'stalled': 2, 'truncated': 100, 'other': 0}  rss= 1682.9MB  (1795s)
step   112000/400000  eps=0.524  episodes=  119  mean_return=7044.860  mean_loss= 7.03282  mean_foundation= 52.0/52  lifetime_outcomes={'won': 17, 'stalled': 2, 'truncated': 100, 'other': 0}  rss= 1682.9MB  (1801s)
step   113000/400000  eps=0.520  episodes=  121  mean_return=3841.910  mean_loss= 7.02922  mean_foundation= 26.5/52  lifetime_outcomes={'won': 18, 'stalled': 2, 'truncated': 101, 'other': 0}  rss= 1682.9MB  (1806s)
step   114000/400000  eps=0.516  episodes=  122  mean_return=420.000  mean_loss= 7.37700  mean_foundation=  3.0/52  lifetime_outcomes={'won': 18, 'stalled': 2, 'truncated': 102, 'other': 0}  rss= 1682.9MB  (1811s)
step   115000/400000  eps=0.511  episodes=  123  mean_return=770.000  mean_loss= 7.03920  mean_foundation=  7.0/52  lifetime_outcomes={'won': 18, 'stalled': 2, 'truncated': 103, 'other': 0}  rss= 1682.9MB  (1816s)
step   116000/400000  eps=0.507  episodes=  124  mean_return=129.250  mean_loss= 6.81399  mean_foundation=  3.0/52  lifetime_outcomes={'won': 18, 'stalled': 3, 'truncated': 103, 'other': 0}  rss= 1682.9MB  (1822s)
step   117000/400000  eps=0.503  episodes=  125  mean_return=160.000  mean_loss= 6.97472  mean_foundation=  6.0/52  lifetime_outcomes={'won': 18, 'stalled': 3, 'truncated': 104, 'other': 0}  rss= 1682.9MB  (1827s)
step   118000/400000  eps=0.499  episodes=  128  mean_return=4933.677  mean_loss= 7.24762  mean_foundation= 36.0/52  lifetime_outcomes={'won': 20, 'stalled': 3, 'truncated': 105, 'other': 0}  rss= 1682.9MB  (1832s)
step   119000/400000  eps=0.494  episodes=  129  mean_return=7045.370  mean_loss= 7.80754  mean_foundation= 52.0/52  lifetime_outcomes={'won': 21, 'stalled': 3, 'truncated': 105, 'other': 0}  rss= 1682.9MB  (1837s)
step   120000/400000  eps=0.490  episodes=  130  mean_return=1200.000  mean_loss= 7.53097  mean_foundation=  8.0/52  lifetime_outcomes={'won': 21, 'stalled': 3, 'truncated': 106, 'other': 0}  rss= 1682.9MB  (1842s)
  EVAL  step   120000  win_rate=0.00%  mean_return=280.700  mean_foundation=  3.6/52  mean_length=1000.0  (greedy, 100 fixed deals)
step   121000/400000  eps=0.486  episodes=  131  mean_return=7040.990  mean_loss= 7.69509  mean_foundation= 52.0/52  lifetime_outcomes={'won': 22, 'stalled': 3, 'truncated': 106, 'other': 0}  rss= 1689.1MB  (1981s)
step   122000/400000  eps=0.482  episodes=  133  mean_return=3882.085  mean_loss= 7.87849  mean_foundation= 30.5/52  lifetime_outcomes={'won': 23, 'stalled': 3, 'truncated': 107, 'other': 0}  rss= 1689.1MB  (1987s)
step   123000/400000  eps=0.477  episodes=  134  mean_return=7045.710  mean_loss= 7.94084  mean_foundation= 52.0/52  lifetime_outcomes={'won': 24, 'stalled': 3, 'truncated': 107, 'other': 0}  rss= 1689.1MB  (1992s)
step   124000/400000  eps=0.473  episodes=  136  mean_return=749.215  mean_loss= 8.27323  mean_foundation=  7.0/52  lifetime_outcomes={'won': 24, 'stalled': 4, 'truncated': 108, 'other': 0}  rss= 1689.1MB  (1998s)
step   125000/400000  eps=0.469  episodes=  137  mean_return=190.000  mean_loss= 8.28598  mean_foundation=  4.0/52  lifetime_outcomes={'won': 24, 'stalled': 4, 'truncated': 109, 'other': 0}  rss= 1689.1MB  (2004s)
step   126000/400000  eps=0.465  episodes=  138  mean_return=1180.000  mean_loss= 7.63952  mean_foundation= 12.0/52  lifetime_outcomes={'won': 24, 'stalled': 4, 'truncated': 110, 'other': 0}  rss= 1689.1MB  (2009s)
step   127000/400000  eps=0.460  episodes=  139  mean_return=930.000  mean_loss= 7.85109  mean_foundation=  5.0/52  lifetime_outcomes={'won': 24, 'stalled': 4, 'truncated': 111, 'other': 0}  rss= 1689.1MB  (2016s)
step   128000/400000  eps=0.456  episodes=  140  mean_return=210.000  mean_loss= 7.78670  mean_foundation=  0.0/52  lifetime_outcomes={'won': 24, 'stalled': 4, 'truncated': 112, 'other': 0}  rss= 1689.1MB  (2022s)
step   129000/400000  eps=0.452  episodes=  141  mean_return=450.000  mean_loss= 7.95416  mean_foundation= 10.0/52  lifetime_outcomes={'won': 24, 'stalled': 4, 'truncated': 113, 'other': 0}  rss= 1689.1MB  (2027s)
step   130000/400000  eps=0.448  episodes=  142  mean_return=1510.000  mean_loss= 7.57658  mean_foundation= 19.0/52  lifetime_outcomes={'won': 24, 'stalled': 4, 'truncated': 114, 'other': 0}  rss= 1689.1MB  (2032s)
  EVAL  step   130000  win_rate=0.00%  mean_return=263.400  mean_foundation=  2.3/52  mean_length=1000.0  (greedy, 100 fixed deals)
step   131000/400000  eps=0.443  episodes=  144  mean_return=3987.825  mean_loss= 7.37150  mean_foundation= 32.5/52  lifetime_outcomes={'won': 25, 'stalled': 4, 'truncated': 115, 'other': 0}  rss= 1689.1MB  (2168s)
step   132000/400000  eps=0.439  episodes=  145  mean_return=7044.210  mean_loss= 7.58152  mean_foundation= 52.0/52  lifetime_outcomes={'won': 26, 'stalled': 4, 'truncated': 115, 'other': 0}  rss= 1689.1MB  (2174s)
step   133000/400000  eps=0.435  episodes=  146  mean_return=670.000  mean_loss= 7.60199  mean_foundation=  8.0/52  lifetime_outcomes={'won': 26, 'stalled': 4, 'truncated': 116, 'other': 0}  rss= 1689.1MB  (2180s)
step   134000/400000  eps=0.430  episodes=  147  mean_return=2030.000  mean_loss= 7.81349  mean_foundation= 50.0/52  lifetime_outcomes={'won': 26, 'stalled': 4, 'truncated': 117, 'other': 0}  rss= 1689.1MB  (2186s)
step   135000/400000  eps=0.426  episodes=  148  mean_return=1170.000  mean_loss= 7.82503  mean_foundation= 10.0/52  lifetime_outcomes={'won': 26, 'stalled': 4, 'truncated': 118, 'other': 0}  rss= 1689.1MB  (2193s)
step   136000/400000  eps=0.422  episodes=  149  mean_return=7002.060  mean_loss= 7.87142  mean_foundation= 52.0/52  lifetime_outcomes={'won': 27, 'stalled': 4, 'truncated': 118, 'other': 0}  rss= 1689.1MB  (2198s)
step   137000/400000  eps=0.418  episodes=  150  mean_return=980.000  mean_loss= 7.70899  mean_foundation= 15.0/52  lifetime_outcomes={'won': 27, 'stalled': 4, 'truncated': 119, 'other': 0}  rss= 1689.1MB  (2203s)
step   138000/400000  eps=0.414  episodes=  151  mean_return=270.000  mean_loss= 7.63470  mean_foundation=  1.0/52  lifetime_outcomes={'won': 27, 'stalled': 4, 'truncated': 120, 'other': 0}  rss= 1689.1MB  (2210s)
step   139000/400000  eps=0.409  episodes=  152  mean_return=490.000  mean_loss= 7.39680  mean_foundation=  5.0/52  lifetime_outcomes={'won': 27, 'stalled': 4, 'truncated': 121, 'other': 0}  rss= 1689.1MB  (2215s)
step   140000/400000  eps=0.405  episodes=  153  mean_return=7041.040  mean_loss= 7.70114  mean_foundation= 52.0/52  lifetime_outcomes={'won': 28, 'stalled': 4, 'truncated': 121, 'other': 0}  rss= 1689.1MB  (2220s)
  EVAL  step   140000  win_rate=0.00%  mean_return=273.300  mean_foundation=  3.2/52  mean_length=1000.0  (greedy, 100 fixed deals)
step   141000/400000  eps=0.401  episodes=  155  mean_return=869.770  mean_loss= 7.71954  mean_foundation= 11.0/52  lifetime_outcomes={'won': 28, 'stalled': 5, 'truncated': 122, 'other': 0}  rss= 1689.1MB  (2357s)
step   142000/400000  eps=0.397  episodes=  156  mean_return=1020.000  mean_loss= 7.96066  mean_foundation= 21.0/52  lifetime_outcomes={'won': 28, 'stalled': 5, 'truncated': 123, 'other': 0}  rss= 1689.1MB  (2363s)
step   143000/400000  eps=0.392  episodes=  158  mean_return=4187.635  mean_loss= 7.62905  mean_foundation= 34.0/52  lifetime_outcomes={'won': 29, 'stalled': 5, 'truncated': 124, 'other': 0}  rss= 1689.1MB  (2368s)
step   144000/400000  eps=0.388  episodes=  159  mean_return=7041.520  mean_loss= 7.54663  mean_foundation= 52.0/52  lifetime_outcomes={'won': 30, 'stalled': 5, 'truncated': 124, 'other': 0}  rss= 1689.1MB  (2375s)
step   145000/400000  eps=0.384  episodes=  160  mean_return=750.000  mean_loss= 7.90335  mean_foundation= 14.0/52  lifetime_outcomes={'won': 30, 'stalled': 5, 'truncated': 125, 'other': 0}  rss= 1689.1MB  (2380s)
step   146000/400000  eps=0.380  episodes=  161  mean_return=1730.000  mean_loss= 7.72339  mean_foundation= 40.0/52  lifetime_outcomes={'won': 30, 'stalled': 5, 'truncated': 126, 'other': 0}  rss= 1689.1MB  (2386s)
step   147000/400000  eps=0.375  episodes=  162  mean_return=7042.630  mean_loss= 7.90700  mean_foundation= 52.0/52  lifetime_outcomes={'won': 31, 'stalled': 5, 'truncated': 126, 'other': 0}  rss= 1689.1MB  (2392s)
step   148000/400000  eps=0.371  episodes=  163  mean_return=560.000  mean_loss= 7.66116  mean_foundation=  4.0/52  lifetime_outcomes={'won': 31, 'stalled': 5, 'truncated': 127, 'other': 0}  rss= 1689.1MB  (2397s)
step   149000/400000  eps=0.367  episodes=  164  mean_return=590.000  mean_loss= 7.55554  mean_foundation=  7.0/52  lifetime_outcomes={'won': 31, 'stalled': 5, 'truncated': 128, 'other': 0}  rss= 1689.1MB  (2403s)
step   150000/400000  eps=0.363  episodes=  166  mean_return=7042.080  mean_loss= 7.41207  mean_foundation= 52.0/52  lifetime_outcomes={'won': 33, 'stalled': 5, 'truncated': 128, 'other': 0}  rss= 1689.1MB  (2408s)
  EVAL  step   150000  win_rate=0.00%  mean_return=271.695  mean_foundation=  2.6/52  mean_length=990.5  (greedy, 100 fixed deals)
step   151000/400000  eps=0.358  episodes=  167  mean_return=620.000  mean_loss= 7.85302  mean_foundation= 10.0/52  lifetime_outcomes={'won': 33, 'stalled': 5, 'truncated': 129, 'other': 0}  rss= 1689.1MB  (2542s)
step   152000/400000  eps=0.354  episodes=  168  mean_return=1140.000  mean_loss= 7.52100  mean_foundation= 13.0/52  lifetime_outcomes={'won': 33, 'stalled': 5, 'truncated': 130, 'other': 0}  rss= 1689.1MB  (2548s)
step   153000/400000  eps=0.350  episodes=  169  mean_return=590.000  mean_loss= 7.89674  mean_foundation=  5.0/52  lifetime_outcomes={'won': 33, 'stalled': 5, 'truncated': 131, 'other': 0}  rss= 1689.1MB  (2554s)
step   154000/400000  eps=0.346  episodes=  170  mean_return=7042.470  mean_loss= 7.56253  mean_foundation= 52.0/52  lifetime_outcomes={'won': 34, 'stalled': 5, 'truncated': 131, 'other': 0}  rss= 1689.1MB  (2561s)
step   155000/400000  eps=0.341  episodes=  171  mean_return=1500.000  mean_loss= 7.99336  mean_foundation= 18.0/52  lifetime_outcomes={'won': 34, 'stalled': 5, 'truncated': 132, 'other': 0}  rss= 1689.1MB  (2566s)
step   156000/400000  eps=0.337  episodes=  172  mean_return=1360.000  mean_loss= 7.63061  mean_foundation= 14.0/52  lifetime_outcomes={'won': 34, 'stalled': 5, 'truncated': 133, 'other': 0}  rss= 1689.1MB  (2571s)
step   157000/400000  eps=0.333  episodes=  173  mean_return=1470.000  mean_loss= 7.87058  mean_foundation= 25.0/52  lifetime_outcomes={'won': 34, 'stalled': 5, 'truncated': 134, 'other': 0}  rss= 1689.1MB  (2577s)
step   158000/400000  eps=0.329  episodes=  174  mean_return=760.000  mean_loss= 7.81287  mean_foundation=  8.0/52  lifetime_outcomes={'won': 34, 'stalled': 5, 'truncated': 135, 'other': 0}  rss= 1689.1MB  (2583s)
step   159000/400000  eps=0.324  episodes=  175  mean_return=290.000  mean_loss= 7.62680  mean_foundation= 10.0/52  lifetime_outcomes={'won': 34, 'stalled': 5, 'truncated': 136, 'other': 0}  rss= 1689.1MB  (2588s)
step   160000/400000  eps=0.320  episodes=  176  mean_return=880.000  mean_loss= 7.38208  mean_foundation=  6.0/52  lifetime_outcomes={'won': 34, 'stalled': 5, 'truncated': 137, 'other': 0}  rss= 1689.1MB  (2594s)
  EVAL  step   160000  win_rate=0.00%  mean_return=257.400  mean_foundation=  1.6/52  mean_length=1000.0  (greedy, 100 fixed deals)
step   161000/400000  eps=0.316  episodes=  178  mean_return=7043.775  mean_loss= 7.39824  mean_foundation= 52.0/52  lifetime_outcomes={'won': 36, 'stalled': 5, 'truncated': 137, 'other': 0}  rss= 1689.1MB  (2707s)
step   162000/400000  eps=0.311  episodes=  179  mean_return=7041.930  mean_loss= 7.66341  mean_foundation= 52.0/52  lifetime_outcomes={'won': 37, 'stalled': 5, 'truncated': 137, 'other': 0}  rss= 1689.1MB  (2710s)
step   163000/400000  eps=0.307  episodes=  180  mean_return=490.000  mean_loss= 7.82166  mean_foundation=  3.0/52  lifetime_outcomes={'won': 37, 'stalled': 5, 'truncated': 138, 'other': 0}  rss= 1689.1MB  (2714s)
step   164000/400000  eps=0.303  episodes=  182  mean_return=629.845  mean_loss= 7.83747  mean_foundation=  7.5/52  lifetime_outcomes={'won': 37, 'stalled': 6, 'truncated': 139, 'other': 0}  rss= 1689.1MB  (2717s)
step   165000/400000  eps=0.299  episodes=  183  mean_return=7043.600  mean_loss= 7.96436  mean_foundation= 52.0/52  lifetime_outcomes={'won': 38, 'stalled': 6, 'truncated': 139, 'other': 0}  rss= 1689.1MB  (2721s)
step   166000/400000  eps=0.295  episodes=  184  mean_return=1960.000  mean_loss= 7.60052  mean_foundation= 44.0/52  lifetime_outcomes={'won': 38, 'stalled': 6, 'truncated': 140, 'other': 0}  rss= 1689.1MB  (2724s)
step   167000/400000  eps=0.290  episodes=  185  mean_return=7041.690  mean_loss= 7.67665  mean_foundation= 52.0/52  lifetime_outcomes={'won': 39, 'stalled': 6, 'truncated': 140, 'other': 0}  rss= 1689.1MB  (2727s)
step   168000/400000  eps=0.286  episodes=  186  mean_return=7040.280  mean_loss= 7.73565  mean_foundation= 52.0/52  lifetime_outcomes={'won': 40, 'stalled': 6, 'truncated': 140, 'other': 0}  rss= 1689.1MB  (2731s)
step   169000/400000  eps=0.282  episodes=  188  mean_return=4156.355  mean_loss= 7.89567  mean_foundation= 31.0/52  lifetime_outcomes={'won': 41, 'stalled': 6, 'truncated': 141, 'other': 0}  rss= 1689.1MB  (2735s)
step   170000/400000  eps=0.278  episodes=  189  mean_return=1200.000  mean_loss= 8.12342  mean_foundation=  6.0/52  lifetime_outcomes={'won': 41, 'stalled': 6, 'truncated': 142, 'other': 0}  rss= 1689.1MB  (2740s)
  EVAL  step   170000  win_rate=0.00%  mean_return=294.700  mean_foundation=  2.9/52  mean_length=1000.0  (greedy, 100 fixed deals)
step   171000/400000  eps=0.273  episodes=  190  mean_return=780.000  mean_loss= 8.23899  mean_foundation=  3.0/52  lifetime_outcomes={'won': 41, 'stalled': 6, 'truncated': 143, 'other': 0}  rss= 1689.1MB  (2834s)
step   172000/400000  eps=0.269  episodes=  191  mean_return=7043.780  mean_loss= 7.66486  mean_foundation= 52.0/52  lifetime_outcomes={'won': 42, 'stalled': 6, 'truncated': 143, 'other': 0}  rss= 1689.1MB  (2838s)
step   173000/400000  eps=0.265  episodes=  192  mean_return=7043.670  mean_loss= 7.93186  mean_foundation= 52.0/52  lifetime_outcomes={'won': 43, 'stalled': 6, 'truncated': 143, 'other': 0}  rss= 1689.1MB  (2841s)
step   174000/400000  eps=0.261  episodes=  193  mean_return=1100.000  mean_loss= 7.78692  mean_foundation= 18.0/52  lifetime_outcomes={'won': 43, 'stalled': 6, 'truncated': 144, 'other': 0}  rss= 1689.1MB  (2844s)
step   175000/400000  eps=0.256  episodes=  194  mean_return=560.000  mean_loss= 7.70793  mean_foundation=  8.0/52  lifetime_outcomes={'won': 43, 'stalled': 6, 'truncated': 145, 'other': 0}  rss= 1689.1MB  (2847s)
step   176000/400000  eps=0.252  episodes=  195  mean_return=420.000  mean_loss= 7.82413  mean_foundation=  0.0/52  lifetime_outcomes={'won': 43, 'stalled': 6, 'truncated': 146, 'other': 0}  rss= 1689.1MB  (2851s)
step   177000/400000  eps=0.248  episodes=  196  mean_return=1030.000  mean_loss= 7.86242  mean_foundation= 10.0/52  lifetime_outcomes={'won': 43, 'stalled': 6, 'truncated': 147, 'other': 0}  rss= 1689.1MB  (2855s)
step   178000/400000  eps=0.244  episodes=  197  mean_return=660.000  mean_loss= 7.39867  mean_foundation=  6.0/52  lifetime_outcomes={'won': 43, 'stalled': 6, 'truncated': 148, 'other': 0}  rss= 1689.1MB  (2860s)
step   179000/400000  eps=0.239  episodes=  199  mean_return=3786.020  mean_loss= 7.89853  mean_foundation= 28.5/52  lifetime_outcomes={'won': 44, 'stalled': 6, 'truncated': 149, 'other': 0}  rss= 1689.1MB  (2864s)
step   180000/400000  eps=0.235  episodes=  200  mean_return=1610.000  mean_loss= 7.55340  mean_foundation= 29.0/52  lifetime_outcomes={'won': 44, 'stalled': 6, 'truncated': 150, 'other': 0}  rss= 1689.1MB  (2867s)
  EVAL  step   180000  win_rate=0.00%  mean_return=253.395  mean_foundation=  2.0/52  mean_length=990.6  (greedy, 100 fixed deals)
step   181000/400000  eps=0.231  episodes=  201  mean_return=220.000  mean_loss= 7.84757  mean_foundation=  2.0/52  lifetime_outcomes={'won': 44, 'stalled': 6, 'truncated': 151, 'other': 0}  rss= 1689.1MB  (2957s)
step   182000/400000  eps=0.227  episodes=  202  mean_return=7043.640  mean_loss= 7.32690  mean_foundation= 52.0/52  lifetime_outcomes={'won': 45, 'stalled': 6, 'truncated': 151, 'other': 0}  rss= 1689.1MB  (2960s)
step   183000/400000  eps=0.222  episodes=  203  mean_return=610.000  mean_loss= 7.22878  mean_foundation=  6.0/52  lifetime_outcomes={'won': 45, 'stalled': 6, 'truncated': 152, 'other': 0}  rss= 1689.1MB  (2963s)
step   184000/400000  eps=0.218  episodes=  204  mean_return=7040.330  mean_loss= 7.48013  mean_foundation= 52.0/52  lifetime_outcomes={'won': 46, 'stalled': 6, 'truncated': 152, 'other': 0}  rss= 1689.1MB  (2967s)
step   185000/400000  eps=0.214  episodes=  205  mean_return=1180.000  mean_loss= 7.41250  mean_foundation= 20.0/52  lifetime_outcomes={'won': 46, 'stalled': 6, 'truncated': 153, 'other': 0}  rss= 1689.1MB  (2970s)
step   186000/400000  eps=0.210  episodes=  206  mean_return=940.000  mean_loss= 7.31706  mean_foundation=  6.0/52  lifetime_outcomes={'won': 46, 'stalled': 6, 'truncated': 154, 'other': 0}  rss= 1689.1MB  (2973s)
step   187000/400000  eps=0.205  episodes=  207  mean_return=740.000  mean_loss= 7.29730  mean_foundation=  8.0/52  lifetime_outcomes={'won': 46, 'stalled': 6, 'truncated': 155, 'other': 0}  rss= 1689.1MB  (2976s)
step   188000/400000  eps=0.201  episodes=  208  mean_return=7042.600  mean_loss= 7.18149  mean_foundation= 52.0/52  lifetime_outcomes={'won': 47, 'stalled': 6, 'truncated': 155, 'other': 0}  rss= 1689.1MB  (2980s)
step   189000/400000  eps=0.197  episodes=  209  mean_return=1310.000  mean_loss= 6.99986  mean_foundation= 14.0/52  lifetime_outcomes={'won': 47, 'stalled': 6, 'truncated': 156, 'other': 0}  rss= 1689.1MB  (2983s)
step   190000/400000  eps=0.193  episodes=  210  mean_return=7041.900  mean_loss= 6.87826  mean_foundation= 52.0/52  lifetime_outcomes={'won': 48, 'stalled': 6, 'truncated': 156, 'other': 0}  rss= 1689.1MB  (2986s)
  EVAL  step   190000  win_rate=0.00%  mean_return=253.570  mean_foundation=  2.4/52  mean_length=953.0  (greedy, 100 fixed deals)
step   191000/400000  eps=0.188  episodes=  211  mean_return=1110.000  mean_loss= 6.75972  mean_foundation= 15.0/52  lifetime_outcomes={'won': 48, 'stalled': 6, 'truncated': 157, 'other': 0}  rss= 1689.1MB  (3074s)
step   192000/400000  eps=0.184  episodes=  212  mean_return=460.000  mean_loss= 6.99023  mean_foundation=  6.0/52  lifetime_outcomes={'won': 48, 'stalled': 6, 'truncated': 158, 'other': 0}  rss= 1689.1MB  (3077s)
step   193000/400000  eps=0.180  episodes=  214  mean_return=4231.880  mean_loss= 6.33838  mean_foundation= 37.5/52  lifetime_outcomes={'won': 49, 'stalled': 6, 'truncated': 159, 'other': 0}  rss= 1689.1MB  (3080s)
step   194000/400000  eps=0.175  episodes=  215  mean_return=1730.000  mean_loss= 6.75028  mean_foundation= 21.0/52  lifetime_outcomes={'won': 49, 'stalled': 6, 'truncated': 160, 'other': 0}  rss= 1689.1MB  (3083s)
step   195000/400000  eps=0.171  episodes=  216  mean_return=1480.000  mean_loss= 6.78756  mean_foundation= 31.0/52  lifetime_outcomes={'won': 49, 'stalled': 6, 'truncated': 161, 'other': 0}  rss= 1689.1MB  (3087s)
step   196000/400000  eps=0.167  episodes=  217  mean_return=760.000  mean_loss= 6.45046  mean_foundation=  8.0/52  lifetime_outcomes={'won': 49, 'stalled': 6, 'truncated': 162, 'other': 0}  rss= 1689.1MB  (3090s)
step   197000/400000  eps=0.163  episodes=  218  mean_return=7042.210  mean_loss= 6.29776  mean_foundation= 52.0/52  lifetime_outcomes={'won': 50, 'stalled': 6, 'truncated': 162, 'other': 0}  rss= 1689.1MB  (3093s)
step   198000/400000  eps=0.158  episodes=  219  mean_return=600.000  mean_loss= 6.39946  mean_foundation=  6.0/52  lifetime_outcomes={'won': 50, 'stalled': 6, 'truncated': 163, 'other': 0}  rss= 1689.1MB  (3096s)
step   199000/400000  eps=0.154  episodes=  220  mean_return=580.000  mean_loss= 6.48032  mean_foundation=  2.0/52  lifetime_outcomes={'won': 50, 'stalled': 6, 'truncated': 164, 'other': 0}  rss= 1689.1MB  (3100s)
step   200000/400000  eps=0.150  episodes=  221  mean_return=570.000  mean_loss= 6.41168  mean_foundation=  2.0/52  lifetime_outcomes={'won': 50, 'stalled': 6, 'truncated': 165, 'other': 0}  rss= 1689.1MB  (3104s)
  EVAL  step   200000  win_rate=0.00%  mean_return=242.790  mean_foundation=  1.7/52  mean_length=981.1  (greedy, 100 fixed deals)
step   201000/400000  eps=0.150  episodes=  222  mean_return=7043.720  mean_loss= 6.14471  mean_foundation= 52.0/52  lifetime_outcomes={'won': 51, 'stalled': 6, 'truncated': 165, 'other': 0}  rss= 1689.1MB  (3193s)
step   202000/400000  eps=0.150  episodes=  224  mean_return=3967.405  mean_loss= 6.09818  mean_foundation= 27.5/52  lifetime_outcomes={'won': 52, 'stalled': 6, 'truncated': 166, 'other': 0}  rss= 1689.1MB  (3196s)
step   203000/400000  eps=0.150  episodes=  225  mean_return=7040.830  mean_loss= 5.97116  mean_foundation= 52.0/52  lifetime_outcomes={'won': 53, 'stalled': 6, 'truncated': 166, 'other': 0}  rss= 1689.1MB  (3200s)
step   204000/400000  eps=0.150  episodes=  226  mean_return=1440.000  mean_loss= 6.02143  mean_foundation= 22.0/52  lifetime_outcomes={'won': 53, 'stalled': 6, 'truncated': 167, 'other': 0}  rss= 1689.1MB  (3203s)
step   205000/400000  eps=0.150  episodes=  227  mean_return=920.000  mean_loss= 5.67619  mean_foundation=  5.0/52  lifetime_outcomes={'won': 53, 'stalled': 6, 'truncated': 168, 'other': 0}  rss= 1689.1MB  (3206s)
step   206000/400000  eps=0.150  episodes=  228  mean_return=170.000  mean_loss= 5.88554  mean_foundation=  3.0/52  lifetime_outcomes={'won': 53, 'stalled': 6, 'truncated': 169, 'other': 0}  rss= 1689.1MB  (3210s)
step   207000/400000  eps=0.150  episodes=  229  mean_return=1230.000  mean_loss= 5.90918  mean_foundation= 12.0/52  lifetime_outcomes={'won': 53, 'stalled': 6, 'truncated': 170, 'other': 0}  rss= 1689.1MB  (3213s)
step   208000/400000  eps=0.150  episodes=  230  mean_return=7043.010  mean_loss= 5.53422  mean_foundation= 52.0/52  lifetime_outcomes={'won': 54, 'stalled': 6, 'truncated': 170, 'other': 0}  rss= 1689.1MB  (3216s)
step   209000/400000  eps=0.150  episodes=  231  mean_return=370.000  mean_loss= 5.90321  mean_foundation=  5.0/52  lifetime_outcomes={'won': 54, 'stalled': 6, 'truncated': 171, 'other': 0}  rss= 1689.1MB  (3220s)
step   210000/400000  eps=0.150  episodes=  232  mean_return=7042.590  mean_loss= 5.71851  mean_foundation= 52.0/52  lifetime_outcomes={'won': 55, 'stalled': 6, 'truncated': 171, 'other': 0}  rss= 1689.1MB  (3223s)
  EVAL  step   210000  win_rate=0.00%  mean_return=263.695  mean_foundation=  2.3/52  mean_length=990.5  (greedy, 100 fixed deals)
step   211000/400000  eps=0.150  episodes=  234  mean_return=3565.295  mean_loss= 5.49583  mean_foundation= 28.0/52  lifetime_outcomes={'won': 56, 'stalled': 6, 'truncated': 172, 'other': 0}  rss= 1689.1MB  (3313s)
step   212000/400000  eps=0.150  episodes=  235  mean_return=400.000  mean_loss= 5.47214  mean_foundation=  6.0/52  lifetime_outcomes={'won': 56, 'stalled': 6, 'truncated': 173, 'other': 0}  rss= 1689.1MB  (3316s)
step   213000/400000  eps=0.150  episodes=  236  mean_return=1200.000  mean_loss= 5.48687  mean_foundation=  5.0/52  lifetime_outcomes={'won': 56, 'stalled': 6, 'truncated': 174, 'other': 0}  rss= 1689.1MB  (3320s)
step   214000/400000  eps=0.150  episodes=  237  mean_return=510.000  mean_loss= 5.31871  mean_foundation= 12.0/52  lifetime_outcomes={'won': 56, 'stalled': 6, 'truncated': 175, 'other': 0}  rss= 1689.1MB  (3323s)
step   215000/400000  eps=0.150  episodes=  238  mean_return=1470.000  mean_loss= 5.33618  mean_foundation= 20.0/52  lifetime_outcomes={'won': 56, 'stalled': 6, 'truncated': 176, 'other': 0}  rss= 1689.1MB  (3326s)
step   216000/400000  eps=0.150  episodes=  239  mean_return=7042.760  mean_loss= 5.20113  mean_foundation= 52.0/52  lifetime_outcomes={'won': 57, 'stalled': 6, 'truncated': 176, 'other': 0}  rss= 1689.1MB  (3330s)
step   217000/400000  eps=0.150  episodes=  240  mean_return=600.000  mean_loss= 5.39460  mean_foundation=  1.0/52  lifetime_outcomes={'won': 57, 'stalled': 6, 'truncated': 177, 'other': 0}  rss= 1689.1MB  (3333s)
step   218000/400000  eps=0.150  episodes=  241  mean_return=1280.000  mean_loss= 4.98786  mean_foundation= 12.0/52  lifetime_outcomes={'won': 57, 'stalled': 6, 'truncated': 178, 'other': 0}  rss= 1689.1MB  (3336s)
step   219000/400000  eps=0.150  episodes=  243  mean_return=369.125  mean_loss= 5.01186  mean_foundation=  4.5/52  lifetime_outcomes={'won': 57, 'stalled': 7, 'truncated': 179, 'other': 0}  rss= 1689.1MB  (3340s)
step   220000/400000  eps=0.150  episodes=  244  mean_return=1140.000  mean_loss= 5.11080  mean_foundation=  8.0/52  lifetime_outcomes={'won': 57, 'stalled': 7, 'truncated': 180, 'other': 0}  rss= 1689.1MB  (3343s)
  EVAL  step   220000  win_rate=0.00%  mean_return=259.495  mean_foundation=  2.4/52  mean_length=990.5  (greedy, 100 fixed deals)
step   221000/400000  eps=0.150  episodes=  245  mean_return=1360.000  mean_loss= 5.02690  mean_foundation= 19.0/52  lifetime_outcomes={'won': 57, 'stalled': 7, 'truncated': 181, 'other': 0}  rss= 1689.1MB  (3435s)
step   222000/400000  eps=0.150  episodes=  246  mean_return=7042.280  mean_loss= 4.69328  mean_foundation= 52.0/52  lifetime_outcomes={'won': 58, 'stalled': 7, 'truncated': 181, 'other': 0}  rss= 1689.1MB  (3438s)
step   223000/400000  eps=0.150  episodes=  247  mean_return=610.000  mean_loss= 4.49992  mean_foundation=  3.0/52  lifetime_outcomes={'won': 58, 'stalled': 7, 'truncated': 182, 'other': 0}  rss= 1689.1MB  (3441s)
step   224000/400000  eps=0.150  episodes=  248  mean_return=1030.000  mean_loss= 4.71507  mean_foundation=  9.0/52  lifetime_outcomes={'won': 58, 'stalled': 7, 'truncated': 183, 'other': 0}  rss= 1689.1MB  (3444s)
step   225000/400000  eps=0.150  episodes=  249  mean_return=1380.000  mean_loss= 4.52482  mean_foundation= 10.0/52  lifetime_outcomes={'won': 58, 'stalled': 7, 'truncated': 184, 'other': 0}  rss= 1689.1MB  (3448s)
step   226000/400000  eps=0.150  episodes=  250  mean_return=1050.000  mean_loss= 4.57909  mean_foundation= 19.0/52  lifetime_outcomes={'won': 58, 'stalled': 7, 'truncated': 185, 'other': 0}  rss= 1689.1MB  (3451s)
step   227000/400000  eps=0.150  episodes=  251  mean_return=7042.290  mean_loss= 4.66568  mean_foundation= 52.0/52  lifetime_outcomes={'won': 59, 'stalled': 7, 'truncated': 185, 'other': 0}  rss= 1689.1MB  (3454s)
step   228000/400000  eps=0.150  episodes=  252  mean_return=7001.640  mean_loss= 4.50978  mean_foundation= 52.0/52  lifetime_outcomes={'won': 60, 'stalled': 7, 'truncated': 185, 'other': 0}  rss= 1689.1MB  (3458s)
step   229000/400000  eps=0.150  episodes=  253  mean_return=960.000  mean_loss= 4.46046  mean_foundation= 10.0/52  lifetime_outcomes={'won': 60, 'stalled': 7, 'truncated': 186, 'other': 0}  rss= 1689.1MB  (3461s)
step   230000/400000  eps=0.150  episodes=  254  mean_return=1370.000  mean_loss= 4.24935  mean_foundation= 10.0/52  lifetime_outcomes={'won': 60, 'stalled': 7, 'truncated': 187, 'other': 0}  rss= 1689.1MB  (3465s)
  EVAL  step   230000  win_rate=0.00%  mean_return=261.195  mean_foundation=  1.7/52  mean_length=990.5  (greedy, 100 fixed deals)
step   231000/400000  eps=0.150  episodes=  255  mean_return=7040.470  mean_loss= 4.42490  mean_foundation= 52.0/52  lifetime_outcomes={'won': 61, 'stalled': 7, 'truncated': 187, 'other': 0}  rss= 1689.1MB  (3556s)
step   232000/400000  eps=0.150  episodes=  256  mean_return=550.000  mean_loss= 4.36658  mean_foundation=  5.0/52  lifetime_outcomes={'won': 61, 'stalled': 7, 'truncated': 188, 'other': 0}  rss= 1689.1MB  (3559s)
step   233000/400000  eps=0.150  episodes=  257  mean_return=590.000  mean_loss= 4.37845  mean_foundation= 12.0/52  lifetime_outcomes={'won': 61, 'stalled': 7, 'truncated': 189, 'other': 0}  rss= 1689.1MB  (3563s)
step   234000/400000  eps=0.150  episodes=  258  mean_return=880.000  mean_loss= 4.40627  mean_foundation=  7.0/52  lifetime_outcomes={'won': 61, 'stalled': 7, 'truncated': 190, 'other': 0}  rss= 1689.1MB  (3566s)
step   235000/400000  eps=0.150  episodes=  260  mean_return=809.520  mean_loss= 4.45267  mean_foundation=  9.5/52  lifetime_outcomes={'won': 61, 'stalled': 8, 'truncated': 191, 'other': 0}  rss= 1689.1MB  (3569s)
step   236000/400000  eps=0.150  episodes=  261  mean_return=670.000  mean_loss= 4.05879  mean_foundation=  6.0/52  lifetime_outcomes={'won': 61, 'stalled': 8, 'truncated': 192, 'other': 0}  rss= 1689.1MB  (3572s)
step   237000/400000  eps=0.150  episodes=  262  mean_return=1880.000  mean_loss= 4.28576  mean_foundation= 36.0/52  lifetime_outcomes={'won': 61, 'stalled': 8, 'truncated': 193, 'other': 0}  rss= 1689.1MB  (3576s)
step   238000/400000  eps=0.150  episodes=  263  mean_return=720.000  mean_loss= 4.17847  mean_foundation= 12.0/52  lifetime_outcomes={'won': 61, 'stalled': 8, 'truncated': 194, 'other': 0}  rss= 1689.1MB  (3579s)
step   239000/400000  eps=0.150  episodes=  265  mean_return=7001.775  mean_loss= 4.21529  mean_foundation= 52.0/52  lifetime_outcomes={'won': 63, 'stalled': 8, 'truncated': 194, 'other': 0}  rss= 1689.1MB  (3582s)
step   240000/400000  eps=0.150  episodes=  266  mean_return=7040.760  mean_loss= 3.92117  mean_foundation= 52.0/52  lifetime_outcomes={'won': 64, 'stalled': 8, 'truncated': 194, 'other': 0}  rss= 1689.1MB  (3586s)
  EVAL  step   240000  win_rate=0.00%  mean_return=254.795  mean_foundation=  2.2/52  mean_length=990.5  (greedy, 100 fixed deals)
step   241000/400000  eps=0.150  episodes=  267  mean_return=280.000  mean_loss= 4.31376  mean_foundation=  0.0/52  lifetime_outcomes={'won': 64, 'stalled': 8, 'truncated': 195, 'other': 0}  rss= 1689.1MB  (3674s)
step   242000/400000  eps=0.150  episodes=  268  mean_return=7044.950  mean_loss= 4.17000  mean_foundation= 52.0/52  lifetime_outcomes={'won': 65, 'stalled': 8, 'truncated': 195, 'other': 0}  rss= 1689.1MB  (3677s)
step   243000/400000  eps=0.150  episodes=  269  mean_return=1330.000  mean_loss= 4.04993  mean_foundation= 13.0/52  lifetime_outcomes={'won': 65, 'stalled': 8, 'truncated': 196, 'other': 0}  rss= 1689.1MB  (3680s)
step   244000/400000  eps=0.150  episodes=  270  mean_return=700.000  mean_loss= 4.05019  mean_foundation=  6.0/52  lifetime_outcomes={'won': 65, 'stalled': 8, 'truncated': 197, 'other': 0}  rss= 1689.1MB  (3683s)
step   245000/400000  eps=0.150  episodes=  271  mean_return=1300.000  mean_loss= 3.97209  mean_foundation= 21.0/52  lifetime_outcomes={'won': 65, 'stalled': 8, 'truncated': 198, 'other': 0}  rss= 1689.1MB  (3687s)
step   246000/400000  eps=0.150  episodes=  273  mean_return=3742.965  mean_loss= 3.93431  mean_foundation= 27.5/52  lifetime_outcomes={'won': 66, 'stalled': 8, 'truncated': 199, 'other': 0}  rss= 1689.1MB  (3690s)
step   247000/400000  eps=0.150  episodes=  274  mean_return=500.000  mean_loss= 3.94745  mean_foundation=  3.0/52  lifetime_outcomes={'won': 66, 'stalled': 8, 'truncated': 200, 'other': 0}  rss= 1689.1MB  (3693s)
step   248000/400000  eps=0.150  episodes=  276  mean_return=769.135  mean_loss= 3.66864  mean_foundation=  6.0/52  lifetime_outcomes={'won': 66, 'stalled': 9, 'truncated': 201, 'other': 0}  rss= 1689.1MB  (3697s)
step   249000/400000  eps=0.150  episodes=  277  mean_return=1160.000  mean_loss= 3.65983  mean_foundation= 18.0/52  lifetime_outcomes={'won': 66, 'stalled': 9, 'truncated': 202, 'other': 0}  rss= 1689.1MB  (3700s)
step   250000/400000  eps=0.150  episodes=  278  mean_return=1390.000  mean_loss= 3.53687  mean_foundation= 11.0/52  lifetime_outcomes={'won': 66, 'stalled': 9, 'truncated': 203, 'other': 0}  rss= 1689.1MB  (3704s)
  EVAL  step   250000  win_rate=0.00%  mean_return=247.700  mean_foundation=  2.2/52  mean_length=1000.0  (greedy, 100 fixed deals)
step   251000/400000  eps=0.150  episodes=  279  mean_return=1400.000  mean_loss= 3.60937  mean_foundation= 10.0/52  lifetime_outcomes={'won': 66, 'stalled': 9, 'truncated': 204, 'other': 0}  rss= 1689.1MB  (3795s)
step   252000/400000  eps=0.150  episodes=  280  mean_return=1460.000  mean_loss= 3.53916  mean_foundation= 22.0/52  lifetime_outcomes={'won': 66, 'stalled': 9, 'truncated': 205, 'other': 0}  rss= 1689.1MB  (3798s)
step   253000/400000  eps=0.150  episodes=  281  mean_return=1270.000  mean_loss= 3.67685  mean_foundation= 10.0/52  lifetime_outcomes={'won': 66, 'stalled': 9, 'truncated': 206, 'other': 0}  rss= 1689.1MB  (3801s)
step   254000/400000  eps=0.150  episodes=  282  mean_return=900.000  mean_loss= 3.55945  mean_foundation=  2.0/52  lifetime_outcomes={'won': 66, 'stalled': 9, 'truncated': 207, 'other': 0}  rss= 1689.1MB  (3804s)
step   255000/400000  eps=0.150  episodes=  283  mean_return=7042.680  mean_loss= 3.42255  mean_foundation= 52.0/52  lifetime_outcomes={'won': 67, 'stalled': 9, 'truncated': 207, 'other': 0}  rss= 1689.1MB  (3808s)
step   256000/400000  eps=0.150  episodes=  284  mean_return=890.000  mean_loss= 3.32476  mean_foundation= 13.0/52  lifetime_outcomes={'won': 67, 'stalled': 9, 'truncated': 208, 'other': 0}  rss= 1689.1MB  (3811s)
step   257000/400000  eps=0.150  episodes=  285  mean_return=430.000  mean_loss= 3.22008  mean_foundation=  2.0/52  lifetime_outcomes={'won': 67, 'stalled': 9, 'truncated': 209, 'other': 0}  rss= 1689.1MB  (3814s)
step   258000/400000  eps=0.150  episodes=  286  mean_return=640.000  mean_loss= 3.42176  mean_foundation=  2.0/52  lifetime_outcomes={'won': 67, 'stalled': 9, 'truncated': 210, 'other': 0}  rss= 1689.1MB  (3817s)
step   259000/400000  eps=0.150  episodes=  287  mean_return=880.000  mean_loss= 3.27730  mean_foundation= 12.0/52  lifetime_outcomes={'won': 67, 'stalled': 9, 'truncated': 211, 'other': 0}  rss= 1689.1MB  (3821s)
step   260000/400000  eps=0.150  episodes=  288  mean_return=1470.000  mean_loss= 3.38239  mean_foundation= 15.0/52  lifetime_outcomes={'won': 67, 'stalled': 9, 'truncated': 212, 'other': 0}  rss= 1689.1MB  (3824s)
  EVAL  step   260000  win_rate=0.00%  mean_return=268.886  mean_foundation=  2.8/52  mean_length=971.5  (greedy, 100 fixed deals)
step   261000/400000  eps=0.150  episodes=  289  mean_return=7045.910  mean_loss= 3.28851  mean_foundation= 52.0/52  lifetime_outcomes={'won': 68, 'stalled': 9, 'truncated': 212, 'other': 0}  rss= 1689.1MB  (3914s)
step   262000/400000  eps=0.150  episodes=  290  mean_return=960.000  mean_loss= 3.32262  mean_foundation= 17.0/52  lifetime_outcomes={'won': 68, 'stalled': 9, 'truncated': 213, 'other': 0}  rss= 1689.1MB  (3917s)
step   263000/400000  eps=0.150  episodes=  291  mean_return=1230.000  mean_loss= 3.02392  mean_foundation=  7.0/52  lifetime_outcomes={'won': 68, 'stalled': 9, 'truncated': 214, 'other': 0}  rss= 1689.1MB  (3920s)
step   264000/400000  eps=0.150  episodes=  292  mean_return=630.000  mean_loss= 3.18223  mean_foundation= 18.0/52  lifetime_outcomes={'won': 68, 'stalled': 9, 'truncated': 215, 'other': 0}  rss= 1689.1MB  (3924s)
step   265000/400000  eps=0.150  episodes=  294  mean_return=4242.800  mean_loss= 3.14712  mean_foundation= 32.0/52  lifetime_outcomes={'won': 69, 'stalled': 9, 'truncated': 216, 'other': 0}  rss= 1689.1MB  (3927s)
step   266000/400000  eps=0.150  episodes=  295  mean_return=440.000  mean_loss= 3.05904  mean_foundation=  4.0/52  lifetime_outcomes={'won': 69, 'stalled': 9, 'truncated': 217, 'other': 0}  rss= 1689.1MB  (3930s)
step   267000/400000  eps=0.150  episodes=  296  mean_return=430.000  mean_loss= 2.97033  mean_foundation=  2.0/52  lifetime_outcomes={'won': 69, 'stalled': 9, 'truncated': 218, 'other': 0}  rss= 1689.1MB  (3934s)
step   268000/400000  eps=0.150  episodes=  297  mean_return=340.000  mean_loss= 3.09015  mean_foundation=  3.0/52  lifetime_outcomes={'won': 69, 'stalled': 9, 'truncated': 219, 'other': 0}  rss= 1689.1MB  (3937s)
step   269000/400000  eps=0.150  episodes=  298  mean_return=130.000  mean_loss= 3.05635  mean_foundation=  3.0/52  lifetime_outcomes={'won': 69, 'stalled': 9, 'truncated': 220, 'other': 0}  rss= 1689.1MB  (3941s)
step   270000/400000  eps=0.150  episodes=  300  mean_return=754.580  mean_loss= 2.74333  mean_foundation=  9.5/52  lifetime_outcomes={'won': 69, 'stalled': 10, 'truncated': 221, 'other': 0}  rss= 1689.1MB  (3944s)
  EVAL  step   270000  win_rate=0.00%  mean_return=248.900  mean_foundation=  2.0/52  mean_length=1000.0  (greedy, 100 fixed deals)
step   271000/400000  eps=0.150  episodes=  301  mean_return=1490.000  mean_loss= 2.85400  mean_foundation= 20.0/52  lifetime_outcomes={'won': 69, 'stalled': 10, 'truncated': 222, 'other': 0}  rss= 1689.1MB  (4035s)
step   272000/400000  eps=0.150  episodes=  302  mean_return=6963.040  mean_loss= 2.87928  mean_foundation= 52.0/52  lifetime_outcomes={'won': 70, 'stalled': 10, 'truncated': 222, 'other': 0}  rss= 1689.1MB  (4038s)
step   273000/400000  eps=0.150  episodes=  303  mean_return=1450.000  mean_loss= 2.79611  mean_foundation= 15.0/52  lifetime_outcomes={'won': 70, 'stalled': 10, 'truncated': 223, 'other': 0}  rss= 1689.1MB  (4042s)
step   274000/400000  eps=0.150  episodes=  304  mean_return=1240.000  mean_loss= 2.73874  mean_foundation= 12.0/52  lifetime_outcomes={'won': 70, 'stalled': 10, 'truncated': 224, 'other': 0}  rss= 1689.1MB  (4045s)
step   275000/400000  eps=0.150  episodes=  305  mean_return=740.000  mean_loss= 2.74638  mean_foundation=  4.0/52  lifetime_outcomes={'won': 70, 'stalled': 10, 'truncated': 225, 'other': 0}  rss= 1689.1MB  (4048s)
step   276000/400000  eps=0.150  episodes=  306  mean_return=7040.620  mean_loss= 2.83073  mean_foundation= 52.0/52  lifetime_outcomes={'won': 71, 'stalled': 10, 'truncated': 225, 'other': 0}  rss= 1689.1MB  (4051s)
step   277000/400000  eps=0.150  episodes=  307  mean_return=890.000  mean_loss= 2.73909  mean_foundation= 11.0/52  lifetime_outcomes={'won': 71, 'stalled': 10, 'truncated': 226, 'other': 0}  rss= 1689.1MB  (4055s)
step   278000/400000  eps=0.150  episodes=  308  mean_return=430.000  mean_loss= 2.94388  mean_foundation= 12.0/52  lifetime_outcomes={'won': 71, 'stalled': 10, 'truncated': 227, 'other': 0}  rss= 1689.1MB  (4058s)
step   279000/400000  eps=0.150  episodes=  309  mean_return=220.000  mean_loss= 2.82196  mean_foundation=  4.0/52  lifetime_outcomes={'won': 71, 'stalled': 10, 'truncated': 228, 'other': 0}  rss= 1689.1MB  (4061s)
step   280000/400000  eps=0.150  episodes=  310  mean_return=170.000  mean_loss= 2.77232  mean_foundation=  3.0/52  lifetime_outcomes={'won': 71, 'stalled': 10, 'truncated': 229, 'other': 0}  rss= 1689.1MB  (4065s)
  EVAL  step   280000  win_rate=0.00%  mean_return=262.495  mean_foundation=  2.1/52  mean_length=990.5  (greedy, 100 fixed deals)
step   281000/400000  eps=0.150  episodes=  311  mean_return=560.000  mean_loss= 2.64049  mean_foundation=  8.0/52  lifetime_outcomes={'won': 71, 'stalled': 10, 'truncated': 230, 'other': 0}  rss= 1689.1MB  (4156s)
step   282000/400000  eps=0.150  episodes=  312  mean_return=1460.000  mean_loss= 2.53601  mean_foundation= 28.0/52  lifetime_outcomes={'won': 71, 'stalled': 10, 'truncated': 231, 'other': 0}  rss= 1689.1MB  (4159s)
step   283000/400000  eps=0.150  episodes=  313  mean_return=1820.000  mean_loss= 2.72267  mean_foundation= 30.0/52  lifetime_outcomes={'won': 71, 'stalled': 10, 'truncated': 232, 'other': 0}  rss= 1689.1MB  (4163s)
step   284000/400000  eps=0.150  episodes=  314  mean_return=950.000  mean_loss= 2.60031  mean_foundation=  7.0/52  lifetime_outcomes={'won': 71, 'stalled': 10, 'truncated': 233, 'other': 0}  rss= 1689.1MB  (4166s)
step   285000/400000  eps=0.150  episodes=  315  mean_return=720.000  mean_loss= 2.62647  mean_foundation=  8.0/52  lifetime_outcomes={'won': 71, 'stalled': 10, 'truncated': 234, 'other': 0}  rss= 1689.1MB  (4169s)
step   286000/400000  eps=0.150  episodes=  316  mean_return=7040.290  mean_loss= 2.60021  mean_foundation= 52.0/52  lifetime_outcomes={'won': 72, 'stalled': 10, 'truncated': 234, 'other': 0}  rss= 1689.1MB  (4173s)
step   287000/400000  eps=0.150  episodes=  318  mean_return=3948.250  mean_loss= 2.57867  mean_foundation= 29.0/52  lifetime_outcomes={'won': 73, 'stalled': 10, 'truncated': 235, 'other': 0}  rss= 1689.1MB  (4176s)
step   288000/400000  eps=0.150  episodes=  319  mean_return=1690.000  mean_loss= 2.52378  mean_foundation= 32.0/52  lifetime_outcomes={'won': 73, 'stalled': 10, 'truncated': 236, 'other': 0}  rss= 1689.1MB  (4179s)
step   289000/400000  eps=0.150  episodes=  320  mean_return=350.000  mean_loss= 2.48188  mean_foundation=  3.0/52  lifetime_outcomes={'won': 73, 'stalled': 10, 'truncated': 237, 'other': 0}  rss= 1689.1MB  (4183s)
step   290000/400000  eps=0.150  episodes=  321  mean_return=1870.000  mean_loss= 2.56063  mean_foundation= 44.0/52  lifetime_outcomes={'won': 73, 'stalled': 10, 'truncated': 238, 'other': 0}  rss= 1689.1MB  (4186s)
  EVAL  step   290000  win_rate=0.00%  mean_return=231.100  mean_foundation=  1.9/52  mean_length=1000.0  (greedy, 100 fixed deals)
step   291000/400000  eps=0.150  episodes=  322  mean_return=1010.000  mean_loss= 2.47555  mean_foundation=  4.0/52  lifetime_outcomes={'won': 73, 'stalled': 10, 'truncated': 239, 'other': 0}  rss= 1689.1MB  (4277s)
step   292000/400000  eps=0.150  episodes=  323  mean_return=7001.450  mean_loss= 2.53112  mean_foundation= 52.0/52  lifetime_outcomes={'won': 74, 'stalled': 10, 'truncated': 239, 'other': 0}  rss= 1689.1MB  (4280s)
step   293000/400000  eps=0.150  episodes=  324  mean_return=890.000  mean_loss= 2.48052  mean_foundation=  3.0/52  lifetime_outcomes={'won': 74, 'stalled': 10, 'truncated': 240, 'other': 0}  rss= 1689.1MB  (4283s)
step   294000/400000  eps=0.150  episodes=  325  mean_return=1990.000  mean_loss= 2.65588  mean_foundation= 46.0/52  lifetime_outcomes={'won': 74, 'stalled': 10, 'truncated': 241, 'other': 0}  rss= 1689.1MB  (4286s)
step   295000/400000  eps=0.150  episodes=  326  mean_return=1300.000  mean_loss= 2.60992  mean_foundation=  8.0/52  lifetime_outcomes={'won': 74, 'stalled': 10, 'truncated': 242, 'other': 0}  rss= 1689.1MB  (4290s)
step   296000/400000  eps=0.150  episodes=  327  mean_return=1170.000  mean_loss= 2.65440  mean_foundation= 12.0/52  lifetime_outcomes={'won': 74, 'stalled': 10, 'truncated': 243, 'other': 0}  rss= 1689.1MB  (4293s)
step   297000/400000  eps=0.150  episodes=  328  mean_return=350.000  mean_loss= 2.61444  mean_foundation=  0.0/52  lifetime_outcomes={'won': 74, 'stalled': 10, 'truncated': 244, 'other': 0}  rss= 1689.1MB  (4296s)
step   298000/400000  eps=0.150  episodes=  329  mean_return=450.000  mean_loss= 2.52421  mean_foundation=  3.0/52  lifetime_outcomes={'won': 74, 'stalled': 10, 'truncated': 245, 'other': 0}  rss= 1689.1MB  (4299s)
step   299000/400000  eps=0.150  episodes=  330  mean_return=880.000  mean_loss= 2.61766  mean_foundation=  5.0/52  lifetime_outcomes={'won': 74, 'stalled': 10, 'truncated': 246, 'other': 0}  rss= 1689.1MB  (4302s)
step   300000/400000  eps=0.150  episodes=  331  mean_return=1100.000  mean_loss= 2.75822  mean_foundation= 10.0/52  lifetime_outcomes={'won': 74, 'stalled': 10, 'truncated': 247, 'other': 0}  rss= 1689.1MB  (4306s)
  EVAL  step   300000  win_rate=0.00%  mean_return=234.790  mean_foundation=  2.7/52  mean_length=981.0  (greedy, 100 fixed deals)
step   301000/400000  eps=0.150  episodes=  332  mean_return=320.000  mean_loss= 2.82080  mean_foundation=  4.0/52  lifetime_outcomes={'won': 74, 'stalled': 10, 'truncated': 248, 'other': 0}  rss= 1689.1MB  (4394s)
step   302000/400000  eps=0.150  episodes=  333  mean_return=1030.000  mean_loss= 2.63543  mean_foundation=  7.0/52  lifetime_outcomes={'won': 74, 'stalled': 10, 'truncated': 249, 'other': 0}  rss= 1689.1MB  (4398s)
step   303000/400000  eps=0.150  episodes=  334  mean_return=680.000  mean_loss= 2.57686  mean_foundation=  5.0/52  lifetime_outcomes={'won': 74, 'stalled': 10, 'truncated': 250, 'other': 0}  rss= 1689.1MB  (4401s)
step   304000/400000  eps=0.150  episodes=  335  mean_return=1520.000  mean_loss= 2.74133  mean_foundation= 15.0/52  lifetime_outcomes={'won': 74, 'stalled': 10, 'truncated': 251, 'other': 0}  rss= 1689.1MB  (4405s)
step   305000/400000  eps=0.150  episodes=  336  mean_return=1090.000  mean_loss= 2.59474  mean_foundation= 14.0/52  lifetime_outcomes={'won': 74, 'stalled': 10, 'truncated': 252, 'other': 0}  rss= 1689.1MB  (4408s)
step   306000/400000  eps=0.150  episodes=  337  mean_return=630.000  mean_loss= 2.55483  mean_foundation= 10.0/52  lifetime_outcomes={'won': 74, 'stalled': 10, 'truncated': 253, 'other': 0}  rss= 1689.1MB  (4411s)
step   307000/400000  eps=0.150  episodes=  338  mean_return=920.000  mean_loss= 2.59248  mean_foundation= 13.0/52  lifetime_outcomes={'won': 74, 'stalled': 10, 'truncated': 254, 'other': 0}  rss= 1689.1MB  (4415s)
step   308000/400000  eps=0.150  episodes=  339  mean_return=960.000  mean_loss= 2.57419  mean_foundation= 15.0/52  lifetime_outcomes={'won': 74, 'stalled': 10, 'truncated': 255, 'other': 0}  rss= 1689.1MB  (4418s)
step   309000/400000  eps=0.150  episodes=  340  mean_return=1050.000  mean_loss= 2.75549  mean_foundation=  7.0/52  lifetime_outcomes={'won': 74, 'stalled': 10, 'truncated': 256, 'other': 0}  rss= 1689.1MB  (4422s)
step   310000/400000  eps=0.150  episodes=  341  mean_return=1070.000  mean_loss= 2.47956  mean_foundation= 12.0/52  lifetime_outcomes={'won': 74, 'stalled': 10, 'truncated': 257, 'other': 0}  rss= 1689.1MB  (4425s)
  EVAL  step   310000  win_rate=0.00%  mean_return=230.495  mean_foundation=  2.7/52  mean_length=990.5  (greedy, 100 fixed deals)
step   311000/400000  eps=0.150  episodes=  342  mean_return=1370.000  mean_loss= 2.57165  mean_foundation= 10.0/52  lifetime_outcomes={'won': 74, 'stalled': 10, 'truncated': 258, 'other': 0}  rss= 1689.1MB  (4514s)
step   312000/400000  eps=0.150  episodes=  343  mean_return=630.000  mean_loss= 2.62099  mean_foundation=  5.0/52  lifetime_outcomes={'won': 74, 'stalled': 10, 'truncated': 259, 'other': 0}  rss= 1689.1MB  (4517s)
step   313000/400000  eps=0.150  episodes=  345  mean_return=4222.180  mean_loss= 2.56795  mean_foundation= 32.5/52  lifetime_outcomes={'won': 75, 'stalled': 10, 'truncated': 260, 'other': 0}  rss= 1689.1MB  (4521s)
step   314000/400000  eps=0.150  episodes=  346  mean_return=1110.000  mean_loss= 2.51578  mean_foundation= 12.0/52  lifetime_outcomes={'won': 75, 'stalled': 10, 'truncated': 261, 'other': 0}  rss= 1689.1MB  (4524s)
step   315000/400000  eps=0.150  episodes=  347  mean_return=1890.000  mean_loss= 2.56271  mean_foundation= 37.0/52  lifetime_outcomes={'won': 75, 'stalled': 10, 'truncated': 262, 'other': 0}  rss= 1689.1MB  (4527s)
step   316000/400000  eps=0.150  episodes=  348  mean_return=1050.000  mean_loss= 2.61786  mean_foundation= 12.0/52  lifetime_outcomes={'won': 75, 'stalled': 10, 'truncated': 263, 'other': 0}  rss= 1689.1MB  (4531s)
step   317000/400000  eps=0.150  episodes=  349  mean_return=340.000  mean_loss= 2.58181  mean_foundation=  3.0/52  lifetime_outcomes={'won': 75, 'stalled': 10, 'truncated': 264, 'other': 0}  rss= 1689.1MB  (4534s)
step   318000/400000  eps=0.150  episodes=  350  mean_return=360.000  mean_loss= 2.49180  mean_foundation=  5.0/52  lifetime_outcomes={'won': 75, 'stalled': 10, 'truncated': 265, 'other': 0}  rss= 1689.1MB  (4537s)
step   319000/400000  eps=0.150  episodes=  351  mean_return=650.000  mean_loss= 2.49386  mean_foundation=  3.0/52  lifetime_outcomes={'won': 75, 'stalled': 10, 'truncated': 266, 'other': 0}  rss= 1689.1MB  (4540s)
step   320000/400000  eps=0.150  episodes=  352  mean_return=200.000  mean_loss= 2.60024  mean_foundation=  6.0/52  lifetime_outcomes={'won': 75, 'stalled': 10, 'truncated': 267, 'other': 0}  rss= 1689.1MB  (4544s)
  EVAL  step   320000  win_rate=0.00%  mean_return=251.195  mean_foundation=  2.1/52  mean_length=990.5  (greedy, 100 fixed deals)
step   321000/400000  eps=0.150  episodes=  353  mean_return=680.000  mean_loss= 2.56656  mean_foundation= 17.0/52  lifetime_outcomes={'won': 75, 'stalled': 10, 'truncated': 268, 'other': 0}  rss= 1689.1MB  (4632s)
step   322000/400000  eps=0.150  episodes=  354  mean_return=1260.000  mean_loss= 2.45821  mean_foundation= 19.0/52  lifetime_outcomes={'won': 75, 'stalled': 10, 'truncated': 269, 'other': 0}  rss= 1689.1MB  (4635s)
step   323000/400000  eps=0.150  episodes=  355  mean_return=1670.000  mean_loss= 2.59701  mean_foundation= 30.0/52  lifetime_outcomes={'won': 75, 'stalled': 10, 'truncated': 270, 'other': 0}  rss= 1689.1MB  (4638s)
step   324000/400000  eps=0.150  episodes=  356  mean_return=1320.000  mean_loss= 2.66000  mean_foundation= 16.0/52  lifetime_outcomes={'won': 75, 'stalled': 10, 'truncated': 271, 'other': 0}  rss= 1689.1MB  (4642s)
step   325000/400000  eps=0.150  episodes=  357  mean_return=7041.480  mean_loss= 2.67650  mean_foundation= 52.0/52  lifetime_outcomes={'won': 76, 'stalled': 10, 'truncated': 271, 'other': 0}  rss= 1689.1MB  (4645s)
step   326000/400000  eps=0.150  episodes=  358  mean_return=1130.000  mean_loss= 2.69560  mean_foundation= 12.0/52  lifetime_outcomes={'won': 76, 'stalled': 10, 'truncated': 272, 'other': 0}  rss= 1689.1MB  (4649s)
step   327000/400000  eps=0.150  episodes=  359  mean_return=990.000  mean_loss= 2.52652  mean_foundation= 12.0/52  lifetime_outcomes={'won': 76, 'stalled': 10, 'truncated': 273, 'other': 0}  rss= 1689.1MB  (4652s)
step   328000/400000  eps=0.150  episodes=  360  mean_return=1320.000  mean_loss= 2.52350  mean_foundation= 19.0/52  lifetime_outcomes={'won': 76, 'stalled': 10, 'truncated': 274, 'other': 0}  rss= 1689.1MB  (4655s)
step   329000/400000  eps=0.150  episodes=  361  mean_return=430.000  mean_loss= 2.59110  mean_foundation=  4.0/52  lifetime_outcomes={'won': 76, 'stalled': 10, 'truncated': 275, 'other': 0}  rss= 1689.1MB  (4659s)
step   330000/400000  eps=0.150  episodes=  362  mean_return=1530.000  mean_loss= 2.47711  mean_foundation= 24.0/52  lifetime_outcomes={'won': 76, 'stalled': 10, 'truncated': 276, 'other': 0}  rss= 1689.1MB  (4662s)
  EVAL  step   330000  win_rate=0.00%  mean_return=243.500  mean_foundation=  1.7/52  mean_length=1000.0  (greedy, 100 fixed deals)
step   331000/400000  eps=0.150  episodes=  363  mean_return=1100.000  mean_loss= 2.47301  mean_foundation= 17.0/52  lifetime_outcomes={'won': 76, 'stalled': 10, 'truncated': 277, 'other': 0}  rss= 1689.1MB  (4752s)
step   332000/400000  eps=0.150  episodes=  364  mean_return=7044.420  mean_loss= 2.50125  mean_foundation= 52.0/52  lifetime_outcomes={'won': 77, 'stalled': 10, 'truncated': 277, 'other': 0}  rss= 1689.1MB  (4755s)
step   333000/400000  eps=0.150  episodes=  366  mean_return=3964.095  mean_loss= 2.56225  mean_foundation= 31.0/52  lifetime_outcomes={'won': 78, 'stalled': 10, 'truncated': 278, 'other': 0}  rss= 1689.1MB  (4758s)
step   334000/400000  eps=0.150  episodes=  367  mean_return=7044.450  mean_loss= 2.51890  mean_foundation= 52.0/52  lifetime_outcomes={'won': 79, 'stalled': 10, 'truncated': 278, 'other': 0}  rss= 1689.1MB  (4761s)
step   335000/400000  eps=0.150  episodes=  369  mean_return=3797.680  mean_loss= 2.66346  mean_foundation= 29.0/52  lifetime_outcomes={'won': 80, 'stalled': 10, 'truncated': 279, 'other': 0}  rss= 1689.1MB  (4765s)
step   336000/400000  eps=0.150  episodes=  370  mean_return=860.000  mean_loss= 2.59683  mean_foundation=  7.0/52  lifetime_outcomes={'won': 80, 'stalled': 10, 'truncated': 280, 'other': 0}  rss= 1689.1MB  (4768s)
step   337000/400000  eps=0.150  episodes=  371  mean_return=580.000  mean_loss= 2.49169  mean_foundation=  7.0/52  lifetime_outcomes={'won': 80, 'stalled': 10, 'truncated': 281, 'other': 0}  rss= 1689.1MB  (4771s)
step   338000/400000  eps=0.150  episodes=  372  mean_return=7041.560  mean_loss= 2.52926  mean_foundation= 52.0/52  lifetime_outcomes={'won': 81, 'stalled': 10, 'truncated': 281, 'other': 0}  rss= 1689.1MB  (4774s)
step   339000/400000  eps=0.150  episodes=  374  mean_return=554.495  mean_loss= 2.49894  mean_foundation=  5.5/52  lifetime_outcomes={'won': 81, 'stalled': 11, 'truncated': 282, 'other': 0}  rss= 1689.1MB  (4778s)
step   340000/400000  eps=0.150  episodes=  375  mean_return=1470.000  mean_loss= 2.43503  mean_foundation= 21.0/52  lifetime_outcomes={'won': 81, 'stalled': 11, 'truncated': 283, 'other': 0}  rss= 1689.1MB  (4781s)
  EVAL  step   340000  win_rate=0.00%  mean_return=213.100  mean_foundation=  2.1/52  mean_length=1000.0  (greedy, 100 fixed deals)
step   341000/400000  eps=0.150  episodes=  376  mean_return=390.000  mean_loss= 2.44142  mean_foundation=  1.0/52  lifetime_outcomes={'won': 81, 'stalled': 11, 'truncated': 284, 'other': 0}  rss= 1689.1MB  (4873s)
step   342000/400000  eps=0.150  episodes=  377  mean_return=330.000  mean_loss= 2.39738  mean_foundation=  3.0/52  lifetime_outcomes={'won': 81, 'stalled': 11, 'truncated': 285, 'other': 0}  rss= 1689.1MB  (4877s)
step   343000/400000  eps=0.150  episodes=  378  mean_return=500.000  mean_loss= 2.43576  mean_foundation=  6.0/52  lifetime_outcomes={'won': 81, 'stalled': 11, 'truncated': 286, 'other': 0}  rss= 1689.1MB  (4880s)
step   344000/400000  eps=0.150  episodes=  380  mean_return=4243.000  mean_loss= 2.41737  mean_foundation= 31.5/52  lifetime_outcomes={'won': 82, 'stalled': 11, 'truncated': 287, 'other': 0}  rss= 1689.1MB  (4883s)
step   345000/400000  eps=0.150  episodes=  381  mean_return=1180.000  mean_loss= 2.49602  mean_foundation= 20.0/52  lifetime_outcomes={'won': 82, 'stalled': 11, 'truncated': 288, 'other': 0}  rss= 1689.1MB  (4887s)
step   346000/400000  eps=0.150  episodes=  382  mean_return=1440.000  mean_loss= 2.53257  mean_foundation= 19.0/52  lifetime_outcomes={'won': 82, 'stalled': 11, 'truncated': 289, 'other': 0}  rss= 1689.1MB  (4890s)
step   347000/400000  eps=0.150  episodes=  383  mean_return=1730.000  mean_loss= 2.48953  mean_foundation= 27.0/52  lifetime_outcomes={'won': 82, 'stalled': 11, 'truncated': 290, 'other': 0}  rss= 1689.1MB  (4893s)
step   348000/400000  eps=0.150  episodes=  385  mean_return=3761.325  mean_loss= 2.53496  mean_foundation= 28.0/52  lifetime_outcomes={'won': 83, 'stalled': 12, 'truncated': 290, 'other': 0}  rss= 1689.1MB  (4896s)
step   349000/400000  eps=0.150  episodes=  386  mean_return=1000.000  mean_loss= 2.62457  mean_foundation=  8.0/52  lifetime_outcomes={'won': 83, 'stalled': 12, 'truncated': 291, 'other': 0}  rss= 1689.1MB  (4900s)
step   350000/400000  eps=0.150  episodes=  388  mean_return=459.790  mean_loss= 2.55412  mean_foundation=  8.0/52  lifetime_outcomes={'won': 83, 'stalled': 13, 'truncated': 292, 'other': 0}  rss= 1689.1MB  (4903s)
  EVAL  step   350000  win_rate=0.00%  mean_return=180.600  mean_foundation=  2.1/52  mean_length=1000.0  (greedy, 100 fixed deals)
step   351000/400000  eps=0.150  episodes=  390  mean_return=3584.960  mean_loss= 2.48189  mean_foundation= 27.0/52  lifetime_outcomes={'won': 84, 'stalled': 14, 'truncated': 292, 'other': 0}  rss= 1689.1MB  (4996s)
step   352000/400000  eps=0.150  episodes=  391  mean_return=1100.000  mean_loss= 2.42764  mean_foundation=  7.0/52  lifetime_outcomes={'won': 84, 'stalled': 14, 'truncated': 293, 'other': 0}  rss= 1689.1MB  (5000s)
step   353000/400000  eps=0.150  episodes=  392  mean_return=440.000  mean_loss= 2.20926  mean_foundation=  4.0/52  lifetime_outcomes={'won': 84, 'stalled': 14, 'truncated': 294, 'other': 0}  rss= 1689.1MB  (5003s)
step   354000/400000  eps=0.150  episodes=  393  mean_return=790.000  mean_loss= 2.29227  mean_foundation=  6.0/52  lifetime_outcomes={'won': 84, 'stalled': 14, 'truncated': 295, 'other': 0}  rss= 1689.1MB  (5006s)
step   355000/400000  eps=0.150  episodes=  394  mean_return=1690.000  mean_loss= 2.41249  mean_foundation= 32.0/52  lifetime_outcomes={'won': 84, 'stalled': 14, 'truncated': 296, 'other': 0}  rss= 1689.1MB  (5009s)
step   356000/400000  eps=0.150  episodes=  395  mean_return=600.000  mean_loss= 2.45244  mean_foundation=  2.0/52  lifetime_outcomes={'won': 84, 'stalled': 14, 'truncated': 297, 'other': 0}  rss= 1689.1MB  (5013s)
step   357000/400000  eps=0.150  episodes=  396  mean_return=710.000  mean_loss= 2.27818  mean_foundation=  8.0/52  lifetime_outcomes={'won': 84, 'stalled': 14, 'truncated': 298, 'other': 0}  rss= 1689.1MB  (5016s)
step   358000/400000  eps=0.150  episodes=  397  mean_return=1560.000  mean_loss= 2.27567  mean_foundation= 19.0/52  lifetime_outcomes={'won': 84, 'stalled': 14, 'truncated': 299, 'other': 0}  rss= 1689.1MB  (5019s)
step   359000/400000  eps=0.150  episodes=  398  mean_return=1000.000  mean_loss= 2.47191  mean_foundation=  3.0/52  lifetime_outcomes={'won': 84, 'stalled': 14, 'truncated': 300, 'other': 0}  rss= 1689.1MB  (5023s)
step   360000/400000  eps=0.150  episodes=  399  mean_return=330.000  mean_loss= 2.38950  mean_foundation=  4.0/52  lifetime_outcomes={'won': 84, 'stalled': 14, 'truncated': 301, 'other': 0}  rss= 1689.1MB  (5026s)
  EVAL  step   360000  win_rate=0.00%  mean_return=194.794  mean_foundation=  1.8/52  mean_length=990.6  (greedy, 100 fixed deals)
step   361000/400000  eps=0.150  episodes=  400  mean_return=7041.100  mean_loss= 2.28792  mean_foundation= 52.0/52  lifetime_outcomes={'won': 85, 'stalled': 14, 'truncated': 301, 'other': 0}  rss= 1689.1MB  (5118s)
step   362000/400000  eps=0.150  episodes=  401  mean_return=7044.270  mean_loss= 2.16832  mean_foundation= 52.0/52  lifetime_outcomes={'won': 86, 'stalled': 14, 'truncated': 301, 'other': 0}  rss= 1689.1MB  (5121s)
step   363000/400000  eps=0.150  episodes=  402  mean_return=260.000  mean_loss= 2.19849  mean_foundation=  2.0/52  lifetime_outcomes={'won': 86, 'stalled': 14, 'truncated': 302, 'other': 0}  rss= 1689.1MB  (5124s)
step   364000/400000  eps=0.150  episodes=  403  mean_return=1260.000  mean_loss= 2.14251  mean_foundation= 14.0/52  lifetime_outcomes={'won': 86, 'stalled': 14, 'truncated': 303, 'other': 0}  rss= 1689.1MB  (5128s)
step   365000/400000  eps=0.150  episodes=  404  mean_return=190.000  mean_loss= 2.00185  mean_foundation=  1.0/52  lifetime_outcomes={'won': 86, 'stalled': 14, 'truncated': 304, 'other': 0}  rss= 1689.1MB  (5131s)
step   366000/400000  eps=0.150  episodes=  405  mean_return=1110.000  mean_loss= 2.08535  mean_foundation=  9.0/52  lifetime_outcomes={'won': 86, 'stalled': 14, 'truncated': 305, 'other': 0}  rss= 1689.1MB  (5135s)
step   367000/400000  eps=0.150  episodes=  406  mean_return=1410.000  mean_loss= 2.15610  mean_foundation= 23.0/52  lifetime_outcomes={'won': 86, 'stalled': 14, 'truncated': 306, 'other': 0}  rss= 1689.1MB  (5138s)
step   368000/400000  eps=0.150  episodes=  407  mean_return=1240.000  mean_loss= 2.20639  mean_foundation=  8.0/52  lifetime_outcomes={'won': 86, 'stalled': 14, 'truncated': 307, 'other': 0}  rss= 1689.1MB  (5142s)
step   369000/400000  eps=0.150  episodes=  408  mean_return=970.000  mean_loss= 2.20753  mean_foundation=  6.0/52  lifetime_outcomes={'won': 86, 'stalled': 14, 'truncated': 308, 'other': 0}  rss= 1689.1MB  (5145s)
step   370000/400000  eps=0.150  episodes=  409  mean_return=1430.000  mean_loss= 2.21209  mean_foundation= 19.0/52  lifetime_outcomes={'won': 86, 'stalled': 14, 'truncated': 309, 'other': 0}  rss= 1689.1MB  (5148s)
  EVAL  step   370000  win_rate=0.00%  mean_return=226.100  mean_foundation=  1.0/52  mean_length=1000.0  (greedy, 100 fixed deals)
step   371000/400000  eps=0.150  episodes=  410  mean_return=890.000  mean_loss= 2.05895  mean_foundation= 12.0/52  lifetime_outcomes={'won': 86, 'stalled': 14, 'truncated': 310, 'other': 0}  rss= 1689.1MB  (5239s)
step   372000/400000  eps=0.150  episodes=  411  mean_return=360.000  mean_loss= 1.97900  mean_foundation=  3.0/52  lifetime_outcomes={'won': 86, 'stalled': 14, 'truncated': 311, 'other': 0}  rss= 1689.1MB  (5242s)
step   373000/400000  eps=0.150  episodes=  412  mean_return=300.000  mean_loss= 1.95712  mean_foundation=  0.0/52  lifetime_outcomes={'won': 86, 'stalled': 14, 'truncated': 312, 'other': 0}  rss= 1689.1MB  (5245s)
step   374000/400000  eps=0.150  episodes=  413  mean_return=240.000  mean_loss= 2.01840  mean_foundation=  6.0/52  lifetime_outcomes={'won': 86, 'stalled': 14, 'truncated': 313, 'other': 0}  rss= 1689.1MB  (5249s)
step   375000/400000  eps=0.150  episodes=  414  mean_return=980.000  mean_loss= 1.98949  mean_foundation=  8.0/52  lifetime_outcomes={'won': 86, 'stalled': 14, 'truncated': 314, 'other': 0}  rss= 1689.1MB  (5252s)
step   376000/400000  eps=0.150  episodes=  415  mean_return=1800.000  mean_loss= 1.98024  mean_foundation= 37.0/52  lifetime_outcomes={'won': 86, 'stalled': 14, 'truncated': 315, 'other': 0}  rss= 1689.1MB  (5255s)
step   377000/400000  eps=0.150  episodes=  416  mean_return=530.000  mean_loss= 1.97166  mean_foundation=  3.0/52  lifetime_outcomes={'won': 86, 'stalled': 14, 'truncated': 316, 'other': 0}  rss= 1689.1MB  (5258s)
step   378000/400000  eps=0.150  episodes=  418  mean_return=3943.200  mean_loss= 1.92273  mean_foundation= 28.5/52  lifetime_outcomes={'won': 87, 'stalled': 14, 'truncated': 317, 'other': 0}  rss= 1689.1MB  (5262s)
step   379000/400000  eps=0.150  episodes=  419  mean_return=970.000  mean_loss= 1.94189  mean_foundation=  4.0/52  lifetime_outcomes={'won': 87, 'stalled': 14, 'truncated': 318, 'other': 0}  rss= 1689.1MB  (5265s)
step   380000/400000  eps=0.150  episodes=  420  mean_return=230.000  mean_loss= 2.10605  mean_foundation=  2.0/52  lifetime_outcomes={'won': 87, 'stalled': 14, 'truncated': 319, 'other': 0}  rss= 1689.1MB  (5268s)
  EVAL  step   380000  win_rate=0.00%  mean_return=226.100  mean_foundation=  1.2/52  mean_length=1000.0  (greedy, 100 fixed deals)
step   381000/400000  eps=0.150  episodes=  421  mean_return=540.000  mean_loss= 2.06768  mean_foundation=  5.0/52  lifetime_outcomes={'won': 87, 'stalled': 14, 'truncated': 320, 'other': 0}  rss= 1689.1MB  (5359s)
step   382000/400000  eps=0.150  episodes=  422  mean_return=640.000  mean_loss= 1.95531  mean_foundation=  4.0/52  lifetime_outcomes={'won': 87, 'stalled': 14, 'truncated': 321, 'other': 0}  rss= 1689.1MB  (5362s)
step   383000/400000  eps=0.150  episodes=  423  mean_return=1260.000  mean_loss= 1.92321  mean_foundation= 12.0/52  lifetime_outcomes={'won': 87, 'stalled': 14, 'truncated': 322, 'other': 0}  rss= 1689.1MB  (5366s)
step   384000/400000  eps=0.150  episodes=  424  mean_return=610.000  mean_loss= 1.82404  mean_foundation=  3.0/52  lifetime_outcomes={'won': 87, 'stalled': 14, 'truncated': 323, 'other': 0}  rss= 1689.1MB  (5369s)
step   385000/400000  eps=0.150  episodes=  425  mean_return=690.000  mean_loss= 1.80097  mean_foundation=  2.0/52  lifetime_outcomes={'won': 87, 'stalled': 14, 'truncated': 324, 'other': 0}  rss= 1689.1MB  (5372s)
step   386000/400000  eps=0.150  episodes=  426  mean_return=1670.000  mean_loss= 1.83019  mean_foundation= 27.0/52  lifetime_outcomes={'won': 87, 'stalled': 14, 'truncated': 325, 'other': 0}  rss= 1689.1MB  (5376s)
step   387000/400000  eps=0.150  episodes=  427  mean_return=590.000  mean_loss= 1.77915  mean_foundation=  0.0/52  lifetime_outcomes={'won': 87, 'stalled': 14, 'truncated': 326, 'other': 0}  rss= 1689.1MB  (5379s)
step   388000/400000  eps=0.150  episodes=  428  mean_return=1090.000  mean_loss= 1.73669  mean_foundation=  9.0/52  lifetime_outcomes={'won': 87, 'stalled': 14, 'truncated': 327, 'other': 0}  rss= 1689.1MB  (5383s)
step   389000/400000  eps=0.150  episodes=  429  mean_return=7041.060  mean_loss= 1.71536  mean_foundation= 52.0/52  lifetime_outcomes={'won': 88, 'stalled': 14, 'truncated': 327, 'other': 0}  rss= 1689.1MB  (5386s)
step   390000/400000  eps=0.150  episodes=  430  mean_return=700.000  mean_loss= 1.73508  mean_foundation= 12.0/52  lifetime_outcomes={'won': 88, 'stalled': 14, 'truncated': 328, 'other': 0}  rss= 1689.1MB  (5389s)
  EVAL  step   390000  win_rate=0.00%  mean_return=222.300  mean_foundation=  2.1/52  mean_length=1000.0  (greedy, 100 fixed deals)
step   391000/400000  eps=0.150  episodes=  431  mean_return=230.000  mean_loss= 1.74559  mean_foundation=  0.0/52  lifetime_outcomes={'won': 88, 'stalled': 14, 'truncated': 329, 'other': 0}  rss= 1689.1MB  (5481s)
step   392000/400000  eps=0.150  episodes=  432  mean_return=1140.000  mean_loss= 1.72794  mean_foundation= 16.0/52  lifetime_outcomes={'won': 88, 'stalled': 14, 'truncated': 330, 'other': 0}  rss= 1689.1MB  (5484s)
step   393000/400000  eps=0.150  episodes=  433  mean_return=790.000  mean_loss= 1.58444  mean_foundation=  5.0/52  lifetime_outcomes={'won': 88, 'stalled': 14, 'truncated': 331, 'other': 0}  rss= 1689.1MB  (5488s)
step   394000/400000  eps=0.150  episodes=  434  mean_return=7044.020  mean_loss= 1.75184  mean_foundation= 52.0/52  lifetime_outcomes={'won': 89, 'stalled': 14, 'truncated': 331, 'other': 0}  rss= 1689.1MB  (5491s)
step   395000/400000  eps=0.150  episodes=  435  mean_return=420.000  mean_loss= 1.62601  mean_foundation=  2.0/52  lifetime_outcomes={'won': 89, 'stalled': 14, 'truncated': 332, 'other': 0}  rss= 1689.1MB  (5494s)
step   396000/400000  eps=0.150  episodes=  436  mean_return=1220.000  mean_loss= 1.59831  mean_foundation= 10.0/52  lifetime_outcomes={'won': 89, 'stalled': 14, 'truncated': 333, 'other': 0}  rss= 1689.1MB  (5497s)
step   397000/400000  eps=0.150  episodes=  437  mean_return=290.000  mean_loss= 1.66907  mean_foundation=  3.0/52  lifetime_outcomes={'won': 89, 'stalled': 14, 'truncated': 334, 'other': 0}  rss= 1689.1MB  (5501s)
step   398000/400000  eps=0.150  episodes=  438  mean_return=850.000  mean_loss= 1.57676  mean_foundation=  8.0/52  lifetime_outcomes={'won': 89, 'stalled': 14, 'truncated': 335, 'other': 0}  rss= 1689.1MB  (5504s)
step   399000/400000  eps=0.150  episodes=  439  mean_return=770.000  mean_loss= 1.59242  mean_foundation=  4.0/52  lifetime_outcomes={'won': 89, 'stalled': 14, 'truncated': 336, 'other': 0}  rss= 1689.1MB  (5507s)
step   400000/400000  eps=0.150  episodes=  440  mean_return=740.000  mean_loss= 1.58153  mean_foundation=  5.0/52  lifetime_outcomes={'won': 89, 'stalled': 14, 'truncated': 337, 'other': 0}  rss= 1689.1MB  (5510s)
  EVAL  step   400000  win_rate=0.00%  mean_return=237.689  mean_foundation=  1.4/52  mean_length=981.1  (greedy, 100 fixed deals)
done. saved final checkpoint to runs/015_double_dqn_soft_nstep3_per_reward_shaping_epsfloor015/checkpoint_final.pt
