=== train_resilient: attempt 1 ===
run directory: runs/021_double_dqn_soft_nstep3_per_dqfd_moredemo_epsfloor_loopbreaker
DQfD: building 100000 permanent demo transitions from runs/curriculum_wins.jsonl
built 100000 demo transitions from 156 winning episodes (1 diverged and were skipped)
DQfD: loaded 100000 demo transitions into the permanent replay-buffer region
step     1000/400000  eps=0.996  episodes=    1  mean_return=1690.000  mean_loss=     nan  mean_foundation=  3.0/52  lifetime_outcomes={'won': 0, 'stalled': 0, 'truncated': 1, 'other': 0}  rss= 2043.1MB  (1s)
step     2000/400000  eps=0.992  episodes=    2  mean_return=800.000  mean_loss=     nan  mean_foundation=  4.0/52  lifetime_outcomes={'won': 0, 'stalled': 0, 'truncated': 2, 'other': 0}  rss= 2057.7MB  (1s)
step     3000/400000  eps=0.987  episodes=    3  mean_return=390.000  mean_loss=     nan  mean_foundation=  0.0/52  lifetime_outcomes={'won': 0, 'stalled': 0, 'truncated': 3, 'other': 0}  rss= 2065.9MB  (2s)
step     4000/400000  eps=0.983  episodes=    4  mean_return=840.000  mean_loss=     nan  mean_foundation=  3.0/52  lifetime_outcomes={'won': 0, 'stalled': 0, 'truncated': 4, 'other': 0}  rss= 2078.0MB  (3s)
step     5000/400000  eps=0.979  episodes=    5  mean_return=1820.000  mean_loss=12.28642  mean_foundation= 27.0/52  lifetime_outcomes={'won': 0, 'stalled': 0, 'truncated': 5, 'other': 0}  rss= 2345.1MB  (4s)
step     6000/400000  eps=0.975  episodes=    6  mean_return=1680.000  mean_loss=66.02123  mean_foundation=  7.0/52  lifetime_outcomes={'won': 0, 'stalled': 0, 'truncated': 6, 'other': 0}  rss= 2355.7MB  (8s)
step     7000/400000  eps=0.970  episodes=    7  mean_return=820.000  mean_loss=91.69272  mean_foundation=  9.0/52  lifetime_outcomes={'won': 0, 'stalled': 0, 'truncated': 7, 'other': 0}  rss= 2367.8MB  (11s)
step     8000/400000  eps=0.966  episodes=    8  mean_return=1710.000  mean_loss=98.13227  mean_foundation=  9.0/52  lifetime_outcomes={'won': 0, 'stalled': 0, 'truncated': 8, 'other': 0}  rss= 2369.9MB  (14s)
step     9000/400000  eps=0.962  episodes=    9  mean_return=790.000  mean_loss=103.98667  mean_foundation=  0.0/52  lifetime_outcomes={'won': 0, 'stalled': 0, 'truncated': 9, 'other': 0}  rss= 2376.0MB  (17s)
step    10000/400000  eps=0.958  episodes=   10  mean_return=910.000  mean_loss=109.65508  mean_foundation=  7.0/52  lifetime_outcomes={'won': 0, 'stalled': 0, 'truncated': 10, 'other': 0}  rss= 2378.0MB  (20s)
  EVAL  step    10000  win_rate=29.00%  mean_return=2701.479  mean_foundation= 24.4/52  mean_length=802.1  (greedy, 100 fixed deals)
step    11000/400000  eps=0.953  episodes=   11  mean_return=1630.000  mean_loss=105.65075  mean_foundation= 10.0/52  lifetime_outcomes={'won': 0, 'stalled': 0, 'truncated': 11, 'other': 0}  rss= 2382.0MB  (102s)
step    12000/400000  eps=0.949  episodes=   12  mean_return=1770.000  mean_loss=99.85420  mean_foundation= 16.0/52  lifetime_outcomes={'won': 0, 'stalled': 0, 'truncated': 12, 'other': 0}  rss= 2386.1MB  (105s)
step    13000/400000  eps=0.945  episodes=   13  mean_return=1760.000  mean_loss=100.61820  mean_foundation= 17.0/52  lifetime_outcomes={'won': 0, 'stalled': 0, 'truncated': 13, 'other': 0}  rss= 2390.1MB  (108s)
step    14000/400000  eps=0.941  episodes=   14  mean_return=1730.000  mean_loss=96.74396  mean_foundation= 14.0/52  lifetime_outcomes={'won': 0, 'stalled': 0, 'truncated': 14, 'other': 0}  rss= 2394.1MB  (111s)
step    15000/400000  eps=0.936  episodes=   15  mean_return=1060.000  mean_loss=96.68093  mean_foundation=  3.0/52  lifetime_outcomes={'won': 0, 'stalled': 0, 'truncated': 15, 'other': 0}  rss= 2398.1MB  (114s)
step    16000/400000  eps=0.932  episodes=   16  mean_return=1050.000  mean_loss=93.38698  mean_foundation= 11.0/52  lifetime_outcomes={'won': 0, 'stalled': 0, 'truncated': 16, 'other': 0}  rss= 2402.1MB  (118s)
step    17000/400000  eps=0.928  episodes=   17  mean_return=410.000  mean_loss=88.17118  mean_foundation=  3.0/52  lifetime_outcomes={'won': 0, 'stalled': 0, 'truncated': 17, 'other': 0}  rss= 2406.1MB  (121s)
step    18000/400000  eps=0.923  episodes=   18  mean_return=1760.000  mean_loss=86.84860  mean_foundation= 21.0/52  lifetime_outcomes={'won': 0, 'stalled': 0, 'truncated': 18, 'other': 0}  rss= 2410.2MB  (124s)
step    19000/400000  eps=0.919  episodes=   19  mean_return=410.000  mean_loss=84.99569  mean_foundation= 13.0/52  lifetime_outcomes={'won': 0, 'stalled': 0, 'truncated': 19, 'other': 0}  rss= 2414.2MB  (127s)
step    20000/400000  eps=0.915  episodes=   20  mean_return=340.000  mean_loss=82.85634  mean_foundation=  4.0/52  lifetime_outcomes={'won': 0, 'stalled': 0, 'truncated': 20, 'other': 0}  rss= 2418.2MB  (131s)
  EVAL  step    20000  win_rate=22.00%  mean_return=2266.013  mean_foundation= 21.6/52  mean_length=848.8  (greedy, 100 fixed deals)
step    21000/400000  eps=0.911  episodes=   21  mean_return=510.000  mean_loss=81.18675  mean_foundation=  4.0/52  lifetime_outcomes={'won': 0, 'stalled': 0, 'truncated': 21, 'other': 0}  rss= 2422.2MB  (232s)
step    22000/400000  eps=0.906  episodes=   22  mean_return=2020.000  mean_loss=81.07816  mean_foundation= 42.0/52  lifetime_outcomes={'won': 0, 'stalled': 0, 'truncated': 22, 'other': 0}  rss= 2426.2MB  (236s)
step    23000/400000  eps=0.902  episodes=   23  mean_return=870.000  mean_loss=76.77023  mean_foundation=  6.0/52  lifetime_outcomes={'won': 0, 'stalled': 0, 'truncated': 23, 'other': 0}  rss= 2430.3MB  (240s)
step    24000/400000  eps=0.898  episodes=   24  mean_return=1200.000  mean_loss=77.85989  mean_foundation= 12.0/52  lifetime_outcomes={'won': 0, 'stalled': 0, 'truncated': 24, 'other': 0}  rss= 2434.3MB  (243s)
step    25000/400000  eps=0.894  episodes=   25  mean_return=610.000  mean_loss=76.20453  mean_foundation=  5.0/52  lifetime_outcomes={'won': 0, 'stalled': 0, 'truncated': 25, 'other': 0}  rss= 2438.3MB  (247s)
step    26000/400000  eps=0.889  episodes=   26  mean_return=370.000  mean_loss=74.79501  mean_foundation=  4.0/52  lifetime_outcomes={'won': 0, 'stalled': 0, 'truncated': 26, 'other': 0}  rss= 2440.3MB  (250s)
step    27000/400000  eps=0.885  episodes=   27  mean_return=1040.000  mean_loss=75.50222  mean_foundation=  6.0/52  lifetime_outcomes={'won': 0, 'stalled': 0, 'truncated': 27, 'other': 0}  rss= 2446.3MB  (254s)
step    28000/400000  eps=0.881  episodes=   28  mean_return= 50.000  mean_loss=73.69782  mean_foundation=  0.0/52  lifetime_outcomes={'won': 0, 'stalled': 0, 'truncated': 28, 'other': 0}  rss= 2448.3MB  (258s)
step    29000/400000  eps=0.877  episodes=   29  mean_return=350.000  mean_loss=71.43963  mean_foundation=  0.0/52  lifetime_outcomes={'won': 0, 'stalled': 0, 'truncated': 29, 'other': 0}  rss= 2454.4MB  (262s)
step    30000/400000  eps=0.873  episodes=   30  mean_return=2030.000  mean_loss=70.18507  mean_foundation= 41.0/52  lifetime_outcomes={'won': 0, 'stalled': 0, 'truncated': 30, 'other': 0}  rss= 2458.4MB  (265s)
  EVAL  step    30000  win_rate=22.00%  mean_return=2204.069  mean_foundation= 20.9/52  mean_length=893.1  (greedy, 100 fixed deals)
step    31000/400000  eps=0.868  episodes=   31  mean_return=740.000  mean_loss=73.26537  mean_foundation=  7.0/52  lifetime_outcomes={'won': 0, 'stalled': 0, 'truncated': 31, 'other': 0}  rss= 2469.9MB  (364s)
step    32000/400000  eps=0.864  episodes=   32  mean_return=1330.000  mean_loss=70.02212  mean_foundation=  8.0/52  lifetime_outcomes={'won': 0, 'stalled': 0, 'truncated': 32, 'other': 0}  rss= 2469.9MB  (367s)
step    33000/400000  eps=0.860  episodes=   33  mean_return=2040.000  mean_loss=69.17792  mean_foundation= 43.0/52  lifetime_outcomes={'won': 0, 'stalled': 0, 'truncated': 33, 'other': 0}  rss= 2469.9MB  (370s)
step    34000/400000  eps=0.855  episodes=   34  mean_return=1810.000  mean_loss=68.45807  mean_foundation= 29.0/52  lifetime_outcomes={'won': 0, 'stalled': 0, 'truncated': 34, 'other': 0}  rss= 2469.9MB  (373s)
step    35000/400000  eps=0.851  episodes=   35  mean_return=2040.000  mean_loss=69.68783  mean_foundation= 48.0/52  lifetime_outcomes={'won': 0, 'stalled': 0, 'truncated': 35, 'other': 0}  rss= 2470.3MB  (376s)
step    36000/400000  eps=0.847  episodes=   36  mean_return=7040.900  mean_loss=67.23903  mean_foundation= 52.0/52  lifetime_outcomes={'won': 1, 'stalled': 0, 'truncated': 35, 'other': 0}  rss= 2476.3MB  (379s)
step    37000/400000  eps=0.843  episodes=   37  mean_return=2040.000  mean_loss=69.79624  mean_foundation= 47.0/52  lifetime_outcomes={'won': 1, 'stalled': 0, 'truncated': 36, 'other': 0}  rss= 2478.4MB  (382s)
step    38000/400000  eps=0.839  episodes=   38  mean_return=7040.320  mean_loss=66.76679  mean_foundation= 52.0/52  lifetime_outcomes={'won': 2, 'stalled': 0, 'truncated': 36, 'other': 0}  rss= 2482.4MB  (385s)
step    39000/400000  eps=0.834  episodes=   39  mean_return=690.000  mean_loss=65.85564  mean_foundation=  8.0/52  lifetime_outcomes={'won': 2, 'stalled': 0, 'truncated': 37, 'other': 0}  rss= 2488.5MB  (388s)
step    40000/400000  eps=0.830  episodes=   40  mean_return=930.000  mean_loss=64.36938  mean_foundation=  6.0/52  lifetime_outcomes={'won': 2, 'stalled': 0, 'truncated': 38, 'other': 0}  rss= 2490.5MB  (390s)
  EVAL  step    40000  win_rate=31.00%  mean_return=2859.421  mean_foundation= 24.7/52  mean_length=877.9  (greedy, 100 fixed deals)
step    41000/400000  eps=0.826  episodes=   41  mean_return=350.000  mean_loss=62.47880  mean_foundation=  6.0/52  lifetime_outcomes={'won': 2, 'stalled': 0, 'truncated': 39, 'other': 0}  rss= 2508.0MB  (481s)
step    42000/400000  eps=0.822  episodes=   42  mean_return=340.000  mean_loss=62.54681  mean_foundation=  6.0/52  lifetime_outcomes={'won': 2, 'stalled': 0, 'truncated': 40, 'other': 0}  rss= 2508.0MB  (484s)
step    43000/400000  eps=0.817  episodes=   43  mean_return=2040.000  mean_loss=60.87303  mean_foundation= 49.0/52  lifetime_outcomes={'won': 2, 'stalled': 0, 'truncated': 41, 'other': 0}  rss= 2508.0MB  (488s)
step    44000/400000  eps=0.813  episodes=   44  mean_return=7041.510  mean_loss=61.16648  mean_foundation= 52.0/52  lifetime_outcomes={'won': 3, 'stalled': 0, 'truncated': 41, 'other': 0}  rss= 2508.0MB  (491s)
step    45000/400000  eps=0.809  episodes=   45  mean_return=7044.400  mean_loss=57.04125  mean_foundation= 52.0/52  lifetime_outcomes={'won': 4, 'stalled': 0, 'truncated': 41, 'other': 0}  rss= 2510.4MB  (494s)
step    46000/400000  eps=0.804  episodes=   46  mean_return=7041.000  mean_loss=58.74609  mean_foundation= 52.0/52  lifetime_outcomes={'won': 5, 'stalled': 0, 'truncated': 41, 'other': 0}  rss= 2514.4MB  (497s)
step    47000/400000  eps=0.800  episodes=   47  mean_return=1130.000  mean_loss=59.07119  mean_foundation= 12.0/52  lifetime_outcomes={'won': 5, 'stalled': 0, 'truncated': 42, 'other': 0}  rss= 2518.4MB  (501s)
step    48000/400000  eps=0.796  episodes=   48  mean_return=1240.000  mean_loss=58.11193  mean_foundation=  5.0/52  lifetime_outcomes={'won': 5, 'stalled': 0, 'truncated': 43, 'other': 0}  rss= 2524.5MB  (504s)
step    49000/400000  eps=0.792  episodes=   49  mean_return=710.000  mean_loss=55.44103  mean_foundation= 10.0/52  lifetime_outcomes={'won': 5, 'stalled': 0, 'truncated': 44, 'other': 0}  rss= 2526.5MB  (508s)
step    50000/400000  eps=0.787  episodes=   50  mean_return=1230.000  mean_loss=58.05974  mean_foundation=  7.0/52  lifetime_outcomes={'won': 5, 'stalled': 0, 'truncated': 45, 'other': 0}  rss= 2530.5MB  (513s)
  EVAL  step    50000  win_rate=24.00%  mean_return=2397.411  mean_foundation= 21.7/52  mean_length=838.9  (greedy, 100 fixed deals)
step    51000/400000  eps=0.783  episodes=   51  mean_return=780.000  mean_loss=53.97939  mean_foundation= 10.0/52  lifetime_outcomes={'won': 5, 'stalled': 0, 'truncated': 46, 'other': 0}  rss= 2540.0MB  (603s)
step    52000/400000  eps=0.779  episodes=   53  mean_return=4061.430  mean_loss=54.23747  mean_foundation= 29.5/52  lifetime_outcomes={'won': 6, 'stalled': 0, 'truncated': 47, 'other': 0}  rss= 2544.0MB  (606s)
step    53000/400000  eps=0.775  episodes=   54  mean_return=7042.020  mean_loss=53.73732  mean_foundation= 52.0/52  lifetime_outcomes={'won': 7, 'stalled': 0, 'truncated': 47, 'other': 0}  rss= 2546.0MB  (609s)
step    54000/400000  eps=0.770  episodes=   55  mean_return=230.000  mean_loss=52.07179  mean_foundation=  2.0/52  lifetime_outcomes={'won': 7, 'stalled': 0, 'truncated': 48, 'other': 0}  rss= 2552.1MB  (612s)
step    55000/400000  eps=0.766  episodes=   57  mean_return=7044.160  mean_loss=50.86867  mean_foundation= 52.0/52  lifetime_outcomes={'won': 9, 'stalled': 0, 'truncated': 48, 'other': 0}  rss= 2556.1MB  (616s)
step    56000/400000  eps=0.762  episodes=   58  mean_return=7044.620  mean_loss=51.85534  mean_foundation= 52.0/52  lifetime_outcomes={'won': 10, 'stalled': 0, 'truncated': 48, 'other': 0}  rss= 2560.1MB  (619s)
step    57000/400000  eps=0.758  episodes=   59  mean_return=390.000  mean_loss=51.72271  mean_foundation=  3.0/52  lifetime_outcomes={'won': 10, 'stalled': 0, 'truncated': 49, 'other': 0}  rss= 2564.1MB  (623s)
step    58000/400000  eps=0.754  episodes=   60  mean_return=1130.000  mean_loss=50.61184  mean_foundation= 16.0/52  lifetime_outcomes={'won': 10, 'stalled': 0, 'truncated': 50, 'other': 0}  rss= 2568.1MB  (627s)
step    59000/400000  eps=0.749  episodes=   61  mean_return=130.000  mean_loss=50.25910  mean_foundation=  3.0/52  lifetime_outcomes={'won': 10, 'stalled': 0, 'truncated': 51, 'other': 0}  rss= 2572.2MB  (631s)
step    60000/400000  eps=0.745  episodes=   63  mean_return=7042.115  mean_loss=50.30968  mean_foundation= 52.0/52  lifetime_outcomes={'won': 12, 'stalled': 0, 'truncated': 51, 'other': 0}  rss= 2574.2MB  (634s)
  EVAL  step    60000  win_rate=26.00%  mean_return=2503.134  mean_foundation= 21.4/52  mean_length=856.6  (greedy, 100 fixed deals)
step    61000/400000  eps=0.741  episodes=   64  mean_return=1330.000  mean_loss=49.24392  mean_foundation=  7.0/52  lifetime_outcomes={'won': 12, 'stalled': 0, 'truncated': 52, 'other': 0}  rss= 2586.3MB  (725s)
step    62000/400000  eps=0.736  episodes=   65  mean_return=7046.680  mean_loss=48.02809  mean_foundation= 52.0/52  lifetime_outcomes={'won': 13, 'stalled': 0, 'truncated': 52, 'other': 0}  rss= 2590.3MB  (728s)
step    63000/400000  eps=0.732  episodes=   66  mean_return=7042.820  mean_loss=47.60121  mean_foundation= 52.0/52  lifetime_outcomes={'won': 14, 'stalled': 0, 'truncated': 52, 'other': 0}  rss= 2594.3MB  (731s)
step    64000/400000  eps=0.728  episodes=   67  mean_return=990.000  mean_loss=47.98770  mean_foundation=  6.0/52  lifetime_outcomes={'won': 14, 'stalled': 0, 'truncated': 53, 'other': 0}  rss= 2598.3MB  (734s)
step    65000/400000  eps=0.724  episodes=   69  mean_return=4072.505  mean_loss=47.77688  mean_foundation= 30.0/52  lifetime_outcomes={'won': 15, 'stalled': 0, 'truncated': 54, 'other': 0}  rss= 2600.4MB  (738s)
step    66000/400000  eps=0.720  episodes=   70  mean_return=1100.000  mean_loss=48.01545  mean_foundation=  7.0/52  lifetime_outcomes={'won': 15, 'stalled': 0, 'truncated': 55, 'other': 0}  rss= 2606.4MB  (741s)
step    67000/400000  eps=0.715  episodes=   71  mean_return=330.000  mean_loss=45.91622  mean_foundation=  3.0/52  lifetime_outcomes={'won': 15, 'stalled': 0, 'truncated': 56, 'other': 0}  rss= 2608.5MB  (744s)
step    68000/400000  eps=0.711  episodes=   72  mean_return=470.000  mean_loss=45.52932  mean_foundation=  1.0/52  lifetime_outcomes={'won': 15, 'stalled': 0, 'truncated': 57, 'other': 0}  rss= 2614.5MB  (747s)
step    69000/400000  eps=0.707  episodes=   73  mean_return=450.000  mean_loss=43.60398  mean_foundation=  6.0/52  lifetime_outcomes={'won': 15, 'stalled': 0, 'truncated': 58, 'other': 0}  rss= 2616.5MB  (750s)
step    70000/400000  eps=0.703  episodes=   74  mean_return=1140.000  mean_loss=45.34393  mean_foundation=  7.0/52  lifetime_outcomes={'won': 15, 'stalled': 0, 'truncated': 59, 'other': 0}  rss= 2620.5MB  (754s)
  EVAL  step    70000  win_rate=25.00%  mean_return=2442.789  mean_foundation= 21.0/52  mean_length=851.1  (greedy, 100 fixed deals)
step    71000/400000  eps=0.698  episodes=   75  mean_return=1070.000  mean_loss=45.03261  mean_foundation= 14.0/52  lifetime_outcomes={'won': 15, 'stalled': 0, 'truncated': 60, 'other': 0}  rss= 2626.5MB  (842s)
step    72000/400000  eps=0.694  episodes=   77  mean_return=554.515  mean_loss=42.53923  mean_foundation=  5.5/52  lifetime_outcomes={'won': 15, 'stalled': 1, 'truncated': 61, 'other': 0}  rss= 2628.6MB  (845s)
step    73000/400000  eps=0.690  episodes=   78  mean_return=7043.100  mean_loss=42.41403  mean_foundation= 52.0/52  lifetime_outcomes={'won': 16, 'stalled': 1, 'truncated': 61, 'other': 0}  rss= 2634.6MB  (848s)
step    74000/400000  eps=0.685  episodes=   79  mean_return=7042.400  mean_loss=43.44254  mean_foundation= 52.0/52  lifetime_outcomes={'won': 17, 'stalled': 1, 'truncated': 61, 'other': 0}  rss= 2636.6MB  (851s)
step    75000/400000  eps=0.681  episodes=   81  mean_return=3936.735  mean_loss=43.00677  mean_foundation= 29.5/52  lifetime_outcomes={'won': 18, 'stalled': 1, 'truncated': 62, 'other': 0}  rss= 2642.6MB  (854s)
step    76000/400000  eps=0.677  episodes=   82  mean_return=1100.000  mean_loss=43.22599  mean_foundation= 14.0/52  lifetime_outcomes={'won': 18, 'stalled': 1, 'truncated': 63, 'other': 0}  rss= 2644.6MB  (857s)
step    77000/400000  eps=0.673  episodes=   83  mean_return=7046.240  mean_loss=41.83048  mean_foundation= 52.0/52  lifetime_outcomes={'won': 19, 'stalled': 1, 'truncated': 63, 'other': 0}  rss= 2648.6MB  (860s)
step    78000/400000  eps=0.668  episodes=   84  mean_return=200.000  mean_loss=40.84901  mean_foundation=  3.0/52  lifetime_outcomes={'won': 19, 'stalled': 1, 'truncated': 64, 'other': 0}  rss= 2652.7MB  (864s)
step    79000/400000  eps=0.664  episodes=   85  mean_return=1570.000  mean_loss=41.19115  mean_foundation= 19.0/52  lifetime_outcomes={'won': 19, 'stalled': 1, 'truncated': 65, 'other': 0}  rss= 2656.7MB  (867s)
step    80000/400000  eps=0.660  episodes=   87  mean_return=3847.020  mean_loss=40.34717  mean_foundation= 28.5/52  lifetime_outcomes={'won': 20, 'stalled': 1, 'truncated': 66, 'other': 0}  rss= 2660.7MB  (870s)
  EVAL  step    80000  win_rate=29.00%  mean_return=2670.385  mean_foundation= 21.9/52  mean_length=831.5  (greedy, 100 fixed deals)
step    81000/400000  eps=0.656  episodes=   88  mean_return=760.000  mean_loss=40.57905  mean_foundation=  3.0/52  lifetime_outcomes={'won': 20, 'stalled': 1, 'truncated': 67, 'other': 0}  rss= 2664.7MB  (952s)
step    82000/400000  eps=0.651  episodes=   89  mean_return=780.000  mean_loss=39.10003  mean_foundation=  6.0/52  lifetime_outcomes={'won': 20, 'stalled': 1, 'truncated': 68, 'other': 0}  rss= 2668.7MB  (955s)
step    83000/400000  eps=0.647  episodes=   90  mean_return=630.000  mean_loss=38.68613  mean_foundation=  8.0/52  lifetime_outcomes={'won': 20, 'stalled': 1, 'truncated': 69, 'other': 0}  rss= 2672.7MB  (958s)
step    84000/400000  eps=0.643  episodes=   91  mean_return=1360.000  mean_loss=39.23076  mean_foundation= 14.0/52  lifetime_outcomes={'won': 20, 'stalled': 1, 'truncated': 70, 'other': 0}  rss= 2676.7MB  (962s)
step    85000/400000  eps=0.639  episodes=   92  mean_return=7040.410  mean_loss=38.97426  mean_foundation= 52.0/52  lifetime_outcomes={'won': 21, 'stalled': 1, 'truncated': 70, 'other': 0}  rss= 2680.8MB  (965s)
step    86000/400000  eps=0.635  episodes=   93  mean_return=230.000  mean_loss=38.90778  mean_foundation=  3.0/52  lifetime_outcomes={'won': 21, 'stalled': 1, 'truncated': 71, 'other': 0}  rss= 2684.8MB  (968s)
step    87000/400000  eps=0.630  episodes=   94  mean_return=1840.000  mean_loss=36.79944  mean_foundation= 30.0/52  lifetime_outcomes={'won': 21, 'stalled': 1, 'truncated': 72, 'other': 0}  rss= 2688.8MB  (971s)
step    88000/400000  eps=0.626  episodes=   95  mean_return=820.000  mean_loss=36.93480  mean_foundation=  4.0/52  lifetime_outcomes={'won': 21, 'stalled': 1, 'truncated': 73, 'other': 0}  rss= 2692.8MB  (975s)
step    89000/400000  eps=0.622  episodes=   96  mean_return=850.000  mean_loss=35.40408  mean_foundation=  4.0/52  lifetime_outcomes={'won': 21, 'stalled': 1, 'truncated': 74, 'other': 0}  rss= 2696.8MB  (978s)
step    90000/400000  eps=0.617  episodes=   97  mean_return=570.000  mean_loss=36.59610  mean_foundation=  6.0/52  lifetime_outcomes={'won': 21, 'stalled': 1, 'truncated': 75, 'other': 0}  rss= 2700.9MB  (981s)
  EVAL  step    90000  win_rate=24.00%  mean_return=2376.102  mean_foundation= 20.3/52  mean_length=869.8  (greedy, 100 fixed deals)
step    91000/400000  eps=0.613  episodes=   98  mean_return=1090.000  mean_loss=36.48079  mean_foundation=  5.0/52  lifetime_outcomes={'won': 21, 'stalled': 1, 'truncated': 76, 'other': 0}  rss= 2704.9MB  (1067s)
step    92000/400000  eps=0.609  episodes=   99  mean_return=710.000  mean_loss=35.97675  mean_foundation=  3.0/52  lifetime_outcomes={'won': 21, 'stalled': 1, 'truncated': 77, 'other': 0}  rss= 2706.9MB  (1070s)
step    93000/400000  eps=0.605  episodes=  100  mean_return=610.000  mean_loss=35.23335  mean_foundation=  7.0/52  lifetime_outcomes={'won': 21, 'stalled': 1, 'truncated': 78, 'other': 0}  rss= 2712.9MB  (1073s)
step    94000/400000  eps=0.601  episodes=  101  mean_return=160.000  mean_loss=36.19619  mean_foundation=  2.0/52  lifetime_outcomes={'won': 21, 'stalled': 1, 'truncated': 79, 'other': 0}  rss= 2716.9MB  (1077s)
step    95000/400000  eps=0.596  episodes=  102  mean_return=390.000  mean_loss=33.57064  mean_foundation=  4.0/52  lifetime_outcomes={'won': 21, 'stalled': 1, 'truncated': 80, 'other': 0}  rss= 2720.9MB  (1080s)
step    96000/400000  eps=0.592  episodes=  103  mean_return=7045.640  mean_loss=34.30251  mean_foundation= 52.0/52  lifetime_outcomes={'won': 22, 'stalled': 1, 'truncated': 80, 'other': 0}  rss= 2725.0MB  (1083s)
step    97000/400000  eps=0.588  episodes=  104  mean_return=740.000  mean_loss=34.21037  mean_foundation= 11.0/52  lifetime_outcomes={'won': 22, 'stalled': 1, 'truncated': 81, 'other': 0}  rss= 2727.0MB  (1086s)
step    98000/400000  eps=0.584  episodes=  106  mean_return=4307.020  mean_loss=32.84057  mean_foundation= 35.5/52  lifetime_outcomes={'won': 23, 'stalled': 1, 'truncated': 82, 'other': 0}  rss= 2733.0MB  (1089s)
step    99000/400000  eps=0.579  episodes=  107  mean_return=7044.510  mean_loss=32.48433  mean_foundation= 52.0/52  lifetime_outcomes={'won': 24, 'stalled': 1, 'truncated': 82, 'other': 0}  rss= 2735.0MB  (1092s)
step   100000/400000  eps=0.575  episodes=  108  mean_return=1070.000  mean_loss=32.79801  mean_foundation= 12.0/52  lifetime_outcomes={'won': 24, 'stalled': 1, 'truncated': 83, 'other': 0}  rss= 2741.0MB  (1096s)
  EVAL  step   100000  win_rate=11.00%  mean_return=1703.730  mean_foundation= 16.3/52  mean_length=977.0  (greedy, 100 fixed deals)
step   101000/400000  eps=0.571  episodes=  109  mean_return=370.000  mean_loss=33.11880  mean_foundation=  3.0/52  lifetime_outcomes={'won': 24, 'stalled': 1, 'truncated': 84, 'other': 0}  rss= 2747.0MB  (1191s)
step   102000/400000  eps=0.567  episodes=  110  mean_return=550.000  mean_loss=31.73122  mean_foundation=  4.0/52  lifetime_outcomes={'won': 24, 'stalled': 1, 'truncated': 85, 'other': 0}  rss= 2747.0MB  (1195s)
step   103000/400000  eps=0.562  episodes=  112  mean_return=3862.375  mean_loss=32.36765  mean_foundation= 29.0/52  lifetime_outcomes={'won': 25, 'stalled': 1, 'truncated': 86, 'other': 0}  rss= 2747.0MB  (1198s)
step   104000/400000  eps=0.558  episodes=  113  mean_return=1370.000  mean_loss=32.33254  mean_foundation= 17.0/52  lifetime_outcomes={'won': 25, 'stalled': 1, 'truncated': 87, 'other': 0}  rss= 2747.0MB  (1202s)
step   105000/400000  eps=0.554  episodes=  114  mean_return=1360.000  mean_loss=30.42788  mean_foundation=  8.0/52  lifetime_outcomes={'won': 25, 'stalled': 1, 'truncated': 88, 'other': 0}  rss= 2749.5MB  (1205s)
step   106000/400000  eps=0.549  episodes=  115  mean_return=540.000  mean_loss=30.55982  mean_foundation= 10.0/52  lifetime_outcomes={'won': 25, 'stalled': 1, 'truncated': 89, 'other': 0}  rss= 2751.6MB  (1208s)
step   107000/400000  eps=0.545  episodes=  116  mean_return=7043.160  mean_loss=31.51975  mean_foundation= 52.0/52  lifetime_outcomes={'won': 26, 'stalled': 1, 'truncated': 89, 'other': 0}  rss= 2755.7MB  (1211s)
step   108000/400000  eps=0.541  episodes=  118  mean_return=4157.870  mean_loss=30.49953  mean_foundation= 31.0/52  lifetime_outcomes={'won': 27, 'stalled': 1, 'truncated': 90, 'other': 0}  rss= 2759.8MB  (1215s)
step   109000/400000  eps=0.537  episodes=  119  mean_return=7042.770  mean_loss=30.78870  mean_foundation= 52.0/52  lifetime_outcomes={'won': 28, 'stalled': 1, 'truncated': 90, 'other': 0}  rss= 2763.8MB  (1218s)
step   110000/400000  eps=0.532  episodes=  121  mean_return=7045.200  mean_loss=30.35270  mean_foundation= 52.0/52  lifetime_outcomes={'won': 30, 'stalled': 1, 'truncated': 90, 'other': 0}  rss= 2767.8MB  (1222s)
  EVAL  step   110000  win_rate=27.00%  mean_return=2592.576  mean_foundation= 21.9/52  mean_length=882.4  (greedy, 100 fixed deals)
step   111000/400000  eps=0.528  episodes=  122  mean_return=7043.150  mean_loss=30.28405  mean_foundation= 52.0/52  lifetime_outcomes={'won': 31, 'stalled': 1, 'truncated': 90, 'other': 0}  rss= 2783.3MB  (1310s)
step   112000/400000  eps=0.524  episodes=  123  mean_return=360.000  mean_loss=29.53872  mean_foundation=  8.0/52  lifetime_outcomes={'won': 31, 'stalled': 1, 'truncated': 91, 'other': 0}  rss= 2789.4MB  (1313s)
step   113000/400000  eps=0.520  episodes=  124  mean_return=1040.000  mean_loss=29.95077  mean_foundation= 15.0/52  lifetime_outcomes={'won': 31, 'stalled': 1, 'truncated': 92, 'other': 0}  rss= 2791.4MB  (1316s)
step   114000/400000  eps=0.516  episodes=  125  mean_return=1470.000  mean_loss=29.97218  mean_foundation= 29.0/52  lifetime_outcomes={'won': 31, 'stalled': 1, 'truncated': 93, 'other': 0}  rss= 2795.4MB  (1320s)
step   115000/400000  eps=0.511  episodes=  127  mean_return=4186.535  mean_loss=29.35372  mean_foundation= 40.5/52  lifetime_outcomes={'won': 32, 'stalled': 1, 'truncated': 94, 'other': 0}  rss= 2799.4MB  (1323s)
step   116000/400000  eps=0.507  episodes=  128  mean_return=1360.000  mean_loss=28.58813  mean_foundation= 13.0/52  lifetime_outcomes={'won': 32, 'stalled': 1, 'truncated': 95, 'other': 0}  rss= 2803.4MB  (1326s)
step   117000/400000  eps=0.503  episodes=  129  mean_return=960.000  mean_loss=28.46365  mean_foundation=  9.0/52  lifetime_outcomes={'won': 32, 'stalled': 1, 'truncated': 96, 'other': 0}  rss= 2807.5MB  (1329s)
step   118000/400000  eps=0.499  episodes=  130  mean_return=1580.000  mean_loss=28.36539  mean_foundation= 28.0/52  lifetime_outcomes={'won': 32, 'stalled': 1, 'truncated': 97, 'other': 0}  rss= 2811.5MB  (1332s)
step   119000/400000  eps=0.494  episodes=  131  mean_return=7006.330  mean_loss=28.31282  mean_foundation= 52.0/52  lifetime_outcomes={'won': 33, 'stalled': 1, 'truncated': 97, 'other': 0}  rss= 2815.5MB  (1336s)
step   120000/400000  eps=0.490  episodes=  132  mean_return=320.000  mean_loss=28.23768  mean_foundation=  4.0/52  lifetime_outcomes={'won': 33, 'stalled': 1, 'truncated': 98, 'other': 0}  rss= 2819.5MB  (1339s)
  EVAL  step   120000  win_rate=31.00%  mean_return=2813.775  mean_foundation= 23.5/52  mean_length=852.5  (greedy, 100 fixed deals)
step   121000/400000  eps=0.486  episodes=  134  mean_return=3908.260  mean_loss=27.07071  mean_foundation= 30.5/52  lifetime_outcomes={'won': 34, 'stalled': 1, 'truncated': 99, 'other': 0}  rss= 2823.5MB  (1422s)
step   122000/400000  eps=0.482  episodes=  135  mean_return=7045.480  mean_loss=27.49899  mean_foundation= 52.0/52  lifetime_outcomes={'won': 35, 'stalled': 1, 'truncated': 99, 'other': 0}  rss= 2827.5MB  (1425s)
step   123000/400000  eps=0.477  episodes=  136  mean_return=870.000  mean_loss=27.31174  mean_foundation=  8.0/52  lifetime_outcomes={'won': 35, 'stalled': 1, 'truncated': 100, 'other': 0}  rss= 2831.5MB  (1429s)
step   124000/400000  eps=0.473  episodes=  137  mean_return=1000.000  mean_loss=26.42485  mean_foundation= 17.0/52  lifetime_outcomes={'won': 35, 'stalled': 1, 'truncated': 101, 'other': 0}  rss= 2833.6MB  (1432s)
step   125000/400000  eps=0.469  episodes=  139  mean_return=3718.225  mean_loss=27.05950  mean_foundation= 28.0/52  lifetime_outcomes={'won': 36, 'stalled': 1, 'truncated': 102, 'other': 0}  rss= 2839.6MB  (1436s)
step   126000/400000  eps=0.465  episodes=  140  mean_return=140.000  mean_loss=25.91245  mean_foundation=  0.0/52  lifetime_outcomes={'won': 36, 'stalled': 1, 'truncated': 103, 'other': 0}  rss= 2843.6MB  (1439s)
step   127000/400000  eps=0.460  episodes=  141  mean_return=870.000  mean_loss=25.26599  mean_foundation=  6.0/52  lifetime_outcomes={'won': 36, 'stalled': 1, 'truncated': 104, 'other': 0}  rss= 2847.6MB  (1443s)
step   128000/400000  eps=0.456  episodes=  142  mean_return=960.000  mean_loss=25.44858  mean_foundation=  7.0/52  lifetime_outcomes={'won': 36, 'stalled': 1, 'truncated': 105, 'other': 0}  rss= 2851.6MB  (1446s)
step   129000/400000  eps=0.452  episodes=  144  mean_return=3952.490  mean_loss=24.78521  mean_foundation= 30.5/52  lifetime_outcomes={'won': 37, 'stalled': 1, 'truncated': 106, 'other': 0}  rss= 2855.7MB  (1449s)
step   130000/400000  eps=0.448  episodes=  145  mean_return=7044.220  mean_loss=25.15193  mean_foundation= 52.0/52  lifetime_outcomes={'won': 38, 'stalled': 1, 'truncated': 106, 'other': 0}  rss= 2859.7MB  (1453s)
  EVAL  step   130000  win_rate=28.00%  mean_return=2654.185  mean_foundation= 23.0/52  mean_length=871.5  (greedy, 100 fixed deals)
step   131000/400000  eps=0.443  episodes=  146  mean_return=7044.900  mean_loss=25.24373  mean_foundation= 52.0/52  lifetime_outcomes={'won': 39, 'stalled': 1, 'truncated': 106, 'other': 0}  rss= 2861.7MB  (1539s)
step   132000/400000  eps=0.439  episodes=  149  mean_return=5080.723  mean_loss=26.04606  mean_foundation= 38.7/52  lifetime_outcomes={'won': 41, 'stalled': 1, 'truncated': 107, 'other': 0}  rss= 2867.7MB  (1542s)
step   133000/400000  eps=0.435  episodes=  150  mean_return=1210.000  mean_loss=24.96700  mean_foundation= 12.0/52  lifetime_outcomes={'won': 41, 'stalled': 1, 'truncated': 108, 'other': 0}  rss= 2871.7MB  (1546s)
step   134000/400000  eps=0.430  episodes=  152  mean_return=7045.370  mean_loss=24.95956  mean_foundation= 52.0/52  lifetime_outcomes={'won': 43, 'stalled': 1, 'truncated': 108, 'other': 0}  rss= 2875.7MB  (1549s)
step   135000/400000  eps=0.426  episodes=  153  mean_return=1140.000  mean_loss=24.67692  mean_foundation= 13.0/52  lifetime_outcomes={'won': 43, 'stalled': 1, 'truncated': 109, 'other': 0}  rss= 2879.7MB  (1552s)
step   136000/400000  eps=0.422  episodes=  154  mean_return=310.000  mean_loss=24.37411  mean_foundation=  5.0/52  lifetime_outcomes={'won': 43, 'stalled': 1, 'truncated': 110, 'other': 0}  rss= 2881.7MB  (1556s)
step   137000/400000  eps=0.418  episodes=  155  mean_return=7043.400  mean_loss=25.23240  mean_foundation= 52.0/52  lifetime_outcomes={'won': 44, 'stalled': 1, 'truncated': 110, 'other': 0}  rss= 2887.8MB  (1559s)
step   138000/400000  eps=0.414  episodes=  157  mean_return=4037.960  mean_loss=22.72043  mean_foundation= 28.0/52  lifetime_outcomes={'won': 45, 'stalled': 1, 'truncated': 111, 'other': 0}  rss= 2889.8MB  (1562s)
step   139000/400000  eps=0.409  episodes=  158  mean_return=7044.600  mean_loss=24.35087  mean_foundation= 52.0/52  lifetime_outcomes={'won': 46, 'stalled': 1, 'truncated': 111, 'other': 0}  rss= 2895.8MB  (1566s)
step   140000/400000  eps=0.405  episodes=  160  mean_return=3818.000  mean_loss=23.14904  mean_foundation= 31.0/52  lifetime_outcomes={'won': 47, 'stalled': 1, 'truncated': 112, 'other': 0}  rss= 2897.8MB  (1569s)
  EVAL  step   140000  win_rate=30.00%  mean_return=2719.855  mean_foundation= 22.3/52  mean_length=844.5  (greedy, 100 fixed deals)
step   141000/400000  eps=0.401  episodes=  161  mean_return=1040.000  mean_loss=23.62562  mean_foundation= 11.0/52  lifetime_outcomes={'won': 47, 'stalled': 1, 'truncated': 113, 'other': 0}  rss= 2901.8MB  (1652s)
step   142000/400000  eps=0.397  episodes=  162  mean_return=680.000  mean_loss=23.77546  mean_foundation=  7.0/52  lifetime_outcomes={'won': 47, 'stalled': 1, 'truncated': 114, 'other': 0}  rss= 2905.9MB  (1656s)
step   143000/400000  eps=0.392  episodes=  164  mean_return=559.565  mean_loss=21.98084  mean_foundation=  5.0/52  lifetime_outcomes={'won': 47, 'stalled': 2, 'truncated': 115, 'other': 0}  rss= 2909.9MB  (1659s)
step   144000/400000  eps=0.388  episodes=  165  mean_return=420.000  mean_loss=22.90669  mean_foundation=  7.0/52  lifetime_outcomes={'won': 47, 'stalled': 2, 'truncated': 116, 'other': 0}  rss= 2916.0MB  (1663s)
step   145000/400000  eps=0.384  episodes=  166  mean_return=7040.040  mean_loss=22.03307  mean_foundation= 52.0/52  lifetime_outcomes={'won': 48, 'stalled': 2, 'truncated': 116, 'other': 0}  rss= 2918.0MB  (1666s)
step   146000/400000  eps=0.380  episodes=  168  mean_return=7044.365  mean_loss=22.02403  mean_foundation= 52.0/52  lifetime_outcomes={'won': 50, 'stalled': 2, 'truncated': 116, 'other': 0}  rss= 2922.0MB  (1670s)
step   147000/400000  eps=0.375  episodes=  169  mean_return=590.000  mean_loss=22.33604  mean_foundation=  3.0/52  lifetime_outcomes={'won': 50, 'stalled': 2, 'truncated': 117, 'other': 0}  rss= 2926.0MB  (1674s)
step   148000/400000  eps=0.371  episodes=  170  mean_return=590.000  mean_loss=21.54161  mean_foundation=  7.0/52  lifetime_outcomes={'won': 50, 'stalled': 2, 'truncated': 118, 'other': 0}  rss= 2930.0MB  (1677s)
step   149000/400000  eps=0.367  episodes=  171  mean_return=7046.110  mean_loss=20.97497  mean_foundation= 52.0/52  lifetime_outcomes={'won': 51, 'stalled': 2, 'truncated': 118, 'other': 0}  rss= 2934.1MB  (1681s)
step   150000/400000  eps=0.363  episodes=  172  mean_return=820.000  mean_loss=21.04663  mean_foundation=  3.0/52  lifetime_outcomes={'won': 51, 'stalled': 2, 'truncated': 119, 'other': 0}  rss= 2938.1MB  (1684s)
  EVAL  step   150000  win_rate=28.00%  mean_return=2649.781  mean_foundation= 23.6/52  mean_length=841.9  (greedy, 100 fixed deals)
step   151000/400000  eps=0.358  episodes=  173  mean_return=1610.000  mean_loss=21.31622  mean_foundation= 29.0/52  lifetime_outcomes={'won': 51, 'stalled': 2, 'truncated': 120, 'other': 0}  rss= 2942.1MB  (1769s)
step   152000/400000  eps=0.354  episodes=  174  mean_return=1040.000  mean_loss=21.42906  mean_foundation= 11.0/52  lifetime_outcomes={'won': 51, 'stalled': 2, 'truncated': 121, 'other': 0}  rss= 2946.1MB  (1773s)
step   153000/400000  eps=0.350  episodes=  175  mean_return=680.000  mean_loss=20.79360  mean_foundation=  6.0/52  lifetime_outcomes={'won': 51, 'stalled': 2, 'truncated': 122, 'other': 0}  rss= 2950.1MB  (1776s)
step   154000/400000  eps=0.346  episodes=  176  mean_return=990.000  mean_loss=20.32493  mean_foundation= 15.0/52  lifetime_outcomes={'won': 51, 'stalled': 2, 'truncated': 123, 'other': 0}  rss= 2954.1MB  (1780s)
step   155000/400000  eps=0.341  episodes=  177  mean_return=350.000  mean_loss=20.32633  mean_foundation=  1.0/52  lifetime_outcomes={'won': 51, 'stalled': 2, 'truncated': 124, 'other': 0}  rss= 2958.1MB  (1783s)
step   156000/400000  eps=0.337  episodes=  178  mean_return=350.000  mean_loss=20.08510  mean_foundation=  5.0/52  lifetime_outcomes={'won': 51, 'stalled': 2, 'truncated': 125, 'other': 0}  rss= 2962.2MB  (1787s)
step   157000/400000  eps=0.333  episodes=  180  mean_return=3928.115  mean_loss=20.02736  mean_foundation= 28.0/52  lifetime_outcomes={'won': 52, 'stalled': 2, 'truncated': 126, 'other': 0}  rss= 2966.2MB  (1790s)
step   158000/400000  eps=0.329  episodes=  181  mean_return=7043.940  mean_loss=19.81517  mean_foundation= 52.0/52  lifetime_outcomes={'won': 53, 'stalled': 2, 'truncated': 126, 'other': 0}  rss= 2970.2MB  (1794s)
step   159000/400000  eps=0.324  episodes=  182  mean_return=600.000  mean_loss=19.68386  mean_foundation=  3.0/52  lifetime_outcomes={'won': 53, 'stalled': 2, 'truncated': 127, 'other': 0}  rss= 2974.2MB  (1797s)
step   160000/400000  eps=0.320  episodes=  183  mean_return=1500.000  mean_loss=19.35252  mean_foundation= 18.0/52  lifetime_outcomes={'won': 53, 'stalled': 2, 'truncated': 128, 'other': 0}  rss= 2978.2MB  (1801s)
  EVAL  step   160000  win_rate=29.00%  mean_return=2744.082  mean_foundation= 24.5/52  mean_length=871.8  (greedy, 100 fixed deals)
step   161000/400000  eps=0.316  episodes=  184  mean_return=660.000  mean_loss=19.40498  mean_foundation=  1.0/52  lifetime_outcomes={'won': 53, 'stalled': 2, 'truncated': 129, 'other': 0}  rss= 2982.2MB  (1887s)
step   162000/400000  eps=0.311  episodes=  185  mean_return=1090.000  mean_loss=18.54128  mean_foundation= 11.0/52  lifetime_outcomes={'won': 53, 'stalled': 2, 'truncated': 130, 'other': 0}  rss= 2986.2MB  (1890s)
step   163000/400000  eps=0.307  episodes=  186  mean_return=1200.000  mean_loss=19.20187  mean_foundation=  5.0/52  lifetime_outcomes={'won': 53, 'stalled': 2, 'truncated': 131, 'other': 0}  rss= 2988.2MB  (1894s)
step   164000/400000  eps=0.303  episodes=  187  mean_return=1200.000  mean_loss=18.47078  mean_foundation= 21.0/52  lifetime_outcomes={'won': 53, 'stalled': 2, 'truncated': 132, 'other': 0}  rss= 2994.3MB  (1897s)
step   165000/400000  eps=0.299  episodes=  188  mean_return=1250.000  mean_loss=18.41147  mean_foundation=  7.0/52  lifetime_outcomes={'won': 53, 'stalled': 2, 'truncated': 133, 'other': 0}  rss= 2998.3MB  (1901s)
step   166000/400000  eps=0.295  episodes=  190  mean_return=4353.190  mean_loss=17.85837  mean_foundation= 40.0/52  lifetime_outcomes={'won': 54, 'stalled': 2, 'truncated': 134, 'other': 0}  rss= 3002.3MB  (1905s)
step   167000/400000  eps=0.290  episodes=  191  mean_return=730.000  mean_loss=17.50004  mean_foundation=  5.0/52  lifetime_outcomes={'won': 54, 'stalled': 2, 'truncated': 135, 'other': 0}  rss= 3006.3MB  (1908s)
step   168000/400000  eps=0.286  episodes=  192  mean_return=890.000  mean_loss=18.24516  mean_foundation=  6.0/52  lifetime_outcomes={'won': 54, 'stalled': 2, 'truncated': 136, 'other': 0}  rss= 3008.3MB  (1912s)
step   169000/400000  eps=0.282  episodes=  193  mean_return=1020.000  mean_loss=17.82601  mean_foundation=  6.0/52  lifetime_outcomes={'won': 54, 'stalled': 2, 'truncated': 137, 'other': 0}  rss= 3014.4MB  (1916s)
step   170000/400000  eps=0.278  episodes=  194  mean_return=560.000  mean_loss=17.77679  mean_foundation= 11.0/52  lifetime_outcomes={'won': 54, 'stalled': 2, 'truncated': 138, 'other': 0}  rss= 3016.4MB  (1919s)
  EVAL  step   170000  win_rate=18.00%  mean_return=2138.568  mean_foundation= 20.6/52  mean_length=943.2  (greedy, 100 fixed deals)
step   171000/400000  eps=0.273  episodes=  195  mean_return=1490.000  mean_loss=17.11256  mean_foundation= 16.0/52  lifetime_outcomes={'won': 54, 'stalled': 2, 'truncated': 139, 'other': 0}  rss= 3022.5MB  (2014s)
step   172000/400000  eps=0.269  episodes=  196  mean_return=7045.040  mean_loss=17.54728  mean_foundation= 52.0/52  lifetime_outcomes={'won': 55, 'stalled': 2, 'truncated': 139, 'other': 0}  rss= 3024.5MB  (2018s)
step   173000/400000  eps=0.265  episodes=  198  mean_return=3912.970  mean_loss=17.10198  mean_foundation= 28.5/52  lifetime_outcomes={'won': 56, 'stalled': 2, 'truncated': 140, 'other': 0}  rss= 3028.5MB  (2022s)
step   174000/400000  eps=0.261  episodes=  199  mean_return=400.000  mean_loss=16.64029  mean_foundation= 10.0/52  lifetime_outcomes={'won': 56, 'stalled': 2, 'truncated': 141, 'other': 0}  rss= 3032.6MB  (2026s)
step   175000/400000  eps=0.256  episodes=  201  mean_return=7044.295  mean_loss=17.63308  mean_foundation= 52.0/52  lifetime_outcomes={'won': 58, 'stalled': 2, 'truncated': 141, 'other': 0}  rss= 3036.6MB  (2030s)
step   176000/400000  eps=0.252  episodes=  202  mean_return=7046.910  mean_loss=16.77128  mean_foundation= 52.0/52  lifetime_outcomes={'won': 59, 'stalled': 2, 'truncated': 141, 'other': 0}  rss= 3042.8MB  (2033s)
step   177000/400000  eps=0.248  episodes=  203  mean_return=1350.000  mean_loss=16.59401  mean_foundation= 21.0/52  lifetime_outcomes={'won': 59, 'stalled': 2, 'truncated': 142, 'other': 0}  rss= 3044.8MB  (2037s)
step   178000/400000  eps=0.244  episodes=  205  mean_return=3943.135  mean_loss=15.84401  mean_foundation= 30.5/52  lifetime_outcomes={'won': 60, 'stalled': 2, 'truncated': 143, 'other': 0}  rss= 3048.9MB  (2041s)
step   179000/400000  eps=0.239  episodes=  206  mean_return=1350.000  mean_loss=16.57231  mean_foundation= 22.0/52  lifetime_outcomes={'won': 60, 'stalled': 2, 'truncated': 144, 'other': 0}  rss= 3052.9MB  (2044s)
step   180000/400000  eps=0.235  episodes=  208  mean_return=3947.925  mean_loss=15.81275  mean_foundation= 31.5/52  lifetime_outcomes={'won': 61, 'stalled': 2, 'truncated': 145, 'other': 0}  rss= 3056.9MB  (2047s)
  EVAL  step   180000  win_rate=30.00%  mean_return=2750.011  mean_foundation= 23.8/52  mean_length=828.9  (greedy, 100 fixed deals)
step   181000/400000  eps=0.231  episodes=  209  mean_return=7005.360  mean_loss=16.17095  mean_foundation= 52.0/52  lifetime_outcomes={'won': 62, 'stalled': 2, 'truncated': 145, 'other': 0}  rss= 3061.0MB  (2143s)
step   182000/400000  eps=0.227  episodes=  210  mean_return=670.000  mean_loss=15.84470  mean_foundation=  4.0/52  lifetime_outcomes={'won': 62, 'stalled': 2, 'truncated': 146, 'other': 0}  rss= 3065.0MB  (2147s)
step   183000/400000  eps=0.222  episodes=  212  mean_return=7043.480  mean_loss=16.02356  mean_foundation= 52.0/52  lifetime_outcomes={'won': 64, 'stalled': 2, 'truncated': 146, 'other': 0}  rss= 3071.0MB  (2152s)
step   184000/400000  eps=0.218  episodes=  213  mean_return=7044.860  mean_loss=15.49809  mean_foundation= 52.0/52  lifetime_outcomes={'won': 65, 'stalled': 2, 'truncated': 146, 'other': 0}  rss= 3073.0MB  (2156s)
step   185000/400000  eps=0.214  episodes=  214  mean_return=780.000  mean_loss=15.17839  mean_foundation=  4.0/52  lifetime_outcomes={'won': 65, 'stalled': 2, 'truncated': 147, 'other': 0}  rss= 3077.1MB  (2160s)
step   186000/400000  eps=0.210  episodes=  216  mean_return=4043.030  mean_loss=15.11141  mean_foundation= 33.0/52  lifetime_outcomes={'won': 66, 'stalled': 2, 'truncated': 148, 'other': 0}  rss= 3081.1MB  (2163s)
step   187000/400000  eps=0.205  episodes=  218  mean_return=3933.450  mean_loss=14.80774  mean_foundation= 30.5/52  lifetime_outcomes={'won': 67, 'stalled': 2, 'truncated': 149, 'other': 0}  rss= 3085.1MB  (2167s)
step   188000/400000  eps=0.201  episodes=  220  mean_return=7026.065  mean_loss=14.56933  mean_foundation= 52.0/52  lifetime_outcomes={'won': 69, 'stalled': 2, 'truncated': 149, 'other': 0}  rss= 3089.2MB  (2171s)
step   189000/400000  eps=0.197  episodes=  221  mean_return=460.000  mean_loss=14.64145  mean_foundation=  2.0/52  lifetime_outcomes={'won': 69, 'stalled': 2, 'truncated': 150, 'other': 0}  rss= 3093.2MB  (2175s)
step   190000/400000  eps=0.193  episodes=  222  mean_return=7042.610  mean_loss=14.66158  mean_foundation= 52.0/52  lifetime_outcomes={'won': 70, 'stalled': 2, 'truncated': 150, 'other': 0}  rss= 3097.2MB  (2178s)
  EVAL  step   190000  win_rate=30.00%  mean_return=2807.040  mean_foundation= 25.1/52  mean_length=876.0  (greedy, 100 fixed deals)
step   191000/400000  eps=0.188  episodes=  223  mean_return=270.000  mean_loss=15.13088  mean_foundation=  2.0/52  lifetime_outcomes={'won': 70, 'stalled': 2, 'truncated': 151, 'other': 0}  rss= 3103.2MB  (2267s)
step   192000/400000  eps=0.184  episodes=  224  mean_return=490.000  mean_loss=14.97070  mean_foundation=  2.0/52  lifetime_outcomes={'won': 70, 'stalled': 2, 'truncated': 152, 'other': 0}  rss= 3103.2MB  (2270s)
step   193000/400000  eps=0.180  episodes=  225  mean_return=550.000  mean_loss=13.73035  mean_foundation=  9.0/52  lifetime_outcomes={'won': 70, 'stalled': 2, 'truncated': 153, 'other': 0}  rss= 3103.2MB  (2274s)
step   194000/400000  eps=0.175  episodes=  226  mean_return=1410.000  mean_loss=14.00603  mean_foundation= 31.0/52  lifetime_outcomes={'won': 70, 'stalled': 2, 'truncated': 154, 'other': 0}  rss= 3103.2MB  (2277s)
step   195000/400000  eps=0.171  episodes=  228  mean_return=3848.295  mean_loss=14.29063  mean_foundation= 27.0/52  lifetime_outcomes={'won': 71, 'stalled': 2, 'truncated': 155, 'other': 0}  rss= 3109.8MB  (2281s)
step   196000/400000  eps=0.167  episodes=  229  mean_return=7046.070  mean_loss=13.68910  mean_foundation= 52.0/52  lifetime_outcomes={'won': 72, 'stalled': 2, 'truncated': 155, 'other': 0}  rss= 3115.9MB  (2284s)
step   197000/400000  eps=0.163  episodes=  230  mean_return=850.000  mean_loss=13.72463  mean_foundation= 10.0/52  lifetime_outcomes={'won': 72, 'stalled': 2, 'truncated': 156, 'other': 0}  rss= 3117.9MB  (2288s)
step   198000/400000  eps=0.158  episodes=  231  mean_return=910.000  mean_loss=13.54299  mean_foundation=  8.0/52  lifetime_outcomes={'won': 72, 'stalled': 2, 'truncated': 157, 'other': 0}  rss= 3122.5MB  (2291s)
step   199000/400000  eps=0.154  episodes=  232  mean_return=1150.000  mean_loss=13.24749  mean_foundation= 12.0/52  lifetime_outcomes={'won': 72, 'stalled': 2, 'truncated': 158, 'other': 0}  rss= 3125.0MB  (2295s)
step   200000/400000  eps=0.150  episodes=  233  mean_return=980.000  mean_loss=12.97022  mean_foundation=  2.0/52  lifetime_outcomes={'won': 72, 'stalled': 2, 'truncated': 159, 'other': 0}  rss= 3127.1MB  (2298s)
  EVAL  step   200000  win_rate=34.00%  mean_return=3028.916  mean_foundation= 25.9/52  mean_length=868.4  (greedy, 100 fixed deals)
step   201000/400000  eps=0.150  episodes=  234  mean_return=1910.000  mean_loss=13.11570  mean_foundation= 39.0/52  lifetime_outcomes={'won': 72, 'stalled': 2, 'truncated': 160, 'other': 0}  rss= 3138.6MB  (2384s)
step   202000/400000  eps=0.150  episodes=  236  mean_return=4136.335  mean_loss=12.73310  mean_foundation= 31.5/52  lifetime_outcomes={'won': 73, 'stalled': 2, 'truncated': 161, 'other': 0}  rss= 3138.6MB  (2388s)
step   203000/400000  eps=0.150  episodes=  237  mean_return=260.000  mean_loss=13.07425  mean_foundation=  1.0/52  lifetime_outcomes={'won': 73, 'stalled': 2, 'truncated': 162, 'other': 0}  rss= 3138.6MB  (2392s)
step   204000/400000  eps=0.150  episodes=  238  mean_return=660.000  mean_loss=13.10960  mean_foundation=  5.0/52  lifetime_outcomes={'won': 73, 'stalled': 2, 'truncated': 163, 'other': 0}  rss= 3138.6MB  (2396s)
step   205000/400000  eps=0.150  episodes=  239  mean_return=240.000  mean_loss=13.30655  mean_foundation=  4.0/52  lifetime_outcomes={'won': 73, 'stalled': 2, 'truncated': 164, 'other': 0}  rss= 3138.6MB  (2400s)
step   206000/400000  eps=0.150  episodes=  241  mean_return=7045.375  mean_loss=13.19005  mean_foundation= 52.0/52  lifetime_outcomes={'won': 75, 'stalled': 2, 'truncated': 164, 'other': 0}  rss= 3138.6MB  (2403s)
step   207000/400000  eps=0.150  episodes=  242  mean_return=860.000  mean_loss=12.36196  mean_foundation=  8.0/52  lifetime_outcomes={'won': 75, 'stalled': 2, 'truncated': 165, 'other': 0}  rss= 3138.6MB  (2407s)
step   208000/400000  eps=0.150  episodes=  243  mean_return=660.000  mean_loss=12.26929  mean_foundation=  3.0/52  lifetime_outcomes={'won': 75, 'stalled': 2, 'truncated': 166, 'other': 0}  rss= 3138.6MB  (2410s)
step   209000/400000  eps=0.150  episodes=  245  mean_return=7045.195  mean_loss=12.91329  mean_foundation= 52.0/52  lifetime_outcomes={'won': 77, 'stalled': 2, 'truncated': 166, 'other': 0}  rss= 3138.6MB  (2414s)
step   210000/400000  eps=0.150  episodes=  246  mean_return=7041.540  mean_loss=12.18203  mean_foundation= 52.0/52  lifetime_outcomes={'won': 78, 'stalled': 2, 'truncated': 166, 'other': 0}  rss= 3138.6MB  (2418s)
  EVAL  step   210000  win_rate=37.00%  mean_return=3181.918  mean_foundation= 26.6/52  mean_length=848.2  (greedy, 100 fixed deals)
step   211000/400000  eps=0.150  episodes=  247  mean_return=7045.310  mean_loss=12.46730  mean_foundation= 52.0/52  lifetime_outcomes={'won': 79, 'stalled': 2, 'truncated': 166, 'other': 0}  rss= 3138.6MB  (2504s)
step   212000/400000  eps=0.150  episodes=  248  mean_return=1420.000  mean_loss=12.00420  mean_foundation= 19.0/52  lifetime_outcomes={'won': 79, 'stalled': 2, 'truncated': 167, 'other': 0}  rss= 3138.6MB  (2508s)
step   213000/400000  eps=0.150  episodes=  249  mean_return=1240.000  mean_loss=11.63499  mean_foundation= 11.0/52  lifetime_outcomes={'won': 79, 'stalled': 2, 'truncated': 168, 'other': 0}  rss= 3138.6MB  (2511s)
step   214000/400000  eps=0.150  episodes=  250  mean_return=240.000  mean_loss=11.56575  mean_foundation=  0.0/52  lifetime_outcomes={'won': 79, 'stalled': 2, 'truncated': 169, 'other': 0}  rss= 3138.6MB  (2515s)
step   215000/400000  eps=0.150  episodes=  251  mean_return=980.000  mean_loss=11.59887  mean_foundation=  4.0/52  lifetime_outcomes={'won': 79, 'stalled': 2, 'truncated': 170, 'other': 0}  rss= 3138.6MB  (2519s)
step   216000/400000  eps=0.150  episodes=  252  mean_return=1530.000  mean_loss=11.77645  mean_foundation= 30.0/52  lifetime_outcomes={'won': 79, 'stalled': 2, 'truncated': 171, 'other': 0}  rss= 3138.6MB  (2522s)
step   217000/400000  eps=0.150  episodes=  253  mean_return=1280.000  mean_loss=11.42416  mean_foundation= 12.0/52  lifetime_outcomes={'won': 79, 'stalled': 2, 'truncated': 172, 'other': 0}  rss= 3138.6MB  (2526s)
step   218000/400000  eps=0.150  episodes=  254  mean_return=670.000  mean_loss=11.38573  mean_foundation=  3.0/52  lifetime_outcomes={'won': 79, 'stalled': 2, 'truncated': 173, 'other': 0}  rss= 3138.6MB  (2530s)
step   219000/400000  eps=0.150  episodes=  255  mean_return=360.000  mean_loss=11.11321  mean_foundation=  6.0/52  lifetime_outcomes={'won': 79, 'stalled': 2, 'truncated': 174, 'other': 0}  rss= 3138.6MB  (2533s)
step   220000/400000  eps=0.150  episodes=  256  mean_return=980.000  mean_loss=11.05292  mean_foundation=  7.0/52  lifetime_outcomes={'won': 79, 'stalled': 2, 'truncated': 175, 'other': 0}  rss= 3138.6MB  (2537s)
  EVAL  step   220000  win_rate=31.00%  mean_return=2829.170  mean_foundation= 24.7/52  mean_length=833.0  (greedy, 100 fixed deals)
step   221000/400000  eps=0.150  episodes=  258  mean_return=4077.835  mean_loss=11.17238  mean_foundation= 32.5/52  lifetime_outcomes={'won': 80, 'stalled': 2, 'truncated': 176, 'other': 0}  rss= 3138.6MB  (2619s)
step   222000/400000  eps=0.150  episodes=  259  mean_return=590.000  mean_loss=10.84813  mean_foundation= 11.0/52  lifetime_outcomes={'won': 80, 'stalled': 2, 'truncated': 177, 'other': 0}  rss= 3138.6MB  (2623s)
step   223000/400000  eps=0.150  episodes=  260  mean_return=1090.000  mean_loss=10.61413  mean_foundation= 11.0/52  lifetime_outcomes={'won': 80, 'stalled': 2, 'truncated': 178, 'other': 0}  rss= 3138.6MB  (2627s)
step   224000/400000  eps=0.150  episodes=  262  mean_return=4292.675  mean_loss=11.25234  mean_foundation= 41.5/52  lifetime_outcomes={'won': 81, 'stalled': 2, 'truncated': 179, 'other': 0}  rss= 3138.6MB  (2630s)
step   225000/400000  eps=0.150  episodes=  263  mean_return=1300.000  mean_loss=10.88781  mean_foundation=  7.0/52  lifetime_outcomes={'won': 81, 'stalled': 2, 'truncated': 180, 'other': 0}  rss= 3138.6MB  (2634s)
step   226000/400000  eps=0.150  episodes=  264  mean_return=7044.950  mean_loss=11.26875  mean_foundation= 52.0/52  lifetime_outcomes={'won': 82, 'stalled': 2, 'truncated': 180, 'other': 0}  rss= 3138.6MB  (2638s)
step   227000/400000  eps=0.150  episodes=  265  mean_return=1060.000  mean_loss=10.44615  mean_foundation= 13.0/52  lifetime_outcomes={'won': 82, 'stalled': 2, 'truncated': 181, 'other': 0}  rss= 3138.6MB  (2642s)
step   228000/400000  eps=0.150  episodes=  267  mean_return=3813.410  mean_loss=10.54715  mean_foundation= 28.5/52  lifetime_outcomes={'won': 83, 'stalled': 2, 'truncated': 182, 'other': 0}  rss= 3138.6MB  (2645s)
step   229000/400000  eps=0.150  episodes=  268  mean_return=730.000  mean_loss=10.59783  mean_foundation=  6.0/52  lifetime_outcomes={'won': 83, 'stalled': 2, 'truncated': 183, 'other': 0}  rss= 3138.6MB  (2649s)
step   230000/400000  eps=0.150  episodes=  269  mean_return=750.000  mean_loss=10.38184  mean_foundation= 11.0/52  lifetime_outcomes={'won': 83, 'stalled': 2, 'truncated': 184, 'other': 0}  rss= 3138.6MB  (2653s)
  EVAL  step   230000  win_rate=23.00%  mean_return=2369.320  mean_foundation= 21.5/52  mean_length=908.0  (greedy, 100 fixed deals)
step   231000/400000  eps=0.150  episodes=  270  mean_return=1300.000  mean_loss=10.39799  mean_foundation= 17.0/52  lifetime_outcomes={'won': 83, 'stalled': 2, 'truncated': 185, 'other': 0}  rss= 3138.6MB  (2743s)
step   232000/400000  eps=0.150  episodes=  271  mean_return=7040.910  mean_loss=10.40939  mean_foundation= 52.0/52  lifetime_outcomes={'won': 84, 'stalled': 2, 'truncated': 185, 'other': 0}  rss= 3138.6MB  (2747s)
step   233000/400000  eps=0.150  episodes=  272  mean_return=1060.000  mean_loss=10.18855  mean_foundation=  4.0/52  lifetime_outcomes={'won': 84, 'stalled': 2, 'truncated': 186, 'other': 0}  rss= 3138.6MB  (2750s)
step   234000/400000  eps=0.150  episodes=  273  mean_return=460.000  mean_loss= 9.70038  mean_foundation=  3.0/52  lifetime_outcomes={'won': 84, 'stalled': 2, 'truncated': 187, 'other': 0}  rss= 3138.6MB  (2754s)
step   235000/400000  eps=0.150  episodes=  274  mean_return=1460.000  mean_loss=10.16029  mean_foundation= 22.0/52  lifetime_outcomes={'won': 84, 'stalled': 2, 'truncated': 188, 'other': 0}  rss= 3138.6MB  (2758s)
step   236000/400000  eps=0.150  episodes=  275  mean_return=7043.500  mean_loss= 9.68279  mean_foundation= 52.0/52  lifetime_outcomes={'won': 85, 'stalled': 2, 'truncated': 188, 'other': 0}  rss= 3138.6MB  (2761s)
step   237000/400000  eps=0.150  episodes=  277  mean_return=3998.090  mean_loss= 9.63529  mean_foundation= 31.0/52  lifetime_outcomes={'won': 86, 'stalled': 2, 'truncated': 189, 'other': 0}  rss= 3138.6MB  (2764s)
step   238000/400000  eps=0.150  episodes=  278  mean_return=1130.000  mean_loss= 9.69907  mean_foundation= 24.0/52  lifetime_outcomes={'won': 86, 'stalled': 2, 'truncated': 190, 'other': 0}  rss= 3138.6MB  (2768s)
step   239000/400000  eps=0.150  episodes=  279  mean_return=980.000  mean_loss= 9.67285  mean_foundation= 15.0/52  lifetime_outcomes={'won': 86, 'stalled': 2, 'truncated': 191, 'other': 0}  rss= 3138.6MB  (2771s)
step   240000/400000  eps=0.150  episodes=  280  mean_return=1560.000  mean_loss= 9.29538  mean_foundation= 18.0/52  lifetime_outcomes={'won': 86, 'stalled': 2, 'truncated': 192, 'other': 0}  rss= 3138.6MB  (2775s)
  EVAL  step   240000  win_rate=24.00%  mean_return=2440.361  mean_foundation= 22.0/52  mean_length=903.9  (greedy, 100 fixed deals)
step   241000/400000  eps=0.150  episodes=  281  mean_return=7045.830  mean_loss= 9.33533  mean_foundation= 52.0/52  lifetime_outcomes={'won': 87, 'stalled': 2, 'truncated': 192, 'other': 0}  rss= 3138.6MB  (2865s)
step   242000/400000  eps=0.150  episodes=  282  mean_return=1710.000  mean_loss= 8.91315  mean_foundation= 33.0/52  lifetime_outcomes={'won': 87, 'stalled': 2, 'truncated': 193, 'other': 0}  rss= 3138.6MB  (2869s)
step   243000/400000  eps=0.150  episodes=  285  mean_return=4951.573  mean_loss= 9.35244  mean_foundation= 38.7/52  lifetime_outcomes={'won': 89, 'stalled': 2, 'truncated': 194, 'other': 0}  rss= 3138.6MB  (2874s)
step   244000/400000  eps=0.150  episodes=  286  mean_return=1200.000  mean_loss= 8.72821  mean_foundation= 11.0/52  lifetime_outcomes={'won': 89, 'stalled': 2, 'truncated': 195, 'other': 0}  rss= 3138.6MB  (2877s)
step   245000/400000  eps=0.150  episodes=  287  mean_return=1080.000  mean_loss= 8.90405  mean_foundation= 19.0/52  lifetime_outcomes={'won': 89, 'stalled': 2, 'truncated': 196, 'other': 0}  rss= 3138.6MB  (2881s)
step   246000/400000  eps=0.150  episodes=  288  mean_return=520.000  mean_loss= 8.98581  mean_foundation=  3.0/52  lifetime_outcomes={'won': 89, 'stalled': 2, 'truncated': 197, 'other': 0}  rss= 3138.6MB  (2886s)
step   247000/400000  eps=0.150  episodes=  289  mean_return=1060.000  mean_loss= 8.75409  mean_foundation= 15.0/52  lifetime_outcomes={'won': 89, 'stalled': 2, 'truncated': 198, 'other': 0}  rss= 3138.6MB  (2890s)
step   248000/400000  eps=0.150  episodes=  290  mean_return=780.000  mean_loss= 8.60967  mean_foundation=  4.0/52  lifetime_outcomes={'won': 89, 'stalled': 2, 'truncated': 199, 'other': 0}  rss= 3138.6MB  (2894s)
step   249000/400000  eps=0.150  episodes=  291  mean_return=350.000  mean_loss= 8.55653  mean_foundation=  4.0/52  lifetime_outcomes={'won': 89, 'stalled': 2, 'truncated': 200, 'other': 0}  rss= 3138.6MB  (2897s)
step   250000/400000  eps=0.150  episodes=  293  mean_return=3743.800  mean_loss= 8.29403  mean_foundation= 29.0/52  lifetime_outcomes={'won': 90, 'stalled': 2, 'truncated': 201, 'other': 0}  rss= 3138.6MB  (2901s)
  EVAL  step   250000  win_rate=30.00%  mean_return=2779.311  mean_foundation= 24.4/52  mean_length=828.9  (greedy, 100 fixed deals)
step   251000/400000  eps=0.150  episodes=  294  mean_return=7044.520  mean_loss= 8.62821  mean_foundation= 52.0/52  lifetime_outcomes={'won': 91, 'stalled': 2, 'truncated': 201, 'other': 0}  rss= 3138.6MB  (2987s)
step   252000/400000  eps=0.150  episodes=  295  mean_return=660.000  mean_loss= 8.32731  mean_foundation=  7.0/52  lifetime_outcomes={'won': 91, 'stalled': 2, 'truncated': 202, 'other': 0}  rss= 3138.6MB  (2990s)
step   253000/400000  eps=0.150  episodes=  296  mean_return=7002.380  mean_loss= 8.29475  mean_foundation= 52.0/52  lifetime_outcomes={'won': 92, 'stalled': 2, 'truncated': 202, 'other': 0}  rss= 3138.6MB  (2994s)
step   254000/400000  eps=0.150  episodes=  298  mean_return=4202.680  mean_loss= 7.82465  mean_foundation= 36.0/52  lifetime_outcomes={'won': 93, 'stalled': 2, 'truncated': 203, 'other': 0}  rss= 3138.6MB  (2997s)
step   255000/400000  eps=0.150  episodes=  299  mean_return=390.000  mean_loss= 7.98983  mean_foundation=  5.0/52  lifetime_outcomes={'won': 93, 'stalled': 2, 'truncated': 204, 'other': 0}  rss= 3138.6MB  (3001s)
step   256000/400000  eps=0.150  episodes=  300  mean_return=7046.530  mean_loss= 7.75094  mean_foundation= 52.0/52  lifetime_outcomes={'won': 94, 'stalled': 2, 'truncated': 204, 'other': 0}  rss= 3138.6MB  (3004s)
step   257000/400000  eps=0.150  episodes=  302  mean_return=3953.385  mean_loss= 7.83371  mean_foundation= 33.5/52  lifetime_outcomes={'won': 95, 'stalled': 2, 'truncated': 205, 'other': 0}  rss= 3138.6MB  (3008s)
step   258000/400000  eps=0.150  episodes=  303  mean_return=410.000  mean_loss= 8.04851  mean_foundation= 11.0/52  lifetime_outcomes={'won': 95, 'stalled': 2, 'truncated': 206, 'other': 0}  rss= 3138.6MB  (3011s)
step   259000/400000  eps=0.150  episodes=  305  mean_return=3813.165  mean_loss= 7.99513  mean_foundation= 28.5/52  lifetime_outcomes={'won': 96, 'stalled': 2, 'truncated': 207, 'other': 0}  rss= 3138.6MB  (3015s)
step   260000/400000  eps=0.150  episodes=  306  mean_return=1100.000  mean_loss= 7.80117  mean_foundation=  8.0/52  lifetime_outcomes={'won': 96, 'stalled': 2, 'truncated': 208, 'other': 0}  rss= 3138.6MB  (3018s)
  EVAL  step   260000  win_rate=33.00%  mean_return=2953.964  mean_foundation= 25.4/52  mean_length=863.6  (greedy, 100 fixed deals)
step   261000/400000  eps=0.150  episodes=  308  mean_return=7045.130  mean_loss= 7.86824  mean_foundation= 52.0/52  lifetime_outcomes={'won': 98, 'stalled': 2, 'truncated': 208, 'other': 0}  rss= 3138.6MB  (3106s)
step   262000/400000  eps=0.150  episodes=  309  mean_return=7004.400  mean_loss= 7.56435  mean_foundation= 52.0/52  lifetime_outcomes={'won': 99, 'stalled': 2, 'truncated': 208, 'other': 0}  rss= 3138.6MB  (3110s)
step   263000/400000  eps=0.150  episodes=  310  mean_return=320.000  mean_loss= 7.29885  mean_foundation=  1.0/52  lifetime_outcomes={'won': 99, 'stalled': 2, 'truncated': 209, 'other': 0}  rss= 3138.6MB  (3114s)
step   264000/400000  eps=0.150  episodes=  311  mean_return=890.000  mean_loss= 7.29360  mean_foundation=  4.0/52  lifetime_outcomes={'won': 99, 'stalled': 2, 'truncated': 210, 'other': 0}  rss= 3138.6MB  (3117s)
step   265000/400000  eps=0.150  episodes=  312  mean_return=1330.000  mean_loss= 7.22551  mean_foundation=  6.0/52  lifetime_outcomes={'won': 99, 'stalled': 2, 'truncated': 211, 'other': 0}  rss= 3138.6MB  (3123s)
step   266000/400000  eps=0.150  episodes=  313  mean_return=910.000  mean_loss= 7.32883  mean_foundation=  9.0/52  lifetime_outcomes={'won': 99, 'stalled': 2, 'truncated': 212, 'other': 0}  rss= 3138.6MB  (3128s)
step   267000/400000  eps=0.150  episodes=  314  mean_return=1130.000  mean_loss= 7.07040  mean_foundation= 24.0/52  lifetime_outcomes={'won': 99, 'stalled': 2, 'truncated': 213, 'other': 0}  rss= 3138.6MB  (3131s)
step   268000/400000  eps=0.150  episodes=  315  mean_return=1000.000  mean_loss= 7.12204  mean_foundation= 12.0/52  lifetime_outcomes={'won': 99, 'stalled': 2, 'truncated': 214, 'other': 0}  rss= 3138.6MB  (3135s)
step   269000/400000  eps=0.150  episodes=  316  mean_return=490.000  mean_loss= 7.25347  mean_foundation= 10.0/52  lifetime_outcomes={'won': 99, 'stalled': 2, 'truncated': 215, 'other': 0}  rss= 3138.6MB  (3139s)
step   270000/400000  eps=0.150  episodes=  317  mean_return=660.000  mean_loss= 7.14804  mean_foundation= 11.0/52  lifetime_outcomes={'won': 99, 'stalled': 2, 'truncated': 216, 'other': 0}  rss= 3138.6MB  (3143s)
  EVAL  step   270000  win_rate=34.00%  mean_return=3043.839  mean_foundation= 26.2/52  mean_length=846.1  (greedy, 100 fixed deals)
step   271000/400000  eps=0.150  episodes=  318  mean_return=1340.000  mean_loss= 7.36415  mean_foundation= 18.0/52  lifetime_outcomes={'won': 99, 'stalled': 2, 'truncated': 217, 'other': 0}  rss= 3138.6MB  (3229s)
step   272000/400000  eps=0.150  episodes=  320  mean_return=3836.850  mean_loss= 6.64105  mean_foundation= 29.0/52  lifetime_outcomes={'won': 100, 'stalled': 2, 'truncated': 218, 'other': 0}  rss= 3138.6MB  (3233s)
step   273000/400000  eps=0.150  episodes=  321  mean_return=1570.000  mean_loss= 6.85092  mean_foundation= 20.0/52  lifetime_outcomes={'won': 100, 'stalled': 2, 'truncated': 219, 'other': 0}  rss= 3138.6MB  (3236s)
step   274000/400000  eps=0.150  episodes=  322  mean_return=1960.000  mean_loss= 6.98235  mean_foundation= 44.0/52  lifetime_outcomes={'won': 100, 'stalled': 2, 'truncated': 220, 'other': 0}  rss= 3138.6MB  (3240s)
step   275000/400000  eps=0.150  episodes=  324  mean_return=7045.530  mean_loss= 6.42380  mean_foundation= 52.0/52  lifetime_outcomes={'won': 102, 'stalled': 2, 'truncated': 220, 'other': 0}  rss= 3138.6MB  (3243s)
step   276000/400000  eps=0.150  episodes=  326  mean_return=7046.040  mean_loss= 6.59250  mean_foundation= 52.0/52  lifetime_outcomes={'won': 104, 'stalled': 2, 'truncated': 220, 'other': 0}  rss= 3138.6MB  (3246s)
step   277000/400000  eps=0.150  episodes=  327  mean_return=790.000  mean_loss= 6.52233  mean_foundation=  3.0/52  lifetime_outcomes={'won': 104, 'stalled': 2, 'truncated': 221, 'other': 0}  rss= 3138.6MB  (3250s)
step   278000/400000  eps=0.150  episodes=  328  mean_return=600.000  mean_loss= 6.48787  mean_foundation= 11.0/52  lifetime_outcomes={'won': 104, 'stalled': 2, 'truncated': 222, 'other': 0}  rss= 3138.6MB  (3253s)
step   279000/400000  eps=0.150  episodes=  329  mean_return=960.000  mean_loss= 6.42659  mean_foundation=  4.0/52  lifetime_outcomes={'won': 104, 'stalled': 2, 'truncated': 223, 'other': 0}  rss= 3138.6MB  (3257s)
step   280000/400000  eps=0.150  episodes=  330  mean_return=7040.310  mean_loss= 6.43788  mean_foundation= 52.0/52  lifetime_outcomes={'won': 105, 'stalled': 2, 'truncated': 223, 'other': 0}  rss= 3138.6MB  (3260s)
  EVAL  step   280000  win_rate=27.00%  mean_return=2615.995  mean_foundation= 23.9/52  mean_length=870.5  (greedy, 100 fixed deals)
step   281000/400000  eps=0.150  episodes=  331  mean_return=1370.000  mean_loss= 6.32717  mean_foundation= 15.0/52  lifetime_outcomes={'won': 105, 'stalled': 2, 'truncated': 224, 'other': 0}  rss= 3138.6MB  (3351s)
step   282000/400000  eps=0.150  episodes=  332  mean_return=7043.980  mean_loss= 6.43649  mean_foundation= 52.0/52  lifetime_outcomes={'won': 106, 'stalled': 2, 'truncated': 224, 'other': 0}  rss= 3138.6MB  (3355s)
step   283000/400000  eps=0.150  episodes=  333  mean_return=720.000  mean_loss= 6.13895  mean_foundation=  4.0/52  lifetime_outcomes={'won': 106, 'stalled': 2, 'truncated': 225, 'other': 0}  rss= 3138.6MB  (3359s)
step   284000/400000  eps=0.150  episodes=  334  mean_return=850.000  mean_loss= 5.92094  mean_foundation=  4.0/52  lifetime_outcomes={'won': 106, 'stalled': 2, 'truncated': 226, 'other': 0}  rss= 3138.6MB  (3363s)
step   285000/400000  eps=0.150  episodes=  335  mean_return=880.000  mean_loss= 6.11439  mean_foundation= 12.0/52  lifetime_outcomes={'won': 106, 'stalled': 2, 'truncated': 227, 'other': 0}  rss= 3138.6MB  (3366s)
step   286000/400000  eps=0.150  episodes=  336  mean_return=820.000  mean_loss= 6.19335  mean_foundation=  9.0/52  lifetime_outcomes={'won': 106, 'stalled': 2, 'truncated': 228, 'other': 0}  rss= 3138.6MB  (3370s)
step   287000/400000  eps=0.150  episodes=  337  mean_return=530.000  mean_loss= 5.81717  mean_foundation=  5.0/52  lifetime_outcomes={'won': 106, 'stalled': 2, 'truncated': 229, 'other': 0}  rss= 3138.6MB  (3373s)
step   288000/400000  eps=0.150  episodes=  338  mean_return=560.000  mean_loss= 6.06181  mean_foundation=  7.0/52  lifetime_outcomes={'won': 106, 'stalled': 2, 'truncated': 230, 'other': 0}  rss= 3138.6MB  (3377s)
step   289000/400000  eps=0.150  episodes=  340  mean_return=3991.800  mean_loss= 5.91389  mean_foundation= 29.5/52  lifetime_outcomes={'won': 107, 'stalled': 2, 'truncated': 231, 'other': 0}  rss= 3138.6MB  (3381s)
step   290000/400000  eps=0.150  episodes=  341  mean_return=7042.310  mean_loss= 5.91802  mean_foundation= 52.0/52  lifetime_outcomes={'won': 108, 'stalled': 2, 'truncated': 231, 'other': 0}  rss= 3138.6MB  (3384s)
  EVAL  step   290000  win_rate=33.00%  mean_return=2937.577  mean_foundation= 25.4/52  mean_length=812.4  (greedy, 100 fixed deals)
step   291000/400000  eps=0.150  episodes=  342  mean_return=1510.000  mean_loss= 5.81852  mean_foundation= 19.0/52  lifetime_outcomes={'won': 108, 'stalled': 2, 'truncated': 232, 'other': 0}  rss= 3138.6MB  (3468s)
step   292000/400000  eps=0.150  episodes=  343  mean_return=930.000  mean_loss= 5.79335  mean_foundation=  5.0/52  lifetime_outcomes={'won': 108, 'stalled': 2, 'truncated': 233, 'other': 0}  rss= 3138.6MB  (3472s)
step   293000/400000  eps=0.150  episodes=  344  mean_return=920.000  mean_loss= 5.77881  mean_foundation=  9.0/52  lifetime_outcomes={'won': 108, 'stalled': 2, 'truncated': 234, 'other': 0}  rss= 3138.6MB  (3476s)
step   294000/400000  eps=0.150  episodes=  346  mean_return=3973.940  mean_loss= 5.66159  mean_foundation= 31.5/52  lifetime_outcomes={'won': 109, 'stalled': 2, 'truncated': 235, 'other': 0}  rss= 3138.6MB  (3479s)
step   295000/400000  eps=0.150  episodes=  347  mean_return=1350.000  mean_loss= 5.76476  mean_foundation= 12.0/52  lifetime_outcomes={'won': 109, 'stalled': 2, 'truncated': 236, 'other': 0}  rss= 3138.6MB  (3483s)
step   296000/400000  eps=0.150  episodes=  348  mean_return=7047.250  mean_loss= 5.68518  mean_foundation= 52.0/52  lifetime_outcomes={'won': 110, 'stalled': 2, 'truncated': 236, 'other': 0}  rss= 3138.6MB  (3486s)
step   297000/400000  eps=0.150  episodes=  349  mean_return=870.000  mean_loss= 5.50948  mean_foundation= 15.0/52  lifetime_outcomes={'won': 110, 'stalled': 2, 'truncated': 237, 'other': 0}  rss= 3138.6MB  (3490s)
step   298000/400000  eps=0.150  episodes=  350  mean_return=670.000  mean_loss= 5.42487  mean_foundation= 11.0/52  lifetime_outcomes={'won': 110, 'stalled': 2, 'truncated': 238, 'other': 0}  rss= 3138.6MB  (3493s)
step   299000/400000  eps=0.150  episodes=  352  mean_return=3962.630  mean_loss= 5.43605  mean_foundation= 28.0/52  lifetime_outcomes={'won': 111, 'stalled': 2, 'truncated': 239, 'other': 0}  rss= 3138.6MB  (3496s)
step   300000/400000  eps=0.150  episodes=  353  mean_return=490.000  mean_loss= 5.38636  mean_foundation= 10.0/52  lifetime_outcomes={'won': 111, 'stalled': 2, 'truncated': 240, 'other': 0}  rss= 3138.6MB  (3500s)
  EVAL  step   300000  win_rate=29.00%  mean_return=2740.014  mean_foundation= 25.1/52  mean_length=868.6  (greedy, 100 fixed deals)
step   301000/400000  eps=0.150  episodes=  354  mean_return=820.000  mean_loss= 5.40093  mean_foundation=  8.0/52  lifetime_outcomes={'won': 111, 'stalled': 2, 'truncated': 241, 'other': 0}  rss= 3138.6MB  (3585s)
step   302000/400000  eps=0.150  episodes=  355  mean_return=7044.770  mean_loss= 5.20031  mean_foundation= 52.0/52  lifetime_outcomes={'won': 112, 'stalled': 2, 'truncated': 241, 'other': 0}  rss= 3138.6MB  (3589s)
step   303000/400000  eps=0.150  episodes=  356  mean_return=1310.000  mean_loss= 5.29556  mean_foundation= 23.0/52  lifetime_outcomes={'won': 112, 'stalled': 2, 'truncated': 242, 'other': 0}  rss= 3138.6MB  (3592s)
step   304000/400000  eps=0.150  episodes=  357  mean_return=1180.000  mean_loss= 5.32008  mean_foundation= 16.0/52  lifetime_outcomes={'won': 112, 'stalled': 2, 'truncated': 243, 'other': 0}  rss= 3138.6MB  (3596s)
step   305000/400000  eps=0.150  episodes=  358  mean_return=1450.000  mean_loss= 5.23563  mean_foundation= 14.0/52  lifetime_outcomes={'won': 112, 'stalled': 2, 'truncated': 244, 'other': 0}  rss= 3138.6MB  (3600s)
step   306000/400000  eps=0.150  episodes=  360  mean_return=469.560  mean_loss= 5.17375  mean_foundation=  4.5/52  lifetime_outcomes={'won': 112, 'stalled': 3, 'truncated': 245, 'other': 0}  rss= 3138.6MB  (3603s)
step   307000/400000  eps=0.150  episodes=  363  mean_return=5057.283  mean_loss= 5.20840  mean_foundation= 36.7/52  lifetime_outcomes={'won': 114, 'stalled': 3, 'truncated': 246, 'other': 0}  rss= 3138.6MB  (3607s)
step   308000/400000  eps=0.150  episodes=  364  mean_return=1030.000  mean_loss= 5.04964  mean_foundation= 10.0/52  lifetime_outcomes={'won': 114, 'stalled': 3, 'truncated': 247, 'other': 0}  rss= 3138.6MB  (3611s)
step   309000/400000  eps=0.150  episodes=  365  mean_return=1180.000  mean_loss= 4.90474  mean_foundation= 12.0/52  lifetime_outcomes={'won': 114, 'stalled': 3, 'truncated': 248, 'other': 0}  rss= 3138.6MB  (3614s)
step   310000/400000  eps=0.150  episodes=  366  mean_return=1530.000  mean_loss= 4.85525  mean_foundation= 25.0/52  lifetime_outcomes={'won': 114, 'stalled': 3, 'truncated': 249, 'other': 0}  rss= 3138.6MB  (3618s)
  EVAL  step   310000  win_rate=33.00%  mean_return=2912.319  mean_foundation= 25.3/52  mean_length=818.1  (greedy, 100 fixed deals)
step   311000/400000  eps=0.150  episodes=  367  mean_return=1130.000  mean_loss= 4.99839  mean_foundation=  8.0/52  lifetime_outcomes={'won': 114, 'stalled': 3, 'truncated': 250, 'other': 0}  rss= 3138.6MB  (3701s)
step   312000/400000  eps=0.150  episodes=  368  mean_return=7047.280  mean_loss= 4.71858  mean_foundation= 52.0/52  lifetime_outcomes={'won': 115, 'stalled': 3, 'truncated': 250, 'other': 0}  rss= 3138.6MB  (3704s)
step   313000/400000  eps=0.150  episodes=  369  mean_return=1430.000  mean_loss= 4.61884  mean_foundation= 17.0/52  lifetime_outcomes={'won': 115, 'stalled': 3, 'truncated': 251, 'other': 0}  rss= 3138.6MB  (3708s)
step   314000/400000  eps=0.150  episodes=  370  mean_return=1440.000  mean_loss= 4.74342  mean_foundation= 12.0/52  lifetime_outcomes={'won': 115, 'stalled': 3, 'truncated': 252, 'other': 0}  rss= 3138.6MB  (3711s)
step   315000/400000  eps=0.150  episodes=  372  mean_return=3842.895  mean_loss= 4.89427  mean_foundation= 30.0/52  lifetime_outcomes={'won': 116, 'stalled': 3, 'truncated': 253, 'other': 0}  rss= 3138.6MB  (3715s)
step   316000/400000  eps=0.150  episodes=  373  mean_return=470.000  mean_loss= 4.77721  mean_foundation=  3.0/52  lifetime_outcomes={'won': 116, 'stalled': 3, 'truncated': 254, 'other': 0}  rss= 3138.6MB  (3718s)
step   317000/400000  eps=0.150  episodes=  374  mean_return=1530.000  mean_loss= 4.61245  mean_foundation= 21.0/52  lifetime_outcomes={'won': 116, 'stalled': 3, 'truncated': 255, 'other': 0}  rss= 3138.6MB  (3722s)
step   318000/400000  eps=0.150  episodes=  375  mean_return=7044.970  mean_loss= 4.47090  mean_foundation= 52.0/52  lifetime_outcomes={'won': 117, 'stalled': 3, 'truncated': 255, 'other': 0}  rss= 3138.6MB  (3725s)
step   319000/400000  eps=0.150  episodes=  378  mean_return=5200.587  mean_loss= 4.69102  mean_foundation= 39.3/52  lifetime_outcomes={'won': 119, 'stalled': 3, 'truncated': 256, 'other': 0}  rss= 3138.6MB  (3729s)
step   320000/400000  eps=0.150  episodes=  379  mean_return=7048.060  mean_loss= 4.68501  mean_foundation= 52.0/52  lifetime_outcomes={'won': 120, 'stalled': 3, 'truncated': 256, 'other': 0}  rss= 3138.6MB  (3732s)
  EVAL  step   320000  win_rate=27.00%  mean_return=2628.861  mean_foundation= 24.1/52  mean_length=883.9  (greedy, 100 fixed deals)
step   321000/400000  eps=0.150  episodes=  381  mean_return=3797.390  mean_loss= 4.71223  mean_foundation= 29.0/52  lifetime_outcomes={'won': 121, 'stalled': 3, 'truncated': 257, 'other': 0}  rss= 3138.6MB  (3818s)
step   322000/400000  eps=0.150  episodes=  382  mean_return=7045.640  mean_loss= 4.42424  mean_foundation= 52.0/52  lifetime_outcomes={'won': 122, 'stalled': 3, 'truncated': 257, 'other': 0}  rss= 3138.6MB  (3821s)
step   323000/400000  eps=0.150  episodes=  385  mean_return=5050.577  mean_loss= 4.81049  mean_foundation= 37.3/52  lifetime_outcomes={'won': 124, 'stalled': 3, 'truncated': 258, 'other': 0}  rss= 3138.6MB  (3825s)
step   324000/400000  eps=0.150  episodes=  387  mean_return=7045.095  mean_loss= 4.29026  mean_foundation= 52.0/52  lifetime_outcomes={'won': 126, 'stalled': 3, 'truncated': 258, 'other': 0}  rss= 3138.6MB  (3829s)
step   325000/400000  eps=0.150  episodes=  388  mean_return=560.000  mean_loss= 4.49315  mean_foundation=  3.0/52  lifetime_outcomes={'won': 126, 'stalled': 3, 'truncated': 259, 'other': 0}  rss= 3138.6MB  (3832s)
step   326000/400000  eps=0.150  episodes=  389  mean_return=7044.610  mean_loss= 4.24877  mean_foundation= 52.0/52  lifetime_outcomes={'won': 127, 'stalled': 3, 'truncated': 259, 'other': 0}  rss= 3138.6MB  (3836s)
step   327000/400000  eps=0.150  episodes=  390  mean_return=890.000  mean_loss= 4.42480  mean_foundation=  6.0/52  lifetime_outcomes={'won': 127, 'stalled': 3, 'truncated': 260, 'other': 0}  rss= 3138.6MB  (3840s)
step   328000/400000  eps=0.150  episodes=  391  mean_return=7042.560  mean_loss= 4.30971  mean_foundation= 52.0/52  lifetime_outcomes={'won': 128, 'stalled': 3, 'truncated': 260, 'other': 0}  rss= 3138.6MB  (3843s)
step   329000/400000  eps=0.150  episodes=  392  mean_return=1380.000  mean_loss= 4.29706  mean_foundation=  9.0/52  lifetime_outcomes={'won': 128, 'stalled': 3, 'truncated': 261, 'other': 0}  rss= 3138.6MB  (3847s)
step   330000/400000  eps=0.150  episodes=  394  mean_return=3896.375  mean_loss= 4.24533  mean_foundation= 32.0/52  lifetime_outcomes={'won': 129, 'stalled': 3, 'truncated': 262, 'other': 0}  rss= 3138.6MB  (3850s)
  EVAL  step   330000  win_rate=22.00%  mean_return=2372.278  mean_foundation= 22.6/52  mean_length=912.2  (greedy, 100 fixed deals)
step   331000/400000  eps=0.150  episodes=  395  mean_return=1650.000  mean_loss= 4.18866  mean_foundation= 23.0/52  lifetime_outcomes={'won': 129, 'stalled': 3, 'truncated': 263, 'other': 0}  rss= 3138.6MB  (3942s)
step   332000/400000  eps=0.150  episodes=  396  mean_return=7044.020  mean_loss= 4.16796  mean_foundation= 52.0/52  lifetime_outcomes={'won': 130, 'stalled': 3, 'truncated': 263, 'other': 0}  rss= 3138.6MB  (3945s)
step   333000/400000  eps=0.150  episodes=  398  mean_return=4042.500  mean_loss= 3.91636  mean_foundation= 29.0/52  lifetime_outcomes={'won': 131, 'stalled': 3, 'truncated': 264, 'other': 0}  rss= 3138.6MB  (3949s)
step   334000/400000  eps=0.150  episodes=  399  mean_return=7041.870  mean_loss= 4.06205  mean_foundation= 52.0/52  lifetime_outcomes={'won': 132, 'stalled': 3, 'truncated': 264, 'other': 0}  rss= 3138.6MB  (3953s)
step   335000/400000  eps=0.150  episodes=  400  mean_return=1490.000  mean_loss= 3.98025  mean_foundation= 16.0/52  lifetime_outcomes={'won': 132, 'stalled': 3, 'truncated': 265, 'other': 0}  rss= 3138.6MB  (3956s)
step   336000/400000  eps=0.150  episodes=  401  mean_return=1220.000  mean_loss= 4.05747  mean_foundation= 11.0/52  lifetime_outcomes={'won': 132, 'stalled': 3, 'truncated': 266, 'other': 0}  rss= 3138.6MB  (3960s)
step   337000/400000  eps=0.150  episodes=  402  mean_return=1750.000  mean_loss= 3.97551  mean_foundation= 33.0/52  lifetime_outcomes={'won': 132, 'stalled': 3, 'truncated': 267, 'other': 0}  rss= 3138.6MB  (3963s)
step   338000/400000  eps=0.150  episodes=  403  mean_return=580.000  mean_loss= 3.94631  mean_foundation= 10.0/52  lifetime_outcomes={'won': 132, 'stalled': 3, 'truncated': 268, 'other': 0}  rss= 3138.6MB  (3967s)
step   339000/400000  eps=0.150  episodes=  405  mean_return=7045.740  mean_loss= 3.91843  mean_foundation= 52.0/52  lifetime_outcomes={'won': 134, 'stalled': 3, 'truncated': 268, 'other': 0}  rss= 3138.6MB  (3970s)
step   340000/400000  eps=0.150  episodes=  407  mean_return=7045.005  mean_loss= 3.77243  mean_foundation= 52.0/52  lifetime_outcomes={'won': 136, 'stalled': 3, 'truncated': 268, 'other': 0}  rss= 3138.6MB  (3974s)
  EVAL  step   340000  win_rate=24.00%  mean_return=2480.747  mean_foundation= 23.1/52  mean_length=895.3  (greedy, 100 fixed deals)
step   341000/400000  eps=0.150  episodes=  408  mean_return=7044.820  mean_loss= 3.91714  mean_foundation= 52.0/52  lifetime_outcomes={'won': 137, 'stalled': 3, 'truncated': 268, 'other': 0}  rss= 3138.6MB  (4061s)
step   342000/400000  eps=0.150  episodes=  409  mean_return=1280.000  mean_loss= 3.72269  mean_foundation= 19.0/52  lifetime_outcomes={'won': 137, 'stalled': 3, 'truncated': 269, 'other': 0}  rss= 3138.6MB  (4064s)
step   343000/400000  eps=0.150  episodes=  410  mean_return=7040.620  mean_loss= 3.73259  mean_foundation= 52.0/52  lifetime_outcomes={'won': 138, 'stalled': 3, 'truncated': 269, 'other': 0}  rss= 3138.6MB  (4068s)
step   344000/400000  eps=0.150  episodes=  412  mean_return=3823.180  mean_loss= 3.75242  mean_foundation= 29.0/52  lifetime_outcomes={'won': 139, 'stalled': 3, 'truncated': 270, 'other': 0}  rss= 3138.6MB  (4072s)
step   345000/400000  eps=0.150  episodes=  413  mean_return=1110.000  mean_loss= 3.66337  mean_foundation=  8.0/52  lifetime_outcomes={'won': 139, 'stalled': 3, 'truncated': 271, 'other': 0}  rss= 3138.6MB  (4075s)
step   346000/400000  eps=0.150  episodes=  415  mean_return=7043.300  mean_loss= 3.62076  mean_foundation= 52.0/52  lifetime_outcomes={'won': 141, 'stalled': 3, 'truncated': 271, 'other': 0}  rss= 3138.6MB  (4079s)
step   347000/400000  eps=0.150  episodes=  416  mean_return=780.000  mean_loss= 3.63502  mean_foundation=  7.0/52  lifetime_outcomes={'won': 141, 'stalled': 3, 'truncated': 272, 'other': 0}  rss= 3138.6MB  (4083s)
step   348000/400000  eps=0.150  episodes=  417  mean_return=7045.020  mean_loss= 3.57004  mean_foundation= 52.0/52  lifetime_outcomes={'won': 142, 'stalled': 3, 'truncated': 272, 'other': 0}  rss= 3138.6MB  (4086s)
step   349000/400000  eps=0.150  episodes=  418  mean_return=550.000  mean_loss= 3.51484  mean_foundation=  1.0/52  lifetime_outcomes={'won': 142, 'stalled': 3, 'truncated': 273, 'other': 0}  rss= 3138.6MB  (4090s)
step   350000/400000  eps=0.150  episodes=  420  mean_return=4162.050  mean_loss= 3.46830  mean_foundation= 34.5/52  lifetime_outcomes={'won': 143, 'stalled': 3, 'truncated': 274, 'other': 0}  rss= 3138.6MB  (4094s)
  EVAL  step   350000  win_rate=34.00%  mean_return=2984.108  mean_foundation= 25.7/52  mean_length=839.2  (greedy, 100 fixed deals)
step   351000/400000  eps=0.150  episodes=  421  mean_return=1170.000  mean_loss= 3.65794  mean_foundation= 13.0/52  lifetime_outcomes={'won': 143, 'stalled': 3, 'truncated': 275, 'other': 0}  rss= 3138.6MB  (4179s)
step   352000/400000  eps=0.150  episodes=  423  mean_return=7024.795  mean_loss= 3.33351  mean_foundation= 52.0/52  lifetime_outcomes={'won': 145, 'stalled': 3, 'truncated': 275, 'other': 0}  rss= 3138.6MB  (4183s)
step   353000/400000  eps=0.150  episodes=  424  mean_return=460.000  mean_loss= 3.42832  mean_foundation=  6.0/52  lifetime_outcomes={'won': 145, 'stalled': 3, 'truncated': 276, 'other': 0}  rss= 3138.6MB  (4186s)
step   354000/400000  eps=0.150  episodes=  425  mean_return=200.000  mean_loss= 3.40396  mean_foundation=  3.0/52  lifetime_outcomes={'won': 145, 'stalled': 3, 'truncated': 277, 'other': 0}  rss= 3138.6MB  (4190s)
step   355000/400000  eps=0.150  episodes=  426  mean_return=7046.710  mean_loss= 3.31267  mean_foundation= 52.0/52  lifetime_outcomes={'won': 146, 'stalled': 3, 'truncated': 277, 'other': 0}  rss= 3138.6MB  (4193s)
step   356000/400000  eps=0.150  episodes=  427  mean_return=970.000  mean_loss= 3.21949  mean_foundation= 20.0/52  lifetime_outcomes={'won': 146, 'stalled': 3, 'truncated': 278, 'other': 0}  rss= 3138.6MB  (4197s)
step   357000/400000  eps=0.150  episodes=  428  mean_return=210.000  mean_loss= 3.34242  mean_foundation= 12.0/52  lifetime_outcomes={'won': 146, 'stalled': 3, 'truncated': 279, 'other': 0}  rss= 3138.6MB  (4200s)
step   358000/400000  eps=0.150  episodes=  430  mean_return=4006.915  mean_loss= 3.27129  mean_foundation= 33.5/52  lifetime_outcomes={'won': 147, 'stalled': 3, 'truncated': 280, 'other': 0}  rss= 3138.6MB  (4204s)
step   359000/400000  eps=0.150  episodes=  431  mean_return=7044.230  mean_loss= 3.21922  mean_foundation= 52.0/52  lifetime_outcomes={'won': 148, 'stalled': 3, 'truncated': 280, 'other': 0}  rss= 3138.6MB  (4208s)
step   360000/400000  eps=0.150  episodes=  432  mean_return=7042.110  mean_loss= 3.13094  mean_foundation= 52.0/52  lifetime_outcomes={'won': 149, 'stalled': 3, 'truncated': 280, 'other': 0}  rss= 3138.6MB  (4211s)
  EVAL  step   360000  win_rate=39.00%  mean_return=3320.790  mean_foundation= 27.4/52  mean_length=801.0  (greedy, 100 fixed deals)
step   361000/400000  eps=0.150  episodes=  435  mean_return=2854.713  mean_loss= 3.29405  mean_foundation= 25.7/52  lifetime_outcomes={'won': 150, 'stalled': 4, 'truncated': 281, 'other': 0}  rss= 3138.6MB  (4289s)
step   362000/400000  eps=0.150  episodes=  436  mean_return=610.000  mean_loss= 3.17973  mean_foundation=  4.0/52  lifetime_outcomes={'won': 150, 'stalled': 4, 'truncated': 282, 'other': 0}  rss= 3138.6MB  (4293s)
step   363000/400000  eps=0.150  episodes=  438  mean_return=7045.630  mean_loss= 3.26461  mean_foundation= 52.0/52  lifetime_outcomes={'won': 152, 'stalled': 4, 'truncated': 282, 'other': 0}  rss= 3138.6MB  (4296s)
step   364000/400000  eps=0.150  episodes=  439  mean_return=500.000  mean_loss= 3.18590  mean_foundation= 10.0/52  lifetime_outcomes={'won': 152, 'stalled': 4, 'truncated': 283, 'other': 0}  rss= 3138.6MB  (4300s)
step   365000/400000  eps=0.150  episodes=  440  mean_return=770.000  mean_loss= 3.13340  mean_foundation= 13.0/52  lifetime_outcomes={'won': 152, 'stalled': 4, 'truncated': 284, 'other': 0}  rss= 3138.6MB  (4304s)
step   366000/400000  eps=0.150  episodes=  441  mean_return=610.000  mean_loss= 3.15404  mean_foundation=  4.0/52  lifetime_outcomes={'won': 152, 'stalled': 4, 'truncated': 285, 'other': 0}  rss= 3138.6MB  (4307s)
step   367000/400000  eps=0.150  episodes=  443  mean_return=7044.150  mean_loss= 3.12898  mean_foundation= 52.0/52  lifetime_outcomes={'won': 154, 'stalled': 4, 'truncated': 285, 'other': 0}  rss= 3138.6MB  (4311s)
step   368000/400000  eps=0.150  episodes=  444  mean_return=1470.000  mean_loss= 3.09729  mean_foundation= 10.0/52  lifetime_outcomes={'won': 154, 'stalled': 4, 'truncated': 286, 'other': 0}  rss= 3138.6MB  (4314s)
step   369000/400000  eps=0.150  episodes=  445  mean_return=400.000  mean_loss= 2.88414  mean_foundation=  7.0/52  lifetime_outcomes={'won': 154, 'stalled': 4, 'truncated': 287, 'other': 0}  rss= 3138.6MB  (4318s)
step   370000/400000  eps=0.150  episodes=  447  mean_return=7044.580  mean_loss= 3.03856  mean_foundation= 52.0/52  lifetime_outcomes={'won': 156, 'stalled': 4, 'truncated': 287, 'other': 0}  rss= 3138.6MB  (4322s)
  EVAL  step   370000  win_rate=39.00%  mean_return=3284.391  mean_foundation= 27.7/52  mean_length=760.9  (greedy, 100 fixed deals)
step   371000/400000  eps=0.150  episodes=  448  mean_return=1640.000  mean_loss= 3.09279  mean_foundation= 37.0/52  lifetime_outcomes={'won': 156, 'stalled': 4, 'truncated': 288, 'other': 0}  rss= 3138.6MB  (4398s)
step   372000/400000  eps=0.150  episodes=  449  mean_return=830.000  mean_loss= 2.96640  mean_foundation=  7.0/52  lifetime_outcomes={'won': 156, 'stalled': 4, 'truncated': 289, 'other': 0}  rss= 3138.6MB  (4402s)
step   373000/400000  eps=0.150  episodes=  450  mean_return=910.000  mean_loss= 2.93696  mean_foundation= 10.0/52  lifetime_outcomes={'won': 156, 'stalled': 4, 'truncated': 290, 'other': 0}  rss= 3138.6MB  (4405s)
step   374000/400000  eps=0.150  episodes=  451  mean_return=7045.800  mean_loss= 2.89995  mean_foundation= 52.0/52  lifetime_outcomes={'won': 157, 'stalled': 4, 'truncated': 290, 'other': 0}  rss= 3138.6MB  (4409s)
step   375000/400000  eps=0.150  episodes=  452  mean_return=870.000  mean_loss= 2.93014  mean_foundation=  4.0/52  lifetime_outcomes={'won': 157, 'stalled': 4, 'truncated': 291, 'other': 0}  rss= 3138.6MB  (4413s)
step   376000/400000  eps=0.150  episodes=  453  mean_return=940.000  mean_loss= 2.81761  mean_foundation= 10.0/52  lifetime_outcomes={'won': 157, 'stalled': 4, 'truncated': 292, 'other': 0}  rss= 3138.6MB  (4416s)
step   377000/400000  eps=0.150  episodes=  455  mean_return=7042.770  mean_loss= 2.82426  mean_foundation= 52.0/52  lifetime_outcomes={'won': 159, 'stalled': 4, 'truncated': 292, 'other': 0}  rss= 3138.6MB  (4420s)
step   378000/400000  eps=0.150  episodes=  456  mean_return=670.000  mean_loss= 2.91972  mean_foundation= 12.0/52  lifetime_outcomes={'won': 159, 'stalled': 4, 'truncated': 293, 'other': 0}  rss= 3138.6MB  (4423s)
step   379000/400000  eps=0.150  episodes=  458  mean_return=7045.535  mean_loss= 2.77115  mean_foundation= 52.0/52  lifetime_outcomes={'won': 161, 'stalled': 4, 'truncated': 293, 'other': 0}  rss= 3138.6MB  (4427s)
step   380000/400000  eps=0.150  episodes=  459  mean_return=1340.000  mean_loss= 2.84307  mean_foundation= 17.0/52  lifetime_outcomes={'won': 161, 'stalled': 4, 'truncated': 294, 'other': 0}  rss= 3138.6MB  (4430s)
  EVAL  step   380000  win_rate=27.00%  mean_return=2619.372  mean_foundation= 23.3/52  mean_length=902.8  (greedy, 100 fixed deals)
step   381000/400000  eps=0.150  episodes=  460  mean_return=7046.990  mean_loss= 2.70748  mean_foundation= 52.0/52  lifetime_outcomes={'won': 162, 'stalled': 4, 'truncated': 294, 'other': 0}  rss= 3138.6MB  (4518s)
step   382000/400000  eps=0.150  episodes=  461  mean_return=380.000  mean_loss= 2.72262  mean_foundation=  8.0/52  lifetime_outcomes={'won': 162, 'stalled': 4, 'truncated': 295, 'other': 0}  rss= 3138.6MB  (4521s)
step   383000/400000  eps=0.150  episodes=  462  mean_return=470.000  mean_loss= 2.64933  mean_foundation=  2.0/52  lifetime_outcomes={'won': 162, 'stalled': 4, 'truncated': 296, 'other': 0}  rss= 3138.6MB  (4525s)
step   384000/400000  eps=0.150  episodes=  464  mean_return=4182.555  mean_loss= 2.60388  mean_foundation= 35.5/52  lifetime_outcomes={'won': 163, 'stalled': 4, 'truncated': 297, 'other': 0}  rss= 3138.6MB  (4528s)
step   385000/400000  eps=0.150  episodes=  465  mean_return=690.000  mean_loss= 2.60757  mean_foundation=  4.0/52  lifetime_outcomes={'won': 163, 'stalled': 4, 'truncated': 298, 'other': 0}  rss= 3138.6MB  (4531s)
step   386000/400000  eps=0.150  episodes=  467  mean_return=3758.185  mean_loss= 2.68229  mean_foundation= 27.0/52  lifetime_outcomes={'won': 164, 'stalled': 4, 'truncated': 299, 'other': 0}  rss= 3138.6MB  (4535s)
step   387000/400000  eps=0.150  episodes=  468  mean_return=530.000  mean_loss= 2.65058  mean_foundation=  8.0/52  lifetime_outcomes={'won': 164, 'stalled': 4, 'truncated': 300, 'other': 0}  rss= 3138.6MB  (4538s)
step   388000/400000  eps=0.150  episodes=  469  mean_return=7046.950  mean_loss= 2.58375  mean_foundation= 52.0/52  lifetime_outcomes={'won': 165, 'stalled': 4, 'truncated': 300, 'other': 0}  rss= 3138.6MB  (4542s)
step   389000/400000  eps=0.150  episodes=  470  mean_return=1550.000  mean_loss= 2.69889  mean_foundation= 18.0/52  lifetime_outcomes={'won': 165, 'stalled': 4, 'truncated': 301, 'other': 0}  rss= 3138.6MB  (4546s)
step   390000/400000  eps=0.150  episodes=  471  mean_return=1590.000  mean_loss= 2.64049  mean_foundation= 26.0/52  lifetime_outcomes={'won': 165, 'stalled': 4, 'truncated': 302, 'other': 0}  rss= 3138.6MB  (4549s)
  EVAL  step   390000  win_rate=30.00%  mean_return=2794.384  mean_foundation= 24.5/52  mean_length=871.6  (greedy, 100 fixed deals)
step   391000/400000  eps=0.150  episodes=  472  mean_return=1340.000  mean_loss= 2.60889  mean_foundation= 18.0/52  lifetime_outcomes={'won': 165, 'stalled': 4, 'truncated': 303, 'other': 0}  rss= 3138.6MB  (4639s)
step   392000/400000  eps=0.150  episodes=  473  mean_return=1550.000  mean_loss= 2.56120  mean_foundation= 32.0/52  lifetime_outcomes={'won': 165, 'stalled': 4, 'truncated': 304, 'other': 0}  rss= 3138.6MB  (4642s)
step   393000/400000  eps=0.150  episodes=  474  mean_return=1110.000  mean_loss= 2.50664  mean_foundation= 11.0/52  lifetime_outcomes={'won': 165, 'stalled': 4, 'truncated': 305, 'other': 0}  rss= 3138.6MB  (4645s)
step   394000/400000  eps=0.150  episodes=  475  mean_return=870.000  mean_loss= 2.57515  mean_foundation=  5.0/52  lifetime_outcomes={'won': 165, 'stalled': 4, 'truncated': 306, 'other': 0}  rss= 3138.6MB  (4649s)
step   395000/400000  eps=0.150  episodes=  477  mean_return=3947.540  mean_loss= 2.41532  mean_foundation= 32.5/52  lifetime_outcomes={'won': 166, 'stalled': 4, 'truncated': 307, 'other': 0}  rss= 3138.6MB  (4653s)
step   396000/400000  eps=0.150  episodes=  478  mean_return=810.000  mean_loss= 2.50588  mean_foundation=  8.0/52  lifetime_outcomes={'won': 166, 'stalled': 4, 'truncated': 308, 'other': 0}  rss= 3138.6MB  (4657s)
step   397000/400000  eps=0.150  episodes=  479  mean_return=1460.000  mean_loss= 2.44624  mean_foundation= 16.0/52  lifetime_outcomes={'won': 166, 'stalled': 4, 'truncated': 309, 'other': 0}  rss= 3138.6MB  (4660s)
step   398000/400000  eps=0.150  episodes=  480  mean_return=570.000  mean_loss= 2.37377  mean_foundation=  7.0/52  lifetime_outcomes={'won': 166, 'stalled': 4, 'truncated': 310, 'other': 0}  rss= 3138.6MB  (4664s)
step   399000/400000  eps=0.150  episodes=  481  mean_return=540.000  mean_loss= 2.40088  mean_foundation=  5.0/52  lifetime_outcomes={'won': 166, 'stalled': 4, 'truncated': 311, 'other': 0}  rss= 3138.6MB  (4667s)
step   400000/400000  eps=0.150  episodes=  482  mean_return=7005.290  mean_loss= 2.33645  mean_foundation= 52.0/52  lifetime_outcomes={'won': 167, 'stalled': 4, 'truncated': 311, 'other': 0}  rss= 3138.6MB  (4671s)
  EVAL  step   400000  win_rate=33.00%  mean_return=2940.873  mean_foundation= 25.3/52  mean_length=852.7  (greedy, 100 fixed deals)
done. saved final checkpoint to runs/021_double_dqn_soft_nstep3_per_dqfd_moredemo_epsfloor_loopbreaker/checkpoint_final.pt
=== train_resilient: training completed successfully ===
