run directory: runs/026_dqfd_moredemo_epsfloor_loopbreaker_solvcurriculum_undopenalty
eval: using 1000-seed battery from runs/eval_corpus.jsonl (first 200 of them per eval pass) instead of the fixed 900000+i range
DQfD: building 100000 permanent demo transitions from runs/curriculum_wins.jsonl
DQfD: loaded 100000 demo transitions into the permanent replay-buffer region
solvable-seed pool: loaded 1578 ground-truth-solvable seeds from runs/solvable_corpus.jsonl, used for fresh-deal resets over first 100000 steps
step     1000/400000  eps=0.996  episodes=    1  mean_return=-310.000  mean_loss=     nan  mean_foundation=  3.0/52  lifetime_outcomes={'won': 0, 'stalled': 0, 'truncated': 1, 'other': 0}  rss= 2056.0MB  (1s)
step     2000/400000  eps=0.992  episodes=    2  mean_return=960.000  mean_loss=     nan  mean_foundation=  6.0/52  lifetime_outcomes={'won': 0, 'stalled': 0, 'truncated': 2, 'other': 0}  rss= 2071.2MB  (2s)
step     3000/400000  eps=0.987  episodes=    3  mean_return=510.000  mean_loss=     nan  mean_foundation= 11.0/52  lifetime_outcomes={'won': 0, 'stalled': 0, 'truncated': 3, 'other': 0}  rss= 2080.0MB  (3s)
step     4000/400000  eps=0.983  episodes=    4  mean_return=400.000  mean_loss=     nan  mean_foundation=  4.0/52  lifetime_outcomes={'won': 0, 'stalled': 0, 'truncated': 4, 'other': 0}  rss= 2086.2MB  (4s)
step     5000/400000  eps=0.979  episodes=    5  mean_return=945.000  mean_loss=10.64657  mean_foundation=  6.0/52  lifetime_outcomes={'won': 0, 'stalled': 0, 'truncated': 5, 'other': 0}  rss= 2370.4MB  (5s)
step     6000/400000  eps=0.975  episodes=    6  mean_return=610.000  mean_loss=64.60814  mean_foundation=  9.0/52  lifetime_outcomes={'won': 0, 'stalled': 0, 'truncated': 6, 'other': 0}  rss= 2381.3MB  (9s)
step     7000/400000  eps=0.970  episodes=    7  mean_return=240.000  mean_loss=88.21862  mean_foundation=  8.0/52  lifetime_outcomes={'won': 0, 'stalled': 0, 'truncated': 7, 'other': 0}  rss= 2387.4MB  (12s)
step     8000/400000  eps=0.966  episodes=    8  mean_return=705.000  mean_loss=91.48325  mean_foundation= 16.0/52  lifetime_outcomes={'won': 0, 'stalled': 0, 'truncated': 8, 'other': 0}  rss= 2389.4MB  (17s)
step     9000/400000  eps=0.962  episodes=    9  mean_return=-340.000  mean_loss=96.58617  mean_foundation=  5.0/52  lifetime_outcomes={'won': 0, 'stalled': 0, 'truncated': 9, 'other': 0}  rss= 2395.4MB  (21s)
step    10000/400000  eps=0.958  episodes=   10  mean_return=-725.000  mean_loss=99.31942  mean_foundation=  6.0/52  lifetime_outcomes={'won': 0, 'stalled': 0, 'truncated': 10, 'other': 0}  rss= 2397.4MB  (25s)
  EVAL  step    10000  win_rate=29.50%  mean_return=2692.313  mean_foundation= 24.2/52  mean_length=823.7  (greedy, 200 fixed deals)
step    11000/400000  eps=0.953  episodes=   11  mean_return=670.000  mean_loss=97.00224  mean_foundation=  3.0/52  lifetime_outcomes={'won': 0, 'stalled': 0, 'truncated': 11, 'other': 0}  rss= 2436.0MB  (220s)
step    12000/400000  eps=0.949  episodes=   12  mean_return=339.380  mean_loss=96.63947  mean_foundation=  2.0/52  lifetime_outcomes={'won': 0, 'stalled': 1, 'truncated': 11, 'other': 0}  rss= 2436.0MB  (225s)
step    13000/400000  eps=0.945  episodes=   13  mean_return=870.000  mean_loss=96.63254  mean_foundation= 13.0/52  lifetime_outcomes={'won': 0, 'stalled': 1, 'truncated': 12, 'other': 0}  rss= 2436.6MB  (230s)
step    14000/400000  eps=0.941  episodes=   14  mean_return=585.000  mean_loss=98.19423  mean_foundation= 13.0/52  lifetime_outcomes={'won': 0, 'stalled': 1, 'truncated': 13, 'other': 0}  rss= 2442.6MB  (235s)
step    15000/400000  eps=0.936  episodes=   15  mean_return=300.000  mean_loss=95.89831  mean_foundation=  7.0/52  lifetime_outcomes={'won': 0, 'stalled': 1, 'truncated': 14, 'other': 0}  rss= 2444.6MB  (241s)
step    16000/400000  eps=0.932  episodes=   16  mean_return=1360.000  mean_loss=93.40587  mean_foundation= 28.0/52  lifetime_outcomes={'won': 0, 'stalled': 1, 'truncated': 15, 'other': 0}  rss= 2448.6MB  (246s)
step    17000/400000  eps=0.928  episodes=   17  mean_return=1060.000  mean_loss=88.36977  mean_foundation= 25.0/52  lifetime_outcomes={'won': 0, 'stalled': 1, 'truncated': 16, 'other': 0}  rss= 2452.6MB  (250s)
step    18000/400000  eps=0.923  episodes=   18  mean_return=800.000  mean_loss=87.37297  mean_foundation=  1.0/52  lifetime_outcomes={'won': 0, 'stalled': 1, 'truncated': 17, 'other': 0}  rss= 2456.7MB  (254s)
step    19000/400000  eps=0.919  episodes=   19  mean_return=-420.000  mean_loss=88.76515  mean_foundation=  0.0/52  lifetime_outcomes={'won': 0, 'stalled': 1, 'truncated': 18, 'other': 0}  rss= 2460.8MB  (258s)
step    20000/400000  eps=0.915  episodes=   20  mean_return=360.000  mean_loss=84.15420  mean_foundation=  7.0/52  lifetime_outcomes={'won': 0, 'stalled': 1, 'truncated': 19, 'other': 0}  rss= 2464.8MB  (263s)
  EVAL  step    20000  win_rate=33.50%  mean_return=2865.286  mean_foundation= 25.0/52  mean_length=776.4  (greedy, 200 fixed deals)
step    21000/400000  eps=0.911  episodes=   21  mean_return=405.000  mean_loss=82.49524  mean_foundation=  1.0/52  lifetime_outcomes={'won': 0, 'stalled': 1, 'truncated': 20, 'other': 0}  rss= 2471.6MB  (446s)
step    22000/400000  eps=0.906  episodes=   22  mean_return=-615.000  mean_loss=79.32035  mean_foundation=  3.0/52  lifetime_outcomes={'won': 0, 'stalled': 1, 'truncated': 21, 'other': 0}  rss= 2477.7MB  (450s)
step    23000/400000  eps=0.902  episodes=   23  mean_return=330.000  mean_loss=83.06510  mean_foundation=  4.0/52  lifetime_outcomes={'won': 0, 'stalled': 1, 'truncated': 22, 'other': 0}  rss= 2481.8MB  (454s)
step    24000/400000  eps=0.898  episodes=   24  mean_return=335.000  mean_loss=77.68184  mean_foundation=  8.0/52  lifetime_outcomes={'won': 0, 'stalled': 1, 'truncated': 23, 'other': 0}  rss= 2485.8MB  (458s)
step    25000/400000  eps=0.894  episodes=   25  mean_return=1350.000  mean_loss=77.75718  mean_foundation= 44.0/52  lifetime_outcomes={'won': 0, 'stalled': 1, 'truncated': 24, 'other': 0}  rss= 2489.8MB  (463s)
step    26000/400000  eps=0.889  episodes=   26  mean_return=-375.000  mean_loss=76.23529  mean_foundation=  7.0/52  lifetime_outcomes={'won': 0, 'stalled': 1, 'truncated': 25, 'other': 0}  rss= 2493.8MB  (468s)
step    27000/400000  eps=0.885  episodes=   27  mean_return=1070.000  mean_loss=74.15920  mean_foundation=  0.0/52  lifetime_outcomes={'won': 0, 'stalled': 1, 'truncated': 26, 'other': 0}  rss= 2497.8MB  (472s)
step    28000/400000  eps=0.881  episodes=   28  mean_return=1100.000  mean_loss=76.78653  mean_foundation= 35.0/52  lifetime_outcomes={'won': 0, 'stalled': 1, 'truncated': 27, 'other': 0}  rss= 2499.8MB  (476s)
step    29000/400000  eps=0.877  episodes=   29  mean_return=1355.000  mean_loss=73.71429  mean_foundation= 39.0/52  lifetime_outcomes={'won': 0, 'stalled': 1, 'truncated': 28, 'other': 0}  rss= 2505.9MB  (480s)
step    30000/400000  eps=0.873  episodes=   30  mean_return=745.000  mean_loss=73.35967  mean_foundation= 20.0/52  lifetime_outcomes={'won': 0, 'stalled': 1, 'truncated': 29, 'other': 0}  rss= 2507.9MB  (485s)
  EVAL  step    30000  win_rate=34.00%  mean_return=2864.585  mean_foundation= 25.6/52  mean_length=824.0  (greedy, 200 fixed deals)
step    31000/400000  eps=0.868  episodes=   31  mean_return=1140.000  mean_loss=73.63770  mean_foundation= 51.0/52  lifetime_outcomes={'won': 0, 'stalled': 1, 'truncated': 30, 'other': 0}  rss= 2514.0MB  (687s)
step    32000/400000  eps=0.864  episodes=   32  mean_return=1255.000  mean_loss=72.14995  mean_foundation= 48.0/52  lifetime_outcomes={'won': 0, 'stalled': 1, 'truncated': 31, 'other': 0}  rss= 2518.0MB  (690s)
step    33000/400000  eps=0.860  episodes=   33  mean_return=740.000  mean_loss=71.11213  mean_foundation= 16.0/52  lifetime_outcomes={'won': 0, 'stalled': 1, 'truncated': 32, 'other': 0}  rss= 2520.0MB  (694s)
step    34000/400000  eps=0.855  episodes=   35  mean_return=2965.640  mean_loss=72.44714  mean_foundation= 28.5/52  lifetime_outcomes={'won': 1, 'stalled': 1, 'truncated': 33, 'other': 0}  rss= 2526.0MB  (698s)
step    35000/400000  eps=0.851  episodes=   36  mean_return=995.000  mean_loss=69.89630  mean_foundation= 16.0/52  lifetime_outcomes={'won': 1, 'stalled': 1, 'truncated': 34, 'other': 0}  rss= 2528.0MB  (701s)
step    36000/400000  eps=0.847  episodes=   37  mean_return=-315.000  mean_loss=71.90203  mean_foundation=  7.0/52  lifetime_outcomes={'won': 1, 'stalled': 1, 'truncated': 35, 'other': 0}  rss= 2534.1MB  (706s)
step    37000/400000  eps=0.843  episodes=   38  mean_return=6361.870  mean_loss=67.60551  mean_foundation= 52.0/52  lifetime_outcomes={'won': 2, 'stalled': 1, 'truncated': 35, 'other': 0}  rss= 2536.2MB  (709s)
step    38000/400000  eps=0.839  episodes=   39  mean_return=1085.000  mean_loss=69.54625  mean_foundation= 16.0/52  lifetime_outcomes={'won': 2, 'stalled': 1, 'truncated': 36, 'other': 0}  rss= 2540.2MB  (713s)
step    39000/400000  eps=0.834  episodes=   40  mean_return=760.000  mean_loss=66.63096  mean_foundation=  6.0/52  lifetime_outcomes={'won': 2, 'stalled': 1, 'truncated': 37, 'other': 0}  rss= 2546.2MB  (717s)
step    40000/400000  eps=0.830  episodes=   41  mean_return=6437.780  mean_loss=67.53772  mean_foundation= 52.0/52  lifetime_outcomes={'won': 3, 'stalled': 1, 'truncated': 37, 'other': 0}  rss= 2548.2MB  (722s)
  EVAL  step    40000  win_rate=34.00%  mean_return=2990.810  mean_foundation= 26.2/52  mean_length=834.0  (greedy, 200 fixed deals)
step    41000/400000  eps=0.826  episodes=   42  mean_return=6456.710  mean_loss=63.65830  mean_foundation= 52.0/52  lifetime_outcomes={'won': 4, 'stalled': 1, 'truncated': 37, 'other': 0}  rss= 2560.8MB  (926s)
step    42000/400000  eps=0.822  episodes=   44  mean_return=6376.795  mean_loss=64.39477  mean_foundation= 52.0/52  lifetime_outcomes={'won': 6, 'stalled': 1, 'truncated': 37, 'other': 0}  rss= 2562.8MB  (930s)
step    43000/400000  eps=0.817  episodes=   45  mean_return= 50.000  mean_loss=62.45050  mean_foundation=  5.0/52  lifetime_outcomes={'won': 6, 'stalled': 1, 'truncated': 38, 'other': 0}  rss= 2566.8MB  (934s)
step    44000/400000  eps=0.813  episodes=   46  mean_return=-250.000  mean_loss=63.21379  mean_foundation=  8.0/52  lifetime_outcomes={'won': 6, 'stalled': 1, 'truncated': 39, 'other': 0}  rss= 2570.9MB  (938s)
step    45000/400000  eps=0.809  episodes=   47  mean_return=-350.000  mean_loss=59.97842  mean_foundation=  4.0/52  lifetime_outcomes={'won': 6, 'stalled': 1, 'truncated': 40, 'other': 0}  rss= 2574.9MB  (941s)
step    46000/400000  eps=0.804  episodes=   48  mean_return=-235.000  mean_loss=60.23348  mean_foundation=  8.0/52  lifetime_outcomes={'won': 6, 'stalled': 1, 'truncated': 41, 'other': 0}  rss= 2581.0MB  (945s)
step    47000/400000  eps=0.800  episodes=   49  mean_return=425.000  mean_loss=59.25794  mean_foundation=  6.0/52  lifetime_outcomes={'won': 6, 'stalled': 1, 'truncated': 42, 'other': 0}  rss= 2583.0MB  (949s)
step    48000/400000  eps=0.796  episodes=   50  mean_return=6387.400  mean_loss=59.32940  mean_foundation= 52.0/52  lifetime_outcomes={'won': 7, 'stalled': 1, 'truncated': 42, 'other': 0}  rss= 2587.2MB  (952s)
step    49000/400000  eps=0.792  episodes=   51  mean_return=685.000  mean_loss=56.97508  mean_foundation= 14.0/52  lifetime_outcomes={'won': 7, 'stalled': 1, 'truncated': 43, 'other': 0}  rss= 2591.2MB  (956s)
step    50000/400000  eps=0.787  episodes=   52  mean_return=215.000  mean_loss=54.85672  mean_foundation=  7.0/52  lifetime_outcomes={'won': 7, 'stalled': 1, 'truncated': 44, 'other': 0}  rss= 2595.2MB  (961s)
  EVAL  step    50000  win_rate=31.50%  mean_return=2819.067  mean_foundation= 24.2/52  mean_length=825.8  (greedy, 200 fixed deals)
step    51000/400000  eps=0.783  episodes=   53  mean_return=6612.640  mean_loss=56.46464  mean_foundation= 52.0/52  lifetime_outcomes={'won': 8, 'stalled': 1, 'truncated': 44, 'other': 0}  rss= 2601.8MB  (1165s)
step    52000/400000  eps=0.779  episodes=   54  mean_return=-80.000  mean_loss=55.40071  mean_foundation=  9.0/52  lifetime_outcomes={'won': 8, 'stalled': 1, 'truncated': 45, 'other': 0}  rss= 2601.8MB  (1169s)
step    53000/400000  eps=0.775  episodes=   57  mean_return=6688.230  mean_loss=53.20180  mean_foundation= 52.0/52  lifetime_outcomes={'won': 11, 'stalled': 1, 'truncated': 45, 'other': 0}  rss= 2601.8MB  (1173s)
step    54000/400000  eps=0.770  episodes=   58  mean_return=  0.000  mean_loss=52.92079  mean_foundation=  5.0/52  lifetime_outcomes={'won': 11, 'stalled': 1, 'truncated': 46, 'other': 0}  rss= 2601.8MB  (1177s)
step    55000/400000  eps=0.766  episodes=   59  mean_return=1160.000  mean_loss=53.37842  mean_foundation= 49.0/52  lifetime_outcomes={'won': 11, 'stalled': 1, 'truncated': 47, 'other': 0}  rss= 2601.8MB  (1180s)
step    56000/400000  eps=0.762  episodes=   60  mean_return=1225.000  mean_loss=53.54273  mean_foundation= 23.0/52  lifetime_outcomes={'won': 11, 'stalled': 1, 'truncated': 48, 'other': 0}  rss= 2601.8MB  (1184s)
step    57000/400000  eps=0.758  episodes=   61  mean_return=6496.450  mean_loss=53.10462  mean_foundation= 52.0/52  lifetime_outcomes={'won': 12, 'stalled': 1, 'truncated': 48, 'other': 0}  rss= 2601.8MB  (1188s)
step    58000/400000  eps=0.754  episodes=   62  mean_return=-190.000  mean_loss=52.11301  mean_foundation=  7.0/52  lifetime_outcomes={'won': 12, 'stalled': 1, 'truncated': 49, 'other': 0}  rss= 2601.8MB  (1192s)
step    59000/400000  eps=0.749  episodes=   63  mean_return=395.000  mean_loss=50.18135  mean_foundation=  6.0/52  lifetime_outcomes={'won': 12, 'stalled': 1, 'truncated': 50, 'other': 0}  rss= 2601.8MB  (1197s)
step    60000/400000  eps=0.745  episodes=   64  mean_return=225.000  mean_loss=49.79659  mean_foundation=  4.0/52  lifetime_outcomes={'won': 12, 'stalled': 1, 'truncated': 51, 'other': 0}  rss= 2601.8MB  (1202s)
  EVAL  step    60000  win_rate=35.00%  mean_return=3032.255  mean_foundation= 25.3/52  mean_length=824.5  (greedy, 200 fixed deals)
step    61000/400000  eps=0.741  episodes=   65  mean_return=6540.820  mean_loss=48.96130  mean_foundation= 52.0/52  lifetime_outcomes={'won': 13, 'stalled': 1, 'truncated': 51, 'other': 0}  rss= 2639.1MB  (1407s)
step    62000/400000  eps=0.736  episodes=   66  mean_return=255.000  mean_loss=48.23828  mean_foundation=  4.0/52  lifetime_outcomes={'won': 13, 'stalled': 1, 'truncated': 52, 'other': 0}  rss= 2641.2MB  (1411s)
step    63000/400000  eps=0.732  episodes=   67  mean_return=-340.000  mean_loss=48.94107  mean_foundation=  2.0/52  lifetime_outcomes={'won': 13, 'stalled': 1, 'truncated': 53, 'other': 0}  rss= 2647.2MB  (1415s)
step    64000/400000  eps=0.728  episodes=   68  mean_return=575.000  mean_loss=46.86205  mean_foundation=  4.0/52  lifetime_outcomes={'won': 13, 'stalled': 1, 'truncated': 54, 'other': 0}  rss= 2651.2MB  (1419s)
step    65000/400000  eps=0.724  episodes=   69  mean_return=230.000  mean_loss=46.02351  mean_foundation=  8.0/52  lifetime_outcomes={'won': 13, 'stalled': 1, 'truncated': 55, 'other': 0}  rss= 2653.2MB  (1423s)
step    66000/400000  eps=0.720  episodes=   70  mean_return=6773.780  mean_loss=45.85473  mean_foundation= 52.0/52  lifetime_outcomes={'won': 14, 'stalled': 1, 'truncated': 55, 'other': 0}  rss= 2659.4MB  (1426s)
step    67000/400000  eps=0.715  episodes=   72  mean_return=6759.030  mean_loss=45.17472  mean_foundation= 52.0/52  lifetime_outcomes={'won': 16, 'stalled': 1, 'truncated': 55, 'other': 0}  rss= 2661.4MB  (1430s)
step    68000/400000  eps=0.711  episodes=   73  mean_return=745.000  mean_loss=45.91143  mean_foundation=  6.0/52  lifetime_outcomes={'won': 16, 'stalled': 1, 'truncated': 56, 'other': 0}  rss= 2667.4MB  (1434s)
step    69000/400000  eps=0.707  episodes=   74  mean_return=455.000  mean_loss=44.85105  mean_foundation=  5.0/52  lifetime_outcomes={'won': 16, 'stalled': 1, 'truncated': 57, 'other': 0}  rss= 2669.4MB  (1438s)
step    70000/400000  eps=0.703  episodes=   75  mean_return=6473.440  mean_loss=44.40947  mean_foundation= 52.0/52  lifetime_outcomes={'won': 17, 'stalled': 1, 'truncated': 57, 'other': 0}  rss= 2675.5MB  (1443s)
  EVAL  step    70000  win_rate=31.00%  mean_return=2865.352  mean_foundation= 25.4/52  mean_length=884.8  (greedy, 200 fixed deals)
step    71000/400000  eps=0.698  episodes=   76  mean_return=-520.000  mean_loss=45.32612  mean_foundation=  5.0/52  lifetime_outcomes={'won': 17, 'stalled': 1, 'truncated': 58, 'other': 0}  rss= 2679.7MB  (1659s)
step    72000/400000  eps=0.694  episodes=   78  mean_return=3779.285  mean_loss=43.71969  mean_foundation= 33.0/52  lifetime_outcomes={'won': 18, 'stalled': 1, 'truncated': 59, 'other': 0}  rss= 2681.7MB  (1663s)
step    73000/400000  eps=0.690  episodes=   79  mean_return=-140.000  mean_loss=44.13713  mean_foundation=  7.0/52  lifetime_outcomes={'won': 18, 'stalled': 1, 'truncated': 60, 'other': 0}  rss= 2687.8MB  (1667s)
step    74000/400000  eps=0.685  episodes=   80  mean_return=645.000  mean_loss=42.59341  mean_foundation= 13.0/52  lifetime_outcomes={'won': 18, 'stalled': 1, 'truncated': 61, 'other': 0}  rss= 2689.8MB  (1671s)
step    75000/400000  eps=0.681  episodes=   81  mean_return=6739.740  mean_loss=42.17169  mean_foundation= 52.0/52  lifetime_outcomes={'won': 19, 'stalled': 1, 'truncated': 61, 'other': 0}  rss= 2693.8MB  (1675s)
step    76000/400000  eps=0.677  episodes=   82  mean_return=150.000  mean_loss=41.78156  mean_foundation=  5.0/52  lifetime_outcomes={'won': 19, 'stalled': 1, 'truncated': 62, 'other': 0}  rss= 2697.9MB  (1679s)
step    77000/400000  eps=0.673  episodes=   84  mean_return=3740.570  mean_loss=39.88925  mean_foundation= 31.0/52  lifetime_outcomes={'won': 20, 'stalled': 1, 'truncated': 63, 'other': 0}  rss= 2702.0MB  (1685s)
step    78000/400000  eps=0.668  episodes=   85  mean_return=885.000  mean_loss=40.92897  mean_foundation= 17.0/52  lifetime_outcomes={'won': 20, 'stalled': 1, 'truncated': 64, 'other': 0}  rss= 2708.0MB  (1690s)
step    79000/400000  eps=0.664  episodes=   86  mean_return=120.000  mean_loss=39.46636  mean_foundation= 10.0/52  lifetime_outcomes={'won': 20, 'stalled': 1, 'truncated': 65, 'other': 0}  rss= 2710.0MB  (1695s)
step    80000/400000  eps=0.660  episodes=   87  mean_return=6689.380  mean_loss=41.95788  mean_foundation= 52.0/52  lifetime_outcomes={'won': 21, 'stalled': 1, 'truncated': 65, 'other': 0}  rss= 2716.1MB  (1700s)
  EVAL  step    80000  win_rate=33.00%  mean_return=2911.838  mean_foundation= 24.9/52  mean_length=808.7  (greedy, 200 fixed deals)
step    81000/400000  eps=0.656  episodes=   88  mean_return=-310.000  mean_loss=39.93736  mean_foundation=  3.0/52  lifetime_outcomes={'won': 21, 'stalled': 1, 'truncated': 66, 'other': 0}  rss= 2718.2MB  (1907s)
step    82000/400000  eps=0.651  episodes=   89  mean_return=165.000  mean_loss=39.71514  mean_foundation=  5.0/52  lifetime_outcomes={'won': 21, 'stalled': 1, 'truncated': 67, 'other': 0}  rss= 2722.3MB  (1911s)
step    83000/400000  eps=0.647  episodes=   91  mean_return=3523.200  mean_loss=37.25015  mean_foundation= 26.5/52  lifetime_outcomes={'won': 22, 'stalled': 1, 'truncated': 68, 'other': 0}  rss= 2726.4MB  (1915s)
step    84000/400000  eps=0.643  episodes=   92  mean_return=780.000  mean_loss=39.04121  mean_foundation= 10.0/52  lifetime_outcomes={'won': 22, 'stalled': 1, 'truncated': 69, 'other': 0}  rss= 2730.4MB  (1920s)
step    85000/400000  eps=0.639  episodes=   93  mean_return=170.000  mean_loss=38.15254  mean_foundation=  9.0/52  lifetime_outcomes={'won': 22, 'stalled': 1, 'truncated': 70, 'other': 0}  rss= 2736.4MB  (1924s)
step    86000/400000  eps=0.635  episodes=   94  mean_return=6503.360  mean_loss=38.37515  mean_foundation= 52.0/52  lifetime_outcomes={'won': 23, 'stalled': 1, 'truncated': 70, 'other': 0}  rss= 2738.4MB  (1928s)
step    87000/400000  eps=0.630  episodes=   96  mean_return=3682.410  mean_loss=38.29017  mean_foundation= 28.5/52  lifetime_outcomes={'won': 24, 'stalled': 1, 'truncated': 71, 'other': 0}  rss= 2742.5MB  (1932s)
step    88000/400000  eps=0.626  episodes=   97  mean_return=552.780  mean_loss=37.50561  mean_foundation= 10.0/52  lifetime_outcomes={'won': 24, 'stalled': 2, 'truncated': 71, 'other': 0}  rss= 2746.5MB  (1936s)
step    89000/400000  eps=0.622  episodes=  100  mean_return=4493.663  mean_loss=36.58688  mean_foundation= 35.7/52  lifetime_outcomes={'won': 26, 'stalled': 2, 'truncated': 72, 'other': 0}  rss= 2750.5MB  (1940s)
step    90000/400000  eps=0.617  episodes=  101  mean_return=345.000  mean_loss=36.46450  mean_foundation=  4.0/52  lifetime_outcomes={'won': 26, 'stalled': 2, 'truncated': 73, 'other': 0}  rss= 2754.6MB  (1944s)
  EVAL  step    90000  win_rate=36.00%  mean_return=3084.267  mean_foundation= 25.7/52  mean_length=773.3  (greedy, 200 fixed deals)
step    91000/400000  eps=0.613  episodes=  102  mean_return=240.000  mean_loss=36.57126  mean_foundation=  4.0/52  lifetime_outcomes={'won': 26, 'stalled': 2, 'truncated': 74, 'other': 0}  rss= 2758.6MB  (2136s)
step    92000/400000  eps=0.609  episodes=  103  mean_return=6851.210  mean_loss=36.60835  mean_foundation= 52.0/52  lifetime_outcomes={'won': 27, 'stalled': 2, 'truncated': 74, 'other': 0}  rss= 2760.7MB  (2141s)
step    93000/400000  eps=0.605  episodes=  105  mean_return=3948.570  mean_loss=35.50650  mean_foundation= 30.0/52  lifetime_outcomes={'won': 28, 'stalled': 2, 'truncated': 75, 'other': 0}  rss= 2766.7MB  (2146s)
step    94000/400000  eps=0.601  episodes=  107  mean_return=6674.875  mean_loss=35.81596  mean_foundation= 52.0/52  lifetime_outcomes={'won': 30, 'stalled': 2, 'truncated': 75, 'other': 0}  rss= 2768.8MB  (2150s)
step    95000/400000  eps=0.596  episodes=  109  mean_return=6717.670  mean_loss=34.57894  mean_foundation= 52.0/52  lifetime_outcomes={'won': 32, 'stalled': 2, 'truncated': 75, 'other': 0}  rss= 2774.8MB  (2154s)
step    96000/400000  eps=0.592  episodes=  110  mean_return=290.000  mean_loss=34.67910  mean_foundation=  7.0/52  lifetime_outcomes={'won': 32, 'stalled': 2, 'truncated': 76, 'other': 0}  rss= 2778.8MB  (2158s)
step    97000/400000  eps=0.588  episodes=  112  mean_return=3673.335  mean_loss=35.34144  mean_foundation= 34.0/52  lifetime_outcomes={'won': 33, 'stalled': 2, 'truncated': 77, 'other': 0}  rss= 2782.9MB  (2162s)
step    98000/400000  eps=0.584  episodes=  113  mean_return=1535.000  mean_loss=33.61865  mean_foundation= 41.0/52  lifetime_outcomes={'won': 33, 'stalled': 2, 'truncated': 78, 'other': 0}  rss= 2786.9MB  (2166s)
step    99000/400000  eps=0.579  episodes=  114  mean_return=-845.000  mean_loss=33.23873  mean_foundation=  6.0/52  lifetime_outcomes={'won': 33, 'stalled': 2, 'truncated': 79, 'other': 0}  rss= 2788.9MB  (2170s)
step   100000/400000  eps=0.575  episodes=  115  mean_return=6861.130  mean_loss=34.51567  mean_foundation= 52.0/52  lifetime_outcomes={'won': 34, 'stalled': 2, 'truncated': 79, 'other': 0}  rss= 2794.9MB  (2175s)
  EVAL  step   100000  win_rate=33.50%  mean_return=2945.567  mean_foundation= 24.8/52  mean_length=813.3  (greedy, 200 fixed deals)
step   101000/400000  eps=0.571  episodes=  117  mean_return=3382.020  mean_loss=32.60035  mean_foundation= 28.0/52  lifetime_outcomes={'won': 35, 'stalled': 2, 'truncated': 80, 'other': 0}  rss= 2796.9MB  (2362s)
step   102000/400000  eps=0.567  episodes=  118  mean_return=350.000  mean_loss=32.44181  mean_foundation=  7.0/52  lifetime_outcomes={'won': 35, 'stalled': 2, 'truncated': 81, 'other': 0}  rss= 2800.9MB  (2367s)
step   103000/400000  eps=0.562  episodes=  119  mean_return=6834.960  mean_loss=31.44535  mean_foundation= 52.0/52  lifetime_outcomes={'won': 36, 'stalled': 2, 'truncated': 81, 'other': 0}  rss= 2807.0MB  (2371s)
step   104000/400000  eps=0.558  episodes=  120  mean_return=-475.000  mean_loss=31.97854  mean_foundation=  3.0/52  lifetime_outcomes={'won': 36, 'stalled': 2, 'truncated': 82, 'other': 0}  rss= 2809.0MB  (2376s)
step   105000/400000  eps=0.554  episodes=  121  mean_return=6621.820  mean_loss=31.67758  mean_foundation= 52.0/52  lifetime_outcomes={'won': 37, 'stalled': 2, 'truncated': 82, 'other': 0}  rss= 2815.0MB  (2380s)
step   106000/400000  eps=0.549  episodes=  122  mean_return=865.000  mean_loss=31.60232  mean_foundation=  9.0/52  lifetime_outcomes={'won': 37, 'stalled': 2, 'truncated': 83, 'other': 0}  rss= 2817.1MB  (2385s)
step   107000/400000  eps=0.545  episodes=  123  mean_return=115.000  mean_loss=31.36428  mean_foundation=  7.0/52  lifetime_outcomes={'won': 37, 'stalled': 2, 'truncated': 84, 'other': 0}  rss= 2823.1MB  (2389s)
step   108000/400000  eps=0.541  episodes=  124  mean_return=855.000  mean_loss=30.97872  mean_foundation=  7.0/52  lifetime_outcomes={'won': 37, 'stalled': 2, 'truncated': 85, 'other': 0}  rss= 2825.1MB  (2394s)
step   109000/400000  eps=0.537  episodes=  126  mean_return=3273.205  mean_loss=30.71025  mean_foundation= 29.0/52  lifetime_outcomes={'won': 38, 'stalled': 2, 'truncated': 86, 'other': 0}  rss= 2829.1MB  (2398s)
step   110000/400000  eps=0.532  episodes=  127  mean_return=380.000  mean_loss=30.11820  mean_foundation= 10.0/52  lifetime_outcomes={'won': 38, 'stalled': 2, 'truncated': 87, 'other': 0}  rss= 2835.1MB  (2404s)
  EVAL  step   110000  win_rate=30.50%  mean_return=2781.051  mean_foundation= 24.0/52  mean_length=832.4  (greedy, 200 fixed deals)
step   111000/400000  eps=0.528  episodes=  128  mean_return=435.000  mean_loss=29.43121  mean_foundation=  7.0/52  lifetime_outcomes={'won': 38, 'stalled': 2, 'truncated': 88, 'other': 0}  rss= 2837.2MB  (2602s)
step   112000/400000  eps=0.524  episodes=  129  mean_return=850.000  mean_loss=29.54570  mean_foundation= 41.0/52  lifetime_outcomes={'won': 38, 'stalled': 2, 'truncated': 89, 'other': 0}  rss= 2843.2MB  (2606s)
step   113000/400000  eps=0.520  episodes=  130  mean_return=6858.610  mean_loss=29.54834  mean_foundation= 52.0/52  lifetime_outcomes={'won': 39, 'stalled': 2, 'truncated': 89, 'other': 0}  rss= 2845.2MB  (2610s)
step   114000/400000  eps=0.516  episodes=  131  mean_return=-175.000  mean_loss=28.60954  mean_foundation= 14.0/52  lifetime_outcomes={'won': 39, 'stalled': 2, 'truncated': 90, 'other': 0}  rss= 2849.2MB  (2615s)
step   115000/400000  eps=0.511  episodes=  132  mean_return=810.000  mean_loss=28.44336  mean_foundation=  8.0/52  lifetime_outcomes={'won': 39, 'stalled': 2, 'truncated': 91, 'other': 0}  rss= 2853.3MB  (2619s)
step   116000/400000  eps=0.507  episodes=  133  mean_return=580.000  mean_loss=28.05600  mean_foundation=  5.0/52  lifetime_outcomes={'won': 39, 'stalled': 2, 'truncated': 92, 'other': 0}  rss= 2857.3MB  (2624s)
step   117000/400000  eps=0.503  episodes=  135  mean_return=3869.220  mean_loss=28.53663  mean_foundation= 34.0/52  lifetime_outcomes={'won': 40, 'stalled': 2, 'truncated': 93, 'other': 0}  rss= 2863.4MB  (2630s)
step   118000/400000  eps=0.499  episodes=  136  mean_return=-230.000  mean_loss=28.43646  mean_foundation=  8.0/52  lifetime_outcomes={'won': 40, 'stalled': 2, 'truncated': 94, 'other': 0}  rss= 2865.4MB  (2638s)
step   119000/400000  eps=0.494  episodes=  137  mean_return= 75.000  mean_loss=27.62824  mean_foundation=  6.0/52  lifetime_outcomes={'won': 40, 'stalled': 2, 'truncated': 95, 'other': 0}  rss= 2869.4MB  (2643s)
step   120000/400000  eps=0.490  episodes=  139  mean_return=6720.400  mean_loss=26.78228  mean_foundation= 52.0/52  lifetime_outcomes={'won': 42, 'stalled': 2, 'truncated': 95, 'other': 0}  rss= 2873.6MB  (2647s)
  EVAL  step   120000  win_rate=33.50%  mean_return=2952.125  mean_foundation= 24.8/52  mean_length=857.5  (greedy, 200 fixed deals)
step   121000/400000  eps=0.486  episodes=  140  mean_return=385.000  mean_loss=26.98294  mean_foundation=  6.0/52  lifetime_outcomes={'won': 42, 'stalled': 2, 'truncated': 96, 'other': 0}  rss= 2877.8MB  (2867s)
step   122000/400000  eps=0.482  episodes=  141  mean_return=435.000  mean_loss=26.79545  mean_foundation=  3.0/52  lifetime_outcomes={'won': 42, 'stalled': 2, 'truncated': 97, 'other': 0}  rss= 2881.8MB  (2872s)
step   123000/400000  eps=0.477  episodes=  142  mean_return=915.000  mean_loss=27.20375  mean_foundation= 13.0/52  lifetime_outcomes={'won': 42, 'stalled': 2, 'truncated': 98, 'other': 0}  rss= 2885.8MB  (2878s)
step   124000/400000  eps=0.473  episodes=  144  mean_return=6807.650  mean_loss=26.17593  mean_foundation= 52.0/52  lifetime_outcomes={'won': 44, 'stalled': 2, 'truncated': 98, 'other': 0}  rss= 2889.9MB  (2883s)
step   125000/400000  eps=0.469  episodes=  145  mean_return=6911.190  mean_loss=24.99913  mean_foundation= 52.0/52  lifetime_outcomes={'won': 45, 'stalled': 2, 'truncated': 98, 'other': 0}  rss= 2893.9MB  (2888s)
step   126000/400000  eps=0.465  episodes=  147  mean_return=3770.505  mean_loss=26.01377  mean_foundation= 30.5/52  lifetime_outcomes={'won': 46, 'stalled': 2, 'truncated': 99, 'other': 0}  rss= 2895.9MB  (2894s)
step   127000/400000  eps=0.460  episodes=  148  mean_return=380.000  mean_loss=25.61106  mean_foundation=  6.0/52  lifetime_outcomes={'won': 46, 'stalled': 2, 'truncated': 100, 'other': 0}  rss= 2901.9MB  (2899s)
step   128000/400000  eps=0.456  episodes=  150  mean_return=6898.835  mean_loss=26.13795  mean_foundation= 52.0/52  lifetime_outcomes={'won': 48, 'stalled': 2, 'truncated': 100, 'other': 0}  rss= 2905.9MB  (2904s)
step   129000/400000  eps=0.452  episodes=  151  mean_return=860.000  mean_loss=24.80857  mean_foundation= 32.0/52  lifetime_outcomes={'won': 48, 'stalled': 2, 'truncated': 101, 'other': 0}  rss= 2907.9MB  (2910s)
step   130000/400000  eps=0.448  episodes=  152  mean_return=410.000  mean_loss=25.93075  mean_foundation=  5.0/52  lifetime_outcomes={'won': 48, 'stalled': 2, 'truncated': 102, 'other': 0}  rss= 2914.0MB  (2915s)
  EVAL  step   130000  win_rate=32.50%  mean_return=2862.783  mean_foundation= 24.5/52  mean_length=801.7  (greedy, 200 fixed deals)
step   131000/400000  eps=0.443  episodes=  153  mean_return=210.000  mean_loss=25.32440  mean_foundation= 13.0/52  lifetime_outcomes={'won': 48, 'stalled': 2, 'truncated': 103, 'other': 0}  rss= 2916.0MB  (3151s)
step   132000/400000  eps=0.439  episodes=  154  mean_return=290.000  mean_loss=23.91869  mean_foundation=  5.0/52  lifetime_outcomes={'won': 48, 'stalled': 2, 'truncated': 104, 'other': 0}  rss= 2922.1MB  (3157s)
step   133000/400000  eps=0.435  episodes=  155  mean_return=605.000  mean_loss=23.28994  mean_foundation=  4.0/52  lifetime_outcomes={'won': 48, 'stalled': 2, 'truncated': 105, 'other': 0}  rss= 2924.2MB  (3162s)
step   134000/400000  eps=0.430  episodes=  156  mean_return=6792.390  mean_loss=23.84288  mean_foundation= 52.0/52  lifetime_outcomes={'won': 49, 'stalled': 2, 'truncated': 105, 'other': 0}  rss= 2930.2MB  (3167s)
step   135000/400000  eps=0.426  episodes=  159  mean_return=6822.680  mean_loss=23.38998  mean_foundation= 52.0/52  lifetime_outcomes={'won': 52, 'stalled': 2, 'truncated': 105, 'other': 0}  rss= 2934.3MB  (3172s)
step   136000/400000  eps=0.422  episodes=  160  mean_return=1095.000  mean_loss=23.41221  mean_foundation= 16.0/52  lifetime_outcomes={'won': 52, 'stalled': 2, 'truncated': 106, 'other': 0}  rss= 2936.3MB  (3178s)
step   137000/400000  eps=0.418  episodes=  161  mean_return=-160.000  mean_loss=23.63317  mean_foundation=  8.0/52  lifetime_outcomes={'won': 52, 'stalled': 2, 'truncated': 107, 'other': 0}  rss= 2942.3MB  (3183s)
step   138000/400000  eps=0.414  episodes=  162  mean_return=425.000  mean_loss=24.30994  mean_foundation= 18.0/52  lifetime_outcomes={'won': 52, 'stalled': 2, 'truncated': 108, 'other': 0}  rss= 2944.3MB  (3188s)
step   139000/400000  eps=0.409  episodes=  163  mean_return=1205.000  mean_loss=22.88859  mean_foundation= 11.0/52  lifetime_outcomes={'won': 52, 'stalled': 2, 'truncated': 109, 'other': 0}  rss= 2950.4MB  (3194s)
step   140000/400000  eps=0.405  episodes=  164  mean_return=6849.650  mean_loss=23.23084  mean_foundation= 52.0/52  lifetime_outcomes={'won': 53, 'stalled': 2, 'truncated': 109, 'other': 0}  rss= 2952.4MB  (3199s)
  EVAL  step   140000  win_rate=32.50%  mean_return=2921.261  mean_foundation= 26.2/52  mean_length=841.5  (greedy, 200 fixed deals)
step   141000/400000  eps=0.401  episodes=  166  mean_return=3152.690  mean_loss=23.05421  mean_foundation= 29.0/52  lifetime_outcomes={'won': 54, 'stalled': 2, 'truncated': 110, 'other': 0}  rss= 2956.4MB  (3443s)
step   142000/400000  eps=0.397  episodes=  167  mean_return=-115.000  mean_loss=21.12984  mean_foundation=  2.0/52  lifetime_outcomes={'won': 54, 'stalled': 2, 'truncated': 111, 'other': 0}  rss= 2962.5MB  (3448s)
step   143000/400000  eps=0.392  episodes=  168  mean_return=1170.000  mean_loss=22.44697  mean_foundation= 20.0/52  lifetime_outcomes={'won': 54, 'stalled': 2, 'truncated': 112, 'other': 0}  rss= 2964.5MB  (3453s)
step   144000/400000  eps=0.388  episodes=  169  mean_return=6875.420  mean_loss=21.74680  mean_foundation= 52.0/52  lifetime_outcomes={'won': 55, 'stalled': 2, 'truncated': 112, 'other': 0}  rss= 2970.5MB  (3459s)
step   145000/400000  eps=0.384  episodes=  170  mean_return=875.000  mean_loss=21.46958  mean_foundation=  8.0/52  lifetime_outcomes={'won': 55, 'stalled': 2, 'truncated': 113, 'other': 0}  rss= 2972.5MB  (3465s)
step   146000/400000  eps=0.380  episodes=  172  mean_return=3225.755  mean_loss=21.95026  mean_foundation= 27.0/52  lifetime_outcomes={'won': 56, 'stalled': 2, 'truncated': 114, 'other': 0}  rss= 2976.6MB  (3470s)
step   147000/400000  eps=0.375  episodes=  173  mean_return=1040.000  mean_loss=20.96271  mean_foundation= 12.0/52  lifetime_outcomes={'won': 56, 'stalled': 2, 'truncated': 115, 'other': 0}  rss= 2980.6MB  (3476s)
step   148000/400000  eps=0.371  episodes=  175  mean_return=6911.390  mean_loss=21.29442  mean_foundation= 52.0/52  lifetime_outcomes={'won': 58, 'stalled': 2, 'truncated': 115, 'other': 0}  rss= 2984.6MB  (3481s)
step   149000/400000  eps=0.367  episodes=  176  mean_return=240.000  mean_loss=21.00397  mean_foundation=  3.0/52  lifetime_outcomes={'won': 58, 'stalled': 2, 'truncated': 116, 'other': 0}  rss= 2990.6MB  (3487s)
step   150000/400000  eps=0.363  episodes=  177  mean_return=220.000  mean_loss=20.18657  mean_foundation=  3.0/52  lifetime_outcomes={'won': 58, 'stalled': 2, 'truncated': 117, 'other': 0}  rss= 2992.6MB  (3492s)
  EVAL  step   150000  win_rate=20.00%  mean_return=2262.986  mean_foundation= 21.9/52  mean_length=921.4  (greedy, 200 fixed deals)
step   151000/400000  eps=0.358  episodes=  179  mean_return=3809.410  mean_loss=20.69158  mean_foundation= 34.0/52  lifetime_outcomes={'won': 59, 'stalled': 2, 'truncated': 118, 'other': 0}  rss= 2998.7MB  (3760s)
step   152000/400000  eps=0.354  episodes=  180  mean_return= 90.000  mean_loss=20.81237  mean_foundation=  7.0/52  lifetime_outcomes={'won': 59, 'stalled': 2, 'truncated': 119, 'other': 0}  rss= 3000.7MB  (3772s)
step   153000/400000  eps=0.350  episodes=  181  mean_return=6974.260  mean_loss=20.12001  mean_foundation= 52.0/52  lifetime_outcomes={'won': 60, 'stalled': 2, 'truncated': 119, 'other': 0}  rss= 3004.7MB  (3779s)
step   154000/400000  eps=0.346  episodes=  183  mean_return=3592.860  mean_loss=19.35592  mean_foundation= 32.0/52  lifetime_outcomes={'won': 61, 'stalled': 2, 'truncated': 120, 'other': 0}  rss= 3008.8MB  (3794s)
step   155000/400000  eps=0.341  episodes=  184  mean_return=160.000  mean_loss=20.18072  mean_foundation= 10.0/52  lifetime_outcomes={'won': 61, 'stalled': 2, 'truncated': 121, 'other': 0}  rss= 3012.8MB  (3804s)
step   156000/400000  eps=0.337  episodes=  185  mean_return=6657.740  mean_loss=18.76379  mean_foundation= 52.0/52  lifetime_outcomes={'won': 62, 'stalled': 2, 'truncated': 121, 'other': 0}  rss= 3014.8MB  (3813s)
step   157000/400000  eps=0.333  episodes=  186  mean_return=400.000  mean_loss=19.20637  mean_foundation=  2.0/52  lifetime_outcomes={'won': 62, 'stalled': 2, 'truncated': 122, 'other': 0}  rss= 3020.9MB  (3820s)
step   158000/400000  eps=0.329  episodes=  187  mean_return=405.000  mean_loss=18.60135  mean_foundation=  8.0/52  lifetime_outcomes={'won': 62, 'stalled': 2, 'truncated': 123, 'other': 0}  rss= 3022.9MB  (3828s)
step   159000/400000  eps=0.324  episodes=  188  mean_return=380.000  mean_loss=18.68101  mean_foundation= 11.0/52  lifetime_outcomes={'won': 62, 'stalled': 2, 'truncated': 124, 'other': 0}  rss= 3028.9MB  (3837s)
step   160000/400000  eps=0.320  episodes=  189  mean_return=220.000  mean_loss=18.58320  mean_foundation=  3.0/52  lifetime_outcomes={'won': 62, 'stalled': 2, 'truncated': 125, 'other': 0}  rss= 3032.9MB  (3847s)
  EVAL  step   160000  win_rate=34.00%  mean_return=2981.103  mean_foundation= 26.3/52  mean_length=854.7  (greedy, 200 fixed deals)
step   161000/400000  eps=0.316  episodes=  192  mean_return=6940.630  mean_loss=19.05710  mean_foundation= 52.0/52  lifetime_outcomes={'won': 65, 'stalled': 2, 'truncated': 125, 'other': 0}  rss= 3037.0MB  (4346s)
step   162000/400000  eps=0.311  episodes=  193  mean_return=1200.000  mean_loss=18.57201  mean_foundation= 26.0/52  lifetime_outcomes={'won': 65, 'stalled': 2, 'truncated': 126, 'other': 0}  rss= 3041.0MB  (4357s)
step   163000/400000  eps=0.307  episodes=  194  mean_return= 10.000  mean_loss=18.11492  mean_foundation=  1.0/52  lifetime_outcomes={'won': 65, 'stalled': 2, 'truncated': 127, 'other': 0}  rss= 3043.0MB  (4367s)
step   164000/400000  eps=0.303  episodes=  196  mean_return=6943.095  mean_loss=18.54729  mean_foundation= 52.0/52  lifetime_outcomes={'won': 67, 'stalled': 2, 'truncated': 127, 'other': 0}  rss= 3049.0MB  (4377s)
step   165000/400000  eps=0.299  episodes=  197  mean_return=505.000  mean_loss=18.04754  mean_foundation=  8.0/52  lifetime_outcomes={'won': 67, 'stalled': 2, 'truncated': 128, 'other': 0}  rss= 3051.1MB  (4386s)
step   166000/400000  eps=0.295  episodes=  198  mean_return=980.000  mean_loss=17.60543  mean_foundation=  7.0/52  lifetime_outcomes={'won': 67, 'stalled': 2, 'truncated': 129, 'other': 0}  rss= 3057.1MB  (4393s)
step   167000/400000  eps=0.290  episodes=  199  mean_return=-15.000  mean_loss=18.04339  mean_foundation=  8.0/52  lifetime_outcomes={'won': 67, 'stalled': 2, 'truncated': 130, 'other': 0}  rss= 3061.1MB  (4399s)
step   168000/400000  eps=0.286  episodes=  200  mean_return=6677.600  mean_loss=17.69327  mean_foundation= 52.0/52  lifetime_outcomes={'won': 68, 'stalled': 2, 'truncated': 130, 'other': 0}  rss= 3063.2MB  (4405s)
step   169000/400000  eps=0.282  episodes=  201  mean_return=770.000  mean_loss=17.28939  mean_foundation= 23.0/52  lifetime_outcomes={'won': 68, 'stalled': 2, 'truncated': 131, 'other': 0}  rss= 3069.2MB  (4411s)
step   170000/400000  eps=0.278  episodes=  202  mean_return=1090.000  mean_loss=17.63425  mean_foundation= 14.0/52  lifetime_outcomes={'won': 68, 'stalled': 2, 'truncated': 132, 'other': 0}  rss= 3071.2MB  (4417s)
  EVAL  step   170000  win_rate=35.50%  mean_return=3122.956  mean_foundation= 27.2/52  mean_length=851.9  (greedy, 200 fixed deals)
step   171000/400000  eps=0.273  episodes=  204  mean_return=6919.090  mean_loss=16.03886  mean_foundation= 52.0/52  lifetime_outcomes={'won': 70, 'stalled': 2, 'truncated': 132, 'other': 0}  rss= 3077.8MB  (4782s)
step   172000/400000  eps=0.269  episodes=  205  mean_return=-65.000  mean_loss=16.72538  mean_foundation=  2.0/52  lifetime_outcomes={'won': 70, 'stalled': 2, 'truncated': 133, 'other': 0}  rss= 3077.8MB  (4787s)
step   173000/400000  eps=0.265  episodes=  206  mean_return=695.000  mean_loss=16.29067  mean_foundation= 11.0/52  lifetime_outcomes={'won': 70, 'stalled': 2, 'truncated': 134, 'other': 0}  rss= 3077.8MB  (4791s)
step   174000/400000  eps=0.261  episodes=  207  mean_return=6960.110  mean_loss=16.59935  mean_foundation= 52.0/52  lifetime_outcomes={'won': 71, 'stalled': 2, 'truncated': 134, 'other': 0}  rss= 3077.8MB  (4796s)
step   175000/400000  eps=0.256  episodes=  209  mean_return=4131.000  mean_loss=16.67949  mean_foundation= 35.0/52  lifetime_outcomes={'won': 72, 'stalled': 2, 'truncated': 135, 'other': 0}  rss= 3077.8MB  (4801s)
step   176000/400000  eps=0.252  episodes=  210  mean_return=1085.000  mean_loss=16.53824  mean_foundation= 23.0/52  lifetime_outcomes={'won': 72, 'stalled': 2, 'truncated': 136, 'other': 0}  rss= 3077.8MB  (4809s)
step   177000/400000  eps=0.248  episodes=  211  mean_return=6979.640  mean_loss=15.79019  mean_foundation= 52.0/52  lifetime_outcomes={'won': 73, 'stalled': 2, 'truncated': 136, 'other': 0}  rss= 3077.8MB  (4816s)
step   178000/400000  eps=0.244  episodes=  212  mean_return=420.000  mean_loss=16.70976  mean_foundation=  8.0/52  lifetime_outcomes={'won': 73, 'stalled': 2, 'truncated': 137, 'other': 0}  rss= 3077.8MB  (4821s)
step   179000/400000  eps=0.239  episodes=  214  mean_return=3801.260  mean_loss=15.91546  mean_foundation= 29.5/52  lifetime_outcomes={'won': 74, 'stalled': 2, 'truncated': 138, 'other': 0}  rss= 3077.8MB  (4827s)
step   180000/400000  eps=0.235  episodes=  215  mean_return=540.000  mean_loss=15.84047  mean_foundation= 11.0/52  lifetime_outcomes={'won': 74, 'stalled': 2, 'truncated': 139, 'other': 0}  rss= 3077.8MB  (4833s)
  EVAL  step   180000  win_rate=36.00%  mean_return=3086.967  mean_foundation= 26.6/52  mean_length=790.8  (greedy, 200 fixed deals)
step   181000/400000  eps=0.231  episodes=  216  mean_return=1175.000  mean_loss=15.45435  mean_foundation= 12.0/52  lifetime_outcomes={'won': 74, 'stalled': 2, 'truncated': 140, 'other': 0}  rss= 3105.9MB  (5061s)
step   182000/400000  eps=0.227  episodes=  217  mean_return=1260.000  mean_loss=14.82080  mean_foundation= 18.0/52  lifetime_outcomes={'won': 74, 'stalled': 2, 'truncated': 141, 'other': 0}  rss= 3107.9MB  (5068s)
step   183000/400000  eps=0.222  episodes=  218  mean_return=600.000  mean_loss=14.52878  mean_foundation=  9.0/52  lifetime_outcomes={'won': 74, 'stalled': 2, 'truncated': 142, 'other': 0}  rss= 3112.1MB  (5073s)
step   184000/400000  eps=0.218  episodes=  220  mean_return=4212.285  mean_loss=14.34019  mean_foundation= 41.5/52  lifetime_outcomes={'won': 75, 'stalled': 2, 'truncated': 143, 'other': 0}  rss= 3116.1MB  (5078s)
step   185000/400000  eps=0.214  episodes=  221  mean_return=830.000  mean_loss=14.27873  mean_foundation= 13.0/52  lifetime_outcomes={'won': 75, 'stalled': 2, 'truncated': 144, 'other': 0}  rss= 3120.1MB  (5084s)
step   186000/400000  eps=0.210  episodes=  223  mean_return=6981.230  mean_loss=15.36316  mean_foundation= 52.0/52  lifetime_outcomes={'won': 77, 'stalled': 2, 'truncated': 144, 'other': 0}  rss= 3124.2MB  (5089s)
step   187000/400000  eps=0.205  episodes=  225  mean_return=6832.085  mean_loss=14.43167  mean_foundation= 52.0/52  lifetime_outcomes={'won': 79, 'stalled': 2, 'truncated': 144, 'other': 0}  rss= 3128.2MB  (5095s)
step   188000/400000  eps=0.201  episodes=  226  mean_return=6878.120  mean_loss=14.00572  mean_foundation= 52.0/52  lifetime_outcomes={'won': 80, 'stalled': 2, 'truncated': 144, 'other': 0}  rss= 3132.2MB  (5101s)
step   189000/400000  eps=0.197  episodes=  227  mean_return=665.000  mean_loss=14.31657  mean_foundation=  8.0/52  lifetime_outcomes={'won': 80, 'stalled': 2, 'truncated': 145, 'other': 0}  rss= 3136.2MB  (5109s)
step   190000/400000  eps=0.193  episodes=  228  mean_return=-460.000  mean_loss=14.00946  mean_foundation=  4.0/52  lifetime_outcomes={'won': 80, 'stalled': 2, 'truncated': 146, 'other': 0}  rss= 3138.2MB  (5115s)
  EVAL  step   190000  win_rate=36.00%  mean_return=3108.254  mean_foundation= 26.7/52  mean_length=827.1  (greedy, 200 fixed deals)
step   191000/400000  eps=0.188  episodes=  230  mean_return=3775.120  mean_loss=14.20586  mean_foundation= 29.5/52  lifetime_outcomes={'won': 81, 'stalled': 2, 'truncated': 147, 'other': 0}  rss= 3155.7MB  (5378s)
step   192000/400000  eps=0.184  episodes=  231  mean_return=6804.090  mean_loss=14.10288  mean_foundation= 52.0/52  lifetime_outcomes={'won': 82, 'stalled': 2, 'truncated': 147, 'other': 0}  rss= 3159.8MB  (5385s)
step   193000/400000  eps=0.180  episodes=  233  mean_return=3993.065  mean_loss=14.04645  mean_foundation= 31.0/52  lifetime_outcomes={'won': 83, 'stalled': 2, 'truncated': 148, 'other': 0}  rss= 3163.8MB  (5393s)
step   194000/400000  eps=0.175  episodes=  234  mean_return=6945.450  mean_loss=13.45814  mean_foundation= 52.0/52  lifetime_outcomes={'won': 84, 'stalled': 2, 'truncated': 148, 'other': 0}  rss= 3167.8MB  (5400s)
step   195000/400000  eps=0.171  episodes=  235  mean_return=-85.000  mean_loss=13.72537  mean_foundation=  7.0/52  lifetime_outcomes={'won': 84, 'stalled': 2, 'truncated': 149, 'other': 0}  rss= 3169.8MB  (5407s)
step   196000/400000  eps=0.167  episodes=  237  mean_return=6969.415  mean_loss=13.47323  mean_foundation= 52.0/52  lifetime_outcomes={'won': 86, 'stalled': 2, 'truncated': 149, 'other': 0}  rss= 3175.8MB  (5415s)
step   197000/400000  eps=0.163  episodes=  238  mean_return=6954.040  mean_loss=13.61914  mean_foundation= 52.0/52  lifetime_outcomes={'won': 87, 'stalled': 2, 'truncated': 149, 'other': 0}  rss= 3177.9MB  (5422s)
step   198000/400000  eps=0.158  episodes=  240  mean_return=3789.760  mean_loss=13.15707  mean_foundation= 35.5/52  lifetime_outcomes={'won': 88, 'stalled': 2, 'truncated': 150, 'other': 0}  rss= 3182.3MB  (5429s)
step   199000/400000  eps=0.154  episodes=  241  mean_return=565.000  mean_loss=12.71108  mean_foundation=  9.0/52  lifetime_outcomes={'won': 88, 'stalled': 2, 'truncated': 151, 'other': 0}  rss= 3183.1MB  (5438s)
step   200000/400000  eps=0.150  episodes=  242  mean_return=340.000  mean_loss=13.15957  mean_foundation=  3.0/52  lifetime_outcomes={'won': 88, 'stalled': 2, 'truncated': 152, 'other': 0}  rss= 3186.4MB  (5448s)
  EVAL  step   200000  win_rate=27.50%  mean_return=2626.329  mean_foundation= 24.0/52  mean_length=887.2  (greedy, 200 fixed deals)
step   201000/400000  eps=0.150  episodes=  243  mean_return= 50.000  mean_loss=13.44026  mean_foundation=  7.0/52  lifetime_outcomes={'won': 88, 'stalled': 2, 'truncated': 153, 'other': 0}  rss= 3186.4MB  (5748s)
step   202000/400000  eps=0.150  episodes=  244  mean_return=6934.560  mean_loss=13.14484  mean_foundation= 52.0/52  lifetime_outcomes={'won': 89, 'stalled': 2, 'truncated': 153, 'other': 0}  rss= 3186.4MB  (5755s)
step   203000/400000  eps=0.150  episodes=  246  mean_return=3989.525  mean_loss=12.25612  mean_foundation= 32.5/52  lifetime_outcomes={'won': 90, 'stalled': 2, 'truncated': 154, 'other': 0}  rss= 3186.4MB  (5762s)
step   204000/400000  eps=0.150  episodes=  247  mean_return=6965.430  mean_loss=12.87757  mean_foundation= 52.0/52  lifetime_outcomes={'won': 91, 'stalled': 2, 'truncated': 154, 'other': 0}  rss= 3186.4MB  (5769s)
step   205000/400000  eps=0.150  episodes=  248  mean_return=1245.000  mean_loss=12.15679  mean_foundation= 16.0/52  lifetime_outcomes={'won': 91, 'stalled': 2, 'truncated': 155, 'other': 0}  rss= 3186.4MB  (5777s)
step   206000/400000  eps=0.150  episodes=  249  mean_return=950.000  mean_loss=12.37550  mean_foundation= 32.0/52  lifetime_outcomes={'won': 91, 'stalled': 2, 'truncated': 156, 'other': 0}  rss= 3186.4MB  (5784s)
step   207000/400000  eps=0.150  episodes=  250  mean_return=1260.000  mean_loss=12.06534  mean_foundation= 18.0/52  lifetime_outcomes={'won': 91, 'stalled': 2, 'truncated': 157, 'other': 0}  rss= 3186.4MB  (5791s)
step   208000/400000  eps=0.150  episodes=  251  mean_return=1145.000  mean_loss=12.43409  mean_foundation= 34.0/52  lifetime_outcomes={'won': 91, 'stalled': 2, 'truncated': 158, 'other': 0}  rss= 3186.4MB  (5798s)
step   209000/400000  eps=0.150  episodes=  252  mean_return=595.000  mean_loss=11.93397  mean_foundation=  9.0/52  lifetime_outcomes={'won': 91, 'stalled': 2, 'truncated': 159, 'other': 0}  rss= 3186.4MB  (5806s)
step   210000/400000  eps=0.150  episodes=  253  mean_return=1070.000  mean_loss=12.02769  mean_foundation=  8.0/52  lifetime_outcomes={'won': 91, 'stalled': 2, 'truncated': 160, 'other': 0}  rss= 3186.4MB  (5813s)
  EVAL  step   210000  win_rate=28.50%  mean_return=2704.309  mean_foundation= 24.3/52  mean_length=881.6  (greedy, 200 fixed deals)
step   211000/400000  eps=0.150  episodes=  255  mean_return=3752.950  mean_loss=11.70740  mean_foundation= 30.5/52  lifetime_outcomes={'won': 92, 'stalled': 2, 'truncated': 161, 'other': 0}  rss= 3193.0MB  (6115s)
step   212000/400000  eps=0.150  episodes=  256  mean_return=6938.930  mean_loss=11.69270  mean_foundation= 52.0/52  lifetime_outcomes={'won': 93, 'stalled': 2, 'truncated': 161, 'other': 0}  rss= 3193.0MB  (6122s)
step   213000/400000  eps=0.150  episodes=  258  mean_return=3445.945  mean_loss=11.80332  mean_foundation= 27.0/52  lifetime_outcomes={'won': 94, 'stalled': 2, 'truncated': 162, 'other': 0}  rss= 3193.0MB  (6128s)
step   214000/400000  eps=0.150  episodes=  259  mean_return=850.000  mean_loss=11.42995  mean_foundation=  9.0/52  lifetime_outcomes={'won': 94, 'stalled': 2, 'truncated': 163, 'other': 0}  rss= 3193.0MB  (6135s)
step   215000/400000  eps=0.150  episodes=  260  mean_return=555.000  mean_loss=11.33298  mean_foundation=  8.0/52  lifetime_outcomes={'won': 94, 'stalled': 2, 'truncated': 164, 'other': 0}  rss= 3193.0MB  (6143s)
step   216000/400000  eps=0.150  episodes=  261  mean_return=1285.000  mean_loss=10.89785  mean_foundation= 18.0/52  lifetime_outcomes={'won': 94, 'stalled': 2, 'truncated': 165, 'other': 0}  rss= 3193.0MB  (6150s)
step   217000/400000  eps=0.150  episodes=  263  mean_return=3875.180  mean_loss=10.88481  mean_foundation= 30.0/52  lifetime_outcomes={'won': 95, 'stalled': 2, 'truncated': 166, 'other': 0}  rss= 3193.0MB  (6156s)
step   218000/400000  eps=0.150  episodes=  264  mean_return=6967.940  mean_loss=10.70139  mean_foundation= 52.0/52  lifetime_outcomes={'won': 96, 'stalled': 2, 'truncated': 166, 'other': 0}  rss= 3193.0MB  (6163s)
step   219000/400000  eps=0.150  episodes=  265  mean_return=7031.400  mean_loss=10.87655  mean_foundation= 52.0/52  lifetime_outcomes={'won': 97, 'stalled': 2, 'truncated': 166, 'other': 0}  rss= 3193.0MB  (6169s)
step   220000/400000  eps=0.150  episodes=  266  mean_return=1205.000  mean_loss=10.83325  mean_foundation=  7.0/52  lifetime_outcomes={'won': 97, 'stalled': 2, 'truncated': 167, 'other': 0}  rss= 3193.0MB  (6177s)
  EVAL  step   220000  win_rate=31.00%  mean_return=2855.166  mean_foundation= 25.6/52  mean_length=850.9  (greedy, 200 fixed deals)
step   221000/400000  eps=0.150  episodes=  267  mean_return=300.000  mean_loss=11.24180  mean_foundation=  4.0/52  lifetime_outcomes={'won': 97, 'stalled': 2, 'truncated': 168, 'other': 0}  rss= 3193.0MB  (6494s)
step   222000/400000  eps=0.150  episodes=  269  mean_return=3799.935  mean_loss=10.95204  mean_foundation= 33.0/52  lifetime_outcomes={'won': 98, 'stalled': 2, 'truncated': 169, 'other': 0}  rss= 3193.0MB  (6503s)
step   223000/400000  eps=0.150  episodes=  270  mean_return=1155.000  mean_loss=11.01832  mean_foundation= 20.0/52  lifetime_outcomes={'won': 98, 'stalled': 2, 'truncated': 170, 'other': 0}  rss= 3193.0MB  (6512s)
step   224000/400000  eps=0.150  episodes=  271  mean_return=340.000  mean_loss=10.62683  mean_foundation=  6.0/52  lifetime_outcomes={'won': 98, 'stalled': 2, 'truncated': 171, 'other': 0}  rss= 3193.0MB  (6521s)
step   225000/400000  eps=0.150  episodes=  272  mean_return=-90.000  mean_loss=10.80112  mean_foundation=  5.0/52  lifetime_outcomes={'won': 98, 'stalled': 2, 'truncated': 172, 'other': 0}  rss= 3193.0MB  (6530s)
step   226000/400000  eps=0.150  episodes=  273  mean_return=650.000  mean_loss=10.89648  mean_foundation=  5.0/52  lifetime_outcomes={'won': 98, 'stalled': 2, 'truncated': 173, 'other': 0}  rss= 3193.0MB  (6539s)
step   227000/400000  eps=0.150  episodes=  274  mean_return=495.000  mean_loss=10.07865  mean_foundation=  7.0/52  lifetime_outcomes={'won': 98, 'stalled': 2, 'truncated': 174, 'other': 0}  rss= 3193.0MB  (6548s)
step   228000/400000  eps=0.150  episodes=  275  mean_return=6999.230  mean_loss=10.44039  mean_foundation= 52.0/52  lifetime_outcomes={'won': 99, 'stalled': 2, 'truncated': 174, 'other': 0}  rss= 3193.0MB  (6555s)
step   229000/400000  eps=0.150  episodes=  277  mean_return=4169.580  mean_loss= 9.68954  mean_foundation= 40.5/52  lifetime_outcomes={'won': 100, 'stalled': 2, 'truncated': 175, 'other': 0}  rss= 3193.0MB  (6563s)
step   230000/400000  eps=0.150  episodes=  278  mean_return=1185.000  mean_loss= 9.92094  mean_foundation= 22.0/52  lifetime_outcomes={'won': 100, 'stalled': 2, 'truncated': 176, 'other': 0}  rss= 3193.0MB  (6573s)
  EVAL  step   230000  win_rate=38.00%  mean_return=3237.884  mean_foundation= 28.0/52  mean_length=771.6  (greedy, 200 fixed deals)
step   231000/400000  eps=0.150  episodes=  279  mean_return=6999.820  mean_loss=10.60208  mean_foundation= 52.0/52  lifetime_outcomes={'won': 101, 'stalled': 2, 'truncated': 176, 'other': 0}  rss= 3193.0MB  (6898s)
step   232000/400000  eps=0.150  episodes=  281  mean_return=3618.330  mean_loss= 9.81389  mean_foundation= 28.0/52  lifetime_outcomes={'won': 102, 'stalled': 2, 'truncated': 177, 'other': 0}  rss= 3193.0MB  (6907s)
step   233000/400000  eps=0.150  episodes=  282  mean_return=430.000  mean_loss= 9.82781  mean_foundation= 11.0/52  lifetime_outcomes={'won': 102, 'stalled': 2, 'truncated': 178, 'other': 0}  rss= 3193.0MB  (6916s)
step   234000/400000  eps=0.150  episodes=  283  mean_return=-280.000  mean_loss= 9.58471  mean_foundation=  4.0/52  lifetime_outcomes={'won': 102, 'stalled': 2, 'truncated': 179, 'other': 0}  rss= 3193.0MB  (6924s)
step   235000/400000  eps=0.150  episodes=  284  mean_return=390.000  mean_loss= 9.52261  mean_foundation=  6.0/52  lifetime_outcomes={'won': 102, 'stalled': 2, 'truncated': 180, 'other': 0}  rss= 3193.0MB  (6933s)
step   236000/400000  eps=0.150  episodes=  286  mean_return=4000.610  mean_loss= 9.22153  mean_foundation= 29.0/52  lifetime_outcomes={'won': 103, 'stalled': 2, 'truncated': 181, 'other': 0}  rss= 3193.0MB  (6942s)
step   237000/400000  eps=0.150  episodes=  287  mean_return=970.000  mean_loss= 9.77071  mean_foundation=  8.0/52  lifetime_outcomes={'won': 103, 'stalled': 2, 'truncated': 182, 'other': 0}  rss= 3193.0MB  (6949s)
step   238000/400000  eps=0.150  episodes=  288  mean_return=-575.000  mean_loss= 9.21372  mean_foundation=  4.0/52  lifetime_outcomes={'won': 103, 'stalled': 2, 'truncated': 183, 'other': 0}  rss= 3193.0MB  (6959s)
step   239000/400000  eps=0.150  episodes=  289  mean_return=1105.000  mean_loss= 8.91492  mean_foundation= 14.0/52  lifetime_outcomes={'won': 103, 'stalled': 2, 'truncated': 184, 'other': 0}  rss= 3193.0MB  (6968s)
step   240000/400000  eps=0.150  episodes=  290  mean_return=615.000  mean_loss= 9.16750  mean_foundation=  6.0/52  lifetime_outcomes={'won': 103, 'stalled': 2, 'truncated': 185, 'other': 0}  rss= 3193.0MB  (6976s)
  EVAL  step   240000  win_rate=19.00%  mean_return=2201.398  mean_foundation= 21.8/52  mean_length=925.2  (greedy, 200 fixed deals)
step   241000/400000  eps=0.150  episodes=  291  mean_return=6954.360  mean_loss= 8.56580  mean_foundation= 52.0/52  lifetime_outcomes={'won': 104, 'stalled': 2, 'truncated': 185, 'other': 0}  rss= 3193.0MB  (7275s)
step   242000/400000  eps=0.150  episodes=  293  mean_return=6970.495  mean_loss= 8.97797  mean_foundation= 52.0/52  lifetime_outcomes={'won': 106, 'stalled': 2, 'truncated': 185, 'other': 0}  rss= 3193.0MB  (7279s)
step   243000/400000  eps=0.150  episodes=  294  mean_return= 90.000  mean_loss= 8.72156  mean_foundation=  5.0/52  lifetime_outcomes={'won': 106, 'stalled': 2, 'truncated': 186, 'other': 0}  rss= 3193.0MB  (7282s)
step   244000/400000  eps=0.150  episodes=  295  mean_return=170.000  mean_loss= 9.07101  mean_foundation=  3.0/52  lifetime_outcomes={'won': 106, 'stalled': 2, 'truncated': 187, 'other': 0}  rss= 3193.0MB  (7286s)
step   245000/400000  eps=0.150  episodes=  296  mean_return= 75.000  mean_loss= 8.55449  mean_foundation=  5.0/52  lifetime_outcomes={'won': 106, 'stalled': 2, 'truncated': 188, 'other': 0}  rss= 3193.0MB  (7290s)
step   246000/400000  eps=0.150  episodes=  297  mean_return=1350.000  mean_loss= 8.67731  mean_foundation= 34.0/52  lifetime_outcomes={'won': 106, 'stalled': 2, 'truncated': 189, 'other': 0}  rss= 3193.0MB  (7294s)
step   247000/400000  eps=0.150  episodes=  298  mean_return=6987.130  mean_loss= 8.20807  mean_foundation= 52.0/52  lifetime_outcomes={'won': 107, 'stalled': 2, 'truncated': 189, 'other': 0}  rss= 3193.0MB  (7298s)
step   248000/400000  eps=0.150  episodes=  301  mean_return=4649.783  mean_loss= 8.46919  mean_foundation= 37.0/52  lifetime_outcomes={'won': 109, 'stalled': 2, 'truncated': 190, 'other': 0}  rss= 3193.0MB  (7301s)
step   249000/400000  eps=0.150  episodes=  302  mean_return=7001.420  mean_loss= 8.60491  mean_foundation= 52.0/52  lifetime_outcomes={'won': 110, 'stalled': 2, 'truncated': 190, 'other': 0}  rss= 3193.0MB  (7305s)
step   250000/400000  eps=0.150  episodes=  303  mean_return=-205.000  mean_loss= 8.26208  mean_foundation=  4.0/52  lifetime_outcomes={'won': 110, 'stalled': 2, 'truncated': 191, 'other': 0}  rss= 3193.0MB  (7311s)
  EVAL  step   250000  win_rate=29.00%  mean_return=2734.653  mean_foundation= 24.6/52  mean_length=872.2  (greedy, 200 fixed deals)
step   251000/400000  eps=0.150  episodes=  304  mean_return=380.000  mean_loss= 8.34593  mean_foundation=  2.0/52  lifetime_outcomes={'won': 110, 'stalled': 2, 'truncated': 192, 'other': 0}  rss= 3193.0MB  (7494s)
step   252000/400000  eps=0.150  episodes=  307  mean_return=5162.593  mean_loss= 8.19035  mean_foundation= 42.7/52  lifetime_outcomes={'won': 112, 'stalled': 2, 'truncated': 193, 'other': 0}  rss= 3193.0MB  (7497s)
step   253000/400000  eps=0.150  episodes=  308  mean_return=6926.970  mean_loss= 8.13445  mean_foundation= 52.0/52  lifetime_outcomes={'won': 113, 'stalled': 2, 'truncated': 193, 'other': 0}  rss= 3193.0MB  (7501s)
step   254000/400000  eps=0.150  episodes=  309  mean_return=580.000  mean_loss= 8.25327  mean_foundation=  8.0/52  lifetime_outcomes={'won': 113, 'stalled': 2, 'truncated': 194, 'other': 0}  rss= 3193.0MB  (7505s)
step   255000/400000  eps=0.150  episodes=  311  mean_return=3695.740  mean_loss= 8.22978  mean_foundation= 30.0/52  lifetime_outcomes={'won': 114, 'stalled': 2, 'truncated': 195, 'other': 0}  rss= 3193.0MB  (7509s)
step   256000/400000  eps=0.150  episodes=  312  mean_return=520.000  mean_loss= 7.76691  mean_foundation=  7.0/52  lifetime_outcomes={'won': 114, 'stalled': 2, 'truncated': 196, 'other': 0}  rss= 3193.0MB  (7512s)
step   257000/400000  eps=0.150  episodes=  313  mean_return=1275.000  mean_loss= 7.94215  mean_foundation= 17.0/52  lifetime_outcomes={'won': 114, 'stalled': 2, 'truncated': 197, 'other': 0}  rss= 3193.0MB  (7516s)
step   258000/400000  eps=0.150  episodes=  314  mean_return=6867.040  mean_loss= 7.82824  mean_foundation= 52.0/52  lifetime_outcomes={'won': 115, 'stalled': 2, 'truncated': 197, 'other': 0}  rss= 3193.0MB  (7520s)
step   259000/400000  eps=0.150  episodes=  315  mean_return=770.000  mean_loss= 7.52748  mean_foundation=  9.0/52  lifetime_outcomes={'won': 115, 'stalled': 2, 'truncated': 198, 'other': 0}  rss= 3193.0MB  (7523s)
step   260000/400000  eps=0.150  episodes=  317  mean_return=4066.940  mean_loss= 7.84088  mean_foundation= 34.0/52  lifetime_outcomes={'won': 116, 'stalled': 2, 'truncated': 199, 'other': 0}  rss= 3193.0MB  (7527s)
  EVAL  step   260000  win_rate=36.00%  mean_return=3113.799  mean_foundation= 26.5/52  mean_length=812.6  (greedy, 200 fixed deals)
step   261000/400000  eps=0.150  episodes=  318  mean_return=6960.160  mean_loss= 7.27068  mean_foundation= 52.0/52  lifetime_outcomes={'won': 117, 'stalled': 2, 'truncated': 199, 'other': 0}  rss= 3193.0MB  (7754s)
step   262000/400000  eps=0.150  episodes=  319  mean_return=1215.000  mean_loss= 7.65060  mean_foundation=  7.0/52  lifetime_outcomes={'won': 117, 'stalled': 2, 'truncated': 200, 'other': 0}  rss= 3193.0MB  (7763s)
step   263000/400000  eps=0.150  episodes=  321  mean_return=3840.625  mean_loss= 7.48958  mean_foundation= 30.5/52  lifetime_outcomes={'won': 118, 'stalled': 2, 'truncated': 201, 'other': 0}  rss= 3193.0MB  (7773s)
step   264000/400000  eps=0.150  episodes=  323  mean_return=6974.320  mean_loss= 7.56895  mean_foundation= 52.0/52  lifetime_outcomes={'won': 120, 'stalled': 2, 'truncated': 201, 'other': 0}  rss= 3193.0MB  (7782s)
step   265000/400000  eps=0.150  episodes=  325  mean_return=6875.015  mean_loss= 7.45845  mean_foundation= 52.0/52  lifetime_outcomes={'won': 122, 'stalled': 2, 'truncated': 201, 'other': 0}  rss= 3193.0MB  (7789s)
step   266000/400000  eps=0.150  episodes=  326  mean_return=160.000  mean_loss= 6.91718  mean_foundation=  3.0/52  lifetime_outcomes={'won': 122, 'stalled': 2, 'truncated': 202, 'other': 0}  rss= 3193.0MB  (7799s)
step   267000/400000  eps=0.150  episodes=  327  mean_return=1280.000  mean_loss= 7.18294  mean_foundation= 22.0/52  lifetime_outcomes={'won': 122, 'stalled': 2, 'truncated': 203, 'other': 0}  rss= 3193.0MB  (7808s)
step   268000/400000  eps=0.150  episodes=  328  mean_return=430.000  mean_loss= 6.95538  mean_foundation= 11.0/52  lifetime_outcomes={'won': 122, 'stalled': 2, 'truncated': 204, 'other': 0}  rss= 3193.0MB  (7817s)
step   269000/400000  eps=0.150  episodes=  329  mean_return=1555.000  mean_loss= 7.49014  mean_foundation= 34.0/52  lifetime_outcomes={'won': 122, 'stalled': 2, 'truncated': 205, 'other': 0}  rss= 3193.0MB  (7826s)
step   270000/400000  eps=0.150  episodes=  331  mean_return=6989.030  mean_loss= 6.90395  mean_foundation= 52.0/52  lifetime_outcomes={'won': 124, 'stalled': 2, 'truncated': 205, 'other': 0}  rss= 3193.0MB  (7834s)
  EVAL  step   270000  win_rate=31.00%  mean_return=2858.535  mean_foundation= 26.0/52  mean_length=869.0  (greedy, 200 fixed deals)
step   271000/400000  eps=0.150  episodes=  333  mean_return=6988.495  mean_loss= 7.14507  mean_foundation= 52.0/52  lifetime_outcomes={'won': 126, 'stalled': 2, 'truncated': 205, 'other': 0}  rss= 3193.0MB  (8102s)
step   272000/400000  eps=0.150  episodes=  334  mean_return=-140.000  mean_loss= 6.94144  mean_foundation=  6.0/52  lifetime_outcomes={'won': 126, 'stalled': 2, 'truncated': 206, 'other': 0}  rss= 3193.0MB  (8105s)
step   273000/400000  eps=0.150  episodes=  335  mean_return=400.000  mean_loss= 6.85671  mean_foundation= 10.0/52  lifetime_outcomes={'won': 126, 'stalled': 2, 'truncated': 207, 'other': 0}  rss= 3193.0MB  (8109s)
step   274000/400000  eps=0.150  episodes=  337  mean_return=4098.035  mean_loss= 6.72067  mean_foundation= 43.0/52  lifetime_outcomes={'won': 127, 'stalled': 2, 'truncated': 208, 'other': 0}  rss= 3193.0MB  (8113s)
step   275000/400000  eps=0.150  episodes=  338  mean_return=6921.770  mean_loss= 6.56745  mean_foundation= 52.0/52  lifetime_outcomes={'won': 128, 'stalled': 2, 'truncated': 208, 'other': 0}  rss= 3193.0MB  (8117s)
step   276000/400000  eps=0.150  episodes=  339  mean_return=925.000  mean_loss= 6.74049  mean_foundation= 30.0/52  lifetime_outcomes={'won': 128, 'stalled': 2, 'truncated': 209, 'other': 0}  rss= 3193.0MB  (8121s)
step   277000/400000  eps=0.150  episodes=  340  mean_return=420.000  mean_loss= 6.48561  mean_foundation=  7.0/52  lifetime_outcomes={'won': 128, 'stalled': 2, 'truncated': 210, 'other': 0}  rss= 3193.0MB  (8124s)
step   278000/400000  eps=0.150  episodes=  342  mean_return=3523.400  mean_loss= 6.73721  mean_foundation= 29.0/52  lifetime_outcomes={'won': 129, 'stalled': 2, 'truncated': 211, 'other': 0}  rss= 3193.0MB  (8128s)
step   279000/400000  eps=0.150  episodes=  343  mean_return=440.000  mean_loss= 6.48959  mean_foundation=  7.0/52  lifetime_outcomes={'won': 129, 'stalled': 2, 'truncated': 212, 'other': 0}  rss= 3193.0MB  (8132s)
step   280000/400000  eps=0.150  episodes=  344  mean_return=7000.610  mean_loss= 6.30480  mean_foundation= 52.0/52  lifetime_outcomes={'won': 130, 'stalled': 2, 'truncated': 212, 'other': 0}  rss= 3193.0MB  (8136s)
  EVAL  step   280000  win_rate=21.50%  mean_return=2369.823  mean_foundation= 23.8/52  mean_length=910.3  (greedy, 200 fixed deals)
step   281000/400000  eps=0.150  episodes=  345  mean_return=435.000  mean_loss= 6.61639  mean_foundation=  7.0/52  lifetime_outcomes={'won': 130, 'stalled': 2, 'truncated': 213, 'other': 0}  rss= 3193.0MB  (8316s)
step   282000/400000  eps=0.150  episodes=  346  mean_return=6972.820  mean_loss= 6.33534  mean_foundation= 52.0/52  lifetime_outcomes={'won': 131, 'stalled': 2, 'truncated': 213, 'other': 0}  rss= 3193.0MB  (8320s)
step   283000/400000  eps=0.150  episodes=  347  mean_return=-45.000  mean_loss= 6.13719  mean_foundation=  4.0/52  lifetime_outcomes={'won': 131, 'stalled': 2, 'truncated': 214, 'other': 0}  rss= 3193.0MB  (8324s)
step   284000/400000  eps=0.150  episodes=  348  mean_return=370.000  mean_loss= 6.32391  mean_foundation= 11.0/52  lifetime_outcomes={'won': 131, 'stalled': 2, 'truncated': 215, 'other': 0}  rss= 3193.0MB  (8327s)
step   285000/400000  eps=0.150  episodes=  349  mean_return=865.000  mean_loss= 6.15743  mean_foundation=  3.0/52  lifetime_outcomes={'won': 131, 'stalled': 2, 'truncated': 216, 'other': 0}  rss= 3193.0MB  (8331s)
step   286000/400000  eps=0.150  episodes=  350  mean_return=120.000  mean_loss= 6.13548  mean_foundation=  6.0/52  lifetime_outcomes={'won': 131, 'stalled': 2, 'truncated': 217, 'other': 0}  rss= 3193.0MB  (8335s)
step   287000/400000  eps=0.150  episodes=  351  mean_return=1435.000  mean_loss= 6.00195  mean_foundation= 17.0/52  lifetime_outcomes={'won': 131, 'stalled': 2, 'truncated': 218, 'other': 0}  rss= 3193.0MB  (8338s)
step   288000/400000  eps=0.150  episodes=  352  mean_return=220.000  mean_loss= 5.93134  mean_foundation=  0.0/52  lifetime_outcomes={'won': 131, 'stalled': 2, 'truncated': 219, 'other': 0}  rss= 3193.0MB  (8342s)
step   289000/400000  eps=0.150  episodes=  353  mean_return=1480.000  mean_loss= 5.91212  mean_foundation= 25.0/52  lifetime_outcomes={'won': 131, 'stalled': 2, 'truncated': 220, 'other': 0}  rss= 3193.0MB  (8346s)
step   290000/400000  eps=0.150  episodes=  355  mean_return=3656.430  mean_loss= 6.10500  mean_foundation= 31.5/52  lifetime_outcomes={'won': 132, 'stalled': 2, 'truncated': 221, 'other': 0}  rss= 3193.0MB  (8349s)
  EVAL  step   290000  win_rate=36.50%  mean_return=3129.646  mean_foundation= 27.0/52  mean_length=790.4  (greedy, 200 fixed deals)
step   291000/400000  eps=0.150  episodes=  356  mean_return= 40.000  mean_loss= 5.75959  mean_foundation=  4.0/52  lifetime_outcomes={'won': 132, 'stalled': 2, 'truncated': 222, 'other': 0}  rss= 3193.0MB  (8571s)
step   292000/400000  eps=0.150  episodes=  357  mean_return=430.000  mean_loss= 5.75983  mean_foundation=  4.0/52  lifetime_outcomes={'won': 132, 'stalled': 2, 'truncated': 223, 'other': 0}  rss= 3193.0MB  (8575s)
step   293000/400000  eps=0.150  episodes=  358  mean_return=-190.000  mean_loss= 5.72348  mean_foundation=  4.0/52  lifetime_outcomes={'won': 132, 'stalled': 2, 'truncated': 224, 'other': 0}  rss= 3193.0MB  (8578s)
step   294000/400000  eps=0.150  episodes=  359  mean_return=6910.020  mean_loss= 5.52168  mean_foundation= 52.0/52  lifetime_outcomes={'won': 133, 'stalled': 2, 'truncated': 224, 'other': 0}  rss= 3193.0MB  (8582s)
step   295000/400000  eps=0.150  episodes=  360  mean_return=1480.000  mean_loss= 5.47841  mean_foundation= 28.0/52  lifetime_outcomes={'won': 133, 'stalled': 2, 'truncated': 225, 'other': 0}  rss= 3193.0MB  (8586s)
step   296000/400000  eps=0.150  episodes=  361  mean_return=1105.000  mean_loss= 5.58130  mean_foundation=  9.0/52  lifetime_outcomes={'won': 133, 'stalled': 2, 'truncated': 226, 'other': 0}  rss= 3193.0MB  (8590s)
step   297000/400000  eps=0.150  episodes=  362  mean_return=680.000  mean_loss= 5.64007  mean_foundation=  4.0/52  lifetime_outcomes={'won': 133, 'stalled': 2, 'truncated': 227, 'other': 0}  rss= 3193.0MB  (8593s)
step   298000/400000  eps=0.150  episodes=  363  mean_return=575.000  mean_loss= 5.18504  mean_foundation=  9.0/52  lifetime_outcomes={'won': 133, 'stalled': 2, 'truncated': 228, 'other': 0}  rss= 3193.0MB  (8597s)
step   299000/400000  eps=0.150  episodes=  364  mean_return=500.000  mean_loss= 5.24839  mean_foundation= 10.0/52  lifetime_outcomes={'won': 133, 'stalled': 2, 'truncated': 229, 'other': 0}  rss= 3193.0MB  (8601s)
step   300000/400000  eps=0.150  episodes=  365  mean_return=905.000  mean_loss= 5.23707  mean_foundation= 12.0/52  lifetime_outcomes={'won': 133, 'stalled': 2, 'truncated': 230, 'other': 0}  rss= 3193.0MB  (8604s)
  EVAL  step   300000  win_rate=27.00%  mean_return=2618.218  mean_foundation= 23.6/52  mean_length=873.2  (greedy, 200 fixed deals)
step   301000/400000  eps=0.150  episodes=  366  mean_return= -5.000  mean_loss= 5.03841  mean_foundation=  2.0/52  lifetime_outcomes={'won': 133, 'stalled': 2, 'truncated': 231, 'other': 0}  rss= 3193.0MB  (8854s)
step   302000/400000  eps=0.150  episodes=  367  mean_return=1425.000  mean_loss= 5.18731  mean_foundation= 21.0/52  lifetime_outcomes={'won': 133, 'stalled': 2, 'truncated': 232, 'other': 0}  rss= 3193.0MB  (8858s)
step   303000/400000  eps=0.150  episodes=  368  mean_return=1365.000  mean_loss= 5.20898  mean_foundation= 15.0/52  lifetime_outcomes={'won': 133, 'stalled': 2, 'truncated': 233, 'other': 0}  rss= 3193.0MB  (8862s)
step   304000/400000  eps=0.150  episodes=  369  mean_return=7017.950  mean_loss= 4.86285  mean_foundation= 52.0/52  lifetime_outcomes={'won': 134, 'stalled': 2, 'truncated': 233, 'other': 0}  rss= 3193.0MB  (8866s)
step   305000/400000  eps=0.150  episodes=  370  mean_return= 30.000  mean_loss= 5.06896  mean_foundation=  4.0/52  lifetime_outcomes={'won': 134, 'stalled': 2, 'truncated': 234, 'other': 0}  rss= 3193.0MB  (8870s)
step   306000/400000  eps=0.150  episodes=  373  mean_return=5021.797  mean_loss= 4.92558  mean_foundation= 39.0/52  lifetime_outcomes={'won': 136, 'stalled': 2, 'truncated': 235, 'other': 0}  rss= 3193.0MB  (8874s)
step   307000/400000  eps=0.150  episodes=  374  mean_return=6973.320  mean_loss= 4.82646  mean_foundation= 52.0/52  lifetime_outcomes={'won': 137, 'stalled': 2, 'truncated': 235, 'other': 0}  rss= 3193.0MB  (8877s)
step   308000/400000  eps=0.150  episodes=  375  mean_return=1090.000  mean_loss= 4.92369  mean_foundation=  5.0/52  lifetime_outcomes={'won': 137, 'stalled': 2, 'truncated': 236, 'other': 0}  rss= 3193.0MB  (8881s)
step   309000/400000  eps=0.150  episodes=  376  mean_return=845.000  mean_loss= 4.68016  mean_foundation= 14.0/52  lifetime_outcomes={'won': 137, 'stalled': 2, 'truncated': 237, 'other': 0}  rss= 3193.0MB  (8885s)
step   310000/400000  eps=0.150  episodes=  377  mean_return=6922.530  mean_loss= 4.63406  mean_foundation= 52.0/52  lifetime_outcomes={'won': 138, 'stalled': 2, 'truncated': 237, 'other': 0}  rss= 3193.0MB  (8888s)
  EVAL  step   310000  win_rate=22.00%  mean_return=2369.277  mean_foundation= 22.3/52  mean_length=917.3  (greedy, 200 fixed deals)
step   311000/400000  eps=0.150  episodes=  378  mean_return=1290.000  mean_loss= 4.74238  mean_foundation= 45.0/52  lifetime_outcomes={'won': 138, 'stalled': 2, 'truncated': 238, 'other': 0}  rss= 3193.0MB  (9109s)
step   312000/400000  eps=0.150  episodes=  380  mean_return=4267.835  mean_loss= 4.62987  mean_foundation= 37.0/52  lifetime_outcomes={'won': 139, 'stalled': 2, 'truncated': 239, 'other': 0}  rss= 3193.0MB  (9114s)
step   313000/400000  eps=0.150  episodes=  381  mean_return=1455.000  mean_loss= 4.49590  mean_foundation= 32.0/52  lifetime_outcomes={'won': 139, 'stalled': 2, 'truncated': 240, 'other': 0}  rss= 3193.0MB  (9119s)
step   314000/400000  eps=0.150  episodes=  382  mean_return=6981.350  mean_loss= 4.82787  mean_foundation= 52.0/52  lifetime_outcomes={'won': 140, 'stalled': 2, 'truncated': 240, 'other': 0}  rss= 3193.0MB  (9124s)
step   315000/400000  eps=0.150  episodes=  383  mean_return= 90.000  mean_loss= 4.37326  mean_foundation=  8.0/52  lifetime_outcomes={'won': 140, 'stalled': 2, 'truncated': 241, 'other': 0}  rss= 3193.0MB  (9128s)
step   316000/400000  eps=0.150  episodes=  385  mean_return=3789.930  mean_loss= 4.58629  mean_foundation= 30.5/52  lifetime_outcomes={'won': 141, 'stalled': 2, 'truncated': 242, 'other': 0}  rss= 3193.0MB  (9133s)
step   317000/400000  eps=0.150  episodes=  387  mean_return=309.435  mean_loss= 4.53650  mean_foundation=  8.0/52  lifetime_outcomes={'won': 141, 'stalled': 3, 'truncated': 243, 'other': 0}  rss= 3193.0MB  (9138s)
step   318000/400000  eps=0.150  episodes=  388  mean_return=1095.000  mean_loss= 4.41833  mean_foundation= 34.0/52  lifetime_outcomes={'won': 141, 'stalled': 3, 'truncated': 244, 'other': 0}  rss= 3193.0MB  (9142s)
step   319000/400000  eps=0.150  episodes=  389  mean_return=6897.880  mean_loss= 4.57270  mean_foundation= 52.0/52  lifetime_outcomes={'won': 142, 'stalled': 3, 'truncated': 244, 'other': 0}  rss= 3193.0MB  (9147s)
step   320000/400000  eps=0.150  episodes=  390  mean_return=715.000  mean_loss= 4.29480  mean_foundation=  8.0/52  lifetime_outcomes={'won': 142, 'stalled': 3, 'truncated': 245, 'other': 0}  rss= 3193.0MB  (9151s)
  EVAL  step   320000  win_rate=21.50%  mean_return=2326.350  mean_foundation= 21.8/52  mean_length=915.0  (greedy, 200 fixed deals)
step   321000/400000  eps=0.150  episodes=  391  mean_return=530.000  mean_loss= 4.26904  mean_foundation=  6.0/52  lifetime_outcomes={'won': 142, 'stalled': 3, 'truncated': 246, 'other': 0}  rss= 3193.0MB  (9374s)
step   322000/400000  eps=0.150  episodes=  392  mean_return=6812.120  mean_loss= 4.14468  mean_foundation= 52.0/52  lifetime_outcomes={'won': 143, 'stalled': 3, 'truncated': 246, 'other': 0}  rss= 3193.0MB  (9379s)
step   323000/400000  eps=0.150  episodes=  393  mean_return=280.000  mean_loss= 4.19390  mean_foundation= 10.0/52  lifetime_outcomes={'won': 143, 'stalled': 3, 'truncated': 247, 'other': 0}  rss= 3193.0MB  (9384s)
step   324000/400000  eps=0.150  episodes=  394  mean_return=-405.000  mean_loss= 4.15224  mean_foundation=  4.0/52  lifetime_outcomes={'won': 143, 'stalled': 3, 'truncated': 248, 'other': 0}  rss= 3193.0MB  (9389s)
step   325000/400000  eps=0.150  episodes=  395  mean_return=6911.030  mean_loss= 4.21387  mean_foundation= 52.0/52  lifetime_outcomes={'won': 144, 'stalled': 3, 'truncated': 248, 'other': 0}  rss= 3193.0MB  (9394s)
step   326000/400000  eps=0.150  episodes=  397  mean_return=3704.285  mean_loss= 4.05719  mean_foundation= 31.5/52  lifetime_outcomes={'won': 145, 'stalled': 3, 'truncated': 249, 'other': 0}  rss= 3193.0MB  (9399s)
step   327000/400000  eps=0.150  episodes=  398  mean_return=7006.670  mean_loss= 4.13530  mean_foundation= 52.0/52  lifetime_outcomes={'won': 146, 'stalled': 3, 'truncated': 249, 'other': 0}  rss= 3193.0MB  (9403s)
step   328000/400000  eps=0.150  episodes=  400  mean_return=3659.980  mean_loss= 3.98432  mean_foundation= 28.5/52  lifetime_outcomes={'won': 147, 'stalled': 3, 'truncated': 250, 'other': 0}  rss= 3193.0MB  (9408s)
step   329000/400000  eps=0.150  episodes=  401  mean_return=6939.910  mean_loss= 4.14368  mean_foundation= 52.0/52  lifetime_outcomes={'won': 148, 'stalled': 3, 'truncated': 250, 'other': 0}  rss= 3193.0MB  (9413s)
step   330000/400000  eps=0.150  episodes=  402  mean_return=6966.630  mean_loss= 4.06380  mean_foundation= 52.0/52  lifetime_outcomes={'won': 149, 'stalled': 3, 'truncated': 250, 'other': 0}  rss= 3193.0MB  (9418s)
  EVAL  step   330000  win_rate=37.00%  mean_return=3179.012  mean_foundation= 27.6/52  mean_length=821.3  (greedy, 200 fixed deals)
step   331000/400000  eps=0.150  episodes=  404  mean_return=3564.425  mean_loss= 3.98015  mean_foundation= 30.5/52  lifetime_outcomes={'won': 150, 'stalled': 3, 'truncated': 251, 'other': 0}  rss= 3193.0MB  (9613s)
step   332000/400000  eps=0.150  episodes=  405  mean_return=995.000  mean_loss= 3.85887  mean_foundation= 18.0/52  lifetime_outcomes={'won': 150, 'stalled': 3, 'truncated': 252, 'other': 0}  rss= 3193.0MB  (9617s)
step   333000/400000  eps=0.150  episodes=  406  mean_return=6913.420  mean_loss= 3.85003  mean_foundation= 52.0/52  lifetime_outcomes={'won': 151, 'stalled': 3, 'truncated': 252, 'other': 0}  rss= 3193.0MB  (9621s)
step   334000/400000  eps=0.150  episodes=  407  mean_return=1220.000  mean_loss= 4.06027  mean_foundation= 12.0/52  lifetime_outcomes={'won': 151, 'stalled': 3, 'truncated': 253, 'other': 0}  rss= 3193.0MB  (9624s)
step   335000/400000  eps=0.150  episodes=  408  mean_return=-255.000  mean_loss= 4.03074  mean_foundation=  7.0/52  lifetime_outcomes={'won': 151, 'stalled': 3, 'truncated': 254, 'other': 0}  rss= 3193.0MB  (9628s)
step   336000/400000  eps=0.150  episodes=  409  mean_return=1270.000  mean_loss= 3.78675  mean_foundation= 15.0/52  lifetime_outcomes={'won': 151, 'stalled': 3, 'truncated': 255, 'other': 0}  rss= 3193.0MB  (9632s)
step   337000/400000  eps=0.150  episodes=  410  mean_return=490.000  mean_loss= 3.66609  mean_foundation= 10.0/52  lifetime_outcomes={'won': 151, 'stalled': 3, 'truncated': 256, 'other': 0}  rss= 3193.0MB  (9636s)
step   338000/400000  eps=0.150  episodes=  411  mean_return=-225.000  mean_loss= 3.60039  mean_foundation=  5.0/52  lifetime_outcomes={'won': 151, 'stalled': 3, 'truncated': 257, 'other': 0}  rss= 3193.0MB  (9640s)
step   339000/400000  eps=0.150  episodes=  413  mean_return=3783.240  mean_loss= 3.69907  mean_foundation= 28.0/52  lifetime_outcomes={'won': 152, 'stalled': 3, 'truncated': 258, 'other': 0}  rss= 3193.0MB  (9643s)
step   340000/400000  eps=0.150  episodes=  415  mean_return=6931.505  mean_loss= 3.48177  mean_foundation= 52.0/52  lifetime_outcomes={'won': 154, 'stalled': 3, 'truncated': 258, 'other': 0}  rss= 3193.0MB  (9647s)
  EVAL  step   340000  win_rate=37.50%  mean_return=3206.286  mean_foundation= 27.4/52  mean_length=816.4  (greedy, 200 fixed deals)
step   341000/400000  eps=0.150  episodes=  416  mean_return=1540.000  mean_loss= 3.61862  mean_foundation= 23.0/52  lifetime_outcomes={'won': 154, 'stalled': 3, 'truncated': 259, 'other': 0}  rss= 3193.0MB  (9834s)
step   342000/400000  eps=0.150  episodes=  417  mean_return=880.000  mean_loss= 3.58762  mean_foundation= 15.0/52  lifetime_outcomes={'won': 154, 'stalled': 3, 'truncated': 260, 'other': 0}  rss= 3193.0MB  (9839s)
step   343000/400000  eps=0.150  episodes=  418  mean_return=6932.660  mean_loss= 3.40702  mean_foundation= 52.0/52  lifetime_outcomes={'won': 155, 'stalled': 3, 'truncated': 260, 'other': 0}  rss= 3193.0MB  (9843s)
step   344000/400000  eps=0.150  episodes=  419  mean_return=595.000  mean_loss= 3.62096  mean_foundation= 13.0/52  lifetime_outcomes={'won': 155, 'stalled': 3, 'truncated': 261, 'other': 0}  rss= 3193.0MB  (9848s)
step   345000/400000  eps=0.150  episodes=  420  mean_return=1425.000  mean_loss= 3.52601  mean_foundation= 17.0/52  lifetime_outcomes={'won': 155, 'stalled': 3, 'truncated': 262, 'other': 0}  rss= 3193.0MB  (9852s)
step   346000/400000  eps=0.150  episodes=  421  mean_return=420.000  mean_loss= 3.50148  mean_foundation=  6.0/52  lifetime_outcomes={'won': 155, 'stalled': 3, 'truncated': 263, 'other': 0}  rss= 3193.0MB  (9857s)
step   347000/400000  eps=0.150  episodes=  422  mean_return=510.000  mean_loss= 3.39678  mean_foundation=  6.0/52  lifetime_outcomes={'won': 155, 'stalled': 3, 'truncated': 264, 'other': 0}  rss= 3193.0MB  (9862s)
step   348000/400000  eps=0.150  episodes=  423  mean_return=-255.000  mean_loss= 3.57148  mean_foundation=  4.0/52  lifetime_outcomes={'won': 155, 'stalled': 3, 'truncated': 265, 'other': 0}  rss= 3193.0MB  (9867s)
step   349000/400000  eps=0.150  episodes=  424  mean_return=6936.540  mean_loss= 3.34925  mean_foundation= 52.0/52  lifetime_outcomes={'won': 156, 'stalled': 3, 'truncated': 265, 'other': 0}  rss= 3193.0MB  (9871s)
step   350000/400000  eps=0.150  episodes=  426  mean_return=3833.020  mean_loss= 3.40476  mean_foundation= 32.5/52  lifetime_outcomes={'won': 157, 'stalled': 3, 'truncated': 266, 'other': 0}  rss= 3193.0MB  (9876s)
  EVAL  step   350000  win_rate=19.50%  mean_return=2215.969  mean_foundation= 21.4/52  mean_length=925.6  (greedy, 200 fixed deals)
step   351000/400000  eps=0.150  episodes=  427  mean_return=-10.000  mean_loss= 3.34157  mean_foundation=  8.0/52  lifetime_outcomes={'won': 157, 'stalled': 3, 'truncated': 267, 'other': 0}  rss= 3193.0MB  (10095s)
step   352000/400000  eps=0.150  episodes=  428  mean_return=1180.000  mean_loss= 3.34760  mean_foundation= 12.0/52  lifetime_outcomes={'won': 157, 'stalled': 3, 'truncated': 268, 'other': 0}  rss= 3193.0MB  (10099s)
step   353000/400000  eps=0.150  episodes=  429  mean_return=1480.000  mean_loss= 3.31327  mean_foundation= 25.0/52  lifetime_outcomes={'won': 157, 'stalled': 3, 'truncated': 269, 'other': 0}  rss= 3193.0MB  (10104s)
step   354000/400000  eps=0.150  episodes=  430  mean_return=1795.000  mean_loss= 3.28556  mean_foundation= 32.0/52  lifetime_outcomes={'won': 157, 'stalled': 3, 'truncated': 270, 'other': 0}  rss= 3193.0MB  (10108s)
step   355000/400000  eps=0.150  episodes=  431  mean_return=6900.530  mean_loss= 3.07871  mean_foundation= 52.0/52  lifetime_outcomes={'won': 158, 'stalled': 3, 'truncated': 270, 'other': 0}  rss= 3193.0MB  (10113s)
step   356000/400000  eps=0.150  episodes=  433  mean_return=3830.785  mean_loss= 2.96998  mean_foundation= 34.0/52  lifetime_outcomes={'won': 159, 'stalled': 3, 'truncated': 271, 'other': 0}  rss= 3193.0MB  (10117s)
step   357000/400000  eps=0.150  episodes=  434  mean_return= 40.000  mean_loss= 3.06041  mean_foundation=  5.0/52  lifetime_outcomes={'won': 159, 'stalled': 3, 'truncated': 272, 'other': 0}  rss= 3193.0MB  (10122s)
step   358000/400000  eps=0.150  episodes=  435  mean_return=1360.000  mean_loss= 2.94306  mean_foundation= 16.0/52  lifetime_outcomes={'won': 159, 'stalled': 3, 'truncated': 273, 'other': 0}  rss= 3193.0MB  (10126s)
step   359000/400000  eps=0.150  episodes=  436  mean_return=950.000  mean_loss= 3.14419  mean_foundation=  4.0/52  lifetime_outcomes={'won': 159, 'stalled': 3, 'truncated': 274, 'other': 0}  rss= 3193.0MB  (10131s)
step   360000/400000  eps=0.150  episodes=  437  mean_return=6952.800  mean_loss= 2.99918  mean_foundation= 52.0/52  lifetime_outcomes={'won': 160, 'stalled': 3, 'truncated': 274, 'other': 0}  rss= 3193.0MB  (10135s)
  EVAL  step   360000  win_rate=36.50%  mean_return=3141.295  mean_foundation= 26.6/52  mean_length=810.5  (greedy, 200 fixed deals)
step   361000/400000  eps=0.150  episodes=  439  mean_return=3437.905  mean_loss= 3.04532  mean_foundation= 26.5/52  lifetime_outcomes={'won': 161, 'stalled': 3, 'truncated': 275, 'other': 0}  rss= 3193.0MB  (10311s)
step   362000/400000  eps=0.150  episodes=  440  mean_return=170.000  mean_loss= 3.07450  mean_foundation=  5.0/52  lifetime_outcomes={'won': 161, 'stalled': 3, 'truncated': 276, 'other': 0}  rss= 3193.0MB  (10315s)
step   363000/400000  eps=0.150  episodes=  441  mean_return=1360.000  mean_loss= 2.93170  mean_foundation= 27.0/52  lifetime_outcomes={'won': 161, 'stalled': 3, 'truncated': 277, 'other': 0}  rss= 3193.0MB  (10318s)
step   364000/400000  eps=0.150  episodes=  442  mean_return=1405.000  mean_loss= 3.03512  mean_foundation= 13.0/52  lifetime_outcomes={'won': 161, 'stalled': 3, 'truncated': 278, 'other': 0}  rss= 3193.0MB  (10322s)
step   365000/400000  eps=0.150  episodes=  443  mean_return=635.000  mean_loss= 2.87562  mean_foundation= 19.0/52  lifetime_outcomes={'won': 161, 'stalled': 3, 'truncated': 279, 'other': 0}  rss= 3193.0MB  (10326s)
step   366000/400000  eps=0.150  episodes=  444  mean_return=735.000  mean_loss= 2.94311  mean_foundation=  9.0/52  lifetime_outcomes={'won': 161, 'stalled': 3, 'truncated': 280, 'other': 0}  rss= 3193.0MB  (10330s)
step   367000/400000  eps=0.150  episodes=  446  mean_return=6897.900  mean_loss= 2.80347  mean_foundation= 52.0/52  lifetime_outcomes={'won': 163, 'stalled': 3, 'truncated': 280, 'other': 0}  rss= 3193.0MB  (10333s)
step   368000/400000  eps=0.150  episodes=  447  mean_return=1280.000  mean_loss= 2.88710  mean_foundation= 12.0/52  lifetime_outcomes={'won': 163, 'stalled': 3, 'truncated': 281, 'other': 0}  rss= 3193.0MB  (10337s)
step   369000/400000  eps=0.150  episodes=  448  mean_return=6951.650  mean_loss= 2.81739  mean_foundation= 52.0/52  lifetime_outcomes={'won': 164, 'stalled': 3, 'truncated': 281, 'other': 0}  rss= 3193.0MB  (10340s)
step   370000/400000  eps=0.150  episodes=  450  mean_return=3470.065  mean_loss= 2.71583  mean_foundation= 33.0/52  lifetime_outcomes={'won': 165, 'stalled': 3, 'truncated': 282, 'other': 0}  rss= 3193.0MB  (10344s)
  EVAL  step   370000  win_rate=37.00%  mean_return=3196.176  mean_foundation= 27.8/52  mean_length=837.4  (greedy, 200 fixed deals)
step   371000/400000  eps=0.150  episodes=  452  mean_return=6920.705  mean_loss= 2.70347  mean_foundation= 52.0/52  lifetime_outcomes={'won': 167, 'stalled': 3, 'truncated': 282, 'other': 0}  rss= 3193.0MB  (10506s)
step   372000/400000  eps=0.150  episodes=  453  mean_return=-455.000  mean_loss= 2.70236  mean_foundation=  0.0/52  lifetime_outcomes={'won': 167, 'stalled': 3, 'truncated': 283, 'other': 0}  rss= 3193.0MB  (10510s)
step   373000/400000  eps=0.150  episodes=  454  mean_return=7011.230  mean_loss= 2.75264  mean_foundation= 52.0/52  lifetime_outcomes={'won': 168, 'stalled': 3, 'truncated': 283, 'other': 0}  rss= 3193.0MB  (10514s)
step   374000/400000  eps=0.150  episodes=  455  mean_return=220.000  mean_loss= 2.70209  mean_foundation=  6.0/52  lifetime_outcomes={'won': 168, 'stalled': 3, 'truncated': 284, 'other': 0}  rss= 3193.0MB  (10517s)
step   375000/400000  eps=0.150  episodes=  457  mean_return=3434.510  mean_loss= 2.67403  mean_foundation= 30.0/52  lifetime_outcomes={'won': 169, 'stalled': 3, 'truncated': 285, 'other': 0}  rss= 3193.0MB  (10521s)
step   376000/400000  eps=0.150  episodes=  458  mean_return=390.000  mean_loss= 2.69130  mean_foundation=  3.0/52  lifetime_outcomes={'won': 169, 'stalled': 3, 'truncated': 286, 'other': 0}  rss= 3193.0MB  (10524s)
step   377000/400000  eps=0.150  episodes=  459  mean_return=6923.510  mean_loss= 2.59645  mean_foundation= 52.0/52  lifetime_outcomes={'won': 170, 'stalled': 3, 'truncated': 286, 'other': 0}  rss= 3193.0MB  (10528s)
step   378000/400000  eps=0.150  episodes=  460  mean_return=1310.000  mean_loss= 2.58822  mean_foundation= 30.0/52  lifetime_outcomes={'won': 170, 'stalled': 3, 'truncated': 287, 'other': 0}  rss= 3193.0MB  (10531s)
step   379000/400000  eps=0.150  episodes=  461  mean_return=1345.000  mean_loss= 2.65785  mean_foundation= 30.0/52  lifetime_outcomes={'won': 170, 'stalled': 3, 'truncated': 288, 'other': 0}  rss= 3193.0MB  (10535s)
step   380000/400000  eps=0.150  episodes=  462  mean_return=1165.000  mean_loss= 2.70740  mean_foundation= 19.0/52  lifetime_outcomes={'won': 170, 'stalled': 3, 'truncated': 289, 'other': 0}  rss= 3193.0MB  (10539s)
  EVAL  step   380000  win_rate=31.00%  mean_return=2867.342  mean_foundation= 25.9/52  mean_length=863.3  (greedy, 200 fixed deals)
step   381000/400000  eps=0.150  episodes=  463  mean_return=-145.000  mean_loss= 2.62195  mean_foundation=  7.0/52  lifetime_outcomes={'won': 170, 'stalled': 3, 'truncated': 290, 'other': 0}  rss= 3193.0MB  (10708s)
step   382000/400000  eps=0.150  episodes=  465  mean_return=3863.135  mean_loss= 2.47423  mean_foundation= 30.0/52  lifetime_outcomes={'won': 171, 'stalled': 3, 'truncated': 291, 'other': 0}  rss= 3193.0MB  (10711s)
step   383000/400000  eps=0.150  episodes=  466  mean_return=6977.690  mean_loss= 2.61146  mean_foundation= 52.0/52  lifetime_outcomes={'won': 172, 'stalled': 3, 'truncated': 291, 'other': 0}  rss= 3193.0MB  (10715s)
step   384000/400000  eps=0.150  episodes=  467  mean_return=580.000  mean_loss= 2.56577  mean_foundation=  9.0/52  lifetime_outcomes={'won': 172, 'stalled': 3, 'truncated': 292, 'other': 0}  rss= 3193.0MB  (10719s)
step   385000/400000  eps=0.150  episodes=  468  mean_return=530.000  mean_loss= 2.65416  mean_foundation=  9.0/52  lifetime_outcomes={'won': 172, 'stalled': 3, 'truncated': 293, 'other': 0}  rss= 3193.0MB  (10722s)
step   386000/400000  eps=0.150  episodes=  469  mean_return=935.000  mean_loss= 2.40891  mean_foundation=  9.0/52  lifetime_outcomes={'won': 172, 'stalled': 3, 'truncated': 294, 'other': 0}  rss= 3193.0MB  (10726s)
step   387000/400000  eps=0.150  episodes=  470  mean_return=1425.000  mean_loss= 2.47318  mean_foundation= 26.0/52  lifetime_outcomes={'won': 172, 'stalled': 3, 'truncated': 295, 'other': 0}  rss= 3193.0MB  (10730s)
step   388000/400000  eps=0.150  episodes=  471  mean_return=560.000  mean_loss= 2.44353  mean_foundation= 10.0/52  lifetime_outcomes={'won': 172, 'stalled': 3, 'truncated': 296, 'other': 0}  rss= 3193.0MB  (10733s)
step   389000/400000  eps=0.150  episodes=  472  mean_return=-65.000  mean_loss= 2.41350  mean_foundation=  2.0/52  lifetime_outcomes={'won': 172, 'stalled': 3, 'truncated': 297, 'other': 0}  rss= 3193.0MB  (10737s)
step   390000/400000  eps=0.150  episodes=  473  mean_return=200.000  mean_loss= 2.39260  mean_foundation= 16.0/52  lifetime_outcomes={'won': 172, 'stalled': 3, 'truncated': 298, 'other': 0}  rss= 3193.0MB  (10741s)
  EVAL  step   390000  win_rate=37.50%  mean_return=3207.184  mean_foundation= 27.4/52  mean_length=796.6  (greedy, 200 fixed deals)
step   391000/400000  eps=0.150  episodes=  474  mean_return=6993.900  mean_loss= 2.33474  mean_foundation= 52.0/52  lifetime_outcomes={'won': 173, 'stalled': 3, 'truncated': 298, 'other': 0}  rss= 3193.0MB  (10898s)
step   392000/400000  eps=0.150  episodes=  476  mean_return=3884.475  mean_loss= 2.35516  mean_foundation= 30.5/52  lifetime_outcomes={'won': 174, 'stalled': 3, 'truncated': 299, 'other': 0}  rss= 3193.0MB  (10902s)
step   393000/400000  eps=0.150  episodes=  477  mean_return=6972.870  mean_loss= 2.25317  mean_foundation= 52.0/52  lifetime_outcomes={'won': 175, 'stalled': 3, 'truncated': 299, 'other': 0}  rss= 3193.0MB  (10905s)
step   394000/400000  eps=0.150  episodes=  478  mean_return=6970.110  mean_loss= 2.25905  mean_foundation= 52.0/52  lifetime_outcomes={'won': 176, 'stalled': 3, 'truncated': 299, 'other': 0}  rss= 3193.0MB  (10909s)
step   395000/400000  eps=0.150  episodes=  479  mean_return=1345.000  mean_loss= 2.34604  mean_foundation= 18.0/52  lifetime_outcomes={'won': 176, 'stalled': 3, 'truncated': 300, 'other': 0}  rss= 3193.0MB  (10913s)
step   396000/400000  eps=0.150  episodes=  480  mean_return=560.000  mean_loss= 2.28277  mean_foundation=  7.0/52  lifetime_outcomes={'won': 176, 'stalled': 3, 'truncated': 301, 'other': 0}  rss= 3193.0MB  (10916s)
step   397000/400000  eps=0.150  episodes=  482  mean_return=3508.145  mean_loss= 2.26165  mean_foundation= 29.5/52  lifetime_outcomes={'won': 177, 'stalled': 3, 'truncated': 302, 'other': 0}  rss= 3193.0MB  (10920s)
step   398000/400000  eps=0.150  episodes=  483  mean_return=-195.000  mean_loss= 2.18387  mean_foundation=  3.0/52  lifetime_outcomes={'won': 177, 'stalled': 3, 'truncated': 303, 'other': 0}  rss= 3193.0MB  (10923s)
step   399000/400000  eps=0.150  episodes=  484  mean_return=6912.820  mean_loss= 2.29040  mean_foundation= 52.0/52  lifetime_outcomes={'won': 178, 'stalled': 3, 'truncated': 303, 'other': 0}  rss= 3193.0MB  (10927s)
step   400000/400000  eps=0.150  episodes=  485  mean_return=685.000  mean_loss= 2.21039  mean_foundation= 11.0/52  lifetime_outcomes={'won': 178, 'stalled': 3, 'truncated': 304, 'other': 0}  rss= 3193.0MB  (10930s)
  EVAL  step   400000  win_rate=33.00%  mean_return=2964.295  mean_foundation= 25.4/52  mean_length=863.0  (greedy, 200 fixed deals)
done. saved final checkpoint to runs/026_dqfd_moredemo_epsfloor_loopbreaker_solvcurriculum_undopenalty/checkpoint_final.pt
