run directory: runs/018_double_dqn_soft_nstep3_per_dqfd_moredemo
DQfD: building 100000 permanent demo transitions from runs/curriculum_wins.jsonl
DQfD: loaded 100000 demo transitions into the permanent replay-buffer region
step     1000/400000  eps=0.995  episodes=    1  mean_return=1660.000  mean_loss=     nan  mean_foundation=  3.0/52  lifetime_outcomes={'won': 0, 'stalled': 0, 'truncated': 1, 'other': 0}  rss= 2041.4MB  (2s)
step     2000/400000  eps=0.991  episodes=    2  mean_return=700.000  mean_loss=     nan  mean_foundation=  4.0/52  lifetime_outcomes={'won': 0, 'stalled': 0, 'truncated': 2, 'other': 0}  rss= 2056.7MB  (3s)
step     3000/400000  eps=0.986  episodes=    3  mean_return=1330.000  mean_loss=     nan  mean_foundation= 10.0/52  lifetime_outcomes={'won': 0, 'stalled': 0, 'truncated': 3, 'other': 0}  rss= 2064.8MB  (4s)
step     4000/400000  eps=0.981  episodes=    4  mean_return=1740.000  mean_loss=     nan  mean_foundation=  9.0/52  lifetime_outcomes={'won': 0, 'stalled': 0, 'truncated': 4, 'other': 0}  rss= 2077.0MB  (4s)
step     5000/400000  eps=0.976  episodes=    5  mean_return=1120.000  mean_loss=10.90162  mean_foundation=  5.0/52  lifetime_outcomes={'won': 0, 'stalled': 0, 'truncated': 5, 'other': 0}  rss= 2329.6MB  (5s)
step     6000/400000  eps=0.972  episodes=    6  mean_return=1750.000  mean_loss=68.61276  mean_foundation= 14.0/52  lifetime_outcomes={'won': 0, 'stalled': 0, 'truncated': 6, 'other': 0}  rss= 2340.1MB  (8s)
step     7000/400000  eps=0.967  episodes=    7  mean_return=229.460  mean_loss=90.59337  mean_foundation=  2.0/52  lifetime_outcomes={'won': 0, 'stalled': 1, 'truncated': 6, 'other': 0}  rss= 2352.2MB  (11s)
step     8000/400000  eps=0.962  episodes=    8  mean_return=1240.000  mean_loss=101.92868  mean_foundation=  5.0/52  lifetime_outcomes={'won': 0, 'stalled': 1, 'truncated': 7, 'other': 0}  rss= 2360.3MB  (14s)
step     9000/400000  eps=0.957  episodes=    9  mean_return=1650.000  mean_loss=104.75231  mean_foundation=  7.0/52  lifetime_outcomes={'won': 0, 'stalled': 1, 'truncated': 8, 'other': 0}  rss= 2366.4MB  (17s)
step    10000/400000  eps=0.953  episodes=   10  mean_return=580.000  mean_loss=106.34628  mean_foundation=  4.0/52  lifetime_outcomes={'won': 0, 'stalled': 1, 'truncated': 9, 'other': 0}  rss= 2368.4MB  (20s)
  EVAL  step    10000  win_rate=0.00%  mean_return=345.800  mean_foundation=  2.8/52  mean_length=1000.0  (greedy, 100 fixed deals)
step    11000/400000  eps=0.948  episodes=   11  mean_return=1610.000  mean_loss=104.87977  mean_foundation=  5.0/52  lifetime_outcomes={'won': 0, 'stalled': 1, 'truncated': 10, 'other': 0}  rss= 2384.1MB  (107s)
step    12000/400000  eps=0.943  episodes=   12  mean_return=1300.000  mean_loss=102.81892  mean_foundation=  9.0/52  lifetime_outcomes={'won': 0, 'stalled': 1, 'truncated': 11, 'other': 0}  rss= 2388.2MB  (110s)
step    13000/400000  eps=0.938  episodes=   13  mean_return=1510.000  mean_loss=101.56544  mean_foundation= 17.0/52  lifetime_outcomes={'won': 0, 'stalled': 1, 'truncated': 12, 'other': 0}  rss= 2392.2MB  (113s)
step    14000/400000  eps=0.933  episodes=   14  mean_return=1930.000  mean_loss=98.40187  mean_foundation= 39.0/52  lifetime_outcomes={'won': 0, 'stalled': 1, 'truncated': 13, 'other': 0}  rss= 2396.2MB  (116s)
step    15000/400000  eps=0.929  episodes=   15  mean_return=600.000  mean_loss=93.09554  mean_foundation=  1.0/52  lifetime_outcomes={'won': 0, 'stalled': 1, 'truncated': 14, 'other': 0}  rss= 2396.2MB  (118s)
step    16000/400000  eps=0.924  episodes=   16  mean_return=1930.000  mean_loss=90.97433  mean_foundation= 40.0/52  lifetime_outcomes={'won': 0, 'stalled': 1, 'truncated': 15, 'other': 0}  rss= 2396.2MB  (121s)
step    17000/400000  eps=0.919  episodes=   17  mean_return=240.000  mean_loss=90.52084  mean_foundation=  1.0/52  lifetime_outcomes={'won': 0, 'stalled': 1, 'truncated': 16, 'other': 0}  rss= 2396.2MB  (124s)
step    18000/400000  eps=0.914  episodes=   18  mean_return=500.000  mean_loss=87.78279  mean_foundation=  2.0/52  lifetime_outcomes={'won': 0, 'stalled': 1, 'truncated': 17, 'other': 0}  rss= 2396.2MB  (127s)
step    19000/400000  eps=0.910  episodes=   19  mean_return=1930.000  mean_loss=85.96982  mean_foundation= 38.0/52  lifetime_outcomes={'won': 0, 'stalled': 1, 'truncated': 18, 'other': 0}  rss= 2398.7MB  (130s)
step    20000/400000  eps=0.905  episodes=   20  mean_return=340.000  mean_loss=85.22016  mean_foundation=  3.0/52  lifetime_outcomes={'won': 0, 'stalled': 1, 'truncated': 19, 'other': 0}  rss= 2402.7MB  (133s)
  EVAL  step    20000  win_rate=0.00%  mean_return=307.400  mean_foundation=  2.3/52  mean_length=1000.0  (greedy, 100 fixed deals)
step    21000/400000  eps=0.900  episodes=   21  mean_return=730.000  mean_loss=84.15104  mean_foundation=  3.0/52  lifetime_outcomes={'won': 0, 'stalled': 1, 'truncated': 20, 'other': 0}  rss= 2418.2MB  (220s)
step    22000/400000  eps=0.895  episodes=   22  mean_return=680.000  mean_loss=82.36285  mean_foundation=  9.0/52  lifetime_outcomes={'won': 0, 'stalled': 1, 'truncated': 21, 'other': 0}  rss= 2418.2MB  (223s)
step    23000/400000  eps=0.891  episodes=   23  mean_return=2010.000  mean_loss=78.17330  mean_foundation= 47.0/52  lifetime_outcomes={'won': 0, 'stalled': 1, 'truncated': 22, 'other': 0}  rss= 2418.2MB  (226s)
step    24000/400000  eps=0.886  episodes=   24  mean_return=2040.000  mean_loss=79.34821  mean_foundation= 48.0/52  lifetime_outcomes={'won': 0, 'stalled': 1, 'truncated': 23, 'other': 0}  rss= 2418.2MB  (229s)
step    25000/400000  eps=0.881  episodes=   25  mean_return=910.000  mean_loss=79.06974  mean_foundation=  8.0/52  lifetime_outcomes={'won': 0, 'stalled': 1, 'truncated': 24, 'other': 0}  rss= 2418.2MB  (232s)
step    26000/400000  eps=0.877  episodes=   26  mean_return=870.000  mean_loss=76.78321  mean_foundation= 14.0/52  lifetime_outcomes={'won': 0, 'stalled': 1, 'truncated': 25, 'other': 0}  rss= 2418.7MB  (235s)
step    27000/400000  eps=0.872  episodes=   27  mean_return=1970.000  mean_loss=74.63889  mean_foundation= 45.0/52  lifetime_outcomes={'won': 0, 'stalled': 1, 'truncated': 26, 'other': 0}  rss= 2424.7MB  (238s)
step    28000/400000  eps=0.867  episodes=   28  mean_return=460.000  mean_loss=75.72970  mean_foundation=  3.0/52  lifetime_outcomes={'won': 0, 'stalled': 1, 'truncated': 27, 'other': 0}  rss= 2432.8MB  (241s)
step    29000/400000  eps=0.862  episodes=   29  mean_return=360.000  mean_loss=74.82193  mean_foundation=  6.0/52  lifetime_outcomes={'won': 0, 'stalled': 1, 'truncated': 28, 'other': 0}  rss= 2438.8MB  (244s)
step    30000/400000  eps=0.858  episodes=   30  mean_return=7040.180  mean_loss=74.35159  mean_foundation= 52.0/52  lifetime_outcomes={'won': 1, 'stalled': 1, 'truncated': 28, 'other': 0}  rss= 2442.9MB  (247s)
  EVAL  step    30000  win_rate=0.00%  mean_return=313.700  mean_foundation=  2.5/52  mean_length=1000.0  (greedy, 100 fixed deals)
step    31000/400000  eps=0.853  episodes=   31  mean_return=1540.000  mean_loss=72.19504  mean_foundation= 29.0/52  lifetime_outcomes={'won': 1, 'stalled': 1, 'truncated': 29, 'other': 0}  rss= 2452.3MB  (334s)
step    32000/400000  eps=0.848  episodes=   32  mean_return=770.000  mean_loss=73.27127  mean_foundation= 11.0/52  lifetime_outcomes={'won': 1, 'stalled': 1, 'truncated': 30, 'other': 0}  rss= 2456.3MB  (337s)
step    33000/400000  eps=0.843  episodes=   34  mean_return=4466.205  mean_loss=71.09628  mean_foundation= 44.0/52  lifetime_outcomes={'won': 2, 'stalled': 1, 'truncated': 31, 'other': 0}  rss= 2458.3MB  (340s)
step    34000/400000  eps=0.839  episodes=   35  mean_return=2040.000  mean_loss=71.95038  mean_foundation= 42.0/52  lifetime_outcomes={'won': 2, 'stalled': 1, 'truncated': 32, 'other': 0}  rss= 2464.3MB  (343s)
step    35000/400000  eps=0.834  episodes=   36  mean_return=7044.260  mean_loss=68.96819  mean_foundation= 52.0/52  lifetime_outcomes={'won': 3, 'stalled': 1, 'truncated': 32, 'other': 0}  rss= 2466.4MB  (346s)
step    36000/400000  eps=0.829  episodes=   37  mean_return=1890.000  mean_loss=70.70414  mean_foundation= 37.0/52  lifetime_outcomes={'won': 3, 'stalled': 1, 'truncated': 33, 'other': 0}  rss= 2472.5MB  (349s)
step    37000/400000  eps=0.824  episodes=   38  mean_return=1950.000  mean_loss=69.74166  mean_foundation= 40.0/52  lifetime_outcomes={'won': 3, 'stalled': 1, 'truncated': 34, 'other': 0}  rss= 2474.5MB  (352s)
step    38000/400000  eps=0.820  episodes=   39  mean_return=390.000  mean_loss=67.77646  mean_foundation= 11.0/52  lifetime_outcomes={'won': 3, 'stalled': 1, 'truncated': 35, 'other': 0}  rss= 2478.5MB  (355s)
step    39000/400000  eps=0.815  episodes=   40  mean_return=1080.000  mean_loss=65.92154  mean_foundation= 21.0/52  lifetime_outcomes={'won': 3, 'stalled': 1, 'truncated': 36, 'other': 0}  rss= 2484.5MB  (358s)
step    40000/400000  eps=0.810  episodes=   41  mean_return=980.000  mean_loss=68.11618  mean_foundation=  2.0/52  lifetime_outcomes={'won': 3, 'stalled': 1, 'truncated': 37, 'other': 0}  rss= 2486.5MB  (362s)
  EVAL  step    40000  win_rate=0.00%  mean_return=334.300  mean_foundation=  2.5/52  mean_length=1000.0  (greedy, 100 fixed deals)
step    41000/400000  eps=0.805  episodes=   42  mean_return=1420.000  mean_loss=64.13502  mean_foundation= 19.0/52  lifetime_outcomes={'won': 3, 'stalled': 1, 'truncated': 38, 'other': 0}  rss= 2492.6MB  (450s)
step    42000/400000  eps=0.800  episodes=   43  mean_return=1930.000  mean_loss=63.46978  mean_foundation= 40.0/52  lifetime_outcomes={'won': 3, 'stalled': 1, 'truncated': 39, 'other': 0}  rss= 2494.6MB  (453s)
step    43000/400000  eps=0.796  episodes=   44  mean_return=1460.000  mean_loss=60.25386  mean_foundation= 12.0/52  lifetime_outcomes={'won': 3, 'stalled': 1, 'truncated': 40, 'other': 0}  rss= 2498.6MB  (456s)
step    44000/400000  eps=0.791  episodes=   45  mean_return=7042.240  mean_loss=61.43698  mean_foundation= 52.0/52  lifetime_outcomes={'won': 4, 'stalled': 1, 'truncated': 40, 'other': 0}  rss= 2502.6MB  (459s)
step    45000/400000  eps=0.786  episodes=   46  mean_return=760.000  mean_loss=61.70967  mean_foundation=  6.0/52  lifetime_outcomes={'won': 4, 'stalled': 1, 'truncated': 41, 'other': 0}  rss= 2506.6MB  (462s)
step    46000/400000  eps=0.781  episodes=   47  mean_return=880.000  mean_loss=59.85509  mean_foundation=  9.0/52  lifetime_outcomes={'won': 4, 'stalled': 1, 'truncated': 42, 'other': 0}  rss= 2510.6MB  (465s)
step    47000/400000  eps=0.777  episodes=   48  mean_return=950.000  mean_loss=57.77944  mean_foundation=  8.0/52  lifetime_outcomes={'won': 4, 'stalled': 1, 'truncated': 43, 'other': 0}  rss= 2514.7MB  (468s)
step    48000/400000  eps=0.772  episodes=   49  mean_return=840.000  mean_loss=58.37529  mean_foundation= 10.0/52  lifetime_outcomes={'won': 4, 'stalled': 1, 'truncated': 44, 'other': 0}  rss= 2520.7MB  (471s)
step    49000/400000  eps=0.767  episodes=   50  mean_return=1410.000  mean_loss=58.65064  mean_foundation= 23.0/52  lifetime_outcomes={'won': 4, 'stalled': 1, 'truncated': 45, 'other': 0}  rss= 2522.7MB  (474s)
step    50000/400000  eps=0.762  episodes=   51  mean_return=740.000  mean_loss=56.37208  mean_foundation=  9.0/52  lifetime_outcomes={'won': 4, 'stalled': 1, 'truncated': 46, 'other': 0}  rss= 2526.7MB  (477s)
  EVAL  step    50000  win_rate=0.00%  mean_return=344.900  mean_foundation=  2.8/52  mean_length=1000.0  (greedy, 100 fixed deals)
step    51000/400000  eps=0.758  episodes=   52  mean_return=540.000  mean_loss=55.91447  mean_foundation=  9.0/52  lifetime_outcomes={'won': 4, 'stalled': 1, 'truncated': 47, 'other': 0}  rss= 2530.8MB  (567s)
step    52000/400000  eps=0.753  episodes=   54  mean_return=3952.530  mean_loss=54.16511  mean_foundation= 30.5/52  lifetime_outcomes={'won': 5, 'stalled': 1, 'truncated': 48, 'other': 0}  rss= 2534.8MB  (570s)
step    53000/400000  eps=0.748  episodes=   55  mean_return=870.000  mean_loss=53.57939  mean_foundation=  8.0/52  lifetime_outcomes={'won': 5, 'stalled': 1, 'truncated': 49, 'other': 0}  rss= 2536.8MB  (573s)
step    54000/400000  eps=0.744  episodes=   57  mean_return=7044.445  mean_loss=54.21467  mean_foundation= 52.0/52  lifetime_outcomes={'won': 7, 'stalled': 1, 'truncated': 49, 'other': 0}  rss= 2542.8MB  (576s)
step    55000/400000  eps=0.739  episodes=   58  mean_return=7042.770  mean_loss=53.45024  mean_foundation= 52.0/52  lifetime_outcomes={'won': 8, 'stalled': 1, 'truncated': 49, 'other': 0}  rss= 2546.9MB  (579s)
step    56000/400000  eps=0.734  episodes=   59  mean_return=1340.000  mean_loss=49.99464  mean_foundation= 17.0/52  lifetime_outcomes={'won': 8, 'stalled': 1, 'truncated': 50, 'other': 0}  rss= 2550.9MB  (582s)
step    57000/400000  eps=0.729  episodes=   60  mean_return=1210.000  mean_loss=52.14806  mean_foundation= 11.0/52  lifetime_outcomes={'won': 8, 'stalled': 1, 'truncated': 51, 'other': 0}  rss= 2554.9MB  (585s)
step    58000/400000  eps=0.725  episodes=   61  mean_return=1010.000  mean_loss=50.53957  mean_foundation=  8.0/52  lifetime_outcomes={'won': 8, 'stalled': 1, 'truncated': 52, 'other': 0}  rss= 2558.9MB  (588s)
step    59000/400000  eps=0.720  episodes=   63  mean_return=7044.100  mean_loss=50.30325  mean_foundation= 52.0/52  lifetime_outcomes={'won': 10, 'stalled': 1, 'truncated': 52, 'other': 0}  rss= 2563.0MB  (591s)
step    60000/400000  eps=0.715  episodes=   64  mean_return=7041.100  mean_loss=50.80381  mean_foundation= 52.0/52  lifetime_outcomes={'won': 11, 'stalled': 1, 'truncated': 52, 'other': 0}  rss= 2565.0MB  (594s)
  EVAL  step    60000  win_rate=0.00%  mean_return=369.800  mean_foundation=  3.5/52  mean_length=1000.0  (greedy, 100 fixed deals)
step    61000/400000  eps=0.710  episodes=   65  mean_return=610.000  mean_loss=47.78815  mean_foundation=  7.0/52  lifetime_outcomes={'won': 11, 'stalled': 1, 'truncated': 53, 'other': 0}  rss= 2571.0MB  (684s)
step    62000/400000  eps=0.706  episodes=   66  mean_return=790.000  mean_loss=48.80404  mean_foundation=  3.0/52  lifetime_outcomes={'won': 11, 'stalled': 1, 'truncated': 54, 'other': 0}  rss= 2575.0MB  (687s)
step    63000/400000  eps=0.701  episodes=   68  mean_return=3877.735  mean_loss=48.93888  mean_foundation= 28.5/52  lifetime_outcomes={'won': 12, 'stalled': 1, 'truncated': 55, 'other': 0}  rss= 2579.1MB  (691s)
step    64000/400000  eps=0.696  episodes=   69  mean_return=7040.200  mean_loss=47.05009  mean_foundation= 52.0/52  lifetime_outcomes={'won': 13, 'stalled': 1, 'truncated': 55, 'other': 0}  rss= 2583.1MB  (694s)
step    65000/400000  eps=0.691  episodes=   70  mean_return=1040.000  mean_loss=47.17583  mean_foundation= 10.0/52  lifetime_outcomes={'won': 13, 'stalled': 1, 'truncated': 56, 'other': 0}  rss= 2585.1MB  (697s)
step    66000/400000  eps=0.686  episodes=   71  mean_return=880.000  mean_loss=46.25710  mean_foundation= 11.0/52  lifetime_outcomes={'won': 13, 'stalled': 1, 'truncated': 57, 'other': 0}  rss= 2591.1MB  (700s)
step    67000/400000  eps=0.682  episodes=   72  mean_return=7044.000  mean_loss=44.44974  mean_foundation= 52.0/52  lifetime_outcomes={'won': 14, 'stalled': 1, 'truncated': 57, 'other': 0}  rss= 2593.1MB  (703s)
step    68000/400000  eps=0.677  episodes=   74  mean_return=7045.310  mean_loss=45.25638  mean_foundation= 52.0/52  lifetime_outcomes={'won': 16, 'stalled': 1, 'truncated': 57, 'other': 0}  rss= 2599.2MB  (706s)
step    69000/400000  eps=0.672  episodes=   75  mean_return=1140.000  mean_loss=44.90935  mean_foundation= 11.0/52  lifetime_outcomes={'won': 16, 'stalled': 1, 'truncated': 58, 'other': 0}  rss= 2601.2MB  (709s)
step    70000/400000  eps=0.667  episodes=   76  mean_return=7043.790  mean_loss=44.68244  mean_foundation= 52.0/52  lifetime_outcomes={'won': 17, 'stalled': 1, 'truncated': 58, 'other': 0}  rss= 2605.2MB  (712s)
  EVAL  step    70000  win_rate=0.00%  mean_return=328.100  mean_foundation=  2.3/52  mean_length=1000.0  (greedy, 100 fixed deals)
step    71000/400000  eps=0.663  episodes=   77  mean_return=400.000  mean_loss=44.20553  mean_foundation=  1.0/52  lifetime_outcomes={'won': 17, 'stalled': 1, 'truncated': 59, 'other': 0}  rss= 2611.2MB  (806s)
step    72000/400000  eps=0.658  episodes=   78  mean_return=430.000  mean_loss=43.07021  mean_foundation=  4.0/52  lifetime_outcomes={'won': 17, 'stalled': 1, 'truncated': 60, 'other': 0}  rss= 2613.2MB  (809s)
step    73000/400000  eps=0.653  episodes=   80  mean_return=3847.910  mean_loss=42.43322  mean_foundation= 30.5/52  lifetime_outcomes={'won': 18, 'stalled': 1, 'truncated': 61, 'other': 0}  rss= 2619.3MB  (812s)
step    74000/400000  eps=0.649  episodes=   81  mean_return=1440.000  mean_loss=41.86204  mean_foundation= 13.0/52  lifetime_outcomes={'won': 18, 'stalled': 1, 'truncated': 62, 'other': 0}  rss= 2621.3MB  (816s)
step    75000/400000  eps=0.644  episodes=   82  mean_return=460.000  mean_loss=43.19504  mean_foundation=  3.0/52  lifetime_outcomes={'won': 18, 'stalled': 1, 'truncated': 63, 'other': 0}  rss= 2627.3MB  (819s)
step    76000/400000  eps=0.639  episodes=   83  mean_return=7040.900  mean_loss=41.93444  mean_foundation= 52.0/52  lifetime_outcomes={'won': 19, 'stalled': 1, 'truncated': 63, 'other': 0}  rss= 2629.4MB  (822s)
step    77000/400000  eps=0.634  episodes=   84  mean_return=1460.000  mean_loss=41.17343  mean_foundation= 23.0/52  lifetime_outcomes={'won': 19, 'stalled': 1, 'truncated': 64, 'other': 0}  rss= 2633.4MB  (825s)
step    78000/400000  eps=0.629  episodes=   85  mean_return=770.000  mean_loss=40.66848  mean_foundation=  3.0/52  lifetime_outcomes={'won': 19, 'stalled': 1, 'truncated': 65, 'other': 0}  rss= 2637.4MB  (828s)
step    79000/400000  eps=0.625  episodes=   86  mean_return=1400.000  mean_loss=40.05223  mean_foundation= 26.0/52  lifetime_outcomes={'won': 19, 'stalled': 1, 'truncated': 66, 'other': 0}  rss= 2641.4MB  (832s)
step    80000/400000  eps=0.620  episodes=   87  mean_return=600.000  mean_loss=38.96676  mean_foundation=  6.0/52  lifetime_outcomes={'won': 19, 'stalled': 1, 'truncated': 67, 'other': 0}  rss= 2645.4MB  (835s)
  EVAL  step    80000  win_rate=0.00%  mean_return=326.700  mean_foundation=  2.4/52  mean_length=1000.0  (greedy, 100 fixed deals)
step    81000/400000  eps=0.615  episodes=   88  mean_return=830.000  mean_loss=39.83682  mean_foundation=  9.0/52  lifetime_outcomes={'won': 19, 'stalled': 1, 'truncated': 68, 'other': 0}  rss= 2649.5MB  (922s)
step    82000/400000  eps=0.611  episodes=   90  mean_return=3768.260  mean_loss=38.93055  mean_foundation= 28.0/52  lifetime_outcomes={'won': 20, 'stalled': 1, 'truncated': 69, 'other': 0}  rss= 2653.5MB  (925s)
step    83000/400000  eps=0.606  episodes=   91  mean_return=7043.360  mean_loss=38.48675  mean_foundation= 52.0/52  lifetime_outcomes={'won': 21, 'stalled': 1, 'truncated': 69, 'other': 0}  rss= 2657.6MB  (929s)
step    84000/400000  eps=0.601  episodes=   92  mean_return=7043.770  mean_loss=38.11272  mean_foundation= 52.0/52  lifetime_outcomes={'won': 22, 'stalled': 1, 'truncated': 69, 'other': 0}  rss= 2661.6MB  (932s)
step    85000/400000  eps=0.596  episodes=   93  mean_return=940.000  mean_loss=38.25741  mean_foundation= 11.0/52  lifetime_outcomes={'won': 22, 'stalled': 1, 'truncated': 70, 'other': 0}  rss= 2665.6MB  (935s)
step    86000/400000  eps=0.592  episodes=   94  mean_return=1180.000  mean_loss=37.94640  mean_foundation=  6.0/52  lifetime_outcomes={'won': 22, 'stalled': 1, 'truncated': 71, 'other': 0}  rss= 2672.6MB  (938s)
step    87000/400000  eps=0.587  episodes=   95  mean_return=980.000  mean_loss=36.11943  mean_foundation=  9.0/52  lifetime_outcomes={'won': 22, 'stalled': 1, 'truncated': 72, 'other': 0}  rss= 2676.6MB  (941s)
step    88000/400000  eps=0.582  episodes=   96  mean_return=1390.000  mean_loss=37.43619  mean_foundation= 23.0/52  lifetime_outcomes={'won': 22, 'stalled': 1, 'truncated': 73, 'other': 0}  rss= 2680.6MB  (944s)
step    89000/400000  eps=0.577  episodes=   98  mean_return=3843.630  mean_loss=35.91948  mean_foundation= 31.5/52  lifetime_outcomes={'won': 23, 'stalled': 1, 'truncated': 74, 'other': 0}  rss= 2684.6MB  (947s)
step    90000/400000  eps=0.573  episodes=   99  mean_return=840.000  mean_loss=36.30030  mean_foundation= 15.0/52  lifetime_outcomes={'won': 23, 'stalled': 1, 'truncated': 75, 'other': 0}  rss= 2688.7MB  (951s)
  EVAL  step    90000  win_rate=0.00%  mean_return=332.500  mean_foundation=  2.1/52  mean_length=1000.0  (greedy, 100 fixed deals)
step    91000/400000  eps=0.568  episodes=  101  mean_return=4047.210  mean_loss=35.28378  mean_foundation= 29.0/52  lifetime_outcomes={'won': 24, 'stalled': 1, 'truncated': 76, 'other': 0}  rss= 2692.7MB  (1043s)
step    92000/400000  eps=0.563  episodes=  102  mean_return=7045.160  mean_loss=34.20328  mean_foundation= 52.0/52  lifetime_outcomes={'won': 25, 'stalled': 1, 'truncated': 76, 'other': 0}  rss= 2694.7MB  (1046s)
step    93000/400000  eps=0.558  episodes=  103  mean_return=530.000  mean_loss=34.89771  mean_foundation= 12.0/52  lifetime_outcomes={'won': 25, 'stalled': 1, 'truncated': 77, 'other': 0}  rss= 2700.7MB  (1050s)
step    94000/400000  eps=0.554  episodes=  105  mean_return=4232.515  mean_loss=35.12021  mean_foundation= 32.0/52  lifetime_outcomes={'won': 26, 'stalled': 1, 'truncated': 78, 'other': 0}  rss= 2704.8MB  (1053s)
step    95000/400000  eps=0.549  episodes=  106  mean_return=7046.040  mean_loss=34.75644  mean_foundation= 52.0/52  lifetime_outcomes={'won': 27, 'stalled': 1, 'truncated': 78, 'other': 0}  rss= 2708.8MB  (1056s)
step    96000/400000  eps=0.544  episodes=  107  mean_return=630.000  mean_loss=34.57452  mean_foundation=  6.0/52  lifetime_outcomes={'won': 27, 'stalled': 1, 'truncated': 79, 'other': 0}  rss= 2712.8MB  (1059s)
step    97000/400000  eps=0.539  episodes=  108  mean_return=1590.000  mean_loss=34.64354  mean_foundation= 30.0/52  lifetime_outcomes={'won': 27, 'stalled': 1, 'truncated': 80, 'other': 0}  rss= 2714.8MB  (1063s)
step    98000/400000  eps=0.534  episodes=  110  mean_return=3767.505  mean_loss=33.67432  mean_foundation= 26.0/52  lifetime_outcomes={'won': 28, 'stalled': 1, 'truncated': 81, 'other': 0}  rss= 2720.9MB  (1066s)
step    99000/400000  eps=0.530  episodes=  111  mean_return=7045.810  mean_loss=33.02811  mean_foundation= 52.0/52  lifetime_outcomes={'won': 29, 'stalled': 1, 'truncated': 81, 'other': 0}  rss= 2722.9MB  (1069s)
step   100000/400000  eps=0.525  episodes=  113  mean_return=4017.045  mean_loss=32.32680  mean_foundation= 34.0/52  lifetime_outcomes={'won': 30, 'stalled': 1, 'truncated': 82, 'other': 0}  rss= 2728.9MB  (1072s)
  EVAL  step   100000  win_rate=0.00%  mean_return=357.700  mean_foundation=  2.8/52  mean_length=1000.0  (greedy, 100 fixed deals)
step   101000/400000  eps=0.520  episodes=  114  mean_return=1030.000  mean_loss=32.77441  mean_foundation=  4.0/52  lifetime_outcomes={'won': 30, 'stalled': 1, 'truncated': 83, 'other': 0}  rss= 2732.9MB  (1160s)
step   102000/400000  eps=0.516  episodes=  115  mean_return=7044.620  mean_loss=32.35017  mean_foundation= 52.0/52  lifetime_outcomes={'won': 31, 'stalled': 1, 'truncated': 83, 'other': 0}  rss= 2737.0MB  (1163s)
step   103000/400000  eps=0.511  episodes=  117  mean_return=4217.680  mean_loss=33.58644  mean_foundation= 36.0/52  lifetime_outcomes={'won': 32, 'stalled': 1, 'truncated': 84, 'other': 0}  rss= 2741.0MB  (1166s)
step   104000/400000  eps=0.506  episodes=  118  mean_return=1670.000  mean_loss=32.73274  mean_foundation= 30.0/52  lifetime_outcomes={'won': 32, 'stalled': 1, 'truncated': 85, 'other': 0}  rss= 2743.0MB  (1169s)
step   105000/400000  eps=0.501  episodes=  119  mean_return=1500.000  mean_loss=31.26288  mean_foundation= 13.0/52  lifetime_outcomes={'won': 32, 'stalled': 1, 'truncated': 86, 'other': 0}  rss= 2749.0MB  (1173s)
step   106000/400000  eps=0.497  episodes=  120  mean_return=940.000  mean_loss=31.67953  mean_foundation=  7.0/52  lifetime_outcomes={'won': 32, 'stalled': 1, 'truncated': 87, 'other': 0}  rss= 2751.1MB  (1176s)
step   107000/400000  eps=0.492  episodes=  121  mean_return=190.000  mean_loss=30.18238  mean_foundation=  4.0/52  lifetime_outcomes={'won': 32, 'stalled': 1, 'truncated': 88, 'other': 0}  rss= 2755.1MB  (1179s)
step   108000/400000  eps=0.487  episodes=  122  mean_return=1020.000  mean_loss=31.36321  mean_foundation= 10.0/52  lifetime_outcomes={'won': 32, 'stalled': 1, 'truncated': 89, 'other': 0}  rss= 2759.1MB  (1182s)
step   109000/400000  eps=0.482  episodes=  123  mean_return=7046.460  mean_loss=30.11698  mean_foundation= 52.0/52  lifetime_outcomes={'won': 33, 'stalled': 1, 'truncated': 89, 'other': 0}  rss= 2763.1MB  (1186s)
step   110000/400000  eps=0.478  episodes=  124  mean_return=1010.000  mean_loss=30.04455  mean_foundation= 12.0/52  lifetime_outcomes={'won': 33, 'stalled': 1, 'truncated': 90, 'other': 0}  rss= 2767.2MB  (1189s)
  EVAL  step   110000  win_rate=0.00%  mean_return=319.900  mean_foundation=  2.3/52  mean_length=1000.0  (greedy, 100 fixed deals)
step   111000/400000  eps=0.473  episodes=  126  mean_return=3892.720  mean_loss=29.40471  mean_foundation= 27.5/52  lifetime_outcomes={'won': 34, 'stalled': 1, 'truncated': 91, 'other': 0}  rss= 2774.3MB  (1284s)
step   112000/400000  eps=0.468  episodes=  127  mean_return=550.000  mean_loss=29.35046  mean_foundation=  8.0/52  lifetime_outcomes={'won': 34, 'stalled': 1, 'truncated': 92, 'other': 0}  rss= 2780.3MB  (1287s)
step   113000/400000  eps=0.463  episodes=  128  mean_return=7044.980  mean_loss=29.82873  mean_foundation= 52.0/52  lifetime_outcomes={'won': 35, 'stalled': 1, 'truncated': 92, 'other': 0}  rss= 2782.3MB  (1290s)
step   114000/400000  eps=0.459  episodes=  130  mean_return=4142.525  mean_loss=28.88181  mean_foundation= 30.5/52  lifetime_outcomes={'won': 36, 'stalled': 1, 'truncated': 93, 'other': 0}  rss= 2786.4MB  (1293s)
step   115000/400000  eps=0.454  episodes=  132  mean_return=4328.685  mean_loss=28.85206  mean_foundation= 42.0/52  lifetime_outcomes={'won': 37, 'stalled': 1, 'truncated': 94, 'other': 0}  rss= 2790.4MB  (1297s)
step   116000/400000  eps=0.449  episodes=  133  mean_return=7044.550  mean_loss=28.70191  mean_foundation= 52.0/52  lifetime_outcomes={'won': 38, 'stalled': 1, 'truncated': 94, 'other': 0}  rss= 2794.4MB  (1300s)
step   117000/400000  eps=0.444  episodes=  134  mean_return=960.000  mean_loss=29.51373  mean_foundation=  4.0/52  lifetime_outcomes={'won': 38, 'stalled': 1, 'truncated': 95, 'other': 0}  rss= 2798.4MB  (1303s)
step   118000/400000  eps=0.440  episodes=  135  mean_return=1100.000  mean_loss=28.75946  mean_foundation= 17.0/52  lifetime_outcomes={'won': 38, 'stalled': 1, 'truncated': 96, 'other': 0}  rss= 2802.5MB  (1307s)
step   119000/400000  eps=0.435  episodes=  137  mean_return=7043.870  mean_loss=27.97442  mean_foundation= 52.0/52  lifetime_outcomes={'won': 40, 'stalled': 1, 'truncated': 96, 'other': 0}  rss= 2806.5MB  (1310s)
step   120000/400000  eps=0.430  episodes=  138  mean_return=7041.960  mean_loss=28.22582  mean_foundation= 52.0/52  lifetime_outcomes={'won': 41, 'stalled': 1, 'truncated': 96, 'other': 0}  rss= 2810.5MB  (1313s)
  EVAL  step   120000  win_rate=0.00%  mean_return=326.400  mean_foundation=  2.6/52  mean_length=1000.0  (greedy, 100 fixed deals)
step   121000/400000  eps=0.425  episodes=  139  mean_return=540.000  mean_loss=26.84963  mean_foundation=  3.0/52  lifetime_outcomes={'won': 41, 'stalled': 1, 'truncated': 97, 'other': 0}  rss= 2814.6MB  (1402s)
step   122000/400000  eps=0.420  episodes=  140  mean_return=370.000  mean_loss=27.31282  mean_foundation=  3.0/52  lifetime_outcomes={'won': 41, 'stalled': 1, 'truncated': 98, 'other': 0}  rss= 2818.6MB  (1405s)
step   123000/400000  eps=0.416  episodes=  141  mean_return=7044.490  mean_loss=26.03068  mean_foundation= 52.0/52  lifetime_outcomes={'won': 42, 'stalled': 1, 'truncated': 98, 'other': 0}  rss= 2822.6MB  (1408s)
step   124000/400000  eps=0.411  episodes=  142  mean_return=430.000  mean_loss=25.95626  mean_foundation= 10.0/52  lifetime_outcomes={'won': 42, 'stalled': 1, 'truncated': 99, 'other': 0}  rss= 2824.6MB  (1412s)
step   125000/400000  eps=0.406  episodes=  143  mean_return=400.000  mean_loss=26.71371  mean_foundation=  5.0/52  lifetime_outcomes={'won': 42, 'stalled': 1, 'truncated': 100, 'other': 0}  rss= 2824.6MB  (1415s)
step   126000/400000  eps=0.402  episodes=  145  mean_return=3720.425  mean_loss=25.28892  mean_foundation= 27.5/52  lifetime_outcomes={'won': 43, 'stalled': 1, 'truncated': 101, 'other': 0}  rss= 2824.6MB  (1418s)
step   127000/400000  eps=0.397  episodes=  146  mean_return=1650.000  mean_loss=25.73734  mean_foundation= 33.0/52  lifetime_outcomes={'won': 43, 'stalled': 1, 'truncated': 102, 'other': 0}  rss= 2824.6MB  (1422s)
step   128000/400000  eps=0.392  episodes=  147  mean_return=7043.840  mean_loss=25.73481  mean_foundation= 52.0/52  lifetime_outcomes={'won': 44, 'stalled': 1, 'truncated': 102, 'other': 0}  rss= 2831.2MB  (1425s)
step   129000/400000  eps=0.387  episodes=  148  mean_return=450.000  mean_loss=25.83427  mean_foundation=  5.0/52  lifetime_outcomes={'won': 44, 'stalled': 1, 'truncated': 103, 'other': 0}  rss= 2835.2MB  (1428s)
step   130000/400000  eps=0.383  episodes=  149  mean_return=700.000  mean_loss=25.91808  mean_foundation= 10.0/52  lifetime_outcomes={'won': 44, 'stalled': 1, 'truncated': 104, 'other': 0}  rss= 2839.2MB  (1432s)
  EVAL  step   130000  win_rate=0.00%  mean_return=330.500  mean_foundation=  2.5/52  mean_length=1000.0  (greedy, 100 fixed deals)
step   131000/400000  eps=0.378  episodes=  150  mean_return=510.000  mean_loss=25.16276  mean_foundation=  2.0/52  lifetime_outcomes={'won': 44, 'stalled': 1, 'truncated': 105, 'other': 0}  rss= 2850.8MB  (1527s)
step   132000/400000  eps=0.373  episodes=  151  mean_return=7044.990  mean_loss=25.85220  mean_foundation= 52.0/52  lifetime_outcomes={'won': 45, 'stalled': 1, 'truncated': 105, 'other': 0}  rss= 2850.8MB  (1530s)
step   133000/400000  eps=0.368  episodes=  152  mean_return=440.000  mean_loss=24.37899  mean_foundation=  1.0/52  lifetime_outcomes={'won': 45, 'stalled': 1, 'truncated': 106, 'other': 0}  rss= 2850.8MB  (1533s)
step   134000/400000  eps=0.364  episodes=  154  mean_return=3916.870  mean_loss=24.26519  mean_foundation= 31.0/52  lifetime_outcomes={'won': 46, 'stalled': 1, 'truncated': 107, 'other': 0}  rss= 2855.4MB  (1536s)
step   135000/400000  eps=0.359  episodes=  155  mean_return=700.000  mean_loss=23.71863  mean_foundation=  7.0/52  lifetime_outcomes={'won': 46, 'stalled': 1, 'truncated': 108, 'other': 0}  rss= 2859.4MB  (1540s)
step   136000/400000  eps=0.354  episodes=  156  mean_return=460.000  mean_loss=23.79995  mean_foundation=  4.0/52  lifetime_outcomes={'won': 46, 'stalled': 1, 'truncated': 109, 'other': 0}  rss= 2861.4MB  (1543s)
step   137000/400000  eps=0.349  episodes=  157  mean_return=570.000  mean_loss=23.68610  mean_foundation=  7.0/52  lifetime_outcomes={'won': 46, 'stalled': 1, 'truncated': 110, 'other': 0}  rss= 2867.5MB  (1546s)
step   138000/400000  eps=0.345  episodes=  158  mean_return=7043.640  mean_loss=23.67271  mean_foundation= 52.0/52  lifetime_outcomes={'won': 47, 'stalled': 1, 'truncated': 110, 'other': 0}  rss= 2869.5MB  (1550s)
step   139000/400000  eps=0.340  episodes=  159  mean_return=1460.000  mean_loss=23.19424  mean_foundation= 18.0/52  lifetime_outcomes={'won': 47, 'stalled': 1, 'truncated': 111, 'other': 0}  rss= 2875.5MB  (1553s)
step   140000/400000  eps=0.335  episodes=  160  mean_return=1810.000  mean_loss=23.02834  mean_foundation= 42.0/52  lifetime_outcomes={'won': 47, 'stalled': 1, 'truncated': 112, 'other': 0}  rss= 2877.5MB  (1557s)
  EVAL  step   140000  win_rate=0.00%  mean_return=322.000  mean_foundation=  2.2/52  mean_length=1000.0  (greedy, 100 fixed deals)
step   141000/400000  eps=0.330  episodes=  161  mean_return=7042.070  mean_loss=22.00157  mean_foundation= 52.0/52  lifetime_outcomes={'won': 48, 'stalled': 1, 'truncated': 112, 'other': 0}  rss= 2893.0MB  (1646s)
step   142000/400000  eps=0.326  episodes=  162  mean_return=400.000  mean_loss=22.74887  mean_foundation=  6.0/52  lifetime_outcomes={'won': 48, 'stalled': 1, 'truncated': 113, 'other': 0}  rss= 2897.1MB  (1649s)
step   143000/400000  eps=0.321  episodes=  164  mean_return=3772.245  mean_loss=22.10903  mean_foundation= 27.5/52  lifetime_outcomes={'won': 49, 'stalled': 1, 'truncated': 114, 'other': 0}  rss= 2901.1MB  (1652s)
step   144000/400000  eps=0.316  episodes=  165  mean_return=900.000  mean_loss=22.00391  mean_foundation=  3.0/52  lifetime_outcomes={'won': 49, 'stalled': 1, 'truncated': 115, 'other': 0}  rss= 2907.2MB  (1656s)
step   145000/400000  eps=0.311  episodes=  166  mean_return=710.000  mean_loss=21.37171  mean_foundation=  6.0/52  lifetime_outcomes={'won': 49, 'stalled': 1, 'truncated': 116, 'other': 0}  rss= 2907.2MB  (1659s)
step   146000/400000  eps=0.306  episodes=  167  mean_return=1260.000  mean_loss=21.28471  mean_foundation=  7.0/52  lifetime_outcomes={'won': 49, 'stalled': 1, 'truncated': 117, 'other': 0}  rss= 2907.2MB  (1663s)
step   147000/400000  eps=0.302  episodes=  168  mean_return=1510.000  mean_loss=21.50142  mean_foundation= 18.0/52  lifetime_outcomes={'won': 49, 'stalled': 1, 'truncated': 118, 'other': 0}  rss= 2907.2MB  (1666s)
step   148000/400000  eps=0.297  episodes=  169  mean_return=1390.000  mean_loss=21.00211  mean_foundation=  5.0/52  lifetime_outcomes={'won': 49, 'stalled': 1, 'truncated': 119, 'other': 0}  rss= 2907.2MB  (1669s)
step   149000/400000  eps=0.292  episodes=  170  mean_return=890.000  mean_loss=21.10911  mean_foundation= 10.0/52  lifetime_outcomes={'won': 49, 'stalled': 1, 'truncated': 120, 'other': 0}  rss= 2907.7MB  (1672s)
step   150000/400000  eps=0.288  episodes=  171  mean_return=7042.810  mean_loss=20.91096  mean_foundation= 52.0/52  lifetime_outcomes={'won': 50, 'stalled': 1, 'truncated': 120, 'other': 0}  rss= 2911.7MB  (1676s)
  EVAL  step   150000  win_rate=0.00%  mean_return=325.400  mean_foundation=  2.1/52  mean_length=1000.0  (greedy, 100 fixed deals)
step   151000/400000  eps=0.283  episodes=  173  mean_return=3967.920  mean_loss=21.12473  mean_foundation= 29.5/52  lifetime_outcomes={'won': 51, 'stalled': 1, 'truncated': 121, 'other': 0}  rss= 2921.1MB  (1766s)
step   152000/400000  eps=0.278  episodes=  175  mean_return=7044.170  mean_loss=20.50440  mean_foundation= 52.0/52  lifetime_outcomes={'won': 53, 'stalled': 1, 'truncated': 121, 'other': 0}  rss= 2925.1MB  (1769s)
step   153000/400000  eps=0.273  episodes=  176  mean_return=1090.000  mean_loss=20.50722  mean_foundation= 15.0/52  lifetime_outcomes={'won': 53, 'stalled': 1, 'truncated': 122, 'other': 0}  rss= 2929.9MB  (1773s)
step   154000/400000  eps=0.269  episodes=  177  mean_return=7043.330  mean_loss=19.96106  mean_foundation= 52.0/52  lifetime_outcomes={'won': 54, 'stalled': 1, 'truncated': 122, 'other': 0}  rss= 2940.0MB  (1776s)
step   155000/400000  eps=0.264  episodes=  178  mean_return=1500.000  mean_loss=19.49164  mean_foundation= 18.0/52  lifetime_outcomes={'won': 54, 'stalled': 1, 'truncated': 123, 'other': 0}  rss= 2944.0MB  (1780s)
step   156000/400000  eps=0.259  episodes=  179  mean_return=690.000  mean_loss=18.89773  mean_foundation=  6.0/52  lifetime_outcomes={'won': 54, 'stalled': 1, 'truncated': 124, 'other': 0}  rss= 2948.0MB  (1783s)
step   157000/400000  eps=0.254  episodes=  180  mean_return=710.000  mean_loss=19.83052  mean_foundation=  6.0/52  lifetime_outcomes={'won': 54, 'stalled': 1, 'truncated': 125, 'other': 0}  rss= 2952.1MB  (1786s)
step   158000/400000  eps=0.250  episodes=  181  mean_return=7042.050  mean_loss=19.59648  mean_foundation= 52.0/52  lifetime_outcomes={'won': 55, 'stalled': 1, 'truncated': 125, 'other': 0}  rss= 2956.1MB  (1790s)
step   159000/400000  eps=0.245  episodes=  183  mean_return=3732.920  mean_loss=19.56139  mean_foundation= 27.5/52  lifetime_outcomes={'won': 56, 'stalled': 1, 'truncated': 126, 'other': 0}  rss= 2960.1MB  (1793s)
step   160000/400000  eps=0.240  episodes=  184  mean_return=930.000  mean_loss=18.74924  mean_foundation= 14.0/52  lifetime_outcomes={'won': 56, 'stalled': 1, 'truncated': 127, 'other': 0}  rss= 2964.1MB  (1796s)
  EVAL  step   160000  win_rate=0.00%  mean_return=351.200  mean_foundation=  2.5/52  mean_length=1000.0  (greedy, 100 fixed deals)
step   161000/400000  eps=0.235  episodes=  185  mean_return=1710.000  mean_loss=18.50182  mean_foundation= 34.0/52  lifetime_outcomes={'won': 56, 'stalled': 1, 'truncated': 128, 'other': 0}  rss= 2968.2MB  (1885s)
step   162000/400000  eps=0.231  episodes=  186  mean_return=560.000  mean_loss=18.35227  mean_foundation=  2.0/52  lifetime_outcomes={'won': 56, 'stalled': 1, 'truncated': 129, 'other': 0}  rss= 2972.2MB  (1888s)
step   163000/400000  eps=0.226  episodes=  187  mean_return=1660.000  mean_loss=17.87982  mean_foundation= 29.0/52  lifetime_outcomes={'won': 56, 'stalled': 1, 'truncated': 130, 'other': 0}  rss= 2974.2MB  (1892s)
step   164000/400000  eps=0.221  episodes=  188  mean_return=920.000  mean_loss=17.41057  mean_foundation=  8.0/52  lifetime_outcomes={'won': 56, 'stalled': 1, 'truncated': 131, 'other': 0}  rss= 2980.3MB  (1895s)
step   165000/400000  eps=0.216  episodes=  189  mean_return=270.000  mean_loss=17.76777  mean_foundation=  5.0/52  lifetime_outcomes={'won': 56, 'stalled': 1, 'truncated': 132, 'other': 0}  rss= 2984.3MB  (1899s)
step   166000/400000  eps=0.212  episodes=  190  mean_return=790.000  mean_loss=17.62209  mean_foundation= 10.0/52  lifetime_outcomes={'won': 56, 'stalled': 1, 'truncated': 133, 'other': 0}  rss= 2988.3MB  (1902s)
step   167000/400000  eps=0.207  episodes=  191  mean_return=1140.000  mean_loss=17.22253  mean_foundation= 12.0/52  lifetime_outcomes={'won': 56, 'stalled': 1, 'truncated': 134, 'other': 0}  rss= 2992.3MB  (1906s)
step   168000/400000  eps=0.202  episodes=  192  mean_return=7041.890  mean_loss=16.60501  mean_foundation= 52.0/52  lifetime_outcomes={'won': 57, 'stalled': 1, 'truncated': 134, 'other': 0}  rss= 2994.3MB  (1909s)
step   169000/400000  eps=0.197  episodes=  193  mean_return=550.000  mean_loss=16.67121  mean_foundation=  6.0/52  lifetime_outcomes={'won': 57, 'stalled': 1, 'truncated': 135, 'other': 0}  rss= 3000.4MB  (1913s)
step   170000/400000  eps=0.193  episodes=  194  mean_return=470.000  mean_loss=16.93834  mean_foundation=  4.0/52  lifetime_outcomes={'won': 57, 'stalled': 1, 'truncated': 136, 'other': 0}  rss= 3002.4MB  (1917s)
  EVAL  step   170000  win_rate=0.00%  mean_return=373.400  mean_foundation=  3.8/52  mean_length=1000.0  (greedy, 100 fixed deals)
step   171000/400000  eps=0.188  episodes=  195  mean_return=240.000  mean_loss=16.95342  mean_foundation=  4.0/52  lifetime_outcomes={'won': 57, 'stalled': 1, 'truncated': 137, 'other': 0}  rss= 3008.4MB  (2007s)
step   172000/400000  eps=0.183  episodes=  196  mean_return=820.000  mean_loss=16.55955  mean_foundation=  5.0/52  lifetime_outcomes={'won': 57, 'stalled': 1, 'truncated': 138, 'other': 0}  rss= 3010.4MB  (2011s)
step   173000/400000  eps=0.178  episodes=  197  mean_return=7043.890  mean_loss=16.87073  mean_foundation= 52.0/52  lifetime_outcomes={'won': 58, 'stalled': 1, 'truncated': 138, 'other': 0}  rss= 3014.5MB  (2014s)
step   174000/400000  eps=0.173  episodes=  198  mean_return=420.000  mean_loss=16.33372  mean_foundation=  3.0/52  lifetime_outcomes={'won': 58, 'stalled': 1, 'truncated': 139, 'other': 0}  rss= 3018.5MB  (2018s)
step   175000/400000  eps=0.169  episodes=  199  mean_return=1060.000  mean_loss=16.50592  mean_foundation= 18.0/52  lifetime_outcomes={'won': 58, 'stalled': 1, 'truncated': 140, 'other': 0}  rss= 3022.5MB  (2021s)
step   176000/400000  eps=0.164  episodes=  200  mean_return=960.000  mean_loss=16.25409  mean_foundation=  4.0/52  lifetime_outcomes={'won': 58, 'stalled': 1, 'truncated': 141, 'other': 0}  rss= 3028.6MB  (2025s)
step   177000/400000  eps=0.159  episodes=  201  mean_return=390.000  mean_loss=15.02635  mean_foundation=  3.0/52  lifetime_outcomes={'won': 58, 'stalled': 1, 'truncated': 142, 'other': 0}  rss= 3030.6MB  (2028s)
step   178000/400000  eps=0.155  episodes=  202  mean_return=740.000  mean_loss=15.26310  mean_foundation=  8.0/52  lifetime_outcomes={'won': 58, 'stalled': 1, 'truncated': 143, 'other': 0}  rss= 3034.6MB  (2032s)
step   179000/400000  eps=0.150  episodes=  203  mean_return=350.000  mean_loss=15.23938  mean_foundation=  5.0/52  lifetime_outcomes={'won': 58, 'stalled': 1, 'truncated': 144, 'other': 0}  rss= 3038.6MB  (2036s)
step   180000/400000  eps=0.145  episodes=  204  mean_return=980.000  mean_loss=15.10172  mean_foundation=  8.0/52  lifetime_outcomes={'won': 58, 'stalled': 1, 'truncated': 145, 'other': 0}  rss= 3042.6MB  (2039s)
  EVAL  step   180000  win_rate=0.00%  mean_return=348.200  mean_foundation=  2.7/52  mean_length=1000.0  (greedy, 100 fixed deals)
step   181000/400000  eps=0.140  episodes=  205  mean_return=1150.000  mean_loss=15.33209  mean_foundation=  9.0/52  lifetime_outcomes={'won': 58, 'stalled': 1, 'truncated': 146, 'other': 0}  rss= 3046.7MB  (2129s)
step   182000/400000  eps=0.136  episodes=  206  mean_return=630.000  mean_loss=14.64375  mean_foundation=  4.0/52  lifetime_outcomes={'won': 58, 'stalled': 1, 'truncated': 147, 'other': 0}  rss= 3050.7MB  (2132s)
step   183000/400000  eps=0.131  episodes=  207  mean_return=750.000  mean_loss=14.84304  mean_foundation=  8.0/52  lifetime_outcomes={'won': 58, 'stalled': 1, 'truncated': 148, 'other': 0}  rss= 3056.7MB  (2136s)
step   184000/400000  eps=0.126  episodes=  208  mean_return=520.000  mean_loss=14.57097  mean_foundation=  7.0/52  lifetime_outcomes={'won': 58, 'stalled': 1, 'truncated': 149, 'other': 0}  rss= 3058.8MB  (2139s)
step   185000/400000  eps=0.121  episodes=  209  mean_return=320.000  mean_loss=14.09955  mean_foundation=  7.0/52  lifetime_outcomes={'won': 58, 'stalled': 1, 'truncated': 150, 'other': 0}  rss= 3062.8MB  (2143s)
step   186000/400000  eps=0.117  episodes=  210  mean_return=860.000  mean_loss=14.52758  mean_foundation= 10.0/52  lifetime_outcomes={'won': 58, 'stalled': 1, 'truncated': 151, 'other': 0}  rss= 3066.8MB  (2146s)
step   187000/400000  eps=0.112  episodes=  211  mean_return=1150.000  mean_loss=13.30951  mean_foundation= 17.0/52  lifetime_outcomes={'won': 58, 'stalled': 1, 'truncated': 152, 'other': 0}  rss= 3070.8MB  (2150s)
step   188000/400000  eps=0.107  episodes=  212  mean_return=700.000  mean_loss=13.35754  mean_foundation= 12.0/52  lifetime_outcomes={'won': 58, 'stalled': 1, 'truncated': 153, 'other': 0}  rss= 3074.8MB  (2153s)
step   189000/400000  eps=0.102  episodes=  213  mean_return=990.000  mean_loss=13.22410  mean_foundation= 13.0/52  lifetime_outcomes={'won': 58, 'stalled': 1, 'truncated': 154, 'other': 0}  rss= 3078.9MB  (2157s)
step   190000/400000  eps=0.098  episodes=  214  mean_return=420.000  mean_loss=13.53913  mean_foundation=  1.0/52  lifetime_outcomes={'won': 58, 'stalled': 1, 'truncated': 155, 'other': 0}  rss= 3082.9MB  (2161s)
  EVAL  step   190000  win_rate=0.00%  mean_return=353.900  mean_foundation=  2.6/52  mean_length=1000.0  (greedy, 100 fixed deals)
step   191000/400000  eps=0.093  episodes=  216  mean_return=4192.710  mean_loss=13.64330  mean_foundation= 32.0/52  lifetime_outcomes={'won': 59, 'stalled': 1, 'truncated': 156, 'other': 0}  rss= 3086.9MB  (2250s)
step   192000/400000  eps=0.088  episodes=  217  mean_return=630.000  mean_loss=13.83020  mean_foundation= 12.0/52  lifetime_outcomes={'won': 59, 'stalled': 1, 'truncated': 157, 'other': 0}  rss= 3090.9MB  (2254s)
step   193000/400000  eps=0.083  episodes=  218  mean_return=1160.000  mean_loss=13.31956  mean_foundation= 13.0/52  lifetime_outcomes={'won': 59, 'stalled': 1, 'truncated': 158, 'other': 0}  rss= 3095.0MB  (2257s)
step   194000/400000  eps=0.079  episodes=  219  mean_return=490.000  mean_loss=13.81550  mean_foundation=  5.0/52  lifetime_outcomes={'won': 59, 'stalled': 1, 'truncated': 159, 'other': 0}  rss= 3099.0MB  (2261s)
step   195000/400000  eps=0.074  episodes=  220  mean_return=970.000  mean_loss=12.86494  mean_foundation=  9.0/52  lifetime_outcomes={'won': 59, 'stalled': 1, 'truncated': 160, 'other': 0}  rss= 3101.0MB  (2265s)
step   196000/400000  eps=0.069  episodes=  221  mean_return=960.000  mean_loss=12.90979  mean_foundation= 10.0/52  lifetime_outcomes={'won': 59, 'stalled': 1, 'truncated': 161, 'other': 0}  rss= 3107.1MB  (2268s)
step   197000/400000  eps=0.064  episodes=  222  mean_return=300.000  mean_loss=12.84365  mean_foundation=  3.0/52  lifetime_outcomes={'won': 59, 'stalled': 1, 'truncated': 162, 'other': 0}  rss= 3109.1MB  (2272s)
step   198000/400000  eps=0.059  episodes=  223  mean_return=830.000  mean_loss=12.66295  mean_foundation=  5.0/52  lifetime_outcomes={'won': 59, 'stalled': 1, 'truncated': 163, 'other': 0}  rss= 3113.6MB  (2275s)
step   199000/400000  eps=0.055  episodes=  224  mean_return=730.000  mean_loss=12.25840  mean_foundation=  4.0/52  lifetime_outcomes={'won': 59, 'stalled': 1, 'truncated': 164, 'other': 0}  rss= 3116.2MB  (2279s)
step   200000/400000  eps=0.050  episodes=  225  mean_return=1100.000  mean_loss=12.24718  mean_foundation= 18.0/52  lifetime_outcomes={'won': 59, 'stalled': 1, 'truncated': 165, 'other': 0}  rss= 3118.2MB  (2283s)
  EVAL  step   200000  win_rate=0.00%  mean_return=352.200  mean_foundation=  2.6/52  mean_length=1000.0  (greedy, 100 fixed deals)
step   201000/400000  eps=0.050  episodes=  226  mean_return=7044.100  mean_loss=11.94586  mean_foundation= 52.0/52  lifetime_outcomes={'won': 60, 'stalled': 1, 'truncated': 165, 'other': 0}  rss= 3118.2MB  (2372s)
step   202000/400000  eps=0.050  episodes=  227  mean_return=7040.730  mean_loss=12.01696  mean_foundation= 52.0/52  lifetime_outcomes={'won': 61, 'stalled': 1, 'truncated': 165, 'other': 0}  rss= 3118.2MB  (2375s)
step   203000/400000  eps=0.050  episodes=  228  mean_return=7041.250  mean_loss=11.71457  mean_foundation= 52.0/52  lifetime_outcomes={'won': 62, 'stalled': 1, 'truncated': 165, 'other': 0}  rss= 3118.2MB  (2379s)
step   204000/400000  eps=0.050  episodes=  229  mean_return=670.000  mean_loss=11.43576  mean_foundation= 12.0/52  lifetime_outcomes={'won': 62, 'stalled': 1, 'truncated': 166, 'other': 0}  rss= 3118.2MB  (2383s)
step   205000/400000  eps=0.050  episodes=  230  mean_return=1240.000  mean_loss=11.56158  mean_foundation= 18.0/52  lifetime_outcomes={'won': 62, 'stalled': 1, 'truncated': 167, 'other': 0}  rss= 3118.2MB  (2387s)
step   206000/400000  eps=0.050  episodes=  231  mean_return=660.000  mean_loss=11.60750  mean_foundation=  6.0/52  lifetime_outcomes={'won': 62, 'stalled': 1, 'truncated': 168, 'other': 0}  rss= 3118.2MB  (2390s)
step   207000/400000  eps=0.050  episodes=  232  mean_return=350.000  mean_loss=11.01684  mean_foundation=  0.0/52  lifetime_outcomes={'won': 62, 'stalled': 1, 'truncated': 169, 'other': 0}  rss= 3118.2MB  (2394s)
step   208000/400000  eps=0.050  episodes=  233  mean_return=210.000  mean_loss=11.20501  mean_foundation=  2.0/52  lifetime_outcomes={'won': 62, 'stalled': 1, 'truncated': 170, 'other': 0}  rss= 3118.2MB  (2398s)
step   209000/400000  eps=0.050  episodes=  234  mean_return=200.000  mean_loss=11.34607  mean_foundation=  2.0/52  lifetime_outcomes={'won': 62, 'stalled': 1, 'truncated': 171, 'other': 0}  rss= 3118.2MB  (2401s)
step   210000/400000  eps=0.050  episodes=  235  mean_return=580.000  mean_loss=11.27040  mean_foundation=  4.0/52  lifetime_outcomes={'won': 62, 'stalled': 1, 'truncated': 172, 'other': 0}  rss= 3118.2MB  (2405s)
  EVAL  step   210000  win_rate=0.00%  mean_return=355.000  mean_foundation=  2.8/52  mean_length=1000.0  (greedy, 100 fixed deals)
step   211000/400000  eps=0.050  episodes=  236  mean_return=560.000  mean_loss=11.04985  mean_foundation=  7.0/52  lifetime_outcomes={'won': 62, 'stalled': 1, 'truncated': 173, 'other': 0}  rss= 3118.2MB  (2496s)
step   212000/400000  eps=0.050  episodes=  238  mean_return=584.700  mean_loss=11.14221  mean_foundation= 11.0/52  lifetime_outcomes={'won': 62, 'stalled': 2, 'truncated': 174, 'other': 0}  rss= 3118.2MB  (2499s)
step   213000/400000  eps=0.050  episodes=  239  mean_return=310.000  mean_loss=10.74505  mean_foundation=  2.0/52  lifetime_outcomes={'won': 62, 'stalled': 2, 'truncated': 175, 'other': 0}  rss= 3118.2MB  (2503s)
step   214000/400000  eps=0.050  episodes=  240  mean_return=120.000  mean_loss=10.32785  mean_foundation=  3.0/52  lifetime_outcomes={'won': 62, 'stalled': 2, 'truncated': 176, 'other': 0}  rss= 3118.2MB  (2506s)
step   215000/400000  eps=0.050  episodes=  242  mean_return=3751.685  mean_loss=10.59790  mean_foundation= 29.0/52  lifetime_outcomes={'won': 63, 'stalled': 2, 'truncated': 177, 'other': 0}  rss= 3118.2MB  (2510s)
step   216000/400000  eps=0.050  episodes=  243  mean_return=1270.000  mean_loss=10.75082  mean_foundation= 19.0/52  lifetime_outcomes={'won': 63, 'stalled': 2, 'truncated': 178, 'other': 0}  rss= 3118.2MB  (2513s)
step   217000/400000  eps=0.050  episodes=  244  mean_return=1070.000  mean_loss=10.05385  mean_foundation= 15.0/52  lifetime_outcomes={'won': 63, 'stalled': 2, 'truncated': 179, 'other': 0}  rss= 3118.2MB  (2517s)
step   218000/400000  eps=0.050  episodes=  245  mean_return=1060.000  mean_loss=10.14118  mean_foundation= 15.0/52  lifetime_outcomes={'won': 63, 'stalled': 2, 'truncated': 180, 'other': 0}  rss= 3118.2MB  (2520s)
step   219000/400000  eps=0.050  episodes=  246  mean_return=510.000  mean_loss=10.54845  mean_foundation=  9.0/52  lifetime_outcomes={'won': 63, 'stalled': 2, 'truncated': 181, 'other': 0}  rss= 3118.2MB  (2524s)
step   220000/400000  eps=0.050  episodes=  247  mean_return=440.000  mean_loss= 9.75579  mean_foundation=  6.0/52  lifetime_outcomes={'won': 63, 'stalled': 2, 'truncated': 182, 'other': 0}  rss= 3118.2MB  (2527s)
  EVAL  step   220000  win_rate=0.00%  mean_return=335.300  mean_foundation=  2.5/52  mean_length=1000.0  (greedy, 100 fixed deals)
step   221000/400000  eps=0.050  episodes=  248  mean_return=230.000  mean_loss= 9.74474  mean_foundation=  3.0/52  lifetime_outcomes={'won': 63, 'stalled': 2, 'truncated': 183, 'other': 0}  rss= 3118.2MB  (2615s)
step   222000/400000  eps=0.050  episodes=  249  mean_return=1190.000  mean_loss= 9.97045  mean_foundation= 11.0/52  lifetime_outcomes={'won': 63, 'stalled': 2, 'truncated': 184, 'other': 0}  rss= 3118.2MB  (2619s)
step   223000/400000  eps=0.050  episodes=  250  mean_return=520.000  mean_loss=10.46778  mean_foundation=  7.0/52  lifetime_outcomes={'won': 63, 'stalled': 2, 'truncated': 185, 'other': 0}  rss= 3118.2MB  (2622s)
step   224000/400000  eps=0.050  episodes=  251  mean_return=360.000  mean_loss= 9.66343  mean_foundation=  4.0/52  lifetime_outcomes={'won': 63, 'stalled': 2, 'truncated': 186, 'other': 0}  rss= 3118.2MB  (2626s)
step   225000/400000  eps=0.050  episodes=  252  mean_return=580.000  mean_loss= 9.65469  mean_foundation=  6.0/52  lifetime_outcomes={'won': 63, 'stalled': 2, 'truncated': 187, 'other': 0}  rss= 3118.2MB  (2629s)
step   226000/400000  eps=0.050  episodes=  253  mean_return=1220.000  mean_loss= 9.90212  mean_foundation= 12.0/52  lifetime_outcomes={'won': 63, 'stalled': 2, 'truncated': 188, 'other': 0}  rss= 3118.2MB  (2632s)
step   227000/400000  eps=0.050  episodes=  254  mean_return=1410.000  mean_loss= 9.59627  mean_foundation= 15.0/52  lifetime_outcomes={'won': 63, 'stalled': 2, 'truncated': 189, 'other': 0}  rss= 3120.5MB  (2636s)
step   228000/400000  eps=0.050  episodes=  255  mean_return=7041.230  mean_loss= 9.45902  mean_foundation= 52.0/52  lifetime_outcomes={'won': 64, 'stalled': 2, 'truncated': 189, 'other': 0}  rss= 3120.5MB  (2640s)
step   229000/400000  eps=0.050  episodes=  256  mean_return=720.000  mean_loss= 9.43485  mean_foundation=  5.0/52  lifetime_outcomes={'won': 64, 'stalled': 2, 'truncated': 190, 'other': 0}  rss= 3120.5MB  (2643s)
step   230000/400000  eps=0.050  episodes=  257  mean_return=1690.000  mean_loss= 9.49026  mean_foundation= 23.0/52  lifetime_outcomes={'won': 64, 'stalled': 2, 'truncated': 191, 'other': 0}  rss= 3120.5MB  (2647s)
  EVAL  step   230000  win_rate=0.00%  mean_return=329.000  mean_foundation=  2.2/52  mean_length=1000.0  (greedy, 100 fixed deals)
step   231000/400000  eps=0.050  episodes=  258  mean_return=1040.000  mean_loss= 9.13599  mean_foundation=  7.0/52  lifetime_outcomes={'won': 64, 'stalled': 2, 'truncated': 192, 'other': 0}  rss= 3123.6MB  (2734s)
step   232000/400000  eps=0.050  episodes=  259  mean_return=1410.000  mean_loss= 9.55962  mean_foundation= 16.0/52  lifetime_outcomes={'won': 64, 'stalled': 2, 'truncated': 193, 'other': 0}  rss= 3123.6MB  (2738s)
step   233000/400000  eps=0.050  episodes=  260  mean_return=1140.000  mean_loss= 9.26084  mean_foundation= 13.0/52  lifetime_outcomes={'won': 64, 'stalled': 2, 'truncated': 194, 'other': 0}  rss= 3123.6MB  (2741s)
step   234000/400000  eps=0.050  episodes=  261  mean_return=820.000  mean_loss= 9.01483  mean_foundation=  8.0/52  lifetime_outcomes={'won': 64, 'stalled': 2, 'truncated': 195, 'other': 0}  rss= 3123.6MB  (2744s)
step   235000/400000  eps=0.050  episodes=  262  mean_return=1830.000  mean_loss= 8.66860  mean_foundation= 41.0/52  lifetime_outcomes={'won': 64, 'stalled': 2, 'truncated': 196, 'other': 0}  rss= 3123.6MB  (2748s)
step   236000/400000  eps=0.050  episodes=  263  mean_return=1630.000  mean_loss= 8.62740  mean_foundation= 21.0/52  lifetime_outcomes={'won': 64, 'stalled': 2, 'truncated': 197, 'other': 0}  rss= 3123.6MB  (2751s)
step   237000/400000  eps=0.050  episodes=  264  mean_return=790.000  mean_loss= 8.49874  mean_foundation= 11.0/52  lifetime_outcomes={'won': 64, 'stalled': 2, 'truncated': 198, 'other': 0}  rss= 3123.6MB  (2754s)
step   238000/400000  eps=0.050  episodes=  265  mean_return=630.000  mean_loss= 8.80286  mean_foundation=  8.0/52  lifetime_outcomes={'won': 64, 'stalled': 2, 'truncated': 199, 'other': 0}  rss= 3123.6MB  (2758s)
step   239000/400000  eps=0.050  episodes=  266  mean_return=720.000  mean_loss= 8.41114  mean_foundation=  4.0/52  lifetime_outcomes={'won': 64, 'stalled': 2, 'truncated': 200, 'other': 0}  rss= 3123.6MB  (2761s)
step   240000/400000  eps=0.050  episodes=  267  mean_return=270.000  mean_loss= 8.38643  mean_foundation=  3.0/52  lifetime_outcomes={'won': 64, 'stalled': 2, 'truncated': 201, 'other': 0}  rss= 3123.6MB  (2765s)
  EVAL  step   240000  win_rate=0.00%  mean_return=355.700  mean_foundation=  2.6/52  mean_length=1000.0  (greedy, 100 fixed deals)
step   241000/400000  eps=0.050  episodes=  268  mean_return=640.000  mean_loss= 8.28256  mean_foundation= 12.0/52  lifetime_outcomes={'won': 64, 'stalled': 2, 'truncated': 202, 'other': 0}  rss= 3123.6MB  (2852s)
step   242000/400000  eps=0.050  episodes=  269  mean_return=370.000  mean_loss= 8.29936  mean_foundation=  4.0/52  lifetime_outcomes={'won': 64, 'stalled': 2, 'truncated': 203, 'other': 0}  rss= 3123.6MB  (2855s)
step   243000/400000  eps=0.050  episodes=  270  mean_return=480.000  mean_loss= 8.00850  mean_foundation=  4.0/52  lifetime_outcomes={'won': 64, 'stalled': 2, 'truncated': 204, 'other': 0}  rss= 3123.6MB  (2859s)
step   244000/400000  eps=0.050  episodes=  271  mean_return=930.000  mean_loss= 8.10425  mean_foundation=  4.0/52  lifetime_outcomes={'won': 64, 'stalled': 2, 'truncated': 205, 'other': 0}  rss= 3123.6MB  (2862s)
step   245000/400000  eps=0.050  episodes=  272  mean_return=130.000  mean_loss= 7.87913  mean_foundation=  1.0/52  lifetime_outcomes={'won': 64, 'stalled': 2, 'truncated': 206, 'other': 0}  rss= 3123.6MB  (2866s)
step   246000/400000  eps=0.050  episodes=  273  mean_return=760.000  mean_loss= 7.70485  mean_foundation=  9.0/52  lifetime_outcomes={'won': 64, 'stalled': 2, 'truncated': 207, 'other': 0}  rss= 3123.6MB  (2869s)
step   247000/400000  eps=0.050  episodes=  274  mean_return=570.000  mean_loss= 7.85201  mean_foundation=  7.0/52  lifetime_outcomes={'won': 64, 'stalled': 2, 'truncated': 208, 'other': 0}  rss= 3123.6MB  (2873s)
step   248000/400000  eps=0.050  episodes=  275  mean_return=720.000  mean_loss= 7.51932  mean_foundation=  4.0/52  lifetime_outcomes={'won': 64, 'stalled': 2, 'truncated': 209, 'other': 0}  rss= 3123.6MB  (2876s)
step   249000/400000  eps=0.050  episodes=  276  mean_return=710.000  mean_loss= 7.53494  mean_foundation=  5.0/52  lifetime_outcomes={'won': 64, 'stalled': 2, 'truncated': 210, 'other': 0}  rss= 3123.6MB  (2880s)
step   250000/400000  eps=0.050  episodes=  277  mean_return=630.000  mean_loss= 7.98211  mean_foundation=  4.0/52  lifetime_outcomes={'won': 64, 'stalled': 2, 'truncated': 211, 'other': 0}  rss= 3123.6MB  (2883s)
  EVAL  step   250000  win_rate=0.00%  mean_return=346.900  mean_foundation=  2.5/52  mean_length=1000.0  (greedy, 100 fixed deals)
step   251000/400000  eps=0.050  episodes=  278  mean_return=1080.000  mean_loss= 7.46566  mean_foundation= 14.0/52  lifetime_outcomes={'won': 64, 'stalled': 2, 'truncated': 212, 'other': 0}  rss= 3123.6MB  (2972s)
step   252000/400000  eps=0.050  episodes=  279  mean_return=100.000  mean_loss= 7.29080  mean_foundation=  4.0/52  lifetime_outcomes={'won': 64, 'stalled': 2, 'truncated': 213, 'other': 0}  rss= 3123.6MB  (2976s)
step   253000/400000  eps=0.050  episodes=  280  mean_return=680.000  mean_loss= 7.59981  mean_foundation= 10.0/52  lifetime_outcomes={'won': 64, 'stalled': 2, 'truncated': 214, 'other': 0}  rss= 3123.6MB  (2979s)
step   254000/400000  eps=0.050  episodes=  281  mean_return=1980.000  mean_loss= 7.13834  mean_foundation= 46.0/52  lifetime_outcomes={'won': 64, 'stalled': 2, 'truncated': 215, 'other': 0}  rss= 3123.6MB  (2983s)
step   255000/400000  eps=0.050  episodes=  282  mean_return=330.000  mean_loss= 6.98076  mean_foundation=  6.0/52  lifetime_outcomes={'won': 64, 'stalled': 2, 'truncated': 216, 'other': 0}  rss= 3123.6MB  (2986s)
step   256000/400000  eps=0.050  episodes=  283  mean_return=400.000  mean_loss= 7.20527  mean_foundation=  7.0/52  lifetime_outcomes={'won': 64, 'stalled': 2, 'truncated': 217, 'other': 0}  rss= 3123.6MB  (2990s)
step   257000/400000  eps=0.050  episodes=  284  mean_return=220.000  mean_loss= 7.05133  mean_foundation=  5.0/52  lifetime_outcomes={'won': 64, 'stalled': 2, 'truncated': 218, 'other': 0}  rss= 3123.6MB  (2993s)
step   258000/400000  eps=0.050  episodes=  285  mean_return=1000.000  mean_loss= 6.92422  mean_foundation= 12.0/52  lifetime_outcomes={'won': 64, 'stalled': 2, 'truncated': 219, 'other': 0}  rss= 3123.6MB  (2996s)
step   259000/400000  eps=0.050  episodes=  286  mean_return=790.000  mean_loss= 6.95792  mean_foundation=  4.0/52  lifetime_outcomes={'won': 64, 'stalled': 2, 'truncated': 220, 'other': 0}  rss= 3123.6MB  (3000s)
step   260000/400000  eps=0.050  episodes=  287  mean_return=280.000  mean_loss= 6.75350  mean_foundation=  3.0/52  lifetime_outcomes={'won': 64, 'stalled': 2, 'truncated': 221, 'other': 0}  rss= 3123.6MB  (3003s)
  EVAL  step   260000  win_rate=0.00%  mean_return=339.300  mean_foundation=  2.5/52  mean_length=1000.0  (greedy, 100 fixed deals)
step   261000/400000  eps=0.050  episodes=  288  mean_return=6960.890  mean_loss= 6.71093  mean_foundation= 52.0/52  lifetime_outcomes={'won': 65, 'stalled': 2, 'truncated': 221, 'other': 0}  rss= 3123.6MB  (3090s)
step   262000/400000  eps=0.050  episodes=  289  mean_return=1500.000  mean_loss= 6.51718  mean_foundation= 25.0/52  lifetime_outcomes={'won': 65, 'stalled': 2, 'truncated': 222, 'other': 0}  rss= 3123.6MB  (3093s)
step   263000/400000  eps=0.050  episodes=  290  mean_return=660.000  mean_loss= 6.58951  mean_foundation=  4.0/52  lifetime_outcomes={'won': 65, 'stalled': 2, 'truncated': 223, 'other': 0}  rss= 3123.6MB  (3097s)
step   264000/400000  eps=0.050  episodes=  291  mean_return=680.000  mean_loss= 6.51036  mean_foundation=  9.0/52  lifetime_outcomes={'won': 65, 'stalled': 2, 'truncated': 224, 'other': 0}  rss= 3123.6MB  (3100s)
step   265000/400000  eps=0.050  episodes=  292  mean_return=610.000  mean_loss= 6.39892  mean_foundation=  5.0/52  lifetime_outcomes={'won': 65, 'stalled': 2, 'truncated': 225, 'other': 0}  rss= 3123.6MB  (3104s)
step   266000/400000  eps=0.050  episodes=  293  mean_return=1300.000  mean_loss= 6.26529  mean_foundation=  8.0/52  lifetime_outcomes={'won': 65, 'stalled': 2, 'truncated': 226, 'other': 0}  rss= 3123.6MB  (3107s)
step   267000/400000  eps=0.050  episodes=  294  mean_return=710.000  mean_loss= 6.22383  mean_foundation=  5.0/52  lifetime_outcomes={'won': 65, 'stalled': 2, 'truncated': 227, 'other': 0}  rss= 3123.6MB  (3111s)
step   268000/400000  eps=0.050  episodes=  295  mean_return=1090.000  mean_loss= 5.98602  mean_foundation= 10.0/52  lifetime_outcomes={'won': 65, 'stalled': 2, 'truncated': 228, 'other': 0}  rss= 3123.6MB  (3114s)
step   269000/400000  eps=0.050  episodes=  296  mean_return=420.000  mean_loss= 6.24810  mean_foundation=  4.0/52  lifetime_outcomes={'won': 65, 'stalled': 2, 'truncated': 229, 'other': 0}  rss= 3123.6MB  (3118s)
step   270000/400000  eps=0.050  episodes=  297  mean_return=210.000  mean_loss= 6.26724  mean_foundation=  2.0/52  lifetime_outcomes={'won': 65, 'stalled': 2, 'truncated': 230, 'other': 0}  rss= 3123.6MB  (3122s)
  EVAL  step   270000  win_rate=0.00%  mean_return=352.500  mean_foundation=  2.7/52  mean_length=1000.0  (greedy, 100 fixed deals)
step   271000/400000  eps=0.050  episodes=  298  mean_return=920.000  mean_loss= 5.92933  mean_foundation= 14.0/52  lifetime_outcomes={'won': 65, 'stalled': 2, 'truncated': 231, 'other': 0}  rss= 3123.6MB  (3211s)
step   272000/400000  eps=0.050  episodes=  299  mean_return=1930.000  mean_loss= 6.15627  mean_foundation= 41.0/52  lifetime_outcomes={'won': 65, 'stalled': 2, 'truncated': 232, 'other': 0}  rss= 3123.6MB  (3214s)
step   273000/400000  eps=0.050  episodes=  300  mean_return=810.000  mean_loss= 5.97825  mean_foundation=  8.0/52  lifetime_outcomes={'won': 65, 'stalled': 2, 'truncated': 233, 'other': 0}  rss= 3123.6MB  (3217s)
step   274000/400000  eps=0.050  episodes=  301  mean_return=730.000  mean_loss= 5.94002  mean_foundation=  7.0/52  lifetime_outcomes={'won': 65, 'stalled': 2, 'truncated': 234, 'other': 0}  rss= 3123.6MB  (3221s)
step   275000/400000  eps=0.050  episodes=  302  mean_return=450.000  mean_loss= 5.97248  mean_foundation=  5.0/52  lifetime_outcomes={'won': 65, 'stalled': 2, 'truncated': 235, 'other': 0}  rss= 3123.6MB  (3224s)
step   276000/400000  eps=0.050  episodes=  303  mean_return=560.000  mean_loss= 5.68195  mean_foundation=  7.0/52  lifetime_outcomes={'won': 65, 'stalled': 2, 'truncated': 236, 'other': 0}  rss= 3123.6MB  (3227s)
step   277000/400000  eps=0.050  episodes=  304  mean_return=620.000  mean_loss= 5.92933  mean_foundation=  9.0/52  lifetime_outcomes={'won': 65, 'stalled': 2, 'truncated': 237, 'other': 0}  rss= 3123.6MB  (3231s)
step   278000/400000  eps=0.050  episodes=  305  mean_return=790.000  mean_loss= 5.78328  mean_foundation=  3.0/52  lifetime_outcomes={'won': 65, 'stalled': 2, 'truncated': 238, 'other': 0}  rss= 3123.6MB  (3234s)
step   279000/400000  eps=0.050  episodes=  306  mean_return=1200.000  mean_loss= 5.39214  mean_foundation= 13.0/52  lifetime_outcomes={'won': 65, 'stalled': 2, 'truncated': 239, 'other': 0}  rss= 3123.6MB  (3237s)
step   280000/400000  eps=0.050  episodes=  307  mean_return=360.000  mean_loss= 5.55829  mean_foundation=  1.0/52  lifetime_outcomes={'won': 65, 'stalled': 2, 'truncated': 240, 'other': 0}  rss= 3123.6MB  (3241s)
  EVAL  step   280000  win_rate=0.00%  mean_return=356.400  mean_foundation=  2.6/52  mean_length=1000.0  (greedy, 100 fixed deals)
step   281000/400000  eps=0.050  episodes=  308  mean_return=1200.000  mean_loss= 5.52893  mean_foundation= 12.0/52  lifetime_outcomes={'won': 65, 'stalled': 2, 'truncated': 241, 'other': 0}  rss= 3123.6MB  (3328s)
step   282000/400000  eps=0.050  episodes=  309  mean_return=770.000  mean_loss= 5.50942  mean_foundation=  4.0/52  lifetime_outcomes={'won': 65, 'stalled': 2, 'truncated': 242, 'other': 0}  rss= 3123.6MB  (3331s)
step   283000/400000  eps=0.050  episodes=  310  mean_return=190.000  mean_loss= 5.32258  mean_foundation=  5.0/52  lifetime_outcomes={'won': 65, 'stalled': 2, 'truncated': 243, 'other': 0}  rss= 3123.6MB  (3334s)
step   284000/400000  eps=0.050  episodes=  311  mean_return=350.000  mean_loss= 5.40194  mean_foundation=  7.0/52  lifetime_outcomes={'won': 65, 'stalled': 2, 'truncated': 244, 'other': 0}  rss= 3123.6MB  (3338s)
step   285000/400000  eps=0.050  episodes=  312  mean_return=230.000  mean_loss= 5.25883  mean_foundation=  4.0/52  lifetime_outcomes={'won': 65, 'stalled': 2, 'truncated': 245, 'other': 0}  rss= 3123.6MB  (3341s)
step   286000/400000  eps=0.050  episodes=  313  mean_return=670.000  mean_loss= 5.37410  mean_foundation=  8.0/52  lifetime_outcomes={'won': 65, 'stalled': 2, 'truncated': 246, 'other': 0}  rss= 3123.6MB  (3345s)
step   287000/400000  eps=0.050  episodes=  314  mean_return=190.000  mean_loss= 5.02610  mean_foundation=  4.0/52  lifetime_outcomes={'won': 65, 'stalled': 2, 'truncated': 247, 'other': 0}  rss= 3123.6MB  (3348s)
step   288000/400000  eps=0.050  episodes=  315  mean_return=1140.000  mean_loss= 5.20686  mean_foundation=  8.0/52  lifetime_outcomes={'won': 65, 'stalled': 2, 'truncated': 248, 'other': 0}  rss= 3123.6MB  (3352s)
step   289000/400000  eps=0.050  episodes=  316  mean_return=7005.150  mean_loss= 5.05658  mean_foundation= 52.0/52  lifetime_outcomes={'won': 66, 'stalled': 2, 'truncated': 248, 'other': 0}  rss= 3123.6MB  (3355s)
step   290000/400000  eps=0.050  episodes=  317  mean_return=590.000  mean_loss= 4.83096  mean_foundation= 10.0/52  lifetime_outcomes={'won': 66, 'stalled': 2, 'truncated': 249, 'other': 0}  rss= 3123.6MB  (3359s)
  EVAL  step   290000  win_rate=0.00%  mean_return=357.800  mean_foundation=  2.8/52  mean_length=1000.0  (greedy, 100 fixed deals)
step   291000/400000  eps=0.050  episodes=  318  mean_return=420.000  mean_loss= 4.85341  mean_foundation=  4.0/52  lifetime_outcomes={'won': 66, 'stalled': 2, 'truncated': 250, 'other': 0}  rss= 3123.6MB  (3447s)
step   292000/400000  eps=0.050  episodes=  319  mean_return=600.000  mean_loss= 4.85162  mean_foundation=  4.0/52  lifetime_outcomes={'won': 66, 'stalled': 2, 'truncated': 251, 'other': 0}  rss= 3123.6MB  (3451s)
step   293000/400000  eps=0.050  episodes=  320  mean_return=600.000  mean_loss= 4.81012  mean_foundation=  2.0/52  lifetime_outcomes={'won': 66, 'stalled': 2, 'truncated': 252, 'other': 0}  rss= 3123.6MB  (3455s)
step   294000/400000  eps=0.050  episodes=  321  mean_return=420.000  mean_loss= 4.80943  mean_foundation=  4.0/52  lifetime_outcomes={'won': 66, 'stalled': 2, 'truncated': 253, 'other': 0}  rss= 3123.6MB  (3458s)
step   295000/400000  eps=0.050  episodes=  322  mean_return=790.000  mean_loss= 4.78947  mean_foundation=  4.0/52  lifetime_outcomes={'won': 66, 'stalled': 2, 'truncated': 254, 'other': 0}  rss= 3123.6MB  (3462s)
step   296000/400000  eps=0.050  episodes=  323  mean_return=1710.000  mean_loss= 4.53530  mean_foundation= 34.0/52  lifetime_outcomes={'won': 66, 'stalled': 2, 'truncated': 255, 'other': 0}  rss= 3123.6MB  (3465s)
step   297000/400000  eps=0.050  episodes=  324  mean_return=1630.000  mean_loss= 4.72947  mean_foundation= 21.0/52  lifetime_outcomes={'won': 66, 'stalled': 2, 'truncated': 256, 'other': 0}  rss= 3123.6MB  (3469s)
step   298000/400000  eps=0.050  episodes=  325  mean_return=490.000  mean_loss= 4.63342  mean_foundation= 11.0/52  lifetime_outcomes={'won': 66, 'stalled': 2, 'truncated': 257, 'other': 0}  rss= 3123.6MB  (3472s)
step   299000/400000  eps=0.050  episodes=  326  mean_return=120.000  mean_loss= 4.69723  mean_foundation=  1.0/52  lifetime_outcomes={'won': 66, 'stalled': 2, 'truncated': 258, 'other': 0}  rss= 3123.6MB  (3475s)
step   300000/400000  eps=0.050  episodes=  327  mean_return=590.000  mean_loss= 4.56163  mean_foundation=  4.0/52  lifetime_outcomes={'won': 66, 'stalled': 2, 'truncated': 259, 'other': 0}  rss= 3123.6MB  (3479s)
  EVAL  step   300000  win_rate=0.00%  mean_return=353.600  mean_foundation=  2.6/52  mean_length=1000.0  (greedy, 100 fixed deals)
step   301000/400000  eps=0.050  episodes=  328  mean_return=540.000  mean_loss= 4.45417  mean_foundation=  5.0/52  lifetime_outcomes={'won': 66, 'stalled': 2, 'truncated': 260, 'other': 0}  rss= 3123.6MB  (3567s)
step   302000/400000  eps=0.050  episodes=  329  mean_return=820.000  mean_loss= 4.45817  mean_foundation=  7.0/52  lifetime_outcomes={'won': 66, 'stalled': 2, 'truncated': 261, 'other': 0}  rss= 3123.6MB  (3570s)
step   303000/400000  eps=0.050  episodes=  330  mean_return=360.000  mean_loss= 4.34040  mean_foundation=  1.0/52  lifetime_outcomes={'won': 66, 'stalled': 2, 'truncated': 262, 'other': 0}  rss= 3123.6MB  (3574s)
step   304000/400000  eps=0.050  episodes=  331  mean_return=1400.000  mean_loss= 4.35002  mean_foundation= 16.0/52  lifetime_outcomes={'won': 66, 'stalled': 2, 'truncated': 263, 'other': 0}  rss= 3123.6MB  (3577s)
step   305000/400000  eps=0.050  episodes=  332  mean_return=460.000  mean_loss= 4.23093  mean_foundation=  1.0/52  lifetime_outcomes={'won': 66, 'stalled': 2, 'truncated': 264, 'other': 0}  rss= 3123.6MB  (3581s)
step   306000/400000  eps=0.050  episodes=  333  mean_return=590.000  mean_loss= 4.23248  mean_foundation= 10.0/52  lifetime_outcomes={'won': 66, 'stalled': 2, 'truncated': 265, 'other': 0}  rss= 3123.6MB  (3584s)
step   307000/400000  eps=0.050  episodes=  334  mean_return=370.000  mean_loss= 4.10385  mean_foundation=  1.0/52  lifetime_outcomes={'won': 66, 'stalled': 2, 'truncated': 266, 'other': 0}  rss= 3123.6MB  (3588s)
step   308000/400000  eps=0.050  episodes=  335  mean_return=470.000  mean_loss= 4.03753  mean_foundation=  4.0/52  lifetime_outcomes={'won': 66, 'stalled': 2, 'truncated': 267, 'other': 0}  rss= 3123.6MB  (3591s)
step   309000/400000  eps=0.050  episodes=  336  mean_return=340.000  mean_loss= 3.91800  mean_foundation=  7.0/52  lifetime_outcomes={'won': 66, 'stalled': 2, 'truncated': 268, 'other': 0}  rss= 3123.6MB  (3594s)
step   310000/400000  eps=0.050  episodes=  337  mean_return=500.000  mean_loss= 4.10290  mean_foundation=  4.0/52  lifetime_outcomes={'won': 66, 'stalled': 2, 'truncated': 269, 'other': 0}  rss= 3123.6MB  (3598s)
  EVAL  step   310000  win_rate=0.00%  mean_return=352.300  mean_foundation=  2.6/52  mean_length=1000.0  (greedy, 100 fixed deals)
step   311000/400000  eps=0.050  episodes=  338  mean_return=610.000  mean_loss= 3.87367  mean_foundation=  7.0/52  lifetime_outcomes={'won': 66, 'stalled': 2, 'truncated': 270, 'other': 0}  rss= 3123.6MB  (3686s)
step   312000/400000  eps=0.050  episodes=  339  mean_return=960.000  mean_loss= 3.90271  mean_foundation=  7.0/52  lifetime_outcomes={'won': 66, 'stalled': 2, 'truncated': 271, 'other': 0}  rss= 3123.6MB  (3689s)
step   313000/400000  eps=0.050  episodes=  340  mean_return=480.000  mean_loss= 3.91229  mean_foundation=  5.0/52  lifetime_outcomes={'won': 66, 'stalled': 2, 'truncated': 272, 'other': 0}  rss= 3123.6MB  (3693s)
step   314000/400000  eps=0.050  episodes=  341  mean_return=1160.000  mean_loss= 3.81546  mean_foundation=  9.0/52  lifetime_outcomes={'won': 66, 'stalled': 2, 'truncated': 273, 'other': 0}  rss= 3123.6MB  (3696s)
step   315000/400000  eps=0.050  episodes=  342  mean_return=1380.000  mean_loss= 3.76818  mean_foundation= 20.0/52  lifetime_outcomes={'won': 66, 'stalled': 2, 'truncated': 274, 'other': 0}  rss= 3123.6MB  (3700s)
step   316000/400000  eps=0.050  episodes=  343  mean_return=430.000  mean_loss= 3.73189  mean_foundation=  5.0/52  lifetime_outcomes={'won': 66, 'stalled': 2, 'truncated': 275, 'other': 0}  rss= 3123.6MB  (3703s)
step   317000/400000  eps=0.050  episodes=  344  mean_return=490.000  mean_loss= 3.66385  mean_foundation=  6.0/52  lifetime_outcomes={'won': 66, 'stalled': 2, 'truncated': 276, 'other': 0}  rss= 3123.6MB  (3707s)
step   318000/400000  eps=0.050  episodes=  345  mean_return=910.000  mean_loss= 3.78395  mean_foundation=  9.0/52  lifetime_outcomes={'won': 66, 'stalled': 2, 'truncated': 277, 'other': 0}  rss= 3123.6MB  (3710s)
step   319000/400000  eps=0.050  episodes=  346  mean_return=1310.000  mean_loss= 3.61945  mean_foundation=  7.0/52  lifetime_outcomes={'won': 66, 'stalled': 2, 'truncated': 278, 'other': 0}  rss= 3123.6MB  (3714s)
step   320000/400000  eps=0.050  episodes=  347  mean_return=980.000  mean_loss= 3.65290  mean_foundation= 15.0/52  lifetime_outcomes={'won': 66, 'stalled': 2, 'truncated': 279, 'other': 0}  rss= 3123.6MB  (3717s)
  EVAL  step   320000  win_rate=0.00%  mean_return=354.300  mean_foundation=  2.5/52  mean_length=1000.0  (greedy, 100 fixed deals)
step   321000/400000  eps=0.050  episodes=  348  mean_return=160.000  mean_loss= 3.60186  mean_foundation=  2.0/52  lifetime_outcomes={'won': 66, 'stalled': 2, 'truncated': 280, 'other': 0}  rss= 3123.6MB  (3807s)
step   322000/400000  eps=0.050  episodes=  349  mean_return=920.000  mean_loss= 3.52757  mean_foundation= 10.0/52  lifetime_outcomes={'won': 66, 'stalled': 2, 'truncated': 281, 'other': 0}  rss= 3123.6MB  (3810s)
step   323000/400000  eps=0.050  episodes=  350  mean_return=510.000  mean_loss= 3.56920  mean_foundation=  9.0/52  lifetime_outcomes={'won': 66, 'stalled': 2, 'truncated': 282, 'other': 0}  rss= 3123.6MB  (3814s)
step   324000/400000  eps=0.050  episodes=  351  mean_return=500.000  mean_loss= 3.51363  mean_foundation=  8.0/52  lifetime_outcomes={'won': 66, 'stalled': 2, 'truncated': 283, 'other': 0}  rss= 3123.6MB  (3818s)
step   325000/400000  eps=0.050  episodes=  352  mean_return=330.000  mean_loss= 3.37277  mean_foundation=  1.0/52  lifetime_outcomes={'won': 66, 'stalled': 2, 'truncated': 284, 'other': 0}  rss= 3123.6MB  (3821s)
step   326000/400000  eps=0.050  episodes=  353  mean_return=1290.000  mean_loss= 3.40186  mean_foundation= 23.0/52  lifetime_outcomes={'won': 66, 'stalled': 2, 'truncated': 285, 'other': 0}  rss= 3123.6MB  (3824s)
step   327000/400000  eps=0.050  episodes=  354  mean_return=930.000  mean_loss= 3.34017  mean_foundation= 14.0/52  lifetime_outcomes={'won': 66, 'stalled': 2, 'truncated': 286, 'other': 0}  rss= 3123.6MB  (3828s)
step   328000/400000  eps=0.050  episodes=  355  mean_return=1420.000  mean_loss= 3.34341  mean_foundation= 17.0/52  lifetime_outcomes={'won': 66, 'stalled': 2, 'truncated': 287, 'other': 0}  rss= 3123.6MB  (3832s)
step   329000/400000  eps=0.050  episodes=  356  mean_return=850.000  mean_loss= 3.26323  mean_foundation= 13.0/52  lifetime_outcomes={'won': 66, 'stalled': 2, 'truncated': 288, 'other': 0}  rss= 3123.6MB  (3835s)
step   330000/400000  eps=0.050  episodes=  358  mean_return=3856.365  mean_loss= 3.20497  mean_foundation= 29.5/52  lifetime_outcomes={'won': 67, 'stalled': 2, 'truncated': 289, 'other': 0}  rss= 3123.6MB  (3839s)
  EVAL  step   330000  win_rate=0.00%  mean_return=357.400  mean_foundation=  2.6/52  mean_length=1000.0  (greedy, 100 fixed deals)
step   331000/400000  eps=0.050  episodes=  359  mean_return=700.000  mean_loss= 3.21327  mean_foundation= 11.0/52  lifetime_outcomes={'won': 67, 'stalled': 2, 'truncated': 290, 'other': 0}  rss= 3123.6MB  (3926s)
step   332000/400000  eps=0.050  episodes=  360  mean_return=600.000  mean_loss= 3.23244  mean_foundation=  6.0/52  lifetime_outcomes={'won': 67, 'stalled': 2, 'truncated': 291, 'other': 0}  rss= 3123.6MB  (3930s)
step   333000/400000  eps=0.050  episodes=  361  mean_return=1550.000  mean_loss= 3.07580  mean_foundation= 28.0/52  lifetime_outcomes={'won': 67, 'stalled': 2, 'truncated': 292, 'other': 0}  rss= 3123.6MB  (3933s)
step   334000/400000  eps=0.050  episodes=  362  mean_return=1890.000  mean_loss= 3.17705  mean_foundation= 37.0/52  lifetime_outcomes={'won': 67, 'stalled': 2, 'truncated': 293, 'other': 0}  rss= 3123.6MB  (3937s)
step   335000/400000  eps=0.050  episodes=  363  mean_return=570.000  mean_loss= 2.97478  mean_foundation=  2.0/52  lifetime_outcomes={'won': 67, 'stalled': 2, 'truncated': 294, 'other': 0}  rss= 3123.6MB  (3941s)
step   336000/400000  eps=0.050  episodes=  364  mean_return=360.000  mean_loss= 3.10309  mean_foundation=  3.0/52  lifetime_outcomes={'won': 67, 'stalled': 2, 'truncated': 295, 'other': 0}  rss= 3123.6MB  (3944s)
step   337000/400000  eps=0.050  episodes=  365  mean_return=840.000  mean_loss= 3.02791  mean_foundation= 17.0/52  lifetime_outcomes={'won': 67, 'stalled': 2, 'truncated': 296, 'other': 0}  rss= 3123.6MB  (3948s)
step   338000/400000  eps=0.050  episodes=  366  mean_return=450.000  mean_loss= 2.98508  mean_foundation=  6.0/52  lifetime_outcomes={'won': 67, 'stalled': 2, 'truncated': 297, 'other': 0}  rss= 3123.6MB  (3951s)
step   339000/400000  eps=0.050  episodes=  367  mean_return=750.000  mean_loss= 2.93407  mean_foundation=  8.0/52  lifetime_outcomes={'won': 67, 'stalled': 2, 'truncated': 298, 'other': 0}  rss= 3123.6MB  (3955s)
step   340000/400000  eps=0.050  episodes=  368  mean_return=500.000  mean_loss= 3.06715  mean_foundation=  5.0/52  lifetime_outcomes={'won': 67, 'stalled': 2, 'truncated': 299, 'other': 0}  rss= 3123.6MB  (3958s)
  EVAL  step   340000  win_rate=0.00%  mean_return=356.200  mean_foundation=  2.6/52  mean_length=1000.0  (greedy, 100 fixed deals)
step   341000/400000  eps=0.050  episodes=  369  mean_return=350.000  mean_loss= 2.86426  mean_foundation=  2.0/52  lifetime_outcomes={'won': 67, 'stalled': 2, 'truncated': 300, 'other': 0}  rss= 3123.6MB  (4047s)
step   342000/400000  eps=0.050  episodes=  370  mean_return=350.000  mean_loss= 3.00850  mean_foundation=  3.0/52  lifetime_outcomes={'won': 67, 'stalled': 2, 'truncated': 301, 'other': 0}  rss= 3123.6MB  (4050s)
step   343000/400000  eps=0.050  episodes=  371  mean_return=580.000  mean_loss= 2.87311  mean_foundation=  5.0/52  lifetime_outcomes={'won': 67, 'stalled': 2, 'truncated': 302, 'other': 0}  rss= 3123.6MB  (4054s)
step   344000/400000  eps=0.050  episodes=  372  mean_return=550.000  mean_loss= 2.77579  mean_foundation= 10.0/52  lifetime_outcomes={'won': 67, 'stalled': 2, 'truncated': 303, 'other': 0}  rss= 3123.6MB  (4058s)
step   345000/400000  eps=0.050  episodes=  373  mean_return=450.000  mean_loss= 2.73366  mean_foundation=  7.0/52  lifetime_outcomes={'won': 67, 'stalled': 2, 'truncated': 304, 'other': 0}  rss= 3123.6MB  (4061s)
step   346000/400000  eps=0.050  episodes=  374  mean_return=1460.000  mean_loss= 2.86238  mean_foundation=  9.0/52  lifetime_outcomes={'won': 67, 'stalled': 2, 'truncated': 305, 'other': 0}  rss= 3123.6MB  (4065s)
step   347000/400000  eps=0.050  episodes=  375  mean_return=1060.000  mean_loss= 2.84079  mean_foundation=  6.0/52  lifetime_outcomes={'won': 67, 'stalled': 2, 'truncated': 306, 'other': 0}  rss= 3123.6MB  (4068s)
step   348000/400000  eps=0.050  episodes=  376  mean_return=500.000  mean_loss= 2.74349  mean_foundation=  9.0/52  lifetime_outcomes={'won': 67, 'stalled': 2, 'truncated': 307, 'other': 0}  rss= 3123.6MB  (4072s)
step   349000/400000  eps=0.050  episodes=  377  mean_return=740.000  mean_loss= 2.62102  mean_foundation=  5.0/52  lifetime_outcomes={'won': 67, 'stalled': 2, 'truncated': 308, 'other': 0}  rss= 3123.6MB  (4076s)
step   350000/400000  eps=0.050  episodes=  378  mean_return=720.000  mean_loss= 2.57032  mean_foundation=  8.0/52  lifetime_outcomes={'won': 67, 'stalled': 2, 'truncated': 309, 'other': 0}  rss= 3123.6MB  (4079s)
  EVAL  step   350000  win_rate=0.00%  mean_return=352.300  mean_foundation=  2.5/52  mean_length=1000.0  (greedy, 100 fixed deals)
step   351000/400000  eps=0.050  episodes=  379  mean_return=920.000  mean_loss= 2.65652  mean_foundation= 18.0/52  lifetime_outcomes={'won': 67, 'stalled': 2, 'truncated': 310, 'other': 0}  rss= 3123.8MB  (4167s)
step   352000/400000  eps=0.050  episodes=  380  mean_return=1160.000  mean_loss= 2.67881  mean_foundation=  9.0/52  lifetime_outcomes={'won': 67, 'stalled': 2, 'truncated': 311, 'other': 0}  rss= 3123.8MB  (4171s)
step   353000/400000  eps=0.050  episodes=  381  mean_return=1030.000  mean_loss= 2.54691  mean_foundation= 18.0/52  lifetime_outcomes={'won': 67, 'stalled': 2, 'truncated': 312, 'other': 0}  rss= 3123.8MB  (4174s)
step   354000/400000  eps=0.050  episodes=  382  mean_return=380.000  mean_loss= 2.47637  mean_foundation=  3.0/52  lifetime_outcomes={'won': 67, 'stalled': 2, 'truncated': 313, 'other': 0}  rss= 3123.8MB  (4178s)
step   355000/400000  eps=0.050  episodes=  383  mean_return=440.000  mean_loss= 2.48634  mean_foundation=  7.0/52  lifetime_outcomes={'won': 67, 'stalled': 2, 'truncated': 314, 'other': 0}  rss= 3123.8MB  (4181s)
step   356000/400000  eps=0.050  episodes=  384  mean_return=1070.000  mean_loss= 2.45860  mean_foundation=  9.0/52  lifetime_outcomes={'won': 67, 'stalled': 2, 'truncated': 315, 'other': 0}  rss= 3123.8MB  (4185s)
step   357000/400000  eps=0.050  episodes=  385  mean_return=870.000  mean_loss= 2.36800  mean_foundation=  8.0/52  lifetime_outcomes={'won': 67, 'stalled': 2, 'truncated': 316, 'other': 0}  rss= 3123.8MB  (4188s)
step   358000/400000  eps=0.050  episodes=  386  mean_return=290.000  mean_loss= 2.54814  mean_foundation=  6.0/52  lifetime_outcomes={'won': 67, 'stalled': 2, 'truncated': 317, 'other': 0}  rss= 3123.8MB  (4192s)
step   359000/400000  eps=0.050  episodes=  387  mean_return=730.000  mean_loss= 2.30798  mean_foundation=  9.0/52  lifetime_outcomes={'won': 67, 'stalled': 2, 'truncated': 318, 'other': 0}  rss= 3123.8MB  (4195s)
step   360000/400000  eps=0.050  episodes=  388  mean_return=7040.970  mean_loss= 2.43730  mean_foundation= 52.0/52  lifetime_outcomes={'won': 68, 'stalled': 2, 'truncated': 318, 'other': 0}  rss= 3123.8MB  (4198s)
  EVAL  step   360000  win_rate=0.00%  mean_return=357.100  mean_foundation=  2.5/52  mean_length=1000.0  (greedy, 100 fixed deals)
step   361000/400000  eps=0.050  episodes=  389  mean_return=680.000  mean_loss= 2.41325  mean_foundation=  8.0/52  lifetime_outcomes={'won': 68, 'stalled': 2, 'truncated': 319, 'other': 0}  rss= 3123.8MB  (4286s)
step   362000/400000  eps=0.050  episodes=  390  mean_return=570.000  mean_loss= 2.37616  mean_foundation=  9.0/52  lifetime_outcomes={'won': 68, 'stalled': 2, 'truncated': 320, 'other': 0}  rss= 3123.8MB  (4289s)
step   363000/400000  eps=0.050  episodes=  391  mean_return=440.000  mean_loss= 2.17757  mean_foundation=  2.0/52  lifetime_outcomes={'won': 68, 'stalled': 2, 'truncated': 321, 'other': 0}  rss= 3123.8MB  (4293s)
step   364000/400000  eps=0.050  episodes=  392  mean_return=1350.000  mean_loss= 2.29889  mean_foundation= 18.0/52  lifetime_outcomes={'won': 68, 'stalled': 2, 'truncated': 322, 'other': 0}  rss= 3123.8MB  (4296s)
step   365000/400000  eps=0.050  episodes=  393  mean_return=1310.000  mean_loss= 2.33746  mean_foundation= 10.0/52  lifetime_outcomes={'won': 68, 'stalled': 2, 'truncated': 323, 'other': 0}  rss= 3123.8MB  (4300s)
step   366000/400000  eps=0.050  episodes=  394  mean_return=240.000  mean_loss= 2.23582  mean_foundation=  2.0/52  lifetime_outcomes={'won': 68, 'stalled': 2, 'truncated': 324, 'other': 0}  rss= 3123.8MB  (4303s)
step   367000/400000  eps=0.050  episodes=  395  mean_return=460.000  mean_loss= 2.21995  mean_foundation=  1.0/52  lifetime_outcomes={'won': 68, 'stalled': 2, 'truncated': 325, 'other': 0}  rss= 3123.8MB  (4307s)
step   368000/400000  eps=0.050  episodes=  396  mean_return=780.000  mean_loss= 2.18737  mean_foundation= 14.0/52  lifetime_outcomes={'won': 68, 'stalled': 2, 'truncated': 326, 'other': 0}  rss= 3123.8MB  (4311s)
step   369000/400000  eps=0.050  episodes=  397  mean_return=950.000  mean_loss= 2.17191  mean_foundation= 10.0/52  lifetime_outcomes={'won': 68, 'stalled': 2, 'truncated': 327, 'other': 0}  rss= 3123.8MB  (4314s)
step   370000/400000  eps=0.050  episodes=  398  mean_return=1220.000  mean_loss= 2.18588  mean_foundation= 11.0/52  lifetime_outcomes={'won': 68, 'stalled': 2, 'truncated': 328, 'other': 0}  rss= 3123.8MB  (4318s)
  EVAL  step   370000  win_rate=0.00%  mean_return=358.400  mean_foundation=  2.5/52  mean_length=1000.0  (greedy, 100 fixed deals)
step   371000/400000  eps=0.050  episodes=  399  mean_return=220.000  mean_loss= 2.24252  mean_foundation=  2.0/52  lifetime_outcomes={'won': 68, 'stalled': 2, 'truncated': 329, 'other': 0}  rss= 3123.8MB  (4405s)
step   372000/400000  eps=0.050  episodes=  401  mean_return=474.655  mean_loss= 2.13192  mean_foundation=  8.5/52  lifetime_outcomes={'won': 68, 'stalled': 3, 'truncated': 330, 'other': 0}  rss= 3123.8MB  (4409s)
step   373000/400000  eps=0.050  episodes=  402  mean_return=1390.000  mean_loss= 2.09152  mean_foundation= 18.0/52  lifetime_outcomes={'won': 68, 'stalled': 3, 'truncated': 331, 'other': 0}  rss= 3123.8MB  (4413s)
step   374000/400000  eps=0.050  episodes=  403  mean_return=890.000  mean_loss= 2.16680  mean_foundation=  7.0/52  lifetime_outcomes={'won': 68, 'stalled': 3, 'truncated': 332, 'other': 0}  rss= 3123.8MB  (4416s)
step   375000/400000  eps=0.050  episodes=  404  mean_return=1070.000  mean_loss= 2.09030  mean_foundation=  4.0/52  lifetime_outcomes={'won': 68, 'stalled': 3, 'truncated': 333, 'other': 0}  rss= 3123.8MB  (4419s)
step   376000/400000  eps=0.050  episodes=  405  mean_return=650.000  mean_loss= 2.18169  mean_foundation=  9.0/52  lifetime_outcomes={'won': 68, 'stalled': 3, 'truncated': 334, 'other': 0}  rss= 3123.8MB  (4423s)
step   377000/400000  eps=0.050  episodes=  406  mean_return=440.000  mean_loss= 2.05599  mean_foundation=  7.0/52  lifetime_outcomes={'won': 68, 'stalled': 3, 'truncated': 335, 'other': 0}  rss= 3123.8MB  (4426s)
step   378000/400000  eps=0.050  episodes=  407  mean_return=770.000  mean_loss= 2.08681  mean_foundation=  4.0/52  lifetime_outcomes={'won': 68, 'stalled': 3, 'truncated': 336, 'other': 0}  rss= 3123.8MB  (4430s)
step   379000/400000  eps=0.050  episodes=  408  mean_return=720.000  mean_loss= 2.04766  mean_foundation=  3.0/52  lifetime_outcomes={'won': 68, 'stalled': 3, 'truncated': 337, 'other': 0}  rss= 3123.8MB  (4433s)
step   380000/400000  eps=0.050  episodes=  409  mean_return=430.000  mean_loss= 2.02930  mean_foundation=  5.0/52  lifetime_outcomes={'won': 68, 'stalled': 3, 'truncated': 338, 'other': 0}  rss= 3123.8MB  (4437s)
  EVAL  step   380000  win_rate=0.00%  mean_return=365.700  mean_foundation=  2.6/52  mean_length=1000.0  (greedy, 100 fixed deals)
step   381000/400000  eps=0.050  episodes=  410  mean_return=200.000  mean_loss= 1.94182  mean_foundation=  0.0/52  lifetime_outcomes={'won': 68, 'stalled': 3, 'truncated': 339, 'other': 0}  rss= 3123.8MB  (4524s)
step   382000/400000  eps=0.050  episodes=  411  mean_return=400.000  mean_loss= 1.94449  mean_foundation=  5.0/52  lifetime_outcomes={'won': 68, 'stalled': 3, 'truncated': 340, 'other': 0}  rss= 3123.8MB  (4528s)
step   383000/400000  eps=0.050  episodes=  412  mean_return=360.000  mean_loss= 1.96679  mean_foundation=  1.0/52  lifetime_outcomes={'won': 68, 'stalled': 3, 'truncated': 341, 'other': 0}  rss= 3123.8MB  (4532s)
step   384000/400000  eps=0.050  episodes=  413  mean_return=420.000  mean_loss= 1.98272  mean_foundation=  3.0/52  lifetime_outcomes={'won': 68, 'stalled': 3, 'truncated': 342, 'other': 0}  rss= 3123.8MB  (4535s)
step   385000/400000  eps=0.050  episodes=  414  mean_return=7041.530  mean_loss= 2.03354  mean_foundation= 52.0/52  lifetime_outcomes={'won': 69, 'stalled': 3, 'truncated': 342, 'other': 0}  rss= 3123.8MB  (4539s)
step   386000/400000  eps=0.050  episodes=  415  mean_return=440.000  mean_loss= 1.94440  mean_foundation=  5.0/52  lifetime_outcomes={'won': 69, 'stalled': 3, 'truncated': 343, 'other': 0}  rss= 3123.8MB  (4542s)
step   387000/400000  eps=0.050  episodes=  416  mean_return=1600.000  mean_loss= 1.88090  mean_foundation= 25.0/52  lifetime_outcomes={'won': 69, 'stalled': 3, 'truncated': 344, 'other': 0}  rss= 3123.8MB  (4546s)
step   388000/400000  eps=0.050  episodes=  417  mean_return=910.000  mean_loss= 1.89763  mean_foundation=  8.0/52  lifetime_outcomes={'won': 69, 'stalled': 3, 'truncated': 345, 'other': 0}  rss= 3123.8MB  (4549s)
step   389000/400000  eps=0.050  episodes=  418  mean_return=1200.000  mean_loss= 1.93600  mean_foundation= 10.0/52  lifetime_outcomes={'won': 69, 'stalled': 3, 'truncated': 346, 'other': 0}  rss= 3123.8MB  (4553s)
step   390000/400000  eps=0.050  episodes=  419  mean_return=660.000  mean_loss= 1.80840  mean_foundation=  8.0/52  lifetime_outcomes={'won': 69, 'stalled': 3, 'truncated': 347, 'other': 0}  rss= 3123.8MB  (4557s)
  EVAL  step   390000  win_rate=0.00%  mean_return=365.800  mean_foundation=  2.6/52  mean_length=1000.0  (greedy, 100 fixed deals)
step   391000/400000  eps=0.050  episodes=  420  mean_return=740.000  mean_loss= 1.82961  mean_foundation=  9.0/52  lifetime_outcomes={'won': 69, 'stalled': 3, 'truncated': 348, 'other': 0}  rss= 3123.8MB  (4647s)
step   392000/400000  eps=0.050  episodes=  421  mean_return=1180.000  mean_loss= 1.90393  mean_foundation= 12.0/52  lifetime_outcomes={'won': 69, 'stalled': 3, 'truncated': 349, 'other': 0}  rss= 3123.8MB  (4651s)
step   393000/400000  eps=0.050  episodes=  422  mean_return=560.000  mean_loss= 1.89253  mean_foundation=  0.0/52  lifetime_outcomes={'won': 69, 'stalled': 3, 'truncated': 350, 'other': 0}  rss= 3123.8MB  (4654s)
step   394000/400000  eps=0.050  episodes=  423  mean_return=560.000  mean_loss= 1.83131  mean_foundation=  7.0/52  lifetime_outcomes={'won': 69, 'stalled': 3, 'truncated': 351, 'other': 0}  rss= 3123.8MB  (4658s)
step   395000/400000  eps=0.050  episodes=  424  mean_return=860.000  mean_loss= 1.82451  mean_foundation=  4.0/52  lifetime_outcomes={'won': 69, 'stalled': 3, 'truncated': 352, 'other': 0}  rss= 3123.8MB  (4661s)
step   396000/400000  eps=0.050  episodes=  425  mean_return=510.000  mean_loss= 1.75595  mean_foundation= 13.0/52  lifetime_outcomes={'won': 69, 'stalled': 3, 'truncated': 353, 'other': 0}  rss= 3123.8MB  (4665s)
step   397000/400000  eps=0.050  episodes=  426  mean_return=450.000  mean_loss= 1.70301  mean_foundation=  2.0/52  lifetime_outcomes={'won': 69, 'stalled': 3, 'truncated': 354, 'other': 0}  rss= 3123.8MB  (4668s)
step   398000/400000  eps=0.050  episodes=  427  mean_return=1090.000  mean_loss= 1.74576  mean_foundation= 13.0/52  lifetime_outcomes={'won': 69, 'stalled': 3, 'truncated': 355, 'other': 0}  rss= 3123.8MB  (4671s)
step   399000/400000  eps=0.050  episodes=  428  mean_return=7040.180  mean_loss= 1.76423  mean_foundation= 52.0/52  lifetime_outcomes={'won': 70, 'stalled': 3, 'truncated': 355, 'other': 0}  rss= 3123.8MB  (4675s)
step   400000/400000  eps=0.050  episodes=  429  mean_return=340.000  mean_loss= 1.78148  mean_foundation=  4.0/52  lifetime_outcomes={'won': 70, 'stalled': 3, 'truncated': 356, 'other': 0}  rss= 3123.8MB  (4678s)
  EVAL  step   400000  win_rate=0.00%  mean_return=357.800  mean_foundation=  2.6/52  mean_length=1000.0  (greedy, 100 fixed deals)
done. saved final checkpoint to runs/018_double_dqn_soft_nstep3_per_dqfd_moredemo/checkpoint_final.pt
