=== train_resilient: attempt 1 ===
run directory: runs/023_dqfd_moredemo_epsfloor_loopbreaker_solvcurriculum
eval: using 1000-seed battery from runs/eval_corpus.jsonl (first 200 of them per eval pass) instead of the fixed 900000+i range
DQfD: building 100000 permanent demo transitions from runs/curriculum_wins.jsonl
built 100000 demo transitions from 156 winning episodes (1 diverged and were skipped)
DQfD: loaded 100000 demo transitions into the permanent replay-buffer region
solvable-seed pool: loaded 1578 ground-truth-solvable seeds from runs/solvable_corpus.jsonl, used for fresh-deal resets over first 100000 steps
step     1000/400000  eps=0.996  episodes=    1  mean_return=420.000  mean_loss=     nan  mean_foundation=  3.0/52  lifetime_outcomes={'won': 0, 'stalled': 0, 'truncated': 1, 'other': 0}  rss= 2041.4MB  (2s)
step     2000/400000  eps=0.992  episodes=    2  mean_return=1680.000  mean_loss=     nan  mean_foundation=  6.0/52  lifetime_outcomes={'won': 0, 'stalled': 0, 'truncated': 2, 'other': 0}  rss= 2055.9MB  (3s)
step     3000/400000  eps=0.987  episodes=    3  mean_return=1190.000  mean_loss=     nan  mean_foundation= 11.0/52  lifetime_outcomes={'won': 0, 'stalled': 0, 'truncated': 3, 'other': 0}  rss= 2064.1MB  (4s)
step     4000/400000  eps=0.983  episodes=    4  mean_return=1430.000  mean_loss=     nan  mean_foundation=  4.0/52  lifetime_outcomes={'won': 0, 'stalled': 0, 'truncated': 4, 'other': 0}  rss= 2076.2MB  (5s)
step     5000/400000  eps=0.979  episodes=    5  mean_return=1660.000  mean_loss=10.58051  mean_foundation=  6.0/52  lifetime_outcomes={'won': 0, 'stalled': 0, 'truncated': 5, 'other': 0}  rss= 2338.6MB  (6s)
step     6000/400000  eps=0.975  episodes=    6  mean_return=790.000  mean_loss=63.19316  mean_foundation= 12.0/52  lifetime_outcomes={'won': 0, 'stalled': 0, 'truncated': 6, 'other': 0}  rss= 2349.2MB  (9s)
step     7000/400000  eps=0.970  episodes=    7  mean_return=1720.000  mean_loss=85.82580  mean_foundation= 11.0/52  lifetime_outcomes={'won': 0, 'stalled': 0, 'truncated': 7, 'other': 0}  rss= 2361.5MB  (12s)
step     8000/400000  eps=0.966  episodes=    8  mean_return=1690.000  mean_loss=93.80950  mean_foundation=  3.0/52  lifetime_outcomes={'won': 0, 'stalled': 0, 'truncated': 8, 'other': 0}  rss= 2363.5MB  (15s)
step     9000/400000  eps=0.962  episodes=    9  mean_return=1410.000  mean_loss=98.79451  mean_foundation= 10.0/52  lifetime_outcomes={'won': 0, 'stalled': 0, 'truncated': 9, 'other': 0}  rss= 2369.5MB  (17s)
step    10000/400000  eps=0.958  episodes=   10  mean_return=500.000  mean_loss=102.72397  mean_foundation=  7.0/52  lifetime_outcomes={'won': 0, 'stalled': 0, 'truncated': 10, 'other': 0}  rss= 2371.5MB  (21s)
  EVAL  step    10000  win_rate=10.50%  mean_return=1717.875  mean_foundation= 18.1/52  mean_length=967.5  (greedy, 200 fixed deals)
step    11000/400000  eps=0.953  episodes=   11  mean_return=1660.000  mean_loss=98.73763  mean_foundation=  4.0/52  lifetime_outcomes={'won': 0, 'stalled': 0, 'truncated': 11, 'other': 0}  rss= 2375.5MB  (207s)
step    12000/400000  eps=0.949  episodes=   12  mean_return=1840.000  mean_loss=96.74822  mean_foundation= 31.0/52  lifetime_outcomes={'won': 0, 'stalled': 0, 'truncated': 12, 'other': 0}  rss= 2379.5MB  (210s)
step    13000/400000  eps=0.945  episodes=   13  mean_return=1810.000  mean_loss=95.68227  mean_foundation= 18.0/52  lifetime_outcomes={'won': 0, 'stalled': 0, 'truncated': 13, 'other': 0}  rss= 2383.6MB  (213s)
step    14000/400000  eps=0.941  episodes=   14  mean_return=850.000  mean_loss=93.86687  mean_foundation=  8.0/52  lifetime_outcomes={'won': 0, 'stalled': 0, 'truncated': 14, 'other': 0}  rss= 2387.6MB  (216s)
step    15000/400000  eps=0.936  episodes=   15  mean_return=960.000  mean_loss=94.24761  mean_foundation= 17.0/52  lifetime_outcomes={'won': 0, 'stalled': 0, 'truncated': 15, 'other': 0}  rss= 2391.6MB  (219s)
step    16000/400000  eps=0.932  episodes=   16  mean_return=1100.000  mean_loss=89.70678  mean_foundation= 13.0/52  lifetime_outcomes={'won': 0, 'stalled': 0, 'truncated': 16, 'other': 0}  rss= 2395.6MB  (222s)
step    17000/400000  eps=0.928  episodes=   17  mean_return=1720.000  mean_loss=90.86857  mean_foundation= 15.0/52  lifetime_outcomes={'won': 0, 'stalled': 0, 'truncated': 17, 'other': 0}  rss= 2399.6MB  (225s)
step    18000/400000  eps=0.923  episodes=   18  mean_return=510.000  mean_loss=91.97310  mean_foundation=  5.0/52  lifetime_outcomes={'won': 0, 'stalled': 0, 'truncated': 18, 'other': 0}  rss= 2403.6MB  (228s)
step    19000/400000  eps=0.919  episodes=   19  mean_return=870.000  mean_loss=86.60722  mean_foundation=  7.0/52  lifetime_outcomes={'won': 0, 'stalled': 0, 'truncated': 19, 'other': 0}  rss= 2407.7MB  (231s)
step    20000/400000  eps=0.915  episodes=   20  mean_return=1360.000  mean_loss=82.87843  mean_foundation= 27.0/52  lifetime_outcomes={'won': 0, 'stalled': 0, 'truncated': 20, 'other': 0}  rss= 2411.7MB  (234s)
  EVAL  step    20000  win_rate=29.00%  mean_return=2718.300  mean_foundation= 24.6/52  mean_length=880.0  (greedy, 200 fixed deals)
step    21000/400000  eps=0.911  episodes=   21  mean_return=100.000  mean_loss=85.29580  mean_foundation=  1.0/52  lifetime_outcomes={'won': 0, 'stalled': 0, 'truncated': 21, 'other': 0}  rss= 2415.7MB  (406s)
step    22000/400000  eps=0.906  episodes=   22  mean_return=1050.000  mean_loss=78.97259  mean_foundation= 12.0/52  lifetime_outcomes={'won': 0, 'stalled': 0, 'truncated': 22, 'other': 0}  rss= 2419.7MB  (409s)
step    23000/400000  eps=0.902  episodes=   23  mean_return=1970.000  mean_loss=79.35919  mean_foundation= 43.0/52  lifetime_outcomes={'won': 0, 'stalled': 0, 'truncated': 23, 'other': 0}  rss= 2423.7MB  (412s)
step    24000/400000  eps=0.898  episodes=   24  mean_return=630.000  mean_loss=79.95716  mean_foundation=  2.0/52  lifetime_outcomes={'won': 0, 'stalled': 0, 'truncated': 24, 'other': 0}  rss= 2427.7MB  (415s)
step    25000/400000  eps=0.894  episodes=   25  mean_return= 59.680  mean_loss=78.40209  mean_foundation=  1.0/52  lifetime_outcomes={'won': 0, 'stalled': 1, 'truncated': 24, 'other': 0}  rss= 2431.8MB  (418s)
step    26000/400000  eps=0.889  episodes=   26  mean_return=1220.000  mean_loss=76.32667  mean_foundation=  9.0/52  lifetime_outcomes={'won': 0, 'stalled': 1, 'truncated': 25, 'other': 0}  rss= 2433.8MB  (421s)
step    27000/400000  eps=0.885  episodes=   27  mean_return=660.000  mean_loss=75.12564  mean_foundation=  2.0/52  lifetime_outcomes={'won': 0, 'stalled': 1, 'truncated': 26, 'other': 0}  rss= 2439.8MB  (424s)
step    28000/400000  eps=0.881  episodes=   28  mean_return=1470.000  mean_loss=74.51582  mean_foundation= 12.0/52  lifetime_outcomes={'won': 0, 'stalled': 1, 'truncated': 27, 'other': 0}  rss= 2441.8MB  (427s)
step    29000/400000  eps=0.877  episodes=   30  mean_return=4315.455  mean_loss=75.63920  mean_foundation= 40.0/52  lifetime_outcomes={'won': 1, 'stalled': 1, 'truncated': 28, 'other': 0}  rss= 2447.8MB  (430s)
step    30000/400000  eps=0.873  episodes=   31  mean_return=1320.000  mean_loss=72.72949  mean_foundation= 20.0/52  lifetime_outcomes={'won': 1, 'stalled': 1, 'truncated': 29, 'other': 0}  rss= 2451.8MB  (433s)
  EVAL  step    30000  win_rate=12.50%  mean_return=1837.651  mean_foundation= 19.9/52  mean_length=954.9  (greedy, 200 fixed deals)
step    31000/400000  eps=0.868  episodes=   32  mean_return=7042.390  mean_loss=72.40082  mean_foundation= 52.0/52  lifetime_outcomes={'won': 2, 'stalled': 1, 'truncated': 29, 'other': 0}  rss= 2461.2MB  (618s)
step    32000/400000  eps=0.864  episodes=   33  mean_return=7040.860  mean_loss=69.18062  mean_foundation= 52.0/52  lifetime_outcomes={'won': 3, 'stalled': 1, 'truncated': 29, 'other': 0}  rss= 2465.2MB  (621s)
step    33000/400000  eps=0.860  episodes=   34  mean_return=780.000  mean_loss=69.76638  mean_foundation=  8.0/52  lifetime_outcomes={'won': 3, 'stalled': 1, 'truncated': 30, 'other': 0}  rss= 2467.2MB  (624s)
step    34000/400000  eps=0.855  episodes=   35  mean_return=2040.000  mean_loss=69.54481  mean_foundation= 49.0/52  lifetime_outcomes={'won': 3, 'stalled': 1, 'truncated': 31, 'other': 0}  rss= 2473.2MB  (627s)
step    35000/400000  eps=0.851  episodes=   36  mean_return=7041.240  mean_loss=69.91724  mean_foundation= 52.0/52  lifetime_outcomes={'won': 4, 'stalled': 1, 'truncated': 31, 'other': 0}  rss= 2475.2MB  (630s)
step    36000/400000  eps=0.847  episodes=   37  mean_return=1100.000  mean_loss=69.83467  mean_foundation=  9.0/52  lifetime_outcomes={'won': 4, 'stalled': 1, 'truncated': 32, 'other': 0}  rss= 2481.3MB  (633s)
step    37000/400000  eps=0.843  episodes=   38  mean_return=7042.360  mean_loss=70.39145  mean_foundation= 52.0/52  lifetime_outcomes={'won': 5, 'stalled': 1, 'truncated': 32, 'other': 0}  rss= 2483.3MB  (636s)
step    38000/400000  eps=0.839  episodes=   39  mean_return=1040.000  mean_loss=68.33501  mean_foundation= 16.0/52  lifetime_outcomes={'won': 5, 'stalled': 1, 'truncated': 33, 'other': 0}  rss= 2487.3MB  (639s)
step    39000/400000  eps=0.834  episodes=   40  mean_return=7040.850  mean_loss=67.15152  mean_foundation= 52.0/52  lifetime_outcomes={'won': 6, 'stalled': 1, 'truncated': 33, 'other': 0}  rss= 2493.3MB  (642s)
step    40000/400000  eps=0.830  episodes=   41  mean_return=920.000  mean_loss=67.01392  mean_foundation=  6.0/52  lifetime_outcomes={'won': 6, 'stalled': 1, 'truncated': 34, 'other': 0}  rss= 2495.3MB  (645s)
  EVAL  step    40000  win_rate=38.50%  mean_return=3243.290  mean_foundation= 27.0/52  mean_length=786.0  (greedy, 200 fixed deals)
step    41000/400000  eps=0.826  episodes=   42  mean_return=230.000  mean_loss=64.10544  mean_foundation=  3.0/52  lifetime_outcomes={'won': 6, 'stalled': 1, 'truncated': 35, 'other': 0}  rss= 2501.3MB  (800s)
step    42000/400000  eps=0.822  episodes=   43  mean_return=1230.000  mean_loss=63.00861  mean_foundation= 10.0/52  lifetime_outcomes={'won': 6, 'stalled': 1, 'truncated': 36, 'other': 0}  rss= 2501.3MB  (803s)
step    43000/400000  eps=0.817  episodes=   44  mean_return=830.000  mean_loss=62.30050  mean_foundation=  5.0/52  lifetime_outcomes={'won': 6, 'stalled': 1, 'truncated': 37, 'other': 0}  rss= 2501.3MB  (806s)
step    44000/400000  eps=0.813  episodes=   45  mean_return=2040.000  mean_loss=61.80265  mean_foundation= 46.0/52  lifetime_outcomes={'won': 6, 'stalled': 1, 'truncated': 38, 'other': 0}  rss= 2505.8MB  (809s)
step    45000/400000  eps=0.809  episodes=   47  mean_return=4516.340  mean_loss=61.59385  mean_foundation= 49.0/52  lifetime_outcomes={'won': 7, 'stalled': 1, 'truncated': 39, 'other': 0}  rss= 2510.0MB  (811s)
step    46000/400000  eps=0.804  episodes=   48  mean_return=7043.310  mean_loss=61.88185  mean_foundation= 52.0/52  lifetime_outcomes={'won': 8, 'stalled': 1, 'truncated': 39, 'other': 0}  rss= 2514.0MB  (814s)
step    47000/400000  eps=0.800  episodes=   49  mean_return=1550.000  mean_loss=60.83168  mean_foundation= 22.0/52  lifetime_outcomes={'won': 8, 'stalled': 1, 'truncated': 40, 'other': 0}  rss= 2518.0MB  (817s)
step    48000/400000  eps=0.796  episodes=   50  mean_return=7041.870  mean_loss=60.23033  mean_foundation= 52.0/52  lifetime_outcomes={'won': 9, 'stalled': 1, 'truncated': 40, 'other': 0}  rss= 2524.0MB  (820s)
step    49000/400000  eps=0.792  episodes=   51  mean_return=1380.000  mean_loss=59.19215  mean_foundation= 16.0/52  lifetime_outcomes={'won': 9, 'stalled': 1, 'truncated': 41, 'other': 0}  rss= 2526.2MB  (823s)
step    50000/400000  eps=0.787  episodes=   52  mean_return=7040.510  mean_loss=58.69860  mean_foundation= 52.0/52  lifetime_outcomes={'won': 10, 'stalled': 1, 'truncated': 41, 'other': 0}  rss= 2530.2MB  (826s)
  EVAL  step    50000  win_rate=34.00%  mean_return=2952.750  mean_foundation= 25.0/52  mean_length=805.0  (greedy, 200 fixed deals)
step    51000/400000  eps=0.783  episodes=   53  mean_return=7041.330  mean_loss=57.34430  mean_foundation= 52.0/52  lifetime_outcomes={'won': 11, 'stalled': 1, 'truncated': 41, 'other': 0}  rss= 2534.2MB  (986s)
step    52000/400000  eps=0.779  episodes=   55  mean_return=394.815  mean_loss=56.36553  mean_foundation=  3.5/52  lifetime_outcomes={'won': 11, 'stalled': 2, 'truncated': 42, 'other': 0}  rss= 2538.2MB  (989s)
step    53000/400000  eps=0.775  episodes=   56  mean_return=7041.990  mean_loss=56.59776  mean_foundation= 52.0/52  lifetime_outcomes={'won': 12, 'stalled': 2, 'truncated': 42, 'other': 0}  rss= 2540.2MB  (992s)
step    54000/400000  eps=0.770  episodes=   58  mean_return=4197.290  mean_loss=55.89493  mean_foundation= 34.5/52  lifetime_outcomes={'won': 13, 'stalled': 2, 'truncated': 43, 'other': 0}  rss= 2546.3MB  (995s)
step    55000/400000  eps=0.766  episodes=   59  mean_return=620.000  mean_loss=54.92954  mean_foundation= 10.0/52  lifetime_outcomes={'won': 13, 'stalled': 2, 'truncated': 44, 'other': 0}  rss= 2550.3MB  (998s)
step    56000/400000  eps=0.762  episodes=   60  mean_return=1280.000  mean_loss=54.46878  mean_foundation=  9.0/52  lifetime_outcomes={'won': 13, 'stalled': 2, 'truncated': 45, 'other': 0}  rss= 2554.3MB  (1001s)
step    57000/400000  eps=0.758  episodes=   61  mean_return=710.000  mean_loss=53.55036  mean_foundation=  8.0/52  lifetime_outcomes={'won': 13, 'stalled': 2, 'truncated': 46, 'other': 0}  rss= 2558.3MB  (1004s)
step    58000/400000  eps=0.754  episodes=   63  mean_return=7043.970  mean_loss=53.02196  mean_foundation= 52.0/52  lifetime_outcomes={'won': 15, 'stalled': 2, 'truncated': 46, 'other': 0}  rss= 2562.3MB  (1007s)
step    59000/400000  eps=0.749  episodes=   64  mean_return=7040.510  mean_loss=51.40629  mean_foundation= 52.0/52  lifetime_outcomes={'won': 16, 'stalled': 2, 'truncated': 46, 'other': 0}  rss= 2566.4MB  (1010s)
step    60000/400000  eps=0.745  episodes=   65  mean_return=7043.990  mean_loss=50.50867  mean_foundation= 52.0/52  lifetime_outcomes={'won': 17, 'stalled': 2, 'truncated': 46, 'other': 0}  rss= 2568.4MB  (1013s)
  EVAL  step    60000  win_rate=31.00%  mean_return=2801.955  mean_foundation= 23.6/52  mean_length=809.5  (greedy, 200 fixed deals)
step    61000/400000  eps=0.741  episodes=   66  mean_return=7040.120  mean_loss=50.41733  mean_foundation= 52.0/52  lifetime_outcomes={'won': 18, 'stalled': 2, 'truncated': 46, 'other': 0}  rss= 2574.4MB  (1174s)
step    62000/400000  eps=0.736  episodes=   68  mean_return=4082.145  mean_loss=49.14068  mean_foundation= 32.5/52  lifetime_outcomes={'won': 19, 'stalled': 2, 'truncated': 47, 'other': 0}  rss= 2578.4MB  (1177s)
step    63000/400000  eps=0.732  episodes=   69  mean_return=1300.000  mean_loss=49.37273  mean_foundation= 12.0/52  lifetime_outcomes={'won': 19, 'stalled': 2, 'truncated': 48, 'other': 0}  rss= 2582.4MB  (1180s)
step    64000/400000  eps=0.728  episodes=   70  mean_return=7044.230  mean_loss=49.88602  mean_foundation= 52.0/52  lifetime_outcomes={'won': 20, 'stalled': 2, 'truncated': 48, 'other': 0}  rss= 2586.4MB  (1183s)
step    65000/400000  eps=0.724  episodes=   71  mean_return=540.000  mean_loss=49.14466  mean_foundation=  1.0/52  lifetime_outcomes={'won': 20, 'stalled': 2, 'truncated': 49, 'other': 0}  rss= 2588.4MB  (1186s)
step    66000/400000  eps=0.720  episodes=   72  mean_return=880.000  mean_loss=47.43648  mean_foundation= 10.0/52  lifetime_outcomes={'won': 20, 'stalled': 2, 'truncated': 50, 'other': 0}  rss= 2594.5MB  (1189s)
step    67000/400000  eps=0.715  episodes=   73  mean_return=340.000  mean_loss=48.21711  mean_foundation=  9.0/52  lifetime_outcomes={'won': 20, 'stalled': 2, 'truncated': 51, 'other': 0}  rss= 2596.5MB  (1192s)
step    68000/400000  eps=0.711  episodes=   74  mean_return=790.000  mean_loss=47.54400  mean_foundation=  9.0/52  lifetime_outcomes={'won': 20, 'stalled': 2, 'truncated': 52, 'other': 0}  rss= 2602.5MB  (1195s)
step    69000/400000  eps=0.707  episodes=   76  mean_return=7045.225  mean_loss=46.90152  mean_foundation= 52.0/52  lifetime_outcomes={'won': 22, 'stalled': 2, 'truncated': 52, 'other': 0}  rss= 2604.5MB  (1198s)
step    70000/400000  eps=0.703  episodes=   77  mean_return=1070.000  mean_loss=45.91346  mean_foundation= 15.0/52  lifetime_outcomes={'won': 22, 'stalled': 2, 'truncated': 53, 'other': 0}  rss= 2608.5MB  (1202s)
  EVAL  step    70000  win_rate=35.50%  mean_return=3060.515  mean_foundation= 25.3/52  mean_length=783.5  (greedy, 200 fixed deals)
step    71000/400000  eps=0.698  episodes=   78  mean_return=1190.000  mean_loss=46.76502  mean_foundation= 16.0/52  lifetime_outcomes={'won': 22, 'stalled': 2, 'truncated': 54, 'other': 0}  rss= 2614.5MB  (1353s)
step    72000/400000  eps=0.694  episodes=   79  mean_return=7043.280  mean_loss=45.03839  mean_foundation= 52.0/52  lifetime_outcomes={'won': 23, 'stalled': 2, 'truncated': 54, 'other': 0}  rss= 2616.5MB  (1357s)
step    73000/400000  eps=0.690  episodes=   81  mean_return= 84.485  mean_loss=44.71142  mean_foundation=  2.0/52  lifetime_outcomes={'won': 23, 'stalled': 3, 'truncated': 55, 'other': 0}  rss= 2622.6MB  (1360s)
step    74000/400000  eps=0.685  episodes=   82  mean_return=1950.000  mean_loss=44.21129  mean_foundation= 42.0/52  lifetime_outcomes={'won': 23, 'stalled': 3, 'truncated': 56, 'other': 0}  rss= 2624.6MB  (1363s)
step    75000/400000  eps=0.681  episodes=   83  mean_return=1080.000  mean_loss=42.64504  mean_foundation=  9.0/52  lifetime_outcomes={'won': 23, 'stalled': 3, 'truncated': 57, 'other': 0}  rss= 2630.6MB  (1366s)
step    76000/400000  eps=0.677  episodes=   84  mean_return=1960.000  mean_loss=43.20764  mean_foundation= 43.0/52  lifetime_outcomes={'won': 23, 'stalled': 3, 'truncated': 58, 'other': 0}  rss= 2632.6MB  (1369s)
step    77000/400000  eps=0.673  episodes=   85  mean_return=870.000  mean_loss=41.54184  mean_foundation=  7.0/52  lifetime_outcomes={'won': 23, 'stalled': 3, 'truncated': 59, 'other': 0}  rss= 2636.7MB  (1372s)
step    78000/400000  eps=0.668  episodes=   86  mean_return=7040.550  mean_loss=42.77691  mean_foundation= 52.0/52  lifetime_outcomes={'won': 24, 'stalled': 3, 'truncated': 59, 'other': 0}  rss= 2640.7MB  (1375s)
step    79000/400000  eps=0.664  episodes=   87  mean_return=1560.000  mean_loss=41.48745  mean_foundation= 18.0/52  lifetime_outcomes={'won': 24, 'stalled': 3, 'truncated': 60, 'other': 0}  rss= 2644.7MB  (1378s)
step    80000/400000  eps=0.660  episodes=   89  mean_return=3672.055  mean_loss=42.49735  mean_foundation= 26.0/52  lifetime_outcomes={'won': 25, 'stalled': 3, 'truncated': 61, 'other': 0}  rss= 2648.7MB  (1381s)
  EVAL  step    80000  win_rate=33.50%  mean_return=2944.898  mean_foundation= 24.2/52  mean_length=795.2  (greedy, 200 fixed deals)
step    81000/400000  eps=0.656  episodes=   90  mean_return=7043.510  mean_loss=41.15485  mean_foundation= 52.0/52  lifetime_outcomes={'won': 26, 'stalled': 3, 'truncated': 61, 'other': 0}  rss= 2658.1MB  (1539s)
step    82000/400000  eps=0.651  episodes=   91  mean_return=630.000  mean_loss=41.93677  mean_foundation=  3.0/52  lifetime_outcomes={'won': 26, 'stalled': 3, 'truncated': 62, 'other': 0}  rss= 2662.2MB  (1542s)
step    83000/400000  eps=0.647  episodes=   92  mean_return=1130.000  mean_loss=40.27769  mean_foundation= 10.0/52  lifetime_outcomes={'won': 26, 'stalled': 3, 'truncated': 63, 'other': 0}  rss= 2666.2MB  (1545s)
step    84000/400000  eps=0.643  episodes=   93  mean_return=180.000  mean_loss=40.63098  mean_foundation=  0.0/52  lifetime_outcomes={'won': 26, 'stalled': 3, 'truncated': 64, 'other': 0}  rss= 2670.2MB  (1548s)
step    85000/400000  eps=0.639  episodes=   94  mean_return=410.000  mean_loss=40.53392  mean_foundation=  3.0/52  lifetime_outcomes={'won': 26, 'stalled': 3, 'truncated': 65, 'other': 0}  rss= 2674.2MB  (1551s)
step    86000/400000  eps=0.635  episodes=   95  mean_return=1430.000  mean_loss=39.20983  mean_foundation=  8.0/52  lifetime_outcomes={'won': 26, 'stalled': 3, 'truncated': 66, 'other': 0}  rss= 2678.2MB  (1554s)
step    87000/400000  eps=0.630  episodes=   97  mean_return=4052.950  mean_loss=38.30902  mean_foundation= 30.0/52  lifetime_outcomes={'won': 27, 'stalled': 3, 'truncated': 67, 'other': 0}  rss= 2682.2MB  (1557s)
step    88000/400000  eps=0.626  episodes=   98  mean_return=1490.000  mean_loss=38.52539  mean_foundation= 16.0/52  lifetime_outcomes={'won': 27, 'stalled': 3, 'truncated': 68, 'other': 0}  rss= 2686.3MB  (1560s)
step    89000/400000  eps=0.622  episodes=   99  mean_return=630.000  mean_loss=38.24366  mean_foundation=  3.0/52  lifetime_outcomes={'won': 27, 'stalled': 3, 'truncated': 69, 'other': 0}  rss= 2690.3MB  (1564s)
step    90000/400000  eps=0.617  episodes=  101  mean_return=7045.345  mean_loss=37.10796  mean_foundation= 52.0/52  lifetime_outcomes={'won': 29, 'stalled': 3, 'truncated': 69, 'other': 0}  rss= 2694.3MB  (1567s)
  EVAL  step    90000  win_rate=13.00%  mean_return=1858.293  mean_foundation= 17.8/52  mean_length=955.7  (greedy, 200 fixed deals)
step    91000/400000  eps=0.613  episodes=  102  mean_return=7045.530  mean_loss=36.21717  mean_foundation= 52.0/52  lifetime_outcomes={'won': 30, 'stalled': 3, 'truncated': 69, 'other': 0}  rss= 2698.3MB  (1753s)
step    92000/400000  eps=0.609  episodes=  104  mean_return=7043.155  mean_loss=37.59731  mean_foundation= 52.0/52  lifetime_outcomes={'won': 32, 'stalled': 3, 'truncated': 69, 'other': 0}  rss= 2700.3MB  (1756s)
step    93000/400000  eps=0.605  episodes=  105  mean_return=7044.570  mean_loss=37.09544  mean_foundation= 52.0/52  lifetime_outcomes={'won': 33, 'stalled': 3, 'truncated': 69, 'other': 0}  rss= 2706.4MB  (1759s)
step    94000/400000  eps=0.601  episodes=  107  mean_return=3877.435  mean_loss=36.27313  mean_foundation= 29.5/52  lifetime_outcomes={'won': 34, 'stalled': 3, 'truncated': 70, 'other': 0}  rss= 2710.4MB  (1762s)
step    95000/400000  eps=0.596  episodes=  108  mean_return=7045.780  mean_loss=37.71353  mean_foundation= 52.0/52  lifetime_outcomes={'won': 35, 'stalled': 3, 'truncated': 70, 'other': 0}  rss= 2714.4MB  (1765s)
step    96000/400000  eps=0.592  episodes=  109  mean_return=770.000  mean_loss=37.46519  mean_foundation= 12.0/52  lifetime_outcomes={'won': 35, 'stalled': 3, 'truncated': 71, 'other': 0}  rss= 2718.4MB  (1768s)
step    97000/400000  eps=0.588  episodes=  111  mean_return=3892.125  mean_loss=35.66786  mean_foundation= 30.5/52  lifetime_outcomes={'won': 36, 'stalled': 3, 'truncated': 72, 'other': 0}  rss= 2720.4MB  (1771s)
step    98000/400000  eps=0.584  episodes=  112  mean_return=840.000  mean_loss=36.43345  mean_foundation=  5.0/52  lifetime_outcomes={'won': 36, 'stalled': 3, 'truncated': 73, 'other': 0}  rss= 2726.4MB  (1774s)
step    99000/400000  eps=0.579  episodes=  113  mean_return=390.000  mean_loss=35.50304  mean_foundation=  6.0/52  lifetime_outcomes={'won': 36, 'stalled': 3, 'truncated': 74, 'other': 0}  rss= 2728.4MB  (1777s)
step   100000/400000  eps=0.575  episodes=  114  mean_return=1120.000  mean_loss=35.02982  mean_foundation=  8.0/52  lifetime_outcomes={'won': 36, 'stalled': 3, 'truncated': 75, 'other': 0}  rss= 2734.5MB  (1780s)
  EVAL  step   100000  win_rate=32.00%  mean_return=2867.350  mean_foundation= 24.0/52  mean_length=805.0  (greedy, 200 fixed deals)
step   101000/400000  eps=0.571  episodes=  115  mean_return=960.000  mean_loss=34.90948  mean_foundation=  5.0/52  lifetime_outcomes={'won': 36, 'stalled': 3, 'truncated': 76, 'other': 0}  rss= 2740.5MB  (1942s)
step   102000/400000  eps=0.567  episodes=  117  mean_return=7044.545  mean_loss=33.31373  mean_foundation= 52.0/52  lifetime_outcomes={'won': 38, 'stalled': 3, 'truncated': 76, 'other': 0}  rss= 2740.5MB  (1945s)
step   103000/400000  eps=0.562  episodes=  118  mean_return=830.000  mean_loss=35.23897  mean_foundation= 10.0/52  lifetime_outcomes={'won': 38, 'stalled': 3, 'truncated': 77, 'other': 0}  rss= 2740.5MB  (1948s)
step   104000/400000  eps=0.558  episodes=  119  mean_return=820.000  mean_loss=34.30317  mean_foundation=  4.0/52  lifetime_outcomes={'won': 38, 'stalled': 3, 'truncated': 78, 'other': 0}  rss= 2740.5MB  (1952s)
step   105000/400000  eps=0.554  episodes=  120  mean_return=7045.600  mean_loss=32.77557  mean_foundation= 52.0/52  lifetime_outcomes={'won': 39, 'stalled': 3, 'truncated': 78, 'other': 0}  rss= 2743.0MB  (1955s)
step   106000/400000  eps=0.549  episodes=  121  mean_return=2000.000  mean_loss=33.20346  mean_foundation= 48.0/52  lifetime_outcomes={'won': 39, 'stalled': 3, 'truncated': 79, 'other': 0}  rss= 2745.0MB  (1958s)
step   107000/400000  eps=0.545  episodes=  123  mean_return=4111.585  mean_loss=33.03428  mean_foundation= 33.5/52  lifetime_outcomes={'won': 40, 'stalled': 3, 'truncated': 80, 'other': 0}  rss= 2749.0MB  (1961s)
step   108000/400000  eps=0.541  episodes=  124  mean_return=1600.000  mean_loss=33.75040  mean_foundation= 28.0/52  lifetime_outcomes={'won': 40, 'stalled': 3, 'truncated': 81, 'other': 0}  rss= 2753.1MB  (1964s)
step   109000/400000  eps=0.537  episodes=  125  mean_return=530.000  mean_loss=32.21087  mean_foundation=  7.0/52  lifetime_outcomes={'won': 40, 'stalled': 3, 'truncated': 82, 'other': 0}  rss= 2757.1MB  (1968s)
step   110000/400000  eps=0.532  episodes=  126  mean_return=7044.810  mean_loss=32.06576  mean_foundation= 52.0/52  lifetime_outcomes={'won': 41, 'stalled': 3, 'truncated': 82, 'other': 0}  rss= 2761.1MB  (1971s)
  EVAL  step   110000  win_rate=36.00%  mean_return=3086.104  mean_foundation= 25.2/52  mean_length=784.6  (greedy, 200 fixed deals)
step   111000/400000  eps=0.528  episodes=  127  mean_return=810.000  mean_loss=31.40358  mean_foundation=  3.0/52  lifetime_outcomes={'won': 41, 'stalled': 3, 'truncated': 83, 'other': 0}  rss= 2770.4MB  (2125s)
step   112000/400000  eps=0.524  episodes=  128  mean_return=930.000  mean_loss=32.56789  mean_foundation=  7.0/52  lifetime_outcomes={'won': 41, 'stalled': 3, 'truncated': 84, 'other': 0}  rss= 2776.6MB  (2128s)
step   113000/400000  eps=0.520  episodes=  129  mean_return=810.000  mean_loss=30.36219  mean_foundation=  1.0/52  lifetime_outcomes={'won': 41, 'stalled': 3, 'truncated': 85, 'other': 0}  rss= 2778.6MB  (2131s)
step   114000/400000  eps=0.516  episodes=  130  mean_return=780.000  mean_loss=29.93312  mean_foundation=  3.0/52  lifetime_outcomes={'won': 41, 'stalled': 3, 'truncated': 86, 'other': 0}  rss= 2782.6MB  (2135s)
step   115000/400000  eps=0.511  episodes=  131  mean_return=1120.000  mean_loss=29.78361  mean_foundation=  8.0/52  lifetime_outcomes={'won': 41, 'stalled': 3, 'truncated': 87, 'other': 0}  rss= 2786.6MB  (2138s)
step   116000/400000  eps=0.507  episodes=  132  mean_return=580.000  mean_loss=29.88582  mean_foundation=  8.0/52  lifetime_outcomes={'won': 41, 'stalled': 3, 'truncated': 88, 'other': 0}  rss= 2790.6MB  (2141s)
step   117000/400000  eps=0.503  episodes=  133  mean_return=890.000  mean_loss=29.04457  mean_foundation=  6.0/52  lifetime_outcomes={'won': 41, 'stalled': 3, 'truncated': 89, 'other': 0}  rss= 2794.6MB  (2144s)
step   118000/400000  eps=0.499  episodes=  134  mean_return=1070.000  mean_loss=29.92451  mean_foundation=  9.0/52  lifetime_outcomes={'won': 41, 'stalled': 3, 'truncated': 90, 'other': 0}  rss= 2799.3MB  (2148s)
step   119000/400000  eps=0.494  episodes=  136  mean_return=4012.450  mean_loss=29.25404  mean_foundation= 27.5/52  lifetime_outcomes={'won': 42, 'stalled': 3, 'truncated': 91, 'other': 0}  rss= 2803.3MB  (2151s)
step   120000/400000  eps=0.490  episodes=  137  mean_return=680.000  mean_loss=29.65058  mean_foundation=  4.0/52  lifetime_outcomes={'won': 42, 'stalled': 3, 'truncated': 92, 'other': 0}  rss= 2807.4MB  (2154s)
  EVAL  step   120000  win_rate=31.50%  mean_return=2883.287  mean_foundation= 24.6/52  mean_length=866.4  (greedy, 200 fixed deals)
step   121000/400000  eps=0.486  episodes=  138  mean_return=1200.000  mean_loss=28.74640  mean_foundation= 13.0/52  lifetime_outcomes={'won': 42, 'stalled': 3, 'truncated': 93, 'other': 0}  rss= 2818.9MB  (2322s)
step   122000/400000  eps=0.482  episodes=  139  mean_return=7042.380  mean_loss=28.25306  mean_foundation= 52.0/52  lifetime_outcomes={'won': 43, 'stalled': 3, 'truncated': 93, 'other': 0}  rss= 2818.9MB  (2325s)
step   123000/400000  eps=0.477  episodes=  140  mean_return=1490.000  mean_loss=29.43878  mean_foundation= 20.0/52  lifetime_outcomes={'won': 43, 'stalled': 3, 'truncated': 94, 'other': 0}  rss= 2818.9MB  (2329s)
step   124000/400000  eps=0.473  episodes=  141  mean_return=7045.690  mean_loss=28.12490  mean_foundation= 52.0/52  lifetime_outcomes={'won': 44, 'stalled': 3, 'truncated': 94, 'other': 0}  rss= 2818.9MB  (2332s)
step   125000/400000  eps=0.469  episodes=  142  mean_return=960.000  mean_loss=28.05267  mean_foundation= 10.0/52  lifetime_outcomes={'won': 44, 'stalled': 3, 'truncated': 95, 'other': 0}  rss= 2821.2MB  (2335s)
step   126000/400000  eps=0.465  episodes=  143  mean_return=790.000  mean_loss=27.52853  mean_foundation=  9.0/52  lifetime_outcomes={'won': 44, 'stalled': 3, 'truncated': 96, 'other': 0}  rss= 2825.2MB  (2338s)
step   127000/400000  eps=0.460  episodes=  145  mean_return=4278.390  mean_loss=27.67325  mean_foundation= 38.0/52  lifetime_outcomes={'won': 45, 'stalled': 3, 'truncated': 97, 'other': 0}  rss= 2829.2MB  (2342s)
step   128000/400000  eps=0.456  episodes=  146  mean_return=880.000  mean_loss=26.63365  mean_foundation=  3.0/52  lifetime_outcomes={'won': 45, 'stalled': 3, 'truncated': 98, 'other': 0}  rss= 2839.4MB  (2345s)
step   129000/400000  eps=0.452  episodes=  147  mean_return=390.000  mean_loss=26.91903  mean_foundation=  2.0/52  lifetime_outcomes={'won': 45, 'stalled': 3, 'truncated': 99, 'other': 0}  rss= 2843.4MB  (2348s)
step   130000/400000  eps=0.448  episodes=  148  mean_return=1510.000  mean_loss=26.61643  mean_foundation= 13.0/52  lifetime_outcomes={'won': 45, 'stalled': 3, 'truncated': 100, 'other': 0}  rss= 2847.4MB  (2352s)
  EVAL  step   130000  win_rate=14.00%  mean_return=1898.387  mean_foundation= 18.1/52  mean_length=956.3  (greedy, 200 fixed deals)
step   131000/400000  eps=0.443  episodes=  149  mean_return=870.000  mean_loss=26.52450  mean_foundation=  8.0/52  lifetime_outcomes={'won': 45, 'stalled': 3, 'truncated': 101, 'other': 0}  rss= 2849.4MB  (2537s)
step   132000/400000  eps=0.439  episodes=  150  mean_return=580.000  mean_loss=25.13565  mean_foundation= 10.0/52  lifetime_outcomes={'won': 45, 'stalled': 3, 'truncated': 102, 'other': 0}  rss= 2855.4MB  (2541s)
step   133000/400000  eps=0.435  episodes=  152  mean_return=3767.190  mean_loss=25.48069  mean_foundation= 32.5/52  lifetime_outcomes={'won': 46, 'stalled': 3, 'truncated': 103, 'other': 0}  rss= 2859.4MB  (2544s)
step   134000/400000  eps=0.430  episodes=  153  mean_return=1050.000  mean_loss=25.41002  mean_foundation=  5.0/52  lifetime_outcomes={'won': 46, 'stalled': 3, 'truncated': 104, 'other': 0}  rss= 2863.5MB  (2548s)
step   135000/400000  eps=0.426  episodes=  154  mean_return=7045.840  mean_loss=25.85033  mean_foundation= 52.0/52  lifetime_outcomes={'won': 47, 'stalled': 3, 'truncated': 104, 'other': 0}  rss= 2867.5MB  (2551s)
step   136000/400000  eps=0.422  episodes=  155  mean_return=710.000  mean_loss=24.34655  mean_foundation=  9.0/52  lifetime_outcomes={'won': 47, 'stalled': 3, 'truncated': 105, 'other': 0}  rss= 2869.5MB  (2554s)
step   137000/400000  eps=0.418  episodes=  156  mean_return=1160.000  mean_loss=24.53545  mean_foundation= 12.0/52  lifetime_outcomes={'won': 47, 'stalled': 3, 'truncated': 106, 'other': 0}  rss= 2875.5MB  (2558s)
step   138000/400000  eps=0.414  episodes=  157  mean_return=460.000  mean_loss=24.26072  mean_foundation=  7.0/52  lifetime_outcomes={'won': 47, 'stalled': 3, 'truncated': 107, 'other': 0}  rss= 2877.5MB  (2561s)
step   139000/400000  eps=0.409  episodes=  158  mean_return=1020.000  mean_loss=23.73841  mean_foundation=  4.0/52  lifetime_outcomes={'won': 47, 'stalled': 3, 'truncated': 108, 'other': 0}  rss= 2883.5MB  (2564s)
step   140000/400000  eps=0.405  episodes=  159  mean_return=770.000  mean_loss=23.91080  mean_foundation=  6.0/52  lifetime_outcomes={'won': 47, 'stalled': 3, 'truncated': 109, 'other': 0}  rss= 2885.5MB  (2567s)
  EVAL  step   140000  win_rate=30.50%  mean_return=2764.722  mean_foundation= 23.1/52  mean_length=827.8  (greedy, 200 fixed deals)
step   141000/400000  eps=0.401  episodes=  160  mean_return=1730.000  mean_loss=23.72158  mean_foundation= 35.0/52  lifetime_outcomes={'won': 47, 'stalled': 3, 'truncated': 110, 'other': 0}  rss= 2897.1MB  (2732s)
step   142000/400000  eps=0.397  episodes=  161  mean_return=1420.000  mean_loss=23.61657  mean_foundation= 20.0/52  lifetime_outcomes={'won': 47, 'stalled': 3, 'truncated': 111, 'other': 0}  rss= 2897.1MB  (2736s)
step   143000/400000  eps=0.392  episodes=  162  mean_return=1370.000  mean_loss=23.59835  mean_foundation= 20.0/52  lifetime_outcomes={'won': 47, 'stalled': 3, 'truncated': 112, 'other': 0}  rss= 2897.1MB  (2739s)
step   144000/400000  eps=0.388  episodes=  163  mean_return=520.000  mean_loss=23.03857  mean_foundation=  4.0/52  lifetime_outcomes={'won': 47, 'stalled': 3, 'truncated': 113, 'other': 0}  rss= 2897.7MB  (2742s)
step   145000/400000  eps=0.384  episodes=  164  mean_return=970.000  mean_loss=22.10767  mean_foundation= 12.0/52  lifetime_outcomes={'won': 47, 'stalled': 3, 'truncated': 114, 'other': 0}  rss= 2899.7MB  (2745s)
step   146000/400000  eps=0.380  episodes=  165  mean_return=390.000  mean_loss=22.08067  mean_foundation=  4.0/52  lifetime_outcomes={'won': 47, 'stalled': 3, 'truncated': 115, 'other': 0}  rss= 2903.7MB  (2748s)
step   147000/400000  eps=0.375  episodes=  166  mean_return=490.000  mean_loss=22.18178  mean_foundation=  3.0/52  lifetime_outcomes={'won': 47, 'stalled': 3, 'truncated': 116, 'other': 0}  rss= 2907.7MB  (2751s)
step   148000/400000  eps=0.371  episodes=  168  mean_return=4317.490  mean_loss=22.10462  mean_foundation= 39.5/52  lifetime_outcomes={'won': 48, 'stalled': 3, 'truncated': 117, 'other': 0}  rss= 2917.7MB  (2755s)
step   149000/400000  eps=0.367  episodes=  169  mean_return=7040.070  mean_loss=21.86200  mean_foundation= 52.0/52  lifetime_outcomes={'won': 49, 'stalled': 3, 'truncated': 117, 'other': 0}  rss= 2921.7MB  (2758s)
step   150000/400000  eps=0.363  episodes=  170  mean_return=300.000  mean_loss=22.30766  mean_foundation=  0.0/52  lifetime_outcomes={'won': 49, 'stalled': 3, 'truncated': 118, 'other': 0}  rss= 2925.8MB  (2761s)
  EVAL  step   150000  win_rate=23.50%  mean_return=2448.097  mean_foundation= 22.2/52  mean_length=905.3  (greedy, 200 fixed deals)
step   151000/400000  eps=0.358  episodes=  171  mean_return=7043.110  mean_loss=21.65614  mean_foundation= 52.0/52  lifetime_outcomes={'won': 50, 'stalled': 3, 'truncated': 118, 'other': 0}  rss= 2929.9MB  (2940s)
step   152000/400000  eps=0.354  episodes=  172  mean_return=7043.950  mean_loss=21.43140  mean_foundation= 52.0/52  lifetime_outcomes={'won': 51, 'stalled': 3, 'truncated': 118, 'other': 0}  rss= 2933.9MB  (2943s)
step   153000/400000  eps=0.350  episodes=  173  mean_return=860.000  mean_loss=21.61515  mean_foundation= 12.0/52  lifetime_outcomes={'won': 51, 'stalled': 3, 'truncated': 119, 'other': 0}  rss= 2937.9MB  (2946s)
step   154000/400000  eps=0.346  episodes=  174  mean_return=220.000  mean_loss=22.27223  mean_foundation=  3.0/52  lifetime_outcomes={'won': 51, 'stalled': 3, 'truncated': 120, 'other': 0}  rss= 2941.9MB  (2949s)
step   155000/400000  eps=0.341  episodes=  175  mean_return=1260.000  mean_loss=21.69951  mean_foundation= 18.0/52  lifetime_outcomes={'won': 51, 'stalled': 3, 'truncated': 121, 'other': 0}  rss= 2945.9MB  (2953s)
step   156000/400000  eps=0.337  episodes=  176  mean_return=390.000  mean_loss=20.71386  mean_foundation=  4.0/52  lifetime_outcomes={'won': 51, 'stalled': 3, 'truncated': 122, 'other': 0}  rss= 2949.9MB  (2956s)
step   157000/400000  eps=0.333  episodes=  177  mean_return=920.000  mean_loss=20.28055  mean_foundation=  6.0/52  lifetime_outcomes={'won': 51, 'stalled': 3, 'truncated': 123, 'other': 0}  rss= 2954.0MB  (2959s)
step   158000/400000  eps=0.329  episodes=  178  mean_return=1400.000  mean_loss=20.19988  mean_foundation= 24.0/52  lifetime_outcomes={'won': 51, 'stalled': 3, 'truncated': 124, 'other': 0}  rss= 2958.0MB  (2963s)
step   159000/400000  eps=0.324  episodes=  179  mean_return=1120.000  mean_loss=20.45005  mean_foundation= 12.0/52  lifetime_outcomes={'won': 51, 'stalled': 3, 'truncated': 125, 'other': 0}  rss= 2962.0MB  (2966s)
step   160000/400000  eps=0.320  episodes=  180  mean_return=520.000  mean_loss=20.12438  mean_foundation=  2.0/52  lifetime_outcomes={'won': 51, 'stalled': 3, 'truncated': 126, 'other': 0}  rss= 2966.0MB  (2969s)
  EVAL  step   160000  win_rate=29.50%  mean_return=2795.591  mean_foundation= 24.6/52  mean_length=890.9  (greedy, 200 fixed deals)
step   161000/400000  eps=0.316  episodes=  181  mean_return=760.000  mean_loss=19.18997  mean_foundation=  4.0/52  lifetime_outcomes={'won': 51, 'stalled': 3, 'truncated': 127, 'other': 0}  rss= 2970.0MB  (3145s)
step   162000/400000  eps=0.311  episodes=  183  mean_return=4158.410  mean_loss=19.83100  mean_foundation= 34.0/52  lifetime_outcomes={'won': 52, 'stalled': 3, 'truncated': 128, 'other': 0}  rss= 2974.0MB  (3148s)
step   163000/400000  eps=0.307  episodes=  185  mean_return=7043.815  mean_loss=19.09672  mean_foundation= 52.0/52  lifetime_outcomes={'won': 54, 'stalled': 3, 'truncated': 128, 'other': 0}  rss= 2976.0MB  (3152s)
step   164000/400000  eps=0.303  episodes=  186  mean_return=1460.000  mean_loss=19.61135  mean_foundation= 13.0/52  lifetime_outcomes={'won': 54, 'stalled': 3, 'truncated': 129, 'other': 0}  rss= 2982.1MB  (3155s)
step   165000/400000  eps=0.299  episodes=  187  mean_return=7045.180  mean_loss=18.77663  mean_foundation= 52.0/52  lifetime_outcomes={'won': 55, 'stalled': 3, 'truncated': 129, 'other': 0}  rss= 2986.1MB  (3159s)
step   166000/400000  eps=0.295  episodes=  190  mean_return=5107.750  mean_loss=18.91608  mean_foundation= 39.3/52  lifetime_outcomes={'won': 57, 'stalled': 3, 'truncated': 130, 'other': 0}  rss= 2990.1MB  (3162s)
step   167000/400000  eps=0.290  episodes=  191  mean_return=7045.570  mean_loss=18.31568  mean_foundation= 52.0/52  lifetime_outcomes={'won': 58, 'stalled': 3, 'truncated': 130, 'other': 0}  rss= 2994.1MB  (3165s)
step   168000/400000  eps=0.286  episodes=  192  mean_return=360.000  mean_loss=18.37536  mean_foundation=  4.0/52  lifetime_outcomes={'won': 58, 'stalled': 3, 'truncated': 131, 'other': 0}  rss= 2996.1MB  (3169s)
step   169000/400000  eps=0.282  episodes=  193  mean_return=1330.000  mean_loss=18.09819  mean_foundation= 17.0/52  lifetime_outcomes={'won': 58, 'stalled': 3, 'truncated': 132, 'other': 0}  rss= 3002.2MB  (3172s)
step   170000/400000  eps=0.278  episodes=  194  mean_return=1130.000  mean_loss=17.42329  mean_foundation=  5.0/52  lifetime_outcomes={'won': 58, 'stalled': 3, 'truncated': 133, 'other': 0}  rss= 3004.2MB  (3176s)
  EVAL  step   170000  win_rate=30.50%  mean_return=2816.692  mean_foundation= 24.1/52  mean_length=855.8  (greedy, 200 fixed deals)
step   171000/400000  eps=0.273  episodes=  195  mean_return=1500.000  mean_loss=17.66410  mean_foundation= 18.0/52  lifetime_outcomes={'won': 58, 'stalled': 3, 'truncated': 134, 'other': 0}  rss= 3010.2MB  (3343s)
step   172000/400000  eps=0.269  episodes=  196  mean_return=730.000  mean_loss=18.07492  mean_foundation= 10.0/52  lifetime_outcomes={'won': 58, 'stalled': 3, 'truncated': 135, 'other': 0}  rss= 3012.2MB  (3346s)
step   173000/400000  eps=0.265  episodes=  197  mean_return=7042.250  mean_loss=17.21832  mean_foundation= 52.0/52  lifetime_outcomes={'won': 59, 'stalled': 3, 'truncated': 135, 'other': 0}  rss= 3016.2MB  (3349s)
step   174000/400000  eps=0.261  episodes=  198  mean_return=1460.000  mean_loss=18.25529  mean_foundation= 17.0/52  lifetime_outcomes={'won': 59, 'stalled': 3, 'truncated': 136, 'other': 0}  rss= 3020.3MB  (3353s)
step   175000/400000  eps=0.256  episodes=  199  mean_return=650.000  mean_loss=17.47278  mean_foundation=  6.0/52  lifetime_outcomes={'won': 59, 'stalled': 3, 'truncated': 137, 'other': 0}  rss= 3024.3MB  (3356s)
step   176000/400000  eps=0.252  episodes=  201  mean_return=3632.600  mean_loss=17.15514  mean_foundation= 27.5/52  lifetime_outcomes={'won': 60, 'stalled': 3, 'truncated': 138, 'other': 0}  rss= 3030.3MB  (3360s)
step   177000/400000  eps=0.248  episodes=  202  mean_return=7043.000  mean_loss=17.14089  mean_foundation= 52.0/52  lifetime_outcomes={'won': 61, 'stalled': 3, 'truncated': 138, 'other': 0}  rss= 3032.4MB  (3363s)
step   178000/400000  eps=0.244  episodes=  204  mean_return=3803.515  mean_loss=16.31398  mean_foundation= 30.5/52  lifetime_outcomes={'won': 62, 'stalled': 3, 'truncated': 139, 'other': 0}  rss= 3036.4MB  (3367s)
step   179000/400000  eps=0.239  episodes=  205  mean_return=470.000  mean_loss=16.96516  mean_foundation=  9.0/52  lifetime_outcomes={'won': 62, 'stalled': 3, 'truncated': 140, 'other': 0}  rss= 3040.4MB  (3370s)
step   180000/400000  eps=0.235  episodes=  207  mean_return=4228.120  mean_loss=16.66276  mean_foundation= 35.5/52  lifetime_outcomes={'won': 63, 'stalled': 3, 'truncated': 141, 'other': 0}  rss= 3044.4MB  (3374s)
  EVAL  step   180000  win_rate=35.50%  mean_return=3100.357  mean_foundation= 26.3/52  mean_length=789.3  (greedy, 200 fixed deals)
step   181000/400000  eps=0.231  episodes=  208  mean_return=900.000  mean_loss=16.57180  mean_foundation=  2.0/52  lifetime_outcomes={'won': 63, 'stalled': 3, 'truncated': 142, 'other': 0}  rss= 3048.4MB  (3528s)
step   182000/400000  eps=0.227  episodes=  209  mean_return=1090.000  mean_loss=16.50753  mean_foundation=  7.0/52  lifetime_outcomes={'won': 63, 'stalled': 3, 'truncated': 143, 'other': 0}  rss= 3052.4MB  (3532s)
step   183000/400000  eps=0.222  episodes=  210  mean_return=1090.000  mean_loss=16.26300  mean_foundation= 11.0/52  lifetime_outcomes={'won': 63, 'stalled': 3, 'truncated': 144, 'other': 0}  rss= 3058.5MB  (3535s)
step   184000/400000  eps=0.218  episodes=  211  mean_return=980.000  mean_loss=15.59044  mean_foundation=  4.0/52  lifetime_outcomes={'won': 63, 'stalled': 3, 'truncated': 145, 'other': 0}  rss= 3060.5MB  (3539s)
step   185000/400000  eps=0.214  episodes=  212  mean_return=1090.000  mean_loss=15.17486  mean_foundation= 12.0/52  lifetime_outcomes={'won': 63, 'stalled': 3, 'truncated': 146, 'other': 0}  rss= 3064.5MB  (3542s)
step   186000/400000  eps=0.210  episodes=  213  mean_return=1050.000  mean_loss=15.41170  mean_foundation= 16.0/52  lifetime_outcomes={'won': 63, 'stalled': 3, 'truncated': 147, 'other': 0}  rss= 3068.5MB  (3546s)
step   187000/400000  eps=0.205  episodes=  214  mean_return=510.000  mean_loss=15.07153  mean_foundation=  4.0/52  lifetime_outcomes={'won': 63, 'stalled': 3, 'truncated': 148, 'other': 0}  rss= 3072.6MB  (3549s)
step   188000/400000  eps=0.201  episodes=  215  mean_return=860.000  mean_loss=15.46630  mean_foundation= 13.0/52  lifetime_outcomes={'won': 63, 'stalled': 3, 'truncated': 149, 'other': 0}  rss= 3076.6MB  (3553s)
step   189000/400000  eps=0.197  episodes=  216  mean_return=390.000  mean_loss=14.43278  mean_foundation=  1.0/52  lifetime_outcomes={'won': 63, 'stalled': 3, 'truncated': 150, 'other': 0}  rss= 3080.6MB  (3556s)
step   190000/400000  eps=0.193  episodes=  217  mean_return=7042.400  mean_loss=14.39758  mean_foundation= 52.0/52  lifetime_outcomes={'won': 64, 'stalled': 3, 'truncated': 150, 'other': 0}  rss= 3084.6MB  (3559s)
  EVAL  step   190000  win_rate=36.50%  mean_return=3173.845  mean_foundation= 26.9/52  mean_length=845.5  (greedy, 200 fixed deals)
step   191000/400000  eps=0.188  episodes=  218  mean_return=1600.000  mean_loss=14.36606  mean_foundation= 32.0/52  lifetime_outcomes={'won': 64, 'stalled': 3, 'truncated': 151, 'other': 0}  rss= 3088.7MB  (3723s)
step   192000/400000  eps=0.184  episodes=  219  mean_return=7046.410  mean_loss=14.44028  mean_foundation= 52.0/52  lifetime_outcomes={'won': 65, 'stalled': 3, 'truncated': 151, 'other': 0}  rss= 3092.7MB  (3727s)
step   193000/400000  eps=0.180  episodes=  220  mean_return=460.000  mean_loss=14.29996  mean_foundation= 10.0/52  lifetime_outcomes={'won': 65, 'stalled': 3, 'truncated': 152, 'other': 0}  rss= 3096.7MB  (3730s)
step   194000/400000  eps=0.175  episodes=  222  mean_return=3953.225  mean_loss=14.61543  mean_foundation= 29.0/52  lifetime_outcomes={'won': 66, 'stalled': 3, 'truncated': 153, 'other': 0}  rss= 3100.7MB  (3734s)
step   195000/400000  eps=0.171  episodes=  223  mean_return=1280.000  mean_loss=14.02149  mean_foundation= 11.0/52  lifetime_outcomes={'won': 66, 'stalled': 3, 'truncated': 154, 'other': 0}  rss= 3102.8MB  (3738s)
step   196000/400000  eps=0.167  episodes=  224  mean_return=470.000  mean_loss=13.57419  mean_foundation=  6.0/52  lifetime_outcomes={'won': 66, 'stalled': 3, 'truncated': 155, 'other': 0}  rss= 3108.8MB  (3741s)
step   197000/400000  eps=0.163  episodes=  225  mean_return=1100.000  mean_loss=13.62978  mean_foundation=  7.0/52  lifetime_outcomes={'won': 66, 'stalled': 3, 'truncated': 156, 'other': 0}  rss= 3110.8MB  (3745s)
step   198000/400000  eps=0.158  episodes=  226  mean_return=1370.000  mean_loss=13.82111  mean_foundation= 14.0/52  lifetime_outcomes={'won': 66, 'stalled': 3, 'truncated': 157, 'other': 0}  rss= 3115.2MB  (3749s)
step   199000/400000  eps=0.154  episodes=  228  mean_return=4282.420  mean_loss=13.25158  mean_foundation= 35.5/52  lifetime_outcomes={'won': 67, 'stalled': 3, 'truncated': 158, 'other': 0}  rss= 3117.9MB  (3752s)
step   200000/400000  eps=0.150  episodes=  229  mean_return=1430.000  mean_loss=13.03475  mean_foundation= 26.0/52  lifetime_outcomes={'won': 67, 'stalled': 3, 'truncated': 159, 'other': 0}  rss= 3120.0MB  (3756s)
  EVAL  step   200000  win_rate=38.50%  mean_return=3293.873  mean_foundation= 28.0/52  mean_length=792.7  (greedy, 200 fixed deals)
step   201000/400000  eps=0.150  episodes=  230  mean_return=600.000  mean_loss=13.16672  mean_foundation=  6.0/52  lifetime_outcomes={'won': 67, 'stalled': 3, 'truncated': 160, 'other': 0}  rss= 3120.0MB  (3913s)
step   202000/400000  eps=0.150  episodes=  231  mean_return=7047.340  mean_loss=12.99579  mean_foundation= 52.0/52  lifetime_outcomes={'won': 68, 'stalled': 3, 'truncated': 160, 'other': 0}  rss= 3120.0MB  (3916s)
step   203000/400000  eps=0.150  episodes=  232  mean_return=950.000  mean_loss=12.66482  mean_foundation= 11.0/52  lifetime_outcomes={'won': 68, 'stalled': 3, 'truncated': 161, 'other': 0}  rss= 3120.0MB  (3919s)
step   204000/400000  eps=0.150  episodes=  233  mean_return=1170.000  mean_loss=13.56036  mean_foundation= 10.0/52  lifetime_outcomes={'won': 68, 'stalled': 3, 'truncated': 162, 'other': 0}  rss= 3120.0MB  (3923s)
step   205000/400000  eps=0.150  episodes=  236  mean_return=4904.270  mean_loss=13.28204  mean_foundation= 40.0/52  lifetime_outcomes={'won': 70, 'stalled': 3, 'truncated': 163, 'other': 0}  rss= 3120.0MB  (3926s)
step   206000/400000  eps=0.150  episodes=  237  mean_return=340.000  mean_loss=12.55425  mean_foundation=  5.0/52  lifetime_outcomes={'won': 70, 'stalled': 3, 'truncated': 164, 'other': 0}  rss= 3120.0MB  (3930s)
step   207000/400000  eps=0.150  episodes=  238  mean_return=450.000  mean_loss=12.91708  mean_foundation=  5.0/52  lifetime_outcomes={'won': 70, 'stalled': 3, 'truncated': 165, 'other': 0}  rss= 3120.0MB  (3933s)
step   208000/400000  eps=0.150  episodes=  239  mean_return=780.000  mean_loss=12.54168  mean_foundation=  8.0/52  lifetime_outcomes={'won': 70, 'stalled': 3, 'truncated': 166, 'other': 0}  rss= 3120.0MB  (3937s)
step   209000/400000  eps=0.150  episodes=  240  mean_return=690.000  mean_loss=12.33249  mean_foundation= 16.0/52  lifetime_outcomes={'won': 70, 'stalled': 3, 'truncated': 167, 'other': 0}  rss= 3120.0MB  (3940s)
step   210000/400000  eps=0.150  episodes=  242  mean_return=7025.070  mean_loss=12.62430  mean_foundation= 52.0/52  lifetime_outcomes={'won': 72, 'stalled': 3, 'truncated': 167, 'other': 0}  rss= 3120.0MB  (3943s)
  EVAL  step   210000  win_rate=35.00%  mean_return=3089.768  mean_foundation= 26.1/52  mean_length=828.2  (greedy, 200 fixed deals)
step   211000/400000  eps=0.150  episodes=  243  mean_return=860.000  mean_loss=12.18074  mean_foundation=  9.0/52  lifetime_outcomes={'won': 72, 'stalled': 3, 'truncated': 168, 'other': 0}  rss= 3125.3MB  (4107s)
step   212000/400000  eps=0.150  episodes=  244  mean_return=1390.000  mean_loss=12.17902  mean_foundation= 12.0/52  lifetime_outcomes={'won': 72, 'stalled': 3, 'truncated': 169, 'other': 0}  rss= 3125.3MB  (4111s)
step   213000/400000  eps=0.150  episodes=  245  mean_return=660.000  mean_loss=12.19267  mean_foundation=  5.0/52  lifetime_outcomes={'won': 72, 'stalled': 3, 'truncated': 170, 'other': 0}  rss= 3125.3MB  (4114s)
step   214000/400000  eps=0.150  episodes=  246  mean_return=7045.120  mean_loss=11.94493  mean_foundation= 52.0/52  lifetime_outcomes={'won': 73, 'stalled': 3, 'truncated': 170, 'other': 0}  rss= 3125.3MB  (4118s)
step   215000/400000  eps=0.150  episodes=  247  mean_return=660.000  mean_loss=11.71092  mean_foundation=  3.0/52  lifetime_outcomes={'won': 73, 'stalled': 3, 'truncated': 171, 'other': 0}  rss= 3125.3MB  (4121s)
step   216000/400000  eps=0.150  episodes=  248  mean_return=1040.000  mean_loss=11.71469  mean_foundation= 12.0/52  lifetime_outcomes={'won': 73, 'stalled': 3, 'truncated': 172, 'other': 0}  rss= 3125.3MB  (4125s)
step   217000/400000  eps=0.150  episodes=  250  mean_return=4097.590  mean_loss=11.74363  mean_foundation= 32.5/52  lifetime_outcomes={'won': 74, 'stalled': 3, 'truncated': 173, 'other': 0}  rss= 3125.3MB  (4128s)
step   218000/400000  eps=0.150  episodes=  251  mean_return=240.000  mean_loss=11.65553  mean_foundation=  4.0/52  lifetime_outcomes={'won': 74, 'stalled': 3, 'truncated': 174, 'other': 0}  rss= 3125.3MB  (4132s)
step   219000/400000  eps=0.150  episodes=  252  mean_return=1410.000  mean_loss=11.50485  mean_foundation= 14.0/52  lifetime_outcomes={'won': 74, 'stalled': 3, 'truncated': 175, 'other': 0}  rss= 3125.3MB  (4135s)
step   220000/400000  eps=0.150  episodes=  253  mean_return=1360.000  mean_loss=11.46154  mean_foundation= 15.0/52  lifetime_outcomes={'won': 74, 'stalled': 3, 'truncated': 176, 'other': 0}  rss= 3125.3MB  (4138s)
  EVAL  step   220000  win_rate=40.00%  mean_return=3383.291  mean_foundation= 28.6/52  mean_length=785.9  (greedy, 200 fixed deals)
step   221000/400000  eps=0.150  episodes=  254  mean_return=840.000  mean_loss=11.10770  mean_foundation= 10.0/52  lifetime_outcomes={'won': 74, 'stalled': 3, 'truncated': 177, 'other': 0}  rss= 3125.3MB  (4292s)
step   222000/400000  eps=0.150  episodes=  255  mean_return=470.000  mean_loss=11.62801  mean_foundation= 15.0/52  lifetime_outcomes={'won': 74, 'stalled': 3, 'truncated': 178, 'other': 0}  rss= 3125.3MB  (4296s)
step   223000/400000  eps=0.150  episodes=  256  mean_return=1590.000  mean_loss=11.08776  mean_foundation= 27.0/52  lifetime_outcomes={'won': 74, 'stalled': 3, 'truncated': 179, 'other': 0}  rss= 3125.3MB  (4299s)
step   224000/400000  eps=0.150  episodes=  257  mean_return=7044.010  mean_loss=11.59814  mean_foundation= 52.0/52  lifetime_outcomes={'won': 75, 'stalled': 3, 'truncated': 179, 'other': 0}  rss= 3125.3MB  (4303s)
step   225000/400000  eps=0.150  episodes=  258  mean_return=7044.140  mean_loss=10.87968  mean_foundation= 52.0/52  lifetime_outcomes={'won': 76, 'stalled': 3, 'truncated': 179, 'other': 0}  rss= 3125.3MB  (4306s)
step   226000/400000  eps=0.150  episodes=  260  mean_return=4359.050  mean_loss=10.55179  mean_foundation= 41.0/52  lifetime_outcomes={'won': 77, 'stalled': 3, 'truncated': 180, 'other': 0}  rss= 3125.3MB  (4310s)
step   227000/400000  eps=0.150  episodes=  261  mean_return=1580.000  mean_loss=10.77507  mean_foundation= 23.0/52  lifetime_outcomes={'won': 77, 'stalled': 3, 'truncated': 181, 'other': 0}  rss= 3125.3MB  (4313s)
step   228000/400000  eps=0.150  episodes=  262  mean_return=600.000  mean_loss=10.59858  mean_foundation= 10.0/52  lifetime_outcomes={'won': 77, 'stalled': 3, 'truncated': 182, 'other': 0}  rss= 3125.3MB  (4317s)
step   229000/400000  eps=0.150  episodes=  263  mean_return=610.000  mean_loss=10.23981  mean_foundation=  4.0/52  lifetime_outcomes={'won': 77, 'stalled': 3, 'truncated': 183, 'other': 0}  rss= 3125.3MB  (4321s)
step   230000/400000  eps=0.150  episodes=  265  mean_return=3707.505  mean_loss=10.29503  mean_foundation= 27.0/52  lifetime_outcomes={'won': 78, 'stalled': 3, 'truncated': 184, 'other': 0}  rss= 3125.3MB  (4324s)
  EVAL  step   230000  win_rate=35.00%  mean_return=3073.773  mean_foundation= 26.6/52  mean_length=842.7  (greedy, 200 fixed deals)
step   231000/400000  eps=0.150  episodes=  266  mean_return=870.000  mean_loss=10.63961  mean_foundation=  9.0/52  lifetime_outcomes={'won': 78, 'stalled': 3, 'truncated': 185, 'other': 0}  rss= 3125.3MB  (4488s)
step   232000/400000  eps=0.150  episodes=  267  mean_return=210.000  mean_loss=10.74500  mean_foundation=  3.0/52  lifetime_outcomes={'won': 78, 'stalled': 3, 'truncated': 186, 'other': 0}  rss= 3125.3MB  (4492s)
step   233000/400000  eps=0.150  episodes=  268  mean_return=530.000  mean_loss=10.12166  mean_foundation=  3.0/52  lifetime_outcomes={'won': 78, 'stalled': 3, 'truncated': 187, 'other': 0}  rss= 3125.3MB  (4495s)
step   234000/400000  eps=0.150  episodes=  269  mean_return=7044.670  mean_loss=10.12695  mean_foundation= 52.0/52  lifetime_outcomes={'won': 79, 'stalled': 3, 'truncated': 187, 'other': 0}  rss= 3125.3MB  (4499s)
step   235000/400000  eps=0.150  episodes=  270  mean_return=760.000  mean_loss=10.12206  mean_foundation= 12.0/52  lifetime_outcomes={'won': 79, 'stalled': 3, 'truncated': 188, 'other': 0}  rss= 3125.3MB  (4502s)
step   236000/400000  eps=0.150  episodes=  272  mean_return=4013.935  mean_loss= 9.73787  mean_foundation= 31.0/52  lifetime_outcomes={'won': 80, 'stalled': 3, 'truncated': 189, 'other': 0}  rss= 3125.3MB  (4505s)
step   237000/400000  eps=0.150  episodes=  274  mean_return=3777.725  mean_loss= 9.85561  mean_foundation= 30.0/52  lifetime_outcomes={'won': 81, 'stalled': 3, 'truncated': 190, 'other': 0}  rss= 3125.3MB  (4509s)
step   238000/400000  eps=0.150  episodes=  275  mean_return=720.000  mean_loss= 9.54218  mean_foundation= 10.0/52  lifetime_outcomes={'won': 81, 'stalled': 3, 'truncated': 191, 'other': 0}  rss= 3125.3MB  (4512s)
step   239000/400000  eps=0.150  episodes=  276  mean_return=7044.510  mean_loss= 9.57010  mean_foundation= 52.0/52  lifetime_outcomes={'won': 82, 'stalled': 3, 'truncated': 191, 'other': 0}  rss= 3125.3MB  (4516s)
step   240000/400000  eps=0.150  episodes=  278  mean_return=4203.450  mean_loss= 9.11848  mean_foundation= 36.0/52  lifetime_outcomes={'won': 83, 'stalled': 3, 'truncated': 192, 'other': 0}  rss= 3126.0MB  (4519s)
  EVAL  step   240000  win_rate=34.00%  mean_return=2985.103  mean_foundation= 25.7/52  mean_length=824.7  (greedy, 200 fixed deals)
step   241000/400000  eps=0.150  episodes=  279  mean_return=260.000  mean_loss= 9.60202  mean_foundation=  6.0/52  lifetime_outcomes={'won': 83, 'stalled': 3, 'truncated': 193, 'other': 0}  rss= 3126.0MB  (4681s)
step   242000/400000  eps=0.150  episodes=  280  mean_return=420.000  mean_loss= 8.99076  mean_foundation=  4.0/52  lifetime_outcomes={'won': 83, 'stalled': 3, 'truncated': 194, 'other': 0}  rss= 3126.0MB  (4684s)
step   243000/400000  eps=0.150  episodes=  281  mean_return=7045.330  mean_loss= 9.36557  mean_foundation= 52.0/52  lifetime_outcomes={'won': 84, 'stalled': 3, 'truncated': 194, 'other': 0}  rss= 3126.0MB  (4688s)
step   244000/400000  eps=0.150  episodes=  282  mean_return=550.000  mean_loss= 9.06047  mean_foundation=  2.0/52  lifetime_outcomes={'won': 84, 'stalled': 3, 'truncated': 195, 'other': 0}  rss= 3126.0MB  (4692s)
step   245000/400000  eps=0.150  episodes=  283  mean_return=240.000  mean_loss= 9.10917  mean_foundation=  9.0/52  lifetime_outcomes={'won': 84, 'stalled': 3, 'truncated': 196, 'other': 0}  rss= 3126.0MB  (4695s)
step   246000/400000  eps=0.150  episodes=  284  mean_return=1220.000  mean_loss= 8.94857  mean_foundation= 16.0/52  lifetime_outcomes={'won': 84, 'stalled': 3, 'truncated': 197, 'other': 0}  rss= 3126.0MB  (4698s)
step   247000/400000  eps=0.150  episodes=  286  mean_return=4417.520  mean_loss= 8.72828  mean_foundation= 44.5/52  lifetime_outcomes={'won': 85, 'stalled': 3, 'truncated': 198, 'other': 0}  rss= 3126.0MB  (4702s)
step   248000/400000  eps=0.150  episodes=  287  mean_return=840.000  mean_loss= 8.71818  mean_foundation=  3.0/52  lifetime_outcomes={'won': 85, 'stalled': 3, 'truncated': 199, 'other': 0}  rss= 3126.0MB  (4706s)
step   249000/400000  eps=0.150  episodes=  288  mean_return=940.000  mean_loss= 8.74165  mean_foundation= 14.0/52  lifetime_outcomes={'won': 85, 'stalled': 3, 'truncated': 200, 'other': 0}  rss= 3126.0MB  (4709s)
step   250000/400000  eps=0.150  episodes=  289  mean_return=7043.870  mean_loss= 8.59011  mean_foundation= 52.0/52  lifetime_outcomes={'won': 86, 'stalled': 3, 'truncated': 200, 'other': 0}  rss= 3126.0MB  (4713s)
  EVAL  step   250000  win_rate=25.50%  mean_return=2572.447  mean_foundation= 25.0/52  mean_length=890.3  (greedy, 200 fixed deals)
step   251000/400000  eps=0.150  episodes=  290  mean_return=1410.000  mean_loss= 8.37004  mean_foundation= 23.0/52  lifetime_outcomes={'won': 86, 'stalled': 3, 'truncated': 201, 'other': 0}  rss= 3131.3MB  (4885s)
step   252000/400000  eps=0.150  episodes=  291  mean_return=1550.000  mean_loss= 8.56459  mean_foundation= 18.0/52  lifetime_outcomes={'won': 86, 'stalled': 3, 'truncated': 202, 'other': 0}  rss= 3131.3MB  (4888s)
step   253000/400000  eps=0.150  episodes=  293  mean_return=4262.030  mean_loss= 8.56178  mean_foundation= 31.5/52  lifetime_outcomes={'won': 87, 'stalled': 3, 'truncated': 203, 'other': 0}  rss= 3131.3MB  (4892s)
step   254000/400000  eps=0.150  episodes=  294  mean_return=1650.000  mean_loss= 8.50581  mean_foundation= 36.0/52  lifetime_outcomes={'won': 87, 'stalled': 3, 'truncated': 204, 'other': 0}  rss= 3131.3MB  (4895s)
step   255000/400000  eps=0.150  episodes=  295  mean_return=690.000  mean_loss= 8.35378  mean_foundation=  7.0/52  lifetime_outcomes={'won': 87, 'stalled': 3, 'truncated': 205, 'other': 0}  rss= 3131.3MB  (4898s)
step   256000/400000  eps=0.150  episodes=  296  mean_return=7006.480  mean_loss= 8.25090  mean_foundation= 52.0/52  lifetime_outcomes={'won': 88, 'stalled': 3, 'truncated': 205, 'other': 0}  rss= 3131.3MB  (4902s)
step   257000/400000  eps=0.150  episodes=  297  mean_return=820.000  mean_loss= 8.44136  mean_foundation=  6.0/52  lifetime_outcomes={'won': 88, 'stalled': 3, 'truncated': 206, 'other': 0}  rss= 3131.3MB  (4905s)
step   258000/400000  eps=0.150  episodes=  299  mean_return=4377.440  mean_loss= 7.98224  mean_foundation= 40.5/52  lifetime_outcomes={'won': 89, 'stalled': 3, 'truncated': 207, 'other': 0}  rss= 3131.3MB  (4908s)
step   259000/400000  eps=0.150  episodes=  300  mean_return=1060.000  mean_loss= 7.80815  mean_foundation=  7.0/52  lifetime_outcomes={'won': 89, 'stalled': 3, 'truncated': 208, 'other': 0}  rss= 3131.3MB  (4911s)
step   260000/400000  eps=0.150  episodes=  301  mean_return=660.000  mean_loss= 7.66567  mean_foundation=  9.0/52  lifetime_outcomes={'won': 89, 'stalled': 3, 'truncated': 209, 'other': 0}  rss= 3131.3MB  (4915s)
  EVAL  step   260000  win_rate=33.50%  mean_return=2937.555  mean_foundation= 25.3/52  mean_length=789.5  (greedy, 200 fixed deals)
step   261000/400000  eps=0.150  episodes=  302  mean_return=670.000  mean_loss= 7.79741  mean_foundation=  7.0/52  lifetime_outcomes={'won': 89, 'stalled': 3, 'truncated': 210, 'other': 0}  rss= 3131.3MB  (5074s)
step   262000/400000  eps=0.150  episodes=  304  mean_return=7044.415  mean_loss= 7.70860  mean_foundation= 52.0/52  lifetime_outcomes={'won': 91, 'stalled': 3, 'truncated': 210, 'other': 0}  rss= 3131.3MB  (5077s)
step   263000/400000  eps=0.150  episodes=  305  mean_return=7045.380  mean_loss= 7.73908  mean_foundation= 52.0/52  lifetime_outcomes={'won': 92, 'stalled': 3, 'truncated': 210, 'other': 0}  rss= 3131.3MB  (5081s)
step   264000/400000  eps=0.150  episodes=  306  mean_return=550.000  mean_loss= 7.43611  mean_foundation=  8.0/52  lifetime_outcomes={'won': 92, 'stalled': 3, 'truncated': 211, 'other': 0}  rss= 3131.3MB  (5084s)
step   265000/400000  eps=0.150  episodes=  307  mean_return=1220.000  mean_loss= 7.38311  mean_foundation= 12.0/52  lifetime_outcomes={'won': 92, 'stalled': 3, 'truncated': 212, 'other': 0}  rss= 3131.3MB  (5087s)
step   266000/400000  eps=0.150  episodes=  309  mean_return=4076.925  mean_loss= 7.55243  mean_foundation= 34.5/52  lifetime_outcomes={'won': 93, 'stalled': 3, 'truncated': 213, 'other': 0}  rss= 3131.3MB  (5091s)
step   267000/400000  eps=0.150  episodes=  310  mean_return=240.000  mean_loss= 7.45698  mean_foundation=  9.0/52  lifetime_outcomes={'won': 93, 'stalled': 3, 'truncated': 214, 'other': 0}  rss= 3131.3MB  (5094s)
step   268000/400000  eps=0.150  episodes=  311  mean_return=1710.000  mean_loss= 7.33898  mean_foundation= 34.0/52  lifetime_outcomes={'won': 93, 'stalled': 3, 'truncated': 215, 'other': 0}  rss= 3131.3MB  (5098s)
step   269000/400000  eps=0.150  episodes=  312  mean_return=7045.170  mean_loss= 6.92809  mean_foundation= 52.0/52  lifetime_outcomes={'won': 94, 'stalled': 3, 'truncated': 215, 'other': 0}  rss= 3131.3MB  (5101s)
step   270000/400000  eps=0.150  episodes=  314  mean_return=4273.895  mean_loss= 7.16172  mean_foundation= 32.5/52  lifetime_outcomes={'won': 95, 'stalled': 3, 'truncated': 216, 'other': 0}  rss= 3131.3MB  (5105s)
  EVAL  step   270000  win_rate=38.50%  mean_return=3290.779  mean_foundation= 28.0/52  mean_length=817.1  (greedy, 200 fixed deals)
step   271000/400000  eps=0.150  episodes=  315  mean_return=1610.000  mean_loss= 6.95759  mean_foundation= 19.0/52  lifetime_outcomes={'won': 95, 'stalled': 3, 'truncated': 217, 'other': 0}  rss= 3131.4MB  (5266s)
step   272000/400000  eps=0.150  episodes=  316  mean_return=940.000  mean_loss= 6.86143  mean_foundation=  6.0/52  lifetime_outcomes={'won': 95, 'stalled': 3, 'truncated': 218, 'other': 0}  rss= 3131.4MB  (5270s)
step   273000/400000  eps=0.150  episodes=  318  mean_return=4148.560  mean_loss= 6.89712  mean_foundation= 36.5/52  lifetime_outcomes={'won': 96, 'stalled': 3, 'truncated': 219, 'other': 0}  rss= 3131.4MB  (5273s)
step   274000/400000  eps=0.150  episodes=  319  mean_return=540.000  mean_loss= 6.96548  mean_foundation=  6.0/52  lifetime_outcomes={'won': 96, 'stalled': 3, 'truncated': 220, 'other': 0}  rss= 3131.4MB  (5277s)
step   275000/400000  eps=0.150  episodes=  320  mean_return=940.000  mean_loss= 6.60901  mean_foundation= 12.0/52  lifetime_outcomes={'won': 96, 'stalled': 3, 'truncated': 221, 'other': 0}  rss= 3131.4MB  (5280s)
step   276000/400000  eps=0.150  episodes=  321  mean_return=1560.000  mean_loss= 6.86249  mean_foundation= 33.0/52  lifetime_outcomes={'won': 96, 'stalled': 3, 'truncated': 222, 'other': 0}  rss= 3131.4MB  (5284s)
step   277000/400000  eps=0.150  episodes=  322  mean_return=560.000  mean_loss= 6.76358  mean_foundation=  9.0/52  lifetime_outcomes={'won': 96, 'stalled': 3, 'truncated': 223, 'other': 0}  rss= 3131.4MB  (5287s)
step   278000/400000  eps=0.150  episodes=  323  mean_return=1080.000  mean_loss= 6.42939  mean_foundation= 11.0/52  lifetime_outcomes={'won': 96, 'stalled': 3, 'truncated': 224, 'other': 0}  rss= 3131.4MB  (5291s)
step   279000/400000  eps=0.150  episodes=  324  mean_return=1650.000  mean_loss= 6.29588  mean_foundation= 27.0/52  lifetime_outcomes={'won': 96, 'stalled': 3, 'truncated': 225, 'other': 0}  rss= 3131.4MB  (5294s)
step   280000/400000  eps=0.150  episodes=  325  mean_return=100.000  mean_loss= 6.51170  mean_foundation=  0.0/52  lifetime_outcomes={'won': 96, 'stalled': 3, 'truncated': 226, 'other': 0}  rss= 3131.4MB  (5298s)
  EVAL  step   280000  win_rate=38.50%  mean_return=3267.910  mean_foundation= 27.3/52  mean_length=819.0  (greedy, 200 fixed deals)
step   281000/400000  eps=0.150  episodes=  326  mean_return=490.000  mean_loss= 6.52593  mean_foundation=  4.0/52  lifetime_outcomes={'won': 96, 'stalled': 3, 'truncated': 227, 'other': 0}  rss= 3131.4MB  (5459s)
step   282000/400000  eps=0.150  episodes=  327  mean_return=1580.000  mean_loss= 6.40927  mean_foundation= 26.0/52  lifetime_outcomes={'won': 96, 'stalled': 3, 'truncated': 228, 'other': 0}  rss= 3131.4MB  (5462s)
step   283000/400000  eps=0.150  episodes=  328  mean_return=1410.000  mean_loss= 6.63028  mean_foundation= 18.0/52  lifetime_outcomes={'won': 96, 'stalled': 3, 'truncated': 229, 'other': 0}  rss= 3131.4MB  (5466s)
step   284000/400000  eps=0.150  episodes=  329  mean_return=880.000  mean_loss= 6.23476  mean_foundation= 11.0/52  lifetime_outcomes={'won': 96, 'stalled': 3, 'truncated': 230, 'other': 0}  rss= 3131.4MB  (5469s)
step   285000/400000  eps=0.150  episodes=  330  mean_return=1500.000  mean_loss= 6.29028  mean_foundation= 23.0/52  lifetime_outcomes={'won': 96, 'stalled': 3, 'truncated': 231, 'other': 0}  rss= 3131.4MB  (5472s)
step   286000/400000  eps=0.150  episodes=  331  mean_return=1330.000  mean_loss= 5.92957  mean_foundation= 16.0/52  lifetime_outcomes={'won': 96, 'stalled': 3, 'truncated': 232, 'other': 0}  rss= 3131.4MB  (5476s)
step   287000/400000  eps=0.150  episodes=  332  mean_return=970.000  mean_loss= 6.31131  mean_foundation=  8.0/52  lifetime_outcomes={'won': 96, 'stalled': 3, 'truncated': 233, 'other': 0}  rss= 3131.4MB  (5479s)
step   288000/400000  eps=0.150  episodes=  333  mean_return=7045.490  mean_loss= 6.13355  mean_foundation= 52.0/52  lifetime_outcomes={'won': 97, 'stalled': 3, 'truncated': 233, 'other': 0}  rss= 3131.4MB  (5483s)
step   289000/400000  eps=0.150  episodes=  334  mean_return=820.000  mean_loss= 6.16878  mean_foundation=  6.0/52  lifetime_outcomes={'won': 97, 'stalled': 3, 'truncated': 234, 'other': 0}  rss= 3131.4MB  (5486s)
step   290000/400000  eps=0.150  episodes=  335  mean_return=950.000  mean_loss= 5.87296  mean_foundation=  9.0/52  lifetime_outcomes={'won': 97, 'stalled': 3, 'truncated': 235, 'other': 0}  rss= 3131.4MB  (5490s)
  EVAL  step   290000  win_rate=24.50%  mean_return=2540.067  mean_foundation= 23.7/52  mean_length=908.3  (greedy, 200 fixed deals)
step   291000/400000  eps=0.150  episodes=  336  mean_return=320.000  mean_loss= 5.65438  mean_foundation=  3.0/52  lifetime_outcomes={'won': 97, 'stalled': 3, 'truncated': 236, 'other': 0}  rss= 3131.4MB  (5667s)
step   292000/400000  eps=0.150  episodes=  337  mean_return=850.000  mean_loss= 5.77883  mean_foundation=  6.0/52  lifetime_outcomes={'won': 97, 'stalled': 3, 'truncated': 237, 'other': 0}  rss= 3131.4MB  (5671s)
step   293000/400000  eps=0.150  episodes=  338  mean_return=7043.330  mean_loss= 5.41457  mean_foundation= 52.0/52  lifetime_outcomes={'won': 98, 'stalled': 3, 'truncated': 237, 'other': 0}  rss= 3131.4MB  (5674s)
step   294000/400000  eps=0.150  episodes=  339  mean_return=640.000  mean_loss= 5.48970  mean_foundation=  5.0/52  lifetime_outcomes={'won': 98, 'stalled': 3, 'truncated': 238, 'other': 0}  rss= 3131.4MB  (5678s)
step   295000/400000  eps=0.150  episodes=  340  mean_return=1100.000  mean_loss= 5.72591  mean_foundation= 12.0/52  lifetime_outcomes={'won': 98, 'stalled': 3, 'truncated': 239, 'other': 0}  rss= 3131.4MB  (5681s)
step   296000/400000  eps=0.150  episodes=  342  mean_return=3921.860  mean_loss= 5.61265  mean_foundation= 30.0/52  lifetime_outcomes={'won': 99, 'stalled': 3, 'truncated': 240, 'other': 0}  rss= 3131.4MB  (5685s)
step   297000/400000  eps=0.150  episodes=  343  mean_return=7043.410  mean_loss= 5.59500  mean_foundation= 52.0/52  lifetime_outcomes={'won': 100, 'stalled': 3, 'truncated': 240, 'other': 0}  rss= 3131.4MB  (5688s)
step   298000/400000  eps=0.150  episodes=  344  mean_return=780.000  mean_loss= 5.59415  mean_foundation=  9.0/52  lifetime_outcomes={'won': 100, 'stalled': 3, 'truncated': 241, 'other': 0}  rss= 3131.4MB  (5692s)
step   299000/400000  eps=0.150  episodes=  345  mean_return=1500.000  mean_loss= 5.35384  mean_foundation= 18.0/52  lifetime_outcomes={'won': 100, 'stalled': 3, 'truncated': 242, 'other': 0}  rss= 3131.4MB  (5695s)
step   300000/400000  eps=0.150  episodes=  346  mean_return=830.000  mean_loss= 5.36351  mean_foundation= 13.0/52  lifetime_outcomes={'won': 100, 'stalled': 3, 'truncated': 243, 'other': 0}  rss= 3131.4MB  (5699s)
  EVAL  step   300000  win_rate=18.50%  mean_return=2228.150  mean_foundation= 22.6/52  mean_length=930.0  (greedy, 200 fixed deals)
step   301000/400000  eps=0.150  episodes=  347  mean_return=670.000  mean_loss= 5.28045  mean_foundation=  8.0/52  lifetime_outcomes={'won': 100, 'stalled': 3, 'truncated': 244, 'other': 0}  rss= 3131.4MB  (5880s)
step   302000/400000  eps=0.150  episodes=  349  mean_return=3757.250  mean_loss= 5.12492  mean_foundation= 28.0/52  lifetime_outcomes={'won': 101, 'stalled': 3, 'truncated': 245, 'other': 0}  rss= 3131.4MB  (5884s)
step   303000/400000  eps=0.150  episodes=  350  mean_return=690.000  mean_loss= 5.12916  mean_foundation=  9.0/52  lifetime_outcomes={'won': 101, 'stalled': 3, 'truncated': 246, 'other': 0}  rss= 3131.4MB  (5887s)
step   304000/400000  eps=0.150  episodes=  351  mean_return=1870.000  mean_loss= 5.02749  mean_foundation= 45.0/52  lifetime_outcomes={'won': 101, 'stalled': 3, 'truncated': 247, 'other': 0}  rss= 3131.4MB  (5891s)
step   305000/400000  eps=0.150  episodes=  352  mean_return=7044.160  mean_loss= 4.92902  mean_foundation= 52.0/52  lifetime_outcomes={'won': 102, 'stalled': 3, 'truncated': 247, 'other': 0}  rss= 3131.4MB  (5894s)
step   306000/400000  eps=0.150  episodes=  353  mean_return=920.000  mean_loss= 5.01122  mean_foundation= 13.0/52  lifetime_outcomes={'won': 102, 'stalled': 3, 'truncated': 248, 'other': 0}  rss= 3131.4MB  (5898s)
step   307000/400000  eps=0.150  episodes=  354  mean_return=1500.000  mean_loss= 4.99519  mean_foundation= 29.0/52  lifetime_outcomes={'won': 102, 'stalled': 3, 'truncated': 249, 'other': 0}  rss= 3131.4MB  (5901s)
step   308000/400000  eps=0.150  episodes=  355  mean_return=890.000  mean_loss= 4.84504  mean_foundation= 10.0/52  lifetime_outcomes={'won': 102, 'stalled': 3, 'truncated': 250, 'other': 0}  rss= 3131.4MB  (5905s)
step   309000/400000  eps=0.150  episodes=  357  mean_return=3968.215  mean_loss= 4.86676  mean_foundation= 29.0/52  lifetime_outcomes={'won': 103, 'stalled': 3, 'truncated': 251, 'other': 0}  rss= 3131.4MB  (5909s)
step   310000/400000  eps=0.150  episodes=  358  mean_return=1020.000  mean_loss= 4.77625  mean_foundation=  8.0/52  lifetime_outcomes={'won': 103, 'stalled': 3, 'truncated': 252, 'other': 0}  rss= 3131.4MB  (5912s)
  EVAL  step   310000  win_rate=42.50%  mean_return=3508.346  mean_foundation= 28.7/52  mean_length=765.4  (greedy, 200 fixed deals)
step   311000/400000  eps=0.150  episodes=  359  mean_return=7047.440  mean_loss= 4.91324  mean_foundation= 52.0/52  lifetime_outcomes={'won': 104, 'stalled': 3, 'truncated': 252, 'other': 0}  rss= 3131.4MB  (6065s)
step   312000/400000  eps=0.150  episodes=  360  mean_return=200.000  mean_loss= 4.75558  mean_foundation=  1.0/52  lifetime_outcomes={'won': 104, 'stalled': 3, 'truncated': 253, 'other': 0}  rss= 3131.4MB  (6069s)
step   313000/400000  eps=0.150  episodes=  361  mean_return=1240.000  mean_loss= 4.68970  mean_foundation= 15.0/52  lifetime_outcomes={'won': 104, 'stalled': 3, 'truncated': 254, 'other': 0}  rss= 3131.4MB  (6072s)
step   314000/400000  eps=0.150  episodes=  362  mean_return=1020.000  mean_loss= 4.54449  mean_foundation= 15.0/52  lifetime_outcomes={'won': 104, 'stalled': 3, 'truncated': 255, 'other': 0}  rss= 3131.4MB  (6076s)
step   315000/400000  eps=0.150  episodes=  363  mean_return=400.000  mean_loss= 4.61220  mean_foundation=  6.0/52  lifetime_outcomes={'won': 104, 'stalled': 3, 'truncated': 256, 'other': 0}  rss= 3131.4MB  (6079s)
step   316000/400000  eps=0.150  episodes=  366  mean_return=4777.263  mean_loss= 4.69712  mean_foundation= 35.0/52  lifetime_outcomes={'won': 106, 'stalled': 3, 'truncated': 257, 'other': 0}  rss= 3131.4MB  (6083s)
step   317000/400000  eps=0.150  episodes=  368  mean_return=7045.795  mean_loss= 4.65918  mean_foundation= 52.0/52  lifetime_outcomes={'won': 108, 'stalled': 3, 'truncated': 257, 'other': 0}  rss= 3131.4MB  (6086s)
step   318000/400000  eps=0.150  episodes=  369  mean_return=1600.000  mean_loss= 4.47021  mean_foundation= 28.0/52  lifetime_outcomes={'won': 108, 'stalled': 3, 'truncated': 258, 'other': 0}  rss= 3131.4MB  (6089s)
step   319000/400000  eps=0.150  episodes=  370  mean_return=390.000  mean_loss= 4.37446  mean_foundation= 12.0/52  lifetime_outcomes={'won': 108, 'stalled': 3, 'truncated': 259, 'other': 0}  rss= 3131.4MB  (6093s)
step   320000/400000  eps=0.150  episodes=  371  mean_return=590.000  mean_loss= 4.36226  mean_foundation=  8.0/52  lifetime_outcomes={'won': 108, 'stalled': 3, 'truncated': 260, 'other': 0}  rss= 3131.4MB  (6096s)
  EVAL  step   320000  win_rate=40.00%  mean_return=3353.219  mean_foundation= 27.7/52  mean_length=753.1  (greedy, 200 fixed deals)
step   321000/400000  eps=0.150  episodes=  372  mean_return=380.000  mean_loss= 4.43301  mean_foundation=  8.0/52  lifetime_outcomes={'won': 108, 'stalled': 3, 'truncated': 261, 'other': 0}  rss= 3131.4MB  (6246s)
step   322000/400000  eps=0.150  episodes=  373  mean_return=1080.000  mean_loss= 4.21353  mean_foundation= 16.0/52  lifetime_outcomes={'won': 108, 'stalled': 3, 'truncated': 262, 'other': 0}  rss= 3131.4MB  (6250s)
step   323000/400000  eps=0.150  episodes=  374  mean_return=320.000  mean_loss= 4.46103  mean_foundation=  2.0/52  lifetime_outcomes={'won': 108, 'stalled': 3, 'truncated': 263, 'other': 0}  rss= 3131.4MB  (6253s)
step   324000/400000  eps=0.150  episodes=  375  mean_return=1500.000  mean_loss= 4.11184  mean_foundation= 12.0/52  lifetime_outcomes={'won': 108, 'stalled': 3, 'truncated': 264, 'other': 0}  rss= 3131.4MB  (6257s)
step   325000/400000  eps=0.150  episodes=  376  mean_return=1380.000  mean_loss= 4.12973  mean_foundation= 20.0/52  lifetime_outcomes={'won': 108, 'stalled': 3, 'truncated': 265, 'other': 0}  rss= 3131.4MB  (6261s)
step   326000/400000  eps=0.150  episodes=  377  mean_return=1390.000  mean_loss= 4.28193  mean_foundation= 22.0/52  lifetime_outcomes={'won': 108, 'stalled': 3, 'truncated': 266, 'other': 0}  rss= 3131.4MB  (6264s)
step   327000/400000  eps=0.150  episodes=  378  mean_return=7046.440  mean_loss= 4.32974  mean_foundation= 52.0/52  lifetime_outcomes={'won': 109, 'stalled': 3, 'truncated': 266, 'other': 0}  rss= 3131.4MB  (6268s)
step   328000/400000  eps=0.150  episodes=  379  mean_return=1440.000  mean_loss= 4.03569  mean_foundation= 17.0/52  lifetime_outcomes={'won': 109, 'stalled': 3, 'truncated': 267, 'other': 0}  rss= 3131.4MB  (6271s)
step   329000/400000  eps=0.150  episodes=  380  mean_return=1030.000  mean_loss= 4.04712  mean_foundation=  8.0/52  lifetime_outcomes={'won': 109, 'stalled': 3, 'truncated': 268, 'other': 0}  rss= 3131.4MB  (6275s)
step   330000/400000  eps=0.150  episodes=  381  mean_return=860.000  mean_loss= 4.05209  mean_foundation= 11.0/52  lifetime_outcomes={'won': 109, 'stalled': 3, 'truncated': 269, 'other': 0}  rss= 3131.4MB  (6278s)
  EVAL  step   330000  win_rate=30.50%  mean_return=2840.735  mean_foundation= 24.6/52  mean_length=871.5  (greedy, 200 fixed deals)
step   331000/400000  eps=0.150  episodes=  382  mean_return=1160.000  mean_loss= 3.89414  mean_foundation= 12.0/52  lifetime_outcomes={'won': 109, 'stalled': 3, 'truncated': 270, 'other': 0}  rss= 3131.4MB  (6449s)
step   332000/400000  eps=0.150  episodes=  383  mean_return=720.000  mean_loss= 3.92247  mean_foundation=  3.0/52  lifetime_outcomes={'won': 109, 'stalled': 3, 'truncated': 271, 'other': 0}  rss= 3131.4MB  (6453s)
step   333000/400000  eps=0.150  episodes=  384  mean_return=1120.000  mean_loss= 3.79498  mean_foundation= 10.0/52  lifetime_outcomes={'won': 109, 'stalled': 3, 'truncated': 272, 'other': 0}  rss= 3131.4MB  (6457s)
step   334000/400000  eps=0.150  episodes=  385  mean_return=650.000  mean_loss= 3.81522  mean_foundation=  3.0/52  lifetime_outcomes={'won': 109, 'stalled': 3, 'truncated': 273, 'other': 0}  rss= 3131.4MB  (6460s)
step   335000/400000  eps=0.150  episodes=  387  mean_return=4288.290  mean_loss= 3.83358  mean_foundation= 41.0/52  lifetime_outcomes={'won': 110, 'stalled': 3, 'truncated': 274, 'other': 0}  rss= 3131.4MB  (6464s)
step   336000/400000  eps=0.150  episodes=  388  mean_return=360.000  mean_loss= 4.00126  mean_foundation=  9.0/52  lifetime_outcomes={'won': 110, 'stalled': 3, 'truncated': 275, 'other': 0}  rss= 3131.4MB  (6467s)
step   337000/400000  eps=0.150  episodes=  391  mean_return=7045.387  mean_loss= 3.78732  mean_foundation= 52.0/52  lifetime_outcomes={'won': 113, 'stalled': 3, 'truncated': 275, 'other': 0}  rss= 3131.4MB  (6471s)
step   338000/400000  eps=0.150  episodes=  392  mean_return=7043.120  mean_loss= 3.87807  mean_foundation= 52.0/52  lifetime_outcomes={'won': 114, 'stalled': 3, 'truncated': 275, 'other': 0}  rss= 3131.4MB  (6475s)
step   339000/400000  eps=0.150  episodes=  393  mean_return=7040.280  mean_loss= 3.79245  mean_foundation= 52.0/52  lifetime_outcomes={'won': 115, 'stalled': 3, 'truncated': 275, 'other': 0}  rss= 3131.4MB  (6478s)
step   340000/400000  eps=0.150  episodes=  394  mean_return=890.000  mean_loss= 3.73421  mean_foundation= 16.0/52  lifetime_outcomes={'won': 115, 'stalled': 3, 'truncated': 276, 'other': 0}  rss= 3131.4MB  (6482s)
  EVAL  step   340000  win_rate=40.00%  mean_return=3338.896  mean_foundation= 27.7/52  mean_length=770.4  (greedy, 200 fixed deals)
step   341000/400000  eps=0.150  episodes=  395  mean_return=7043.120  mean_loss= 3.70188  mean_foundation= 52.0/52  lifetime_outcomes={'won': 116, 'stalled': 3, 'truncated': 276, 'other': 0}  rss= 3131.4MB  (6634s)
step   342000/400000  eps=0.150  episodes=  396  mean_return=870.000  mean_loss= 3.66195  mean_foundation=  8.0/52  lifetime_outcomes={'won': 116, 'stalled': 3, 'truncated': 277, 'other': 0}  rss= 3131.4MB  (6638s)
step   343000/400000  eps=0.150  episodes=  397  mean_return=990.000  mean_loss= 3.54974  mean_foundation=  6.0/52  lifetime_outcomes={'won': 116, 'stalled': 3, 'truncated': 278, 'other': 0}  rss= 3131.4MB  (6641s)
step   344000/400000  eps=0.150  episodes=  399  mean_return=4387.755  mean_loss= 3.64917  mean_foundation= 43.5/52  lifetime_outcomes={'won': 117, 'stalled': 3, 'truncated': 279, 'other': 0}  rss= 3131.4MB  (6645s)
step   345000/400000  eps=0.150  episodes=  400  mean_return=670.000  mean_loss= 3.47658  mean_foundation=  6.0/52  lifetime_outcomes={'won': 117, 'stalled': 3, 'truncated': 280, 'other': 0}  rss= 3131.4MB  (6648s)
step   346000/400000  eps=0.150  episodes=  401  mean_return=730.000  mean_loss= 3.54907  mean_foundation=  8.0/52  lifetime_outcomes={'won': 117, 'stalled': 3, 'truncated': 281, 'other': 0}  rss= 3131.4MB  (6652s)
step   347000/400000  eps=0.150  episodes=  403  mean_return=7045.050  mean_loss= 3.49543  mean_foundation= 52.0/52  lifetime_outcomes={'won': 119, 'stalled': 3, 'truncated': 281, 'other': 0}  rss= 3131.4MB  (6655s)
step   348000/400000  eps=0.150  episodes=  405  mean_return=7044.965  mean_loss= 3.48386  mean_foundation= 52.0/52  lifetime_outcomes={'won': 121, 'stalled': 3, 'truncated': 281, 'other': 0}  rss= 3131.4MB  (6659s)
step   349000/400000  eps=0.150  episodes=  406  mean_return=630.000  mean_loss= 3.42781  mean_foundation=  8.0/52  lifetime_outcomes={'won': 121, 'stalled': 3, 'truncated': 282, 'other': 0}  rss= 3131.4MB  (6662s)
step   350000/400000  eps=0.150  episodes=  407  mean_return=890.000  mean_loss= 3.36704  mean_foundation= 11.0/52  lifetime_outcomes={'won': 121, 'stalled': 3, 'truncated': 283, 'other': 0}  rss= 3131.4MB  (6666s)
  EVAL  step   350000  win_rate=34.50%  mean_return=3052.832  mean_foundation= 26.0/52  mean_length=826.8  (greedy, 200 fixed deals)
step   351000/400000  eps=0.150  episodes=  408  mean_return=810.000  mean_loss= 3.47370  mean_foundation=  7.0/52  lifetime_outcomes={'won': 121, 'stalled': 3, 'truncated': 284, 'other': 0}  rss= 3131.4MB  (6829s)
step   352000/400000  eps=0.150  episodes=  409  mean_return=920.000  mean_loss= 3.40005  mean_foundation=  3.0/52  lifetime_outcomes={'won': 121, 'stalled': 3, 'truncated': 285, 'other': 0}  rss= 3131.4MB  (6832s)
step   353000/400000  eps=0.150  episodes=  411  mean_return=3993.415  mean_loss= 3.35669  mean_foundation= 29.0/52  lifetime_outcomes={'won': 122, 'stalled': 3, 'truncated': 286, 'other': 0}  rss= 3131.4MB  (6836s)
step   354000/400000  eps=0.150  episodes=  412  mean_return=1090.000  mean_loss= 3.41720  mean_foundation=  9.0/52  lifetime_outcomes={'won': 122, 'stalled': 3, 'truncated': 287, 'other': 0}  rss= 3131.4MB  (6839s)
step   355000/400000  eps=0.150  episodes=  413  mean_return=830.000  mean_loss= 3.19018  mean_foundation= 12.0/52  lifetime_outcomes={'won': 122, 'stalled': 3, 'truncated': 288, 'other': 0}  rss= 3131.4MB  (6843s)
step   356000/400000  eps=0.150  episodes=  414  mean_return=360.000  mean_loss= 3.28213  mean_foundation= 11.0/52  lifetime_outcomes={'won': 122, 'stalled': 3, 'truncated': 289, 'other': 0}  rss= 3131.4MB  (6846s)
step   357000/400000  eps=0.150  episodes=  415  mean_return=7044.710  mean_loss= 3.25817  mean_foundation= 52.0/52  lifetime_outcomes={'won': 123, 'stalled': 3, 'truncated': 289, 'other': 0}  rss= 3131.4MB  (6850s)
step   358000/400000  eps=0.150  episodes=  417  mean_return=4448.075  mean_loss= 3.19720  mean_foundation= 42.5/52  lifetime_outcomes={'won': 124, 'stalled': 3, 'truncated': 290, 'other': 0}  rss= 3131.4MB  (6853s)
step   359000/400000  eps=0.150  episodes=  418  mean_return=730.000  mean_loss= 3.23845  mean_foundation=  4.0/52  lifetime_outcomes={'won': 124, 'stalled': 3, 'truncated': 291, 'other': 0}  rss= 3131.4MB  (6857s)
step   360000/400000  eps=0.150  episodes=  419  mean_return=7043.080  mean_loss= 3.24685  mean_foundation= 52.0/52  lifetime_outcomes={'won': 125, 'stalled': 3, 'truncated': 291, 'other': 0}  rss= 3131.4MB  (6861s)
  EVAL  step   360000  win_rate=37.00%  mean_return=3212.879  mean_foundation= 27.0/52  mean_length=802.1  (greedy, 200 fixed deals)
step   361000/400000  eps=0.150  episodes=  421  mean_return=3793.625  mean_loss= 3.07942  mean_foundation= 29.0/52  lifetime_outcomes={'won': 126, 'stalled': 3, 'truncated': 292, 'other': 0}  rss= 3131.4MB  (7022s)
step   362000/400000  eps=0.150  episodes=  422  mean_return=1690.000  mean_loss= 3.23775  mean_foundation= 36.0/52  lifetime_outcomes={'won': 126, 'stalled': 3, 'truncated': 293, 'other': 0}  rss= 3131.4MB  (7025s)
step   363000/400000  eps=0.150  episodes=  423  mean_return=7042.740  mean_loss= 3.09090  mean_foundation= 52.0/52  lifetime_outcomes={'won': 127, 'stalled': 3, 'truncated': 293, 'other': 0}  rss= 3131.4MB  (7028s)
step   364000/400000  eps=0.150  episodes=  424  mean_return=730.000  mean_loss= 3.07825  mean_foundation=  9.0/52  lifetime_outcomes={'won': 127, 'stalled': 3, 'truncated': 294, 'other': 0}  rss= 3131.4MB  (7032s)
step   365000/400000  eps=0.150  episodes=  425  mean_return=790.000  mean_loss= 2.98219  mean_foundation= 12.0/52  lifetime_outcomes={'won': 127, 'stalled': 3, 'truncated': 295, 'other': 0}  rss= 3131.4MB  (7035s)
step   366000/400000  eps=0.150  episodes=  426  mean_return=1300.000  mean_loss= 2.99172  mean_foundation=  9.0/52  lifetime_outcomes={'won': 127, 'stalled': 3, 'truncated': 296, 'other': 0}  rss= 3131.4MB  (7039s)
step   367000/400000  eps=0.150  episodes=  427  mean_return=7045.250  mean_loss= 2.94624  mean_foundation= 52.0/52  lifetime_outcomes={'won': 128, 'stalled': 3, 'truncated': 296, 'other': 0}  rss= 3131.4MB  (7042s)
step   368000/400000  eps=0.150  episodes=  428  mean_return=690.000  mean_loss= 2.79737  mean_foundation= 10.0/52  lifetime_outcomes={'won': 128, 'stalled': 3, 'truncated': 297, 'other': 0}  rss= 3131.4MB  (7046s)
step   369000/400000  eps=0.150  episodes=  429  mean_return=380.000  mean_loss= 2.77642  mean_foundation=  2.0/52  lifetime_outcomes={'won': 128, 'stalled': 3, 'truncated': 298, 'other': 0}  rss= 3131.4MB  (7049s)
step   370000/400000  eps=0.150  episodes=  430  mean_return=700.000  mean_loss= 2.76107  mean_foundation=  7.0/52  lifetime_outcomes={'won': 128, 'stalled': 3, 'truncated': 299, 'other': 0}  rss= 3131.4MB  (7053s)
  EVAL  step   370000  win_rate=16.00%  mean_return=2067.404  mean_foundation= 20.9/52  mean_length=949.6  (greedy, 200 fixed deals)
step   371000/400000  eps=0.150  episodes=  432  mean_return=3842.335  mean_loss= 2.80905  mean_foundation= 29.0/52  lifetime_outcomes={'won': 129, 'stalled': 3, 'truncated': 300, 'other': 0}  rss= 3131.4MB  (7239s)
step   372000/400000  eps=0.150  episodes=  434  mean_return=7043.955  mean_loss= 2.76410  mean_foundation= 52.0/52  lifetime_outcomes={'won': 131, 'stalled': 3, 'truncated': 300, 'other': 0}  rss= 3131.4MB  (7242s)
step   373000/400000  eps=0.150  episodes=  435  mean_return=1500.000  mean_loss= 2.93720  mean_foundation= 23.0/52  lifetime_outcomes={'won': 131, 'stalled': 3, 'truncated': 301, 'other': 0}  rss= 3131.4MB  (7246s)
step   374000/400000  eps=0.150  episodes=  436  mean_return=750.000  mean_loss= 2.80171  mean_foundation=  5.0/52  lifetime_outcomes={'won': 131, 'stalled': 3, 'truncated': 302, 'other': 0}  rss= 3131.4MB  (7249s)
step   375000/400000  eps=0.150  episodes=  437  mean_return=7040.820  mean_loss= 2.68654  mean_foundation= 52.0/52  lifetime_outcomes={'won': 132, 'stalled': 3, 'truncated': 302, 'other': 0}  rss= 3131.4MB  (7253s)
step   376000/400000  eps=0.150  episodes=  438  mean_return=400.000  mean_loss= 2.78504  mean_foundation=  2.0/52  lifetime_outcomes={'won': 132, 'stalled': 3, 'truncated': 303, 'other': 0}  rss= 3131.4MB  (7256s)
step   377000/400000  eps=0.150  episodes=  439  mean_return=7043.700  mean_loss= 2.70916  mean_foundation= 52.0/52  lifetime_outcomes={'won': 133, 'stalled': 3, 'truncated': 303, 'other': 0}  rss= 3131.4MB  (7260s)
step   378000/400000  eps=0.150  episodes=  440  mean_return=420.000  mean_loss= 2.61034  mean_foundation=  5.0/52  lifetime_outcomes={'won': 133, 'stalled': 3, 'truncated': 304, 'other': 0}  rss= 3131.4MB  (7263s)
step   379000/400000  eps=0.150  episodes=  441  mean_return=1260.000  mean_loss= 2.68180  mean_foundation= 15.0/52  lifetime_outcomes={'won': 133, 'stalled': 3, 'truncated': 305, 'other': 0}  rss= 3131.4MB  (7267s)
step   380000/400000  eps=0.150  episodes=  442  mean_return=1150.000  mean_loss= 2.71114  mean_foundation= 14.0/52  lifetime_outcomes={'won': 133, 'stalled': 3, 'truncated': 306, 'other': 0}  rss= 3131.4MB  (7270s)
  EVAL  step   380000  win_rate=30.00%  mean_return=2820.835  mean_foundation= 25.5/52  mean_length=866.5  (greedy, 200 fixed deals)
step   381000/400000  eps=0.150  episodes=  443  mean_return=1150.000  mean_loss= 2.69029  mean_foundation= 15.0/52  lifetime_outcomes={'won': 133, 'stalled': 3, 'truncated': 307, 'other': 0}  rss= 3131.4MB  (7440s)
step   382000/400000  eps=0.150  episodes=  444  mean_return=7042.990  mean_loss= 2.55833  mean_foundation= 52.0/52  lifetime_outcomes={'won': 134, 'stalled': 3, 'truncated': 307, 'other': 0}  rss= 3131.4MB  (7444s)
step   383000/400000  eps=0.150  episodes=  446  mean_return=3812.625  mean_loss= 2.67189  mean_foundation= 33.5/52  lifetime_outcomes={'won': 135, 'stalled': 3, 'truncated': 308, 'other': 0}  rss= 3131.4MB  (7447s)
step   384000/400000  eps=0.150  episodes=  447  mean_return=7042.390  mean_loss= 2.51433  mean_foundation= 52.0/52  lifetime_outcomes={'won': 136, 'stalled': 3, 'truncated': 308, 'other': 0}  rss= 3131.4MB  (7451s)
step   385000/400000  eps=0.150  episodes=  448  mean_return=1370.000  mean_loss= 2.62794  mean_foundation= 22.0/52  lifetime_outcomes={'won': 136, 'stalled': 3, 'truncated': 309, 'other': 0}  rss= 3131.4MB  (7454s)
step   386000/400000  eps=0.150  episodes=  449  mean_return=1300.000  mean_loss= 2.66505  mean_foundation= 22.0/52  lifetime_outcomes={'won': 136, 'stalled': 3, 'truncated': 310, 'other': 0}  rss= 3131.4MB  (7458s)
step   387000/400000  eps=0.150  episodes=  450  mean_return=7042.650  mean_loss= 2.51975  mean_foundation= 52.0/52  lifetime_outcomes={'won': 137, 'stalled': 3, 'truncated': 310, 'other': 0}  rss= 3131.4MB  (7461s)
step   388000/400000  eps=0.150  episodes=  451  mean_return=540.000  mean_loss= 2.44615  mean_foundation=  4.0/52  lifetime_outcomes={'won': 137, 'stalled': 3, 'truncated': 311, 'other': 0}  rss= 3131.4MB  (7465s)
step   389000/400000  eps=0.150  episodes=  452  mean_return=1010.000  mean_loss= 2.49571  mean_foundation=  8.0/52  lifetime_outcomes={'won': 137, 'stalled': 3, 'truncated': 312, 'other': 0}  rss= 3131.4MB  (7469s)
step   390000/400000  eps=0.150  episodes=  453  mean_return=1110.000  mean_loss= 2.50651  mean_foundation=  7.0/52  lifetime_outcomes={'won': 137, 'stalled': 3, 'truncated': 313, 'other': 0}  rss= 3131.4MB  (7472s)
  EVAL  step   390000  win_rate=39.50%  mean_return=3355.237  mean_foundation= 28.4/52  mean_length=771.3  (greedy, 200 fixed deals)
step   391000/400000  eps=0.150  episodes=  454  mean_return=1150.000  mean_loss= 2.47830  mean_foundation= 12.0/52  lifetime_outcomes={'won': 137, 'stalled': 3, 'truncated': 314, 'other': 0}  rss= 3131.4MB  (7623s)
step   392000/400000  eps=0.150  episodes=  455  mean_return=500.000  mean_loss= 2.32080  mean_foundation= 12.0/52  lifetime_outcomes={'won': 137, 'stalled': 3, 'truncated': 315, 'other': 0}  rss= 3131.4MB  (7627s)
step   393000/400000  eps=0.150  episodes=  457  mean_return=3646.730  mean_loss= 2.50837  mean_foundation= 30.0/52  lifetime_outcomes={'won': 138, 'stalled': 3, 'truncated': 316, 'other': 0}  rss= 3131.4MB  (7630s)
step   394000/400000  eps=0.150  episodes=  458  mean_return=1500.000  mean_loss= 2.46030  mean_foundation= 18.0/52  lifetime_outcomes={'won': 138, 'stalled': 3, 'truncated': 317, 'other': 0}  rss= 3131.4MB  (7634s)
step   395000/400000  eps=0.150  episodes=  459  mean_return=7045.430  mean_loss= 2.51112  mean_foundation= 52.0/52  lifetime_outcomes={'won': 139, 'stalled': 3, 'truncated': 317, 'other': 0}  rss= 3131.4MB  (7637s)
step   396000/400000  eps=0.150  episodes=  460  mean_return=770.000  mean_loss= 2.56176  mean_foundation=  8.0/52  lifetime_outcomes={'won': 139, 'stalled': 3, 'truncated': 318, 'other': 0}  rss= 3131.4MB  (7641s)
step   397000/400000  eps=0.150  episodes=  461  mean_return=1400.000  mean_loss= 2.31996  mean_foundation= 18.0/52  lifetime_outcomes={'won': 139, 'stalled': 3, 'truncated': 319, 'other': 0}  rss= 3131.4MB  (7645s)
step   398000/400000  eps=0.150  episodes=  462  mean_return=880.000  mean_loss= 2.35522  mean_foundation= 11.0/52  lifetime_outcomes={'won': 139, 'stalled': 3, 'truncated': 320, 'other': 0}  rss= 3131.4MB  (7648s)
step   399000/400000  eps=0.150  episodes=  463  mean_return=570.000  mean_loss= 2.45093  mean_foundation= 12.0/52  lifetime_outcomes={'won': 139, 'stalled': 3, 'truncated': 321, 'other': 0}  rss= 3131.4MB  (7652s)
step   400000/400000  eps=0.150  episodes=  464  mean_return=640.000  mean_loss= 2.29693  mean_foundation=  2.0/52  lifetime_outcomes={'won': 139, 'stalled': 3, 'truncated': 322, 'other': 0}  rss= 3131.4MB  (7656s)
  EVAL  step   400000  win_rate=38.50%  mean_return=3306.675  mean_foundation= 28.0/52  mean_length=832.5  (greedy, 200 fixed deals)
done. saved final checkpoint to runs/023_dqfd_moredemo_epsfloor_loopbreaker_solvcurriculum/checkpoint_final.pt
=== train_resilient: training completed successfully ===
