=== train_resilient: attempt 1 ===
run directory: runs/025_dqfd_moredemo_epsfloor_loopbreaker_solvcurriculum_layernorm
eval: using 1000-seed battery from runs/eval_corpus.jsonl (first 200 of them per eval pass) instead of the fixed 900000+i range
DQfD: building 100000 permanent demo transitions from runs/curriculum_wins.jsonl
built 100000 demo transitions from 156 winning episodes (1 diverged and were skipped)
DQfD: loaded 100000 demo transitions into the permanent replay-buffer region
solvable-seed pool: loaded 1578 ground-truth-solvable seeds from runs/solvable_corpus.jsonl, used for fresh-deal resets over first 100000 steps
step     1000/400000  eps=0.996  episodes=    1  mean_return=420.000  mean_loss=     nan  mean_foundation=  4.0/52  lifetime_outcomes={'won': 0, 'stalled': 0, 'truncated': 1, 'other': 0}  rss= 2060.9MB  (1s)
step     2000/400000  eps=0.992  episodes=    2  mean_return=1300.000  mean_loss=     nan  mean_foundation=  4.0/52  lifetime_outcomes={'won': 0, 'stalled': 0, 'truncated': 2, 'other': 0}  rss= 2075.9MB  (2s)
step     3000/400000  eps=0.987  episodes=    3  mean_return=1660.000  mean_loss=     nan  mean_foundation=  7.0/52  lifetime_outcomes={'won': 0, 'stalled': 0, 'truncated': 3, 'other': 0}  rss= 2084.6MB  (3s)
step     4000/400000  eps=0.983  episodes=    4  mean_return=1110.000  mean_loss=     nan  mean_foundation=  6.0/52  lifetime_outcomes={'won': 0, 'stalled': 0, 'truncated': 4, 'other': 0}  rss= 2090.7MB  (3s)
step     5000/400000  eps=0.979  episodes=    5  mean_return=1230.000  mean_loss=52.68063  mean_foundation= 14.0/52  lifetime_outcomes={'won': 0, 'stalled': 0, 'truncated': 5, 'other': 0}  rss= 2355.1MB  (5s)
step     6000/400000  eps=0.975  episodes=    6  mean_return=1130.000  mean_loss=57.16244  mean_foundation=  9.0/52  lifetime_outcomes={'won': 0, 'stalled': 0, 'truncated': 6, 'other': 0}  rss= 2366.0MB  (9s)
step     7000/400000  eps=0.970  episodes=    7  mean_return=220.000  mean_loss=90.39549  mean_foundation=  4.0/52  lifetime_outcomes={'won': 0, 'stalled': 0, 'truncated': 7, 'other': 0}  rss= 2372.1MB  (12s)
step     8000/400000  eps=0.966  episodes=    8  mean_return=1380.000  mean_loss=104.88980  mean_foundation= 15.0/52  lifetime_outcomes={'won': 0, 'stalled': 0, 'truncated': 8, 'other': 0}  rss= 2374.1MB  (15s)
step     9000/400000  eps=0.962  episodes=    9  mean_return=1160.000  mean_loss=107.52174  mean_foundation= 14.0/52  lifetime_outcomes={'won': 0, 'stalled': 0, 'truncated': 9, 'other': 0}  rss= 2380.1MB  (18s)
step    10000/400000  eps=0.958  episodes=   10  mean_return=1710.000  mean_loss=110.10386  mean_foundation= 12.0/52  lifetime_outcomes={'won': 0, 'stalled': 0, 'truncated': 10, 'other': 0}  rss= 2382.1MB  (22s)
  EVAL  step    10000  win_rate=27.00%  mean_return=2625.712  mean_foundation= 23.6/52  mean_length=878.8  (greedy, 200 fixed deals)
step    11000/400000  eps=0.953  episodes=   11  mean_return=1790.000  mean_loss=109.04637  mean_foundation=  5.0/52  lifetime_outcomes={'won': 0, 'stalled': 0, 'truncated': 11, 'other': 0}  rss= 2420.7MB  (207s)
step    12000/400000  eps=0.949  episodes=   12  mean_return=1750.000  mean_loss=112.52626  mean_foundation= 22.0/52  lifetime_outcomes={'won': 0, 'stalled': 0, 'truncated': 12, 'other': 0}  rss= 2420.7MB  (210s)
step    13000/400000  eps=0.945  episodes=   13  mean_return=1780.000  mean_loss=112.32332  mean_foundation= 16.0/52  lifetime_outcomes={'won': 0, 'stalled': 0, 'truncated': 13, 'other': 0}  rss= 2421.4MB  (213s)
step    14000/400000  eps=0.941  episodes=   14  mean_return=800.000  mean_loss=109.49710  mean_foundation=  7.0/52  lifetime_outcomes={'won': 0, 'stalled': 0, 'truncated': 14, 'other': 0}  rss= 2425.4MB  (216s)
step    15000/400000  eps=0.936  episodes=   15  mean_return=1820.000  mean_loss=112.99629  mean_foundation= 21.0/52  lifetime_outcomes={'won': 0, 'stalled': 0, 'truncated': 15, 'other': 0}  rss= 2429.5MB  (219s)
step    16000/400000  eps=0.932  episodes=   16  mean_return=1880.000  mean_loss=106.90951  mean_foundation= 25.0/52  lifetime_outcomes={'won': 0, 'stalled': 0, 'truncated': 16, 'other': 0}  rss= 2433.5MB  (222s)
step    17000/400000  eps=0.928  episodes=   17  mean_return=1070.000  mean_loss=105.24481  mean_foundation=  0.0/52  lifetime_outcomes={'won': 0, 'stalled': 0, 'truncated': 17, 'other': 0}  rss= 2437.5MB  (226s)
step    18000/400000  eps=0.923  episodes=   18  mean_return=1730.000  mean_loss=102.10182  mean_foundation= 20.0/52  lifetime_outcomes={'won': 0, 'stalled': 0, 'truncated': 18, 'other': 0}  rss= 2441.5MB  (229s)
step    19000/400000  eps=0.919  episodes=   19  mean_return=410.000  mean_loss=101.18369  mean_foundation=  1.0/52  lifetime_outcomes={'won': 0, 'stalled': 0, 'truncated': 19, 'other': 0}  rss= 2445.5MB  (232s)
step    20000/400000  eps=0.915  episodes=   20  mean_return=630.000  mean_loss=97.13029  mean_foundation=  7.0/52  lifetime_outcomes={'won': 0, 'stalled': 0, 'truncated': 20, 'other': 0}  rss= 2449.6MB  (236s)
  EVAL  step    20000  win_rate=16.00%  mean_return=1979.838  mean_foundation= 20.4/52  mean_length=916.2  (greedy, 200 fixed deals)
step    21000/400000  eps=0.911  episodes=   21  mean_return=1480.000  mean_loss=95.30072  mean_foundation= 12.0/52  lifetime_outcomes={'won': 0, 'stalled': 0, 'truncated': 21, 'other': 0}  rss= 2465.1MB  (430s)
step    22000/400000  eps=0.906  episodes=   22  mean_return=1050.000  mean_loss=96.89735  mean_foundation= 12.0/52  lifetime_outcomes={'won': 0, 'stalled': 0, 'truncated': 22, 'other': 0}  rss= 2469.1MB  (434s)
step    23000/400000  eps=0.902  episodes=   23  mean_return=1890.000  mean_loss=90.60342  mean_foundation= 35.0/52  lifetime_outcomes={'won': 0, 'stalled': 0, 'truncated': 23, 'other': 0}  rss= 2473.1MB  (437s)
step    24000/400000  eps=0.898  episodes=   24  mean_return=630.000  mean_loss=90.55531  mean_foundation=  2.0/52  lifetime_outcomes={'won': 0, 'stalled': 0, 'truncated': 24, 'other': 0}  rss= 2477.2MB  (440s)
step    25000/400000  eps=0.894  episodes=   25  mean_return=7040.520  mean_loss=88.62604  mean_foundation= 52.0/52  lifetime_outcomes={'won': 1, 'stalled': 0, 'truncated': 24, 'other': 0}  rss= 2481.2MB  (443s)
step    26000/400000  eps=0.889  episodes=   26  mean_return=950.000  mean_loss=83.15354  mean_foundation=  4.0/52  lifetime_outcomes={'won': 1, 'stalled': 0, 'truncated': 25, 'other': 0}  rss= 2483.2MB  (446s)
step    27000/400000  eps=0.885  episodes=   27  mean_return=2030.000  mean_loss=86.63966  mean_foundation= 43.0/52  lifetime_outcomes={'won': 1, 'stalled': 0, 'truncated': 26, 'other': 0}  rss= 2489.2MB  (449s)
step    28000/400000  eps=0.881  episodes=   28  mean_return=1370.000  mean_loss=86.86778  mean_foundation= 13.0/52  lifetime_outcomes={'won': 1, 'stalled': 0, 'truncated': 27, 'other': 0}  rss= 2491.2MB  (452s)
step    29000/400000  eps=0.877  episodes=   29  mean_return=2040.000  mean_loss=82.11299  mean_foundation= 45.0/52  lifetime_outcomes={'won': 1, 'stalled': 0, 'truncated': 28, 'other': 0}  rss= 2497.2MB  (455s)
step    30000/400000  eps=0.873  episodes=   30  mean_return=2010.000  mean_loss=84.43842  mean_foundation= 42.0/52  lifetime_outcomes={'won': 1, 'stalled': 0, 'truncated': 29, 'other': 0}  rss= 2501.3MB  (458s)
  EVAL  step    30000  win_rate=15.00%  mean_return=1995.170  mean_foundation= 20.4/52  mean_length=938.0  (greedy, 200 fixed deals)
step    31000/400000  eps=0.868  episodes=   31  mean_return=930.000  mean_loss=81.92944  mean_foundation=  4.0/52  lifetime_outcomes={'won': 1, 'stalled': 0, 'truncated': 30, 'other': 0}  rss= 2505.3MB  (656s)
step    32000/400000  eps=0.864  episodes=   32  mean_return=450.000  mean_loss=78.97334  mean_foundation=  6.0/52  lifetime_outcomes={'won': 1, 'stalled': 0, 'truncated': 31, 'other': 0}  rss= 2509.3MB  (660s)
step    33000/400000  eps=0.860  episodes=   33  mean_return=210.000  mean_loss=75.99871  mean_foundation=  2.0/52  lifetime_outcomes={'won': 1, 'stalled': 0, 'truncated': 32, 'other': 0}  rss= 2511.3MB  (663s)
step    34000/400000  eps=0.855  episodes=   34  mean_return=820.000  mean_loss=76.31752  mean_foundation= 12.0/52  lifetime_outcomes={'won': 1, 'stalled': 0, 'truncated': 33, 'other': 0}  rss= 2517.3MB  (666s)
step    35000/400000  eps=0.851  episodes=   35  mean_return=460.000  mean_loss=74.73994  mean_foundation=  3.0/52  lifetime_outcomes={'won': 1, 'stalled': 0, 'truncated': 34, 'other': 0}  rss= 2519.3MB  (669s)
step    36000/400000  eps=0.847  episodes=   36  mean_return=1900.000  mean_loss=72.29671  mean_foundation= 34.0/52  lifetime_outcomes={'won': 1, 'stalled': 0, 'truncated': 35, 'other': 0}  rss= 2525.4MB  (673s)
step    37000/400000  eps=0.843  episodes=   37  mean_return=2000.000  mean_loss=70.10241  mean_foundation= 41.0/52  lifetime_outcomes={'won': 1, 'stalled': 0, 'truncated': 36, 'other': 0}  rss= 2527.4MB  (676s)
step    38000/400000  eps=0.839  episodes=   38  mean_return=7042.570  mean_loss=68.31851  mean_foundation= 52.0/52  lifetime_outcomes={'won': 2, 'stalled': 0, 'truncated': 36, 'other': 0}  rss= 2531.4MB  (679s)
step    39000/400000  eps=0.834  episodes=   39  mean_return=900.000  mean_loss=71.56941  mean_foundation=  4.0/52  lifetime_outcomes={'won': 2, 'stalled': 0, 'truncated': 37, 'other': 0}  rss= 2537.4MB  (682s)
step    40000/400000  eps=0.830  episodes=   40  mean_return=830.000  mean_loss=67.06428  mean_foundation=  4.0/52  lifetime_outcomes={'won': 2, 'stalled': 0, 'truncated': 38, 'other': 0}  rss= 2539.4MB  (685s)
  EVAL  step    40000  win_rate=25.50%  mean_return=2438.100  mean_foundation= 22.2/52  mean_length=850.0  (greedy, 200 fixed deals)
step    41000/400000  eps=0.826  episodes=   41  mean_return=380.000  mean_loss=66.94387  mean_foundation=  4.0/52  lifetime_outcomes={'won': 2, 'stalled': 0, 'truncated': 39, 'other': 0}  rss= 2545.5MB  (868s)
step    42000/400000  eps=0.822  episodes=   42  mean_return=750.000  mean_loss=64.32528  mean_foundation=  8.0/52  lifetime_outcomes={'won': 2, 'stalled': 0, 'truncated': 40, 'other': 0}  rss= 2547.5MB  (872s)
step    43000/400000  eps=0.817  episodes=   43  mean_return=1130.000  mean_loss=62.37416  mean_foundation= 11.0/52  lifetime_outcomes={'won': 2, 'stalled': 0, 'truncated': 41, 'other': 0}  rss= 2551.6MB  (875s)
step    44000/400000  eps=0.813  episodes=   44  mean_return=440.000  mean_loss=62.72835  mean_foundation=  6.0/52  lifetime_outcomes={'won': 2, 'stalled': 0, 'truncated': 42, 'other': 0}  rss= 2555.6MB  (878s)
step    45000/400000  eps=0.809  episodes=   45  mean_return=7041.570  mean_loss=61.60145  mean_foundation= 52.0/52  lifetime_outcomes={'won': 3, 'stalled': 0, 'truncated': 42, 'other': 0}  rss= 2559.6MB  (881s)
step    46000/400000  eps=0.804  episodes=   46  mean_return=790.000  mean_loss=64.57245  mean_foundation= 12.0/52  lifetime_outcomes={'won': 3, 'stalled': 0, 'truncated': 43, 'other': 0}  rss= 2563.6MB  (884s)
step    47000/400000  eps=0.800  episodes=   47  mean_return=7041.000  mean_loss=61.82644  mean_foundation= 52.0/52  lifetime_outcomes={'won': 4, 'stalled': 0, 'truncated': 43, 'other': 0}  rss= 2567.6MB  (888s)
step    48000/400000  eps=0.796  episodes=   49  mean_return=7042.865  mean_loss=58.51353  mean_foundation= 52.0/52  lifetime_outcomes={'won': 6, 'stalled': 0, 'truncated': 43, 'other': 0}  rss= 2573.7MB  (891s)
step    49000/400000  eps=0.792  episodes=   50  mean_return=7043.180  mean_loss=58.50480  mean_foundation= 52.0/52  lifetime_outcomes={'won': 7, 'stalled': 0, 'truncated': 43, 'other': 0}  rss= 2575.7MB  (894s)
step    50000/400000  eps=0.787  episodes=   51  mean_return=1960.000  mean_loss=56.78204  mean_foundation= 44.0/52  lifetime_outcomes={'won': 7, 'stalled': 0, 'truncated': 44, 'other': 0}  rss= 2579.7MB  (897s)
  EVAL  step    50000  win_rate=29.50%  mean_return=2656.183  mean_foundation= 23.1/52  mean_length=806.7  (greedy, 200 fixed deals)
step    51000/400000  eps=0.783  episodes=   52  mean_return=2030.000  mean_loss=56.24178  mean_foundation= 45.0/52  lifetime_outcomes={'won': 7, 'stalled': 0, 'truncated': 45, 'other': 0}  rss= 2583.7MB  (1069s)
step    52000/400000  eps=0.779  episodes=   54  mean_return=7043.815  mean_loss=56.11782  mean_foundation= 52.0/52  lifetime_outcomes={'won': 9, 'stalled': 0, 'truncated': 45, 'other': 0}  rss= 2587.7MB  (1072s)
step    53000/400000  eps=0.775  episodes=   55  mean_return=1670.000  mean_loss=55.48437  mean_foundation= 35.0/52  lifetime_outcomes={'won': 9, 'stalled': 0, 'truncated': 46, 'other': 0}  rss= 2589.7MB  (1075s)
step    54000/400000  eps=0.770  episodes=   56  mean_return=740.000  mean_loss=54.87696  mean_foundation=  4.0/52  lifetime_outcomes={'won': 9, 'stalled': 0, 'truncated': 47, 'other': 0}  rss= 2595.8MB  (1079s)
step    55000/400000  eps=0.766  episodes=   57  mean_return=1440.000  mean_loss=53.14602  mean_foundation= 22.0/52  lifetime_outcomes={'won': 9, 'stalled': 0, 'truncated': 48, 'other': 0}  rss= 2599.8MB  (1082s)
step    56000/400000  eps=0.762  episodes=   58  mean_return=840.000  mean_loss=50.70483  mean_foundation= 12.0/52  lifetime_outcomes={'won': 9, 'stalled': 0, 'truncated': 49, 'other': 0}  rss= 2603.8MB  (1086s)
step    57000/400000  eps=0.758  episodes=   60  mean_return=7044.535  mean_loss=51.10158  mean_foundation= 52.0/52  lifetime_outcomes={'won': 11, 'stalled': 0, 'truncated': 49, 'other': 0}  rss= 2608.0MB  (1089s)
step    58000/400000  eps=0.754  episodes=   61  mean_return=7044.640  mean_loss=49.72805  mean_foundation= 52.0/52  lifetime_outcomes={'won': 12, 'stalled': 0, 'truncated': 49, 'other': 0}  rss= 2612.0MB  (1092s)
step    59000/400000  eps=0.749  episodes=   63  mean_return=7042.330  mean_loss=52.09258  mean_foundation= 52.0/52  lifetime_outcomes={'won': 14, 'stalled': 0, 'truncated': 49, 'other': 0}  rss= 2616.0MB  (1095s)
step    60000/400000  eps=0.745  episodes=   64  mean_return=730.000  mean_loss=49.65211  mean_foundation=  4.0/52  lifetime_outcomes={'won': 14, 'stalled': 0, 'truncated': 50, 'other': 0}  rss= 2618.0MB  (1098s)
  EVAL  step    60000  win_rate=31.50%  mean_return=2770.436  mean_foundation= 24.1/52  mean_length=816.4  (greedy, 200 fixed deals)
step    61000/400000  eps=0.741  episodes=   65  mean_return=7042.320  mean_loss=50.90397  mean_foundation= 52.0/52  lifetime_outcomes={'won': 15, 'stalled': 0, 'truncated': 50, 'other': 0}  rss= 2624.6MB  (1267s)
step    62000/400000  eps=0.736  episodes=   66  mean_return=560.000  mean_loss=50.64769  mean_foundation=  2.0/52  lifetime_outcomes={'won': 15, 'stalled': 0, 'truncated': 51, 'other': 0}  rss= 2624.6MB  (1271s)
step    63000/400000  eps=0.732  episodes=   67  mean_return=7045.010  mean_loss=50.06200  mean_foundation= 52.0/52  lifetime_outcomes={'won': 16, 'stalled': 0, 'truncated': 51, 'other': 0}  rss= 2624.6MB  (1274s)
step    64000/400000  eps=0.728  episodes=   69  mean_return=4147.565  mean_loss=46.33876  mean_foundation= 28.0/52  lifetime_outcomes={'won': 17, 'stalled': 0, 'truncated': 52, 'other': 0}  rss= 2624.6MB  (1277s)
step    65000/400000  eps=0.724  episodes=   70  mean_return=7041.170  mean_loss=47.00088  mean_foundation= 52.0/52  lifetime_outcomes={'won': 18, 'stalled': 0, 'truncated': 52, 'other': 0}  rss= 2624.6MB  (1281s)
step    66000/400000  eps=0.720  episodes=   71  mean_return=7042.650  mean_loss=46.46782  mean_foundation= 52.0/52  lifetime_outcomes={'won': 19, 'stalled': 0, 'truncated': 52, 'other': 0}  rss= 2624.6MB  (1284s)
step    67000/400000  eps=0.715  episodes=   73  mean_return=7044.230  mean_loss=46.33805  mean_foundation= 52.0/52  lifetime_outcomes={'won': 21, 'stalled': 0, 'truncated': 52, 'other': 0}  rss= 2624.6MB  (1287s)
step    68000/400000  eps=0.711  episodes=   74  mean_return=1310.000  mean_loss=44.54081  mean_foundation= 17.0/52  lifetime_outcomes={'won': 21, 'stalled': 0, 'truncated': 53, 'other': 0}  rss= 2624.6MB  (1290s)
step    69000/400000  eps=0.707  episodes=   76  mean_return=4292.835  mean_loss=45.86287  mean_foundation= 31.0/52  lifetime_outcomes={'won': 22, 'stalled': 0, 'truncated': 54, 'other': 0}  rss= 2626.3MB  (1293s)
step    70000/400000  eps=0.703  episodes=   77  mean_return=7044.900  mean_loss=42.80349  mean_foundation= 52.0/52  lifetime_outcomes={'won': 23, 'stalled': 0, 'truncated': 54, 'other': 0}  rss= 2630.3MB  (1296s)
  EVAL  step    70000  win_rate=30.00%  mean_return=2687.429  mean_foundation= 23.4/52  mean_length=842.1  (greedy, 200 fixed deals)
step    71000/400000  eps=0.698  episodes=   79  mean_return=7044.175  mean_loss=43.56946  mean_foundation= 52.0/52  lifetime_outcomes={'won': 25, 'stalled': 0, 'truncated': 54, 'other': 0}  rss= 2657.3MB  (1471s)
step    72000/400000  eps=0.694  episodes=   80  mean_return=360.000  mean_loss=42.56200  mean_foundation=  6.0/52  lifetime_outcomes={'won': 25, 'stalled': 0, 'truncated': 55, 'other': 0}  rss= 2659.3MB  (1474s)
step    73000/400000  eps=0.690  episodes=   81  mean_return=7044.700  mean_loss=44.71562  mean_foundation= 52.0/52  lifetime_outcomes={'won': 26, 'stalled': 0, 'truncated': 55, 'other': 0}  rss= 2665.3MB  (1477s)
step    74000/400000  eps=0.685  episodes=   82  mean_return=1390.000  mean_loss=42.58161  mean_foundation= 15.0/52  lifetime_outcomes={'won': 26, 'stalled': 0, 'truncated': 56, 'other': 0}  rss= 2667.4MB  (1481s)
step    75000/400000  eps=0.681  episodes=   83  mean_return=980.000  mean_loss=40.36717  mean_foundation=  8.0/52  lifetime_outcomes={'won': 26, 'stalled': 0, 'truncated': 57, 'other': 0}  rss= 2673.4MB  (1484s)
step    76000/400000  eps=0.677  episodes=   84  mean_return=1930.000  mean_loss=40.32231  mean_foundation= 41.0/52  lifetime_outcomes={'won': 26, 'stalled': 0, 'truncated': 58, 'other': 0}  rss= 2675.4MB  (1487s)
step    77000/400000  eps=0.673  episodes=   86  mean_return=3857.645  mean_loss=38.90991  mean_foundation= 30.0/52  lifetime_outcomes={'won': 27, 'stalled': 0, 'truncated': 59, 'other': 0}  rss= 2679.4MB  (1491s)
step    78000/400000  eps=0.668  episodes=   87  mean_return=1110.000  mean_loss=38.67879  mean_foundation=  8.0/52  lifetime_outcomes={'won': 27, 'stalled': 0, 'truncated': 60, 'other': 0}  rss= 2683.4MB  (1494s)
step    79000/400000  eps=0.664  episodes=   88  mean_return=7043.300  mean_loss=38.28571  mean_foundation= 52.0/52  lifetime_outcomes={'won': 28, 'stalled': 0, 'truncated': 60, 'other': 0}  rss= 2687.4MB  (1497s)
step    80000/400000  eps=0.660  episodes=   89  mean_return=920.000  mean_loss=38.04341  mean_foundation=  5.0/52  lifetime_outcomes={'won': 28, 'stalled': 0, 'truncated': 61, 'other': 0}  rss= 2691.5MB  (1501s)
  EVAL  step    80000  win_rate=26.50%  mean_return=2464.668  mean_foundation= 22.2/52  mean_length=838.2  (greedy, 200 fixed deals)
step    81000/400000  eps=0.656  episodes=   90  mean_return=7040.120  mean_loss=38.16276  mean_foundation= 52.0/52  lifetime_outcomes={'won': 29, 'stalled': 0, 'truncated': 61, 'other': 0}  rss= 2695.5MB  (1676s)
step    82000/400000  eps=0.651  episodes=   91  mean_return=1080.000  mean_loss=36.80012  mean_foundation= 16.0/52  lifetime_outcomes={'won': 29, 'stalled': 0, 'truncated': 62, 'other': 0}  rss= 2699.5MB  (1679s)
step    83000/400000  eps=0.647  episodes=   92  mean_return=1100.000  mean_loss=37.38740  mean_foundation=  9.0/52  lifetime_outcomes={'won': 29, 'stalled': 0, 'truncated': 63, 'other': 0}  rss= 2703.5MB  (1682s)
step    84000/400000  eps=0.643  episodes=   93  mean_return=340.000  mean_loss=37.14428  mean_foundation=  2.0/52  lifetime_outcomes={'won': 29, 'stalled': 0, 'truncated': 64, 'other': 0}  rss= 2707.5MB  (1686s)
step    85000/400000  eps=0.639  episodes=   95  mean_return=4087.370  mean_loss=35.42485  mean_foundation= 31.5/52  lifetime_outcomes={'won': 30, 'stalled': 0, 'truncated': 65, 'other': 0}  rss= 2711.5MB  (1689s)
step    86000/400000  eps=0.635  episodes=   96  mean_return=7042.290  mean_loss=35.51232  mean_foundation= 52.0/52  lifetime_outcomes={'won': 31, 'stalled': 0, 'truncated': 65, 'other': 0}  rss= 2715.6MB  (1692s)
step    87000/400000  eps=0.630  episodes=   97  mean_return=840.000  mean_loss=34.34596  mean_foundation=  6.0/52  lifetime_outcomes={'won': 31, 'stalled': 0, 'truncated': 66, 'other': 0}  rss= 2719.6MB  (1696s)
step    88000/400000  eps=0.626  episodes=   98  mean_return=1940.000  mean_loss=34.37665  mean_foundation= 41.0/52  lifetime_outcomes={'won': 31, 'stalled': 0, 'truncated': 67, 'other': 0}  rss= 2723.7MB  (1699s)
step    89000/400000  eps=0.622  episodes=   99  mean_return=500.000  mean_loss=33.57092  mean_foundation=  5.0/52  lifetime_outcomes={'won': 31, 'stalled': 0, 'truncated': 68, 'other': 0}  rss= 2727.9MB  (1702s)
step    90000/400000  eps=0.617  episodes=  100  mean_return=7044.850  mean_loss=32.38852  mean_foundation= 52.0/52  lifetime_outcomes={'won': 32, 'stalled': 0, 'truncated': 68, 'other': 0}  rss= 2731.9MB  (1706s)
  EVAL  step    90000  win_rate=19.00%  mean_return=2087.018  mean_foundation= 20.2/52  mean_length=903.2  (greedy, 200 fixed deals)
step    91000/400000  eps=0.613  episodes=  101  mean_return=910.000  mean_loss=34.34966  mean_foundation= 10.0/52  lifetime_outcomes={'won': 32, 'stalled': 0, 'truncated': 69, 'other': 0}  rss= 2735.9MB  (1959s)
step    92000/400000  eps=0.609  episodes=  103  mean_return=4022.370  mean_loss=32.47654  mean_foundation= 33.0/52  lifetime_outcomes={'won': 33, 'stalled': 0, 'truncated': 70, 'other': 0}  rss= 2738.0MB  (1966s)
step    93000/400000  eps=0.605  episodes=  104  mean_return=580.000  mean_loss=31.15239  mean_foundation= 11.0/52  lifetime_outcomes={'won': 33, 'stalled': 0, 'truncated': 71, 'other': 0}  rss= 2744.0MB  (1973s)
step    94000/400000  eps=0.601  episodes=  105  mean_return=890.000  mean_loss=31.76202  mean_foundation= 14.0/52  lifetime_outcomes={'won': 33, 'stalled': 0, 'truncated': 72, 'other': 0}  rss= 2748.0MB  (1981s)
step    95000/400000  eps=0.596  episodes=  107  mean_return=3938.105  mean_loss=32.04012  mean_foundation= 28.0/52  lifetime_outcomes={'won': 34, 'stalled': 0, 'truncated': 73, 'other': 0}  rss= 2752.0MB  (1988s)
step    96000/400000  eps=0.592  episodes=  108  mean_return=1620.000  mean_loss=31.12437  mean_foundation= 10.0/52  lifetime_outcomes={'won': 34, 'stalled': 0, 'truncated': 74, 'other': 0}  rss= 2756.1MB  (1995s)
step    97000/400000  eps=0.588  episodes=  109  mean_return=440.000  mean_loss=30.97204  mean_foundation=  5.0/52  lifetime_outcomes={'won': 34, 'stalled': 0, 'truncated': 75, 'other': 0}  rss= 2758.1MB  (2002s)
step    98000/400000  eps=0.584  episodes=  110  mean_return=1140.000  mean_loss=30.23945  mean_foundation=  7.0/52  lifetime_outcomes={'won': 34, 'stalled': 0, 'truncated': 76, 'other': 0}  rss= 2764.1MB  (2009s)
step    99000/400000  eps=0.579  episodes=  111  mean_return=1530.000  mean_loss=30.82321  mean_foundation= 21.0/52  lifetime_outcomes={'won': 34, 'stalled': 0, 'truncated': 77, 'other': 0}  rss= 2766.1MB  (2016s)
step   100000/400000  eps=0.575  episodes=  112  mean_return=1330.000  mean_loss=29.49106  mean_foundation= 20.0/52  lifetime_outcomes={'won': 34, 'stalled': 0, 'truncated': 78, 'other': 0}  rss= 2772.1MB  (2024s)
  EVAL  step   100000  win_rate=29.00%  mean_return=2582.912  mean_foundation= 22.6/52  mean_length=823.8  (greedy, 200 fixed deals)
step   101000/400000  eps=0.571  episodes=  113  mean_return=7044.240  mean_loss=28.91325  mean_foundation= 52.0/52  lifetime_outcomes={'won': 35, 'stalled': 0, 'truncated': 78, 'other': 0}  rss= 2782.9MB  (2345s)
step   102000/400000  eps=0.567  episodes=  114  mean_return=650.000  mean_loss=28.33178  mean_foundation= 10.0/52  lifetime_outcomes={'won': 35, 'stalled': 0, 'truncated': 79, 'other': 0}  rss= 2786.9MB  (2353s)
step   103000/400000  eps=0.562  episodes=  116  mean_return=3983.200  mean_loss=29.27145  mean_foundation= 29.5/52  lifetime_outcomes={'won': 36, 'stalled': 0, 'truncated': 80, 'other': 0}  rss= 2790.9MB  (2360s)
step   104000/400000  eps=0.558  episodes=  117  mean_return=610.000  mean_loss=28.14574  mean_foundation=  6.0/52  lifetime_outcomes={'won': 36, 'stalled': 0, 'truncated': 81, 'other': 0}  rss= 2792.9MB  (2367s)
step   105000/400000  eps=0.554  episodes=  118  mean_return=620.000  mean_loss=27.90641  mean_foundation=  1.0/52  lifetime_outcomes={'won': 36, 'stalled': 0, 'truncated': 82, 'other': 0}  rss= 2798.9MB  (2375s)
step   106000/400000  eps=0.549  episodes=  119  mean_return=1070.000  mean_loss=27.90639  mean_foundation=  5.0/52  lifetime_outcomes={'won': 36, 'stalled': 0, 'truncated': 83, 'other': 0}  rss= 2800.9MB  (2383s)
step   107000/400000  eps=0.545  episodes=  121  mean_return=7045.735  mean_loss=27.36270  mean_foundation= 52.0/52  lifetime_outcomes={'won': 38, 'stalled': 0, 'truncated': 83, 'other': 0}  rss= 2804.9MB  (2391s)
step   108000/400000  eps=0.541  episodes=  122  mean_return=1010.000  mean_loss=27.59237  mean_foundation=  7.0/52  lifetime_outcomes={'won': 38, 'stalled': 0, 'truncated': 84, 'other': 0}  rss= 2809.0MB  (2398s)
step   109000/400000  eps=0.537  episodes=  123  mean_return=1560.000  mean_loss=26.95311  mean_foundation= 28.0/52  lifetime_outcomes={'won': 38, 'stalled': 0, 'truncated': 85, 'other': 0}  rss= 2813.0MB  (2405s)
step   110000/400000  eps=0.532  episodes=  124  mean_return=1090.000  mean_loss=26.20846  mean_foundation= 16.0/52  lifetime_outcomes={'won': 38, 'stalled': 0, 'truncated': 86, 'other': 0}  rss= 2817.0MB  (2412s)
  EVAL  step   110000  win_rate=26.00%  mean_return=2384.529  mean_foundation= 21.3/52  mean_length=827.1  (greedy, 200 fixed deals)
step   111000/400000  eps=0.528  episodes=  125  mean_return=1290.000  mean_loss=25.65720  mean_foundation= 16.0/52  lifetime_outcomes={'won': 38, 'stalled': 0, 'truncated': 87, 'other': 0}  rss= 2823.6MB  (2747s)
step   112000/400000  eps=0.524  episodes=  126  mean_return=7045.030  mean_loss=26.43042  mean_foundation= 52.0/52  lifetime_outcomes={'won': 39, 'stalled': 0, 'truncated': 87, 'other': 0}  rss= 2823.6MB  (2754s)
step   113000/400000  eps=0.520  episodes=  129  mean_return=4937.803  mean_loss=24.38986  mean_foundation= 39.7/52  lifetime_outcomes={'won': 41, 'stalled': 0, 'truncated': 88, 'other': 0}  rss= 2823.6MB  (2762s)
step   114000/400000  eps=0.516  episodes=  131  mean_return=7045.460  mean_loss=24.99729  mean_foundation= 52.0/52  lifetime_outcomes={'won': 43, 'stalled': 0, 'truncated': 88, 'other': 0}  rss= 2823.6MB  (2769s)
step   115000/400000  eps=0.511  episodes=  132  mean_return=7041.690  mean_loss=25.70298  mean_foundation= 52.0/52  lifetime_outcomes={'won': 44, 'stalled': 0, 'truncated': 88, 'other': 0}  rss= 2823.6MB  (2777s)
step   116000/400000  eps=0.507  episodes=  133  mean_return=7046.070  mean_loss=25.27186  mean_foundation= 52.0/52  lifetime_outcomes={'won': 45, 'stalled': 0, 'truncated': 88, 'other': 0}  rss= 2823.6MB  (2783s)
step   117000/400000  eps=0.503  episodes=  134  mean_return=870.000  mean_loss=24.19963  mean_foundation= 18.0/52  lifetime_outcomes={'won': 45, 'stalled': 0, 'truncated': 89, 'other': 0}  rss= 2823.6MB  (2790s)
step   118000/400000  eps=0.499  episodes=  135  mean_return=260.000  mean_loss=25.08529  mean_foundation=  6.0/52  lifetime_outcomes={'won': 45, 'stalled': 0, 'truncated': 90, 'other': 0}  rss= 2823.6MB  (2798s)
step   119000/400000  eps=0.494  episodes=  137  mean_return=3891.635  mean_loss=23.30035  mean_foundation= 29.0/52  lifetime_outcomes={'won': 46, 'stalled': 0, 'truncated': 91, 'other': 0}  rss= 2823.6MB  (2806s)
step   120000/400000  eps=0.490  episodes=  138  mean_return=7045.830  mean_loss=23.22161  mean_foundation= 52.0/52  lifetime_outcomes={'won': 47, 'stalled': 0, 'truncated': 91, 'other': 0}  rss= 2823.6MB  (2813s)
  EVAL  step   120000  win_rate=22.00%  mean_return=2153.823  mean_foundation= 19.8/52  mean_length=892.7  (greedy, 200 fixed deals)
step   121000/400000  eps=0.486  episodes=  139  mean_return=1430.000  mean_loss=22.93900  mean_foundation= 10.0/52  lifetime_outcomes={'won': 47, 'stalled': 0, 'truncated': 92, 'other': 0}  rss= 2856.6MB  (3126s)
step   122000/400000  eps=0.482  episodes=  141  mean_return=4163.015  mean_loss=23.95735  mean_foundation= 30.0/52  lifetime_outcomes={'won': 48, 'stalled': 0, 'truncated': 93, 'other': 0}  rss= 2860.6MB  (3133s)
step   123000/400000  eps=0.477  episodes=  142  mean_return=560.000  mean_loss=23.09008  mean_foundation=  4.0/52  lifetime_outcomes={'won': 48, 'stalled': 0, 'truncated': 94, 'other': 0}  rss= 2864.6MB  (3140s)
step   124000/400000  eps=0.473  episodes=  145  mean_return=7045.843  mean_loss=23.07342  mean_foundation= 52.0/52  lifetime_outcomes={'won': 51, 'stalled': 0, 'truncated': 94, 'other': 0}  rss= 2866.6MB  (3147s)
step   125000/400000  eps=0.469  episodes=  148  mean_return=7046.723  mean_loss=22.87682  mean_foundation= 52.0/52  lifetime_outcomes={'won': 54, 'stalled': 0, 'truncated': 94, 'other': 0}  rss= 2872.6MB  (3154s)
step   126000/400000  eps=0.465  episodes=  151  mean_return=7046.003  mean_loss=22.62811  mean_foundation= 52.0/52  lifetime_outcomes={'won': 57, 'stalled': 0, 'truncated': 94, 'other': 0}  rss= 2876.7MB  (3160s)
step   127000/400000  eps=0.460  episodes=  152  mean_return=820.000  mean_loss=22.40532  mean_foundation= 13.0/52  lifetime_outcomes={'won': 57, 'stalled': 0, 'truncated': 95, 'other': 0}  rss= 2880.7MB  (3167s)
step   128000/400000  eps=0.456  episodes=  153  mean_return=7046.010  mean_loss=22.70115  mean_foundation= 52.0/52  lifetime_outcomes={'won': 58, 'stalled': 0, 'truncated': 95, 'other': 0}  rss= 2884.7MB  (3174s)
step   129000/400000  eps=0.452  episodes=  155  mean_return=3797.735  mean_loss=22.45427  mean_foundation= 27.5/52  lifetime_outcomes={'won': 59, 'stalled': 0, 'truncated': 96, 'other': 0}  rss= 2888.7MB  (3182s)
step   130000/400000  eps=0.448  episodes=  156  mean_return=710.000  mean_loss=21.84706  mean_foundation= 13.0/52  lifetime_outcomes={'won': 59, 'stalled': 0, 'truncated': 97, 'other': 0}  rss= 2892.7MB  (3189s)
  EVAL  step   130000  win_rate=25.50%  mean_return=2385.119  mean_foundation= 21.3/52  mean_length=863.2  (greedy, 200 fixed deals)
step   131000/400000  eps=0.443  episodes=  157  mean_return=420.000  mean_loss=21.11051  mean_foundation=  2.0/52  lifetime_outcomes={'won': 59, 'stalled': 0, 'truncated': 98, 'other': 0}  rss= 2894.8MB  (3487s)
step   132000/400000  eps=0.439  episodes=  158  mean_return=330.000  mean_loss=21.56350  mean_foundation=  3.0/52  lifetime_outcomes={'won': 59, 'stalled': 0, 'truncated': 99, 'other': 0}  rss= 2900.8MB  (3495s)
step   133000/400000  eps=0.435  episodes=  159  mean_return=890.000  mean_loss=21.30999  mean_foundation=  6.0/52  lifetime_outcomes={'won': 59, 'stalled': 0, 'truncated': 100, 'other': 0}  rss= 2904.8MB  (3502s)
step   134000/400000  eps=0.430  episodes=  160  mean_return=7045.330  mean_loss=20.90458  mean_foundation= 52.0/52  lifetime_outcomes={'won': 60, 'stalled': 0, 'truncated': 100, 'other': 0}  rss= 2908.8MB  (3509s)
step   135000/400000  eps=0.426  episodes=  161  mean_return=890.000  mean_loss=20.05453  mean_foundation=  5.0/52  lifetime_outcomes={'won': 60, 'stalled': 0, 'truncated': 101, 'other': 0}  rss= 2912.8MB  (3517s)
step   136000/400000  eps=0.422  episodes=  162  mean_return=1120.000  mean_loss=21.11393  mean_foundation= 14.0/52  lifetime_outcomes={'won': 60, 'stalled': 0, 'truncated': 102, 'other': 0}  rss= 2914.8MB  (3525s)
step   137000/400000  eps=0.418  episodes=  163  mean_return=1130.000  mean_loss=20.32331  mean_foundation=  7.0/52  lifetime_outcomes={'won': 60, 'stalled': 0, 'truncated': 103, 'other': 0}  rss= 2920.9MB  (3532s)
step   138000/400000  eps=0.414  episodes=  164  mean_return=940.000  mean_loss=20.40033  mean_foundation= 16.0/52  lifetime_outcomes={'won': 60, 'stalled': 0, 'truncated': 104, 'other': 0}  rss= 2922.9MB  (3539s)
step   139000/400000  eps=0.409  episodes=  165  mean_return=1510.000  mean_loss=18.99974  mean_foundation= 18.0/52  lifetime_outcomes={'won': 60, 'stalled': 0, 'truncated': 105, 'other': 0}  rss= 2928.9MB  (3547s)
step   140000/400000  eps=0.405  episodes=  166  mean_return=450.000  mean_loss=18.97342  mean_foundation=  5.0/52  lifetime_outcomes={'won': 60, 'stalled': 0, 'truncated': 106, 'other': 0}  rss= 2930.9MB  (3555s)
  EVAL  step   140000  win_rate=26.00%  mean_return=2474.379  mean_foundation= 22.4/52  mean_length=857.2  (greedy, 200 fixed deals)
step   141000/400000  eps=0.401  episodes=  168  mean_return=4177.630  mean_loss=19.55446  mean_foundation= 30.0/52  lifetime_outcomes={'won': 61, 'stalled': 0, 'truncated': 107, 'other': 0}  rss= 2939.8MB  (3850s)
step   142000/400000  eps=0.397  episodes=  169  mean_return=7042.930  mean_loss=18.71783  mean_foundation= 52.0/52  lifetime_outcomes={'won': 62, 'stalled': 0, 'truncated': 107, 'other': 0}  rss= 2943.8MB  (3857s)
step   143000/400000  eps=0.392  episodes=  172  mean_return=7045.227  mean_loss=18.66324  mean_foundation= 52.0/52  lifetime_outcomes={'won': 65, 'stalled': 0, 'truncated': 107, 'other': 0}  rss= 2947.8MB  (3865s)
step   144000/400000  eps=0.388  episodes=  173  mean_return=1170.000  mean_loss=19.67125  mean_foundation= 12.0/52  lifetime_outcomes={'won': 65, 'stalled': 0, 'truncated': 108, 'other': 0}  rss= 2953.8MB  (3873s)
step   145000/400000  eps=0.384  episodes=  175  mean_return=7045.720  mean_loss=19.18818  mean_foundation= 52.0/52  lifetime_outcomes={'won': 67, 'stalled': 0, 'truncated': 108, 'other': 0}  rss= 2955.8MB  (3882s)
step   146000/400000  eps=0.380  episodes=  177  mean_return=7045.435  mean_loss=18.10329  mean_foundation= 52.0/52  lifetime_outcomes={'won': 69, 'stalled': 0, 'truncated': 108, 'other': 0}  rss= 2959.8MB  (3890s)
step   147000/400000  eps=0.375  episodes=  179  mean_return=4228.300  mean_loss=18.76042  mean_foundation= 37.5/52  lifetime_outcomes={'won': 70, 'stalled': 0, 'truncated': 109, 'other': 0}  rss= 2963.9MB  (3898s)
step   148000/400000  eps=0.371  episodes=  180  mean_return=7045.490  mean_loss=18.14485  mean_foundation= 52.0/52  lifetime_outcomes={'won': 71, 'stalled': 0, 'truncated': 109, 'other': 0}  rss= 2967.9MB  (3906s)
step   149000/400000  eps=0.367  episodes=  181  mean_return=620.000  mean_loss=17.38188  mean_foundation= 14.0/52  lifetime_outcomes={'won': 71, 'stalled': 0, 'truncated': 110, 'other': 0}  rss= 2971.9MB  (3914s)
step   150000/400000  eps=0.363  episodes=  182  mean_return=590.000  mean_loss=17.60968  mean_foundation= 12.0/52  lifetime_outcomes={'won': 71, 'stalled': 0, 'truncated': 111, 'other': 0}  rss= 2975.9MB  (3921s)
  EVAL  step   150000  win_rate=25.00%  mean_return=2358.537  mean_foundation= 21.1/52  mean_length=861.3  (greedy, 200 fixed deals)
step   151000/400000  eps=0.358  episodes=  183  mean_return=740.000  mean_loss=17.83158  mean_foundation= 10.0/52  lifetime_outcomes={'won': 71, 'stalled': 0, 'truncated': 112, 'other': 0}  rss= 2979.9MB  (4250s)
step   152000/400000  eps=0.354  episodes=  184  mean_return=1050.000  mean_loss=17.42497  mean_foundation= 11.0/52  lifetime_outcomes={'won': 71, 'stalled': 0, 'truncated': 113, 'other': 0}  rss= 2983.9MB  (4258s)
step   153000/400000  eps=0.350  episodes=  185  mean_return=7042.780  mean_loss=16.87982  mean_foundation= 52.0/52  lifetime_outcomes={'won': 72, 'stalled': 0, 'truncated': 113, 'other': 0}  rss= 2988.0MB  (4266s)
step   154000/400000  eps=0.346  episodes=  186  mean_return=730.000  mean_loss=17.26497  mean_foundation=  3.0/52  lifetime_outcomes={'won': 72, 'stalled': 0, 'truncated': 114, 'other': 0}  rss= 2992.0MB  (4273s)
step   155000/400000  eps=0.341  episodes=  189  mean_return=4877.843  mean_loss=16.69378  mean_foundation= 37.0/52  lifetime_outcomes={'won': 74, 'stalled': 0, 'truncated': 115, 'other': 0}  rss= 2996.0MB  (4280s)
step   156000/400000  eps=0.337  episodes=  190  mean_return=750.000  mean_loss=17.02661  mean_foundation= 13.0/52  lifetime_outcomes={'won': 74, 'stalled': 0, 'truncated': 116, 'other': 0}  rss= 3000.0MB  (4287s)
step   157000/400000  eps=0.333  episodes=  191  mean_return=510.000  mean_loss=15.84508  mean_foundation=  5.0/52  lifetime_outcomes={'won': 74, 'stalled': 0, 'truncated': 117, 'other': 0}  rss= 3004.0MB  (4294s)
step   158000/400000  eps=0.329  episodes=  192  mean_return=7045.670  mean_loss=16.70203  mean_foundation= 52.0/52  lifetime_outcomes={'won': 75, 'stalled': 0, 'truncated': 117, 'other': 0}  rss= 3008.1MB  (4300s)
step   159000/400000  eps=0.324  episodes=  193  mean_return=740.000  mean_loss=16.35640  mean_foundation=  4.0/52  lifetime_outcomes={'won': 75, 'stalled': 0, 'truncated': 118, 'other': 0}  rss= 3012.2MB  (4307s)
step   160000/400000  eps=0.320  episodes=  195  mean_return=3588.550  mean_loss=16.35566  mean_foundation= 26.5/52  lifetime_outcomes={'won': 76, 'stalled': 0, 'truncated': 119, 'other': 0}  rss= 3016.2MB  (4314s)
  EVAL  step   160000  win_rate=27.50%  mean_return=2481.607  mean_foundation= 21.7/52  mean_length=834.3  (greedy, 200 fixed deals)
step   161000/400000  eps=0.316  episodes=  196  mean_return=1230.000  mean_loss=16.69262  mean_foundation=  9.0/52  lifetime_outcomes={'won': 76, 'stalled': 0, 'truncated': 120, 'other': 0}  rss= 3020.2MB  (4637s)
step   162000/400000  eps=0.311  episodes=  197  mean_return=7045.050  mean_loss=15.52027  mean_foundation= 52.0/52  lifetime_outcomes={'won': 77, 'stalled': 0, 'truncated': 120, 'other': 0}  rss= 3024.2MB  (4646s)
step   163000/400000  eps=0.307  episodes=  198  mean_return=620.000  mean_loss=14.94644  mean_foundation=  7.0/52  lifetime_outcomes={'won': 77, 'stalled': 0, 'truncated': 121, 'other': 0}  rss= 3026.2MB  (4654s)
step   164000/400000  eps=0.303  episodes=  199  mean_return=750.000  mean_loss=14.99064  mean_foundation=  8.0/52  lifetime_outcomes={'won': 77, 'stalled': 0, 'truncated': 122, 'other': 0}  rss= 3032.2MB  (4663s)
step   165000/400000  eps=0.299  episodes=  202  mean_return=4817.843  mean_loss=14.96489  mean_foundation= 34.7/52  lifetime_outcomes={'won': 79, 'stalled': 0, 'truncated': 123, 'other': 0}  rss= 3036.2MB  (4672s)
step   166000/400000  eps=0.295  episodes=  204  mean_return=7046.360  mean_loss=15.38245  mean_foundation= 52.0/52  lifetime_outcomes={'won': 81, 'stalled': 0, 'truncated': 123, 'other': 0}  rss= 3040.2MB  (4680s)
step   167000/400000  eps=0.290  episodes=  205  mean_return=1060.000  mean_loss=15.23884  mean_foundation=  3.0/52  lifetime_outcomes={'won': 81, 'stalled': 0, 'truncated': 124, 'other': 0}  rss= 3044.3MB  (4688s)
step   168000/400000  eps=0.286  episodes=  206  mean_return=980.000  mean_loss=14.58304  mean_foundation= 18.0/52  lifetime_outcomes={'won': 81, 'stalled': 0, 'truncated': 125, 'other': 0}  rss= 3046.3MB  (4696s)
step   169000/400000  eps=0.282  episodes=  207  mean_return=750.000  mean_loss=14.94648  mean_foundation= 15.0/52  lifetime_outcomes={'won': 81, 'stalled': 0, 'truncated': 126, 'other': 0}  rss= 3052.3MB  (4704s)
step   170000/400000  eps=0.278  episodes=  208  mean_return=1610.000  mean_loss=14.37995  mean_foundation= 29.0/52  lifetime_outcomes={'won': 81, 'stalled': 0, 'truncated': 127, 'other': 0}  rss= 3054.3MB  (4713s)
  EVAL  step   170000  win_rate=24.00%  mean_return=2310.282  mean_foundation= 21.0/52  mean_length=871.8  (greedy, 200 fixed deals)
step   171000/400000  eps=0.273  episodes=  209  mean_return=440.000  mean_loss=14.25358  mean_foundation=  5.0/52  lifetime_outcomes={'won': 81, 'stalled': 0, 'truncated': 128, 'other': 0}  rss= 3060.3MB  (5021s)
step   172000/400000  eps=0.269  episodes=  210  mean_return=7040.910  mean_loss=14.38052  mean_foundation= 52.0/52  lifetime_outcomes={'won': 82, 'stalled': 0, 'truncated': 128, 'other': 0}  rss= 3062.4MB  (5029s)
step   173000/400000  eps=0.265  episodes=  211  mean_return=570.000  mean_loss=14.58976  mean_foundation= 12.0/52  lifetime_outcomes={'won': 82, 'stalled': 0, 'truncated': 129, 'other': 0}  rss= 3066.4MB  (5037s)
step   174000/400000  eps=0.261  episodes=  212  mean_return=1450.000  mean_loss=14.52653  mean_foundation= 12.0/52  lifetime_outcomes={'won': 82, 'stalled': 0, 'truncated': 130, 'other': 0}  rss= 3070.4MB  (5046s)
step   175000/400000  eps=0.256  episodes=  213  mean_return=390.000  mean_loss=14.26590  mean_foundation=  1.0/52  lifetime_outcomes={'won': 82, 'stalled': 0, 'truncated': 131, 'other': 0}  rss= 3074.4MB  (5055s)
step   176000/400000  eps=0.252  episodes=  215  mean_return=4217.775  mean_loss=13.43361  mean_foundation= 30.5/52  lifetime_outcomes={'won': 83, 'stalled': 0, 'truncated': 132, 'other': 0}  rss= 3080.4MB  (5063s)
step   177000/400000  eps=0.248  episodes=  216  mean_return=820.000  mean_loss=13.77108  mean_foundation=  5.0/52  lifetime_outcomes={'won': 83, 'stalled': 0, 'truncated': 133, 'other': 0}  rss= 3082.4MB  (5071s)
step   178000/400000  eps=0.244  episodes=  217  mean_return=1720.000  mean_loss=13.23959  mean_foundation= 30.0/52  lifetime_outcomes={'won': 83, 'stalled': 0, 'truncated': 134, 'other': 0}  rss= 3086.4MB  (5079s)
step   179000/400000  eps=0.239  episodes=  218  mean_return=390.000  mean_loss=13.26987  mean_foundation=  5.0/52  lifetime_outcomes={'won': 83, 'stalled': 0, 'truncated': 135, 'other': 0}  rss= 3090.5MB  (5087s)
step   180000/400000  eps=0.235  episodes=  219  mean_return=630.000  mean_loss=12.90667  mean_foundation=  6.0/52  lifetime_outcomes={'won': 83, 'stalled': 0, 'truncated': 136, 'other': 0}  rss= 3094.5MB  (5095s)
  EVAL  step   180000  win_rate=20.50%  mean_return=2170.077  mean_foundation= 20.5/52  mean_length=912.3  (greedy, 200 fixed deals)
step   181000/400000  eps=0.231  episodes=  220  mean_return=230.000  mean_loss=12.86610  mean_foundation=  3.0/52  lifetime_outcomes={'won': 83, 'stalled': 0, 'truncated': 137, 'other': 0}  rss= 3098.5MB  (5370s)
step   182000/400000  eps=0.227  episodes=  221  mean_return=1040.000  mean_loss=12.65302  mean_foundation= 17.0/52  lifetime_outcomes={'won': 83, 'stalled': 0, 'truncated': 138, 'other': 0}  rss= 3102.5MB  (5374s)
step   183000/400000  eps=0.222  episodes=  222  mean_return=1300.000  mean_loss=12.37948  mean_foundation= 12.0/52  lifetime_outcomes={'won': 83, 'stalled': 0, 'truncated': 139, 'other': 0}  rss= 3108.6MB  (5377s)
step   184000/400000  eps=0.218  episodes=  223  mean_return=7042.180  mean_loss=12.83596  mean_foundation= 52.0/52  lifetime_outcomes={'won': 84, 'stalled': 0, 'truncated': 139, 'other': 0}  rss= 3110.6MB  (5381s)
step   185000/400000  eps=0.214  episodes=  224  mean_return=7042.650  mean_loss=12.32674  mean_foundation= 52.0/52  lifetime_outcomes={'won': 85, 'stalled': 0, 'truncated': 139, 'other': 0}  rss= 3114.6MB  (5385s)
step   186000/400000  eps=0.210  episodes=  225  mean_return=680.000  mean_loss=12.32854  mean_foundation= 15.0/52  lifetime_outcomes={'won': 85, 'stalled': 0, 'truncated': 140, 'other': 0}  rss= 3118.6MB  (5389s)
step   187000/400000  eps=0.205  episodes=  227  mean_return=7043.585  mean_loss=11.98344  mean_foundation= 52.0/52  lifetime_outcomes={'won': 87, 'stalled': 0, 'truncated': 140, 'other': 0}  rss= 3122.6MB  (5393s)
step   188000/400000  eps=0.201  episodes=  228  mean_return=7044.170  mean_loss=11.96969  mean_foundation= 52.0/52  lifetime_outcomes={'won': 88, 'stalled': 0, 'truncated': 140, 'other': 0}  rss= 3126.7MB  (5397s)
step   189000/400000  eps=0.197  episodes=  229  mean_return=680.000  mean_loss=11.63452  mean_foundation=  8.0/52  lifetime_outcomes={'won': 88, 'stalled': 0, 'truncated': 141, 'other': 0}  rss= 3130.7MB  (5401s)
step   190000/400000  eps=0.193  episodes=  230  mean_return=420.000  mean_loss=12.06827  mean_foundation=  6.0/52  lifetime_outcomes={'won': 88, 'stalled': 0, 'truncated': 142, 'other': 0}  rss= 3134.7MB  (5406s)
  EVAL  step   190000  win_rate=26.50%  mean_return=2463.669  mean_foundation= 22.3/52  mean_length=853.1  (greedy, 200 fixed deals)
step   191000/400000  eps=0.188  episodes=  231  mean_return=460.000  mean_loss=11.51853  mean_foundation=  3.0/52  lifetime_outcomes={'won': 88, 'stalled': 0, 'truncated': 143, 'other': 0}  rss= 3138.7MB  (5594s)
step   192000/400000  eps=0.184  episodes=  232  mean_return=1300.000  mean_loss=11.61053  mean_foundation= 12.0/52  lifetime_outcomes={'won': 88, 'stalled': 0, 'truncated': 144, 'other': 0}  rss= 3142.7MB  (5597s)
step   193000/400000  eps=0.180  episodes=  233  mean_return=1730.000  mean_loss=11.77327  mean_foundation= 31.0/52  lifetime_outcomes={'won': 88, 'stalled': 0, 'truncated': 145, 'other': 0}  rss= 3146.7MB  (5601s)
step   194000/400000  eps=0.175  episodes=  236  mean_return=4950.987  mean_loss=11.50463  mean_foundation= 36.3/52  lifetime_outcomes={'won': 90, 'stalled': 0, 'truncated': 146, 'other': 0}  rss= 3150.8MB  (5605s)
step   195000/400000  eps=0.171  episodes=  237  mean_return=7047.000  mean_loss=11.23432  mean_foundation= 52.0/52  lifetime_outcomes={'won': 91, 'stalled': 0, 'truncated': 146, 'other': 0}  rss= 3152.8MB  (5609s)
step   196000/400000  eps=0.167  episodes=  238  mean_return=1010.000  mean_loss=11.29371  mean_foundation= 12.0/52  lifetime_outcomes={'won': 91, 'stalled': 0, 'truncated': 147, 'other': 0}  rss= 3158.8MB  (5613s)
step   197000/400000  eps=0.163  episodes=  239  mean_return=520.000  mean_loss=11.17970  mean_foundation=  4.0/52  lifetime_outcomes={'won': 91, 'stalled': 0, 'truncated': 148, 'other': 0}  rss= 3160.8MB  (5617s)
step   198000/400000  eps=0.158  episodes=  240  mean_return=1570.000  mean_loss=11.03087  mean_foundation= 20.0/52  lifetime_outcomes={'won': 91, 'stalled': 0, 'truncated': 149, 'other': 0}  rss= 3165.3MB  (5621s)
step   199000/400000  eps=0.154  episodes=  242  mean_return=4098.185  mean_loss=10.90918  mean_foundation= 34.5/52  lifetime_outcomes={'won': 92, 'stalled': 0, 'truncated': 150, 'other': 0}  rss= 3167.7MB  (5625s)
step   200000/400000  eps=0.150  episodes=  244  mean_return=4083.270  mean_loss=10.58908  mean_foundation= 32.5/52  lifetime_outcomes={'won': 93, 'stalled': 0, 'truncated': 151, 'other': 0}  rss= 3170.0MB  (5629s)
  EVAL  step   200000  win_rate=19.00%  mean_return=2098.096  mean_foundation= 20.4/52  mean_length=925.4  (greedy, 200 fixed deals)
step   201000/400000  eps=0.150  episodes=  245  mean_return=1170.000  mean_loss=10.48432  mean_foundation=  0.0/52  lifetime_outcomes={'won': 93, 'stalled': 0, 'truncated': 152, 'other': 0}  rss= 3170.0MB  (5825s)
step   202000/400000  eps=0.150  episodes=  246  mean_return=840.000  mean_loss=10.65897  mean_foundation= 16.0/52  lifetime_outcomes={'won': 93, 'stalled': 0, 'truncated': 153, 'other': 0}  rss= 3170.0MB  (5829s)
step   203000/400000  eps=0.150  episodes=  247  mean_return=1040.000  mean_loss=10.14574  mean_foundation= 11.0/52  lifetime_outcomes={'won': 93, 'stalled': 0, 'truncated': 154, 'other': 0}  rss= 3170.0MB  (5833s)
step   204000/400000  eps=0.150  episodes=  248  mean_return=1470.000  mean_loss=10.24254  mean_foundation= 15.0/52  lifetime_outcomes={'won': 93, 'stalled': 0, 'truncated': 155, 'other': 0}  rss= 3170.0MB  (5837s)
step   205000/400000  eps=0.150  episodes=  249  mean_return=960.000  mean_loss=10.71186  mean_foundation= 15.0/52  lifetime_outcomes={'won': 93, 'stalled': 0, 'truncated': 156, 'other': 0}  rss= 3170.0MB  (5840s)
step   206000/400000  eps=0.150  episodes=  250  mean_return=7044.320  mean_loss=10.18773  mean_foundation= 52.0/52  lifetime_outcomes={'won': 94, 'stalled': 0, 'truncated': 156, 'other': 0}  rss= 3170.0MB  (5844s)
step   207000/400000  eps=0.150  episodes=  251  mean_return=1410.000  mean_loss=10.09495  mean_foundation= 17.0/52  lifetime_outcomes={'won': 94, 'stalled': 0, 'truncated': 157, 'other': 0}  rss= 3170.0MB  (5848s)
step   208000/400000  eps=0.150  episodes=  252  mean_return=1470.000  mean_loss= 9.99270  mean_foundation= 20.0/52  lifetime_outcomes={'won': 94, 'stalled': 0, 'truncated': 158, 'other': 0}  rss= 3170.0MB  (5851s)
step   209000/400000  eps=0.150  episodes=  253  mean_return=890.000  mean_loss=10.06943  mean_foundation=  5.0/52  lifetime_outcomes={'won': 94, 'stalled': 0, 'truncated': 159, 'other': 0}  rss= 3170.0MB  (5855s)
step   210000/400000  eps=0.150  episodes=  254  mean_return=1200.000  mean_loss= 9.92014  mean_foundation=  8.0/52  lifetime_outcomes={'won': 94, 'stalled': 0, 'truncated': 160, 'other': 0}  rss= 3170.0MB  (5859s)
  EVAL  step   210000  win_rate=27.00%  mean_return=2504.731  mean_foundation= 22.2/52  mean_length=841.9  (greedy, 200 fixed deals)
step   211000/400000  eps=0.150  episodes=  255  mean_return=610.000  mean_loss=10.30015  mean_foundation=  5.0/52  lifetime_outcomes={'won': 94, 'stalled': 0, 'truncated': 161, 'other': 0}  rss= 3170.0MB  (6042s)
step   212000/400000  eps=0.150  episodes=  257  mean_return=3882.645  mean_loss= 9.76617  mean_foundation= 27.0/52  lifetime_outcomes={'won': 95, 'stalled': 0, 'truncated': 162, 'other': 0}  rss= 3170.0MB  (6046s)
step   213000/400000  eps=0.150  episodes=  258  mean_return=550.000  mean_loss= 9.83737  mean_foundation=  9.0/52  lifetime_outcomes={'won': 95, 'stalled': 0, 'truncated': 163, 'other': 0}  rss= 3170.0MB  (6050s)
step   214000/400000  eps=0.150  episodes=  259  mean_return=7044.490  mean_loss= 9.69620  mean_foundation= 52.0/52  lifetime_outcomes={'won': 96, 'stalled': 0, 'truncated': 163, 'other': 0}  rss= 3170.0MB  (6054s)
step   215000/400000  eps=0.150  episodes=  260  mean_return=1400.000  mean_loss= 9.39281  mean_foundation= 11.0/52  lifetime_outcomes={'won': 96, 'stalled': 0, 'truncated': 164, 'other': 0}  rss= 3170.0MB  (6058s)
step   216000/400000  eps=0.150  episodes=  261  mean_return=770.000  mean_loss= 9.50654  mean_foundation=  2.0/52  lifetime_outcomes={'won': 96, 'stalled': 0, 'truncated': 165, 'other': 0}  rss= 3170.0MB  (6062s)
step   217000/400000  eps=0.150  episodes=  262  mean_return=7044.290  mean_loss= 9.63273  mean_foundation= 52.0/52  lifetime_outcomes={'won': 97, 'stalled': 0, 'truncated': 165, 'other': 0}  rss= 3170.0MB  (6066s)
step   218000/400000  eps=0.150  episodes=  265  mean_return=5293.580  mean_loss= 9.75595  mean_foundation= 50.3/52  lifetime_outcomes={'won': 99, 'stalled': 0, 'truncated': 166, 'other': 0}  rss= 3170.0MB  (6070s)
step   219000/400000  eps=0.150  episodes=  267  mean_return=7046.135  mean_loss= 9.15827  mean_foundation= 52.0/52  lifetime_outcomes={'won': 101, 'stalled': 0, 'truncated': 166, 'other': 0}  rss= 3170.0MB  (6076s)
step   220000/400000  eps=0.150  episodes=  268  mean_return=7005.540  mean_loss= 9.21757  mean_foundation= 52.0/52  lifetime_outcomes={'won': 102, 'stalled': 0, 'truncated': 166, 'other': 0}  rss= 3170.0MB  (6080s)
  EVAL  step   220000  win_rate=25.50%  mean_return=2455.458  mean_foundation= 22.4/52  mean_length=879.2  (greedy, 200 fixed deals)
step   221000/400000  eps=0.150  episodes=  269  mean_return=1430.000  mean_loss= 9.08723  mean_foundation= 14.0/52  lifetime_outcomes={'won': 102, 'stalled': 0, 'truncated': 167, 'other': 0}  rss= 3170.0MB  (6305s)
step   222000/400000  eps=0.150  episodes=  270  mean_return=7040.470  mean_loss= 8.71202  mean_foundation= 52.0/52  lifetime_outcomes={'won': 103, 'stalled': 0, 'truncated': 167, 'other': 0}  rss= 3170.0MB  (6311s)
step   223000/400000  eps=0.150  episodes=  271  mean_return=1260.000  mean_loss= 9.44569  mean_foundation= 22.0/52  lifetime_outcomes={'won': 103, 'stalled': 0, 'truncated': 168, 'other': 0}  rss= 3170.0MB  (6317s)
step   224000/400000  eps=0.150  episodes=  272  mean_return=1170.000  mean_loss= 9.34871  mean_foundation= 14.0/52  lifetime_outcomes={'won': 103, 'stalled': 0, 'truncated': 169, 'other': 0}  rss= 3170.0MB  (6324s)
step   225000/400000  eps=0.150  episodes=  273  mean_return=1210.000  mean_loss= 9.16663  mean_foundation= 11.0/52  lifetime_outcomes={'won': 103, 'stalled': 0, 'truncated': 170, 'other': 0}  rss= 3170.0MB  (6331s)
step   226000/400000  eps=0.150  episodes=  276  mean_return=4908.050  mean_loss= 8.85000  mean_foundation= 36.0/52  lifetime_outcomes={'won': 105, 'stalled': 0, 'truncated': 171, 'other': 0}  rss= 3170.0MB  (6337s)
step   227000/400000  eps=0.150  episodes=  277  mean_return=1460.000  mean_loss= 9.13735  mean_foundation= 15.0/52  lifetime_outcomes={'won': 105, 'stalled': 0, 'truncated': 172, 'other': 0}  rss= 3170.0MB  (6342s)
step   228000/400000  eps=0.150  episodes=  278  mean_return=7043.720  mean_loss= 8.82993  mean_foundation= 52.0/52  lifetime_outcomes={'won': 106, 'stalled': 0, 'truncated': 172, 'other': 0}  rss= 3170.0MB  (6347s)
step   229000/400000  eps=0.150  episodes=  280  mean_return=4372.525  mean_loss= 8.71681  mean_foundation= 42.0/52  lifetime_outcomes={'won': 107, 'stalled': 0, 'truncated': 173, 'other': 0}  rss= 3170.0MB  (6353s)
step   230000/400000  eps=0.150  episodes=  281  mean_return=790.000  mean_loss= 8.41497  mean_foundation=  3.0/52  lifetime_outcomes={'won': 107, 'stalled': 0, 'truncated': 174, 'other': 0}  rss= 3170.0MB  (6360s)
  EVAL  step   230000  win_rate=30.00%  mean_return=2670.777  mean_foundation= 23.7/52  mean_length=822.3  (greedy, 200 fixed deals)
step   231000/400000  eps=0.150  episodes=  282  mean_return=1230.000  mean_loss= 8.75969  mean_foundation=  5.0/52  lifetime_outcomes={'won': 107, 'stalled': 0, 'truncated': 175, 'other': 0}  rss= 3170.0MB  (6571s)
step   232000/400000  eps=0.150  episodes=  284  mean_return=7044.605  mean_loss= 8.64636  mean_foundation= 52.0/52  lifetime_outcomes={'won': 109, 'stalled': 0, 'truncated': 175, 'other': 0}  rss= 3170.0MB  (6577s)
step   233000/400000  eps=0.150  episodes=  285  mean_return=780.000  mean_loss= 8.87849  mean_foundation= 11.0/52  lifetime_outcomes={'won': 109, 'stalled': 0, 'truncated': 176, 'other': 0}  rss= 3170.0MB  (6583s)
step   234000/400000  eps=0.150  episodes=  286  mean_return=100.000  mean_loss= 8.65169  mean_foundation=  3.0/52  lifetime_outcomes={'won': 109, 'stalled': 0, 'truncated': 177, 'other': 0}  rss= 3170.0MB  (6588s)
step   235000/400000  eps=0.150  episodes=  287  mean_return=1220.000  mean_loss= 8.39685  mean_foundation= 21.0/52  lifetime_outcomes={'won': 109, 'stalled': 0, 'truncated': 178, 'other': 0}  rss= 3170.0MB  (6593s)
step   236000/400000  eps=0.150  episodes=  288  mean_return=1770.000  mean_loss= 7.98067  mean_foundation= 40.0/52  lifetime_outcomes={'won': 109, 'stalled': 0, 'truncated': 179, 'other': 0}  rss= 3170.0MB  (6597s)
step   237000/400000  eps=0.150  episodes=  289  mean_return=750.000  mean_loss= 8.50066  mean_foundation=  7.0/52  lifetime_outcomes={'won': 109, 'stalled': 0, 'truncated': 180, 'other': 0}  rss= 3170.0MB  (6602s)
step   238000/400000  eps=0.150  episodes=  290  mean_return=1210.000  mean_loss= 8.18524  mean_foundation= 13.0/52  lifetime_outcomes={'won': 109, 'stalled': 0, 'truncated': 181, 'other': 0}  rss= 3170.0MB  (6606s)
step   239000/400000  eps=0.150  episodes=  292  mean_return=7047.220  mean_loss= 7.83817  mean_foundation= 52.0/52  lifetime_outcomes={'won': 111, 'stalled': 0, 'truncated': 181, 'other': 0}  rss= 3170.0MB  (6611s)
step   240000/400000  eps=0.150  episodes=  293  mean_return=7043.610  mean_loss= 8.43130  mean_foundation= 52.0/52  lifetime_outcomes={'won': 112, 'stalled': 0, 'truncated': 181, 'other': 0}  rss= 3170.0MB  (6617s)
  EVAL  step   240000  win_rate=27.50%  mean_return=2502.679  mean_foundation= 22.0/52  mean_length=842.1  (greedy, 200 fixed deals)
step   241000/400000  eps=0.150  episodes=  295  mean_return=3577.725  mean_loss= 8.11747  mean_foundation= 26.5/52  lifetime_outcomes={'won': 113, 'stalled': 0, 'truncated': 182, 'other': 0}  rss= 3170.0MB  (6836s)
step   242000/400000  eps=0.150  episodes=  296  mean_return=1100.000  mean_loss= 8.09053  mean_foundation=  6.0/52  lifetime_outcomes={'won': 113, 'stalled': 0, 'truncated': 183, 'other': 0}  rss= 3170.0MB  (6842s)
step   243000/400000  eps=0.150  episodes=  297  mean_return=1350.000  mean_loss= 7.72262  mean_foundation=  7.0/52  lifetime_outcomes={'won': 113, 'stalled': 0, 'truncated': 184, 'other': 0}  rss= 3170.0MB  (6847s)
step   244000/400000  eps=0.150  episodes=  298  mean_return=1580.000  mean_loss= 8.09247  mean_foundation= 26.0/52  lifetime_outcomes={'won': 113, 'stalled': 0, 'truncated': 185, 'other': 0}  rss= 3170.0MB  (6853s)
step   245000/400000  eps=0.150  episodes=  300  mean_return=3807.760  mean_loss= 7.99726  mean_foundation= 27.5/52  lifetime_outcomes={'won': 114, 'stalled': 0, 'truncated': 186, 'other': 0}  rss= 3170.0MB  (6859s)
step   246000/400000  eps=0.150  episodes=  301  mean_return=1770.000  mean_loss= 7.77582  mean_foundation= 35.0/52  lifetime_outcomes={'won': 114, 'stalled': 0, 'truncated': 187, 'other': 0}  rss= 3170.0MB  (6863s)
step   247000/400000  eps=0.150  episodes=  302  mean_return=630.000  mean_loss= 7.62173  mean_foundation=  5.0/52  lifetime_outcomes={'won': 114, 'stalled': 0, 'truncated': 188, 'other': 0}  rss= 3170.0MB  (6868s)
step   248000/400000  eps=0.150  episodes=  303  mean_return=7044.460  mean_loss= 7.71943  mean_foundation= 52.0/52  lifetime_outcomes={'won': 115, 'stalled': 0, 'truncated': 188, 'other': 0}  rss= 3170.0MB  (6873s)
step   249000/400000  eps=0.150  episodes=  304  mean_return=730.000  mean_loss= 7.87825  mean_foundation= 10.0/52  lifetime_outcomes={'won': 115, 'stalled': 0, 'truncated': 189, 'other': 0}  rss= 3170.0MB  (6878s)
step   250000/400000  eps=0.150  episodes=  305  mean_return=530.000  mean_loss= 7.50092  mean_foundation=  8.0/52  lifetime_outcomes={'won': 115, 'stalled': 0, 'truncated': 190, 'other': 0}  rss= 3170.0MB  (6882s)
  EVAL  step   250000  win_rate=31.50%  mean_return=2754.108  mean_foundation= 23.6/52  mean_length=819.2  (greedy, 200 fixed deals)
step   251000/400000  eps=0.150  episodes=  306  mean_return=850.000  mean_loss= 7.41440  mean_foundation= 12.0/52  lifetime_outcomes={'won': 115, 'stalled': 0, 'truncated': 191, 'other': 0}  rss= 3170.0MB  (7100s)
step   252000/400000  eps=0.150  episodes=  307  mean_return=1100.000  mean_loss= 7.51224  mean_foundation=  6.0/52  lifetime_outcomes={'won': 115, 'stalled': 0, 'truncated': 192, 'other': 0}  rss= 3170.0MB  (7105s)
step   253000/400000  eps=0.150  episodes=  308  mean_return=880.000  mean_loss= 7.08509  mean_foundation=  9.0/52  lifetime_outcomes={'won': 115, 'stalled': 0, 'truncated': 193, 'other': 0}  rss= 3170.0MB  (7110s)
step   254000/400000  eps=0.150  episodes=  310  mean_return=3653.065  mean_loss= 7.13162  mean_foundation= 26.5/52  lifetime_outcomes={'won': 116, 'stalled': 0, 'truncated': 194, 'other': 0}  rss= 3170.0MB  (7114s)
step   255000/400000  eps=0.150  episodes=  311  mean_return=870.000  mean_loss= 7.61720  mean_foundation=  7.0/52  lifetime_outcomes={'won': 116, 'stalled': 0, 'truncated': 195, 'other': 0}  rss= 3170.0MB  (7119s)
step   256000/400000  eps=0.150  episodes=  313  mean_return=3862.875  mean_loss= 7.17073  mean_foundation= 30.5/52  lifetime_outcomes={'won': 117, 'stalled': 1, 'truncated': 195, 'other': 0}  rss= 3170.0MB  (7123s)
step   257000/400000  eps=0.150  episodes=  314  mean_return=390.000  mean_loss= 7.01864  mean_foundation=  6.0/52  lifetime_outcomes={'won': 117, 'stalled': 1, 'truncated': 196, 'other': 0}  rss= 3170.0MB  (7128s)
step   258000/400000  eps=0.150  episodes=  315  mean_return=1400.000  mean_loss= 6.67656  mean_foundation= 17.0/52  lifetime_outcomes={'won': 117, 'stalled': 1, 'truncated': 197, 'other': 0}  rss= 3170.0MB  (7132s)
step   259000/400000  eps=0.150  episodes=  316  mean_return=290.000  mean_loss= 6.84768  mean_foundation= 10.0/52  lifetime_outcomes={'won': 117, 'stalled': 1, 'truncated': 198, 'other': 0}  rss= 3170.0MB  (7137s)
step   260000/400000  eps=0.150  episodes=  317  mean_return=440.000  mean_loss= 7.03978  mean_foundation=  4.0/52  lifetime_outcomes={'won': 117, 'stalled': 1, 'truncated': 199, 'other': 0}  rss= 3170.0MB  (7141s)
  EVAL  step   260000  win_rate=29.50%  mean_return=2613.973  mean_foundation= 22.8/52  mean_length=827.7  (greedy, 200 fixed deals)
step   261000/400000  eps=0.150  episodes=  318  mean_return=670.000  mean_loss= 6.62621  mean_foundation=  8.0/52  lifetime_outcomes={'won': 117, 'stalled': 1, 'truncated': 200, 'other': 0}  rss= 3170.0MB  (7366s)
step   262000/400000  eps=0.150  episodes=  319  mean_return=590.000  mean_loss= 6.63812  mean_foundation= 14.0/52  lifetime_outcomes={'won': 117, 'stalled': 1, 'truncated': 201, 'other': 0}  rss= 3170.0MB  (7371s)
step   263000/400000  eps=0.150  episodes=  321  mean_return=3623.320  mean_loss= 6.72941  mean_foundation= 29.0/52  lifetime_outcomes={'won': 118, 'stalled': 1, 'truncated': 202, 'other': 0}  rss= 3170.0MB  (7375s)
step   264000/400000  eps=0.150  episodes=  322  mean_return=680.000  mean_loss= 6.59423  mean_foundation=  5.0/52  lifetime_outcomes={'won': 118, 'stalled': 1, 'truncated': 203, 'other': 0}  rss= 3170.0MB  (7380s)
step   265000/400000  eps=0.150  episodes=  323  mean_return=1180.000  mean_loss= 6.36357  mean_foundation= 14.0/52  lifetime_outcomes={'won': 118, 'stalled': 1, 'truncated': 204, 'other': 0}  rss= 3170.0MB  (7384s)
step   266000/400000  eps=0.150  episodes=  325  mean_return=7024.950  mean_loss= 6.23330  mean_foundation= 52.0/52  lifetime_outcomes={'won': 120, 'stalled': 1, 'truncated': 204, 'other': 0}  rss= 3170.0MB  (7389s)
step   267000/400000  eps=0.150  episodes=  326  mean_return=7046.520  mean_loss= 6.40373  mean_foundation= 52.0/52  lifetime_outcomes={'won': 121, 'stalled': 1, 'truncated': 204, 'other': 0}  rss= 3170.0MB  (7393s)
step   268000/400000  eps=0.150  episodes=  328  mean_return=4028.915  mean_loss= 6.36676  mean_foundation= 34.5/52  lifetime_outcomes={'won': 122, 'stalled': 1, 'truncated': 205, 'other': 0}  rss= 3170.0MB  (7398s)
step   269000/400000  eps=0.150  episodes=  329  mean_return=1110.000  mean_loss= 6.45368  mean_foundation= 13.0/52  lifetime_outcomes={'won': 122, 'stalled': 1, 'truncated': 206, 'other': 0}  rss= 3170.0MB  (7402s)
step   270000/400000  eps=0.150  episodes=  331  mean_return=4088.340  mean_loss= 6.01859  mean_foundation= 29.0/52  lifetime_outcomes={'won': 123, 'stalled': 1, 'truncated': 207, 'other': 0}  rss= 3170.0MB  (7407s)
  EVAL  step   270000  win_rate=25.50%  mean_return=2412.130  mean_foundation= 21.8/52  mean_length=877.0  (greedy, 200 fixed deals)
step   271000/400000  eps=0.150  episodes=  332  mean_return=490.000  mean_loss= 6.30141  mean_foundation= 10.0/52  lifetime_outcomes={'won': 123, 'stalled': 1, 'truncated': 208, 'other': 0}  rss= 3170.0MB  (7642s)
step   272000/400000  eps=0.150  episodes=  333  mean_return=1240.000  mean_loss= 5.98641  mean_foundation= 14.0/52  lifetime_outcomes={'won': 123, 'stalled': 1, 'truncated': 209, 'other': 0}  rss= 3170.0MB  (7647s)
step   273000/400000  eps=0.150  episodes=  335  mean_return=7044.940  mean_loss= 6.08008  mean_foundation= 52.0/52  lifetime_outcomes={'won': 125, 'stalled': 1, 'truncated': 209, 'other': 0}  rss= 3170.0MB  (7652s)
step   274000/400000  eps=0.150  episodes=  336  mean_return=270.000  mean_loss= 6.15423  mean_foundation=  2.0/52  lifetime_outcomes={'won': 125, 'stalled': 1, 'truncated': 210, 'other': 0}  rss= 3170.0MB  (7656s)
step   275000/400000  eps=0.150  episodes=  337  mean_return=7043.850  mean_loss= 6.02862  mean_foundation= 52.0/52  lifetime_outcomes={'won': 126, 'stalled': 1, 'truncated': 210, 'other': 0}  rss= 3170.0MB  (7661s)
step   276000/400000  eps=0.150  episodes=  338  mean_return=740.000  mean_loss= 5.72624  mean_foundation=  5.0/52  lifetime_outcomes={'won': 126, 'stalled': 1, 'truncated': 211, 'other': 0}  rss= 3170.0MB  (7665s)
step   277000/400000  eps=0.150  episodes=  339  mean_return=1600.000  mean_loss= 5.79088  mean_foundation= 23.0/52  lifetime_outcomes={'won': 126, 'stalled': 1, 'truncated': 212, 'other': 0}  rss= 3170.0MB  (7670s)
step   278000/400000  eps=0.150  episodes=  340  mean_return=290.000  mean_loss= 5.76239  mean_foundation=  2.0/52  lifetime_outcomes={'won': 126, 'stalled': 1, 'truncated': 213, 'other': 0}  rss= 3170.0MB  (7674s)
step   279000/400000  eps=0.150  episodes=  341  mean_return=1450.000  mean_loss= 5.90754  mean_foundation= 34.0/52  lifetime_outcomes={'won': 126, 'stalled': 1, 'truncated': 214, 'other': 0}  rss= 3170.0MB  (7679s)
step   280000/400000  eps=0.150  episodes=  343  mean_return=3942.540  mean_loss= 5.49681  mean_foundation= 32.0/52  lifetime_outcomes={'won': 127, 'stalled': 1, 'truncated': 215, 'other': 0}  rss= 3170.0MB  (7683s)
  EVAL  step   280000  win_rate=26.50%  mean_return=2480.662  mean_foundation= 22.2/52  mean_length=853.8  (greedy, 200 fixed deals)
step   281000/400000  eps=0.150  episodes=  344  mean_return=500.000  mean_loss= 5.76252  mean_foundation= 13.0/52  lifetime_outcomes={'won': 127, 'stalled': 1, 'truncated': 216, 'other': 0}  rss= 3170.0MB  (7913s)
step   282000/400000  eps=0.150  episodes=  345  mean_return=7044.670  mean_loss= 5.75509  mean_foundation= 52.0/52  lifetime_outcomes={'won': 128, 'stalled': 1, 'truncated': 216, 'other': 0}  rss= 3170.0MB  (7917s)
step   283000/400000  eps=0.150  episodes=  346  mean_return=420.000  mean_loss= 5.39556  mean_foundation=  4.0/52  lifetime_outcomes={'won': 128, 'stalled': 1, 'truncated': 217, 'other': 0}  rss= 3170.0MB  (7922s)
step   284000/400000  eps=0.150  episodes=  347  mean_return=1020.000  mean_loss= 5.38477  mean_foundation= 11.0/52  lifetime_outcomes={'won': 128, 'stalled': 1, 'truncated': 218, 'other': 0}  rss= 3170.0MB  (7926s)
step   285000/400000  eps=0.150  episodes=  348  mean_return=1110.000  mean_loss= 5.46836  mean_foundation=  9.0/52  lifetime_outcomes={'won': 128, 'stalled': 1, 'truncated': 219, 'other': 0}  rss= 3170.0MB  (7931s)
step   286000/400000  eps=0.150  episodes=  349  mean_return=1210.000  mean_loss= 5.50682  mean_foundation= 13.0/52  lifetime_outcomes={'won': 128, 'stalled': 1, 'truncated': 220, 'other': 0}  rss= 3170.0MB  (7935s)
step   287000/400000  eps=0.150  episodes=  350  mean_return=1420.000  mean_loss= 5.39962  mean_foundation= 24.0/52  lifetime_outcomes={'won': 128, 'stalled': 1, 'truncated': 221, 'other': 0}  rss= 3170.0MB  (7940s)
step   288000/400000  eps=0.150  episodes=  351  mean_return=490.000  mean_loss= 5.26180  mean_foundation=  5.0/52  lifetime_outcomes={'won': 128, 'stalled': 1, 'truncated': 222, 'other': 0}  rss= 3170.0MB  (7945s)
step   289000/400000  eps=0.150  episodes=  352  mean_return=690.000  mean_loss= 5.33595  mean_foundation=  4.0/52  lifetime_outcomes={'won': 128, 'stalled': 1, 'truncated': 223, 'other': 0}  rss= 3170.0MB  (7949s)
step   290000/400000  eps=0.150  episodes=  353  mean_return=7042.220  mean_loss= 5.11593  mean_foundation= 52.0/52  lifetime_outcomes={'won': 129, 'stalled': 1, 'truncated': 223, 'other': 0}  rss= 3170.0MB  (7955s)
  EVAL  step   290000  win_rate=25.00%  mean_return=2356.037  mean_foundation= 21.4/52  mean_length=856.3  (greedy, 200 fixed deals)
step   291000/400000  eps=0.150  episodes=  354  mean_return=600.000  mean_loss= 4.98712  mean_foundation=  7.0/52  lifetime_outcomes={'won': 129, 'stalled': 1, 'truncated': 224, 'other': 0}  rss= 3170.0MB  (8172s)
step   292000/400000  eps=0.150  episodes=  355  mean_return=1190.000  mean_loss= 5.17846  mean_foundation= 11.0/52  lifetime_outcomes={'won': 129, 'stalled': 1, 'truncated': 225, 'other': 0}  rss= 3170.0MB  (8177s)
step   293000/400000  eps=0.150  episodes=  356  mean_return=1210.000  mean_loss= 5.11041  mean_foundation=  8.0/52  lifetime_outcomes={'won': 129, 'stalled': 1, 'truncated': 226, 'other': 0}  rss= 3170.0MB  (8182s)
step   294000/400000  eps=0.150  episodes=  359  mean_return=2919.010  mean_loss= 5.25170  mean_foundation= 26.7/52  lifetime_outcomes={'won': 130, 'stalled': 2, 'truncated': 227, 'other': 0}  rss= 3170.0MB  (8187s)
step   295000/400000  eps=0.150  episodes=  361  mean_return=3682.900  mean_loss= 4.89023  mean_foundation= 31.0/52  lifetime_outcomes={'won': 131, 'stalled': 2, 'truncated': 228, 'other': 0}  rss= 3170.0MB  (8192s)
step   296000/400000  eps=0.150  episodes=  363  mean_return=7044.885  mean_loss= 4.91352  mean_foundation= 52.0/52  lifetime_outcomes={'won': 133, 'stalled': 2, 'truncated': 228, 'other': 0}  rss= 3170.0MB  (8198s)
step   297000/400000  eps=0.150  episodes=  364  mean_return=530.000  mean_loss= 4.83193  mean_foundation=  4.0/52  lifetime_outcomes={'won': 133, 'stalled': 2, 'truncated': 229, 'other': 0}  rss= 3170.0MB  (8204s)
step   298000/400000  eps=0.150  episodes=  366  mean_return=459.570  mean_loss= 4.94806  mean_foundation=  5.5/52  lifetime_outcomes={'won': 133, 'stalled': 3, 'truncated': 230, 'other': 0}  rss= 3170.0MB  (8210s)
step   299000/400000  eps=0.150  episodes=  367  mean_return=730.000  mean_loss= 4.88161  mean_foundation=  5.0/52  lifetime_outcomes={'won': 133, 'stalled': 3, 'truncated': 231, 'other': 0}  rss= 3170.0MB  (8216s)
step   300000/400000  eps=0.150  episodes=  368  mean_return=520.000  mean_loss= 4.99595  mean_foundation=  4.0/52  lifetime_outcomes={'won': 133, 'stalled': 3, 'truncated': 232, 'other': 0}  rss= 3170.0MB  (8221s)
  EVAL  step   300000  win_rate=26.00%  mean_return=2426.422  mean_foundation= 21.6/52  mean_length=847.8  (greedy, 200 fixed deals)
step   301000/400000  eps=0.150  episodes=  369  mean_return=7043.210  mean_loss= 4.89588  mean_foundation= 52.0/52  lifetime_outcomes={'won': 134, 'stalled': 3, 'truncated': 232, 'other': 0}  rss= 3170.0MB  (8437s)
step   302000/400000  eps=0.150  episodes=  371  mean_return=3943.585  mean_loss= 4.67450  mean_foundation= 32.0/52  lifetime_outcomes={'won': 135, 'stalled': 3, 'truncated': 233, 'other': 0}  rss= 3170.0MB  (8441s)
step   303000/400000  eps=0.150  episodes=  373  mean_return=7044.720  mean_loss= 4.62906  mean_foundation= 52.0/52  lifetime_outcomes={'won': 137, 'stalled': 3, 'truncated': 233, 'other': 0}  rss= 3170.0MB  (8446s)
step   304000/400000  eps=0.150  episodes=  374  mean_return=870.000  mean_loss= 4.74665  mean_foundation= 12.0/52  lifetime_outcomes={'won': 137, 'stalled': 3, 'truncated': 234, 'other': 0}  rss= 3170.0MB  (8451s)
step   305000/400000  eps=0.150  episodes=  375  mean_return=1100.000  mean_loss= 4.78080  mean_foundation= 13.0/52  lifetime_outcomes={'won': 137, 'stalled': 3, 'truncated': 235, 'other': 0}  rss= 3170.0MB  (8456s)
step   306000/400000  eps=0.150  episodes=  376  mean_return=7042.230  mean_loss= 4.73249  mean_foundation= 52.0/52  lifetime_outcomes={'won': 138, 'stalled': 3, 'truncated': 235, 'other': 0}  rss= 3170.0MB  (8461s)
step   307000/400000  eps=0.150  episodes=  377  mean_return=1320.000  mean_loss= 4.57909  mean_foundation= 24.0/52  lifetime_outcomes={'won': 138, 'stalled': 3, 'truncated': 236, 'other': 0}  rss= 3170.0MB  (8466s)
step   308000/400000  eps=0.150  episodes=  378  mean_return=7046.240  mean_loss= 4.47392  mean_foundation= 52.0/52  lifetime_outcomes={'won': 139, 'stalled': 3, 'truncated': 236, 'other': 0}  rss= 3170.0MB  (8471s)
step   309000/400000  eps=0.150  episodes=  379  mean_return=330.000  mean_loss= 4.59046  mean_foundation=  2.0/52  lifetime_outcomes={'won': 139, 'stalled': 3, 'truncated': 237, 'other': 0}  rss= 3170.0MB  (8476s)
step   310000/400000  eps=0.150  episodes=  380  mean_return=950.000  mean_loss= 4.52530  mean_foundation=  8.0/52  lifetime_outcomes={'won': 139, 'stalled': 3, 'truncated': 238, 'other': 0}  rss= 3170.0MB  (8482s)
  EVAL  step   310000  win_rate=25.00%  mean_return=2406.816  mean_foundation= 21.9/52  mean_length=863.5  (greedy, 200 fixed deals)
step   311000/400000  eps=0.150  episodes=  381  mean_return=1280.000  mean_loss= 4.40485  mean_foundation= 10.0/52  lifetime_outcomes={'won': 139, 'stalled': 3, 'truncated': 239, 'other': 0}  rss= 3170.0MB  (8705s)
step   312000/400000  eps=0.150  episodes=  383  mean_return=3826.955  mean_loss= 4.41043  mean_foundation= 30.0/52  lifetime_outcomes={'won': 140, 'stalled': 3, 'truncated': 240, 'other': 0}  rss= 3170.0MB  (8710s)
step   313000/400000  eps=0.150  episodes=  384  mean_return=630.000  mean_loss= 4.38690  mean_foundation=  8.0/52  lifetime_outcomes={'won': 140, 'stalled': 3, 'truncated': 241, 'other': 0}  rss= 3170.0MB  (8717s)
step   314000/400000  eps=0.150  episodes=  385  mean_return=7044.890  mean_loss= 4.39644  mean_foundation= 52.0/52  lifetime_outcomes={'won': 141, 'stalled': 3, 'truncated': 241, 'other': 0}  rss= 3170.0MB  (8723s)
step   315000/400000  eps=0.150  episodes=  386  mean_return=1260.000  mean_loss= 4.18638  mean_foundation= 23.0/52  lifetime_outcomes={'won': 141, 'stalled': 3, 'truncated': 242, 'other': 0}  rss= 3170.0MB  (8732s)
step   316000/400000  eps=0.150  episodes=  387  mean_return=670.000  mean_loss= 4.25691  mean_foundation= 10.0/52  lifetime_outcomes={'won': 141, 'stalled': 3, 'truncated': 243, 'other': 0}  rss= 3170.0MB  (8737s)
step   317000/400000  eps=0.150  episodes=  389  mean_return=3583.375  mean_loss= 4.17852  mean_foundation= 27.5/52  lifetime_outcomes={'won': 142, 'stalled': 3, 'truncated': 244, 'other': 0}  rss= 3170.0MB  (8743s)
step   318000/400000  eps=0.150  episodes=  390  mean_return=290.000  mean_loss= 4.08881  mean_foundation=  9.0/52  lifetime_outcomes={'won': 142, 'stalled': 3, 'truncated': 245, 'other': 0}  rss= 3170.0MB  (8748s)
step   319000/400000  eps=0.150  episodes=  391  mean_return=630.000  mean_loss= 4.26922  mean_foundation=  9.0/52  lifetime_outcomes={'won': 142, 'stalled': 3, 'truncated': 246, 'other': 0}  rss= 3170.0MB  (8753s)
step   320000/400000  eps=0.150  episodes=  392  mean_return=1140.000  mean_loss= 4.08882  mean_foundation= 22.0/52  lifetime_outcomes={'won': 142, 'stalled': 3, 'truncated': 247, 'other': 0}  rss= 3170.0MB  (8760s)
  EVAL  step   320000  win_rate=27.00%  mean_return=2513.979  mean_foundation= 22.1/52  mean_length=862.1  (greedy, 200 fixed deals)
step   321000/400000  eps=0.150  episodes=  393  mean_return=310.000  mean_loss= 4.14608  mean_foundation=  3.0/52  lifetime_outcomes={'won': 142, 'stalled': 3, 'truncated': 248, 'other': 0}  rss= 3170.0MB  (9005s)
step   322000/400000  eps=0.150  episodes=  395  mean_return=3912.675  mean_loss= 4.01691  mean_foundation= 34.0/52  lifetime_outcomes={'won': 143, 'stalled': 3, 'truncated': 249, 'other': 0}  rss= 3170.0MB  (9012s)
step   323000/400000  eps=0.150  episodes=  396  mean_return=1260.000  mean_loss= 4.19325  mean_foundation= 13.0/52  lifetime_outcomes={'won': 143, 'stalled': 3, 'truncated': 250, 'other': 0}  rss= 3170.0MB  (9019s)
step   324000/400000  eps=0.150  episodes=  397  mean_return=1420.000  mean_loss= 3.98607  mean_foundation= 32.0/52  lifetime_outcomes={'won': 143, 'stalled': 3, 'truncated': 251, 'other': 0}  rss= 3170.0MB  (9025s)
step   325000/400000  eps=0.150  episodes=  398  mean_return=7042.490  mean_loss= 3.86739  mean_foundation= 52.0/52  lifetime_outcomes={'won': 144, 'stalled': 3, 'truncated': 251, 'other': 0}  rss= 3170.0MB  (9031s)
step   326000/400000  eps=0.150  episodes=  399  mean_return=7040.950  mean_loss= 3.93854  mean_foundation= 52.0/52  lifetime_outcomes={'won': 145, 'stalled': 3, 'truncated': 251, 'other': 0}  rss= 3170.0MB  (9037s)
step   327000/400000  eps=0.150  episodes=  400  mean_return=7044.620  mean_loss= 3.90456  mean_foundation= 52.0/52  lifetime_outcomes={'won': 146, 'stalled': 3, 'truncated': 251, 'other': 0}  rss= 3170.0MB  (9043s)
step   328000/400000  eps=0.150  episodes=  401  mean_return=680.000  mean_loss= 3.69263  mean_foundation= 13.0/52  lifetime_outcomes={'won': 146, 'stalled': 3, 'truncated': 252, 'other': 0}  rss= 3170.0MB  (9049s)
step   329000/400000  eps=0.150  episodes=  403  mean_return=3608.070  mean_loss= 3.81233  mean_foundation= 28.5/52  lifetime_outcomes={'won': 147, 'stalled': 3, 'truncated': 253, 'other': 0}  rss= 3170.0MB  (9055s)
step   330000/400000  eps=0.150  episodes=  405  mean_return=3942.685  mean_loss= 3.72606  mean_foundation= 28.5/52  lifetime_outcomes={'won': 148, 'stalled': 3, 'truncated': 254, 'other': 0}  rss= 3170.0MB  (9060s)
  EVAL  step   330000  win_rate=22.00%  mean_return=2256.154  mean_foundation= 21.2/52  mean_length=889.6  (greedy, 200 fixed deals)
step   331000/400000  eps=0.150  episodes=  406  mean_return=200.000  mean_loss= 3.87679  mean_foundation=  6.0/52  lifetime_outcomes={'won': 148, 'stalled': 3, 'truncated': 255, 'other': 0}  rss= 3170.0MB  (9346s)
step   332000/400000  eps=0.150  episodes=  407  mean_return=950.000  mean_loss= 3.79074  mean_foundation= 12.0/52  lifetime_outcomes={'won': 148, 'stalled': 3, 'truncated': 256, 'other': 0}  rss= 3170.0MB  (9352s)
step   333000/400000  eps=0.150  episodes=  408  mean_return=7000.750  mean_loss= 3.63555  mean_foundation= 52.0/52  lifetime_outcomes={'won': 149, 'stalled': 3, 'truncated': 256, 'other': 0}  rss= 3170.0MB  (9358s)
step   334000/400000  eps=0.150  episodes=  409  mean_return=530.000  mean_loss= 3.60928  mean_foundation=  5.0/52  lifetime_outcomes={'won': 149, 'stalled': 3, 'truncated': 257, 'other': 0}  rss= 3170.0MB  (9364s)
step   335000/400000  eps=0.150  episodes=  410  mean_return=630.000  mean_loss= 3.66263  mean_foundation=  7.0/52  lifetime_outcomes={'won': 149, 'stalled': 3, 'truncated': 258, 'other': 0}  rss= 3170.0MB  (9370s)
step   336000/400000  eps=0.150  episodes=  412  mean_return=7027.260  mean_loss= 3.55635  mean_foundation= 52.0/52  lifetime_outcomes={'won': 151, 'stalled': 3, 'truncated': 258, 'other': 0}  rss= 3170.0MB  (9376s)
step   337000/400000  eps=0.150  episodes=  413  mean_return=1340.000  mean_loss= 3.53266  mean_foundation=  9.0/52  lifetime_outcomes={'won': 151, 'stalled': 3, 'truncated': 259, 'other': 0}  rss= 3170.0MB  (9382s)
step   338000/400000  eps=0.150  episodes=  414  mean_return=1040.000  mean_loss= 3.56318  mean_foundation=  7.0/52  lifetime_outcomes={'won': 151, 'stalled': 3, 'truncated': 260, 'other': 0}  rss= 3170.0MB  (9388s)
step   339000/400000  eps=0.150  episodes=  415  mean_return=410.000  mean_loss= 3.52363  mean_foundation=  3.0/52  lifetime_outcomes={'won': 151, 'stalled': 3, 'truncated': 261, 'other': 0}  rss= 3170.0MB  (9394s)
step   340000/400000  eps=0.150  episodes=  416  mean_return=730.000  mean_loss= 3.38357  mean_foundation=  6.0/52  lifetime_outcomes={'won': 151, 'stalled': 3, 'truncated': 262, 'other': 0}  rss= 3170.0MB  (9400s)
  EVAL  step   340000  win_rate=27.00%  mean_return=2532.187  mean_foundation= 22.7/52  mean_length=851.3  (greedy, 200 fixed deals)
step   341000/400000  eps=0.150  episodes=  418  mean_return=3853.465  mean_loss= 3.40985  mean_foundation= 30.5/52  lifetime_outcomes={'won': 152, 'stalled': 3, 'truncated': 263, 'other': 0}  rss= 3170.0MB  (9662s)
step   342000/400000  eps=0.150  episodes=  419  mean_return=7043.880  mean_loss= 3.33587  mean_foundation= 52.0/52  lifetime_outcomes={'won': 153, 'stalled': 3, 'truncated': 263, 'other': 0}  rss= 3170.0MB  (9668s)
step   343000/400000  eps=0.150  episodes=  420  mean_return=1390.000  mean_loss= 3.46341  mean_foundation= 21.0/52  lifetime_outcomes={'won': 153, 'stalled': 3, 'truncated': 264, 'other': 0}  rss= 3170.0MB  (9674s)
step   344000/400000  eps=0.150  episodes=  422  mean_return=4217.445  mean_loss= 3.33826  mean_foundation= 34.0/52  lifetime_outcomes={'won': 154, 'stalled': 3, 'truncated': 265, 'other': 0}  rss= 3170.0MB  (9679s)
step   345000/400000  eps=0.150  episodes=  423  mean_return=7043.950  mean_loss= 3.28589  mean_foundation= 52.0/52  lifetime_outcomes={'won': 155, 'stalled': 3, 'truncated': 265, 'other': 0}  rss= 3170.0MB  (9685s)
step   346000/400000  eps=0.150  episodes=  425  mean_return=4238.300  mean_loss= 3.31526  mean_foundation= 33.5/52  lifetime_outcomes={'won': 156, 'stalled': 3, 'truncated': 266, 'other': 0}  rss= 3170.0MB  (9691s)
step   347000/400000  eps=0.150  episodes=  426  mean_return=1010.000  mean_loss= 3.25745  mean_foundation=  8.0/52  lifetime_outcomes={'won': 156, 'stalled': 3, 'truncated': 267, 'other': 0}  rss= 3170.0MB  (9697s)
step   348000/400000  eps=0.150  episodes=  427  mean_return=7041.910  mean_loss= 3.24941  mean_foundation= 52.0/52  lifetime_outcomes={'won': 157, 'stalled': 3, 'truncated': 267, 'other': 0}  rss= 3170.0MB  (9702s)
step   349000/400000  eps=0.150  episodes=  428  mean_return=7043.980  mean_loss= 3.17185  mean_foundation= 52.0/52  lifetime_outcomes={'won': 158, 'stalled': 3, 'truncated': 267, 'other': 0}  rss= 3170.0MB  (9709s)
step   350000/400000  eps=0.150  episodes=  430  mean_return=4277.850  mean_loss= 3.03041  mean_foundation= 35.0/52  lifetime_outcomes={'won': 159, 'stalled': 3, 'truncated': 268, 'other': 0}  rss= 3170.0MB  (9715s)
  EVAL  step   350000  win_rate=22.00%  mean_return=2236.127  mean_foundation= 20.8/52  mean_length=902.3  (greedy, 200 fixed deals)
step   351000/400000  eps=0.150  episodes=  431  mean_return=7045.390  mean_loss= 3.12548  mean_foundation= 52.0/52  lifetime_outcomes={'won': 160, 'stalled': 3, 'truncated': 268, 'other': 0}  rss= 3170.0MB  (10151s)
step   352000/400000  eps=0.150  episodes=  432  mean_return=470.000  mean_loss= 2.95026  mean_foundation=  7.0/52  lifetime_outcomes={'won': 160, 'stalled': 3, 'truncated': 269, 'other': 0}  rss= 3170.0MB  (10164s)
step   353000/400000  eps=0.150  episodes=  433  mean_return=950.000  mean_loss= 3.06229  mean_foundation=  8.0/52  lifetime_outcomes={'won': 160, 'stalled': 3, 'truncated': 270, 'other': 0}  rss= 3170.0MB  (10176s)
step   354000/400000  eps=0.150  episodes=  434  mean_return=550.000  mean_loss= 3.08918  mean_foundation=  7.0/52  lifetime_outcomes={'won': 160, 'stalled': 3, 'truncated': 271, 'other': 0}  rss= 3170.0MB  (10186s)
step   355000/400000  eps=0.150  episodes=  435  mean_return=300.000  mean_loss= 3.06468  mean_foundation=  8.0/52  lifetime_outcomes={'won': 160, 'stalled': 3, 'truncated': 272, 'other': 0}  rss= 3170.0MB  (10206s)
step   356000/400000  eps=0.150  episodes=  436  mean_return=1240.000  mean_loss= 2.96245  mean_foundation= 12.0/52  lifetime_outcomes={'won': 160, 'stalled': 3, 'truncated': 273, 'other': 0}  rss= 3170.0MB  (10221s)
step   357000/400000  eps=0.150  episodes=  437  mean_return=1350.000  mean_loss= 2.96196  mean_foundation= 12.0/52  lifetime_outcomes={'won': 160, 'stalled': 3, 'truncated': 274, 'other': 0}  rss= 3170.0MB  (10231s)
step   358000/400000  eps=0.150  episodes=  438  mean_return=1640.000  mean_loss= 2.85536  mean_foundation= 26.0/52  lifetime_outcomes={'won': 160, 'stalled': 3, 'truncated': 275, 'other': 0}  rss= 3170.0MB  (10245s)
step   359000/400000  eps=0.150  episodes=  439  mean_return=590.000  mean_loss= 2.99718  mean_foundation=  4.0/52  lifetime_outcomes={'won': 160, 'stalled': 3, 'truncated': 276, 'other': 0}  rss= 3170.0MB  (10254s)
step   360000/400000  eps=0.150  episodes=  440  mean_return=920.000  mean_loss= 2.69614  mean_foundation=  5.0/52  lifetime_outcomes={'won': 160, 'stalled': 3, 'truncated': 277, 'other': 0}  rss= 3170.0MB  (10264s)
  EVAL  step   360000  win_rate=28.00%  mean_return=2546.569  mean_foundation= 22.6/52  mean_length=838.1  (greedy, 200 fixed deals)
step   361000/400000  eps=0.150  episodes=  441  mean_return=1220.000  mean_loss= 2.99310  mean_foundation= 25.0/52  lifetime_outcomes={'won': 160, 'stalled': 3, 'truncated': 278, 'other': 0}  rss= 3170.0MB  (10759s)
step   362000/400000  eps=0.150  episodes=  442  mean_return=600.000  mean_loss= 2.83415  mean_foundation= 11.0/52  lifetime_outcomes={'won': 160, 'stalled': 3, 'truncated': 279, 'other': 0}  rss= 3170.0MB  (10765s)
step   363000/400000  eps=0.150  episodes=  444  mean_return=4087.780  mean_loss= 2.81071  mean_foundation= 33.5/52  lifetime_outcomes={'won': 161, 'stalled': 3, 'truncated': 280, 'other': 0}  rss= 3170.0MB  (10772s)
step   364000/400000  eps=0.150  episodes=  445  mean_return=7043.450  mean_loss= 2.76704  mean_foundation= 52.0/52  lifetime_outcomes={'won': 162, 'stalled': 3, 'truncated': 280, 'other': 0}  rss= 3170.0MB  (10777s)
step   365000/400000  eps=0.150  episodes=  447  mean_return=4232.765  mean_loss= 2.82571  mean_foundation= 32.0/52  lifetime_outcomes={'won': 163, 'stalled': 3, 'truncated': 281, 'other': 0}  rss= 3170.0MB  (10784s)
step   366000/400000  eps=0.150  episodes=  448  mean_return=1110.000  mean_loss= 2.75363  mean_foundation=  8.0/52  lifetime_outcomes={'won': 163, 'stalled': 3, 'truncated': 282, 'other': 0}  rss= 3170.0MB  (10790s)
step   367000/400000  eps=0.150  episodes=  449  mean_return=790.000  mean_loss= 2.72363  mean_foundation=  9.0/52  lifetime_outcomes={'won': 163, 'stalled': 3, 'truncated': 283, 'other': 0}  rss= 3170.0MB  (10796s)
step   368000/400000  eps=0.150  episodes=  450  mean_return=720.000  mean_loss= 2.67624  mean_foundation= 14.0/52  lifetime_outcomes={'won': 163, 'stalled': 3, 'truncated': 284, 'other': 0}  rss= 3170.0MB  (10803s)
step   369000/400000  eps=0.150  episodes=  451  mean_return=660.000  mean_loss= 2.77664  mean_foundation=  3.0/52  lifetime_outcomes={'won': 163, 'stalled': 3, 'truncated': 285, 'other': 0}  rss= 3170.0MB  (10810s)
step   370000/400000  eps=0.150  episodes=  452  mean_return=680.000  mean_loss= 2.65074  mean_foundation= 12.0/52  lifetime_outcomes={'won': 163, 'stalled': 3, 'truncated': 286, 'other': 0}  rss= 3170.0MB  (10816s)
  EVAL  step   370000  win_rate=20.00%  mean_return=2139.633  mean_foundation= 20.8/52  mean_length=921.7  (greedy, 200 fixed deals)
step   371000/400000  eps=0.150  episodes=  453  mean_return=1520.000  mean_loss= 2.56101  mean_foundation= 20.0/52  lifetime_outcomes={'won': 163, 'stalled': 3, 'truncated': 287, 'other': 0}  rss= 3170.0MB  (11093s)
step   372000/400000  eps=0.150  episodes=  454  mean_return=7045.350  mean_loss= 2.54793  mean_foundation= 52.0/52  lifetime_outcomes={'won': 164, 'stalled': 3, 'truncated': 287, 'other': 0}  rss= 3170.0MB  (11101s)
step   373000/400000  eps=0.150  episodes=  455  mean_return=350.000  mean_loss= 2.71440  mean_foundation=  2.0/52  lifetime_outcomes={'won': 164, 'stalled': 3, 'truncated': 288, 'other': 0}  rss= 3170.0MB  (11107s)
step   374000/400000  eps=0.150  episodes=  457  mean_return=4088.470  mean_loss= 2.63069  mean_foundation= 27.5/52  lifetime_outcomes={'won': 165, 'stalled': 3, 'truncated': 289, 'other': 0}  rss= 3170.0MB  (11112s)
step   375000/400000  eps=0.150  episodes=  458  mean_return=360.000  mean_loss= 2.62828  mean_foundation=  4.0/52  lifetime_outcomes={'won': 165, 'stalled': 3, 'truncated': 290, 'other': 0}  rss= 3170.0MB  (11118s)
step   376000/400000  eps=0.150  episodes=  459  mean_return=1220.000  mean_loss= 2.66566  mean_foundation=  9.0/52  lifetime_outcomes={'won': 165, 'stalled': 3, 'truncated': 291, 'other': 0}  rss= 3170.0MB  (11124s)
step   377000/400000  eps=0.150  episodes=  461  mean_return=4253.525  mean_loss= 2.69642  mean_foundation= 36.0/52  lifetime_outcomes={'won': 166, 'stalled': 3, 'truncated': 292, 'other': 0}  rss= 3170.0MB  (11130s)
step   378000/400000  eps=0.150  episodes=  462  mean_return=7042.560  mean_loss= 2.54356  mean_foundation= 52.0/52  lifetime_outcomes={'won': 167, 'stalled': 3, 'truncated': 292, 'other': 0}  rss= 3170.0MB  (11138s)
step   379000/400000  eps=0.150  episodes=  463  mean_return=540.000  mean_loss= 2.55913  mean_foundation=  3.0/52  lifetime_outcomes={'won': 167, 'stalled': 3, 'truncated': 293, 'other': 0}  rss= 3170.0MB  (11145s)
step   380000/400000  eps=0.150  episodes=  464  mean_return=1320.000  mean_loss= 2.58055  mean_foundation= 19.0/52  lifetime_outcomes={'won': 167, 'stalled': 3, 'truncated': 294, 'other': 0}  rss= 3170.0MB  (11151s)
  EVAL  step   380000  win_rate=24.50%  mean_return=2385.580  mean_foundation= 21.6/52  mean_length=882.1  (greedy, 200 fixed deals)
step   381000/400000  eps=0.150  episodes=  465  mean_return=1400.000  mean_loss= 2.51336  mean_foundation= 28.0/52  lifetime_outcomes={'won': 167, 'stalled': 3, 'truncated': 295, 'other': 0}  rss= 3170.0MB  (11453s)
step   382000/400000  eps=0.150  episodes=  466  mean_return=640.000  mean_loss= 2.43846  mean_foundation=  5.0/52  lifetime_outcomes={'won': 167, 'stalled': 3, 'truncated': 296, 'other': 0}  rss= 3170.0MB  (11460s)
step   383000/400000  eps=0.150  episodes=  468  mean_return=4178.510  mean_loss= 2.48441  mean_foundation= 32.0/52  lifetime_outcomes={'won': 168, 'stalled': 3, 'truncated': 297, 'other': 0}  rss= 3170.0MB  (11468s)
step   384000/400000  eps=0.150  episodes=  469  mean_return=1040.000  mean_loss= 2.39169  mean_foundation=  4.0/52  lifetime_outcomes={'won': 168, 'stalled': 3, 'truncated': 298, 'other': 0}  rss= 3170.0MB  (11476s)
step   385000/400000  eps=0.150  episodes=  470  mean_return=1000.000  mean_loss= 2.39087  mean_foundation=  6.0/52  lifetime_outcomes={'won': 168, 'stalled': 3, 'truncated': 299, 'other': 0}  rss= 3170.0MB  (11483s)
step   386000/400000  eps=0.150  episodes=  471  mean_return=1570.000  mean_loss= 2.28904  mean_foundation= 19.0/52  lifetime_outcomes={'won': 168, 'stalled': 3, 'truncated': 300, 'other': 0}  rss= 3170.0MB  (11491s)
step   387000/400000  eps=0.150  episodes=  472  mean_return=480.000  mean_loss= 2.44444  mean_foundation=  5.0/52  lifetime_outcomes={'won': 168, 'stalled': 3, 'truncated': 301, 'other': 0}  rss= 3170.0MB  (11498s)
step   388000/400000  eps=0.150  episodes=  473  mean_return=1700.000  mean_loss= 2.30859  mean_foundation= 33.0/52  lifetime_outcomes={'won': 168, 'stalled': 3, 'truncated': 302, 'other': 0}  rss= 3170.0MB  (11506s)
step   389000/400000  eps=0.150  episodes=  474  mean_return=720.000  mean_loss= 2.29773  mean_foundation=  5.0/52  lifetime_outcomes={'won': 168, 'stalled': 3, 'truncated': 303, 'other': 0}  rss= 3170.0MB  (11514s)
step   390000/400000  eps=0.150  episodes=  475  mean_return=7047.500  mean_loss= 2.40344  mean_foundation= 52.0/52  lifetime_outcomes={'won': 169, 'stalled': 3, 'truncated': 303, 'other': 0}  rss= 3170.0MB  (11521s)
  EVAL  step   390000  win_rate=20.00%  mean_return=2151.030  mean_foundation= 20.7/52  mean_length=902.0  (greedy, 200 fixed deals)
step   391000/400000  eps=0.150  episodes=  476  mean_return=1890.000  mean_loss= 2.17540  mean_foundation= 37.0/52  lifetime_outcomes={'won': 169, 'stalled': 3, 'truncated': 304, 'other': 0}  rss= 3170.0MB  (11855s)
step   392000/400000  eps=0.150  episodes=  477  mean_return=600.000  mean_loss= 2.32226  mean_foundation= 12.0/52  lifetime_outcomes={'won': 169, 'stalled': 3, 'truncated': 305, 'other': 0}  rss= 3170.0MB  (11863s)
step   393000/400000  eps=0.150  episodes=  479  mean_return=3787.355  mean_loss= 2.34917  mean_foundation= 30.5/52  lifetime_outcomes={'won': 170, 'stalled': 3, 'truncated': 306, 'other': 0}  rss= 3170.0MB  (11871s)
step   394000/400000  eps=0.150  episodes=  481  mean_return=3953.335  mean_loss= 2.27616  mean_foundation= 32.0/52  lifetime_outcomes={'won': 171, 'stalled': 3, 'truncated': 307, 'other': 0}  rss= 3170.0MB  (11879s)
step   395000/400000  eps=0.150  episodes=  482  mean_return=990.000  mean_loss= 2.28477  mean_foundation= 10.0/52  lifetime_outcomes={'won': 171, 'stalled': 3, 'truncated': 308, 'other': 0}  rss= 3170.0MB  (11887s)
step   396000/400000  eps=0.150  episodes=  483  mean_return=1100.000  mean_loss= 2.27289  mean_foundation= 10.0/52  lifetime_outcomes={'won': 171, 'stalled': 3, 'truncated': 309, 'other': 0}  rss= 3170.0MB  (11895s)
step   397000/400000  eps=0.150  episodes=  484  mean_return=7043.480  mean_loss= 2.23310  mean_foundation= 52.0/52  lifetime_outcomes={'won': 172, 'stalled': 3, 'truncated': 309, 'other': 0}  rss= 3170.0MB  (11902s)
step   398000/400000  eps=0.150  episodes=  485  mean_return=1200.000  mean_loss= 2.22487  mean_foundation= 12.0/52  lifetime_outcomes={'won': 172, 'stalled': 3, 'truncated': 310, 'other': 0}  rss= 3170.0MB  (11910s)
step   399000/400000  eps=0.150  episodes=  486  mean_return=7042.380  mean_loss= 2.24591  mean_foundation= 52.0/52  lifetime_outcomes={'won': 173, 'stalled': 3, 'truncated': 310, 'other': 0}  rss= 3170.0MB  (11920s)
step   400000/400000  eps=0.150  episodes=  487  mean_return=1610.000  mean_loss= 2.12917  mean_foundation= 24.0/52  lifetime_outcomes={'won': 173, 'stalled': 3, 'truncated': 311, 'other': 0}  rss= 3170.0MB  (11927s)
  EVAL  step   400000  win_rate=22.50%  mean_return=2313.416  mean_foundation= 21.8/52  mean_length=888.4  (greedy, 200 fixed deals)
done. saved final checkpoint to runs/025_dqfd_moredemo_epsfloor_loopbreaker_solvcurriculum_layernorm/checkpoint_final.pt
=== train_resilient: training completed successfully ===
