=== train_resilient: attempt 1 ===
run directory: runs/027_dqfd_moredemo_epsfloor_loopbreaker_solvcurriculum_undopenalty20
eval: using 1000-seed battery from runs/eval_corpus.jsonl (first 200 of them per eval pass) instead of the fixed 900000+i range
DQfD: building 100000 permanent demo transitions from runs/curriculum_wins.jsonl
built 100000 demo transitions from 156 winning episodes (1 diverged and were skipped)
DQfD: loaded 100000 demo transitions into the permanent replay-buffer region
solvable-seed pool: loaded 1578 ground-truth-solvable seeds from runs/solvable_corpus.jsonl, used for fresh-deal resets over first 100000 steps
step     1000/400000  eps=0.996  episodes=    1  mean_return=-2500.000  mean_loss=     nan  mean_foundation=  3.0/52  lifetime_outcomes={'won': 0, 'stalled': 0, 'truncated': 1, 'other': 0}  rss= 2059.1MB  (1s)
step     2000/400000  eps=0.992  episodes=    2  mean_return=-1200.000  mean_loss=     nan  mean_foundation=  6.0/52  lifetime_outcomes={'won': 0, 'stalled': 0, 'truncated': 2, 'other': 0}  rss= 2074.2MB  (2s)
step     3000/400000  eps=0.987  episodes=    3  mean_return=-1530.000  mean_loss=     nan  mean_foundation= 11.0/52  lifetime_outcomes={'won': 0, 'stalled': 0, 'truncated': 3, 'other': 0}  rss= 2082.9MB  (3s)
step     4000/400000  eps=0.983  episodes=    4  mean_return=-2690.000  mean_loss=     nan  mean_foundation=  4.0/52  lifetime_outcomes={'won': 0, 'stalled': 0, 'truncated': 4, 'other': 0}  rss= 2089.0MB  (5s)
step     5000/400000  eps=0.979  episodes=    5  mean_return=-1200.000  mean_loss=10.87861  mean_foundation=  6.0/52  lifetime_outcomes={'won': 0, 'stalled': 0, 'truncated': 5, 'other': 0}  rss= 2381.7MB  (6s)
step     6000/400000  eps=0.975  episodes=    6  mean_return=570.000  mean_loss=54.97728  mean_foundation= 12.0/52  lifetime_outcomes={'won': 0, 'stalled': 0, 'truncated': 6, 'other': 0}  rss= 2392.6MB  (11s)
step     7000/400000  eps=0.970  episodes=    7  mean_return=-2530.000  mean_loss=81.55903  mean_foundation=  6.0/52  lifetime_outcomes={'won': 0, 'stalled': 0, 'truncated': 7, 'other': 0}  rss= 2398.7MB  (15s)
step     8000/400000  eps=0.966  episodes=    8  mean_return=-1160.000  mean_loss=91.98474  mean_foundation=  5.0/52  lifetime_outcomes={'won': 0, 'stalled': 0, 'truncated': 8, 'other': 0}  rss= 2400.7MB  (18s)
step     9000/400000  eps=0.962  episodes=    9  mean_return=-1230.000  mean_loss=98.72723  mean_foundation= 10.0/52  lifetime_outcomes={'won': 0, 'stalled': 0, 'truncated': 9, 'other': 0}  rss= 2406.7MB  (21s)
step    10000/400000  eps=0.958  episodes=   10  mean_return=-3840.000  mean_loss=99.68155  mean_foundation=  6.0/52  lifetime_outcomes={'won': 0, 'stalled': 0, 'truncated': 10, 'other': 0}  rss= 2408.7MB  (24s)
  EVAL  step    10000  win_rate=36.00%  mean_return=3042.404  mean_foundation= 26.6/52  mean_length=839.6  (greedy, 200 fixed deals)
step    11000/400000  eps=0.953  episodes=   11  mean_return=670.000  mean_loss=103.20320  mean_foundation=  3.0/52  lifetime_outcomes={'won': 0, 'stalled': 0, 'truncated': 11, 'other': 0}  rss= 2447.4MB  (217s)
step    12000/400000  eps=0.949  episodes=   12  mean_return=-1240.000  mean_loss=101.26956  mean_foundation=  7.0/52  lifetime_outcomes={'won': 0, 'stalled': 0, 'truncated': 12, 'other': 0}  rss= 2447.4MB  (221s)
step    13000/400000  eps=0.945  episodes=   13  mean_return=-5030.000  mean_loss=93.57002  mean_foundation=  3.0/52  lifetime_outcomes={'won': 0, 'stalled': 0, 'truncated': 13, 'other': 0}  rss= 2448.1MB  (225s)
step    14000/400000  eps=0.941  episodes=   14  mean_return=-3010.000  mean_loss=97.99833  mean_foundation=  2.0/52  lifetime_outcomes={'won': 0, 'stalled': 0, 'truncated': 14, 'other': 0}  rss= 2452.1MB  (230s)
step    15000/400000  eps=0.936  episodes=   15  mean_return=-1950.000  mean_loss=94.61814  mean_foundation= 10.0/52  lifetime_outcomes={'won': 0, 'stalled': 0, 'truncated': 15, 'other': 0}  rss= 2456.2MB  (234s)
step    16000/400000  eps=0.932  episodes=   16  mean_return=-1250.000  mean_loss=91.92260  mean_foundation= 23.0/52  lifetime_outcomes={'won': 0, 'stalled': 0, 'truncated': 16, 'other': 0}  rss= 2460.2MB  (238s)
step    17000/400000  eps=0.928  episodes=   17  mean_return=-2390.000  mean_loss=93.30380  mean_foundation=  2.0/52  lifetime_outcomes={'won': 0, 'stalled': 0, 'truncated': 17, 'other': 0}  rss= 2464.2MB  (242s)
step    18000/400000  eps=0.923  episodes=   18  mean_return=-730.000  mean_loss=91.43804  mean_foundation= 35.0/52  lifetime_outcomes={'won': 0, 'stalled': 0, 'truncated': 18, 'other': 0}  rss= 2468.2MB  (247s)
step    19000/400000  eps=0.919  episodes=   19  mean_return=-2330.000  mean_loss=89.68732  mean_foundation= 28.0/52  lifetime_outcomes={'won': 0, 'stalled': 0, 'truncated': 19, 'other': 0}  rss= 2472.2MB  (251s)
step    20000/400000  eps=0.915  episodes=   20  mean_return=-3090.000  mean_loss=85.01558  mean_foundation=  4.0/52  lifetime_outcomes={'won': 0, 'stalled': 0, 'truncated': 20, 'other': 0}  rss= 2476.4MB  (257s)
  EVAL  step    20000  win_rate=30.50%  mean_return=2685.933  mean_foundation= 24.6/52  mean_length=811.7  (greedy, 200 fixed deals)
step    21000/400000  eps=0.911  episodes=   21  mean_return=-1670.000  mean_loss=86.57468  mean_foundation=  4.0/52  lifetime_outcomes={'won': 0, 'stalled': 0, 'truncated': 21, 'other': 0}  rss= 2487.1MB  (462s)
step    22000/400000  eps=0.906  episodes=   22  mean_return=-380.000  mean_loss=83.40962  mean_foundation= 19.0/52  lifetime_outcomes={'won': 0, 'stalled': 0, 'truncated': 22, 'other': 0}  rss= 2491.1MB  (465s)
step    23000/400000  eps=0.902  episodes=   23  mean_return=-2210.000  mean_loss=84.24961  mean_foundation=  7.0/52  lifetime_outcomes={'won': 0, 'stalled': 0, 'truncated': 23, 'other': 0}  rss= 2495.1MB  (468s)
step    24000/400000  eps=0.898  episodes=   24  mean_return=-3570.000  mean_loss=80.52740  mean_foundation=  4.0/52  lifetime_outcomes={'won': 0, 'stalled': 0, 'truncated': 24, 'other': 0}  rss= 2499.1MB  (471s)
step    25000/400000  eps=0.894  episodes=   25  mean_return=-1520.000  mean_loss=81.80554  mean_foundation= 13.0/52  lifetime_outcomes={'won': 0, 'stalled': 0, 'truncated': 25, 'other': 0}  rss= 2503.2MB  (474s)
step    26000/400000  eps=0.889  episodes=   26  mean_return=-240.000  mean_loss=79.20294  mean_foundation= 42.0/52  lifetime_outcomes={'won': 0, 'stalled': 0, 'truncated': 26, 'other': 0}  rss= 2505.3MB  (477s)
step    27000/400000  eps=0.885  episodes=   27  mean_return=-690.000  mean_loss=78.86130  mean_foundation=  8.0/52  lifetime_outcomes={'won': 0, 'stalled': 0, 'truncated': 27, 'other': 0}  rss= 2511.4MB  (480s)
step    28000/400000  eps=0.881  episodes=   28  mean_return=-890.000  mean_loss=78.95286  mean_foundation= 10.0/52  lifetime_outcomes={'won': 0, 'stalled': 0, 'truncated': 28, 'other': 0}  rss= 2513.4MB  (483s)
step    29000/400000  eps=0.877  episodes=   29  mean_return=-2440.000  mean_loss=77.48051  mean_foundation=  3.0/52  lifetime_outcomes={'won': 0, 'stalled': 0, 'truncated': 29, 'other': 0}  rss= 2519.4MB  (486s)
step    30000/400000  eps=0.873  episodes=   30  mean_return=-3460.000  mean_loss=75.51666  mean_foundation=  5.0/52  lifetime_outcomes={'won': 0, 'stalled': 0, 'truncated': 30, 'other': 0}  rss= 2523.4MB  (489s)
  EVAL  step    30000  win_rate=35.00%  mean_return=2958.605  mean_foundation= 25.8/52  mean_length=784.5  (greedy, 200 fixed deals)
step    31000/400000  eps=0.868  episodes=   31  mean_return=-2100.000  mean_loss=73.54907  mean_foundation=  5.0/52  lifetime_outcomes={'won': 0, 'stalled': 0, 'truncated': 31, 'other': 0}  rss= 2532.1MB  (699s)
step    32000/400000  eps=0.864  episodes=   32  mean_return=-1960.000  mean_loss=73.24367  mean_foundation=  4.0/52  lifetime_outcomes={'won': 0, 'stalled': 0, 'truncated': 32, 'other': 0}  rss= 2536.2MB  (703s)
step    33000/400000  eps=0.860  episodes=   33  mean_return=-2150.000  mean_loss=72.08760  mean_foundation= 43.0/52  lifetime_outcomes={'won': 0, 'stalled': 0, 'truncated': 33, 'other': 0}  rss= 2538.2MB  (707s)
step    34000/400000  eps=0.855  episodes=   34  mean_return=-980.000  mean_loss=68.19453  mean_foundation= 16.0/52  lifetime_outcomes={'won': 0, 'stalled': 0, 'truncated': 34, 'other': 0}  rss= 2544.2MB  (711s)
step    35000/400000  eps=0.851  episodes=   35  mean_return=-1290.000  mean_loss=69.16152  mean_foundation= 15.0/52  lifetime_outcomes={'won': 0, 'stalled': 0, 'truncated': 35, 'other': 0}  rss= 2546.2MB  (715s)
step    36000/400000  eps=0.847  episodes=   36  mean_return=4060.700  mean_loss=67.39651  mean_foundation= 52.0/52  lifetime_outcomes={'won': 1, 'stalled': 0, 'truncated': 35, 'other': 0}  rss= 2552.2MB  (719s)
step    37000/400000  eps=0.843  episodes=   37  mean_return=3860.630  mean_loss=65.12332  mean_foundation= 52.0/52  lifetime_outcomes={'won': 2, 'stalled': 0, 'truncated': 35, 'other': 0}  rss= 2554.2MB  (724s)
step    38000/400000  eps=0.839  episodes=   38  mean_return=5281.800  mean_loss=64.93973  mean_foundation= 52.0/52  lifetime_outcomes={'won': 3, 'stalled': 0, 'truncated': 35, 'other': 0}  rss= 2558.2MB  (727s)
step    39000/400000  eps=0.834  episodes=   39  mean_return=-2180.000  mean_loss=61.77019  mean_foundation=  4.0/52  lifetime_outcomes={'won': 3, 'stalled': 0, 'truncated': 36, 'other': 0}  rss= 2564.4MB  (732s)
step    40000/400000  eps=0.830  episodes=   40  mean_return=-1680.000  mean_loss=62.45847  mean_foundation=  8.0/52  lifetime_outcomes={'won': 3, 'stalled': 0, 'truncated': 37, 'other': 0}  rss= 2566.4MB  (736s)
  EVAL  step    40000  win_rate=35.50%  mean_return=3030.150  mean_foundation= 26.8/52  mean_length=845.0  (greedy, 200 fixed deals)
step    41000/400000  eps=0.826  episodes=   41  mean_return=4381.450  mean_loss=61.20110  mean_foundation= 52.0/52  lifetime_outcomes={'won': 4, 'stalled': 0, 'truncated': 37, 'other': 0}  rss= 2572.6MB  (941s)
step    42000/400000  eps=0.822  episodes=   42  mean_return= 50.000  mean_loss=62.83568  mean_foundation= 31.0/52  lifetime_outcomes={'won': 4, 'stalled': 0, 'truncated': 38, 'other': 0}  rss= 2574.6MB  (945s)
step    43000/400000  eps=0.817  episodes=   43  mean_return=5200.440  mean_loss=58.92642  mean_foundation= 52.0/52  lifetime_outcomes={'won': 5, 'stalled': 0, 'truncated': 38, 'other': 0}  rss= 2578.6MB  (949s)
step    44000/400000  eps=0.813  episodes=   44  mean_return=-1240.000  mean_loss=58.49598  mean_foundation=  9.0/52  lifetime_outcomes={'won': 5, 'stalled': 0, 'truncated': 39, 'other': 0}  rss= 2582.6MB  (954s)
step    45000/400000  eps=0.809  episodes=   46  mean_return=5393.535  mean_loss=57.62884  mean_foundation= 52.0/52  lifetime_outcomes={'won': 7, 'stalled': 0, 'truncated': 39, 'other': 0}  rss= 2586.7MB  (958s)
step    46000/400000  eps=0.804  episodes=   47  mean_return=5424.200  mean_loss=56.15812  mean_foundation= 52.0/52  lifetime_outcomes={'won': 8, 'stalled': 0, 'truncated': 39, 'other': 0}  rss= 2590.7MB  (963s)
step    47000/400000  eps=0.800  episodes=   49  mean_return=2356.885  mean_loss=54.55863  mean_foundation= 28.5/52  lifetime_outcomes={'won': 9, 'stalled': 0, 'truncated': 40, 'other': 0}  rss= 2594.7MB  (967s)
step    48000/400000  eps=0.796  episodes=   50  mean_return=3420.410  mean_loss=57.48391  mean_foundation= 52.0/52  lifetime_outcomes={'won': 10, 'stalled': 0, 'truncated': 40, 'other': 0}  rss= 2600.9MB  (972s)
step    49000/400000  eps=0.792  episodes=   51  mean_return=-630.000  mean_loss=54.94801  mean_foundation=  9.0/52  lifetime_outcomes={'won': 10, 'stalled': 0, 'truncated': 41, 'other': 0}  rss= 2603.0MB  (977s)
step    50000/400000  eps=0.787  episodes=   52  mean_return=4562.740  mean_loss=55.35151  mean_foundation= 52.0/52  lifetime_outcomes={'won': 11, 'stalled': 0, 'truncated': 41, 'other': 0}  rss= 2607.0MB  (981s)
  EVAL  step    50000  win_rate=35.00%  mean_return=2961.247  mean_foundation= 26.2/52  mean_length=810.3  (greedy, 200 fixed deals)
step    51000/400000  eps=0.783  episodes=   53  mean_return=-540.000  mean_loss=54.43298  mean_foundation=  1.0/52  lifetime_outcomes={'won': 11, 'stalled': 0, 'truncated': 42, 'other': 0}  rss= 2611.1MB  (1193s)
step    52000/400000  eps=0.779  episodes=   54  mean_return=5002.930  mean_loss=52.91130  mean_foundation= 52.0/52  lifetime_outcomes={'won': 12, 'stalled': 0, 'truncated': 42, 'other': 0}  rss= 2615.1MB  (1197s)
step    53000/400000  eps=0.775  episodes=   56  mean_return=4642.960  mean_loss=52.14689  mean_foundation= 52.0/52  lifetime_outcomes={'won': 14, 'stalled': 0, 'truncated': 42, 'other': 0}  rss= 2617.1MB  (1201s)
step    54000/400000  eps=0.770  episodes=   57  mean_return=-2020.000  mean_loss=50.48525  mean_foundation=  4.0/52  lifetime_outcomes={'won': 14, 'stalled': 0, 'truncated': 43, 'other': 0}  rss= 2623.2MB  (1205s)
step    55000/400000  eps=0.766  episodes=   58  mean_return=-1450.000  mean_loss=50.57321  mean_foundation=  5.0/52  lifetime_outcomes={'won': 14, 'stalled': 0, 'truncated': 44, 'other': 0}  rss= 2627.2MB  (1209s)
step    56000/400000  eps=0.762  episodes=   59  mean_return=5322.030  mean_loss=49.98791  mean_foundation= 52.0/52  lifetime_outcomes={'won': 15, 'stalled': 0, 'truncated': 44, 'other': 0}  rss= 2631.2MB  (1213s)
step    57000/400000  eps=0.758  episodes=   60  mean_return=-140.000  mean_loss=49.99530  mean_foundation= 11.0/52  lifetime_outcomes={'won': 15, 'stalled': 0, 'truncated': 45, 'other': 0}  rss= 2635.2MB  (1217s)
step    58000/400000  eps=0.754  episodes=   61  mean_return=5204.020  mean_loss=50.14293  mean_foundation= 52.0/52  lifetime_outcomes={'won': 16, 'stalled': 0, 'truncated': 45, 'other': 0}  rss= 2639.2MB  (1221s)
step    59000/400000  eps=0.749  episodes=   62  mean_return=-1130.000  mean_loss=47.66811  mean_foundation=  6.0/52  lifetime_outcomes={'won': 16, 'stalled': 0, 'truncated': 46, 'other': 0}  rss= 2643.3MB  (1225s)
step    60000/400000  eps=0.745  episodes=   64  mean_return=1767.005  mean_loss=48.10332  mean_foundation= 28.5/52  lifetime_outcomes={'won': 17, 'stalled': 0, 'truncated': 47, 'other': 0}  rss= 2645.3MB  (1229s)
  EVAL  step    60000  win_rate=31.50%  mean_return=2698.111  mean_foundation= 23.9/52  mean_length=813.9  (greedy, 200 fixed deals)
step    61000/400000  eps=0.741  episodes=   65  mean_return=4700.560  mean_loss=45.80744  mean_foundation= 52.0/52  lifetime_outcomes={'won': 18, 'stalled': 0, 'truncated': 47, 'other': 0}  rss= 2651.3MB  (1419s)
step    62000/400000  eps=0.736  episodes=   67  mean_return=5764.165  mean_loss=46.70874  mean_foundation= 52.0/52  lifetime_outcomes={'won': 20, 'stalled': 0, 'truncated': 47, 'other': 0}  rss= 2655.3MB  (1423s)
step    63000/400000  eps=0.732  episodes=   68  mean_return=-1380.000  mean_loss=45.35879  mean_foundation= 16.0/52  lifetime_outcomes={'won': 20, 'stalled': 0, 'truncated': 48, 'other': 0}  rss= 2659.3MB  (1427s)
step    64000/400000  eps=0.728  episodes=   69  mean_return=5483.940  mean_loss=45.51690  mean_foundation= 52.0/52  lifetime_outcomes={'won': 21, 'stalled': 0, 'truncated': 48, 'other': 0}  rss= 2663.3MB  (1431s)
step    65000/400000  eps=0.724  episodes=   70  mean_return=410.000  mean_loss=45.97869  mean_foundation=  8.0/52  lifetime_outcomes={'won': 21, 'stalled': 0, 'truncated': 49, 'other': 0}  rss= 2665.3MB  (1435s)
step    66000/400000  eps=0.720  episodes=   71  mean_return=4641.940  mean_loss=46.11562  mean_foundation= 52.0/52  lifetime_outcomes={'won': 22, 'stalled': 0, 'truncated': 49, 'other': 0}  rss= 2671.4MB  (1439s)
step    67000/400000  eps=0.715  episodes=   72  mean_return=-620.000  mean_loss=45.22874  mean_foundation= 16.0/52  lifetime_outcomes={'won': 22, 'stalled': 0, 'truncated': 50, 'other': 0}  rss= 2673.4MB  (1444s)
step    68000/400000  eps=0.711  episodes=   73  mean_return=-1460.000  mean_loss=44.97529  mean_foundation=  3.0/52  lifetime_outcomes={'won': 22, 'stalled': 0, 'truncated': 51, 'other': 0}  rss= 2679.4MB  (1448s)
step    69000/400000  eps=0.707  episodes=   75  mean_return=1676.650  mean_loss=42.53329  mean_foundation= 33.0/52  lifetime_outcomes={'won': 23, 'stalled': 0, 'truncated': 52, 'other': 0}  rss= 2681.4MB  (1452s)
step    70000/400000  eps=0.703  episodes=   76  mean_return=-490.000  mean_loss=42.97358  mean_foundation= 11.0/52  lifetime_outcomes={'won': 23, 'stalled': 0, 'truncated': 53, 'other': 0}  rss= 2685.4MB  (1456s)
  EVAL  step    70000  win_rate=35.00%  mean_return=2958.129  mean_foundation= 25.6/52  mean_length=807.1  (greedy, 200 fixed deals)
step    71000/400000  eps=0.698  episodes=   77  mean_return=5403.410  mean_loss=41.80767  mean_foundation= 52.0/52  lifetime_outcomes={'won': 24, 'stalled': 0, 'truncated': 53, 'other': 0}  rss= 2691.5MB  (1637s)
step    72000/400000  eps=0.694  episodes=   78  mean_return=380.000  mean_loss=42.81367  mean_foundation=  1.0/52  lifetime_outcomes={'won': 24, 'stalled': 0, 'truncated': 54, 'other': 0}  rss= 2693.5MB  (1641s)
step    73000/400000  eps=0.690  episodes=   79  mean_return=-970.000  mean_loss=42.09141  mean_foundation=  5.0/52  lifetime_outcomes={'won': 24, 'stalled': 0, 'truncated': 55, 'other': 0}  rss= 2699.5MB  (1645s)
step    74000/400000  eps=0.685  episodes=   80  mean_return=5485.320  mean_loss=40.37450  mean_foundation= 52.0/52  lifetime_outcomes={'won': 25, 'stalled': 0, 'truncated': 55, 'other': 0}  rss= 2701.5MB  (1649s)
step    75000/400000  eps=0.681  episodes=   82  mean_return=2977.325  mean_loss=39.86228  mean_foundation= 28.0/52  lifetime_outcomes={'won': 26, 'stalled': 0, 'truncated': 56, 'other': 0}  rss= 2707.5MB  (1653s)
step    76000/400000  eps=0.677  episodes=   83  mean_return=-2130.000  mean_loss=41.50404  mean_foundation=  2.0/52  lifetime_outcomes={'won': 26, 'stalled': 0, 'truncated': 57, 'other': 0}  rss= 2709.5MB  (1657s)
step    77000/400000  eps=0.673  episodes=   84  mean_return=4500.790  mean_loss=40.73888  mean_foundation= 52.0/52  lifetime_outcomes={'won': 27, 'stalled': 0, 'truncated': 57, 'other': 0}  rss= 2713.6MB  (1661s)
step    78000/400000  eps=0.668  episodes=   85  mean_return=5644.230  mean_loss=38.66053  mean_foundation= 52.0/52  lifetime_outcomes={'won': 28, 'stalled': 0, 'truncated': 57, 'other': 0}  rss= 2717.6MB  (1665s)
step    79000/400000  eps=0.664  episodes=   86  mean_return=-1200.000  mean_loss=38.08430  mean_foundation=  8.0/52  lifetime_outcomes={'won': 28, 'stalled': 0, 'truncated': 58, 'other': 0}  rss= 2721.6MB  (1669s)
step    80000/400000  eps=0.660  episodes=   88  mean_return=1936.950  mean_loss=39.13029  mean_foundation= 28.5/52  lifetime_outcomes={'won': 29, 'stalled': 0, 'truncated': 59, 'other': 0}  rss= 2725.6MB  (1673s)
  EVAL  step    80000  win_rate=30.00%  mean_return=2642.607  mean_foundation= 23.8/52  mean_length=819.3  (greedy, 200 fixed deals)
step    81000/400000  eps=0.656  episodes=   89  mean_return=-920.000  mean_loss=38.64284  mean_foundation= 14.0/52  lifetime_outcomes={'won': 29, 'stalled': 0, 'truncated': 60, 'other': 0}  rss= 2729.7MB  (1843s)
step    82000/400000  eps=0.651  episodes=   90  mean_return=-970.000  mean_loss=37.71014  mean_foundation=  5.0/52  lifetime_outcomes={'won': 29, 'stalled': 0, 'truncated': 61, 'other': 0}  rss= 2733.7MB  (1846s)
step    83000/400000  eps=0.647  episodes=   91  mean_return=-1730.000  mean_loss=37.66581  mean_foundation=  2.0/52  lifetime_outcomes={'won': 29, 'stalled': 0, 'truncated': 62, 'other': 0}  rss= 2737.8MB  (1849s)
step    84000/400000  eps=0.643  episodes=   92  mean_return=-2590.000  mean_loss=36.45823  mean_foundation= 13.0/52  lifetime_outcomes={'won': 29, 'stalled': 0, 'truncated': 63, 'other': 0}  rss= 2741.8MB  (1853s)
step    85000/400000  eps=0.639  episodes=   94  mean_return=6025.795  mean_loss=37.12953  mean_foundation= 52.0/52  lifetime_outcomes={'won': 31, 'stalled': 0, 'truncated': 63, 'other': 0}  rss= 2745.8MB  (1856s)
step    86000/400000  eps=0.635  episodes=   95  mean_return=-550.000  mean_loss=36.10522  mean_foundation= 27.0/52  lifetime_outcomes={'won': 31, 'stalled': 0, 'truncated': 64, 'other': 0}  rss= 2749.8MB  (1859s)
step    87000/400000  eps=0.630  episodes=   96  mean_return=6223.030  mean_loss=36.83814  mean_foundation= 52.0/52  lifetime_outcomes={'won': 32, 'stalled': 0, 'truncated': 64, 'other': 0}  rss= 2753.8MB  (1862s)
step    88000/400000  eps=0.626  episodes=   97  mean_return=-1010.000  mean_loss=35.54236  mean_foundation=  3.0/52  lifetime_outcomes={'won': 32, 'stalled': 0, 'truncated': 65, 'other': 0}  rss= 2757.8MB  (1865s)
step    89000/400000  eps=0.622  episodes=   98  mean_return=630.000  mean_loss=34.13065  mean_foundation=  2.0/52  lifetime_outcomes={'won': 32, 'stalled': 0, 'truncated': 66, 'other': 0}  rss= 2761.9MB  (1869s)
step    90000/400000  eps=0.617  episodes=   99  mean_return=-3140.000  mean_loss=34.48290  mean_foundation=  5.0/52  lifetime_outcomes={'won': 32, 'stalled': 0, 'truncated': 67, 'other': 0}  rss= 2765.9MB  (1872s)
  EVAL  step    90000  win_rate=37.50%  mean_return=3123.517  mean_foundation= 26.9/52  mean_length=813.3  (greedy, 200 fixed deals)
step    91000/400000  eps=0.613  episodes=  100  mean_return=-2210.000  mean_loss=35.03302  mean_foundation= 10.0/52  lifetime_outcomes={'won': 32, 'stalled': 0, 'truncated': 68, 'other': 0}  rss= 2769.9MB  (2041s)
step    92000/400000  eps=0.609  episodes=  102  mean_return=1668.180  mean_loss=34.42263  mean_foundation= 27.5/52  lifetime_outcomes={'won': 33, 'stalled': 0, 'truncated': 69, 'other': 0}  rss= 2771.9MB  (2044s)
step    93000/400000  eps=0.605  episodes=  103  mean_return=5903.470  mean_loss=32.24224  mean_foundation= 52.0/52  lifetime_outcomes={'won': 34, 'stalled': 0, 'truncated': 69, 'other': 0}  rss= 2777.9MB  (2047s)
step    94000/400000  eps=0.601  episodes=  104  mean_return=-1250.000  mean_loss=33.36841  mean_foundation=  6.0/52  lifetime_outcomes={'won': 34, 'stalled': 0, 'truncated': 70, 'other': 0}  rss= 2782.0MB  (2050s)
step    95000/400000  eps=0.596  episodes=  105  mean_return=-1810.000  mean_loss=32.64220  mean_foundation= 24.0/52  lifetime_outcomes={'won': 34, 'stalled': 0, 'truncated': 71, 'other': 0}  rss= 2786.0MB  (2054s)
step    96000/400000  eps=0.592  episodes=  106  mean_return=-1010.000  mean_loss=32.08023  mean_foundation=  8.0/52  lifetime_outcomes={'won': 34, 'stalled': 0, 'truncated': 72, 'other': 0}  rss= 2790.0MB  (2057s)
step    97000/400000  eps=0.588  episodes=  107  mean_return=-680.000  mean_loss=31.68608  mean_foundation= 15.0/52  lifetime_outcomes={'won': 34, 'stalled': 0, 'truncated': 73, 'other': 0}  rss= 2792.0MB  (2060s)
step    98000/400000  eps=0.584  episodes=  108  mean_return=-1100.000  mean_loss=32.59614  mean_foundation=  2.0/52  lifetime_outcomes={'won': 34, 'stalled': 0, 'truncated': 74, 'other': 0}  rss= 2798.0MB  (2063s)
step    99000/400000  eps=0.579  episodes=  109  mean_return=-470.000  mean_loss=32.14745  mean_foundation=  6.0/52  lifetime_outcomes={'won': 34, 'stalled': 0, 'truncated': 75, 'other': 0}  rss= 2800.0MB  (2066s)
step   100000/400000  eps=0.575  episodes=  110  mean_return=-610.000  mean_loss=32.04092  mean_foundation= 29.0/52  lifetime_outcomes={'won': 34, 'stalled': 0, 'truncated': 76, 'other': 0}  rss= 2806.1MB  (2069s)
  EVAL  step   100000  win_rate=38.00%  mean_return=3136.656  mean_foundation= 27.1/52  mean_length=789.5  (greedy, 200 fixed deals)
step   101000/400000  eps=0.571  episodes=  111  mean_return=-1740.000  mean_loss=31.49029  mean_foundation=  1.0/52  lifetime_outcomes={'won': 34, 'stalled': 0, 'truncated': 77, 'other': 0}  rss= 2810.1MB  (2230s)
step   102000/400000  eps=0.567  episodes=  112  mean_return=-1000.000  mean_loss=30.85092  mean_foundation=  8.0/52  lifetime_outcomes={'won': 34, 'stalled': 0, 'truncated': 78, 'other': 0}  rss= 2814.1MB  (2234s)
step   103000/400000  eps=0.562  episodes=  114  mean_return=2938.050  mean_loss=30.59158  mean_foundation= 28.0/52  lifetime_outcomes={'won': 35, 'stalled': 0, 'truncated': 79, 'other': 0}  rss= 2818.1MB  (2237s)
step   104000/400000  eps=0.558  episodes=  115  mean_return=-1640.000  mean_loss=29.56270  mean_foundation=  6.0/52  lifetime_outcomes={'won': 35, 'stalled': 0, 'truncated': 80, 'other': 0}  rss= 2820.1MB  (2240s)
step   105000/400000  eps=0.554  episodes=  116  mean_return=-1360.000  mean_loss=30.21363  mean_foundation=  5.0/52  lifetime_outcomes={'won': 35, 'stalled': 0, 'truncated': 81, 'other': 0}  rss= 2826.1MB  (2243s)
step   106000/400000  eps=0.549  episodes=  117  mean_return=-1760.000  mean_loss=28.48627  mean_foundation=  8.0/52  lifetime_outcomes={'won': 35, 'stalled': 0, 'truncated': 82, 'other': 0}  rss= 2828.1MB  (2246s)
step   107000/400000  eps=0.545  episodes=  118  mean_return= 70.000  mean_loss=29.07078  mean_foundation= 14.0/52  lifetime_outcomes={'won': 35, 'stalled': 0, 'truncated': 83, 'other': 0}  rss= 2832.2MB  (2250s)
step   108000/400000  eps=0.541  episodes=  119  mean_return=200.000  mean_loss=29.10013  mean_foundation=  2.0/52  lifetime_outcomes={'won': 35, 'stalled': 0, 'truncated': 84, 'other': 0}  rss= 2836.2MB  (2253s)
step   109000/400000  eps=0.537  episodes=  120  mean_return=5905.300  mean_loss=28.23813  mean_foundation= 52.0/52  lifetime_outcomes={'won': 36, 'stalled': 0, 'truncated': 84, 'other': 0}  rss= 2840.2MB  (2256s)
step   110000/400000  eps=0.532  episodes=  122  mean_return=3167.560  mean_loss=28.97798  mean_foundation= 30.0/52  lifetime_outcomes={'won': 37, 'stalled': 0, 'truncated': 85, 'other': 0}  rss= 2844.3MB  (2259s)
  EVAL  step   110000  win_rate=37.50%  mean_return=3108.953  mean_foundation= 27.2/52  mean_length=794.7  (greedy, 200 fixed deals)
step   111000/400000  eps=0.528  episodes=  124  mean_return=6135.120  mean_loss=28.08934  mean_foundation= 52.0/52  lifetime_outcomes={'won': 39, 'stalled': 0, 'truncated': 85, 'other': 0}  rss= 2848.3MB  (2419s)
step   112000/400000  eps=0.524  episodes=  125  mean_return=-1480.000  mean_loss=27.97150  mean_foundation= 33.0/52  lifetime_outcomes={'won': 39, 'stalled': 0, 'truncated': 86, 'other': 0}  rss= 2854.4MB  (2422s)
step   113000/400000  eps=0.520  episodes=  126  mean_return=5804.690  mean_loss=28.10383  mean_foundation= 52.0/52  lifetime_outcomes={'won': 40, 'stalled': 0, 'truncated': 86, 'other': 0}  rss= 2856.4MB  (2425s)
step   114000/400000  eps=0.516  episodes=  129  mean_return=2424.980  mean_loss=27.41783  mean_foundation= 21.0/52  lifetime_outcomes={'won': 41, 'stalled': 1, 'truncated': 87, 'other': 0}  rss= 2860.4MB  (2429s)
step   115000/400000  eps=0.511  episodes=  130  mean_return=-2590.000  mean_loss=25.71653  mean_foundation= 10.0/52  lifetime_outcomes={'won': 41, 'stalled': 1, 'truncated': 88, 'other': 0}  rss= 2864.4MB  (2432s)
step   116000/400000  eps=0.507  episodes=  131  mean_return=6285.670  mean_loss=26.96394  mean_foundation= 52.0/52  lifetime_outcomes={'won': 42, 'stalled': 1, 'truncated': 88, 'other': 0}  rss= 2868.4MB  (2435s)
step   117000/400000  eps=0.503  episodes=  134  mean_return=3980.627  mean_loss=26.27507  mean_foundation= 36.7/52  lifetime_outcomes={'won': 44, 'stalled': 1, 'truncated': 89, 'other': 0}  rss= 2872.5MB  (2438s)
step   118000/400000  eps=0.499  episodes=  135  mean_return=-310.000  mean_loss=25.91204  mean_foundation=  2.0/52  lifetime_outcomes={'won': 44, 'stalled': 1, 'truncated': 90, 'other': 0}  rss= 2876.5MB  (2441s)
step   119000/400000  eps=0.494  episodes=  136  mean_return=-560.000  mean_loss=26.10362  mean_foundation=  4.0/52  lifetime_outcomes={'won': 44, 'stalled': 1, 'truncated': 91, 'other': 0}  rss= 2880.5MB  (2445s)
step   120000/400000  eps=0.490  episodes=  137  mean_return=-3210.000  mean_loss=27.12587  mean_foundation=  7.0/52  lifetime_outcomes={'won': 44, 'stalled': 1, 'truncated': 92, 'other': 0}  rss= 2884.5MB  (2448s)
  EVAL  step   120000  win_rate=35.50%  mean_return=2998.656  mean_foundation= 26.5/52  mean_length=794.4  (greedy, 200 fixed deals)
step   121000/400000  eps=0.486  episodes=  139  mean_return=6335.060  mean_loss=25.56057  mean_foundation= 52.0/52  lifetime_outcomes={'won': 46, 'stalled': 1, 'truncated': 92, 'other': 0}  rss= 2888.6MB  (2607s)
step   122000/400000  eps=0.482  episodes=  140  mean_return=4520.310  mean_loss=25.11837  mean_foundation= 52.0/52  lifetime_outcomes={'won': 47, 'stalled': 1, 'truncated': 92, 'other': 0}  rss= 2892.6MB  (2610s)
step   123000/400000  eps=0.477  episodes=  142  mean_return=6335.415  mean_loss=25.04897  mean_foundation= 52.0/52  lifetime_outcomes={'won': 49, 'stalled': 1, 'truncated': 92, 'other': 0}  rss= 2896.6MB  (2613s)
step   124000/400000  eps=0.473  episodes=  143  mean_return=-980.000  mean_loss=24.18426  mean_foundation=  3.0/52  lifetime_outcomes={'won': 49, 'stalled': 1, 'truncated': 93, 'other': 0}  rss= 2898.6MB  (2617s)
step   125000/400000  eps=0.469  episodes=  144  mean_return=6506.070  mean_loss=24.52207  mean_foundation= 52.0/52  lifetime_outcomes={'won': 50, 'stalled': 1, 'truncated': 93, 'other': 0}  rss= 2904.6MB  (2620s)
step   126000/400000  eps=0.465  episodes=  145  mean_return=-3010.000  mean_loss=24.12013  mean_foundation=  3.0/52  lifetime_outcomes={'won': 50, 'stalled': 1, 'truncated': 94, 'other': 0}  rss= 2908.6MB  (2623s)
step   127000/400000  eps=0.460  episodes=  146  mean_return=170.000  mean_loss=24.05384  mean_foundation=  7.0/52  lifetime_outcomes={'won': 50, 'stalled': 1, 'truncated': 95, 'other': 0}  rss= 2912.7MB  (2627s)
step   128000/400000  eps=0.456  episodes=  148  mean_return=2572.315  mean_loss=24.55134  mean_foundation= 30.0/52  lifetime_outcomes={'won': 51, 'stalled': 1, 'truncated': 96, 'other': 0}  rss= 2916.7MB  (2630s)
step   129000/400000  eps=0.452  episodes=  150  mean_return=6393.915  mean_loss=23.50269  mean_foundation= 52.0/52  lifetime_outcomes={'won': 53, 'stalled': 1, 'truncated': 96, 'other': 0}  rss= 2920.7MB  (2633s)
step   130000/400000  eps=0.448  episodes=  151  mean_return=-430.000  mean_loss=23.52947  mean_foundation= 13.0/52  lifetime_outcomes={'won': 53, 'stalled': 1, 'truncated': 97, 'other': 0}  rss= 2924.7MB  (2637s)
  EVAL  step   130000  win_rate=35.00%  mean_return=3028.837  mean_foundation= 26.5/52  mean_length=841.3  (greedy, 200 fixed deals)
step   131000/400000  eps=0.443  episodes=  152  mean_return=5882.040  mean_loss=23.72047  mean_foundation= 52.0/52  lifetime_outcomes={'won': 54, 'stalled': 1, 'truncated': 97, 'other': 0}  rss= 2926.7MB  (2801s)
step   132000/400000  eps=0.439  episodes=  153  mean_return=4882.820  mean_loss=23.53470  mean_foundation= 52.0/52  lifetime_outcomes={'won': 55, 'stalled': 1, 'truncated': 97, 'other': 0}  rss= 2932.7MB  (2805s)
step   133000/400000  eps=0.435  episodes=  154  mean_return=-180.000  mean_loss=23.05454  mean_foundation=  7.0/52  lifetime_outcomes={'won': 55, 'stalled': 1, 'truncated': 98, 'other': 0}  rss= 2936.7MB  (2808s)
step   134000/400000  eps=0.430  episodes=  156  mean_return=2622.880  mean_loss=23.35420  mean_foundation= 30.0/52  lifetime_outcomes={'won': 56, 'stalled': 1, 'truncated': 99, 'other': 0}  rss= 2940.8MB  (2812s)
step   135000/400000  eps=0.426  episodes=  157  mean_return=-1430.000  mean_loss=22.45349  mean_foundation=  9.0/52  lifetime_outcomes={'won': 56, 'stalled': 1, 'truncated': 100, 'other': 0}  rss= 2944.8MB  (2815s)
step   136000/400000  eps=0.422  episodes=  158  mean_return=5181.230  mean_loss=22.90062  mean_foundation= 52.0/52  lifetime_outcomes={'won': 57, 'stalled': 1, 'truncated': 100, 'other': 0}  rss= 2946.8MB  (2818s)
step   137000/400000  eps=0.418  episodes=  159  mean_return=5965.940  mean_loss=23.34330  mean_foundation= 52.0/52  lifetime_outcomes={'won': 58, 'stalled': 1, 'truncated': 100, 'other': 0}  rss= 2952.8MB  (2822s)
step   138000/400000  eps=0.414  episodes=  161  mean_return=2161.810  mean_loss=21.74176  mean_foundation= 33.0/52  lifetime_outcomes={'won': 59, 'stalled': 1, 'truncated': 101, 'other': 0}  rss= 2954.8MB  (2825s)
step   139000/400000  eps=0.409  episodes=  162  mean_return=6366.070  mean_loss=21.42536  mean_foundation= 52.0/52  lifetime_outcomes={'won': 60, 'stalled': 1, 'truncated': 101, 'other': 0}  rss= 2960.8MB  (2829s)
step   140000/400000  eps=0.405  episodes=  163  mean_return=-3240.000  mean_loss=22.07891  mean_foundation=  9.0/52  lifetime_outcomes={'won': 60, 'stalled': 1, 'truncated': 102, 'other': 0}  rss= 2962.9MB  (2832s)
  EVAL  step   140000  win_rate=39.00%  mean_return=3184.859  mean_foundation= 27.2/52  mean_length=789.1  (greedy, 200 fixed deals)
step   141000/400000  eps=0.401  episodes=  164  mean_return=280.000  mean_loss=21.93321  mean_foundation= 16.0/52  lifetime_outcomes={'won': 60, 'stalled': 1, 'truncated': 103, 'other': 0}  rss= 2966.9MB  (2998s)
step   142000/400000  eps=0.397  episodes=  165  mean_return=-1390.000  mean_loss=21.46802  mean_foundation=  4.0/52  lifetime_outcomes={'won': 60, 'stalled': 1, 'truncated': 104, 'other': 0}  rss= 2970.9MB  (3002s)
step   143000/400000  eps=0.392  episodes=  167  mean_return=2668.125  mean_loss=21.29931  mean_foundation= 34.5/52  lifetime_outcomes={'won': 61, 'stalled': 1, 'truncated': 105, 'other': 0}  rss= 2974.9MB  (3005s)
step   144000/400000  eps=0.388  episodes=  168  mean_return=110.000  mean_loss=20.97568  mean_foundation=  8.0/52  lifetime_outcomes={'won': 61, 'stalled': 1, 'truncated': 106, 'other': 0}  rss= 2980.9MB  (3008s)
step   145000/400000  eps=0.384  episodes=  170  mean_return=6504.525  mean_loss=20.44871  mean_foundation= 52.0/52  lifetime_outcomes={'won': 63, 'stalled': 1, 'truncated': 106, 'other': 0}  rss= 2982.9MB  (3012s)
step   146000/400000  eps=0.380  episodes=  171  mean_return=-970.000  mean_loss=20.78109  mean_foundation=  2.0/52  lifetime_outcomes={'won': 63, 'stalled': 1, 'truncated': 107, 'other': 0}  rss= 2987.0MB  (3015s)
step   147000/400000  eps=0.375  episodes=  172  mean_return=-740.000  mean_loss=20.13665  mean_foundation=  5.0/52  lifetime_outcomes={'won': 63, 'stalled': 1, 'truncated': 108, 'other': 0}  rss= 2991.0MB  (3018s)
step   148000/400000  eps=0.371  episodes=  173  mean_return=970.000  mean_loss=20.10370  mean_foundation= 20.0/52  lifetime_outcomes={'won': 63, 'stalled': 1, 'truncated': 109, 'other': 0}  rss= 2995.0MB  (3022s)
step   149000/400000  eps=0.367  episodes=  174  mean_return=-840.000  mean_loss=19.65585  mean_foundation= 10.0/52  lifetime_outcomes={'won': 63, 'stalled': 1, 'truncated': 110, 'other': 0}  rss= 2999.0MB  (3025s)
step   150000/400000  eps=0.363  episodes=  175  mean_return=-1610.000  mean_loss=20.11093  mean_foundation=  0.0/52  lifetime_outcomes={'won': 63, 'stalled': 1, 'truncated': 111, 'other': 0}  rss= 3003.0MB  (3029s)
  EVAL  step   150000  win_rate=40.50%  mean_return=3325.819  mean_foundation= 28.7/52  mean_length=803.1  (greedy, 200 fixed deals)
step   151000/400000  eps=0.358  episodes=  176  mean_return=-1270.000  mean_loss=19.44638  mean_foundation=  1.0/52  lifetime_outcomes={'won': 63, 'stalled': 1, 'truncated': 112, 'other': 0}  rss= 3009.7MB  (3191s)
step   152000/400000  eps=0.354  episodes=  177  mean_return=900.000  mean_loss=19.43590  mean_foundation=  4.0/52  lifetime_outcomes={'won': 63, 'stalled': 1, 'truncated': 113, 'other': 0}  rss= 3009.7MB  (3194s)
step   153000/400000  eps=0.350  episodes=  179  mean_return=6524.765  mean_loss=19.05401  mean_foundation= 52.0/52  lifetime_outcomes={'won': 65, 'stalled': 1, 'truncated': 113, 'other': 0}  rss= 3009.7MB  (3197s)
step   154000/400000  eps=0.346  episodes=  180  mean_return=6526.500  mean_loss=18.80895  mean_foundation= 52.0/52  lifetime_outcomes={'won': 66, 'stalled': 1, 'truncated': 113, 'other': 0}  rss= 3009.7MB  (3201s)
step   155000/400000  eps=0.341  episodes=  181  mean_return=420.000  mean_loss=18.44665  mean_foundation= 10.0/52  lifetime_outcomes={'won': 66, 'stalled': 1, 'truncated': 114, 'other': 0}  rss= 3009.7MB  (3204s)
step   156000/400000  eps=0.337  episodes=  182  mean_return=-2230.000  mean_loss=18.34568  mean_foundation= 11.0/52  lifetime_outcomes={'won': 66, 'stalled': 1, 'truncated': 115, 'other': 0}  rss= 3009.7MB  (3208s)
step   157000/400000  eps=0.333  episodes=  184  mean_return=3512.940  mean_loss=17.71117  mean_foundation= 40.0/52  lifetime_outcomes={'won': 67, 'stalled': 1, 'truncated': 116, 'other': 0}  rss= 3009.7MB  (3211s)
step   158000/400000  eps=0.329  episodes=  185  mean_return=-190.000  mean_loss=18.05990  mean_foundation=  3.0/52  lifetime_outcomes={'won': 67, 'stalled': 1, 'truncated': 117, 'other': 0}  rss= 3009.7MB  (3214s)
step   159000/400000  eps=0.324  episodes=  186  mean_return=-1240.000  mean_loss=17.80055  mean_foundation=  3.0/52  lifetime_outcomes={'won': 67, 'stalled': 1, 'truncated': 118, 'other': 0}  rss= 3011.3MB  (3218s)
step   160000/400000  eps=0.320  episodes=  187  mean_return=-1040.000  mean_loss=18.38564  mean_foundation=  1.0/52  lifetime_outcomes={'won': 67, 'stalled': 1, 'truncated': 119, 'other': 0}  rss= 3015.3MB  (3221s)
  EVAL  step   160000  win_rate=39.00%  mean_return=3263.795  mean_foundation= 27.5/52  mean_length=825.5  (greedy, 200 fixed deals)
step   161000/400000  eps=0.316  episodes=  188  mean_return=-2180.000  mean_loss=16.54995  mean_foundation=  4.0/52  lifetime_outcomes={'won': 67, 'stalled': 1, 'truncated': 120, 'other': 0}  rss= 3047.1MB  (3387s)
step   162000/400000  eps=0.311  episodes=  189  mean_return=-760.000  mean_loss=17.62980  mean_foundation=  3.0/52  lifetime_outcomes={'won': 67, 'stalled': 1, 'truncated': 121, 'other': 0}  rss= 3051.1MB  (3390s)
step   163000/400000  eps=0.307  episodes=  191  mean_return=3472.355  mean_loss=17.08360  mean_foundation= 31.5/52  lifetime_outcomes={'won': 68, 'stalled': 1, 'truncated': 122, 'other': 0}  rss= 3053.2MB  (3393s)
step   164000/400000  eps=0.303  episodes=  192  mean_return=-1640.000  mean_loss=17.35329  mean_foundation=  7.0/52  lifetime_outcomes={'won': 68, 'stalled': 1, 'truncated': 123, 'other': 0}  rss= 3059.2MB  (3397s)
step   165000/400000  eps=0.299  episodes=  193  mean_return=-1030.000  mean_loss=17.26863  mean_foundation=  5.0/52  lifetime_outcomes={'won': 68, 'stalled': 1, 'truncated': 124, 'other': 0}  rss= 3063.2MB  (3400s)
step   166000/400000  eps=0.295  episodes=  194  mean_return=6003.740  mean_loss=16.47911  mean_foundation= 52.0/52  lifetime_outcomes={'won': 69, 'stalled': 1, 'truncated': 124, 'other': 0}  rss= 3067.2MB  (3404s)
step   167000/400000  eps=0.290  episodes=  195  mean_return=580.000  mean_loss=16.59770  mean_foundation= 16.0/52  lifetime_outcomes={'won': 69, 'stalled': 1, 'truncated': 125, 'other': 0}  rss= 3071.2MB  (3407s)
step   168000/400000  eps=0.286  episodes=  196  mean_return=-1270.000  mean_loss=16.26086  mean_foundation=  5.0/52  lifetime_outcomes={'won': 69, 'stalled': 1, 'truncated': 126, 'other': 0}  rss= 3073.2MB  (3411s)
step   169000/400000  eps=0.282  episodes=  197  mean_return=-3040.000  mean_loss=15.82218  mean_foundation=  6.0/52  lifetime_outcomes={'won': 69, 'stalled': 1, 'truncated': 127, 'other': 0}  rss= 3079.2MB  (3414s)
step   170000/400000  eps=0.278  episodes=  198  mean_return=-3350.000  mean_loss=16.19349  mean_foundation=  7.0/52  lifetime_outcomes={'won': 69, 'stalled': 1, 'truncated': 128, 'other': 0}  rss= 3081.3MB  (3417s)
  EVAL  step   170000  win_rate=19.50%  mean_return=2155.395  mean_foundation= 21.8/52  mean_length=925.5  (greedy, 200 fixed deals)
step   171000/400000  eps=0.273  episodes=  199  mean_return=-50.000  mean_loss=15.52500  mean_foundation=  9.0/52  lifetime_outcomes={'won': 69, 'stalled': 1, 'truncated': 129, 'other': 0}  rss= 3087.3MB  (3602s)
step   172000/400000  eps=0.269  episodes=  200  mean_return=-590.000  mean_loss=15.55096  mean_foundation= 11.0/52  lifetime_outcomes={'won': 69, 'stalled': 1, 'truncated': 130, 'other': 0}  rss= 3089.3MB  (3606s)
step   173000/400000  eps=0.265  episodes=  201  mean_return=-900.000  mean_loss=15.26774  mean_foundation=  8.0/52  lifetime_outcomes={'won': 69, 'stalled': 1, 'truncated': 131, 'other': 0}  rss= 3093.3MB  (3609s)
step   174000/400000  eps=0.261  episodes=  203  mean_return=6596.005  mean_loss=15.82420  mean_foundation= 52.0/52  lifetime_outcomes={'won': 71, 'stalled': 1, 'truncated': 131, 'other': 0}  rss= 3097.3MB  (3613s)
step   175000/400000  eps=0.256  episodes=  205  mean_return=2468.290  mean_loss=15.14759  mean_foundation= 30.5/52  lifetime_outcomes={'won': 72, 'stalled': 1, 'truncated': 132, 'other': 0}  rss= 3101.3MB  (3616s)
step   176000/400000  eps=0.252  episodes=  207  mean_return=6805.965  mean_loss=15.82561  mean_foundation= 52.0/52  lifetime_outcomes={'won': 74, 'stalled': 1, 'truncated': 132, 'other': 0}  rss= 3107.4MB  (3619s)
step   177000/400000  eps=0.248  episodes=  208  mean_return=-3050.000  mean_loss=14.82716  mean_foundation= 12.0/52  lifetime_outcomes={'won': 74, 'stalled': 1, 'truncated': 133, 'other': 0}  rss= 3109.4MB  (3623s)
step   178000/400000  eps=0.244  episodes=  209  mean_return=6605.360  mean_loss=14.98229  mean_foundation= 52.0/52  lifetime_outcomes={'won': 75, 'stalled': 1, 'truncated': 133, 'other': 0}  rss= 3113.4MB  (3626s)
step   179000/400000  eps=0.239  episodes=  210  mean_return=-50.000  mean_loss=14.54115  mean_foundation=  9.0/52  lifetime_outcomes={'won': 75, 'stalled': 1, 'truncated': 134, 'other': 0}  rss= 3117.4MB  (3630s)
step   180000/400000  eps=0.235  episodes=  212  mean_return=3567.805  mean_loss=14.50879  mean_foundation= 37.0/52  lifetime_outcomes={'won': 76, 'stalled': 1, 'truncated': 135, 'other': 0}  rss= 3121.4MB  (3633s)
  EVAL  step   180000  win_rate=9.50%  mean_return=1595.491  mean_foundation= 17.6/52  mean_length=965.9  (greedy, 200 fixed deals)
step   181000/400000  eps=0.231  episodes=  213  mean_return=-20.000  mean_loss=14.59651  mean_foundation=  5.0/52  lifetime_outcomes={'won': 76, 'stalled': 1, 'truncated': 136, 'other': 0}  rss= 3125.4MB  (3824s)
step   182000/400000  eps=0.227  episodes=  215  mean_return=2713.910  mean_loss=14.67898  mean_foundation= 26.5/52  lifetime_outcomes={'won': 77, 'stalled': 1, 'truncated': 137, 'other': 0}  rss= 3129.4MB  (3828s)
step   183000/400000  eps=0.222  episodes=  216  mean_return=670.000  mean_loss=14.09877  mean_foundation= 11.0/52  lifetime_outcomes={'won': 77, 'stalled': 1, 'truncated': 138, 'other': 0}  rss= 3135.5MB  (3831s)
step   184000/400000  eps=0.218  episodes=  217  mean_return=-210.000  mean_loss=13.83310  mean_foundation=  9.0/52  lifetime_outcomes={'won': 77, 'stalled': 1, 'truncated': 139, 'other': 0}  rss= 3137.5MB  (3834s)
step   185000/400000  eps=0.214  episodes=  218  mean_return=6603.870  mean_loss=13.93063  mean_foundation= 52.0/52  lifetime_outcomes={'won': 78, 'stalled': 1, 'truncated': 139, 'other': 0}  rss= 3141.5MB  (3838s)
step   186000/400000  eps=0.210  episodes=  219  mean_return=-4010.000  mean_loss=14.16289  mean_foundation=  2.0/52  lifetime_outcomes={'won': 78, 'stalled': 1, 'truncated': 140, 'other': 0}  rss= 3145.5MB  (3841s)
step   187000/400000  eps=0.205  episodes=  220  mean_return=-1660.000  mean_loss=13.42574  mean_foundation=  5.0/52  lifetime_outcomes={'won': 78, 'stalled': 1, 'truncated': 141, 'other': 0}  rss= 3149.6MB  (3845s)
step   188000/400000  eps=0.201  episodes=  221  mean_return=-2250.000  mean_loss=12.99435  mean_foundation=  3.0/52  lifetime_outcomes={'won': 78, 'stalled': 1, 'truncated': 142, 'other': 0}  rss= 3153.6MB  (3848s)
step   189000/400000  eps=0.197  episodes=  223  mean_return=3768.160  mean_loss=13.38896  mean_foundation= 40.0/52  lifetime_outcomes={'won': 79, 'stalled': 1, 'truncated': 143, 'other': 0}  rss= 3157.6MB  (3852s)
step   190000/400000  eps=0.193  episodes=  224  mean_return=-2330.000  mean_loss=13.05523  mean_foundation=  4.0/52  lifetime_outcomes={'won': 79, 'stalled': 1, 'truncated': 144, 'other': 0}  rss= 3161.6MB  (3855s)
  EVAL  step   190000  win_rate=27.50%  mean_return=2588.097  mean_foundation= 24.3/52  mean_length=890.3  (greedy, 200 fixed deals)
step   191000/400000  eps=0.188  episodes=  226  mean_return=2038.580  mean_loss=13.09569  mean_foundation= 28.0/52  lifetime_outcomes={'won': 80, 'stalled': 1, 'truncated': 145, 'other': 0}  rss= 3165.7MB  (4032s)
step   192000/400000  eps=0.184  episodes=  227  mean_return=-1730.000  mean_loss=12.93442  mean_foundation=  6.0/52  lifetime_outcomes={'won': 80, 'stalled': 1, 'truncated': 146, 'other': 0}  rss= 3169.7MB  (4035s)
step   193000/400000  eps=0.180  episodes=  228  mean_return=6743.680  mean_loss=13.07552  mean_foundation= 52.0/52  lifetime_outcomes={'won': 81, 'stalled': 1, 'truncated': 146, 'other': 0}  rss= 3173.7MB  (4039s)
step   194000/400000  eps=0.175  episodes=  230  mean_return=2993.110  mean_loss=12.40802  mean_foundation= 40.0/52  lifetime_outcomes={'won': 82, 'stalled': 1, 'truncated': 147, 'other': 0}  rss= 3177.7MB  (4042s)
step   195000/400000  eps=0.171  episodes=  231  mean_return=-200.000  mean_loss=12.52988  mean_foundation= 27.0/52  lifetime_outcomes={'won': 82, 'stalled': 1, 'truncated': 148, 'other': 0}  rss= 3179.7MB  (4046s)
step   196000/400000  eps=0.167  episodes=  232  mean_return=-690.000  mean_loss=12.64166  mean_foundation=  7.0/52  lifetime_outcomes={'won': 82, 'stalled': 1, 'truncated': 149, 'other': 0}  rss= 3185.8MB  (4050s)
step   197000/400000  eps=0.163  episodes=  233  mean_return=100.000  mean_loss=12.14439  mean_foundation=  9.0/52  lifetime_outcomes={'won': 82, 'stalled': 1, 'truncated': 150, 'other': 0}  rss= 3187.8MB  (4053s)
step   198000/400000  eps=0.158  episodes=  234  mean_return=-1730.000  mean_loss=12.15419  mean_foundation=  6.0/52  lifetime_outcomes={'won': 82, 'stalled': 1, 'truncated': 151, 'other': 0}  rss= 3192.3MB  (4057s)
step   199000/400000  eps=0.154  episodes=  235  mean_return=6682.180  mean_loss=12.20934  mean_foundation= 52.0/52  lifetime_outcomes={'won': 83, 'stalled': 1, 'truncated': 151, 'other': 0}  rss= 3194.9MB  (4061s)
step   200000/400000  eps=0.150  episodes=  236  mean_return=130.000  mean_loss=11.72226  mean_foundation=  8.0/52  lifetime_outcomes={'won': 83, 'stalled': 1, 'truncated': 152, 'other': 0}  rss= 3196.8MB  (4065s)
  EVAL  step   200000  win_rate=35.00%  mean_return=2998.794  mean_foundation= 26.6/52  mean_length=840.6  (greedy, 200 fixed deals)
step   201000/400000  eps=0.150  episodes=  238  mean_return=6745.880  mean_loss=11.97669  mean_foundation= 52.0/52  lifetime_outcomes={'won': 85, 'stalled': 1, 'truncated': 152, 'other': 0}  rss= 3196.8MB  (4237s)
step   202000/400000  eps=0.150  episodes=  239  mean_return=660.000  mean_loss=11.73851  mean_foundation= 18.0/52  lifetime_outcomes={'won': 85, 'stalled': 1, 'truncated': 153, 'other': 0}  rss= 3196.8MB  (4240s)
step   203000/400000  eps=0.150  episodes=  240  mean_return=580.000  mean_loss=11.50163  mean_foundation=  3.0/52  lifetime_outcomes={'won': 85, 'stalled': 1, 'truncated': 154, 'other': 0}  rss= 3196.8MB  (4244s)
step   204000/400000  eps=0.150  episodes=  241  mean_return=330.000  mean_loss=11.86938  mean_foundation=  9.0/52  lifetime_outcomes={'won': 85, 'stalled': 1, 'truncated': 155, 'other': 0}  rss= 3196.8MB  (4247s)
step   205000/400000  eps=0.150  episodes=  242  mean_return=130.000  mean_loss=11.47549  mean_foundation=  5.0/52  lifetime_outcomes={'won': 85, 'stalled': 1, 'truncated': 156, 'other': 0}  rss= 3196.8MB  (4251s)
step   206000/400000  eps=0.150  episodes=  243  mean_return=6761.750  mean_loss=11.51921  mean_foundation= 52.0/52  lifetime_outcomes={'won': 86, 'stalled': 1, 'truncated': 156, 'other': 0}  rss= 3196.8MB  (4255s)
step   207000/400000  eps=0.150  episodes=  245  mean_return=2858.290  mean_loss=11.17376  mean_foundation= 29.0/52  lifetime_outcomes={'won': 87, 'stalled': 1, 'truncated': 157, 'other': 0}  rss= 3196.8MB  (4258s)
step   208000/400000  eps=0.150  episodes=  246  mean_return=6763.340  mean_loss=11.44372  mean_foundation= 52.0/52  lifetime_outcomes={'won': 88, 'stalled': 1, 'truncated': 157, 'other': 0}  rss= 3196.8MB  (4262s)
step   209000/400000  eps=0.150  episodes=  247  mean_return=-1380.000  mean_loss=11.17423  mean_foundation= 13.0/52  lifetime_outcomes={'won': 88, 'stalled': 1, 'truncated': 158, 'other': 0}  rss= 3196.8MB  (4265s)
step   210000/400000  eps=0.150  episodes=  248  mean_return=-970.000  mean_loss=10.56585  mean_foundation=  7.0/52  lifetime_outcomes={'won': 88, 'stalled': 1, 'truncated': 159, 'other': 0}  rss= 3196.8MB  (4269s)
  EVAL  step   210000  win_rate=19.50%  mean_return=2144.555  mean_foundation= 21.5/52  mean_length=924.5  (greedy, 200 fixed deals)
step   211000/400000  eps=0.150  episodes=  249  mean_return=960.000  mean_loss=11.04694  mean_foundation= 16.0/52  lifetime_outcomes={'won': 88, 'stalled': 1, 'truncated': 160, 'other': 0}  rss= 3196.8MB  (4451s)
step   212000/400000  eps=0.150  episodes=  250  mean_return=-1150.000  mean_loss=10.99320  mean_foundation=  9.0/52  lifetime_outcomes={'won': 88, 'stalled': 1, 'truncated': 161, 'other': 0}  rss= 3196.8MB  (4455s)
step   213000/400000  eps=0.150  episodes=  251  mean_return=-1150.000  mean_loss=10.66053  mean_foundation=  7.0/52  lifetime_outcomes={'won': 88, 'stalled': 1, 'truncated': 162, 'other': 0}  rss= 3196.8MB  (4458s)
step   214000/400000  eps=0.150  episodes=  252  mean_return=-580.000  mean_loss=10.72557  mean_foundation= 16.0/52  lifetime_outcomes={'won': 88, 'stalled': 1, 'truncated': 163, 'other': 0}  rss= 3196.8MB  (4462s)
step   215000/400000  eps=0.150  episodes=  253  mean_return=-670.000  mean_loss=10.45143  mean_foundation=  5.0/52  lifetime_outcomes={'won': 88, 'stalled': 1, 'truncated': 164, 'other': 0}  rss= 3196.8MB  (4465s)
step   216000/400000  eps=0.150  episodes=  255  mean_return=6602.205  mean_loss=10.63375  mean_foundation= 52.0/52  lifetime_outcomes={'won': 90, 'stalled': 1, 'truncated': 164, 'other': 0}  rss= 3196.8MB  (4469s)
step   217000/400000  eps=0.150  episodes=  256  mean_return=6824.930  mean_loss=10.59946  mean_foundation= 52.0/52  lifetime_outcomes={'won': 91, 'stalled': 1, 'truncated': 164, 'other': 0}  rss= 3196.8MB  (4472s)
step   218000/400000  eps=0.150  episodes=  258  mean_return=2628.040  mean_loss=10.47804  mean_foundation= 27.5/52  lifetime_outcomes={'won': 92, 'stalled': 1, 'truncated': 165, 'other': 0}  rss= 3196.8MB  (4476s)
step   219000/400000  eps=0.150  episodes=  259  mean_return=6722.700  mean_loss=10.09810  mean_foundation= 52.0/52  lifetime_outcomes={'won': 93, 'stalled': 1, 'truncated': 165, 'other': 0}  rss= 3196.8MB  (4480s)
step   220000/400000  eps=0.150  episodes=  260  mean_return=950.000  mean_loss=10.21229  mean_foundation= 23.0/52  lifetime_outcomes={'won': 93, 'stalled': 1, 'truncated': 166, 'other': 0}  rss= 3196.8MB  (4483s)
  EVAL  step   220000  win_rate=35.00%  mean_return=3021.332  mean_foundation= 26.8/52  mean_length=811.8  (greedy, 200 fixed deals)
step   221000/400000  eps=0.150  episodes=  261  mean_return=-120.000  mean_loss=10.56671  mean_foundation=  4.0/52  lifetime_outcomes={'won': 93, 'stalled': 1, 'truncated': 167, 'other': 0}  rss= 3196.8MB  (4648s)
step   222000/400000  eps=0.150  episodes=  262  mean_return=930.000  mean_loss=10.13047  mean_foundation= 15.0/52  lifetime_outcomes={'won': 93, 'stalled': 1, 'truncated': 168, 'other': 0}  rss= 3196.8MB  (4651s)
step   223000/400000  eps=0.150  episodes=  263  mean_return=760.000  mean_loss= 9.69324  mean_foundation= 15.0/52  lifetime_outcomes={'won': 93, 'stalled': 1, 'truncated': 169, 'other': 0}  rss= 3196.8MB  (4655s)
step   224000/400000  eps=0.150  episodes=  264  mean_return=6743.740  mean_loss=10.05627  mean_foundation= 52.0/52  lifetime_outcomes={'won': 94, 'stalled': 1, 'truncated': 169, 'other': 0}  rss= 3196.8MB  (4658s)
step   225000/400000  eps=0.150  episodes=  265  mean_return= 10.000  mean_loss=10.26084  mean_foundation=  7.0/52  lifetime_outcomes={'won': 94, 'stalled': 1, 'truncated': 170, 'other': 0}  rss= 3196.8MB  (4662s)
step   226000/400000  eps=0.150  episodes=  266  mean_return=-660.000  mean_loss= 9.96160  mean_foundation=  2.0/52  lifetime_outcomes={'won': 94, 'stalled': 1, 'truncated': 171, 'other': 0}  rss= 3196.8MB  (4665s)
step   227000/400000  eps=0.150  episodes=  269  mean_return=4794.137  mean_loss= 9.59962  mean_foundation= 40.7/52  lifetime_outcomes={'won': 96, 'stalled': 1, 'truncated': 172, 'other': 0}  rss= 3196.8MB  (4668s)
step   228000/400000  eps=0.150  episodes=  270  mean_return=  0.000  mean_loss= 9.35253  mean_foundation= 14.0/52  lifetime_outcomes={'won': 96, 'stalled': 1, 'truncated': 173, 'other': 0}  rss= 3196.8MB  (4672s)
step   229000/400000  eps=0.150  episodes=  271  mean_return=6905.270  mean_loss= 9.52866  mean_foundation= 52.0/52  lifetime_outcomes={'won': 97, 'stalled': 1, 'truncated': 173, 'other': 0}  rss= 3196.8MB  (4675s)
step   230000/400000  eps=0.150  episodes=  272  mean_return=-430.000  mean_loss= 9.37958  mean_foundation=  7.0/52  lifetime_outcomes={'won': 97, 'stalled': 1, 'truncated': 174, 'other': 0}  rss= 3196.8MB  (4679s)
  EVAL  step   230000  win_rate=39.00%  mean_return=3239.917  mean_foundation= 28.0/52  mean_length=818.3  (greedy, 200 fixed deals)
step   231000/400000  eps=0.150  episodes=  274  mean_return=3587.640  mean_loss= 9.29596  mean_foundation= 32.0/52  lifetime_outcomes={'won': 98, 'stalled': 1, 'truncated': 175, 'other': 0}  rss= 3203.6MB  (4845s)
step   232000/400000  eps=0.150  episodes=  275  mean_return=-140.000  mean_loss= 9.44853  mean_foundation=  7.0/52  lifetime_outcomes={'won': 98, 'stalled': 1, 'truncated': 176, 'other': 0}  rss= 3203.6MB  (4849s)
step   233000/400000  eps=0.150  episodes=  276  mean_return=-2800.000  mean_loss= 9.18878  mean_foundation=  5.0/52  lifetime_outcomes={'won': 98, 'stalled': 1, 'truncated': 177, 'other': 0}  rss= 3203.6MB  (4852s)
step   234000/400000  eps=0.150  episodes=  277  mean_return=1050.000  mean_loss= 9.00030  mean_foundation= 23.0/52  lifetime_outcomes={'won': 98, 'stalled': 1, 'truncated': 178, 'other': 0}  rss= 3203.6MB  (4856s)
step   235000/400000  eps=0.150  episodes=  278  mean_return=-740.000  mean_loss= 9.01990  mean_foundation= 10.0/52  lifetime_outcomes={'won': 98, 'stalled': 1, 'truncated': 179, 'other': 0}  rss= 3203.6MB  (4859s)
step   236000/400000  eps=0.150  episodes=  279  mean_return=-300.000  mean_loss= 9.31719  mean_foundation=  9.0/52  lifetime_outcomes={'won': 98, 'stalled': 1, 'truncated': 180, 'other': 0}  rss= 3203.6MB  (4863s)
step   237000/400000  eps=0.150  episodes=  280  mean_return=830.000  mean_loss= 8.81938  mean_foundation= 31.0/52  lifetime_outcomes={'won': 98, 'stalled': 1, 'truncated': 181, 'other': 0}  rss= 3203.6MB  (4866s)
step   238000/400000  eps=0.150  episodes=  281  mean_return=-230.000  mean_loss= 8.79824  mean_foundation=  8.0/52  lifetime_outcomes={'won': 98, 'stalled': 1, 'truncated': 182, 'other': 0}  rss= 3203.6MB  (4870s)
step   239000/400000  eps=0.150  episodes=  282  mean_return=-1460.000  mean_loss= 8.45988  mean_foundation=  7.0/52  lifetime_outcomes={'won': 98, 'stalled': 1, 'truncated': 183, 'other': 0}  rss= 3203.6MB  (4873s)
step   240000/400000  eps=0.150  episodes=  283  mean_return=1220.000  mean_loss= 8.68785  mean_foundation= 19.0/52  lifetime_outcomes={'won': 98, 'stalled': 1, 'truncated': 184, 'other': 0}  rss= 3203.6MB  (4877s)
  EVAL  step   240000  win_rate=25.00%  mean_return=2493.915  mean_foundation= 24.4/52  mean_length=893.5  (greedy, 200 fixed deals)
step   241000/400000  eps=0.150  episodes=  285  mean_return=6765.205  mean_loss= 8.44829  mean_foundation= 52.0/52  lifetime_outcomes={'won': 100, 'stalled': 1, 'truncated': 184, 'other': 0}  rss= 3203.6MB  (5055s)
step   242000/400000  eps=0.150  episodes=  286  mean_return=6842.780  mean_loss= 8.36732  mean_foundation= 52.0/52  lifetime_outcomes={'won': 101, 'stalled': 1, 'truncated': 184, 'other': 0}  rss= 3203.6MB  (5059s)
step   243000/400000  eps=0.150  episodes=  287  mean_return=-390.000  mean_loss= 8.05603  mean_foundation= 10.0/52  lifetime_outcomes={'won': 101, 'stalled': 1, 'truncated': 185, 'other': 0}  rss= 3203.6MB  (5062s)
step   244000/400000  eps=0.150  episodes=  288  mean_return=750.000  mean_loss= 8.13507  mean_foundation= 17.0/52  lifetime_outcomes={'won': 101, 'stalled': 1, 'truncated': 186, 'other': 0}  rss= 3203.6MB  (5066s)
step   245000/400000  eps=0.150  episodes=  290  mean_return=3378.185  mean_loss= 8.03373  mean_foundation= 27.0/52  lifetime_outcomes={'won': 102, 'stalled': 1, 'truncated': 187, 'other': 0}  rss= 3203.6MB  (5069s)
step   246000/400000  eps=0.150  episodes=  291  mean_return=-970.000  mean_loss= 7.63010  mean_foundation=  7.0/52  lifetime_outcomes={'won': 102, 'stalled': 1, 'truncated': 188, 'other': 0}  rss= 3203.6MB  (5073s)
step   247000/400000  eps=0.150  episodes=  292  mean_return=6766.010  mean_loss= 7.86070  mean_foundation= 52.0/52  lifetime_outcomes={'won': 103, 'stalled': 1, 'truncated': 188, 'other': 0}  rss= 3203.6MB  (5076s)
step   248000/400000  eps=0.150  episodes=  294  mean_return=3463.110  mean_loss= 8.05937  mean_foundation= 26.0/52  lifetime_outcomes={'won': 104, 'stalled': 1, 'truncated': 189, 'other': 0}  rss= 3203.6MB  (5080s)
step   249000/400000  eps=0.150  episodes=  295  mean_return=990.000  mean_loss= 7.76911  mean_foundation= 16.0/52  lifetime_outcomes={'won': 104, 'stalled': 1, 'truncated': 190, 'other': 0}  rss= 3203.6MB  (5083s)
step   250000/400000  eps=0.150  episodes=  296  mean_return=-1850.000  mean_loss= 7.52436  mean_foundation=  5.0/52  lifetime_outcomes={'won': 104, 'stalled': 1, 'truncated': 191, 'other': 0}  rss= 3203.6MB  (5087s)
  EVAL  step   250000  win_rate=36.00%  mean_return=3054.810  mean_foundation= 26.5/52  mean_length=814.0  (greedy, 200 fixed deals)
step   251000/400000  eps=0.150  episodes=  297  mean_return=6885.290  mean_loss= 7.57920  mean_foundation= 52.0/52  lifetime_outcomes={'won': 105, 'stalled': 1, 'truncated': 191, 'other': 0}  rss= 3203.6MB  (5250s)
step   252000/400000  eps=0.150  episodes=  298  mean_return=6381.380  mean_loss= 7.53992  mean_foundation= 52.0/52  lifetime_outcomes={'won': 106, 'stalled': 1, 'truncated': 191, 'other': 0}  rss= 3203.6MB  (5253s)
step   253000/400000  eps=0.150  episodes=  299  mean_return=1000.000  mean_loss= 7.71716  mean_foundation=  8.0/52  lifetime_outcomes={'won': 106, 'stalled': 1, 'truncated': 192, 'other': 0}  rss= 3203.6MB  (5257s)
step   254000/400000  eps=0.150  episodes=  300  mean_return=120.000  mean_loss= 7.41661  mean_foundation=  4.0/52  lifetime_outcomes={'won': 106, 'stalled': 1, 'truncated': 193, 'other': 0}  rss= 3203.6MB  (5260s)
step   255000/400000  eps=0.150  episodes=  301  mean_return=600.000  mean_loss= 7.67451  mean_foundation=  9.0/52  lifetime_outcomes={'won': 106, 'stalled': 1, 'truncated': 194, 'other': 0}  rss= 3203.6MB  (5264s)
step   256000/400000  eps=0.150  episodes=  303  mean_return=2661.425  mean_loss= 7.01015  mean_foundation= 27.5/52  lifetime_outcomes={'won': 107, 'stalled': 1, 'truncated': 195, 'other': 0}  rss= 3203.6MB  (5267s)
step   257000/400000  eps=0.150  episodes=  305  mean_return=6734.650  mean_loss= 7.43209  mean_foundation= 52.0/52  lifetime_outcomes={'won': 109, 'stalled': 1, 'truncated': 195, 'other': 0}  rss= 3203.6MB  (5270s)
step   258000/400000  eps=0.150  episodes=  307  mean_return=6886.205  mean_loss= 7.29705  mean_foundation= 52.0/52  lifetime_outcomes={'won': 111, 'stalled': 1, 'truncated': 195, 'other': 0}  rss= 3203.6MB  (5274s)
step   259000/400000  eps=0.150  episodes=  308  mean_return=6685.800  mean_loss= 7.11185  mean_foundation= 52.0/52  lifetime_outcomes={'won': 112, 'stalled': 1, 'truncated': 195, 'other': 0}  rss= 3203.6MB  (5278s)
step   260000/400000  eps=0.150  episodes=  309  mean_return= 50.000  mean_loss= 7.17086  mean_foundation= 12.0/52  lifetime_outcomes={'won': 112, 'stalled': 1, 'truncated': 196, 'other': 0}  rss= 3203.6MB  (5281s)
  EVAL  step   260000  win_rate=32.50%  mean_return=2838.186  mean_foundation= 25.4/52  mean_length=851.4  (greedy, 200 fixed deals)
step   261000/400000  eps=0.150  episodes=  311  mean_return=3702.125  mean_loss= 6.86656  mean_foundation= 29.5/52  lifetime_outcomes={'won': 113, 'stalled': 1, 'truncated': 197, 'other': 0}  rss= 3203.6MB  (5449s)
step   262000/400000  eps=0.150  episodes=  313  mean_return=3613.120  mean_loss= 6.99057  mean_foundation= 36.0/52  lifetime_outcomes={'won': 114, 'stalled': 1, 'truncated': 198, 'other': 0}  rss= 3203.6MB  (5453s)
step   263000/400000  eps=0.150  episodes=  314  mean_return=-2470.000  mean_loss= 6.90969  mean_foundation=  6.0/52  lifetime_outcomes={'won': 114, 'stalled': 1, 'truncated': 199, 'other': 0}  rss= 3203.6MB  (5456s)
step   264000/400000  eps=0.150  episodes=  315  mean_return=6543.310  mean_loss= 6.81645  mean_foundation= 52.0/52  lifetime_outcomes={'won': 115, 'stalled': 1, 'truncated': 199, 'other': 0}  rss= 3203.6MB  (5460s)
step   265000/400000  eps=0.150  episodes=  317  mean_return=6725.460  mean_loss= 6.78620  mean_foundation= 52.0/52  lifetime_outcomes={'won': 117, 'stalled': 1, 'truncated': 199, 'other': 0}  rss= 3203.6MB  (5464s)
step   266000/400000  eps=0.150  episodes=  318  mean_return=-1870.000  mean_loss= 6.62278  mean_foundation=  4.0/52  lifetime_outcomes={'won': 117, 'stalled': 1, 'truncated': 200, 'other': 0}  rss= 3203.6MB  (5468s)
step   267000/400000  eps=0.150  episodes=  319  mean_return=-1960.000  mean_loss= 6.70047  mean_foundation=  4.0/52  lifetime_outcomes={'won': 117, 'stalled': 1, 'truncated': 201, 'other': 0}  rss= 3203.6MB  (5472s)
step   268000/400000  eps=0.150  episodes=  321  mean_return=6595.190  mean_loss= 6.63583  mean_foundation= 52.0/52  lifetime_outcomes={'won': 119, 'stalled': 1, 'truncated': 201, 'other': 0}  rss= 3203.6MB  (5475s)
step   269000/400000  eps=0.150  episodes=  322  mean_return=1250.000  mean_loss= 6.77290  mean_foundation= 33.0/52  lifetime_outcomes={'won': 119, 'stalled': 1, 'truncated': 202, 'other': 0}  rss= 3203.6MB  (5479s)
step   270000/400000  eps=0.150  episodes=  323  mean_return=840.000  mean_loss= 6.47255  mean_foundation= 30.0/52  lifetime_outcomes={'won': 119, 'stalled': 1, 'truncated': 203, 'other': 0}  rss= 3203.6MB  (5483s)
  EVAL  step   270000  win_rate=37.50%  mean_return=3151.746  mean_foundation= 27.7/52  mean_length=780.4  (greedy, 200 fixed deals)
step   271000/400000  eps=0.150  episodes=  325  mean_return=4002.815  mean_loss= 6.43579  mean_foundation= 33.0/52  lifetime_outcomes={'won': 120, 'stalled': 1, 'truncated': 204, 'other': 0}  rss= 3203.6MB  (5642s)
step   272000/400000  eps=0.150  episodes=  326  mean_return=-1140.000  mean_loss= 6.38546  mean_foundation= 11.0/52  lifetime_outcomes={'won': 120, 'stalled': 1, 'truncated': 205, 'other': 0}  rss= 3203.6MB  (5645s)
step   273000/400000  eps=0.150  episodes=  327  mean_return=720.000  mean_loss= 6.16075  mean_foundation= 11.0/52  lifetime_outcomes={'won': 120, 'stalled': 1, 'truncated': 206, 'other': 0}  rss= 3203.6MB  (5649s)
step   274000/400000  eps=0.150  episodes=  328  mean_return=6885.660  mean_loss= 6.07153  mean_foundation= 52.0/52  lifetime_outcomes={'won': 121, 'stalled': 1, 'truncated': 206, 'other': 0}  rss= 3203.6MB  (5652s)
step   275000/400000  eps=0.150  episodes=  329  mean_return=-1360.000  mean_loss= 6.18147  mean_foundation=  1.0/52  lifetime_outcomes={'won': 121, 'stalled': 1, 'truncated': 207, 'other': 0}  rss= 3203.6MB  (5656s)
step   276000/400000  eps=0.150  episodes=  331  mean_return=3108.620  mean_loss= 6.14304  mean_foundation= 28.5/52  lifetime_outcomes={'won': 122, 'stalled': 1, 'truncated': 208, 'other': 0}  rss= 3203.6MB  (5659s)
step   277000/400000  eps=0.150  episodes=  332  mean_return=110.000  mean_loss= 6.18162  mean_foundation= 10.0/52  lifetime_outcomes={'won': 122, 'stalled': 1, 'truncated': 209, 'other': 0}  rss= 3203.6MB  (5663s)
step   278000/400000  eps=0.150  episodes=  333  mean_return=6462.510  mean_loss= 6.03268  mean_foundation= 52.0/52  lifetime_outcomes={'won': 123, 'stalled': 1, 'truncated': 209, 'other': 0}  rss= 3203.6MB  (5667s)
step   279000/400000  eps=0.150  episodes=  334  mean_return=-920.000  mean_loss= 5.87005  mean_foundation=  6.0/52  lifetime_outcomes={'won': 123, 'stalled': 1, 'truncated': 210, 'other': 0}  rss= 3203.6MB  (5671s)
step   280000/400000  eps=0.150  episodes=  335  mean_return=510.000  mean_loss= 5.91849  mean_foundation=  4.0/52  lifetime_outcomes={'won': 123, 'stalled': 1, 'truncated': 211, 'other': 0}  rss= 3203.6MB  (5675s)
  EVAL  step   280000  win_rate=24.50%  mean_return=2430.948  mean_foundation= 24.0/52  mean_length=895.2  (greedy, 200 fixed deals)
step   281000/400000  eps=0.150  episodes=  336  mean_return=580.000  mean_loss= 5.78264  mean_foundation=  4.0/52  lifetime_outcomes={'won': 123, 'stalled': 1, 'truncated': 212, 'other': 0}  rss= 3203.6MB  (5856s)
step   282000/400000  eps=0.150  episodes=  337  mean_return=4780.740  mean_loss= 5.78153  mean_foundation= 52.0/52  lifetime_outcomes={'won': 124, 'stalled': 1, 'truncated': 212, 'other': 0}  rss= 3203.6MB  (5859s)
step   283000/400000  eps=0.150  episodes=  338  mean_return=340.000  mean_loss= 5.60134  mean_foundation= 10.0/52  lifetime_outcomes={'won': 124, 'stalled': 1, 'truncated': 213, 'other': 0}  rss= 3203.6MB  (5863s)
step   284000/400000  eps=0.150  episodes=  339  mean_return=-870.000  mean_loss= 5.46179  mean_foundation=  4.0/52  lifetime_outcomes={'won': 124, 'stalled': 1, 'truncated': 214, 'other': 0}  rss= 3203.6MB  (5866s)
step   285000/400000  eps=0.150  episodes=  340  mean_return=-30.000  mean_loss= 5.59813  mean_foundation=  8.0/52  lifetime_outcomes={'won': 124, 'stalled': 1, 'truncated': 215, 'other': 0}  rss= 3203.6MB  (5869s)
step   286000/400000  eps=0.150  episodes=  341  mean_return=1380.000  mean_loss= 5.58916  mean_foundation= 46.0/52  lifetime_outcomes={'won': 124, 'stalled': 1, 'truncated': 216, 'other': 0}  rss= 3203.6MB  (5873s)
step   287000/400000  eps=0.150  episodes=  342  mean_return=150.000  mean_loss= 5.45051  mean_foundation=  2.0/52  lifetime_outcomes={'won': 124, 'stalled': 1, 'truncated': 217, 'other': 0}  rss= 3203.6MB  (5876s)
step   288000/400000  eps=0.150  episodes=  344  mean_return=3537.460  mean_loss= 5.41381  mean_foundation= 32.5/52  lifetime_outcomes={'won': 125, 'stalled': 1, 'truncated': 218, 'other': 0}  rss= 3203.6MB  (5880s)
step   289000/400000  eps=0.150  episodes=  345  mean_return=-1190.000  mean_loss= 5.35582  mean_foundation=  4.0/52  lifetime_outcomes={'won': 125, 'stalled': 1, 'truncated': 219, 'other': 0}  rss= 3203.6MB  (5883s)
step   290000/400000  eps=0.150  episodes=  346  mean_return=930.000  mean_loss= 5.29611  mean_foundation= 11.0/52  lifetime_outcomes={'won': 125, 'stalled': 1, 'truncated': 220, 'other': 0}  rss= 3203.6MB  (5887s)
  EVAL  step   290000  win_rate=34.50%  mean_return=2983.253  mean_foundation= 27.3/52  mean_length=824.7  (greedy, 200 fixed deals)
step   291000/400000  eps=0.150  episodes=  347  mean_return=680.000  mean_loss= 5.26076  mean_foundation=  4.0/52  lifetime_outcomes={'won': 125, 'stalled': 1, 'truncated': 221, 'other': 0}  rss= 3203.6MB  (6053s)
step   292000/400000  eps=0.150  episodes=  348  mean_return=770.000  mean_loss= 5.30081  mean_foundation= 15.0/52  lifetime_outcomes={'won': 125, 'stalled': 1, 'truncated': 222, 'other': 0}  rss= 3203.6MB  (6056s)
step   293000/400000  eps=0.150  episodes=  349  mean_return=6703.820  mean_loss= 5.03034  mean_foundation= 52.0/52  lifetime_outcomes={'won': 126, 'stalled': 1, 'truncated': 222, 'other': 0}  rss= 3203.6MB  (6060s)
step   294000/400000  eps=0.150  episodes=  350  mean_return=6563.900  mean_loss= 4.97971  mean_foundation= 52.0/52  lifetime_outcomes={'won': 127, 'stalled': 1, 'truncated': 222, 'other': 0}  rss= 3203.6MB  (6063s)
step   295000/400000  eps=0.150  episodes=  352  mean_return=3226.730  mean_loss= 4.98395  mean_foundation= 34.5/52  lifetime_outcomes={'won': 128, 'stalled': 1, 'truncated': 223, 'other': 0}  rss= 3203.6MB  (6067s)
step   296000/400000  eps=0.150  episodes=  353  mean_return=6703.450  mean_loss= 5.27906  mean_foundation= 52.0/52  lifetime_outcomes={'won': 129, 'stalled': 1, 'truncated': 223, 'other': 0}  rss= 3203.6MB  (6070s)
step   297000/400000  eps=0.150  episodes=  354  mean_return=760.000  mean_loss= 5.15040  mean_foundation=  7.0/52  lifetime_outcomes={'won': 129, 'stalled': 1, 'truncated': 224, 'other': 0}  rss= 3203.6MB  (6074s)
step   298000/400000  eps=0.150  episodes=  355  mean_return= 30.000  mean_loss= 4.95213  mean_foundation=  7.0/52  lifetime_outcomes={'won': 129, 'stalled': 1, 'truncated': 225, 'other': 0}  rss= 3203.6MB  (6077s)
step   299000/400000  eps=0.150  episodes=  356  mean_return=-1550.000  mean_loss= 5.13272  mean_foundation=  5.0/52  lifetime_outcomes={'won': 129, 'stalled': 1, 'truncated': 226, 'other': 0}  rss= 3203.6MB  (6081s)
step   300000/400000  eps=0.150  episodes=  357  mean_return=570.000  mean_loss= 4.92018  mean_foundation=  4.0/52  lifetime_outcomes={'won': 129, 'stalled': 1, 'truncated': 227, 'other': 0}  rss= 3203.6MB  (6084s)
  EVAL  step   300000  win_rate=38.00%  mean_return=3167.333  mean_foundation= 27.3/52  mean_length=826.7  (greedy, 200 fixed deals)
step   301000/400000  eps=0.150  episodes=  358  mean_return=-790.000  mean_loss= 4.94520  mean_foundation= 16.0/52  lifetime_outcomes={'won': 129, 'stalled': 1, 'truncated': 228, 'other': 0}  rss= 3203.6MB  (6251s)
step   302000/400000  eps=0.150  episodes=  359  mean_return=-1870.000  mean_loss= 4.89291  mean_foundation=  6.0/52  lifetime_outcomes={'won': 129, 'stalled': 1, 'truncated': 229, 'other': 0}  rss= 3203.6MB  (6255s)
step   303000/400000  eps=0.150  episodes=  360  mean_return=-1000.000  mean_loss= 4.86086  mean_foundation=  6.0/52  lifetime_outcomes={'won': 129, 'stalled': 1, 'truncated': 230, 'other': 0}  rss= 3203.6MB  (6258s)
step   304000/400000  eps=0.150  episodes=  361  mean_return=1180.000  mean_loss= 4.68031  mean_foundation= 17.0/52  lifetime_outcomes={'won': 129, 'stalled': 1, 'truncated': 231, 'other': 0}  rss= 3203.6MB  (6262s)
step   305000/400000  eps=0.150  episodes=  363  mean_return=3742.980  mean_loss= 4.93597  mean_foundation= 44.0/52  lifetime_outcomes={'won': 130, 'stalled': 1, 'truncated': 232, 'other': 0}  rss= 3203.6MB  (6265s)
step   306000/400000  eps=0.150  episodes=  364  mean_return=6927.230  mean_loss= 4.74398  mean_foundation= 52.0/52  lifetime_outcomes={'won': 131, 'stalled': 1, 'truncated': 232, 'other': 0}  rss= 3203.6MB  (6269s)
step   307000/400000  eps=0.150  episodes=  366  mean_return=3721.910  mean_loss= 4.49857  mean_foundation= 30.0/52  lifetime_outcomes={'won': 132, 'stalled': 1, 'truncated': 233, 'other': 0}  rss= 3203.6MB  (6272s)
step   308000/400000  eps=0.150  episodes=  368  mean_return=6645.100  mean_loss= 4.54242  mean_foundation= 52.0/52  lifetime_outcomes={'won': 134, 'stalled': 1, 'truncated': 233, 'other': 0}  rss= 3203.6MB  (6275s)
step   309000/400000  eps=0.150  episodes=  369  mean_return=-1000.000  mean_loss= 4.80590  mean_foundation=  7.0/52  lifetime_outcomes={'won': 134, 'stalled': 1, 'truncated': 234, 'other': 0}  rss= 3203.6MB  (6279s)
step   310000/400000  eps=0.150  episodes=  370  mean_return=450.000  mean_loss= 4.42920  mean_foundation= 21.0/52  lifetime_outcomes={'won': 134, 'stalled': 1, 'truncated': 235, 'other': 0}  rss= 3203.6MB  (6283s)
  EVAL  step   310000  win_rate=26.50%  mean_return=2565.289  mean_foundation= 24.0/52  mean_length=886.1  (greedy, 200 fixed deals)
step   311000/400000  eps=0.150  episodes=  371  mean_return=1010.000  mean_loss= 4.52422  mean_foundation= 13.0/52  lifetime_outcomes={'won': 134, 'stalled': 1, 'truncated': 236, 'other': 0}  rss= 3203.6MB  (6460s)
step   312000/400000  eps=0.150  episodes=  373  mean_return=6743.950  mean_loss= 4.48914  mean_foundation= 52.0/52  lifetime_outcomes={'won': 136, 'stalled': 1, 'truncated': 236, 'other': 0}  rss= 3203.6MB  (6463s)
step   313000/400000  eps=0.150  episodes=  374  mean_return=1040.000  mean_loss= 4.29253  mean_foundation= 26.0/52  lifetime_outcomes={'won': 136, 'stalled': 1, 'truncated': 237, 'other': 0}  rss= 3203.6MB  (6467s)
step   314000/400000  eps=0.150  episodes=  375  mean_return=1300.000  mean_loss= 4.39154  mean_foundation= 42.0/52  lifetime_outcomes={'won': 136, 'stalled': 1, 'truncated': 238, 'other': 0}  rss= 3203.6MB  (6470s)
step   315000/400000  eps=0.150  episodes=  377  mean_return=6855.465  mean_loss= 4.32374  mean_foundation= 52.0/52  lifetime_outcomes={'won': 138, 'stalled': 1, 'truncated': 238, 'other': 0}  rss= 3203.6MB  (6474s)
step   316000/400000  eps=0.150  episodes=  378  mean_return=-860.000  mean_loss= 4.54155  mean_foundation= 16.0/52  lifetime_outcomes={'won': 138, 'stalled': 1, 'truncated': 239, 'other': 0}  rss= 3203.6MB  (6477s)
step   317000/400000  eps=0.150  episodes=  379  mean_return=6603.790  mean_loss= 4.06059  mean_foundation= 52.0/52  lifetime_outcomes={'won': 139, 'stalled': 1, 'truncated': 239, 'other': 0}  rss= 3203.6MB  (6481s)
step   318000/400000  eps=0.150  episodes=  381  mean_return=6284.030  mean_loss= 4.02869  mean_foundation= 52.0/52  lifetime_outcomes={'won': 141, 'stalled': 1, 'truncated': 239, 'other': 0}  rss= 3203.6MB  (6484s)
step   319000/400000  eps=0.150  episodes=  382  mean_return=6705.960  mean_loss= 4.14107  mean_foundation= 52.0/52  lifetime_outcomes={'won': 142, 'stalled': 1, 'truncated': 239, 'other': 0}  rss= 3203.6MB  (6488s)
step   320000/400000  eps=0.150  episodes=  383  mean_return=-1790.000  mean_loss= 3.97717  mean_foundation=  5.0/52  lifetime_outcomes={'won': 142, 'stalled': 1, 'truncated': 240, 'other': 0}  rss= 3203.6MB  (6491s)
  EVAL  step   320000  win_rate=39.50%  mean_return=3259.699  mean_foundation= 28.3/52  mean_length=770.1  (greedy, 200 fixed deals)
step   321000/400000  eps=0.150  episodes=  384  mean_return=-920.000  mean_loss= 4.25789  mean_foundation=  9.0/52  lifetime_outcomes={'won': 142, 'stalled': 1, 'truncated': 241, 'other': 0}  rss= 3203.6MB  (6650s)
step   322000/400000  eps=0.150  episodes=  385  mean_return=-300.000  mean_loss= 4.10915  mean_foundation=  6.0/52  lifetime_outcomes={'won': 142, 'stalled': 1, 'truncated': 242, 'other': 0}  rss= 3203.6MB  (6654s)
step   323000/400000  eps=0.150  episodes=  387  mean_return=2736.920  mean_loss= 4.10624  mean_foundation= 26.5/52  lifetime_outcomes={'won': 143, 'stalled': 1, 'truncated': 243, 'other': 0}  rss= 3203.6MB  (6658s)
step   324000/400000  eps=0.150  episodes=  390  mean_return=6825.953  mean_loss= 4.01790  mean_foundation= 52.0/52  lifetime_outcomes={'won': 146, 'stalled': 1, 'truncated': 243, 'other': 0}  rss= 3203.6MB  (6661s)
step   325000/400000  eps=0.150  episodes=  391  mean_return=860.000  mean_loss= 3.91341  mean_foundation= 25.0/52  lifetime_outcomes={'won': 146, 'stalled': 1, 'truncated': 244, 'other': 0}  rss= 3203.6MB  (6665s)
step   326000/400000  eps=0.150  episodes=  392  mean_return=6784.280  mean_loss= 3.83997  mean_foundation= 52.0/52  lifetime_outcomes={'won': 147, 'stalled': 1, 'truncated': 244, 'other': 0}  rss= 3203.6MB  (6670s)
step   327000/400000  eps=0.150  episodes=  394  mean_return=2747.790  mean_loss= 3.87039  mean_foundation= 27.5/52  lifetime_outcomes={'won': 148, 'stalled': 1, 'truncated': 245, 'other': 0}  rss= 3203.6MB  (6674s)
step   328000/400000  eps=0.150  episodes=  395  mean_return=-850.000  mean_loss= 3.96279  mean_foundation=  3.0/52  lifetime_outcomes={'won': 148, 'stalled': 1, 'truncated': 246, 'other': 0}  rss= 3203.6MB  (6678s)
step   329000/400000  eps=0.150  episodes=  396  mean_return=590.000  mean_loss= 3.89509  mean_foundation= 13.0/52  lifetime_outcomes={'won': 148, 'stalled': 1, 'truncated': 247, 'other': 0}  rss= 3203.6MB  (6682s)
step   330000/400000  eps=0.150  episodes=  397  mean_return=-1860.000  mean_loss= 3.80976  mean_foundation=  4.0/52  lifetime_outcomes={'won': 148, 'stalled': 1, 'truncated': 248, 'other': 0}  rss= 3203.6MB  (6686s)
  EVAL  step   330000  win_rate=37.00%  mean_return=3088.354  mean_foundation= 27.4/52  mean_length=789.6  (greedy, 200 fixed deals)
step   331000/400000  eps=0.150  episodes=  399  mean_return=6845.720  mean_loss= 3.84828  mean_foundation= 52.0/52  lifetime_outcomes={'won': 150, 'stalled': 1, 'truncated': 248, 'other': 0}  rss= 3203.6MB  (6847s)
step   332000/400000  eps=0.150  episodes=  400  mean_return=500.000  mean_loss= 3.76295  mean_foundation=  9.0/52  lifetime_outcomes={'won': 150, 'stalled': 1, 'truncated': 249, 'other': 0}  rss= 3203.6MB  (6850s)
step   333000/400000  eps=0.150  episodes=  401  mean_return=1120.000  mean_loss= 3.64648  mean_foundation= 22.0/52  lifetime_outcomes={'won': 150, 'stalled': 1, 'truncated': 250, 'other': 0}  rss= 3203.6MB  (6854s)
step   334000/400000  eps=0.150  episodes=  402  mean_return=-110.000  mean_loss= 3.64744  mean_foundation= 14.0/52  lifetime_outcomes={'won': 150, 'stalled': 1, 'truncated': 251, 'other': 0}  rss= 3203.6MB  (6857s)
step   335000/400000  eps=0.150  episodes=  403  mean_return=6542.940  mean_loss= 3.59177  mean_foundation= 52.0/52  lifetime_outcomes={'won': 151, 'stalled': 1, 'truncated': 251, 'other': 0}  rss= 3203.6MB  (6860s)
step   336000/400000  eps=0.150  episodes=  405  mean_return=6742.435  mean_loss= 3.65386  mean_foundation= 52.0/52  lifetime_outcomes={'won': 153, 'stalled': 1, 'truncated': 251, 'other': 0}  rss= 3203.6MB  (6864s)
step   337000/400000  eps=0.150  episodes=  406  mean_return=-810.000  mean_loss= 3.61464  mean_foundation=  5.0/52  lifetime_outcomes={'won': 153, 'stalled': 1, 'truncated': 252, 'other': 0}  rss= 3203.6MB  (6867s)
step   338000/400000  eps=0.150  episodes=  407  mean_return=930.000  mean_loss= 3.56253  mean_foundation= 25.0/52  lifetime_outcomes={'won': 153, 'stalled': 1, 'truncated': 253, 'other': 0}  rss= 3203.6MB  (6871s)
step   339000/400000  eps=0.150  episodes=  408  mean_return=-1640.000  mean_loss= 3.56396  mean_foundation=  5.0/52  lifetime_outcomes={'won': 153, 'stalled': 1, 'truncated': 254, 'other': 0}  rss= 3203.6MB  (6874s)
step   340000/400000  eps=0.150  episodes=  410  mean_return=3370.630  mean_loss= 3.33483  mean_foundation= 27.5/52  lifetime_outcomes={'won': 154, 'stalled': 2, 'truncated': 254, 'other': 0}  rss= 3203.6MB  (6878s)
  EVAL  step   340000  win_rate=32.00%  mean_return=2839.875  mean_foundation= 25.3/52  mean_length=837.5  (greedy, 200 fixed deals)
step   341000/400000  eps=0.150  episodes=  411  mean_return=6443.630  mean_loss= 3.54664  mean_foundation= 52.0/52  lifetime_outcomes={'won': 155, 'stalled': 2, 'truncated': 254, 'other': 0}  rss= 3203.6MB  (7048s)
step   342000/400000  eps=0.150  episodes=  413  mean_return=6683.795  mean_loss= 3.61742  mean_foundation= 52.0/52  lifetime_outcomes={'won': 157, 'stalled': 2, 'truncated': 254, 'other': 0}  rss= 3203.6MB  (7052s)
step   343000/400000  eps=0.150  episodes=  414  mean_return=-190.000  mean_loss= 3.40310  mean_foundation=  3.0/52  lifetime_outcomes={'won': 157, 'stalled': 2, 'truncated': 255, 'other': 0}  rss= 3203.6MB  (7055s)
step   344000/400000  eps=0.150  episodes=  415  mean_return=1460.000  mean_loss= 3.35489  mean_foundation= 44.0/52  lifetime_outcomes={'won': 157, 'stalled': 2, 'truncated': 256, 'other': 0}  rss= 3203.6MB  (7058s)
step   345000/400000  eps=0.150  episodes=  416  mean_return=140.000  mean_loss= 3.49686  mean_foundation=  7.0/52  lifetime_outcomes={'won': 157, 'stalled': 2, 'truncated': 257, 'other': 0}  rss= 3203.6MB  (7062s)
step   346000/400000  eps=0.150  episodes=  417  mean_return=6664.700  mean_loss= 3.41532  mean_foundation= 52.0/52  lifetime_outcomes={'won': 158, 'stalled': 2, 'truncated': 257, 'other': 0}  rss= 3203.6MB  (7065s)
step   347000/400000  eps=0.150  episodes=  418  mean_return=400.000  mean_loss= 3.35116  mean_foundation= 15.0/52  lifetime_outcomes={'won': 158, 'stalled': 2, 'truncated': 258, 'other': 0}  rss= 3203.6MB  (7069s)
step   348000/400000  eps=0.150  episodes=  419  mean_return=-2710.000  mean_loss= 3.30358  mean_foundation=  6.0/52  lifetime_outcomes={'won': 158, 'stalled': 2, 'truncated': 259, 'other': 0}  rss= 3203.6MB  (7072s)
step   349000/400000  eps=0.150  episodes=  421  mean_return=3752.705  mean_loss= 3.32432  mean_foundation= 34.5/52  lifetime_outcomes={'won': 159, 'stalled': 2, 'truncated': 260, 'other': 0}  rss= 3203.6MB  (7076s)
step   350000/400000  eps=0.150  episodes=  422  mean_return=860.000  mean_loss= 3.20048  mean_foundation= 14.0/52  lifetime_outcomes={'won': 159, 'stalled': 2, 'truncated': 261, 'other': 0}  rss= 3203.6MB  (7079s)
  EVAL  step   350000  win_rate=18.00%  mean_return=2104.644  mean_foundation= 20.9/52  mean_length=930.6  (greedy, 200 fixed deals)
step   351000/400000  eps=0.150  episodes=  423  mean_return=-270.000  mean_loss= 3.31524  mean_foundation=  5.0/52  lifetime_outcomes={'won': 159, 'stalled': 2, 'truncated': 262, 'other': 0}  rss= 3203.6MB  (7266s)
step   352000/400000  eps=0.150  episodes=  424  mean_return=-1130.000  mean_loss= 3.12405  mean_foundation=  8.0/52  lifetime_outcomes={'won': 159, 'stalled': 2, 'truncated': 263, 'other': 0}  rss= 3203.6MB  (7270s)
step   353000/400000  eps=0.150  episodes=  425  mean_return=6926.160  mean_loss= 3.17119  mean_foundation= 52.0/52  lifetime_outcomes={'won': 160, 'stalled': 2, 'truncated': 263, 'other': 0}  rss= 3203.6MB  (7273s)
step   354000/400000  eps=0.150  episodes=  426  mean_return=-930.000  mean_loss= 3.09372  mean_foundation=  9.0/52  lifetime_outcomes={'won': 160, 'stalled': 2, 'truncated': 264, 'other': 0}  rss= 3203.6MB  (7277s)
step   355000/400000  eps=0.150  episodes=  429  mean_return=2031.640  mean_loss= 3.08827  mean_foundation= 21.3/52  lifetime_outcomes={'won': 161, 'stalled': 3, 'truncated': 265, 'other': 0}  rss= 3203.6MB  (7280s)
step   356000/400000  eps=0.150  episodes=  430  mean_return=-930.000  mean_loss= 3.08300  mean_foundation=  7.0/52  lifetime_outcomes={'won': 161, 'stalled': 3, 'truncated': 266, 'other': 0}  rss= 3203.6MB  (7284s)
step   357000/400000  eps=0.150  episodes=  432  mean_return=2898.970  mean_loss= 3.18957  mean_foundation= 29.5/52  lifetime_outcomes={'won': 162, 'stalled': 3, 'truncated': 267, 'other': 0}  rss= 3203.6MB  (7287s)
step   358000/400000  eps=0.150  episodes=  433  mean_return=360.000  mean_loss= 2.95969  mean_foundation= 12.0/52  lifetime_outcomes={'won': 162, 'stalled': 3, 'truncated': 268, 'other': 0}  rss= 3203.6MB  (7291s)
step   359000/400000  eps=0.150  episodes=  434  mean_return=860.000  mean_loss= 3.06730  mean_foundation=  7.0/52  lifetime_outcomes={'won': 162, 'stalled': 3, 'truncated': 269, 'other': 0}  rss= 3203.6MB  (7294s)
step   360000/400000  eps=0.150  episodes=  435  mean_return=-510.000  mean_loss= 3.01979  mean_foundation=  4.0/52  lifetime_outcomes={'won': 162, 'stalled': 3, 'truncated': 270, 'other': 0}  rss= 3203.6MB  (7298s)
  EVAL  step   360000  win_rate=37.00%  mean_return=3124.693  mean_foundation= 27.3/52  mean_length=825.7  (greedy, 200 fixed deals)
step   361000/400000  eps=0.150  episodes=  437  mean_return=6804.525  mean_loss= 2.99409  mean_foundation= 52.0/52  lifetime_outcomes={'won': 164, 'stalled': 3, 'truncated': 270, 'other': 0}  rss= 3203.6MB  (7465s)
step   362000/400000  eps=0.150  episodes=  438  mean_return=6582.280  mean_loss= 2.92186  mean_foundation= 52.0/52  lifetime_outcomes={'won': 165, 'stalled': 3, 'truncated': 270, 'other': 0}  rss= 3203.6MB  (7469s)
step   363000/400000  eps=0.150  episodes=  439  mean_return=390.000  mean_loss= 2.92896  mean_foundation=  7.0/52  lifetime_outcomes={'won': 165, 'stalled': 3, 'truncated': 271, 'other': 0}  rss= 3203.6MB  (7472s)
step   364000/400000  eps=0.150  episodes=  440  mean_return=390.000  mean_loss= 2.89667  mean_foundation= 13.0/52  lifetime_outcomes={'won': 165, 'stalled': 3, 'truncated': 272, 'other': 0}  rss= 3203.6MB  (7476s)
step   365000/400000  eps=0.150  episodes=  441  mean_return=6745.120  mean_loss= 2.92917  mean_foundation= 52.0/52  lifetime_outcomes={'won': 166, 'stalled': 3, 'truncated': 272, 'other': 0}  rss= 3203.6MB  (7479s)
step   366000/400000  eps=0.150  episodes=  442  mean_return=-760.000  mean_loss= 2.85299  mean_foundation=  6.0/52  lifetime_outcomes={'won': 166, 'stalled': 3, 'truncated': 273, 'other': 0}  rss= 3203.6MB  (7483s)
step   367000/400000  eps=0.150  episodes=  443  mean_return=-990.000  mean_loss= 2.89872  mean_foundation=  6.0/52  lifetime_outcomes={'won': 166, 'stalled': 3, 'truncated': 274, 'other': 0}  rss= 3203.6MB  (7487s)
step   368000/400000  eps=0.150  episodes=  444  mean_return=480.000  mean_loss= 2.78251  mean_foundation= 11.0/52  lifetime_outcomes={'won': 166, 'stalled': 3, 'truncated': 275, 'other': 0}  rss= 3203.6MB  (7490s)
step   369000/400000  eps=0.150  episodes=  445  mean_return=1120.000  mean_loss= 2.92577  mean_foundation= 41.0/52  lifetime_outcomes={'won': 166, 'stalled': 3, 'truncated': 276, 'other': 0}  rss= 3203.6MB  (7494s)
step   370000/400000  eps=0.150  episodes=  447  mean_return=3751.620  mean_loss= 2.68048  mean_foundation= 34.5/52  lifetime_outcomes={'won': 167, 'stalled': 3, 'truncated': 277, 'other': 0}  rss= 3203.6MB  (7497s)
  EVAL  step   370000  win_rate=41.00%  mean_return=3342.768  mean_foundation= 28.5/52  mean_length=778.2  (greedy, 200 fixed deals)
step   371000/400000  eps=0.150  episodes=  448  mean_return=6846.060  mean_loss= 2.87142  mean_foundation= 52.0/52  lifetime_outcomes={'won': 168, 'stalled': 3, 'truncated': 277, 'other': 0}  rss= 3203.6MB  (7656s)
step   372000/400000  eps=0.150  episodes=  449  mean_return=6520.710  mean_loss= 2.73744  mean_foundation= 52.0/52  lifetime_outcomes={'won': 169, 'stalled': 3, 'truncated': 277, 'other': 0}  rss= 3203.6MB  (7660s)
step   373000/400000  eps=0.150  episodes=  450  mean_return=850.000  mean_loss= 2.77140  mean_foundation= 29.0/52  lifetime_outcomes={'won': 169, 'stalled': 3, 'truncated': 278, 'other': 0}  rss= 3203.6MB  (7663s)
step   374000/400000  eps=0.150  episodes=  453  mean_return=4264.067  mean_loss= 2.60417  mean_foundation= 37.0/52  lifetime_outcomes={'won': 171, 'stalled': 3, 'truncated': 279, 'other': 0}  rss= 3203.6MB  (7667s)
step   375000/400000  eps=0.150  episodes=  454  mean_return=430.000  mean_loss= 2.73924  mean_foundation=  4.0/52  lifetime_outcomes={'won': 171, 'stalled': 3, 'truncated': 280, 'other': 0}  rss= 3203.6MB  (7671s)
step   376000/400000  eps=0.150  episodes=  455  mean_return=1030.000  mean_loss= 2.53322  mean_foundation= 18.0/52  lifetime_outcomes={'won': 171, 'stalled': 3, 'truncated': 281, 'other': 0}  rss= 3203.6MB  (7674s)
step   377000/400000  eps=0.150  episodes=  456  mean_return=880.000  mean_loss= 2.62553  mean_foundation= 16.0/52  lifetime_outcomes={'won': 171, 'stalled': 3, 'truncated': 282, 'other': 0}  rss= 3203.6MB  (7679s)
step   378000/400000  eps=0.150  episodes=  457  mean_return=430.000  mean_loss= 2.61665  mean_foundation=  6.0/52  lifetime_outcomes={'won': 171, 'stalled': 3, 'truncated': 283, 'other': 0}  rss= 3203.6MB  (7683s)
step   379000/400000  eps=0.150  episodes=  458  mean_return=-370.000  mean_loss= 2.59416  mean_foundation= 10.0/52  lifetime_outcomes={'won': 171, 'stalled': 3, 'truncated': 284, 'other': 0}  rss= 3203.6MB  (7687s)
step   380000/400000  eps=0.150  episodes=  459  mean_return=-1630.000  mean_loss= 2.60985  mean_foundation=  7.0/52  lifetime_outcomes={'won': 171, 'stalled': 3, 'truncated': 285, 'other': 0}  rss= 3203.6MB  (7690s)
  EVAL  step   380000  win_rate=21.50%  mean_return=2273.382  mean_foundation= 22.6/52  mean_length=916.8  (greedy, 200 fixed deals)
step   381000/400000  eps=0.150  episodes=  460  mean_return=1070.000  mean_loss= 2.62967  mean_foundation= 14.0/52  lifetime_outcomes={'won': 171, 'stalled': 3, 'truncated': 286, 'other': 0}  rss= 3203.6MB  (7878s)
step   382000/400000  eps=0.150  episodes=  461  mean_return=800.000  mean_loss= 2.46127  mean_foundation= 12.0/52  lifetime_outcomes={'won': 171, 'stalled': 3, 'truncated': 287, 'other': 0}  rss= 3203.6MB  (7882s)
step   383000/400000  eps=0.150  episodes=  462  mean_return=790.000  mean_loss= 2.39621  mean_foundation= 18.0/52  lifetime_outcomes={'won': 171, 'stalled': 3, 'truncated': 288, 'other': 0}  rss= 3203.6MB  (7885s)
step   384000/400000  eps=0.150  episodes=  463  mean_return=6744.860  mean_loss= 2.44424  mean_foundation= 52.0/52  lifetime_outcomes={'won': 172, 'stalled': 3, 'truncated': 288, 'other': 0}  rss= 3203.6MB  (7889s)
step   385000/400000  eps=0.150  episodes=  464  mean_return=6681.510  mean_loss= 2.41548  mean_foundation= 52.0/52  lifetime_outcomes={'won': 173, 'stalled': 3, 'truncated': 288, 'other': 0}  rss= 3203.6MB  (7892s)
step   386000/400000  eps=0.150  episodes=  466  mean_return=6613.275  mean_loss= 2.43888  mean_foundation= 52.0/52  lifetime_outcomes={'won': 175, 'stalled': 3, 'truncated': 288, 'other': 0}  rss= 3203.6MB  (7896s)
step   387000/400000  eps=0.150  episodes=  467  mean_return=6621.780  mean_loss= 2.42078  mean_foundation= 52.0/52  lifetime_outcomes={'won': 176, 'stalled': 3, 'truncated': 288, 'other': 0}  rss= 3203.6MB  (7901s)
step   388000/400000  eps=0.150  episodes=  468  mean_return= 80.000  mean_loss= 2.38551  mean_foundation= 21.0/52  lifetime_outcomes={'won': 176, 'stalled': 3, 'truncated': 289, 'other': 0}  rss= 3203.6MB  (7905s)
step   389000/400000  eps=0.150  episodes=  470  mean_return=3488.270  mean_loss= 2.43447  mean_foundation= 32.5/52  lifetime_outcomes={'won': 177, 'stalled': 3, 'truncated': 290, 'other': 0}  rss= 3203.6MB  (7908s)
step   390000/400000  eps=0.150  episodes=  471  mean_return=110.000  mean_loss= 2.48911  mean_foundation=  4.0/52  lifetime_outcomes={'won': 177, 'stalled': 3, 'truncated': 291, 'other': 0}  rss= 3203.6MB  (7912s)
  EVAL  step   390000  win_rate=34.00%  mean_return=2969.150  mean_foundation= 26.4/52  mean_length=850.0  (greedy, 200 fixed deals)
step   391000/400000  eps=0.150  episodes=  472  mean_return=-250.000  mean_loss= 2.27072  mean_foundation=  8.0/52  lifetime_outcomes={'won': 177, 'stalled': 3, 'truncated': 292, 'other': 0}  rss= 3203.6MB  (8086s)
step   392000/400000  eps=0.150  episodes=  473  mean_return= 40.000  mean_loss= 2.41062  mean_foundation=  3.0/52  lifetime_outcomes={'won': 177, 'stalled': 3, 'truncated': 293, 'other': 0}  rss= 3203.6MB  (8090s)
step   393000/400000  eps=0.150  episodes=  474  mean_return=6561.430  mean_loss= 2.27303  mean_foundation= 52.0/52  lifetime_outcomes={'won': 178, 'stalled': 3, 'truncated': 293, 'other': 0}  rss= 3203.6MB  (8093s)
step   394000/400000  eps=0.150  episodes=  475  mean_return=6541.620  mean_loss= 2.28648  mean_foundation= 52.0/52  lifetime_outcomes={'won': 179, 'stalled': 3, 'truncated': 293, 'other': 0}  rss= 3203.6MB  (8097s)
step   395000/400000  eps=0.150  episodes=  477  mean_return=3833.930  mean_loss= 2.31282  mean_foundation= 32.5/52  lifetime_outcomes={'won': 180, 'stalled': 3, 'truncated': 294, 'other': 0}  rss= 3203.6MB  (8101s)
step   396000/400000  eps=0.150  episodes=  478  mean_return=6645.530  mean_loss= 2.22428  mean_foundation= 52.0/52  lifetime_outcomes={'won': 181, 'stalled': 3, 'truncated': 294, 'other': 0}  rss= 3203.6MB  (8105s)
step   397000/400000  eps=0.150  episodes=  479  mean_return=510.000  mean_loss= 2.28920  mean_foundation= 11.0/52  lifetime_outcomes={'won': 181, 'stalled': 3, 'truncated': 295, 'other': 0}  rss= 3203.6MB  (8109s)
step   398000/400000  eps=0.150  episodes=  482  mean_return=4227.373  mean_loss= 2.23215  mean_foundation= 35.0/52  lifetime_outcomes={'won': 183, 'stalled': 3, 'truncated': 296, 'other': 0}  rss= 3203.6MB  (8113s)
step   399000/400000  eps=0.150  episodes=  483  mean_return=520.000  mean_loss= 2.30626  mean_foundation= 16.0/52  lifetime_outcomes={'won': 183, 'stalled': 3, 'truncated': 297, 'other': 0}  rss= 3203.6MB  (8117s)
step   400000/400000  eps=0.150  episodes=  484  mean_return=6724.240  mean_loss= 2.24142  mean_foundation= 52.0/52  lifetime_outcomes={'won': 184, 'stalled': 3, 'truncated': 297, 'other': 0}  rss= 3203.6MB  (8121s)
  EVAL  step   400000  win_rate=37.50%  mean_return=3144.498  mean_foundation= 27.8/52  mean_length=835.2  (greedy, 200 fixed deals)
done. saved final checkpoint to runs/027_dqfd_moredemo_epsfloor_loopbreaker_solvcurriculum_undopenalty20/checkpoint_final.pt
=== train_resilient: training completed successfully ===
