=== train_resilient: attempt 1 ===
run directory: runs/030_dqfd_moredemo_epsfloor_loopbreaker_solvcurriculum_freshdemo_control_seed1
eval: using 1000-seed battery from runs/eval_corpus.jsonl (first 200 of them per eval pass) instead of the fixed 900000+i range
DQfD: building 100000 permanent demo transitions from runs/curriculum_wins.jsonl
built 100000 demo transitions from 156 winning episodes (0 diverged and were skipped)
DQfD: loaded 100000 demo transitions into the permanent replay-buffer region
solvable-seed pool: loaded 1578 ground-truth-solvable seeds from runs/solvable_corpus.jsonl, used for fresh-deal resets over first 100000 steps
step     1000/400000  eps=0.996  episodes=    1  mean_return=1550.000  mean_loss=     nan  mean_foundation= 13.0/52  lifetime_outcomes={'won': 0, 'stalled': 0, 'truncated': 1, 'other': 0}  rss= 1596.5MB  (1s)
step     2000/400000  eps=0.992  episodes=    2  mean_return=1000.000  mean_loss=     nan  mean_foundation=  1.0/52  lifetime_outcomes={'won': 0, 'stalled': 0, 'truncated': 2, 'other': 0}  rss= 1614.4MB  (2s)
step     3000/400000  eps=0.987  episodes=    3  mean_return=710.000  mean_loss=     nan  mean_foundation=  7.0/52  lifetime_outcomes={'won': 0, 'stalled': 0, 'truncated': 3, 'other': 0}  rss= 1625.1MB  (3s)
step     4000/400000  eps=0.983  episodes=    4  mean_return=1570.000  mean_loss=     nan  mean_foundation= 14.0/52  lifetime_outcomes={'won': 0, 'stalled': 0, 'truncated': 4, 'other': 0}  rss= 1631.2MB  (4s)
step     5000/400000  eps=0.979  episodes=    5  mean_return=1700.000  mean_loss=88.36347  mean_foundation= 15.0/52  lifetime_outcomes={'won': 0, 'stalled': 0, 'truncated': 5, 'other': 0}  rss= 1962.7MB  (5s)
step     6000/400000  eps=0.975  episodes=    6  mean_return=800.000  mean_loss=63.68899  mean_foundation=  4.0/52  lifetime_outcomes={'won': 0, 'stalled': 0, 'truncated': 6, 'other': 0}  rss= 1976.6MB  (9s)
step     7000/400000  eps=0.970  episodes=    7  mean_return=1550.000  mean_loss=86.45672  mean_foundation= 15.0/52  lifetime_outcomes={'won': 0, 'stalled': 0, 'truncated': 7, 'other': 0}  rss= 1982.6MB  (13s)
step     8000/400000  eps=0.966  episodes=    8  mean_return=1850.000  mean_loss=97.52428  mean_foundation= 23.0/52  lifetime_outcomes={'won': 0, 'stalled': 0, 'truncated': 8, 'other': 0}  rss= 1984.6MB  (17s)
step     9000/400000  eps=0.962  episodes=    9  mean_return=1760.000  mean_loss=103.04591  mean_foundation= 11.0/52  lifetime_outcomes={'won': 0, 'stalled': 0, 'truncated': 9, 'other': 0}  rss= 1996.7MB  (22s)
step    10000/400000  eps=0.958  episodes=   10  mean_return=1760.000  mean_loss=105.13660  mean_foundation= 18.0/52  lifetime_outcomes={'won': 0, 'stalled': 0, 'truncated': 10, 'other': 0}  rss= 1998.8MB  (26s)
  EVAL  step    10000  win_rate=39.00%  mean_return=3277.814  mean_foundation= 27.2/52  mean_length=793.6  (greedy, 200 fixed deals)
step    11000/400000  eps=0.953  episodes=   11  mean_return=1280.000  mean_loss=102.14782  mean_foundation= 10.0/52  lifetime_outcomes={'won': 0, 'stalled': 0, 'truncated': 11, 'other': 0}  rss= 2030.9MB  (231s)
step    12000/400000  eps=0.949  episodes=   12  mean_return=1740.000  mean_loss=100.22047  mean_foundation= 18.0/52  lifetime_outcomes={'won': 0, 'stalled': 0, 'truncated': 12, 'other': 0}  rss= 2030.9MB  (235s)
step    13000/400000  eps=0.945  episodes=   13  mean_return=1400.000  mean_loss=97.20940  mean_foundation=  3.0/52  lifetime_outcomes={'won': 0, 'stalled': 0, 'truncated': 13, 'other': 0}  rss= 2031.7MB  (239s)
step    14000/400000  eps=0.941  episodes=   14  mean_return=1510.000  mean_loss=97.34586  mean_foundation=  6.0/52  lifetime_outcomes={'won': 0, 'stalled': 0, 'truncated': 14, 'other': 0}  rss= 2035.7MB  (244s)
step    15000/400000  eps=0.936  episodes=   15  mean_return=400.000  mean_loss=94.58691  mean_foundation=  0.0/52  lifetime_outcomes={'won': 0, 'stalled': 0, 'truncated': 15, 'other': 0}  rss= 2039.8MB  (249s)
step    16000/400000  eps=0.932  episodes=   16  mean_return=1360.000  mean_loss=91.33551  mean_foundation= 16.0/52  lifetime_outcomes={'won': 0, 'stalled': 0, 'truncated': 16, 'other': 0}  rss= 2043.8MB  (253s)
step    17000/400000  eps=0.928  episodes=   17  mean_return=1460.000  mean_loss=91.35329  mean_foundation= 24.0/52  lifetime_outcomes={'won': 0, 'stalled': 0, 'truncated': 17, 'other': 0}  rss= 2047.8MB  (258s)
step    18000/400000  eps=0.923  episodes=   18  mean_return=1750.000  mean_loss=89.12129  mean_foundation= 20.0/52  lifetime_outcomes={'won': 0, 'stalled': 0, 'truncated': 18, 'other': 0}  rss= 2051.9MB  (263s)
step    19000/400000  eps=0.919  episodes=   19  mean_return=1960.000  mean_loss=88.74575  mean_foundation= 39.0/52  lifetime_outcomes={'won': 0, 'stalled': 0, 'truncated': 19, 'other': 0}  rss= 2056.0MB  (267s)
step    20000/400000  eps=0.915  episodes=   20  mean_return=480.000  mean_loss=84.24806  mean_foundation=  7.0/52  lifetime_outcomes={'won': 0, 'stalled': 0, 'truncated': 20, 'other': 0}  rss= 2060.0MB  (272s)
  EVAL  step    20000  win_rate=35.50%  mean_return=3067.600  mean_foundation= 26.3/52  mean_length=790.0  (greedy, 200 fixed deals)
step    21000/400000  eps=0.911  episodes=   21  mean_return=2020.000  mean_loss=81.57599  mean_foundation= 42.0/52  lifetime_outcomes={'won': 0, 'stalled': 0, 'truncated': 21, 'other': 0}  rss= 2076.5MB  (453s)
step    22000/400000  eps=0.906  episodes=   22  mean_return=2030.000  mean_loss=81.54009  mean_foundation= 48.0/52  lifetime_outcomes={'won': 0, 'stalled': 0, 'truncated': 22, 'other': 0}  rss= 2080.5MB  (456s)
step    23000/400000  eps=0.902  episodes=   23  mean_return=1720.000  mean_loss=80.75692  mean_foundation= 17.0/52  lifetime_outcomes={'won': 0, 'stalled': 0, 'truncated': 23, 'other': 0}  rss= 2084.5MB  (460s)
step    24000/400000  eps=0.898  episodes=   24  mean_return=1900.000  mean_loss=78.53682  mean_foundation= 34.0/52  lifetime_outcomes={'won': 0, 'stalled': 0, 'truncated': 24, 'other': 0}  rss= 2088.5MB  (464s)
step    25000/400000  eps=0.894  episodes=   25  mean_return=1950.000  mean_loss=79.15699  mean_foundation= 41.0/52  lifetime_outcomes={'won': 0, 'stalled': 0, 'truncated': 25, 'other': 0}  rss= 2092.6MB  (467s)
step    26000/400000  eps=0.889  episodes=   26  mean_return=570.000  mean_loss=77.73307  mean_foundation= 13.0/52  lifetime_outcomes={'won': 0, 'stalled': 0, 'truncated': 26, 'other': 0}  rss= 2094.6MB  (471s)
step    27000/400000  eps=0.885  episodes=   27  mean_return=1440.000  mean_loss=74.51602  mean_foundation= 19.0/52  lifetime_outcomes={'won': 0, 'stalled': 0, 'truncated': 27, 'other': 0}  rss= 2100.6MB  (476s)
step    28000/400000  eps=0.881  episodes=   28  mean_return=1930.000  mean_loss=76.52421  mean_foundation= 38.0/52  lifetime_outcomes={'won': 0, 'stalled': 0, 'truncated': 28, 'other': 0}  rss= 2102.6MB  (481s)
step    29000/400000  eps=0.877  episodes=   29  mean_return=2020.000  mean_loss=72.43051  mean_foundation= 45.0/52  lifetime_outcomes={'won': 0, 'stalled': 0, 'truncated': 29, 'other': 0}  rss= 2108.6MB  (487s)
step    30000/400000  eps=0.873  episodes=   30  mean_return=1930.000  mean_loss=68.65468  mean_foundation= 38.0/52  lifetime_outcomes={'won': 0, 'stalled': 0, 'truncated': 30, 'other': 0}  rss= 2112.7MB  (492s)
  EVAL  step    30000  win_rate=31.00%  mean_return=2729.976  mean_foundation= 23.9/52  mean_length=797.4  (greedy, 200 fixed deals)
step    31000/400000  eps=0.868  episodes=   31  mean_return=2000.000  mean_loss=71.76254  mean_foundation= 38.0/52  lifetime_outcomes={'won': 0, 'stalled': 0, 'truncated': 31, 'other': 0}  rss= 2124.7MB  (673s)
step    32000/400000  eps=0.864  episodes=   32  mean_return=590.000  mean_loss=69.01598  mean_foundation=  8.0/52  lifetime_outcomes={'won': 0, 'stalled': 0, 'truncated': 32, 'other': 0}  rss= 2128.8MB  (677s)
step    33000/400000  eps=0.860  episodes=   33  mean_return=450.000  mean_loss=68.62952  mean_foundation=  3.0/52  lifetime_outcomes={'won': 0, 'stalled': 0, 'truncated': 33, 'other': 0}  rss= 2130.8MB  (681s)
step    34000/400000  eps=0.855  episodes=   34  mean_return=7040.900  mean_loss=68.74576  mean_foundation= 52.0/52  lifetime_outcomes={'won': 1, 'stalled': 0, 'truncated': 33, 'other': 0}  rss= 2136.9MB  (684s)
step    35000/400000  eps=0.851  episodes=   35  mean_return=760.000  mean_loss=67.56420  mean_foundation=  4.0/52  lifetime_outcomes={'won': 1, 'stalled': 0, 'truncated': 34, 'other': 0}  rss= 2138.9MB  (688s)
step    36000/400000  eps=0.847  episodes=   36  mean_return=650.000  mean_loss=66.40423  mean_foundation=  9.0/52  lifetime_outcomes={'won': 1, 'stalled': 0, 'truncated': 35, 'other': 0}  rss= 2144.9MB  (692s)
step    37000/400000  eps=0.843  episodes=   37  mean_return=7041.610  mean_loss=66.35206  mean_foundation= 52.0/52  lifetime_outcomes={'won': 2, 'stalled': 0, 'truncated': 35, 'other': 0}  rss= 2146.9MB  (696s)
step    38000/400000  eps=0.839  episodes=   38  mean_return=2020.000  mean_loss=65.73851  mean_foundation= 49.0/52  lifetime_outcomes={'won': 2, 'stalled': 0, 'truncated': 36, 'other': 0}  rss= 2150.9MB  (702s)
step    39000/400000  eps=0.834  episodes=   39  mean_return=7043.160  mean_loss=67.10891  mean_foundation= 52.0/52  lifetime_outcomes={'won': 3, 'stalled': 0, 'truncated': 36, 'other': 0}  rss= 2157.0MB  (706s)
step    40000/400000  eps=0.830  episodes=   40  mean_return=7040.100  mean_loss=63.93395  mean_foundation= 52.0/52  lifetime_outcomes={'won': 4, 'stalled': 0, 'truncated': 36, 'other': 0}  rss= 2159.0MB  (711s)
  EVAL  step    40000  win_rate=38.50%  mean_return=3255.060  mean_foundation= 26.9/52  mean_length=799.0  (greedy, 200 fixed deals)
step    41000/400000  eps=0.826  episodes=   41  mean_return=510.000  mean_loss=65.51886  mean_foundation=  2.0/52  lifetime_outcomes={'won': 4, 'stalled': 0, 'truncated': 37, 'other': 0}  rss= 2165.0MB  (898s)
step    42000/400000  eps=0.822  episodes=   42  mean_return=2040.000  mean_loss=62.85239  mean_foundation= 47.0/52  lifetime_outcomes={'won': 4, 'stalled': 0, 'truncated': 38, 'other': 0}  rss= 2167.0MB  (902s)
step    43000/400000  eps=0.817  episodes=   43  mean_return=380.000  mean_loss=61.71344  mean_foundation=  1.0/52  lifetime_outcomes={'won': 4, 'stalled': 0, 'truncated': 39, 'other': 0}  rss= 2171.1MB  (906s)
step    44000/400000  eps=0.813  episodes=   44  mean_return=690.000  mean_loss=60.66989  mean_foundation=  7.0/52  lifetime_outcomes={'won': 4, 'stalled': 0, 'truncated': 40, 'other': 0}  rss= 2175.1MB  (909s)
step    45000/400000  eps=0.809  episodes=   45  mean_return=2040.000  mean_loss=60.86601  mean_foundation= 45.0/52  lifetime_outcomes={'won': 4, 'stalled': 0, 'truncated': 41, 'other': 0}  rss= 2179.1MB  (913s)
step    46000/400000  eps=0.804  episodes=   47  mean_return=7042.295  mean_loss=59.66453  mean_foundation= 52.0/52  lifetime_outcomes={'won': 6, 'stalled': 0, 'truncated': 41, 'other': 0}  rss= 2183.1MB  (917s)
step    47000/400000  eps=0.800  episodes=   48  mean_return=2040.000  mean_loss=59.45564  mean_foundation= 50.0/52  lifetime_outcomes={'won': 6, 'stalled': 0, 'truncated': 42, 'other': 0}  rss= 2187.2MB  (920s)
step    48000/400000  eps=0.796  episodes=   49  mean_return=1240.000  mean_loss=58.07229  mean_foundation= 11.0/52  lifetime_outcomes={'won': 6, 'stalled': 0, 'truncated': 43, 'other': 0}  rss= 2193.2MB  (924s)
step    49000/400000  eps=0.792  episodes=   50  mean_return=910.000  mean_loss=57.04518  mean_foundation=  4.0/52  lifetime_outcomes={'won': 6, 'stalled': 0, 'truncated': 44, 'other': 0}  rss= 2195.2MB  (928s)
step    50000/400000  eps=0.787  episodes=   51  mean_return=1010.000  mean_loss=55.08248  mean_foundation=  8.0/52  lifetime_outcomes={'won': 6, 'stalled': 0, 'truncated': 45, 'other': 0}  rss= 2199.2MB  (932s)
  EVAL  step    50000  win_rate=28.50%  mean_return=2620.517  mean_foundation= 22.2/52  mean_length=843.3  (greedy, 200 fixed deals)
step    51000/400000  eps=0.783  episodes=   52  mean_return=1920.000  mean_loss=54.62160  mean_foundation= 38.0/52  lifetime_outcomes={'won': 6, 'stalled': 0, 'truncated': 46, 'other': 0}  rss= 2203.3MB  (1131s)
step    52000/400000  eps=0.779  episodes=   53  mean_return=7040.880  mean_loss=53.89866  mean_foundation= 52.0/52  lifetime_outcomes={'won': 7, 'stalled': 0, 'truncated': 46, 'other': 0}  rss= 2207.3MB  (1135s)
step    53000/400000  eps=0.775  episodes=   54  mean_return=2040.000  mean_loss=53.67524  mean_foundation= 46.0/52  lifetime_outcomes={'won': 7, 'stalled': 0, 'truncated': 47, 'other': 0}  rss= 2209.3MB  (1139s)
step    54000/400000  eps=0.770  episodes=   55  mean_return=2000.000  mean_loss=52.46935  mean_foundation= 47.0/52  lifetime_outcomes={'won': 7, 'stalled': 0, 'truncated': 48, 'other': 0}  rss= 2215.3MB  (1142s)
step    55000/400000  eps=0.766  episodes=   56  mean_return=7041.480  mean_loss=53.46574  mean_foundation= 52.0/52  lifetime_outcomes={'won': 8, 'stalled': 0, 'truncated': 48, 'other': 0}  rss= 2219.3MB  (1146s)
step    56000/400000  eps=0.762  episodes=   57  mean_return=7040.390  mean_loss=51.28128  mean_foundation= 52.0/52  lifetime_outcomes={'won': 9, 'stalled': 0, 'truncated': 48, 'other': 0}  rss= 2223.4MB  (1150s)
step    57000/400000  eps=0.758  episodes=   58  mean_return=680.000  mean_loss=51.36167  mean_foundation=  3.0/52  lifetime_outcomes={'won': 9, 'stalled': 0, 'truncated': 49, 'other': 0}  rss= 2227.4MB  (1154s)
step    58000/400000  eps=0.754  episodes=   59  mean_return=1010.000  mean_loss=50.91696  mean_foundation=  7.0/52  lifetime_outcomes={'won': 9, 'stalled': 0, 'truncated': 50, 'other': 0}  rss= 2231.4MB  (1157s)
step    59000/400000  eps=0.749  episodes=   61  mean_return=7044.060  mean_loss=50.01351  mean_foundation= 52.0/52  lifetime_outcomes={'won': 11, 'stalled': 0, 'truncated': 50, 'other': 0}  rss= 2235.4MB  (1161s)
step    60000/400000  eps=0.745  episodes=   62  mean_return=7044.140  mean_loss=51.04497  mean_foundation= 52.0/52  lifetime_outcomes={'won': 12, 'stalled': 0, 'truncated': 50, 'other': 0}  rss= 2237.4MB  (1165s)
  EVAL  step    60000  win_rate=29.50%  mean_return=2708.962  mean_foundation= 23.3/52  mean_length=828.8  (greedy, 200 fixed deals)
step    61000/400000  eps=0.741  episodes=   63  mean_return=1500.000  mean_loss=49.54451  mean_foundation= 15.0/52  lifetime_outcomes={'won': 12, 'stalled': 0, 'truncated': 51, 'other': 0}  rss= 2243.5MB  (1360s)
step    62000/400000  eps=0.736  episodes=   64  mean_return=7041.510  mean_loss=51.96406  mean_foundation= 52.0/52  lifetime_outcomes={'won': 13, 'stalled': 0, 'truncated': 51, 'other': 0}  rss= 2247.5MB  (1364s)
step    63000/400000  eps=0.732  episodes=   65  mean_return=450.000  mean_loss=48.04395  mean_foundation=  6.0/52  lifetime_outcomes={'won': 13, 'stalled': 0, 'truncated': 52, 'other': 0}  rss= 2251.5MB  (1368s)
step    64000/400000  eps=0.728  episodes=   66  mean_return=770.000  mean_loss=48.70632  mean_foundation= 13.0/52  lifetime_outcomes={'won': 13, 'stalled': 0, 'truncated': 53, 'other': 0}  rss= 2255.5MB  (1372s)
step    65000/400000  eps=0.724  episodes=   67  mean_return=490.000  mean_loss=48.76464  mean_foundation=  1.0/52  lifetime_outcomes={'won': 13, 'stalled': 0, 'truncated': 54, 'other': 0}  rss= 2257.6MB  (1375s)
step    66000/400000  eps=0.720  episodes=   68  mean_return=7041.860  mean_loss=48.30691  mean_foundation= 52.0/52  lifetime_outcomes={'won': 14, 'stalled': 0, 'truncated': 54, 'other': 0}  rss= 2263.6MB  (1379s)
step    67000/400000  eps=0.715  episodes=   69  mean_return=1070.000  mean_loss=45.74595  mean_foundation=  3.0/52  lifetime_outcomes={'won': 14, 'stalled': 0, 'truncated': 55, 'other': 0}  rss= 2265.6MB  (1383s)
step    68000/400000  eps=0.711  episodes=   71  mean_return=3852.340  mean_loss=46.94083  mean_foundation= 29.5/52  lifetime_outcomes={'won': 15, 'stalled': 0, 'truncated': 56, 'other': 0}  rss= 2271.6MB  (1387s)
step    69000/400000  eps=0.707  episodes=   72  mean_return=7041.650  mean_loss=45.70734  mean_foundation= 52.0/52  lifetime_outcomes={'won': 16, 'stalled': 0, 'truncated': 56, 'other': 0}  rss= 2273.7MB  (1391s)
step    70000/400000  eps=0.703  episodes=   73  mean_return=680.000  mean_loss=43.24213  mean_foundation= 12.0/52  lifetime_outcomes={'won': 16, 'stalled': 0, 'truncated': 57, 'other': 0}  rss= 2277.7MB  (1395s)
  EVAL  step    70000  win_rate=30.50%  mean_return=2782.462  mean_foundation= 23.7/52  mean_length=833.8  (greedy, 200 fixed deals)
step    71000/400000  eps=0.698  episodes=   74  mean_return=1650.000  mean_loss=44.13062  mean_foundation= 27.0/52  lifetime_outcomes={'won': 16, 'stalled': 0, 'truncated': 58, 'other': 0}  rss= 2283.7MB  (1596s)
step    72000/400000  eps=0.694  episodes=   75  mean_return=7044.880  mean_loss=44.80512  mean_foundation= 52.0/52  lifetime_outcomes={'won': 17, 'stalled': 0, 'truncated': 58, 'other': 0}  rss= 2285.7MB  (1600s)
step    73000/400000  eps=0.690  episodes=   77  mean_return=4132.220  mean_loss=44.89254  mean_foundation= 31.0/52  lifetime_outcomes={'won': 18, 'stalled': 0, 'truncated': 59, 'other': 0}  rss= 2291.7MB  (1604s)
step    74000/400000  eps=0.685  episodes=   78  mean_return=7045.500  mean_loss=43.75396  mean_foundation= 52.0/52  lifetime_outcomes={'won': 19, 'stalled': 0, 'truncated': 59, 'other': 0}  rss= 2293.7MB  (1608s)
step    75000/400000  eps=0.681  episodes=   80  mean_return=4516.815  mean_loss=43.62636  mean_foundation= 49.5/52  lifetime_outcomes={'won': 20, 'stalled': 0, 'truncated': 60, 'other': 0}  rss= 2299.8MB  (1612s)
step    76000/400000  eps=0.677  episodes=   82  mean_return=7046.105  mean_loss=43.27281  mean_foundation= 52.0/52  lifetime_outcomes={'won': 22, 'stalled': 0, 'truncated': 60, 'other': 0}  rss= 2301.8MB  (1616s)
step    77000/400000  eps=0.673  episodes=   83  mean_return=820.000  mean_loss=42.14293  mean_foundation=  6.0/52  lifetime_outcomes={'won': 22, 'stalled': 0, 'truncated': 61, 'other': 0}  rss= 2305.8MB  (1619s)
step    78000/400000  eps=0.668  episodes=   84  mean_return=960.000  mean_loss=42.25004  mean_foundation= 10.0/52  lifetime_outcomes={'won': 22, 'stalled': 0, 'truncated': 62, 'other': 0}  rss= 2309.8MB  (1625s)
step    79000/400000  eps=0.664  episodes=   85  mean_return=740.000  mean_loss=40.77404  mean_foundation= 11.0/52  lifetime_outcomes={'won': 22, 'stalled': 0, 'truncated': 63, 'other': 0}  rss= 2313.8MB  (1630s)
step    80000/400000  eps=0.660  episodes=   87  mean_return=3932.935  mean_loss=40.51051  mean_foundation= 29.0/52  lifetime_outcomes={'won': 23, 'stalled': 0, 'truncated': 64, 'other': 0}  rss= 2317.9MB  (1634s)
  EVAL  step    80000  win_rate=27.00%  mean_return=2541.243  mean_foundation= 21.7/52  mean_length=855.7  (greedy, 200 fixed deals)
step    81000/400000  eps=0.656  episodes=   89  mean_return=7045.545  mean_loss=41.06292  mean_foundation= 52.0/52  lifetime_outcomes={'won': 25, 'stalled': 0, 'truncated': 64, 'other': 0}  rss= 2321.9MB  (1844s)
step    82000/400000  eps=0.651  episodes=   90  mean_return=1390.000  mean_loss=40.55918  mean_foundation= 16.0/52  lifetime_outcomes={'won': 25, 'stalled': 0, 'truncated': 65, 'other': 0}  rss= 2326.0MB  (1848s)
step    83000/400000  eps=0.647  episodes=   91  mean_return=7045.150  mean_loss=40.57995  mean_foundation= 52.0/52  lifetime_outcomes={'won': 26, 'stalled': 0, 'truncated': 65, 'other': 0}  rss= 2330.1MB  (1852s)
step    84000/400000  eps=0.643  episodes=   92  mean_return=540.000  mean_loss=40.07034  mean_foundation=  6.0/52  lifetime_outcomes={'won': 26, 'stalled': 0, 'truncated': 66, 'other': 0}  rss= 2334.2MB  (1856s)
step    85000/400000  eps=0.639  episodes=   93  mean_return=1350.000  mean_loss=39.69034  mean_foundation=  8.0/52  lifetime_outcomes={'won': 26, 'stalled': 0, 'truncated': 67, 'other': 0}  rss= 2338.2MB  (1860s)
step    86000/400000  eps=0.635  episodes=   94  mean_return=470.000  mean_loss=39.21629  mean_foundation=  1.0/52  lifetime_outcomes={'won': 26, 'stalled': 0, 'truncated': 68, 'other': 0}  rss= 2342.2MB  (1864s)
step    87000/400000  eps=0.630  episodes=   95  mean_return=700.000  mean_loss=38.91991  mean_foundation=  6.0/52  lifetime_outcomes={'won': 26, 'stalled': 0, 'truncated': 69, 'other': 0}  rss= 2346.2MB  (1868s)
step    88000/400000  eps=0.626  episodes=   97  mean_return=7042.055  mean_loss=37.31812  mean_foundation= 52.0/52  lifetime_outcomes={'won': 28, 'stalled': 0, 'truncated': 69, 'other': 0}  rss= 2350.2MB  (1872s)
step    89000/400000  eps=0.622  episodes=   98  mean_return=210.000  mean_loss=39.01489  mean_foundation=  4.0/52  lifetime_outcomes={'won': 28, 'stalled': 0, 'truncated': 70, 'other': 0}  rss= 2354.4MB  (1876s)
step    90000/400000  eps=0.617  episodes=   99  mean_return=1010.000  mean_loss=37.63855  mean_foundation=  6.0/52  lifetime_outcomes={'won': 28, 'stalled': 0, 'truncated': 71, 'other': 0}  rss= 2358.4MB  (1879s)
  EVAL  step    90000  win_rate=34.00%  mean_return=2991.864  mean_foundation= 25.4/52  mean_length=803.6  (greedy, 200 fixed deals)
step    91000/400000  eps=0.613  episodes=  100  mean_return=7045.770  mean_loss=37.11893  mean_foundation= 52.0/52  lifetime_outcomes={'won': 29, 'stalled': 0, 'truncated': 71, 'other': 0}  rss= 2362.4MB  (2072s)
step    92000/400000  eps=0.609  episodes=  102  mean_return=4108.090  mean_loss=35.66094  mean_foundation= 33.5/52  lifetime_outcomes={'won': 30, 'stalled': 0, 'truncated': 72, 'other': 0}  rss= 2364.4MB  (2076s)
step    93000/400000  eps=0.605  episodes=  104  mean_return=7045.860  mean_loss=35.88818  mean_foundation= 52.0/52  lifetime_outcomes={'won': 32, 'stalled': 0, 'truncated': 72, 'other': 0}  rss= 2370.5MB  (2080s)
step    94000/400000  eps=0.601  episodes=  105  mean_return=7044.140  mean_loss=34.78448  mean_foundation= 52.0/52  lifetime_outcomes={'won': 33, 'stalled': 0, 'truncated': 72, 'other': 0}  rss= 2374.5MB  (2084s)
step    95000/400000  eps=0.596  episodes=  107  mean_return=4261.080  mean_loss=35.31173  mean_foundation= 34.5/52  lifetime_outcomes={'won': 34, 'stalled': 0, 'truncated': 73, 'other': 0}  rss= 2378.5MB  (2089s)
step    96000/400000  eps=0.592  episodes=  108  mean_return=7044.910  mean_loss=35.37307  mean_foundation= 52.0/52  lifetime_outcomes={'won': 35, 'stalled': 0, 'truncated': 73, 'other': 0}  rss= 2382.5MB  (2093s)
step    97000/400000  eps=0.588  episodes=  109  mean_return=7042.240  mean_loss=35.89863  mean_foundation= 52.0/52  lifetime_outcomes={'won': 36, 'stalled': 0, 'truncated': 73, 'other': 0}  rss= 2384.6MB  (2098s)
step    98000/400000  eps=0.584  episodes=  111  mean_return=4062.670  mean_loss=34.57040  mean_foundation= 31.5/52  lifetime_outcomes={'won': 37, 'stalled': 0, 'truncated': 74, 'other': 0}  rss= 2390.6MB  (2104s)
step    99000/400000  eps=0.579  episodes=  112  mean_return=1220.000  mean_loss=35.70270  mean_foundation= 12.0/52  lifetime_outcomes={'won': 37, 'stalled': 0, 'truncated': 75, 'other': 0}  rss= 2392.6MB  (2108s)
step   100000/400000  eps=0.575  episodes=  113  mean_return=430.000  mean_loss=36.07353  mean_foundation=  5.0/52  lifetime_outcomes={'won': 37, 'stalled': 0, 'truncated': 76, 'other': 0}  rss= 2398.6MB  (2113s)
  EVAL  step   100000  win_rate=21.00%  mean_return=2326.203  mean_foundation= 22.3/52  mean_length=929.7  (greedy, 200 fixed deals)
step   101000/400000  eps=0.571  episodes=  115  mean_return=3977.920  mean_loss=34.47287  mean_foundation= 28.5/52  lifetime_outcomes={'won': 38, 'stalled': 0, 'truncated': 77, 'other': 0}  rss= 2402.7MB  (2341s)
step   102000/400000  eps=0.567  episodes=  117  mean_return=7044.990  mean_loss=34.15233  mean_foundation= 52.0/52  lifetime_outcomes={'won': 40, 'stalled': 0, 'truncated': 77, 'other': 0}  rss= 2406.8MB  (2345s)
step   103000/400000  eps=0.562  episodes=  118  mean_return=1150.000  mean_loss=34.46467  mean_foundation=  8.0/52  lifetime_outcomes={'won': 40, 'stalled': 0, 'truncated': 78, 'other': 0}  rss= 2410.8MB  (2350s)
step   104000/400000  eps=0.558  episodes=  119  mean_return=7045.490  mean_loss=33.25229  mean_foundation= 52.0/52  lifetime_outcomes={'won': 41, 'stalled': 0, 'truncated': 78, 'other': 0}  rss= 2412.8MB  (2354s)
step   105000/400000  eps=0.554  episodes=  120  mean_return=500.000  mean_loss=33.16183  mean_foundation=  7.0/52  lifetime_outcomes={'won': 41, 'stalled': 0, 'truncated': 79, 'other': 0}  rss= 2418.9MB  (2357s)
step   106000/400000  eps=0.549  episodes=  121  mean_return=500.000  mean_loss=33.12861  mean_foundation=  2.0/52  lifetime_outcomes={'won': 41, 'stalled': 0, 'truncated': 80, 'other': 0}  rss= 2420.9MB  (2362s)
step   107000/400000  eps=0.545  episodes=  122  mean_return=7042.590  mean_loss=32.83851  mean_foundation= 52.0/52  lifetime_outcomes={'won': 42, 'stalled': 0, 'truncated': 80, 'other': 0}  rss= 2424.9MB  (2365s)
step   108000/400000  eps=0.541  episodes=  123  mean_return=7040.240  mean_loss=32.73234  mean_foundation= 52.0/52  lifetime_outcomes={'won': 43, 'stalled': 0, 'truncated': 80, 'other': 0}  rss= 2428.9MB  (2369s)
step   109000/400000  eps=0.537  episodes=  124  mean_return=1280.000  mean_loss=32.76077  mean_foundation=  8.0/52  lifetime_outcomes={'won': 43, 'stalled': 0, 'truncated': 81, 'other': 0}  rss= 2433.0MB  (2373s)
step   110000/400000  eps=0.532  episodes=  126  mean_return=4356.305  mean_loss=31.57725  mean_foundation= 42.5/52  lifetime_outcomes={'won': 44, 'stalled': 0, 'truncated': 82, 'other': 0}  rss= 2437.0MB  (2377s)
  EVAL  step   110000  win_rate=33.50%  mean_return=2957.266  mean_foundation= 24.6/52  mean_length=808.4  (greedy, 200 fixed deals)
step   111000/400000  eps=0.528  episodes=  127  mean_return=1240.000  mean_loss=32.05768  mean_foundation= 16.0/52  lifetime_outcomes={'won': 44, 'stalled': 0, 'truncated': 83, 'other': 0}  rss= 2447.0MB  (2578s)
step   112000/400000  eps=0.524  episodes=  128  mean_return=470.000  mean_loss=31.68671  mean_foundation=  7.0/52  lifetime_outcomes={'won': 44, 'stalled': 0, 'truncated': 84, 'other': 0}  rss= 2453.0MB  (2582s)
step   113000/400000  eps=0.520  episodes=  129  mean_return=480.000  mean_loss=31.73998  mean_foundation=  0.0/52  lifetime_outcomes={'won': 44, 'stalled': 0, 'truncated': 85, 'other': 0}  rss= 2455.0MB  (2586s)
step   114000/400000  eps=0.516  episodes=  130  mean_return=1210.000  mean_loss=29.94549  mean_foundation= 13.0/52  lifetime_outcomes={'won': 44, 'stalled': 0, 'truncated': 86, 'other': 0}  rss= 2459.0MB  (2590s)
step   115000/400000  eps=0.511  episodes=  131  mean_return=1420.000  mean_loss=30.00378  mean_foundation= 19.0/52  lifetime_outcomes={'won': 44, 'stalled': 0, 'truncated': 87, 'other': 0}  rss= 2463.0MB  (2594s)
step   116000/400000  eps=0.507  episodes=  132  mean_return=730.000  mean_loss=29.01971  mean_foundation=  6.0/52  lifetime_outcomes={'won': 44, 'stalled': 0, 'truncated': 88, 'other': 0}  rss= 2467.1MB  (2598s)
step   117000/400000  eps=0.503  episodes=  133  mean_return=770.000  mean_loss=30.32799  mean_foundation=  8.0/52  lifetime_outcomes={'won': 44, 'stalled': 0, 'truncated': 89, 'other': 0}  rss= 2471.1MB  (2602s)
step   118000/400000  eps=0.499  episodes=  134  mean_return=450.000  mean_loss=29.00642  mean_foundation=  2.0/52  lifetime_outcomes={'won': 44, 'stalled': 0, 'truncated': 90, 'other': 0}  rss= 2475.1MB  (2606s)
step   119000/400000  eps=0.494  episodes=  135  mean_return=1360.000  mean_loss=29.10204  mean_foundation= 18.0/52  lifetime_outcomes={'won': 44, 'stalled': 0, 'truncated': 91, 'other': 0}  rss= 2479.1MB  (2610s)
step   120000/400000  eps=0.490  episodes=  137  mean_return=7046.335  mean_loss=27.89040  mean_foundation= 52.0/52  lifetime_outcomes={'won': 46, 'stalled': 0, 'truncated': 91, 'other': 0}  rss= 2483.2MB  (2614s)
  EVAL  step   120000  win_rate=34.00%  mean_return=3027.973  mean_foundation= 25.7/52  mean_length=842.7  (greedy, 200 fixed deals)
step   121000/400000  eps=0.486  episodes=  138  mean_return=1620.000  mean_loss=27.61184  mean_foundation= 30.0/52  lifetime_outcomes={'won': 46, 'stalled': 0, 'truncated': 92, 'other': 0}  rss= 2487.2MB  (2811s)
step   122000/400000  eps=0.482  episodes=  139  mean_return=590.000  mean_loss=27.60808  mean_foundation=  5.0/52  lifetime_outcomes={'won': 46, 'stalled': 0, 'truncated': 93, 'other': 0}  rss= 2491.2MB  (2816s)
step   123000/400000  eps=0.477  episodes=  140  mean_return=1440.000  mean_loss=27.12549  mean_foundation= 12.0/52  lifetime_outcomes={'won': 46, 'stalled': 0, 'truncated': 94, 'other': 0}  rss= 2495.2MB  (2820s)
step   124000/400000  eps=0.473  episodes=  141  mean_return=7045.440  mean_loss=27.40787  mean_foundation= 52.0/52  lifetime_outcomes={'won': 47, 'stalled': 0, 'truncated': 94, 'other': 0}  rss= 2497.2MB  (2824s)
step   125000/400000  eps=0.469  episodes=  142  mean_return=1120.000  mean_loss=26.94504  mean_foundation= 19.0/52  lifetime_outcomes={'won': 47, 'stalled': 0, 'truncated': 95, 'other': 0}  rss= 2503.3MB  (2828s)
step   126000/400000  eps=0.465  episodes=  143  mean_return=860.000  mean_loss=27.08973  mean_foundation=  8.0/52  lifetime_outcomes={'won': 47, 'stalled': 0, 'truncated': 96, 'other': 0}  rss= 2507.3MB  (2832s)
step   127000/400000  eps=0.460  episodes=  144  mean_return=240.000  mean_loss=25.00011  mean_foundation=  5.0/52  lifetime_outcomes={'won': 47, 'stalled': 0, 'truncated': 97, 'other': 0}  rss= 2511.3MB  (2836s)
step   128000/400000  eps=0.456  episodes=  145  mean_return=1540.000  mean_loss=25.93427  mean_foundation= 27.0/52  lifetime_outcomes={'won': 47, 'stalled': 0, 'truncated': 98, 'other': 0}  rss= 2515.4MB  (2841s)
step   129000/400000  eps=0.452  episodes=  146  mean_return=1460.000  mean_loss=26.32809  mean_foundation= 14.0/52  lifetime_outcomes={'won': 47, 'stalled': 0, 'truncated': 99, 'other': 0}  rss= 2519.4MB  (2845s)
step   130000/400000  eps=0.448  episodes=  147  mean_return=230.000  mean_loss=25.65702  mean_foundation=  9.0/52  lifetime_outcomes={'won': 47, 'stalled': 0, 'truncated': 100, 'other': 0}  rss= 2523.4MB  (2849s)
  EVAL  step   130000  win_rate=30.00%  mean_return=2804.810  mean_foundation= 24.9/52  mean_length=874.0  (greedy, 200 fixed deals)
step   131000/400000  eps=0.443  episodes=  148  mean_return=7000.180  mean_loss=24.12504  mean_foundation= 52.0/52  lifetime_outcomes={'won': 48, 'stalled': 0, 'truncated': 100, 'other': 0}  rss= 2525.4MB  (3058s)
step   132000/400000  eps=0.439  episodes=  150  mean_return=3677.600  mean_loss=24.15587  mean_foundation= 27.0/52  lifetime_outcomes={'won': 49, 'stalled': 0, 'truncated': 101, 'other': 0}  rss= 2531.5MB  (3062s)
step   133000/400000  eps=0.435  episodes=  151  mean_return=720.000  mean_loss=24.45713  mean_foundation= 13.0/52  lifetime_outcomes={'won': 49, 'stalled': 0, 'truncated': 102, 'other': 0}  rss= 2535.5MB  (3066s)
step   134000/400000  eps=0.430  episodes=  152  mean_return=500.000  mean_loss=23.63349  mean_foundation=  3.0/52  lifetime_outcomes={'won': 49, 'stalled': 0, 'truncated': 103, 'other': 0}  rss= 2539.5MB  (3070s)
step   135000/400000  eps=0.426  episodes=  154  mean_return=3768.050  mean_loss=24.42896  mean_foundation= 29.0/52  lifetime_outcomes={'won': 50, 'stalled': 0, 'truncated': 104, 'other': 0}  rss= 2543.5MB  (3074s)
step   136000/400000  eps=0.422  episodes=  155  mean_return=170.000  mean_loss=23.22196  mean_foundation=  8.0/52  lifetime_outcomes={'won': 50, 'stalled': 0, 'truncated': 105, 'other': 0}  rss= 2545.6MB  (3078s)
step   137000/400000  eps=0.418  episodes=  156  mean_return=1400.000  mean_loss=23.05586  mean_foundation= 24.0/52  lifetime_outcomes={'won': 50, 'stalled': 0, 'truncated': 106, 'other': 0}  rss= 2551.6MB  (3083s)
step   138000/400000  eps=0.414  episodes=  157  mean_return=1080.000  mean_loss=23.07777  mean_foundation=  4.0/52  lifetime_outcomes={'won': 50, 'stalled': 0, 'truncated': 107, 'other': 0}  rss= 2553.6MB  (3087s)
step   139000/400000  eps=0.409  episodes=  158  mean_return=970.000  mean_loss=23.36330  mean_foundation=  5.0/52  lifetime_outcomes={'won': 50, 'stalled': 0, 'truncated': 108, 'other': 0}  rss= 2559.7MB  (3091s)
step   140000/400000  eps=0.405  episodes=  159  mean_return=7045.510  mean_loss=22.66851  mean_foundation= 52.0/52  lifetime_outcomes={'won': 51, 'stalled': 0, 'truncated': 108, 'other': 0}  rss= 2561.7MB  (3095s)
  EVAL  step   140000  win_rate=19.50%  mean_return=2267.677  mean_foundation= 22.7/52  mean_length=922.3  (greedy, 200 fixed deals)
step   141000/400000  eps=0.401  episodes=  160  mean_return=480.000  mean_loss=22.06888  mean_foundation=  5.0/52  lifetime_outcomes={'won': 51, 'stalled': 0, 'truncated': 109, 'other': 0}  rss= 2565.7MB  (3319s)
step   142000/400000  eps=0.397  episodes=  161  mean_return=890.000  mean_loss=22.19635  mean_foundation=  7.0/52  lifetime_outcomes={'won': 51, 'stalled': 0, 'truncated': 110, 'other': 0}  rss= 2569.7MB  (3323s)
step   143000/400000  eps=0.392  episodes=  162  mean_return=760.000  mean_loss=21.39503  mean_foundation=  2.0/52  lifetime_outcomes={'won': 51, 'stalled': 0, 'truncated': 111, 'other': 0}  rss= 2573.8MB  (3327s)
step   144000/400000  eps=0.388  episodes=  163  mean_return=7043.310  mean_loss=21.40034  mean_foundation= 52.0/52  lifetime_outcomes={'won': 52, 'stalled': 0, 'truncated': 111, 'other': 0}  rss= 2579.8MB  (3331s)
step   145000/400000  eps=0.384  episodes=  164  mean_return=1430.000  mean_loss=21.39227  mean_foundation= 25.0/52  lifetime_outcomes={'won': 52, 'stalled': 0, 'truncated': 112, 'other': 0}  rss= 2581.8MB  (3335s)
step   146000/400000  eps=0.380  episodes=  166  mean_return=4307.845  mean_loss=21.47207  mean_foundation= 41.0/52  lifetime_outcomes={'won': 53, 'stalled': 0, 'truncated': 113, 'other': 0}  rss= 2585.9MB  (3339s)
step   147000/400000  eps=0.375  episodes=  167  mean_return=1450.000  mean_loss=20.91375  mean_foundation= 27.0/52  lifetime_outcomes={'won': 53, 'stalled': 0, 'truncated': 114, 'other': 0}  rss= 2589.9MB  (3344s)
step   148000/400000  eps=0.371  episodes=  169  mean_return=3908.615  mean_loss=20.90540  mean_foundation= 29.5/52  lifetime_outcomes={'won': 54, 'stalled': 0, 'truncated': 115, 'other': 0}  rss= 2593.9MB  (3348s)
step   149000/400000  eps=0.367  episodes=  170  mean_return=7045.500  mean_loss=20.87099  mean_foundation= 52.0/52  lifetime_outcomes={'won': 55, 'stalled': 0, 'truncated': 115, 'other': 0}  rss= 2597.9MB  (3353s)
step   150000/400000  eps=0.363  episodes=  171  mean_return=470.000  mean_loss=20.64945  mean_foundation=  4.0/52  lifetime_outcomes={'won': 55, 'stalled': 0, 'truncated': 116, 'other': 0}  rss= 2602.0MB  (3358s)
  EVAL  step   150000  win_rate=18.50%  mean_return=2188.134  mean_foundation= 21.8/52  mean_length=931.6  (greedy, 200 fixed deals)
step   151000/400000  eps=0.358  episodes=  172  mean_return=1240.000  mean_loss=20.57633  mean_foundation=  7.0/52  lifetime_outcomes={'won': 55, 'stalled': 0, 'truncated': 117, 'other': 0}  rss= 2606.0MB  (3585s)
step   152000/400000  eps=0.354  episodes=  174  mean_return=3931.760  mean_loss=19.77946  mean_foundation= 29.0/52  lifetime_outcomes={'won': 56, 'stalled': 0, 'truncated': 118, 'other': 0}  rss= 2610.0MB  (3589s)
step   153000/400000  eps=0.350  episodes=  175  mean_return=1020.000  mean_loss=20.17285  mean_foundation=  6.0/52  lifetime_outcomes={'won': 56, 'stalled': 0, 'truncated': 119, 'other': 0}  rss= 2614.0MB  (3594s)
step   154000/400000  eps=0.346  episodes=  176  mean_return=7045.080  mean_loss=19.39896  mean_foundation= 52.0/52  lifetime_outcomes={'won': 57, 'stalled': 0, 'truncated': 119, 'other': 0}  rss= 2618.1MB  (3598s)
step   155000/400000  eps=0.341  episodes=  177  mean_return=990.000  mean_loss=19.43143  mean_foundation= 11.0/52  lifetime_outcomes={'won': 57, 'stalled': 0, 'truncated': 120, 'other': 0}  rss= 2622.1MB  (3602s)
step   156000/400000  eps=0.337  episodes=  179  mean_return=4058.115  mean_loss=19.39208  mean_foundation= 33.0/52  lifetime_outcomes={'won': 58, 'stalled': 0, 'truncated': 121, 'other': 0}  rss= 2626.1MB  (3606s)
step   157000/400000  eps=0.333  episodes=  180  mean_return=360.000  mean_loss=18.62791  mean_foundation= 11.0/52  lifetime_outcomes={'won': 58, 'stalled': 0, 'truncated': 122, 'other': 0}  rss= 2630.1MB  (3611s)
step   158000/400000  eps=0.329  episodes=  181  mean_return=900.000  mean_loss=19.36161  mean_foundation=  7.0/52  lifetime_outcomes={'won': 58, 'stalled': 0, 'truncated': 123, 'other': 0}  rss= 2634.2MB  (3615s)
step   159000/400000  eps=0.324  episodes=  182  mean_return=130.000  mean_loss=18.81860  mean_foundation=  3.0/52  lifetime_outcomes={'won': 58, 'stalled': 0, 'truncated': 124, 'other': 0}  rss= 2638.2MB  (3619s)
step   160000/400000  eps=0.320  episodes=  183  mean_return=7044.230  mean_loss=17.90335  mean_foundation= 52.0/52  lifetime_outcomes={'won': 59, 'stalled': 0, 'truncated': 124, 'other': 0}  rss= 2642.2MB  (3623s)
  EVAL  step   160000  win_rate=26.00%  mean_return=2598.874  mean_foundation= 23.9/52  mean_length=887.6  (greedy, 200 fixed deals)
step   161000/400000  eps=0.316  episodes=  184  mean_return=920.000  mean_loss=18.88153  mean_foundation=  9.0/52  lifetime_outcomes={'won': 59, 'stalled': 0, 'truncated': 125, 'other': 0}  rss= 2646.3MB  (3841s)
step   162000/400000  eps=0.311  episodes=  185  mean_return=480.000  mean_loss=18.12215  mean_foundation=  4.0/52  lifetime_outcomes={'won': 59, 'stalled': 0, 'truncated': 126, 'other': 0}  rss= 2650.3MB  (3845s)
step   163000/400000  eps=0.307  episodes=  186  mean_return=660.000  mean_loss=17.40478  mean_foundation=  6.0/52  lifetime_outcomes={'won': 59, 'stalled': 0, 'truncated': 127, 'other': 0}  rss= 2652.3MB  (3849s)
step   164000/400000  eps=0.303  episodes=  187  mean_return=330.000  mean_loss=17.08302  mean_foundation=  9.0/52  lifetime_outcomes={'won': 59, 'stalled': 0, 'truncated': 128, 'other': 0}  rss= 2658.3MB  (3853s)
step   165000/400000  eps=0.299  episodes=  188  mean_return=620.000  mean_loss=17.62930  mean_foundation=  5.0/52  lifetime_outcomes={'won': 59, 'stalled': 0, 'truncated': 129, 'other': 0}  rss= 2662.4MB  (3857s)
step   166000/400000  eps=0.295  episodes=  190  mean_return=3762.030  mean_loss=17.76661  mean_foundation= 30.0/52  lifetime_outcomes={'won': 60, 'stalled': 0, 'truncated': 130, 'other': 0}  rss= 2666.4MB  (3861s)
step   167000/400000  eps=0.290  episodes=  191  mean_return=7045.160  mean_loss=17.18622  mean_foundation= 52.0/52  lifetime_outcomes={'won': 61, 'stalled': 0, 'truncated': 130, 'other': 0}  rss= 2670.4MB  (3866s)
step   168000/400000  eps=0.286  episodes=  192  mean_return=360.000  mean_loss=16.76858  mean_foundation=  7.0/52  lifetime_outcomes={'won': 61, 'stalled': 0, 'truncated': 131, 'other': 0}  rss= 2672.4MB  (3870s)
step   169000/400000  eps=0.282  episodes=  193  mean_return=1410.000  mean_loss=17.09088  mean_foundation= 14.0/52  lifetime_outcomes={'won': 61, 'stalled': 0, 'truncated': 132, 'other': 0}  rss= 2678.5MB  (3874s)
step   170000/400000  eps=0.278  episodes=  194  mean_return=920.000  mean_loss=17.35659  mean_foundation= 10.0/52  lifetime_outcomes={'won': 61, 'stalled': 0, 'truncated': 133, 'other': 0}  rss= 2680.5MB  (3878s)
  EVAL  step   170000  win_rate=32.00%  mean_return=2869.116  mean_foundation= 25.3/52  mean_length=833.4  (greedy, 200 fixed deals)
step   171000/400000  eps=0.273  episodes=  195  mean_return=1100.000  mean_loss=17.11769  mean_foundation=  9.0/52  lifetime_outcomes={'won': 61, 'stalled': 0, 'truncated': 134, 'other': 0}  rss= 2686.5MB  (4086s)
step   172000/400000  eps=0.269  episodes=  196  mean_return=390.000  mean_loss=16.78849  mean_foundation=  7.0/52  lifetime_outcomes={'won': 61, 'stalled': 0, 'truncated': 135, 'other': 0}  rss= 2688.5MB  (4090s)
step   173000/400000  eps=0.265  episodes=  197  mean_return=560.000  mean_loss=16.44175  mean_foundation=  8.0/52  lifetime_outcomes={'won': 61, 'stalled': 0, 'truncated': 136, 'other': 0}  rss= 2692.6MB  (4094s)
step   174000/400000  eps=0.261  episodes=  199  mean_return=4017.255  mean_loss=15.51212  mean_foundation= 34.0/52  lifetime_outcomes={'won': 62, 'stalled': 0, 'truncated': 137, 'other': 0}  rss= 2696.6MB  (4098s)
step   175000/400000  eps=0.256  episodes=  200  mean_return=820.000  mean_loss=15.44193  mean_foundation= 14.0/52  lifetime_outcomes={'won': 62, 'stalled': 0, 'truncated': 138, 'other': 0}  rss= 2700.6MB  (4102s)
step   176000/400000  eps=0.252  episodes=  201  mean_return=1080.000  mean_loss=15.60962  mean_foundation=  9.0/52  lifetime_outcomes={'won': 62, 'stalled': 0, 'truncated': 139, 'other': 0}  rss= 2706.7MB  (4107s)
step   177000/400000  eps=0.248  episodes=  202  mean_return=570.000  mean_loss=15.62578  mean_foundation=  5.0/52  lifetime_outcomes={'won': 62, 'stalled': 0, 'truncated': 140, 'other': 0}  rss= 2708.7MB  (4111s)
step   178000/400000  eps=0.244  episodes=  203  mean_return=7046.030  mean_loss=15.54620  mean_foundation= 52.0/52  lifetime_outcomes={'won': 63, 'stalled': 0, 'truncated': 140, 'other': 0}  rss= 2712.7MB  (4115s)
step   179000/400000  eps=0.239  episodes=  205  mean_return=7043.980  mean_loss=14.77374  mean_foundation= 52.0/52  lifetime_outcomes={'won': 65, 'stalled': 0, 'truncated': 140, 'other': 0}  rss= 2716.7MB  (4119s)
step   180000/400000  eps=0.235  episodes=  207  mean_return=4167.650  mean_loss=15.45523  mean_foundation= 31.5/52  lifetime_outcomes={'won': 66, 'stalled': 0, 'truncated': 141, 'other': 0}  rss= 2720.8MB  (4124s)
  EVAL  step   180000  win_rate=32.50%  mean_return=2890.478  mean_foundation= 24.9/52  mean_length=827.2  (greedy, 200 fixed deals)
step   181000/400000  eps=0.231  episodes=  208  mean_return=460.000  mean_loss=15.09644  mean_foundation=  4.0/52  lifetime_outcomes={'won': 66, 'stalled': 0, 'truncated': 142, 'other': 0}  rss= 2724.8MB  (4330s)
step   182000/400000  eps=0.227  episodes=  209  mean_return=1150.000  mean_loss=15.65486  mean_foundation= 16.0/52  lifetime_outcomes={'won': 66, 'stalled': 0, 'truncated': 143, 'other': 0}  rss= 2728.9MB  (4334s)
step   183000/400000  eps=0.222  episodes=  210  mean_return=290.000  mean_loss=15.25904  mean_foundation=  5.0/52  lifetime_outcomes={'won': 66, 'stalled': 0, 'truncated': 144, 'other': 0}  rss= 2734.9MB  (4338s)
step   184000/400000  eps=0.218  episodes=  211  mean_return=7046.240  mean_loss=14.58471  mean_foundation= 52.0/52  lifetime_outcomes={'won': 67, 'stalled': 0, 'truncated': 144, 'other': 0}  rss= 2736.9MB  (4342s)
step   185000/400000  eps=0.214  episodes=  213  mean_return=3942.340  mean_loss=14.40169  mean_foundation= 29.0/52  lifetime_outcomes={'won': 68, 'stalled': 0, 'truncated': 145, 'other': 0}  rss= 2740.9MB  (4347s)
step   186000/400000  eps=0.210  episodes=  214  mean_return=1260.000  mean_loss=14.70798  mean_foundation= 16.0/52  lifetime_outcomes={'won': 68, 'stalled': 0, 'truncated': 146, 'other': 0}  rss= 2744.9MB  (4351s)
step   187000/400000  eps=0.205  episodes=  215  mean_return=980.000  mean_loss=14.39862  mean_foundation= 11.0/52  lifetime_outcomes={'won': 68, 'stalled': 0, 'truncated': 147, 'other': 0}  rss= 2748.9MB  (4355s)
step   188000/400000  eps=0.201  episodes=  216  mean_return=390.000  mean_loss=14.57938  mean_foundation=  5.0/52  lifetime_outcomes={'won': 68, 'stalled': 0, 'truncated': 148, 'other': 0}  rss= 2753.0MB  (4359s)
step   189000/400000  eps=0.197  episodes=  217  mean_return=830.000  mean_loss=13.70753  mean_foundation=  8.0/52  lifetime_outcomes={'won': 68, 'stalled': 0, 'truncated': 149, 'other': 0}  rss= 2757.0MB  (4364s)
step   190000/400000  eps=0.193  episodes=  218  mean_return=7045.660  mean_loss=14.20841  mean_foundation= 52.0/52  lifetime_outcomes={'won': 69, 'stalled': 0, 'truncated': 149, 'other': 0}  rss= 2761.1MB  (4368s)
  EVAL  step   190000  win_rate=34.50%  mean_return=2975.620  mean_foundation= 25.1/52  mean_length=768.0  (greedy, 200 fixed deals)
step   191000/400000  eps=0.188  episodes=  219  mean_return=930.000  mean_loss=13.36780  mean_foundation=  7.0/52  lifetime_outcomes={'won': 69, 'stalled': 0, 'truncated': 150, 'other': 0}  rss= 2765.1MB  (4575s)
step   192000/400000  eps=0.184  episodes=  220  mean_return=1240.000  mean_loss=13.61013  mean_foundation= 16.0/52  lifetime_outcomes={'won': 69, 'stalled': 0, 'truncated': 151, 'other': 0}  rss= 2769.1MB  (4580s)
step   193000/400000  eps=0.180  episodes=  222  mean_return=4132.445  mean_loss=14.05297  mean_foundation= 34.0/52  lifetime_outcomes={'won': 70, 'stalled': 0, 'truncated': 152, 'other': 0}  rss= 2773.1MB  (4584s)
step   194000/400000  eps=0.175  episodes=  223  mean_return=970.000  mean_loss=12.87729  mean_foundation= 13.0/52  lifetime_outcomes={'won': 70, 'stalled': 0, 'truncated': 153, 'other': 0}  rss= 2777.1MB  (4588s)
step   195000/400000  eps=0.171  episodes=  224  mean_return=940.000  mean_loss=13.47371  mean_foundation=  6.0/52  lifetime_outcomes={'won': 70, 'stalled': 0, 'truncated': 154, 'other': 0}  rss= 2779.2MB  (4592s)
step   196000/400000  eps=0.167  episodes=  225  mean_return=150.000  mean_loss=12.96777  mean_foundation=  1.0/52  lifetime_outcomes={'won': 70, 'stalled': 0, 'truncated': 155, 'other': 0}  rss= 2785.2MB  (4597s)
step   197000/400000  eps=0.163  episodes=  226  mean_return=1040.000  mean_loss=14.00518  mean_foundation= 12.0/52  lifetime_outcomes={'won': 70, 'stalled': 0, 'truncated': 156, 'other': 0}  rss= 2787.2MB  (4601s)
step   198000/400000  eps=0.158  episodes=  227  mean_return=710.000  mean_loss=13.00505  mean_foundation=  8.0/52  lifetime_outcomes={'won': 70, 'stalled': 0, 'truncated': 157, 'other': 0}  rss= 2791.7MB  (4606s)
step   199000/400000  eps=0.154  episodes=  230  mean_return=4780.010  mean_loss=12.90478  mean_foundation= 36.3/52  lifetime_outcomes={'won': 72, 'stalled': 1, 'truncated': 157, 'other': 0}  rss= 2794.3MB  (4610s)
step   200000/400000  eps=0.150  episodes=  231  mean_return=210.000  mean_loss=12.74130  mean_foundation=  4.0/52  lifetime_outcomes={'won': 72, 'stalled': 1, 'truncated': 158, 'other': 0}  rss= 2796.4MB  (4616s)
  EVAL  step   200000  win_rate=32.50%  mean_return=2956.073  mean_foundation= 25.6/52  mean_length=847.7  (greedy, 200 fixed deals)
step   201000/400000  eps=0.150  episodes=  232  mean_return=600.000  mean_loss=12.06703  mean_foundation= 11.0/52  lifetime_outcomes={'won': 72, 'stalled': 1, 'truncated': 159, 'other': 0}  rss= 2796.4MB  (4834s)
step   202000/400000  eps=0.150  episodes=  233  mean_return=450.000  mean_loss=12.48155  mean_foundation=  6.0/52  lifetime_outcomes={'won': 72, 'stalled': 1, 'truncated': 160, 'other': 0}  rss= 2796.4MB  (4838s)
step   203000/400000  eps=0.150  episodes=  234  mean_return=800.000  mean_loss=12.07816  mean_foundation=  6.0/52  lifetime_outcomes={'won': 72, 'stalled': 1, 'truncated': 161, 'other': 0}  rss= 2796.4MB  (4843s)
step   204000/400000  eps=0.150  episodes=  237  mean_return=7046.187  mean_loss=12.57433  mean_foundation= 52.0/52  lifetime_outcomes={'won': 75, 'stalled': 1, 'truncated': 161, 'other': 0}  rss= 2796.4MB  (4847s)
step   205000/400000  eps=0.150  episodes=  238  mean_return=1020.000  mean_loss=11.66908  mean_foundation= 20.0/52  lifetime_outcomes={'won': 75, 'stalled': 1, 'truncated': 162, 'other': 0}  rss= 2796.4MB  (4851s)
step   206000/400000  eps=0.150  episodes=  239  mean_return=7046.740  mean_loss=12.31183  mean_foundation= 52.0/52  lifetime_outcomes={'won': 76, 'stalled': 1, 'truncated': 162, 'other': 0}  rss= 2796.4MB  (4856s)
step   207000/400000  eps=0.150  episodes=  241  mean_return=4357.740  mean_loss=12.15202  mean_foundation= 45.5/52  lifetime_outcomes={'won': 77, 'stalled': 1, 'truncated': 163, 'other': 0}  rss= 2796.4MB  (4860s)
step   208000/400000  eps=0.150  episodes=  242  mean_return=7042.180  mean_loss=11.81673  mean_foundation= 52.0/52  lifetime_outcomes={'won': 78, 'stalled': 1, 'truncated': 163, 'other': 0}  rss= 2796.4MB  (4864s)
step   209000/400000  eps=0.150  episodes=  243  mean_return=1220.000  mean_loss=12.00216  mean_foundation= 14.0/52  lifetime_outcomes={'won': 78, 'stalled': 1, 'truncated': 164, 'other': 0}  rss= 2796.4MB  (4869s)
step   210000/400000  eps=0.150  episodes=  244  mean_return=1650.000  mean_loss=12.52667  mean_foundation= 40.0/52  lifetime_outcomes={'won': 78, 'stalled': 1, 'truncated': 165, 'other': 0}  rss= 2796.4MB  (4873s)
  EVAL  step   210000  win_rate=30.50%  mean_return=2773.980  mean_foundation= 24.4/52  mean_length=807.0  (greedy, 200 fixed deals)
step   211000/400000  eps=0.150  episodes=  245  mean_return=1370.000  mean_loss=11.79543  mean_foundation= 19.0/52  lifetime_outcomes={'won': 78, 'stalled': 1, 'truncated': 166, 'other': 0}  rss= 2796.4MB  (5077s)
step   212000/400000  eps=0.150  episodes=  246  mean_return=340.000  mean_loss=11.73098  mean_foundation=  6.0/52  lifetime_outcomes={'won': 78, 'stalled': 1, 'truncated': 167, 'other': 0}  rss= 2796.4MB  (5081s)
step   213000/400000  eps=0.150  episodes=  247  mean_return=1450.000  mean_loss=11.48008  mean_foundation= 18.0/52  lifetime_outcomes={'won': 78, 'stalled': 1, 'truncated': 168, 'other': 0}  rss= 2796.4MB  (5085s)
step   214000/400000  eps=0.150  episodes=  248  mean_return=850.000  mean_loss=11.71068  mean_foundation= 16.0/52  lifetime_outcomes={'won': 78, 'stalled': 1, 'truncated': 169, 'other': 0}  rss= 2796.4MB  (5090s)
step   215000/400000  eps=0.150  episodes=  249  mean_return=1240.000  mean_loss=11.29819  mean_foundation=  8.0/52  lifetime_outcomes={'won': 78, 'stalled': 1, 'truncated': 170, 'other': 0}  rss= 2796.4MB  (5095s)
step   216000/400000  eps=0.150  episodes=  250  mean_return=1280.000  mean_loss=11.15689  mean_foundation= 11.0/52  lifetime_outcomes={'won': 78, 'stalled': 1, 'truncated': 171, 'other': 0}  rss= 2796.4MB  (5101s)
step   217000/400000  eps=0.150  episodes=  251  mean_return=520.000  mean_loss=11.59890  mean_foundation=  7.0/52  lifetime_outcomes={'won': 78, 'stalled': 1, 'truncated': 172, 'other': 0}  rss= 2796.4MB  (5106s)
step   218000/400000  eps=0.150  episodes=  252  mean_return=1170.000  mean_loss=11.10685  mean_foundation=  5.0/52  lifetime_outcomes={'won': 78, 'stalled': 1, 'truncated': 173, 'other': 0}  rss= 2796.4MB  (5112s)
step   219000/400000  eps=0.150  episodes=  253  mean_return=1640.000  mean_loss=11.25235  mean_foundation= 22.0/52  lifetime_outcomes={'won': 78, 'stalled': 1, 'truncated': 174, 'other': 0}  rss= 2796.4MB  (5117s)
step   220000/400000  eps=0.150  episodes=  254  mean_return=7041.010  mean_loss=11.19621  mean_foundation= 52.0/52  lifetime_outcomes={'won': 79, 'stalled': 1, 'truncated': 174, 'other': 0}  rss= 2796.4MB  (5122s)
  EVAL  step   220000  win_rate=35.00%  mean_return=3032.792  mean_foundation= 25.5/52  mean_length=800.9  (greedy, 200 fixed deals)
step   221000/400000  eps=0.150  episodes=  256  mean_return=7044.135  mean_loss=10.95532  mean_foundation= 52.0/52  lifetime_outcomes={'won': 81, 'stalled': 1, 'truncated': 174, 'other': 0}  rss= 2796.4MB  (5322s)
step   222000/400000  eps=0.150  episodes=  257  mean_return=990.000  mean_loss=11.10818  mean_foundation= 17.0/52  lifetime_outcomes={'won': 81, 'stalled': 1, 'truncated': 175, 'other': 0}  rss= 2796.4MB  (5327s)
step   223000/400000  eps=0.150  episodes=  258  mean_return=930.000  mean_loss=10.63886  mean_foundation= 12.0/52  lifetime_outcomes={'won': 81, 'stalled': 1, 'truncated': 176, 'other': 0}  rss= 2796.4MB  (5331s)
step   224000/400000  eps=0.150  episodes=  259  mean_return=360.000  mean_loss=10.34511  mean_foundation=  8.0/52  lifetime_outcomes={'won': 81, 'stalled': 1, 'truncated': 177, 'other': 0}  rss= 2796.4MB  (5336s)
step   225000/400000  eps=0.150  episodes=  260  mean_return=920.000  mean_loss=10.40669  mean_foundation= 15.0/52  lifetime_outcomes={'won': 81, 'stalled': 1, 'truncated': 178, 'other': 0}  rss= 2796.4MB  (5340s)
step   226000/400000  eps=0.150  episodes=  262  mean_return=7043.410  mean_loss=10.12120  mean_foundation= 52.0/52  lifetime_outcomes={'won': 83, 'stalled': 1, 'truncated': 178, 'other': 0}  rss= 2796.4MB  (5344s)
step   227000/400000  eps=0.150  episodes=  263  mean_return=7043.680  mean_loss=10.33181  mean_foundation= 52.0/52  lifetime_outcomes={'won': 84, 'stalled': 1, 'truncated': 178, 'other': 0}  rss= 2796.4MB  (5348s)
step   228000/400000  eps=0.150  episodes=  265  mean_return=3743.255  mean_loss=10.13583  mean_foundation= 28.0/52  lifetime_outcomes={'won': 85, 'stalled': 1, 'truncated': 179, 'other': 0}  rss= 2796.4MB  (5353s)
step   229000/400000  eps=0.150  episodes=  267  mean_return=7045.550  mean_loss= 9.77418  mean_foundation= 52.0/52  lifetime_outcomes={'won': 87, 'stalled': 1, 'truncated': 179, 'other': 0}  rss= 2796.4MB  (5357s)
step   230000/400000  eps=0.150  episodes=  268  mean_return=860.000  mean_loss=10.24058  mean_foundation= 10.0/52  lifetime_outcomes={'won': 87, 'stalled': 1, 'truncated': 180, 'other': 0}  rss= 2796.4MB  (5361s)
  EVAL  step   230000  win_rate=34.00%  mean_return=2988.304  mean_foundation= 25.5/52  mean_length=814.6  (greedy, 200 fixed deals)
step   231000/400000  eps=0.150  episodes=  269  mean_return=820.000  mean_loss= 9.95700  mean_foundation=  9.0/52  lifetime_outcomes={'won': 87, 'stalled': 1, 'truncated': 181, 'other': 0}  rss= 2796.4MB  (5562s)
step   232000/400000  eps=0.150  episodes=  270  mean_return=1070.000  mean_loss= 9.96784  mean_foundation= 14.0/52  lifetime_outcomes={'won': 87, 'stalled': 1, 'truncated': 182, 'other': 0}  rss= 2796.4MB  (5567s)
step   233000/400000  eps=0.150  episodes=  272  mean_return=7045.115  mean_loss=10.12511  mean_foundation= 52.0/52  lifetime_outcomes={'won': 89, 'stalled': 1, 'truncated': 182, 'other': 0}  rss= 2796.4MB  (5571s)
step   234000/400000  eps=0.150  episodes=  273  mean_return=7045.020  mean_loss= 9.83588  mean_foundation= 52.0/52  lifetime_outcomes={'won': 90, 'stalled': 1, 'truncated': 182, 'other': 0}  rss= 2796.4MB  (5575s)
step   235000/400000  eps=0.150  episodes=  274  mean_return=600.000  mean_loss= 9.91022  mean_foundation=  5.0/52  lifetime_outcomes={'won': 90, 'stalled': 1, 'truncated': 183, 'other': 0}  rss= 2796.4MB  (5580s)
step   236000/400000  eps=0.150  episodes=  277  mean_return=7031.197  mean_loss= 9.50985  mean_foundation= 52.0/52  lifetime_outcomes={'won': 93, 'stalled': 1, 'truncated': 183, 'other': 0}  rss= 2796.4MB  (5584s)
step   237000/400000  eps=0.150  episodes=  278  mean_return=510.000  mean_loss= 9.92984  mean_foundation=  4.0/52  lifetime_outcomes={'won': 93, 'stalled': 1, 'truncated': 184, 'other': 0}  rss= 2796.4MB  (5588s)
step   238000/400000  eps=0.150  episodes=  279  mean_return=1090.000  mean_loss= 9.40112  mean_foundation=  6.0/52  lifetime_outcomes={'won': 93, 'stalled': 1, 'truncated': 185, 'other': 0}  rss= 2796.4MB  (5593s)
step   239000/400000  eps=0.150  episodes=  280  mean_return=570.000  mean_loss= 9.46641  mean_foundation=  7.0/52  lifetime_outcomes={'won': 93, 'stalled': 1, 'truncated': 186, 'other': 0}  rss= 2796.4MB  (5597s)
step   240000/400000  eps=0.150  episodes=  281  mean_return=1290.000  mean_loss= 9.53682  mean_foundation= 16.0/52  lifetime_outcomes={'won': 93, 'stalled': 1, 'truncated': 187, 'other': 0}  rss= 2796.4MB  (5601s)
  EVAL  step   240000  win_rate=11.00%  mean_return=1759.273  mean_foundation= 18.1/52  mean_length=957.7  (greedy, 200 fixed deals)
step   241000/400000  eps=0.150  episodes=  282  mean_return=820.000  mean_loss= 9.37138  mean_foundation= 10.0/52  lifetime_outcomes={'won': 93, 'stalled': 1, 'truncated': 188, 'other': 0}  rss= 2796.4MB  (5841s)
step   242000/400000  eps=0.150  episodes=  283  mean_return=7047.860  mean_loss= 9.18214  mean_foundation= 52.0/52  lifetime_outcomes={'won': 94, 'stalled': 1, 'truncated': 188, 'other': 0}  rss= 2796.4MB  (5846s)
step   243000/400000  eps=0.150  episodes=  284  mean_return=1400.000  mean_loss= 8.91993  mean_foundation= 12.0/52  lifetime_outcomes={'won': 94, 'stalled': 1, 'truncated': 189, 'other': 0}  rss= 2796.4MB  (5851s)
step   244000/400000  eps=0.150  episodes=  285  mean_return=1070.000  mean_loss= 8.95628  mean_foundation= 10.0/52  lifetime_outcomes={'won': 94, 'stalled': 1, 'truncated': 190, 'other': 0}  rss= 2796.4MB  (5856s)
step   245000/400000  eps=0.150  episodes=  286  mean_return=780.000  mean_loss= 9.02216  mean_foundation=  8.0/52  lifetime_outcomes={'won': 94, 'stalled': 1, 'truncated': 191, 'other': 0}  rss= 2796.4MB  (5861s)
step   246000/400000  eps=0.150  episodes=  287  mean_return=460.000  mean_loss= 8.81876  mean_foundation=  7.0/52  lifetime_outcomes={'won': 94, 'stalled': 1, 'truncated': 192, 'other': 0}  rss= 2796.4MB  (5865s)
step   247000/400000  eps=0.150  episodes=  288  mean_return=790.000  mean_loss= 8.79696  mean_foundation=  6.0/52  lifetime_outcomes={'won': 94, 'stalled': 1, 'truncated': 193, 'other': 0}  rss= 2796.4MB  (5870s)
step   248000/400000  eps=0.150  episodes=  289  mean_return=1650.000  mean_loss= 8.42251  mean_foundation= 31.0/52  lifetime_outcomes={'won': 94, 'stalled': 1, 'truncated': 194, 'other': 0}  rss= 2796.4MB  (5874s)
step   249000/400000  eps=0.150  episodes=  290  mean_return=910.000  mean_loss= 8.76154  mean_foundation=  3.0/52  lifetime_outcomes={'won': 94, 'stalled': 1, 'truncated': 195, 'other': 0}  rss= 2796.4MB  (5878s)
step   250000/400000  eps=0.150  episodes=  291  mean_return=730.000  mean_loss= 8.44552  mean_foundation=  8.0/52  lifetime_outcomes={'won': 94, 'stalled': 1, 'truncated': 196, 'other': 0}  rss= 2796.4MB  (5883s)
  EVAL  step   250000  win_rate=20.00%  mean_return=2252.661  mean_foundation= 22.0/52  mean_length=928.9  (greedy, 200 fixed deals)
step   251000/400000  eps=0.150  episodes=  292  mean_return=360.000  mean_loss= 8.46722  mean_foundation=  9.0/52  lifetime_outcomes={'won': 94, 'stalled': 1, 'truncated': 197, 'other': 0}  rss= 2796.4MB  (6109s)
step   252000/400000  eps=0.150  episodes=  294  mean_return=4278.640  mean_loss= 8.20429  mean_foundation= 35.5/52  lifetime_outcomes={'won': 95, 'stalled': 1, 'truncated': 198, 'other': 0}  rss= 2796.4MB  (6113s)
step   253000/400000  eps=0.150  episodes=  295  mean_return=810.000  mean_loss= 7.94287  mean_foundation=  8.0/52  lifetime_outcomes={'won': 95, 'stalled': 1, 'truncated': 199, 'other': 0}  rss= 2796.4MB  (6118s)
step   254000/400000  eps=0.150  episodes=  298  mean_return=2631.933  mean_loss= 8.27439  mean_foundation= 19.3/52  lifetime_outcomes={'won': 96, 'stalled': 2, 'truncated': 200, 'other': 0}  rss= 2796.4MB  (6122s)
step   255000/400000  eps=0.150  episodes=  301  mean_return=7033.087  mean_loss= 8.17346  mean_foundation= 52.0/52  lifetime_outcomes={'won': 99, 'stalled': 2, 'truncated': 200, 'other': 0}  rss= 2796.4MB  (6126s)
step   256000/400000  eps=0.150  episodes=  303  mean_return=7025.670  mean_loss= 8.21279  mean_foundation= 52.0/52  lifetime_outcomes={'won': 101, 'stalled': 2, 'truncated': 200, 'other': 0}  rss= 2796.4MB  (6131s)
step   257000/400000  eps=0.150  episodes=  304  mean_return=340.000  mean_loss= 8.28877  mean_foundation=  4.0/52  lifetime_outcomes={'won': 101, 'stalled': 2, 'truncated': 201, 'other': 0}  rss= 2796.4MB  (6135s)
step   258000/400000  eps=0.150  episodes=  305  mean_return=7045.340  mean_loss= 7.71425  mean_foundation= 52.0/52  lifetime_outcomes={'won': 102, 'stalled': 2, 'truncated': 201, 'other': 0}  rss= 2796.4MB  (6139s)
step   259000/400000  eps=0.150  episodes=  306  mean_return=1270.000  mean_loss= 7.75694  mean_foundation= 19.0/52  lifetime_outcomes={'won': 102, 'stalled': 2, 'truncated': 202, 'other': 0}  rss= 2796.4MB  (6144s)
step   260000/400000  eps=0.150  episodes=  307  mean_return=560.000  mean_loss= 7.76883  mean_foundation= 11.0/52  lifetime_outcomes={'won': 102, 'stalled': 2, 'truncated': 203, 'other': 0}  rss= 2796.4MB  (6148s)
  EVAL  step   260000  win_rate=35.00%  mean_return=3080.384  mean_foundation= 26.7/52  mean_length=816.6  (greedy, 200 fixed deals)
step   261000/400000  eps=0.150  episodes=  310  mean_return=5200.803  mean_loss= 7.45823  mean_foundation= 44.0/52  lifetime_outcomes={'won': 104, 'stalled': 2, 'truncated': 204, 'other': 0}  rss= 2796.4MB  (6342s)
step   262000/400000  eps=0.150  episodes=  311  mean_return=810.000  mean_loss= 7.60548  mean_foundation= 14.0/52  lifetime_outcomes={'won': 104, 'stalled': 2, 'truncated': 205, 'other': 0}  rss= 2796.4MB  (6347s)
step   263000/400000  eps=0.150  episodes=  312  mean_return=7047.890  mean_loss= 7.33381  mean_foundation= 52.0/52  lifetime_outcomes={'won': 105, 'stalled': 2, 'truncated': 205, 'other': 0}  rss= 2796.4MB  (6351s)
step   264000/400000  eps=0.150  episodes=  313  mean_return=1070.000  mean_loss= 7.51296  mean_foundation= 11.0/52  lifetime_outcomes={'won': 105, 'stalled': 2, 'truncated': 206, 'other': 0}  rss= 2796.4MB  (6355s)
step   265000/400000  eps=0.150  episodes=  315  mean_return=4127.835  mean_loss= 7.64291  mean_foundation= 32.5/52  lifetime_outcomes={'won': 106, 'stalled': 2, 'truncated': 207, 'other': 0}  rss= 2796.4MB  (6360s)
step   266000/400000  eps=0.150  episodes=  316  mean_return=1100.000  mean_loss= 7.36685  mean_foundation= 12.0/52  lifetime_outcomes={'won': 106, 'stalled': 2, 'truncated': 208, 'other': 0}  rss= 2796.4MB  (6364s)
step   267000/400000  eps=0.150  episodes=  317  mean_return=1940.000  mean_loss= 7.33734  mean_foundation= 42.0/52  lifetime_outcomes={'won': 106, 'stalled': 2, 'truncated': 209, 'other': 0}  rss= 2796.4MB  (6368s)
step   268000/400000  eps=0.150  episodes=  318  mean_return=1440.000  mean_loss= 7.43452  mean_foundation= 12.0/52  lifetime_outcomes={'won': 106, 'stalled': 2, 'truncated': 210, 'other': 0}  rss= 2796.4MB  (6373s)
step   269000/400000  eps=0.150  episodes=  320  mean_return=4088.410  mean_loss= 6.99863  mean_foundation= 31.0/52  lifetime_outcomes={'won': 107, 'stalled': 2, 'truncated': 211, 'other': 0}  rss= 2796.4MB  (6377s)
step   270000/400000  eps=0.150  episodes=  322  mean_return=7025.840  mean_loss= 7.07348  mean_foundation= 52.0/52  lifetime_outcomes={'won': 109, 'stalled': 2, 'truncated': 211, 'other': 0}  rss= 2796.4MB  (6382s)
  EVAL  step   270000  win_rate=34.50%  mean_return=3070.946  mean_foundation= 26.7/52  mean_length=845.4  (greedy, 200 fixed deals)
step   271000/400000  eps=0.150  episodes=  323  mean_return=7045.470  mean_loss= 6.95008  mean_foundation= 52.0/52  lifetime_outcomes={'won': 110, 'stalled': 2, 'truncated': 211, 'other': 0}  rss= 2796.4MB  (6586s)
step   272000/400000  eps=0.150  episodes=  324  mean_return=7041.060  mean_loss= 6.84729  mean_foundation= 52.0/52  lifetime_outcomes={'won': 111, 'stalled': 2, 'truncated': 211, 'other': 0}  rss= 2796.4MB  (6590s)
step   273000/400000  eps=0.150  episodes=  325  mean_return=1100.000  mean_loss= 6.93265  mean_foundation=  9.0/52  lifetime_outcomes={'won': 111, 'stalled': 2, 'truncated': 212, 'other': 0}  rss= 2796.4MB  (6594s)
step   274000/400000  eps=0.150  episodes=  326  mean_return=1580.000  mean_loss= 6.99745  mean_foundation= 26.0/52  lifetime_outcomes={'won': 111, 'stalled': 2, 'truncated': 213, 'other': 0}  rss= 2796.4MB  (6598s)
step   275000/400000  eps=0.150  episodes=  327  mean_return=360.000  mean_loss= 6.79256  mean_foundation=  1.0/52  lifetime_outcomes={'won': 111, 'stalled': 2, 'truncated': 214, 'other': 0}  rss= 2796.4MB  (6603s)
step   276000/400000  eps=0.150  episodes=  328  mean_return=1360.000  mean_loss= 6.88155  mean_foundation= 15.0/52  lifetime_outcomes={'won': 111, 'stalled': 2, 'truncated': 215, 'other': 0}  rss= 2796.4MB  (6607s)
step   277000/400000  eps=0.150  episodes=  330  mean_return=3942.595  mean_loss= 6.69172  mean_foundation= 31.5/52  lifetime_outcomes={'won': 112, 'stalled': 2, 'truncated': 216, 'other': 0}  rss= 2796.4MB  (6612s)
step   278000/400000  eps=0.150  episodes=  331  mean_return=7042.780  mean_loss= 6.50806  mean_foundation= 52.0/52  lifetime_outcomes={'won': 113, 'stalled': 2, 'truncated': 216, 'other': 0}  rss= 2796.4MB  (6616s)
step   279000/400000  eps=0.150  episodes=  333  mean_return=3583.190  mean_loss= 6.43236  mean_foundation= 27.5/52  lifetime_outcomes={'won': 114, 'stalled': 2, 'truncated': 217, 'other': 0}  rss= 2796.4MB  (6620s)
step   280000/400000  eps=0.150  episodes=  335  mean_return=3773.865  mean_loss= 6.64912  mean_foundation= 30.0/52  lifetime_outcomes={'won': 115, 'stalled': 2, 'truncated': 218, 'other': 0}  rss= 2796.4MB  (6625s)
  EVAL  step   280000  win_rate=30.50%  mean_return=2820.919  mean_foundation= 24.9/52  mean_length=873.1  (greedy, 200 fixed deals)
step   281000/400000  eps=0.150  episodes=  336  mean_return=510.000  mean_loss= 6.57629  mean_foundation=  3.0/52  lifetime_outcomes={'won': 115, 'stalled': 2, 'truncated': 219, 'other': 0}  rss= 2796.4MB  (6832s)
step   282000/400000  eps=0.150  episodes=  337  mean_return=610.000  mean_loss= 6.35253  mean_foundation=  9.0/52  lifetime_outcomes={'won': 115, 'stalled': 2, 'truncated': 220, 'other': 0}  rss= 2796.4MB  (6837s)
step   283000/400000  eps=0.150  episodes=  338  mean_return=870.000  mean_loss= 6.24033  mean_foundation= 13.0/52  lifetime_outcomes={'won': 115, 'stalled': 2, 'truncated': 221, 'other': 0}  rss= 2796.4MB  (6841s)
step   284000/400000  eps=0.150  episodes=  339  mean_return=1260.000  mean_loss= 6.30361  mean_foundation= 19.0/52  lifetime_outcomes={'won': 115, 'stalled': 2, 'truncated': 222, 'other': 0}  rss= 2796.4MB  (6845s)
step   285000/400000  eps=0.150  episodes=  340  mean_return=1590.000  mean_loss= 6.11640  mean_foundation= 17.0/52  lifetime_outcomes={'won': 115, 'stalled': 2, 'truncated': 223, 'other': 0}  rss= 2796.4MB  (6850s)
step   286000/400000  eps=0.150  episodes=  341  mean_return=7007.300  mean_loss= 6.40144  mean_foundation= 52.0/52  lifetime_outcomes={'won': 116, 'stalled': 2, 'truncated': 223, 'other': 0}  rss= 2796.4MB  (6854s)
step   287000/400000  eps=0.150  episodes=  343  mean_return=4092.670  mean_loss= 6.28095  mean_foundation= 32.0/52  lifetime_outcomes={'won': 117, 'stalled': 2, 'truncated': 224, 'other': 0}  rss= 2796.4MB  (6858s)
step   288000/400000  eps=0.150  episodes=  344  mean_return=980.000  mean_loss= 6.10674  mean_foundation=  6.0/52  lifetime_outcomes={'won': 117, 'stalled': 2, 'truncated': 225, 'other': 0}  rss= 2796.4MB  (6863s)
step   289000/400000  eps=0.150  episodes=  345  mean_return=1030.000  mean_loss= 5.77398  mean_foundation= 11.0/52  lifetime_outcomes={'won': 117, 'stalled': 2, 'truncated': 226, 'other': 0}  rss= 2796.4MB  (6867s)
step   290000/400000  eps=0.150  episodes=  346  mean_return=880.000  mean_loss= 6.03654  mean_foundation=  6.0/52  lifetime_outcomes={'won': 117, 'stalled': 2, 'truncated': 227, 'other': 0}  rss= 2796.4MB  (6872s)
  EVAL  step   290000  win_rate=36.00%  mean_return=3128.560  mean_foundation= 26.6/52  mean_length=784.0  (greedy, 200 fixed deals)
step   291000/400000  eps=0.150  episodes=  347  mean_return=870.000  mean_loss= 5.80187  mean_foundation=  6.0/52  lifetime_outcomes={'won': 117, 'stalled': 2, 'truncated': 228, 'other': 0}  rss= 2796.4MB  (7067s)
step   292000/400000  eps=0.150  episodes=  348  mean_return=830.000  mean_loss= 5.79621  mean_foundation= 10.0/52  lifetime_outcomes={'won': 117, 'stalled': 2, 'truncated': 229, 'other': 0}  rss= 2796.4MB  (7072s)
step   293000/400000  eps=0.150  episodes=  349  mean_return=690.000  mean_loss= 5.88507  mean_foundation=  5.0/52  lifetime_outcomes={'won': 117, 'stalled': 2, 'truncated': 230, 'other': 0}  rss= 2796.4MB  (7076s)
step   294000/400000  eps=0.150  episodes=  351  mean_return=7043.635  mean_loss= 5.67087  mean_foundation= 52.0/52  lifetime_outcomes={'won': 119, 'stalled': 2, 'truncated': 230, 'other': 0}  rss= 2796.4MB  (7080s)
step   295000/400000  eps=0.150  episodes=  352  mean_return=7045.840  mean_loss= 5.81919  mean_foundation= 52.0/52  lifetime_outcomes={'won': 120, 'stalled': 2, 'truncated': 230, 'other': 0}  rss= 2796.4MB  (7085s)
step   296000/400000  eps=0.150  episodes=  354  mean_return=3947.405  mean_loss= 5.57223  mean_foundation= 30.0/52  lifetime_outcomes={'won': 121, 'stalled': 2, 'truncated': 231, 'other': 0}  rss= 2796.4MB  (7089s)
step   297000/400000  eps=0.150  episodes=  356  mean_return=7046.210  mean_loss= 5.54603  mean_foundation= 52.0/52  lifetime_outcomes={'won': 123, 'stalled': 2, 'truncated': 231, 'other': 0}  rss= 2796.4MB  (7093s)
step   298000/400000  eps=0.150  episodes=  357  mean_return=840.000  mean_loss= 5.31280  mean_foundation=  7.0/52  lifetime_outcomes={'won': 123, 'stalled': 2, 'truncated': 232, 'other': 0}  rss= 2796.4MB  (7098s)
step   299000/400000  eps=0.150  episodes=  359  mean_return=7044.260  mean_loss= 5.27133  mean_foundation= 52.0/52  lifetime_outcomes={'won': 125, 'stalled': 2, 'truncated': 232, 'other': 0}  rss= 2796.4MB  (7102s)
step   300000/400000  eps=0.150  episodes=  360  mean_return=450.000  mean_loss= 5.44023  mean_foundation=  2.0/52  lifetime_outcomes={'won': 125, 'stalled': 2, 'truncated': 233, 'other': 0}  rss= 2796.4MB  (7106s)
  EVAL  step   300000  win_rate=34.00%  mean_return=3039.654  mean_foundation= 26.8/52  mean_length=829.6  (greedy, 200 fixed deals)
step   301000/400000  eps=0.150  episodes=  361  mean_return=7046.500  mean_loss= 5.34810  mean_foundation= 52.0/52  lifetime_outcomes={'won': 126, 'stalled': 2, 'truncated': 233, 'other': 0}  rss= 2796.4MB  (7309s)
step   302000/400000  eps=0.150  episodes=  362  mean_return=1820.000  mean_loss= 5.42166  mean_foundation= 45.0/52  lifetime_outcomes={'won': 126, 'stalled': 2, 'truncated': 234, 'other': 0}  rss= 2796.4MB  (7313s)
step   303000/400000  eps=0.150  episodes=  363  mean_return=1320.000  mean_loss= 5.23957  mean_foundation= 14.0/52  lifetime_outcomes={'won': 126, 'stalled': 2, 'truncated': 235, 'other': 0}  rss= 2796.4MB  (7318s)
step   304000/400000  eps=0.150  episodes=  365  mean_return=4037.185  mean_loss= 4.94635  mean_foundation= 32.0/52  lifetime_outcomes={'won': 127, 'stalled': 2, 'truncated': 236, 'other': 0}  rss= 2796.4MB  (7322s)
step   305000/400000  eps=0.150  episodes=  367  mean_return=3888.655  mean_loss= 5.14653  mean_foundation= 28.0/52  lifetime_outcomes={'won': 128, 'stalled': 2, 'truncated': 237, 'other': 0}  rss= 2796.4MB  (7327s)
step   306000/400000  eps=0.150  episodes=  368  mean_return=7040.450  mean_loss= 4.95743  mean_foundation= 52.0/52  lifetime_outcomes={'won': 129, 'stalled': 2, 'truncated': 237, 'other': 0}  rss= 2796.4MB  (7331s)
step   307000/400000  eps=0.150  episodes=  369  mean_return=690.000  mean_loss= 5.06243  mean_foundation=  9.0/52  lifetime_outcomes={'won': 129, 'stalled': 2, 'truncated': 238, 'other': 0}  rss= 2796.4MB  (7335s)
step   308000/400000  eps=0.150  episodes=  370  mean_return=550.000  mean_loss= 4.95103  mean_foundation=  7.0/52  lifetime_outcomes={'won': 129, 'stalled': 2, 'truncated': 239, 'other': 0}  rss= 2796.4MB  (7340s)
step   309000/400000  eps=0.150  episodes=  371  mean_return=7042.810  mean_loss= 4.82686  mean_foundation= 52.0/52  lifetime_outcomes={'won': 130, 'stalled': 2, 'truncated': 239, 'other': 0}  rss= 2796.4MB  (7344s)
step   310000/400000  eps=0.150  episodes=  372  mean_return=950.000  mean_loss= 4.93527  mean_foundation= 11.0/52  lifetime_outcomes={'won': 130, 'stalled': 2, 'truncated': 240, 'other': 0}  rss= 2796.4MB  (7349s)
  EVAL  step   310000  win_rate=35.00%  mean_return=3081.592  mean_foundation= 26.5/52  mean_length=815.8  (greedy, 200 fixed deals)
step   311000/400000  eps=0.150  episodes=  373  mean_return=1620.000  mean_loss= 4.79733  mean_foundation= 30.0/52  lifetime_outcomes={'won': 130, 'stalled': 2, 'truncated': 241, 'other': 0}  rss= 2796.4MB  (7547s)
step   312000/400000  eps=0.150  episodes=  374  mean_return=1200.000  mean_loss= 4.81718  mean_foundation= 10.0/52  lifetime_outcomes={'won': 130, 'stalled': 2, 'truncated': 242, 'other': 0}  rss= 2796.4MB  (7552s)
step   313000/400000  eps=0.150  episodes=  375  mean_return=1240.000  mean_loss= 4.81588  mean_foundation= 17.0/52  lifetime_outcomes={'won': 130, 'stalled': 2, 'truncated': 243, 'other': 0}  rss= 2796.4MB  (7556s)
step   314000/400000  eps=0.150  episodes=  376  mean_return=7044.790  mean_loss= 4.88402  mean_foundation= 52.0/52  lifetime_outcomes={'won': 131, 'stalled': 2, 'truncated': 243, 'other': 0}  rss= 2796.4MB  (7561s)
step   315000/400000  eps=0.150  episodes=  377  mean_return=680.000  mean_loss= 4.49279  mean_foundation=  8.0/52  lifetime_outcomes={'won': 131, 'stalled': 2, 'truncated': 244, 'other': 0}  rss= 2796.4MB  (7565s)
step   316000/400000  eps=0.150  episodes=  378  mean_return=700.000  mean_loss= 4.63128  mean_foundation= 11.0/52  lifetime_outcomes={'won': 131, 'stalled': 2, 'truncated': 245, 'other': 0}  rss= 2796.4MB  (7570s)
step   317000/400000  eps=0.150  episodes=  380  mean_return=3698.145  mean_loss= 4.63438  mean_foundation= 28.5/52  lifetime_outcomes={'won': 132, 'stalled': 2, 'truncated': 246, 'other': 0}  rss= 2796.4MB  (7574s)
step   318000/400000  eps=0.150  episodes=  381  mean_return=7004.220  mean_loss= 4.57791  mean_foundation= 52.0/52  lifetime_outcomes={'won': 133, 'stalled': 2, 'truncated': 246, 'other': 0}  rss= 2796.4MB  (7579s)
step   319000/400000  eps=0.150  episodes=  383  mean_return=3797.965  mean_loss= 4.57672  mean_foundation= 29.0/52  lifetime_outcomes={'won': 134, 'stalled': 2, 'truncated': 247, 'other': 0}  rss= 2796.4MB  (7583s)
step   320000/400000  eps=0.150  episodes=  384  mean_return=100.000  mean_loss= 4.65838  mean_foundation=  4.0/52  lifetime_outcomes={'won': 134, 'stalled': 2, 'truncated': 248, 'other': 0}  rss= 2796.4MB  (7587s)
  EVAL  step   320000  win_rate=34.50%  mean_return=3047.585  mean_foundation= 26.2/52  mean_length=801.5  (greedy, 200 fixed deals)
step   321000/400000  eps=0.150  episodes=  385  mean_return=7042.670  mean_loss= 4.27929  mean_foundation= 52.0/52  lifetime_outcomes={'won': 135, 'stalled': 2, 'truncated': 248, 'other': 0}  rss= 2796.4MB  (7787s)
step   322000/400000  eps=0.150  episodes=  386  mean_return=660.000  mean_loss= 4.47875  mean_foundation=  7.0/52  lifetime_outcomes={'won': 135, 'stalled': 2, 'truncated': 249, 'other': 0}  rss= 2796.4MB  (7792s)
step   323000/400000  eps=0.150  episodes=  387  mean_return=7041.620  mean_loss= 4.32541  mean_foundation= 52.0/52  lifetime_outcomes={'won': 136, 'stalled': 2, 'truncated': 249, 'other': 0}  rss= 2796.4MB  (7796s)
step   324000/400000  eps=0.150  episodes=  388  mean_return=1410.000  mean_loss= 4.33892  mean_foundation= 23.0/52  lifetime_outcomes={'won': 136, 'stalled': 2, 'truncated': 250, 'other': 0}  rss= 2796.4MB  (7800s)
step   325000/400000  eps=0.150  episodes=  390  mean_return=4141.805  mean_loss= 4.32510  mean_foundation= 35.0/52  lifetime_outcomes={'won': 137, 'stalled': 2, 'truncated': 251, 'other': 0}  rss= 2796.4MB  (7805s)
step   326000/400000  eps=0.150  episodes=  391  mean_return=7044.330  mean_loss= 4.20546  mean_foundation= 52.0/52  lifetime_outcomes={'won': 138, 'stalled': 2, 'truncated': 251, 'other': 0}  rss= 2796.4MB  (7809s)
step   327000/400000  eps=0.150  episodes=  392  mean_return=960.000  mean_loss= 4.16530  mean_foundation=  8.0/52  lifetime_outcomes={'won': 138, 'stalled': 2, 'truncated': 252, 'other': 0}  rss= 2796.4MB  (7814s)
step   328000/400000  eps=0.150  episodes=  393  mean_return=350.000  mean_loss= 4.16845  mean_foundation=  7.0/52  lifetime_outcomes={'won': 138, 'stalled': 2, 'truncated': 253, 'other': 0}  rss= 2796.4MB  (7818s)
step   329000/400000  eps=0.150  episodes=  394  mean_return=380.000  mean_loss= 4.22823  mean_foundation=  5.0/52  lifetime_outcomes={'won': 138, 'stalled': 2, 'truncated': 254, 'other': 0}  rss= 2796.4MB  (7823s)
step   330000/400000  eps=0.150  episodes=  397  mean_return=5241.427  mean_loss= 4.23352  mean_foundation= 41.7/52  lifetime_outcomes={'won': 140, 'stalled': 2, 'truncated': 255, 'other': 0}  rss= 2796.4MB  (7827s)
  EVAL  step   330000  win_rate=17.00%  mean_return=2122.268  mean_foundation= 21.3/52  mean_length=943.2  (greedy, 200 fixed deals)
step   331000/400000  eps=0.150  episodes=  398  mean_return=960.000  mean_loss= 4.01720  mean_foundation= 16.0/52  lifetime_outcomes={'won': 140, 'stalled': 2, 'truncated': 256, 'other': 0}  rss= 2796.4MB  (8055s)
step   332000/400000  eps=0.150  episodes=  399  mean_return=960.000  mean_loss= 4.08728  mean_foundation= 12.0/52  lifetime_outcomes={'won': 140, 'stalled': 2, 'truncated': 257, 'other': 0}  rss= 2796.4MB  (8060s)
step   333000/400000  eps=0.150  episodes=  401  mean_return=7045.150  mean_loss= 4.13088  mean_foundation= 52.0/52  lifetime_outcomes={'won': 142, 'stalled': 2, 'truncated': 257, 'other': 0}  rss= 2796.4MB  (8064s)
step   334000/400000  eps=0.150  episodes=  402  mean_return=1190.000  mean_loss= 4.06769  mean_foundation= 16.0/52  lifetime_outcomes={'won': 142, 'stalled': 2, 'truncated': 258, 'other': 0}  rss= 2796.4MB  (8068s)
step   335000/400000  eps=0.150  episodes=  403  mean_return=1240.000  mean_loss= 3.88003  mean_foundation= 22.0/52  lifetime_outcomes={'won': 142, 'stalled': 2, 'truncated': 259, 'other': 0}  rss= 2796.4MB  (8073s)
step   336000/400000  eps=0.150  episodes=  404  mean_return=7042.570  mean_loss= 3.99917  mean_foundation= 52.0/52  lifetime_outcomes={'won': 143, 'stalled': 2, 'truncated': 259, 'other': 0}  rss= 2796.4MB  (8077s)
step   337000/400000  eps=0.150  episodes=  405  mean_return=1570.000  mean_loss= 3.92169  mean_foundation= 19.0/52  lifetime_outcomes={'won': 143, 'stalled': 2, 'truncated': 260, 'other': 0}  rss= 2796.4MB  (8082s)
step   338000/400000  eps=0.150  episodes=  406  mean_return=580.000  mean_loss= 3.91564  mean_foundation=  7.0/52  lifetime_outcomes={'won': 143, 'stalled': 2, 'truncated': 261, 'other': 0}  rss= 2796.4MB  (8086s)
step   339000/400000  eps=0.150  episodes=  407  mean_return=7045.120  mean_loss= 3.76415  mean_foundation= 52.0/52  lifetime_outcomes={'won': 144, 'stalled': 2, 'truncated': 261, 'other': 0}  rss= 2796.4MB  (8091s)
step   340000/400000  eps=0.150  episodes=  409  mean_return=4207.660  mean_loss= 3.76077  mean_foundation= 33.5/52  lifetime_outcomes={'won': 145, 'stalled': 2, 'truncated': 262, 'other': 0}  rss= 2796.4MB  (8096s)
  EVAL  step   340000  win_rate=33.50%  mean_return=3016.510  mean_foundation= 26.3/52  mean_length=839.0  (greedy, 200 fixed deals)
step   341000/400000  eps=0.150  episodes=  411  mean_return=3668.535  mean_loss= 3.78552  mean_foundation= 28.0/52  lifetime_outcomes={'won': 146, 'stalled': 2, 'truncated': 263, 'other': 0}  rss= 2796.4MB  (8313s)
step   342000/400000  eps=0.150  episodes=  412  mean_return=340.000  mean_loss= 3.90932  mean_foundation=  3.0/52  lifetime_outcomes={'won': 146, 'stalled': 2, 'truncated': 264, 'other': 0}  rss= 2796.4MB  (8318s)
step   343000/400000  eps=0.150  episodes=  413  mean_return=940.000  mean_loss= 3.87884  mean_foundation=  9.0/52  lifetime_outcomes={'won': 146, 'stalled': 2, 'truncated': 265, 'other': 0}  rss= 2796.4MB  (8322s)
step   344000/400000  eps=0.150  episodes=  414  mean_return=1450.000  mean_loss= 3.83929  mean_foundation= 18.0/52  lifetime_outcomes={'won': 146, 'stalled': 2, 'truncated': 266, 'other': 0}  rss= 2796.4MB  (8326s)
step   345000/400000  eps=0.150  episodes=  415  mean_return=1390.000  mean_loss= 3.74665  mean_foundation= 12.0/52  lifetime_outcomes={'won': 146, 'stalled': 2, 'truncated': 267, 'other': 0}  rss= 2796.4MB  (8331s)
step   346000/400000  eps=0.150  episodes=  416  mean_return=1070.000  mean_loss= 3.65716  mean_foundation=  9.0/52  lifetime_outcomes={'won': 146, 'stalled': 2, 'truncated': 268, 'other': 0}  rss= 2796.4MB  (8335s)
step   347000/400000  eps=0.150  episodes=  417  mean_return=810.000  mean_loss= 3.55976  mean_foundation= 11.0/52  lifetime_outcomes={'won': 146, 'stalled': 2, 'truncated': 269, 'other': 0}  rss= 2796.4MB  (8340s)
step   348000/400000  eps=0.150  episodes=  418  mean_return=1490.000  mean_loss= 3.44166  mean_foundation= 28.0/52  lifetime_outcomes={'won': 146, 'stalled': 2, 'truncated': 270, 'other': 0}  rss= 2796.4MB  (8344s)
step   349000/400000  eps=0.150  episodes=  419  mean_return=1060.000  mean_loss= 3.55472  mean_foundation=  8.0/52  lifetime_outcomes={'won': 146, 'stalled': 2, 'truncated': 271, 'other': 0}  rss= 2796.4MB  (8348s)
step   350000/400000  eps=0.150  episodes=  420  mean_return=350.000  mean_loss= 3.37224  mean_foundation=  6.0/52  lifetime_outcomes={'won': 146, 'stalled': 2, 'truncated': 272, 'other': 0}  rss= 2796.4MB  (8353s)
  EVAL  step   350000  win_rate=40.00%  mean_return=3378.954  mean_foundation= 28.7/52  mean_length=744.6  (greedy, 200 fixed deals)
step   351000/400000  eps=0.150  episodes=  421  mean_return=700.000  mean_loss= 3.58752  mean_foundation=  9.0/52  lifetime_outcomes={'won': 146, 'stalled': 2, 'truncated': 273, 'other': 0}  rss= 2796.4MB  (8542s)
step   352000/400000  eps=0.150  episodes=  422  mean_return=820.000  mean_loss= 3.45908  mean_foundation= 11.0/52  lifetime_outcomes={'won': 146, 'stalled': 2, 'truncated': 274, 'other': 0}  rss= 2796.4MB  (8546s)
step   353000/400000  eps=0.150  episodes=  423  mean_return=420.000  mean_loss= 3.51936  mean_foundation=  7.0/52  lifetime_outcomes={'won': 146, 'stalled': 2, 'truncated': 275, 'other': 0}  rss= 2796.4MB  (8550s)
step   354000/400000  eps=0.150  episodes=  424  mean_return=680.000  mean_loss= 3.49356  mean_foundation=  6.0/52  lifetime_outcomes={'won': 146, 'stalled': 2, 'truncated': 276, 'other': 0}  rss= 2796.4MB  (8555s)
step   355000/400000  eps=0.150  episodes=  425  mean_return=7043.320  mean_loss= 3.25920  mean_foundation= 52.0/52  lifetime_outcomes={'won': 147, 'stalled': 2, 'truncated': 276, 'other': 0}  rss= 2796.4MB  (8559s)
step   356000/400000  eps=0.150  episodes=  427  mean_return=4202.965  mean_loss= 3.51263  mean_foundation= 30.5/52  lifetime_outcomes={'won': 148, 'stalled': 2, 'truncated': 277, 'other': 0}  rss= 2796.4MB  (8564s)
step   357000/400000  eps=0.150  episodes=  428  mean_return=1560.000  mean_loss= 3.34097  mean_foundation= 14.0/52  lifetime_outcomes={'won': 148, 'stalled': 2, 'truncated': 278, 'other': 0}  rss= 2796.4MB  (8568s)
step   358000/400000  eps=0.150  episodes=  429  mean_return=1130.000  mean_loss= 3.33993  mean_foundation= 11.0/52  lifetime_outcomes={'won': 148, 'stalled': 2, 'truncated': 279, 'other': 0}  rss= 2796.4MB  (8573s)
step   359000/400000  eps=0.150  episodes=  430  mean_return=1010.000  mean_loss= 3.17617  mean_foundation= 10.0/52  lifetime_outcomes={'won': 148, 'stalled': 2, 'truncated': 280, 'other': 0}  rss= 2796.4MB  (8577s)
step   360000/400000  eps=0.150  episodes=  431  mean_return=7046.020  mean_loss= 3.42669  mean_foundation= 52.0/52  lifetime_outcomes={'won': 149, 'stalled': 2, 'truncated': 280, 'other': 0}  rss= 2796.4MB  (8581s)
  EVAL  step   360000  win_rate=31.00%  mean_return=2867.354  mean_foundation= 25.5/52  mean_length=859.6  (greedy, 200 fixed deals)
step   361000/400000  eps=0.150  episodes=  432  mean_return=1450.000  mean_loss= 3.21124  mean_foundation= 18.0/52  lifetime_outcomes={'won': 149, 'stalled': 2, 'truncated': 281, 'other': 0}  rss= 2796.4MB  (8793s)
step   362000/400000  eps=0.150  episodes=  433  mean_return=600.000  mean_loss= 3.21195  mean_foundation=  7.0/52  lifetime_outcomes={'won': 149, 'stalled': 2, 'truncated': 282, 'other': 0}  rss= 2796.4MB  (8798s)
step   363000/400000  eps=0.150  episodes=  435  mean_return=4008.055  mean_loss= 3.00949  mean_foundation= 31.0/52  lifetime_outcomes={'won': 150, 'stalled': 2, 'truncated': 283, 'other': 0}  rss= 2796.4MB  (8802s)
step   364000/400000  eps=0.150  episodes=  437  mean_return=7044.680  mean_loss= 3.18169  mean_foundation= 52.0/52  lifetime_outcomes={'won': 152, 'stalled': 2, 'truncated': 283, 'other': 0}  rss= 2796.4MB  (8806s)
step   365000/400000  eps=0.150  episodes=  438  mean_return=480.000  mean_loss= 3.16582  mean_foundation=  7.0/52  lifetime_outcomes={'won': 152, 'stalled': 2, 'truncated': 284, 'other': 0}  rss= 2796.4MB  (8812s)
step   366000/400000  eps=0.150  episodes=  439  mean_return=1210.000  mean_loss= 3.11894  mean_foundation= 18.0/52  lifetime_outcomes={'won': 152, 'stalled': 2, 'truncated': 285, 'other': 0}  rss= 2796.4MB  (8817s)
step   367000/400000  eps=0.150  episodes=  440  mean_return=770.000  mean_loss= 3.12387  mean_foundation=  2.0/52  lifetime_outcomes={'won': 152, 'stalled': 2, 'truncated': 286, 'other': 0}  rss= 2796.4MB  (8823s)
step   368000/400000  eps=0.150  episodes=  441  mean_return=500.000  mean_loss= 3.17406  mean_foundation=  2.0/52  lifetime_outcomes={'won': 152, 'stalled': 2, 'truncated': 287, 'other': 0}  rss= 2796.4MB  (8828s)
step   369000/400000  eps=0.150  episodes=  443  mean_return=7044.885  mean_loss= 3.06686  mean_foundation= 52.0/52  lifetime_outcomes={'won': 154, 'stalled': 2, 'truncated': 287, 'other': 0}  rss= 2796.4MB  (8833s)
step   370000/400000  eps=0.150  episodes=  444  mean_return=1600.000  mean_loss= 3.11994  mean_foundation= 28.0/52  lifetime_outcomes={'won': 154, 'stalled': 2, 'truncated': 288, 'other': 0}  rss= 2796.4MB  (8839s)
  EVAL  step   370000  win_rate=10.50%  mean_return=1730.708  mean_foundation= 18.3/52  mean_length=954.2  (greedy, 200 fixed deals)
step   371000/400000  eps=0.150  episodes=  445  mean_return=7043.520  mean_loss= 3.05411  mean_foundation= 52.0/52  lifetime_outcomes={'won': 155, 'stalled': 2, 'truncated': 288, 'other': 0}  rss= 2796.4MB  (9076s)
step   372000/400000  eps=0.150  episodes=  446  mean_return=810.000  mean_loss= 3.00701  mean_foundation= 14.0/52  lifetime_outcomes={'won': 155, 'stalled': 2, 'truncated': 289, 'other': 0}  rss= 2796.4MB  (9081s)
step   373000/400000  eps=0.150  episodes=  448  mean_return=7042.810  mean_loss= 3.03265  mean_foundation= 52.0/52  lifetime_outcomes={'won': 157, 'stalled': 2, 'truncated': 289, 'other': 0}  rss= 2796.4MB  (9085s)
step   374000/400000  eps=0.150  episodes=  449  mean_return=7040.960  mean_loss= 2.89594  mean_foundation= 52.0/52  lifetime_outcomes={'won': 158, 'stalled': 2, 'truncated': 289, 'other': 0}  rss= 2796.4MB  (9090s)
step   375000/400000  eps=0.150  episodes=  450  mean_return=410.000  mean_loss= 3.05324  mean_foundation=  6.0/52  lifetime_outcomes={'won': 158, 'stalled': 2, 'truncated': 290, 'other': 0}  rss= 2796.4MB  (9094s)
step   376000/400000  eps=0.150  episodes=  451  mean_return=1350.000  mean_loss= 2.88299  mean_foundation= 17.0/52  lifetime_outcomes={'won': 158, 'stalled': 2, 'truncated': 291, 'other': 0}  rss= 2796.4MB  (9099s)
step   377000/400000  eps=0.150  episodes=  452  mean_return=1290.000  mean_loss= 2.83581  mean_foundation= 16.0/52  lifetime_outcomes={'won': 158, 'stalled': 2, 'truncated': 292, 'other': 0}  rss= 2796.4MB  (9103s)
step   378000/400000  eps=0.150  episodes=  453  mean_return=1250.000  mean_loss= 2.86111  mean_foundation=  8.0/52  lifetime_outcomes={'won': 158, 'stalled': 2, 'truncated': 293, 'other': 0}  rss= 2796.4MB  (9107s)
step   379000/400000  eps=0.150  episodes=  455  mean_return=7043.955  mean_loss= 2.83231  mean_foundation= 52.0/52  lifetime_outcomes={'won': 160, 'stalled': 2, 'truncated': 293, 'other': 0}  rss= 2796.4MB  (9112s)
step   380000/400000  eps=0.150  episodes=  456  mean_return=830.000  mean_loss= 2.76332  mean_foundation=  7.0/52  lifetime_outcomes={'won': 160, 'stalled': 2, 'truncated': 294, 'other': 0}  rss= 2796.4MB  (9116s)
  EVAL  step   380000  win_rate=29.00%  mean_return=2731.344  mean_foundation= 24.2/52  mean_length=875.6  (greedy, 200 fixed deals)
step   381000/400000  eps=0.150  episodes=  457  mean_return=7007.200  mean_loss= 2.88448  mean_foundation= 52.0/52  lifetime_outcomes={'won': 161, 'stalled': 2, 'truncated': 294, 'other': 0}  rss= 2796.4MB  (9330s)
step   382000/400000  eps=0.150  episodes=  458  mean_return=540.000  mean_loss= 2.86614  mean_foundation=  5.0/52  lifetime_outcomes={'won': 161, 'stalled': 2, 'truncated': 295, 'other': 0}  rss= 2796.4MB  (9334s)
step   383000/400000  eps=0.150  episodes=  459  mean_return=660.000  mean_loss= 2.72856  mean_foundation=  7.0/52  lifetime_outcomes={'won': 161, 'stalled': 2, 'truncated': 296, 'other': 0}  rss= 2796.4MB  (9338s)
step   384000/400000  eps=0.150  episodes=  461  mean_return=3628.040  mean_loss= 2.77696  mean_foundation= 26.5/52  lifetime_outcomes={'won': 162, 'stalled': 2, 'truncated': 297, 'other': 0}  rss= 2796.4MB  (9343s)
step   385000/400000  eps=0.150  episodes=  462  mean_return=580.000  mean_loss= 2.69327  mean_foundation=  9.0/52  lifetime_outcomes={'won': 162, 'stalled': 2, 'truncated': 298, 'other': 0}  rss= 2796.4MB  (9347s)
step   386000/400000  eps=0.150  episodes=  463  mean_return=7046.420  mean_loss= 2.68968  mean_foundation= 52.0/52  lifetime_outcomes={'won': 163, 'stalled': 2, 'truncated': 298, 'other': 0}  rss= 2796.4MB  (9352s)
step   387000/400000  eps=0.150  episodes=  465  mean_return=3841.315  mean_loss= 2.67809  mean_foundation= 28.5/52  lifetime_outcomes={'won': 164, 'stalled': 2, 'truncated': 299, 'other': 0}  rss= 2796.4MB  (9356s)
step   388000/400000  eps=0.150  episodes=  466  mean_return=7046.150  mean_loss= 2.76404  mean_foundation= 52.0/52  lifetime_outcomes={'won': 165, 'stalled': 2, 'truncated': 299, 'other': 0}  rss= 2796.4MB  (9360s)
step   389000/400000  eps=0.150  episodes=  467  mean_return=1810.000  mean_loss= 2.68272  mean_foundation= 39.0/52  lifetime_outcomes={'won': 165, 'stalled': 2, 'truncated': 300, 'other': 0}  rss= 2796.4MB  (9365s)
step   390000/400000  eps=0.150  episodes=  468  mean_return=400.000  mean_loss= 2.56817  mean_foundation=  5.0/52  lifetime_outcomes={'won': 165, 'stalled': 2, 'truncated': 301, 'other': 0}  rss= 2796.4MB  (9369s)
  EVAL  step   390000  win_rate=38.50%  mean_return=3263.166  mean_foundation= 27.1/52  mean_length=783.4  (greedy, 200 fixed deals)
step   391000/400000  eps=0.150  episodes=  469  mean_return=260.000  mean_loss= 2.63141  mean_foundation=  7.0/52  lifetime_outcomes={'won': 165, 'stalled': 2, 'truncated': 302, 'other': 0}  rss= 2796.4MB  (9566s)
step   392000/400000  eps=0.150  episodes=  471  mean_return=4350.775  mean_loss= 2.64564  mean_foundation= 43.0/52  lifetime_outcomes={'won': 166, 'stalled': 2, 'truncated': 303, 'other': 0}  rss= 2796.4MB  (9570s)
step   393000/400000  eps=0.150  episodes=  472  mean_return=7042.660  mean_loss= 2.63881  mean_foundation= 52.0/52  lifetime_outcomes={'won': 167, 'stalled': 2, 'truncated': 303, 'other': 0}  rss= 2796.4MB  (9575s)
step   394000/400000  eps=0.150  episodes=  473  mean_return=690.000  mean_loss= 2.55340  mean_foundation=  5.0/52  lifetime_outcomes={'won': 167, 'stalled': 2, 'truncated': 304, 'other': 0}  rss= 2796.4MB  (9579s)
step   395000/400000  eps=0.150  episodes=  474  mean_return=510.000  mean_loss= 2.52876  mean_foundation=  6.0/52  lifetime_outcomes={'won': 167, 'stalled': 2, 'truncated': 305, 'other': 0}  rss= 2796.4MB  (9583s)
step   396000/400000  eps=0.150  episodes=  475  mean_return=200.000  mean_loss= 2.47406  mean_foundation=  3.0/52  lifetime_outcomes={'won': 167, 'stalled': 2, 'truncated': 306, 'other': 0}  rss= 2796.4MB  (9588s)
step   397000/400000  eps=0.150  episodes=  476  mean_return=830.000  mean_loss= 2.50569  mean_foundation= 10.0/52  lifetime_outcomes={'won': 167, 'stalled': 2, 'truncated': 307, 'other': 0}  rss= 2796.4MB  (9593s)
step   398000/400000  eps=0.150  episodes=  477  mean_return=7043.170  mean_loss= 2.55888  mean_foundation= 52.0/52  lifetime_outcomes={'won': 168, 'stalled': 2, 'truncated': 307, 'other': 0}  rss= 2796.4MB  (9598s)
step   399000/400000  eps=0.150  episodes=  478  mean_return=660.000  mean_loss= 2.42565  mean_foundation=  4.0/52  lifetime_outcomes={'won': 168, 'stalled': 2, 'truncated': 308, 'other': 0}  rss= 2796.4MB  (9604s)
step   400000/400000  eps=0.150  episodes=  480  mean_return=3757.620  mean_loss= 2.46682  mean_foundation= 30.5/52  lifetime_outcomes={'won': 169, 'stalled': 2, 'truncated': 309, 'other': 0}  rss= 2796.4MB  (9609s)
  EVAL  step   400000  win_rate=33.50%  mean_return=3011.643  mean_foundation= 26.6/52  mean_length=830.7  (greedy, 200 fixed deals)
done. saved final checkpoint to runs/030_dqfd_moredemo_epsfloor_loopbreaker_solvcurriculum_freshdemo_control_seed1/checkpoint_final.pt
=== train_resilient: training completed successfully ===
