=== train_resilient: attempt 1 ===
run directory: runs/031_dqfd_moredemo_epsfloor_loopbreaker_solvcurriculum_freshdemo_ramp2_seed1
eval: using 1000-seed battery from runs/eval_corpus.jsonl (first 200 of them per eval pass) instead of the fixed 900000+i range
DQfD: building 100000 permanent demo transitions from runs/curriculum_wins.jsonl
built 100000 demo transitions from 156 winning episodes (0 diverged and were skipped)
DQfD: loaded 100000 demo transitions into the permanent replay-buffer region
solvable-seed pool: loaded 1578 ground-truth-solvable seeds from runs/solvable_corpus.jsonl, used for fresh-deal resets over first 100000 steps
step     1000/400000  eps=0.996  episodes=    1  mean_return=1754.762  mean_loss=     nan  mean_foundation= 13.0/52  lifetime_outcomes={'won': 0, 'stalled': 0, 'truncated': 1, 'other': 0}  rss= 1596.7MB  (1s)
step     2000/400000  eps=0.992  episodes=    2  mean_return=1053.333  mean_loss=     nan  mean_foundation=  1.0/52  lifetime_outcomes={'won': 0, 'stalled': 0, 'truncated': 2, 'other': 0}  rss= 1614.7MB  (2s)
step     3000/400000  eps=0.987  episodes=    3  mean_return=754.762  mean_loss=     nan  mean_foundation=  7.0/52  lifetime_outcomes={'won': 0, 'stalled': 0, 'truncated': 3, 'other': 0}  rss= 1625.4MB  (3s)
step     4000/400000  eps=0.983  episodes=    4  mean_return=1847.143  mean_loss=     nan  mean_foundation= 14.0/52  lifetime_outcomes={'won': 0, 'stalled': 0, 'truncated': 4, 'other': 0}  rss= 1631.4MB  (4s)
step     5000/400000  eps=0.979  episodes=    5  mean_return=1947.619  mean_loss=88.36347  mean_foundation= 15.0/52  lifetime_outcomes={'won': 0, 'stalled': 0, 'truncated': 5, 'other': 0}  rss= 1982.8MB  (5s)
step     6000/400000  eps=0.975  episodes=    6  mean_return=828.571  mean_loss=65.32005  mean_foundation=  2.0/52  lifetime_outcomes={'won': 0, 'stalled': 0, 'truncated': 6, 'other': 0}  rss= 1996.8MB  (9s)
step     7000/400000  eps=0.970  episodes=    7  mean_return=1333.810  mean_loss=88.97899  mean_foundation=  9.0/52  lifetime_outcomes={'won': 0, 'stalled': 0, 'truncated': 7, 'other': 0}  rss= 2003.0MB  (13s)
step     8000/400000  eps=0.966  episodes=    8  mean_return=1196.667  mean_loss=95.62901  mean_foundation=  7.0/52  lifetime_outcomes={'won': 0, 'stalled': 0, 'truncated': 8, 'other': 0}  rss= 2005.0MB  (18s)
step     9000/400000  eps=0.962  episodes=    9  mean_return=1759.048  mean_loss=103.49317  mean_foundation= 25.0/52  lifetime_outcomes={'won': 0, 'stalled': 0, 'truncated': 9, 'other': 0}  rss= 2011.0MB  (22s)
step    10000/400000  eps=0.958  episodes=   10  mean_return=1420.476  mean_loss=102.98917  mean_foundation= 11.0/52  lifetime_outcomes={'won': 0, 'stalled': 0, 'truncated': 10, 'other': 0}  rss= 2013.1MB  (26s)
  EVAL  step    10000  win_rate=34.00%  mean_return=3353.716  mean_foundation= 25.8/52  mean_length=842.2  (greedy, 200 fixed deals)
step    11000/400000  eps=0.953  episodes=   11  mean_return=2429.048  mean_loss=102.21123  mean_foundation= 21.0/52  lifetime_outcomes={'won': 0, 'stalled': 0, 'truncated': 11, 'other': 0}  rss= 2051.2MB  (243s)
step    12000/400000  eps=0.949  episodes=   12  mean_return=1020.000  mean_loss=103.95082  mean_foundation= 10.0/52  lifetime_outcomes={'won': 0, 'stalled': 0, 'truncated': 12, 'other': 0}  rss= 2051.2MB  (247s)
step    13000/400000  eps=0.945  episodes=   13  mean_return=2316.190  mean_loss=101.96993  mean_foundation= 26.0/52  lifetime_outcomes={'won': 0, 'stalled': 0, 'truncated': 13, 'other': 0}  rss= 2051.9MB  (252s)
step    14000/400000  eps=0.941  episodes=   14  mean_return=1952.857  mean_loss=98.15131  mean_foundation=  9.0/52  lifetime_outcomes={'won': 0, 'stalled': 0, 'truncated': 14, 'other': 0}  rss= 2055.9MB  (257s)
step    15000/400000  eps=0.936  episodes=   15  mean_return=2687.143  mean_loss=95.63592  mean_foundation= 11.0/52  lifetime_outcomes={'won': 0, 'stalled': 0, 'truncated': 15, 'other': 0}  rss= 2060.0MB  (261s)
step    16000/400000  eps=0.932  episodes=   16  mean_return=2740.952  mean_loss=95.93841  mean_foundation= 44.0/52  lifetime_outcomes={'won': 0, 'stalled': 0, 'truncated': 16, 'other': 0}  rss= 2064.0MB  (265s)
step    17000/400000  eps=0.928  episodes=   17  mean_return=7934.343  mean_loss=91.01049  mean_foundation= 52.0/52  lifetime_outcomes={'won': 1, 'stalled': 0, 'truncated': 16, 'other': 0}  rss= 2068.1MB  (270s)
step    18000/400000  eps=0.923  episodes=   18  mean_return=1260.476  mean_loss=90.74826  mean_foundation=  4.0/52  lifetime_outcomes={'won': 1, 'stalled': 0, 'truncated': 17, 'other': 0}  rss= 2072.2MB  (275s)
step    19000/400000  eps=0.919  episodes=   19  mean_return=1013.333  mean_loss=88.42521  mean_foundation=  7.0/52  lifetime_outcomes={'won': 1, 'stalled': 0, 'truncated': 18, 'other': 0}  rss= 2076.2MB  (279s)
step    20000/400000  eps=0.915  episodes=   20  mean_return=1517.143  mean_loss=89.60216  mean_foundation= 18.0/52  lifetime_outcomes={'won': 1, 'stalled': 0, 'truncated': 19, 'other': 0}  rss= 2080.3MB  (282s)
  EVAL  step    20000  win_rate=31.00%  mean_return=3181.798  mean_foundation= 25.1/52  mean_length=846.6  (greedy, 200 fixed deals)
step    21000/400000  eps=0.911  episodes=   21  mean_return=1220.000  mean_loss=84.87524  mean_foundation=  3.0/52  lifetime_outcomes={'won': 1, 'stalled': 0, 'truncated': 20, 'other': 0}  rss= 2097.0MB  (478s)
step    22000/400000  eps=0.906  episodes=   22  mean_return=1710.952  mean_loss=85.73692  mean_foundation= 19.0/52  lifetime_outcomes={'won': 1, 'stalled': 0, 'truncated': 21, 'other': 0}  rss= 2101.2MB  (484s)
step    23000/400000  eps=0.902  episodes=   23  mean_return=704.286  mean_loss=84.02853  mean_foundation= 10.0/52  lifetime_outcomes={'won': 1, 'stalled': 0, 'truncated': 22, 'other': 0}  rss= 2105.2MB  (488s)
step    24000/400000  eps=0.898  episodes=   24  mean_return=7847.104  mean_loss=81.17770  mean_foundation= 52.0/52  lifetime_outcomes={'won': 2, 'stalled': 0, 'truncated': 22, 'other': 0}  rss= 2109.4MB  (493s)
step    25000/400000  eps=0.894  episodes=   25  mean_return=1560.952  mean_loss=78.16157  mean_foundation= 20.0/52  lifetime_outcomes={'won': 2, 'stalled': 0, 'truncated': 23, 'other': 0}  rss= 2113.4MB  (498s)
step    26000/400000  eps=0.889  episodes=   27  mean_return=1656.629  mean_loss=78.96517  mean_foundation= 26.0/52  lifetime_outcomes={'won': 2, 'stalled': 1, 'truncated': 24, 'other': 0}  rss= 2115.4MB  (502s)
step    27000/400000  eps=0.885  episodes=   28  mean_return=1261.905  mean_loss=75.23871  mean_foundation= 12.0/52  lifetime_outcomes={'won': 2, 'stalled': 1, 'truncated': 25, 'other': 0}  rss= 2121.5MB  (506s)
step    28000/400000  eps=0.881  episodes=   29  mean_return=111.905  mean_loss=73.99985  mean_foundation=  2.0/52  lifetime_outcomes={'won': 2, 'stalled': 1, 'truncated': 26, 'other': 0}  rss= 2123.6MB  (509s)
step    29000/400000  eps=0.877  episodes=   30  mean_return=2900.000  mean_loss=73.73782  mean_foundation= 47.0/52  lifetime_outcomes={'won': 2, 'stalled': 1, 'truncated': 27, 'other': 0}  rss= 2129.6MB  (513s)
step    30000/400000  eps=0.873  episodes=   31  mean_return=1058.571  mean_loss=74.13838  mean_foundation=  7.0/52  lifetime_outcomes={'won': 2, 'stalled': 1, 'truncated': 28, 'other': 0}  rss= 2133.7MB  (517s)
  EVAL  step    30000  win_rate=26.00%  mean_return=2889.197  mean_foundation= 23.9/52  mean_length=887.2  (greedy, 200 fixed deals)
step    31000/400000  eps=0.868  episodes=   32  mean_return=2858.095  mean_loss=74.91508  mean_foundation= 47.0/52  lifetime_outcomes={'won': 2, 'stalled': 1, 'truncated': 29, 'other': 0}  rss= 2151.2MB  (722s)
step    32000/400000  eps=0.864  episodes=   33  mean_return=395.238  mean_loss=72.15995  mean_foundation=  5.0/52  lifetime_outcomes={'won': 2, 'stalled': 1, 'truncated': 30, 'other': 0}  rss= 2155.2MB  (727s)
step    33000/400000  eps=0.860  episodes=   34  mean_return=7956.636  mean_loss=71.90278  mean_foundation= 52.0/52  lifetime_outcomes={'won': 3, 'stalled': 1, 'truncated': 30, 'other': 0}  rss= 2157.2MB  (731s)
step    34000/400000  eps=0.855  episodes=   35  mean_return=2905.238  mean_loss=71.13602  mean_foundation= 46.0/52  lifetime_outcomes={'won': 3, 'stalled': 1, 'truncated': 31, 'other': 0}  rss= 2157.2MB  (736s)
step    35000/400000  eps=0.851  episodes=   36  mean_return=7890.184  mean_loss=71.23388  mean_foundation= 52.0/52  lifetime_outcomes={'won': 4, 'stalled': 1, 'truncated': 31, 'other': 0}  rss= 2157.2MB  (741s)
step    36000/400000  eps=0.847  episodes=   37  mean_return=611.429  mean_loss=71.56347  mean_foundation=  1.0/52  lifetime_outcomes={'won': 4, 'stalled': 1, 'truncated': 32, 'other': 0}  rss= 2157.2MB  (745s)
step    37000/400000  eps=0.843  episodes=   38  mean_return=7934.831  mean_loss=71.98420  mean_foundation= 52.0/52  lifetime_outcomes={'won': 5, 'stalled': 1, 'truncated': 32, 'other': 0}  rss= 2157.2MB  (749s)
step    38000/400000  eps=0.839  episodes=   39  mean_return=1228.571  mean_loss=70.39018  mean_foundation= 14.0/52  lifetime_outcomes={'won': 5, 'stalled': 1, 'truncated': 33, 'other': 0}  rss= 2157.2MB  (754s)
step    39000/400000  eps=0.834  episodes=   40  mean_return=2979.048  mean_loss=68.44194  mean_foundation= 45.0/52  lifetime_outcomes={'won': 5, 'stalled': 1, 'truncated': 34, 'other': 0}  rss= 2157.2MB  (758s)
step    40000/400000  eps=0.830  episodes=   41  mean_return=685.714  mean_loss=68.43953  mean_foundation=  8.0/52  lifetime_outcomes={'won': 5, 'stalled': 1, 'truncated': 35, 'other': 0}  rss= 2157.2MB  (761s)
  EVAL  step    40000  win_rate=30.00%  mean_return=3131.607  mean_foundation= 24.9/52  mean_length=868.3  (greedy, 200 fixed deals)
step    41000/400000  eps=0.826  episodes=   42  mean_return=7815.436  mean_loss=65.45514  mean_foundation= 52.0/52  lifetime_outcomes={'won': 6, 'stalled': 1, 'truncated': 35, 'other': 0}  rss= 2178.4MB  (959s)
step    42000/400000  eps=0.822  episodes=   43  mean_return=750.000  mean_loss=65.20625  mean_foundation= 11.0/52  lifetime_outcomes={'won': 6, 'stalled': 1, 'truncated': 36, 'other': 0}  rss= 2180.5MB  (963s)
step    43000/400000  eps=0.817  episodes=   44  mean_return=1308.571  mean_loss=66.12936  mean_foundation=  5.0/52  lifetime_outcomes={'won': 6, 'stalled': 1, 'truncated': 37, 'other': 0}  rss= 2184.5MB  (967s)
step    44000/400000  eps=0.813  episodes=   46  mean_return=7943.404  mean_loss=64.78624  mean_foundation= 52.0/52  lifetime_outcomes={'won': 8, 'stalled': 1, 'truncated': 37, 'other': 0}  rss= 2188.5MB  (971s)
step    45000/400000  eps=0.809  episodes=   47  mean_return=1483.810  mean_loss=61.70237  mean_foundation= 14.0/52  lifetime_outcomes={'won': 8, 'stalled': 1, 'truncated': 38, 'other': 0}  rss= 2192.6MB  (974s)
step    46000/400000  eps=0.804  episodes=   48  mean_return=7933.159  mean_loss=61.22804  mean_foundation= 52.0/52  lifetime_outcomes={'won': 9, 'stalled': 1, 'truncated': 38, 'other': 0}  rss= 2196.6MB  (978s)
step    47000/400000  eps=0.800  episodes=   49  mean_return=7800.688  mean_loss=61.55147  mean_foundation= 52.0/52  lifetime_outcomes={'won': 10, 'stalled': 1, 'truncated': 38, 'other': 0}  rss= 2200.6MB  (982s)
step    48000/400000  eps=0.796  episodes=   51  mean_return=4423.872  mean_loss=61.44240  mean_foundation= 28.5/52  lifetime_outcomes={'won': 11, 'stalled': 1, 'truncated': 39, 'other': 0}  rss= 2206.7MB  (985s)
step    49000/400000  eps=0.792  episodes=   53  mean_return=7931.513  mean_loss=61.23100  mean_foundation= 52.0/52  lifetime_outcomes={'won': 13, 'stalled': 1, 'truncated': 39, 'other': 0}  rss= 2208.7MB  (989s)
step    50000/400000  eps=0.787  episodes=   54  mean_return=7825.605  mean_loss=60.14530  mean_foundation= 52.0/52  lifetime_outcomes={'won': 14, 'stalled': 1, 'truncated': 39, 'other': 0}  rss= 2212.7MB  (993s)
  EVAL  step    50000  win_rate=35.00%  mean_return=3384.888  mean_foundation= 24.9/52  mean_length=799.8  (greedy, 200 fixed deals)
step    51000/400000  eps=0.783  episodes=   55  mean_return=7896.401  mean_loss=59.67158  mean_foundation= 52.0/52  lifetime_outcomes={'won': 15, 'stalled': 1, 'truncated': 39, 'other': 0}  rss= 2223.6MB  (1184s)
step    52000/400000  eps=0.779  episodes=   56  mean_return=1465.714  mean_loss=58.68559  mean_foundation= 11.0/52  lifetime_outcomes={'won': 15, 'stalled': 1, 'truncated': 40, 'other': 0}  rss= 2227.6MB  (1188s)
step    53000/400000  eps=0.775  episodes=   57  mean_return=1507.143  mean_loss=57.65151  mean_foundation= 18.0/52  lifetime_outcomes={'won': 15, 'stalled': 1, 'truncated': 41, 'other': 0}  rss= 2229.6MB  (1192s)
step    54000/400000  eps=0.770  episodes=   58  mean_return=1655.714  mean_loss=57.07444  mean_foundation= 13.0/52  lifetime_outcomes={'won': 15, 'stalled': 1, 'truncated': 42, 'other': 0}  rss= 2235.7MB  (1197s)
step    55000/400000  eps=0.766  episodes=   59  mean_return=1605.238  mean_loss=55.25350  mean_foundation= 14.0/52  lifetime_outcomes={'won': 15, 'stalled': 1, 'truncated': 43, 'other': 0}  rss= 2239.7MB  (1201s)
step    56000/400000  eps=0.762  episodes=   61  mean_return=4464.916  mean_loss=54.56833  mean_foundation= 34.0/52  lifetime_outcomes={'won': 16, 'stalled': 1, 'truncated': 44, 'other': 0}  rss= 2243.7MB  (1206s)
step    57000/400000  eps=0.758  episodes=   62  mean_return=7911.731  mean_loss=55.12310  mean_foundation= 52.0/52  lifetime_outcomes={'won': 17, 'stalled': 1, 'truncated': 44, 'other': 0}  rss= 2247.7MB  (1211s)
step    58000/400000  eps=0.754  episodes=   63  mean_return=7925.960  mean_loss=52.84370  mean_foundation= 52.0/52  lifetime_outcomes={'won': 18, 'stalled': 1, 'truncated': 44, 'other': 0}  rss= 2251.7MB  (1215s)
step    59000/400000  eps=0.749  episodes=   64  mean_return=582.381  mean_loss=52.89304  mean_foundation=  8.0/52  lifetime_outcomes={'won': 18, 'stalled': 1, 'truncated': 45, 'other': 0}  rss= 2255.8MB  (1220s)
step    60000/400000  eps=0.745  episodes=   65  mean_return=1123.810  mean_loss=51.27704  mean_foundation= 10.0/52  lifetime_outcomes={'won': 18, 'stalled': 1, 'truncated': 46, 'other': 0}  rss= 2257.8MB  (1225s)
  EVAL  step    60000  win_rate=33.00%  mean_return=3247.187  mean_foundation= 24.0/52  mean_length=811.1  (greedy, 200 fixed deals)
step    61000/400000  eps=0.741  episodes=   66  mean_return=7869.879  mean_loss=51.41209  mean_foundation= 52.0/52  lifetime_outcomes={'won': 19, 'stalled': 1, 'truncated': 46, 'other': 0}  rss= 2270.5MB  (1410s)
step    62000/400000  eps=0.736  episodes=   67  mean_return=392.381  mean_loss=50.91828  mean_foundation=  1.0/52  lifetime_outcomes={'won': 19, 'stalled': 1, 'truncated': 47, 'other': 0}  rss= 2274.5MB  (1414s)
step    63000/400000  eps=0.732  episodes=   68  mean_return=1449.048  mean_loss=51.81147  mean_foundation= 16.0/52  lifetime_outcomes={'won': 19, 'stalled': 1, 'truncated': 48, 'other': 0}  rss= 2278.5MB  (1418s)
step    64000/400000  eps=0.728  episodes=   69  mean_return=1857.619  mean_loss=49.06503  mean_foundation= 25.0/52  lifetime_outcomes={'won': 19, 'stalled': 1, 'truncated': 49, 'other': 0}  rss= 2282.6MB  (1422s)
step    65000/400000  eps=0.724  episodes=   71  mean_return=4150.079  mean_loss=49.42960  mean_foundation= 29.0/52  lifetime_outcomes={'won': 20, 'stalled': 1, 'truncated': 50, 'other': 0}  rss= 2284.6MB  (1425s)
step    66000/400000  eps=0.720  episodes=   72  mean_return=619.048  mean_loss=48.41848  mean_foundation=  4.0/52  lifetime_outcomes={'won': 20, 'stalled': 1, 'truncated': 51, 'other': 0}  rss= 2290.6MB  (1430s)
step    67000/400000  eps=0.715  episodes=   73  mean_return=394.762  mean_loss=48.24061  mean_foundation=  1.0/52  lifetime_outcomes={'won': 20, 'stalled': 1, 'truncated': 52, 'other': 0}  rss= 2292.6MB  (1435s)
step    68000/400000  eps=0.711  episodes=   75  mean_return=7986.250  mean_loss=45.70020  mean_foundation= 52.0/52  lifetime_outcomes={'won': 22, 'stalled': 1, 'truncated': 52, 'other': 0}  rss= 2298.6MB  (1440s)
step    69000/400000  eps=0.707  episodes=   76  mean_return=7831.849  mean_loss=47.60711  mean_foundation= 52.0/52  lifetime_outcomes={'won': 23, 'stalled': 1, 'truncated': 52, 'other': 0}  rss= 2300.7MB  (1445s)
step    70000/400000  eps=0.703  episodes=   77  mean_return=662.857  mean_loss=47.83839  mean_foundation=  6.0/52  lifetime_outcomes={'won': 23, 'stalled': 1, 'truncated': 53, 'other': 0}  rss= 2304.7MB  (1449s)
  EVAL  step    70000  win_rate=21.50%  mean_return=2590.013  mean_foundation= 21.0/52  mean_length=920.8  (greedy, 200 fixed deals)
step    71000/400000  eps=0.698  episodes=   78  mean_return=1630.476  mean_loss=45.40013  mean_foundation= 25.0/52  lifetime_outcomes={'won': 23, 'stalled': 1, 'truncated': 54, 'other': 0}  rss= 2310.8MB  (1671s)
step    72000/400000  eps=0.694  episodes=   80  mean_return=4119.267  mean_loss=45.70075  mean_foundation= 29.0/52  lifetime_outcomes={'won': 24, 'stalled': 1, 'truncated': 55, 'other': 0}  rss= 2312.9MB  (1675s)
step    73000/400000  eps=0.690  episodes=   81  mean_return=7891.074  mean_loss=46.24313  mean_foundation= 52.0/52  lifetime_outcomes={'won': 25, 'stalled': 1, 'truncated': 55, 'other': 0}  rss= 2318.9MB  (1679s)
step    74000/400000  eps=0.685  episodes=   82  mean_return=868.095  mean_loss=45.69612  mean_foundation= 11.0/52  lifetime_outcomes={'won': 25, 'stalled': 1, 'truncated': 56, 'other': 0}  rss= 2321.0MB  (1683s)
step    75000/400000  eps=0.681  episodes=   83  mean_return=696.190  mean_loss=45.47444  mean_foundation=  4.0/52  lifetime_outcomes={'won': 25, 'stalled': 1, 'truncated': 57, 'other': 0}  rss= 2327.0MB  (1687s)
step    76000/400000  eps=0.677  episodes=   85  mean_return=4119.540  mean_loss=44.08323  mean_foundation= 28.0/52  lifetime_outcomes={'won': 26, 'stalled': 1, 'truncated': 58, 'other': 0}  rss= 2329.0MB  (1691s)
step    77000/400000  eps=0.673  episodes=   86  mean_return=1439.048  mean_loss=43.76098  mean_foundation= 15.0/52  lifetime_outcomes={'won': 26, 'stalled': 1, 'truncated': 59, 'other': 0}  rss= 2333.0MB  (1695s)
step    78000/400000  eps=0.668  episodes=   87  mean_return=7983.978  mean_loss=43.44234  mean_foundation= 52.0/52  lifetime_outcomes={'won': 27, 'stalled': 1, 'truncated': 59, 'other': 0}  rss= 2337.0MB  (1699s)
step    79000/400000  eps=0.664  episodes=   89  mean_return=7882.733  mean_loss=44.14929  mean_foundation= 52.0/52  lifetime_outcomes={'won': 29, 'stalled': 1, 'truncated': 59, 'other': 0}  rss= 2341.0MB  (1703s)
step    80000/400000  eps=0.660  episodes=   91  mean_return=7925.127  mean_loss=43.38942  mean_foundation= 52.0/52  lifetime_outcomes={'won': 31, 'stalled': 1, 'truncated': 59, 'other': 0}  rss= 2345.1MB  (1707s)
  EVAL  step    80000  win_rate=30.00%  mean_return=3078.705  mean_foundation= 23.4/52  mean_length=847.4  (greedy, 200 fixed deals)
step    81000/400000  eps=0.656  episodes=   92  mean_return=2274.762  mean_loss=43.57074  mean_foundation= 36.0/52  lifetime_outcomes={'won': 31, 'stalled': 1, 'truncated': 60, 'other': 0}  rss= 2349.1MB  (1913s)
step    82000/400000  eps=0.651  episodes=   93  mean_return=7994.214  mean_loss=41.93738  mean_foundation= 52.0/52  lifetime_outcomes={'won': 32, 'stalled': 1, 'truncated': 60, 'other': 0}  rss= 2353.1MB  (1918s)
step    83000/400000  eps=0.647  episodes=   94  mean_return=775.714  mean_loss=42.67723  mean_foundation=  4.0/52  lifetime_outcomes={'won': 32, 'stalled': 1, 'truncated': 61, 'other': 0}  rss= 2357.1MB  (1923s)
step    84000/400000  eps=0.643  episodes=   95  mean_return=670.476  mean_loss=40.41729  mean_foundation=  6.0/52  lifetime_outcomes={'won': 32, 'stalled': 1, 'truncated': 62, 'other': 0}  rss= 2361.2MB  (1928s)
step    85000/400000  eps=0.639  episodes=   96  mean_return=7873.216  mean_loss=40.04543  mean_foundation= 52.0/52  lifetime_outcomes={'won': 33, 'stalled': 1, 'truncated': 62, 'other': 0}  rss= 2365.2MB  (1932s)
step    86000/400000  eps=0.635  episodes=   98  mean_return=4199.080  mean_loss=39.68714  mean_foundation= 27.5/52  lifetime_outcomes={'won': 34, 'stalled': 1, 'truncated': 63, 'other': 0}  rss= 2369.2MB  (1937s)
step    87000/400000  eps=0.630  episodes=  100  mean_return=4394.730  mean_loss=39.97015  mean_foundation= 27.5/52  lifetime_outcomes={'won': 35, 'stalled': 1, 'truncated': 64, 'other': 0}  rss= 2373.2MB  (1942s)
step    88000/400000  eps=0.626  episodes=  101  mean_return=662.857  mean_loss=40.18936  mean_foundation=  6.0/52  lifetime_outcomes={'won': 35, 'stalled': 1, 'truncated': 65, 'other': 0}  rss= 2377.3MB  (1947s)
step    89000/400000  eps=0.622  episodes=  102  mean_return=772.857  mean_loss=39.05480  mean_foundation=  8.0/52  lifetime_outcomes={'won': 35, 'stalled': 1, 'truncated': 66, 'other': 0}  rss= 2381.3MB  (1951s)
step    90000/400000  eps=0.617  episodes=  104  mean_return=7857.340  mean_loss=38.99648  mean_foundation= 52.0/52  lifetime_outcomes={'won': 37, 'stalled': 1, 'truncated': 66, 'other': 0}  rss= 2385.3MB  (1956s)
  EVAL  step    90000  win_rate=33.00%  mean_return=3342.013  mean_foundation= 25.5/52  mean_length=843.5  (greedy, 200 fixed deals)
step    91000/400000  eps=0.613  episodes=  105  mean_return=7924.010  mean_loss=38.29634  mean_foundation= 52.0/52  lifetime_outcomes={'won': 38, 'stalled': 1, 'truncated': 66, 'other': 0}  rss= 2389.4MB  (2160s)
step    92000/400000  eps=0.609  episodes=  106  mean_return=812.857  mean_loss=37.48144  mean_foundation=  6.0/52  lifetime_outcomes={'won': 38, 'stalled': 1, 'truncated': 67, 'other': 0}  rss= 2391.4MB  (2164s)
step    93000/400000  eps=0.605  episodes=  107  mean_return=530.952  mean_loss=38.53586  mean_foundation=  1.0/52  lifetime_outcomes={'won': 38, 'stalled': 1, 'truncated': 68, 'other': 0}  rss= 2397.4MB  (2168s)
step    94000/400000  eps=0.601  episodes=  108  mean_return=656.667  mean_loss=39.25089  mean_foundation=  7.0/52  lifetime_outcomes={'won': 38, 'stalled': 1, 'truncated': 69, 'other': 0}  rss= 2401.4MB  (2171s)
step    95000/400000  eps=0.596  episodes=  110  mean_return=4102.632  mean_loss=36.92796  mean_foundation= 27.5/52  lifetime_outcomes={'won': 39, 'stalled': 1, 'truncated': 70, 'other': 0}  rss= 2405.5MB  (2175s)
step    96000/400000  eps=0.592  episodes=  111  mean_return=1854.762  mean_loss=37.41396  mean_foundation= 22.0/52  lifetime_outcomes={'won': 39, 'stalled': 1, 'truncated': 71, 'other': 0}  rss= 2409.5MB  (2179s)
step    97000/400000  eps=0.588  episodes=  112  mean_return=655.714  mean_loss=35.83336  mean_foundation=  5.0/52  lifetime_outcomes={'won': 39, 'stalled': 1, 'truncated': 72, 'other': 0}  rss= 2411.5MB  (2183s)
step    98000/400000  eps=0.584  episodes=  113  mean_return=7959.950  mean_loss=36.31575  mean_foundation= 52.0/52  lifetime_outcomes={'won': 40, 'stalled': 1, 'truncated': 72, 'other': 0}  rss= 2417.5MB  (2187s)
step    99000/400000  eps=0.579  episodes=  114  mean_return=827.143  mean_loss=36.02898  mean_foundation=  9.0/52  lifetime_outcomes={'won': 40, 'stalled': 1, 'truncated': 73, 'other': 0}  rss= 2419.6MB  (2191s)
step   100000/400000  eps=0.575  episodes=  115  mean_return=707.143  mean_loss=37.45007  mean_foundation=  8.0/52  lifetime_outcomes={'won': 40, 'stalled': 1, 'truncated': 74, 'other': 0}  rss= 2425.6MB  (2195s)
  EVAL  step   100000  win_rate=33.50%  mean_return=3297.354  mean_foundation= 24.4/52  mean_length=813.7  (greedy, 200 fixed deals)
step   101000/400000  eps=0.571  episodes=  116  mean_return=1638.095  mean_loss=35.32578  mean_foundation= 16.0/52  lifetime_outcomes={'won': 40, 'stalled': 1, 'truncated': 75, 'other': 0}  rss= 2429.6MB  (2394s)
step   102000/400000  eps=0.567  episodes=  117  mean_return=498.095  mean_loss=34.50589  mean_foundation=  3.0/52  lifetime_outcomes={'won': 40, 'stalled': 1, 'truncated': 76, 'other': 0}  rss= 2433.6MB  (2399s)
step   103000/400000  eps=0.562  episodes=  118  mean_return=885.238  mean_loss=35.84592  mean_foundation= 12.0/52  lifetime_outcomes={'won': 40, 'stalled': 1, 'truncated': 77, 'other': 0}  rss= 2437.7MB  (2404s)
step   104000/400000  eps=0.558  episodes=  119  mean_return=1807.619  mean_loss=33.74095  mean_foundation= 24.0/52  lifetime_outcomes={'won': 40, 'stalled': 1, 'truncated': 78, 'other': 0}  rss= 2439.7MB  (2409s)
step   105000/400000  eps=0.554  episodes=  120  mean_return=613.810  mean_loss=33.85350  mean_foundation=  6.0/52  lifetime_outcomes={'won': 40, 'stalled': 1, 'truncated': 79, 'other': 0}  rss= 2445.7MB  (2413s)
step   106000/400000  eps=0.549  episodes=  121  mean_return=493.333  mean_loss=34.15780  mean_foundation=  3.0/52  lifetime_outcomes={'won': 40, 'stalled': 1, 'truncated': 80, 'other': 0}  rss= 2445.7MB  (2421s)
step   107000/400000  eps=0.545  episodes=  122  mean_return=7959.570  mean_loss=33.61881  mean_foundation= 52.0/52  lifetime_outcomes={'won': 41, 'stalled': 1, 'truncated': 80, 'other': 0}  rss= 2445.7MB  (2426s)
step   108000/400000  eps=0.541  episodes=  123  mean_return=747.143  mean_loss=33.17504  mean_foundation=  5.0/52  lifetime_outcomes={'won': 41, 'stalled': 1, 'truncated': 81, 'other': 0}  rss= 2445.7MB  (2431s)
step   109000/400000  eps=0.537  episodes=  124  mean_return=1964.286  mean_loss=31.87281  mean_foundation= 30.0/52  lifetime_outcomes={'won': 41, 'stalled': 1, 'truncated': 82, 'other': 0}  rss= 2445.7MB  (2436s)
step   110000/400000  eps=0.532  episodes=  126  mean_return=4335.764  mean_loss=32.99706  mean_foundation= 27.5/52  lifetime_outcomes={'won': 42, 'stalled': 1, 'truncated': 83, 'other': 0}  rss= 2445.7MB  (2440s)
  EVAL  step   110000  win_rate=31.00%  mean_return=3205.296  mean_foundation= 24.6/52  mean_length=866.1  (greedy, 200 fixed deals)
step   111000/400000  eps=0.528  episodes=  127  mean_return=7884.515  mean_loss=32.52835  mean_foundation= 52.0/52  lifetime_outcomes={'won': 43, 'stalled': 1, 'truncated': 83, 'other': 0}  rss= 2461.0MB  (2643s)
step   112000/400000  eps=0.524  episodes=  128  mean_return=330.000  mean_loss=31.88294  mean_foundation=  0.0/52  lifetime_outcomes={'won': 43, 'stalled': 1, 'truncated': 84, 'other': 0}  rss= 2467.0MB  (2648s)
step   113000/400000  eps=0.520  episodes=  129  mean_return=497.143  mean_loss=31.76522  mean_foundation=  5.0/52  lifetime_outcomes={'won': 43, 'stalled': 1, 'truncated': 85, 'other': 0}  rss= 2469.0MB  (2653s)
step   114000/400000  eps=0.516  episodes=  130  mean_return=569.524  mean_loss=31.75873  mean_foundation=  7.0/52  lifetime_outcomes={'won': 43, 'stalled': 1, 'truncated': 86, 'other': 0}  rss= 2473.1MB  (2658s)
step   115000/400000  eps=0.511  episodes=  131  mean_return=7981.935  mean_loss=30.27564  mean_foundation= 52.0/52  lifetime_outcomes={'won': 44, 'stalled': 1, 'truncated': 86, 'other': 0}  rss= 2477.1MB  (2663s)
step   116000/400000  eps=0.507  episodes=  132  mean_return=539.048  mean_loss=30.55086  mean_foundation=  2.0/52  lifetime_outcomes={'won': 44, 'stalled': 1, 'truncated': 87, 'other': 0}  rss= 2481.1MB  (2668s)
step   117000/400000  eps=0.503  episodes=  134  mean_return=4369.917  mean_loss=30.05536  mean_foundation= 30.0/52  lifetime_outcomes={'won': 45, 'stalled': 1, 'truncated': 88, 'other': 0}  rss= 2485.1MB  (2673s)
step   118000/400000  eps=0.499  episodes=  135  mean_return=556.667  mean_loss=30.19796  mean_foundation=  1.0/52  lifetime_outcomes={'won': 45, 'stalled': 1, 'truncated': 89, 'other': 0}  rss= 2489.2MB  (2677s)
step   119000/400000  eps=0.494  episodes=  136  mean_return=514.286  mean_loss=28.87709  mean_foundation=  3.0/52  lifetime_outcomes={'won': 45, 'stalled': 1, 'truncated': 90, 'other': 0}  rss= 2493.2MB  (2681s)
step   120000/400000  eps=0.490  episodes=  138  mean_return=7924.528  mean_loss=29.82609  mean_foundation= 52.0/52  lifetime_outcomes={'won': 47, 'stalled': 1, 'truncated': 90, 'other': 0}  rss= 2497.2MB  (2686s)
  EVAL  step   120000  win_rate=28.00%  mean_return=2976.262  mean_foundation= 22.5/52  mean_length=891.5  (greedy, 200 fixed deals)
step   121000/400000  eps=0.486  episodes=  139  mean_return=7928.782  mean_loss=28.98248  mean_foundation= 52.0/52  lifetime_outcomes={'won': 48, 'stalled': 1, 'truncated': 90, 'other': 0}  rss= 2501.3MB  (2891s)
step   122000/400000  eps=0.482  episodes=  141  mean_return=4664.078  mean_loss=29.08014  mean_foundation= 30.0/52  lifetime_outcomes={'won': 49, 'stalled': 1, 'truncated': 91, 'other': 0}  rss= 2505.4MB  (2896s)
step   123000/400000  eps=0.477  episodes=  142  mean_return=813.810  mean_loss=29.20820  mean_foundation=  5.0/52  lifetime_outcomes={'won': 49, 'stalled': 1, 'truncated': 92, 'other': 0}  rss= 2509.4MB  (2901s)
step   124000/400000  eps=0.473  episodes=  143  mean_return=581.429  mean_loss=28.32610  mean_foundation=  6.0/52  lifetime_outcomes={'won': 49, 'stalled': 1, 'truncated': 93, 'other': 0}  rss= 2511.4MB  (2905s)
step   125000/400000  eps=0.469  episodes=  144  mean_return=1153.810  mean_loss=27.86325  mean_foundation=  6.0/52  lifetime_outcomes={'won': 49, 'stalled': 1, 'truncated': 94, 'other': 0}  rss= 2517.4MB  (2910s)
step   126000/400000  eps=0.465  episodes=  146  mean_return=4153.008  mean_loss=28.23084  mean_foundation= 30.0/52  lifetime_outcomes={'won': 50, 'stalled': 2, 'truncated': 94, 'other': 0}  rss= 2521.5MB  (2915s)
step   127000/400000  eps=0.460  episodes=  147  mean_return=7847.627  mean_loss=26.53055  mean_foundation= 52.0/52  lifetime_outcomes={'won': 51, 'stalled': 2, 'truncated': 94, 'other': 0}  rss= 2525.5MB  (2919s)
step   128000/400000  eps=0.456  episodes=  148  mean_return=681.905  mean_loss=25.93716  mean_foundation=  0.0/52  lifetime_outcomes={'won': 51, 'stalled': 2, 'truncated': 95, 'other': 0}  rss= 2529.5MB  (2923s)
step   129000/400000  eps=0.452  episodes=  149  mean_return=1517.619  mean_loss=26.65042  mean_foundation= 14.0/52  lifetime_outcomes={'won': 51, 'stalled': 2, 'truncated': 96, 'other': 0}  rss= 2533.6MB  (2927s)
step   130000/400000  eps=0.448  episodes=  150  mean_return=2679.524  mean_loss=26.20640  mean_foundation= 43.0/52  lifetime_outcomes={'won': 51, 'stalled': 2, 'truncated': 97, 'other': 0}  rss= 2537.6MB  (2931s)
  EVAL  step   130000  win_rate=28.00%  mean_return=3037.874  mean_foundation= 24.4/52  mean_length=877.1  (greedy, 200 fixed deals)
step   131000/400000  eps=0.443  episodes=  151  mean_return=1321.905  mean_loss=27.11473  mean_foundation=  9.0/52  lifetime_outcomes={'won': 51, 'stalled': 2, 'truncated': 98, 'other': 0}  rss= 2539.6MB  (3138s)
step   132000/400000  eps=0.439  episodes=  153  mean_return=4545.829  mean_loss=26.12738  mean_foundation= 32.0/52  lifetime_outcomes={'won': 52, 'stalled': 2, 'truncated': 99, 'other': 0}  rss= 2545.6MB  (3143s)
step   133000/400000  eps=0.435  episodes=  154  mean_return=1148.571  mean_loss=25.63909  mean_foundation=  8.0/52  lifetime_outcomes={'won': 52, 'stalled': 2, 'truncated': 100, 'other': 0}  rss= 2549.6MB  (3148s)
step   134000/400000  eps=0.430  episodes=  155  mean_return=7895.059  mean_loss=25.22753  mean_foundation= 52.0/52  lifetime_outcomes={'won': 53, 'stalled': 2, 'truncated': 100, 'other': 0}  rss= 2553.7MB  (3153s)
step   135000/400000  eps=0.426  episodes=  156  mean_return=716.190  mean_loss=25.35603  mean_foundation=  4.0/52  lifetime_outcomes={'won': 53, 'stalled': 2, 'truncated': 101, 'other': 0}  rss= 2557.7MB  (3157s)
step   136000/400000  eps=0.422  episodes=  158  mean_return=4317.855  mean_loss=24.59060  mean_foundation= 28.5/52  lifetime_outcomes={'won': 54, 'stalled': 2, 'truncated': 102, 'other': 0}  rss= 2559.7MB  (3161s)
step   137000/400000  eps=0.418  episodes=  159  mean_return=7868.627  mean_loss=24.97845  mean_foundation= 52.0/52  lifetime_outcomes={'won': 55, 'stalled': 2, 'truncated': 102, 'other': 0}  rss= 2565.7MB  (3165s)
step   138000/400000  eps=0.414  episodes=  160  mean_return=950.476  mean_loss=25.01885  mean_foundation=  7.0/52  lifetime_outcomes={'won': 55, 'stalled': 2, 'truncated': 103, 'other': 0}  rss= 2567.8MB  (3169s)
step   139000/400000  eps=0.409  episodes=  161  mean_return=122.857  mean_loss=24.48745  mean_foundation=  3.0/52  lifetime_outcomes={'won': 55, 'stalled': 2, 'truncated': 104, 'other': 0}  rss= 2573.8MB  (3174s)
step   140000/400000  eps=0.405  episodes=  162  mean_return=305.714  mean_loss=24.12378  mean_foundation=  2.0/52  lifetime_outcomes={'won': 55, 'stalled': 2, 'truncated': 105, 'other': 0}  rss= 2575.9MB  (3178s)
  EVAL  step   140000  win_rate=23.50%  mean_return=2745.707  mean_foundation= 22.1/52  mean_length=908.4  (greedy, 200 fixed deals)
step   141000/400000  eps=0.401  episodes=  163  mean_return=652.381  mean_loss=23.97067  mean_foundation=  4.0/52  lifetime_outcomes={'won': 55, 'stalled': 2, 'truncated': 106, 'other': 0}  rss= 2579.9MB  (3396s)
step   142000/400000  eps=0.397  episodes=  164  mean_return=1306.667  mean_loss=23.52210  mean_foundation= 11.0/52  lifetime_outcomes={'won': 55, 'stalled': 2, 'truncated': 107, 'other': 0}  rss= 2583.9MB  (3400s)
step   143000/400000  eps=0.392  episodes=  165  mean_return=1449.524  mean_loss=23.22498  mean_foundation= 13.0/52  lifetime_outcomes={'won': 55, 'stalled': 2, 'truncated': 108, 'other': 0}  rss= 2587.9MB  (3405s)
step   144000/400000  eps=0.388  episodes=  166  mean_return=962.857  mean_loss=22.66250  mean_foundation= 10.0/52  lifetime_outcomes={'won': 55, 'stalled': 2, 'truncated': 109, 'other': 0}  rss= 2594.0MB  (3409s)
step   145000/400000  eps=0.384  episodes=  167  mean_return=1669.524  mean_loss=23.04742  mean_foundation= 18.0/52  lifetime_outcomes={'won': 55, 'stalled': 2, 'truncated': 110, 'other': 0}  rss= 2596.0MB  (3413s)
step   146000/400000  eps=0.380  episodes=  168  mean_return=7827.394  mean_loss=22.44187  mean_foundation= 52.0/52  lifetime_outcomes={'won': 56, 'stalled': 2, 'truncated': 110, 'other': 0}  rss= 2600.0MB  (3417s)
step   147000/400000  eps=0.375  episodes=  169  mean_return=1258.095  mean_loss=21.73695  mean_foundation=  1.0/52  lifetime_outcomes={'won': 56, 'stalled': 2, 'truncated': 111, 'other': 0}  rss= 2604.0MB  (3422s)
step   148000/400000  eps=0.371  episodes=  170  mean_return=1091.429  mean_loss=21.58826  mean_foundation=  7.0/52  lifetime_outcomes={'won': 56, 'stalled': 2, 'truncated': 112, 'other': 0}  rss= 2608.0MB  (3426s)
step   149000/400000  eps=0.367  episodes=  171  mean_return=409.524  mean_loss=21.30827  mean_foundation=  1.0/52  lifetime_outcomes={'won': 56, 'stalled': 2, 'truncated': 113, 'other': 0}  rss= 2612.1MB  (3430s)
step   150000/400000  eps=0.363  episodes=  173  mean_return=4434.982  mean_loss=21.81047  mean_foundation= 32.5/52  lifetime_outcomes={'won': 57, 'stalled': 2, 'truncated': 114, 'other': 0}  rss= 2616.1MB  (3434s)
  EVAL  step   150000  win_rate=12.00%  mean_return=2060.411  mean_foundation= 19.2/52  mean_length=957.7  (greedy, 200 fixed deals)
step   151000/400000  eps=0.358  episodes=  174  mean_return=303.333  mean_loss=20.48118  mean_foundation=  5.0/52  lifetime_outcomes={'won': 57, 'stalled': 2, 'truncated': 115, 'other': 0}  rss= 2620.2MB  (3664s)
step   152000/400000  eps=0.354  episodes=  175  mean_return=849.048  mean_loss=21.64855  mean_foundation= 10.0/52  lifetime_outcomes={'won': 57, 'stalled': 2, 'truncated': 116, 'other': 0}  rss= 2624.2MB  (3669s)
step   153000/400000  eps=0.350  episodes=  177  mean_return=4230.904  mean_loss=19.59486  mean_foundation= 29.0/52  lifetime_outcomes={'won': 58, 'stalled': 2, 'truncated': 117, 'other': 0}  rss= 2628.2MB  (3674s)
step   154000/400000  eps=0.346  episodes=  178  mean_return=272.857  mean_loss=20.10089  mean_foundation=  2.0/52  lifetime_outcomes={'won': 58, 'stalled': 2, 'truncated': 118, 'other': 0}  rss= 2632.2MB  (3679s)
step   155000/400000  eps=0.341  episodes=  179  mean_return=732.381  mean_loss=20.48755  mean_foundation=  2.0/52  lifetime_outcomes={'won': 58, 'stalled': 2, 'truncated': 119, 'other': 0}  rss= 2636.2MB  (3685s)
step   156000/400000  eps=0.337  episodes=  180  mean_return=7849.147  mean_loss=19.57134  mean_foundation= 52.0/52  lifetime_outcomes={'won': 59, 'stalled': 2, 'truncated': 119, 'other': 0}  rss= 2640.3MB  (3690s)
step   157000/400000  eps=0.333  episodes=  181  mean_return=485.714  mean_loss=19.75626  mean_foundation=  1.0/52  lifetime_outcomes={'won': 59, 'stalled': 2, 'truncated': 120, 'other': 0}  rss= 2644.3MB  (3695s)
step   158000/400000  eps=0.329  episodes=  182  mean_return=449.048  mean_loss=19.18521  mean_foundation=  6.0/52  lifetime_outcomes={'won': 59, 'stalled': 2, 'truncated': 121, 'other': 0}  rss= 2648.4MB  (3699s)
step   159000/400000  eps=0.324  episodes=  183  mean_return=343.333  mean_loss=19.49787  mean_foundation=  3.0/52  lifetime_outcomes={'won': 59, 'stalled': 2, 'truncated': 122, 'other': 0}  rss= 2652.4MB  (3704s)
step   160000/400000  eps=0.320  episodes=  185  mean_return=4306.155  mean_loss=18.98455  mean_foundation= 30.5/52  lifetime_outcomes={'won': 60, 'stalled': 2, 'truncated': 123, 'other': 0}  rss= 2656.4MB  (3708s)
  EVAL  step   160000  win_rate=25.00%  mean_return=2869.871  mean_foundation= 23.4/52  mean_length=895.6  (greedy, 200 fixed deals)
step   161000/400000  eps=0.316  episodes=  187  mean_return=7966.008  mean_loss=19.18121  mean_foundation= 52.0/52  lifetime_outcomes={'won': 62, 'stalled': 2, 'truncated': 123, 'other': 0}  rss= 2660.5MB  (3926s)
step   162000/400000  eps=0.311  episodes=  188  mean_return=913.810  mean_loss=18.34007  mean_foundation= 15.0/52  lifetime_outcomes={'won': 62, 'stalled': 2, 'truncated': 124, 'other': 0}  rss= 2664.5MB  (3931s)
step   163000/400000  eps=0.307  episodes=  189  mean_return=508.571  mean_loss=18.56273  mean_foundation=  4.0/52  lifetime_outcomes={'won': 62, 'stalled': 2, 'truncated': 125, 'other': 0}  rss= 2666.5MB  (3936s)
step   164000/400000  eps=0.303  episodes=  190  mean_return=578.095  mean_loss=18.79250  mean_foundation=  4.0/52  lifetime_outcomes={'won': 62, 'stalled': 2, 'truncated': 126, 'other': 0}  rss= 2672.6MB  (3940s)
step   165000/400000  eps=0.299  episodes=  191  mean_return=827.619  mean_loss=18.97761  mean_foundation=  6.0/52  lifetime_outcomes={'won': 62, 'stalled': 2, 'truncated': 127, 'other': 0}  rss= 2676.6MB  (3945s)
step   166000/400000  eps=0.295  episodes=  192  mean_return=1527.143  mean_loss=18.25685  mean_foundation= 16.0/52  lifetime_outcomes={'won': 62, 'stalled': 2, 'truncated': 128, 'other': 0}  rss= 2680.6MB  (3949s)
step   167000/400000  eps=0.290  episodes=  193  mean_return=258.571  mean_loss=18.17949  mean_foundation=  5.0/52  lifetime_outcomes={'won': 62, 'stalled': 2, 'truncated': 129, 'other': 0}  rss= 2684.6MB  (3953s)
step   168000/400000  eps=0.286  episodes=  194  mean_return=1365.238  mean_loss=18.08151  mean_foundation= 14.0/52  lifetime_outcomes={'won': 62, 'stalled': 2, 'truncated': 130, 'other': 0}  rss= 2686.6MB  (3958s)
step   169000/400000  eps=0.282  episodes=  196  mean_return=4594.564  mean_loss=16.93313  mean_foundation= 31.5/52  lifetime_outcomes={'won': 63, 'stalled': 2, 'truncated': 131, 'other': 0}  rss= 2692.7MB  (3962s)
step   170000/400000  eps=0.278  episodes=  197  mean_return=2238.571  mean_loss=18.43368  mean_foundation= 38.0/52  lifetime_outcomes={'won': 63, 'stalled': 2, 'truncated': 132, 'other': 0}  rss= 2694.7MB  (3966s)
  EVAL  step   170000  win_rate=29.50%  mean_return=3105.654  mean_foundation= 24.8/52  mean_length=856.5  (greedy, 200 fixed deals)
step   171000/400000  eps=0.273  episodes=  198  mean_return=523.333  mean_loss=18.05872  mean_foundation=  4.0/52  lifetime_outcomes={'won': 63, 'stalled': 2, 'truncated': 133, 'other': 0}  rss= 2700.7MB  (4177s)
step   172000/400000  eps=0.269  episodes=  199  mean_return=976.190  mean_loss=17.09110  mean_foundation=  7.0/52  lifetime_outcomes={'won': 63, 'stalled': 2, 'truncated': 134, 'other': 0}  rss= 2702.8MB  (4181s)
step   173000/400000  eps=0.265  episodes=  201  mean_return=7942.673  mean_loss=17.09722  mean_foundation= 52.0/52  lifetime_outcomes={'won': 65, 'stalled': 2, 'truncated': 134, 'other': 0}  rss= 2706.8MB  (4185s)
step   174000/400000  eps=0.261  episodes=  202  mean_return=1010.952  mean_loss=16.20395  mean_foundation=  8.0/52  lifetime_outcomes={'won': 65, 'stalled': 2, 'truncated': 135, 'other': 0}  rss= 2710.8MB  (4190s)
step   175000/400000  eps=0.256  episodes=  203  mean_return=1839.048  mean_loss=16.03622  mean_foundation= 23.0/52  lifetime_outcomes={'won': 65, 'stalled': 2, 'truncated': 136, 'other': 0}  rss= 2714.8MB  (4194s)
step   176000/400000  eps=0.252  episodes=  204  mean_return=8022.642  mean_loss=16.64661  mean_foundation= 52.0/52  lifetime_outcomes={'won': 66, 'stalled': 2, 'truncated': 136, 'other': 0}  rss= 2720.9MB  (4198s)
step   177000/400000  eps=0.248  episodes=  205  mean_return=8024.657  mean_loss=16.66802  mean_foundation= 52.0/52  lifetime_outcomes={'won': 67, 'stalled': 2, 'truncated': 136, 'other': 0}  rss= 2722.9MB  (4203s)
step   178000/400000  eps=0.244  episodes=  206  mean_return=1367.619  mean_loss=16.46673  mean_foundation= 10.0/52  lifetime_outcomes={'won': 67, 'stalled': 2, 'truncated': 137, 'other': 0}  rss= 2726.9MB  (4207s)
step   179000/400000  eps=0.239  episodes=  207  mean_return=1260.000  mean_loss=16.08428  mean_foundation=  7.0/52  lifetime_outcomes={'won': 67, 'stalled': 2, 'truncated': 138, 'other': 0}  rss= 2730.9MB  (4211s)
step   180000/400000  eps=0.235  episodes=  208  mean_return=520.000  mean_loss=15.24134  mean_foundation=  9.0/52  lifetime_outcomes={'won': 67, 'stalled': 2, 'truncated': 139, 'other': 0}  rss= 2735.0MB  (4216s)
  EVAL  step   180000  win_rate=25.50%  mean_return=2832.050  mean_foundation= 23.4/52  mean_length=880.0  (greedy, 200 fixed deals)
step   181000/400000  eps=0.231  episodes=  210  mean_return=4455.903  mean_loss=15.21946  mean_foundation= 34.0/52  lifetime_outcomes={'won': 68, 'stalled': 2, 'truncated': 140, 'other': 0}  rss= 2739.0MB  (4435s)
step   182000/400000  eps=0.227  episodes=  211  mean_return=2400.952  mean_loss=15.04472  mean_foundation= 34.0/52  lifetime_outcomes={'won': 68, 'stalled': 2, 'truncated': 141, 'other': 0}  rss= 2743.0MB  (4440s)
step   183000/400000  eps=0.222  episodes=  212  mean_return=7814.584  mean_loss=14.94028  mean_foundation= 52.0/52  lifetime_outcomes={'won': 69, 'stalled': 2, 'truncated': 141, 'other': 0}  rss= 2749.1MB  (4444s)
step   184000/400000  eps=0.218  episodes=  213  mean_return=1312.857  mean_loss=14.91360  mean_foundation= 11.0/52  lifetime_outcomes={'won': 69, 'stalled': 2, 'truncated': 142, 'other': 0}  rss= 2751.1MB  (4448s)
step   185000/400000  eps=0.214  episodes=  214  mean_return=1559.524  mean_loss=15.29732  mean_foundation= 11.0/52  lifetime_outcomes={'won': 69, 'stalled': 2, 'truncated': 143, 'other': 0}  rss= 2755.1MB  (4453s)
step   186000/400000  eps=0.210  episodes=  215  mean_return=1018.095  mean_loss=14.79953  mean_foundation= 13.0/52  lifetime_outcomes={'won': 69, 'stalled': 2, 'truncated': 144, 'other': 0}  rss= 2759.1MB  (4457s)
step   187000/400000  eps=0.205  episodes=  216  mean_return=578.095  mean_loss=15.21458  mean_foundation=  8.0/52  lifetime_outcomes={'won': 69, 'stalled': 2, 'truncated': 145, 'other': 0}  rss= 2763.2MB  (4461s)
step   188000/400000  eps=0.201  episodes=  218  mean_return=7900.393  mean_loss=14.39811  mean_foundation= 52.0/52  lifetime_outcomes={'won': 71, 'stalled': 2, 'truncated': 145, 'other': 0}  rss= 2767.2MB  (4466s)
step   189000/400000  eps=0.197  episodes=  219  mean_return=744.762  mean_loss=14.76450  mean_foundation= 12.0/52  lifetime_outcomes={'won': 71, 'stalled': 2, 'truncated': 146, 'other': 0}  rss= 2771.2MB  (4470s)
step   190000/400000  eps=0.193  episodes=  220  mean_return=965.714  mean_loss=14.24321  mean_foundation=  8.0/52  lifetime_outcomes={'won': 71, 'stalled': 2, 'truncated': 147, 'other': 0}  rss= 2775.3MB  (4475s)
  EVAL  step   190000  win_rate=30.50%  mean_return=3056.677  mean_foundation= 23.8/52  mean_length=822.3  (greedy, 200 fixed deals)
step   191000/400000  eps=0.188  episodes=  221  mean_return=7838.040  mean_loss=13.80970  mean_foundation= 52.0/52  lifetime_outcomes={'won': 72, 'stalled': 2, 'truncated': 147, 'other': 0}  rss= 2779.4MB  (4688s)
step   192000/400000  eps=0.184  episodes=  222  mean_return=887.619  mean_loss=13.94528  mean_foundation=  1.0/52  lifetime_outcomes={'won': 72, 'stalled': 2, 'truncated': 148, 'other': 0}  rss= 2783.4MB  (4692s)
step   193000/400000  eps=0.180  episodes=  224  mean_return=4809.026  mean_loss=14.26915  mean_foundation= 34.5/52  lifetime_outcomes={'won': 73, 'stalled': 2, 'truncated': 149, 'other': 0}  rss= 2787.4MB  (4697s)
step   194000/400000  eps=0.175  episodes=  225  mean_return=1187.619  mean_loss=13.58830  mean_foundation= 17.0/52  lifetime_outcomes={'won': 73, 'stalled': 2, 'truncated': 150, 'other': 0}  rss= 2791.4MB  (4701s)
step   195000/400000  eps=0.171  episodes=  226  mean_return=7814.911  mean_loss=13.60021  mean_foundation= 52.0/52  lifetime_outcomes={'won': 74, 'stalled': 2, 'truncated': 150, 'other': 0}  rss= 2793.4MB  (4706s)
step   196000/400000  eps=0.167  episodes=  228  mean_return=4816.461  mean_loss=13.53202  mean_foundation= 38.0/52  lifetime_outcomes={'won': 75, 'stalled': 2, 'truncated': 151, 'other': 0}  rss= 2799.5MB  (4710s)
step   197000/400000  eps=0.163  episodes=  230  mean_return=7853.911  mean_loss=13.28497  mean_foundation= 52.0/52  lifetime_outcomes={'won': 77, 'stalled': 2, 'truncated': 151, 'other': 0}  rss= 2801.5MB  (4714s)
step   198000/400000  eps=0.158  episodes=  232  mean_return=4116.940  mean_loss=13.22257  mean_foundation= 29.0/52  lifetime_outcomes={'won': 78, 'stalled': 2, 'truncated': 152, 'other': 0}  rss= 2806.0MB  (4719s)
step   199000/400000  eps=0.154  episodes=  233  mean_return=468.095  mean_loss=13.17226  mean_foundation=  7.0/52  lifetime_outcomes={'won': 78, 'stalled': 2, 'truncated': 153, 'other': 0}  rss= 2808.6MB  (4723s)
step   200000/400000  eps=0.150  episodes=  234  mean_return=2250.952  mean_loss=12.98561  mean_foundation= 38.0/52  lifetime_outcomes={'won': 78, 'stalled': 2, 'truncated': 154, 'other': 0}  rss= 2810.5MB  (4728s)
  EVAL  step   200000  win_rate=34.50%  mean_return=3425.308  mean_foundation= 26.2/52  mean_length=835.2  (greedy, 200 fixed deals)
step   201000/400000  eps=0.150  episodes=  235  mean_return=559.524  mean_loss=13.07832  mean_foundation=  9.0/52  lifetime_outcomes={'won': 78, 'stalled': 2, 'truncated': 155, 'other': 0}  rss= 2810.5MB  (4936s)
step   202000/400000  eps=0.150  episodes=  236  mean_return=587.619  mean_loss=12.88701  mean_foundation=  7.0/52  lifetime_outcomes={'won': 78, 'stalled': 2, 'truncated': 156, 'other': 0}  rss= 2810.5MB  (4942s)
step   203000/400000  eps=0.150  episodes=  237  mean_return=7885.998  mean_loss=12.76540  mean_foundation= 52.0/52  lifetime_outcomes={'won': 79, 'stalled': 2, 'truncated': 156, 'other': 0}  rss= 2810.5MB  (4947s)
step   204000/400000  eps=0.150  episodes=  238  mean_return=2276.190  mean_loss=12.76286  mean_foundation= 36.0/52  lifetime_outcomes={'won': 79, 'stalled': 2, 'truncated': 157, 'other': 0}  rss= 2810.5MB  (4953s)
step   205000/400000  eps=0.150  episodes=  239  mean_return=1094.286  mean_loss=13.02716  mean_foundation= 12.0/52  lifetime_outcomes={'won': 79, 'stalled': 2, 'truncated': 158, 'other': 0}  rss= 2810.5MB  (4958s)
step   206000/400000  eps=0.150  episodes=  241  mean_return=4150.172  mean_loss=12.43134  mean_foundation= 30.5/52  lifetime_outcomes={'won': 80, 'stalled': 2, 'truncated': 159, 'other': 0}  rss= 2810.5MB  (4962s)
step   207000/400000  eps=0.150  episodes=  242  mean_return=7890.352  mean_loss=12.57057  mean_foundation= 52.0/52  lifetime_outcomes={'won': 81, 'stalled': 2, 'truncated': 159, 'other': 0}  rss= 2810.5MB  (4966s)
step   208000/400000  eps=0.150  episodes=  243  mean_return=273.810  mean_loss=13.22173  mean_foundation=  4.0/52  lifetime_outcomes={'won': 81, 'stalled': 2, 'truncated': 160, 'other': 0}  rss= 2810.5MB  (4971s)
step   209000/400000  eps=0.150  episodes=  245  mean_return=4731.213  mean_loss=12.31194  mean_foundation= 34.5/52  lifetime_outcomes={'won': 82, 'stalled': 2, 'truncated': 161, 'other': 0}  rss= 2810.5MB  (4975s)
step   210000/400000  eps=0.150  episodes=  246  mean_return=195.714  mean_loss=11.84299  mean_foundation=  6.0/52  lifetime_outcomes={'won': 82, 'stalled': 2, 'truncated': 162, 'other': 0}  rss= 2810.5MB  (4979s)
  EVAL  step   210000  win_rate=35.00%  mean_return=3454.590  mean_foundation= 26.5/52  mean_length=856.3  (greedy, 200 fixed deals)
step   211000/400000  eps=0.150  episodes=  248  mean_return=4570.491  mean_loss=12.01925  mean_foundation= 32.0/52  lifetime_outcomes={'won': 83, 'stalled': 2, 'truncated': 163, 'other': 0}  rss= 2810.5MB  (5189s)
step   212000/400000  eps=0.150  episodes=  249  mean_return=7917.623  mean_loss=12.20260  mean_foundation= 52.0/52  lifetime_outcomes={'won': 84, 'stalled': 2, 'truncated': 163, 'other': 0}  rss= 2810.5MB  (5193s)
step   213000/400000  eps=0.150  episodes=  251  mean_return=4031.174  mean_loss=11.89358  mean_foundation= 27.5/52  lifetime_outcomes={'won': 85, 'stalled': 2, 'truncated': 164, 'other': 0}  rss= 2810.5MB  (5197s)
step   214000/400000  eps=0.150  episodes=  252  mean_return=7989.250  mean_loss=12.37193  mean_foundation= 52.0/52  lifetime_outcomes={'won': 86, 'stalled': 2, 'truncated': 164, 'other': 0}  rss= 2810.5MB  (5202s)
step   215000/400000  eps=0.150  episodes=  253  mean_return=535.714  mean_loss=11.58461  mean_foundation=  2.0/52  lifetime_outcomes={'won': 86, 'stalled': 2, 'truncated': 165, 'other': 0}  rss= 2810.5MB  (5206s)
step   216000/400000  eps=0.150  episodes=  254  mean_return=1084.286  mean_loss=11.34702  mean_foundation=  7.0/52  lifetime_outcomes={'won': 86, 'stalled': 2, 'truncated': 166, 'other': 0}  rss= 2810.5MB  (5210s)
step   217000/400000  eps=0.150  episodes=  256  mean_return=7904.709  mean_loss=11.29755  mean_foundation= 52.0/52  lifetime_outcomes={'won': 88, 'stalled': 2, 'truncated': 166, 'other': 0}  rss= 2810.5MB  (5215s)
step   218000/400000  eps=0.150  episodes=  258  mean_return=7887.095  mean_loss=11.35732  mean_foundation= 52.0/52  lifetime_outcomes={'won': 90, 'stalled': 2, 'truncated': 166, 'other': 0}  rss= 2810.5MB  (5221s)
step   219000/400000  eps=0.150  episodes=  259  mean_return=290.000  mean_loss=11.57953  mean_foundation=  3.0/52  lifetime_outcomes={'won': 90, 'stalled': 2, 'truncated': 167, 'other': 0}  rss= 2810.5MB  (5226s)
step   220000/400000  eps=0.150  episodes=  260  mean_return=7891.287  mean_loss=11.18518  mean_foundation= 52.0/52  lifetime_outcomes={'won': 91, 'stalled': 2, 'truncated': 167, 'other': 0}  rss= 2810.5MB  (5232s)
  EVAL  step   220000  win_rate=30.00%  mean_return=3075.626  mean_foundation= 24.3/52  mean_length=815.8  (greedy, 200 fixed deals)
step   221000/400000  eps=0.150  episodes=  261  mean_return=751.905  mean_loss=11.40765  mean_foundation= 12.0/52  lifetime_outcomes={'won': 91, 'stalled': 2, 'truncated': 168, 'other': 0}  rss= 2817.1MB  (5437s)
step   222000/400000  eps=0.150  episodes=  263  mean_return=4879.695  mean_loss=11.68879  mean_foundation= 36.5/52  lifetime_outcomes={'won': 92, 'stalled': 2, 'truncated': 169, 'other': 0}  rss= 2817.1MB  (5441s)
step   223000/400000  eps=0.150  episodes=  265  mean_return=4460.421  mean_loss=11.05298  mean_foundation= 30.5/52  lifetime_outcomes={'won': 93, 'stalled': 2, 'truncated': 170, 'other': 0}  rss= 2817.1MB  (5446s)
step   224000/400000  eps=0.150  episodes=  266  mean_return=1245.238  mean_loss=11.23318  mean_foundation=  8.0/52  lifetime_outcomes={'won': 93, 'stalled': 2, 'truncated': 171, 'other': 0}  rss= 2817.1MB  (5450s)
step   225000/400000  eps=0.150  episodes=  267  mean_return=2005.238  mean_loss=10.93220  mean_foundation= 34.0/52  lifetime_outcomes={'won': 93, 'stalled': 2, 'truncated': 172, 'other': 0}  rss= 2817.1MB  (5455s)
step   226000/400000  eps=0.150  episodes=  268  mean_return=7809.107  mean_loss=10.84548  mean_foundation= 52.0/52  lifetime_outcomes={'won': 94, 'stalled': 2, 'truncated': 172, 'other': 0}  rss= 2817.1MB  (5459s)
step   227000/400000  eps=0.150  episodes=  269  mean_return=1462.857  mean_loss=10.86325  mean_foundation= 12.0/52  lifetime_outcomes={'won': 94, 'stalled': 2, 'truncated': 173, 'other': 0}  rss= 2817.1MB  (5463s)
step   228000/400000  eps=0.150  episodes=  270  mean_return=7996.163  mean_loss=10.58927  mean_foundation= 52.0/52  lifetime_outcomes={'won': 95, 'stalled': 2, 'truncated': 173, 'other': 0}  rss= 2817.1MB  (5468s)
step   229000/400000  eps=0.150  episodes=  271  mean_return=1066.190  mean_loss=10.57144  mean_foundation=  7.0/52  lifetime_outcomes={'won': 95, 'stalled': 2, 'truncated': 174, 'other': 0}  rss= 2817.1MB  (5472s)
step   230000/400000  eps=0.150  episodes=  274  mean_return=5543.195  mean_loss=10.87341  mean_foundation= 37.0/52  lifetime_outcomes={'won': 97, 'stalled': 2, 'truncated': 175, 'other': 0}  rss= 2817.1MB  (5477s)
  EVAL  step   230000  win_rate=22.50%  mean_return=2687.481  mean_foundation= 22.1/52  mean_length=901.4  (greedy, 200 fixed deals)
step   231000/400000  eps=0.150  episodes=  275  mean_return=1963.333  mean_loss=10.82447  mean_foundation= 28.0/52  lifetime_outcomes={'won': 97, 'stalled': 2, 'truncated': 176, 'other': 0}  rss= 2817.1MB  (5693s)
step   232000/400000  eps=0.150  episodes=  276  mean_return=1179.048  mean_loss=10.43061  mean_foundation= 15.0/52  lifetime_outcomes={'won': 97, 'stalled': 2, 'truncated': 177, 'other': 0}  rss= 2817.1MB  (5697s)
step   233000/400000  eps=0.150  episodes=  277  mean_return=7927.745  mean_loss=10.74965  mean_foundation= 52.0/52  lifetime_outcomes={'won': 98, 'stalled': 2, 'truncated': 177, 'other': 0}  rss= 2817.1MB  (5702s)
step   234000/400000  eps=0.150  episodes=  278  mean_return=7970.746  mean_loss=10.51403  mean_foundation= 52.0/52  lifetime_outcomes={'won': 99, 'stalled': 2, 'truncated': 177, 'other': 0}  rss= 2817.1MB  (5706s)
step   235000/400000  eps=0.150  episodes=  280  mean_return=4176.001  mean_loss=10.14175  mean_foundation= 28.0/52  lifetime_outcomes={'won': 100, 'stalled': 2, 'truncated': 178, 'other': 0}  rss= 2817.1MB  (5711s)
step   236000/400000  eps=0.150  episodes=  281  mean_return=1299.048  mean_loss=10.05989  mean_foundation= 10.0/52  lifetime_outcomes={'won': 100, 'stalled': 2, 'truncated': 179, 'other': 0}  rss= 2817.1MB  (5715s)
step   237000/400000  eps=0.150  episodes=  282  mean_return=7943.220  mean_loss= 9.77612  mean_foundation= 52.0/52  lifetime_outcomes={'won': 101, 'stalled': 2, 'truncated': 179, 'other': 0}  rss= 2817.1MB  (5720s)
step   238000/400000  eps=0.150  episodes=  283  mean_return=1369.048  mean_loss=10.12917  mean_foundation= 12.0/52  lifetime_outcomes={'won': 101, 'stalled': 2, 'truncated': 180, 'other': 0}  rss= 2817.1MB  (5724s)
step   239000/400000  eps=0.150  episodes=  284  mean_return=362.857  mean_loss= 9.60528  mean_foundation=  2.0/52  lifetime_outcomes={'won': 101, 'stalled': 2, 'truncated': 181, 'other': 0}  rss= 2817.1MB  (5728s)
step   240000/400000  eps=0.150  episodes=  285  mean_return=1755.238  mean_loss=10.45881  mean_foundation= 21.0/52  lifetime_outcomes={'won': 101, 'stalled': 2, 'truncated': 182, 'other': 0}  rss= 2817.1MB  (5733s)
  EVAL  step   240000  win_rate=37.50%  mean_return=3602.145  mean_foundation= 27.2/52  mean_length=790.2  (greedy, 200 fixed deals)
step   241000/400000  eps=0.150  episodes=  286  mean_return=421.905  mean_loss= 9.83323  mean_foundation=  9.0/52  lifetime_outcomes={'won': 101, 'stalled': 2, 'truncated': 183, 'other': 0}  rss= 2817.1MB  (5928s)
step   242000/400000  eps=0.150  episodes=  287  mean_return=515.238  mean_loss= 9.49861  mean_foundation=  5.0/52  lifetime_outcomes={'won': 101, 'stalled': 2, 'truncated': 184, 'other': 0}  rss= 2817.1MB  (5932s)
step   243000/400000  eps=0.150  episodes=  289  mean_return=4156.703  mean_loss= 9.34114  mean_foundation= 28.5/52  lifetime_outcomes={'won': 102, 'stalled': 2, 'truncated': 185, 'other': 0}  rss= 2817.1MB  (5937s)
step   244000/400000  eps=0.150  episodes=  290  mean_return=886.190  mean_loss= 9.14257  mean_foundation=  3.0/52  lifetime_outcomes={'won': 102, 'stalled': 2, 'truncated': 186, 'other': 0}  rss= 2817.1MB  (5941s)
step   245000/400000  eps=0.150  episodes=  291  mean_return=7883.892  mean_loss= 9.09413  mean_foundation= 52.0/52  lifetime_outcomes={'won': 103, 'stalled': 2, 'truncated': 186, 'other': 0}  rss= 2817.1MB  (5945s)
step   246000/400000  eps=0.150  episodes=  292  mean_return=2210.000  mean_loss= 8.88282  mean_foundation= 31.0/52  lifetime_outcomes={'won': 103, 'stalled': 2, 'truncated': 187, 'other': 0}  rss= 2817.1MB  (5950s)
step   247000/400000  eps=0.150  episodes=  293  mean_return=852.381  mean_loss= 9.35120  mean_foundation= 11.0/52  lifetime_outcomes={'won': 103, 'stalled': 2, 'truncated': 188, 'other': 0}  rss= 2817.1MB  (5954s)
step   248000/400000  eps=0.150  episodes=  294  mean_return=1296.667  mean_loss= 8.84574  mean_foundation= 12.0/52  lifetime_outcomes={'won': 103, 'stalled': 2, 'truncated': 189, 'other': 0}  rss= 2817.1MB  (5958s)
step   249000/400000  eps=0.150  episodes=  295  mean_return=943.333  mean_loss= 9.09409  mean_foundation=  8.0/52  lifetime_outcomes={'won': 103, 'stalled': 2, 'truncated': 190, 'other': 0}  rss= 2817.1MB  (5963s)
step   250000/400000  eps=0.150  episodes=  297  mean_return=4288.335  mean_loss= 8.77819  mean_foundation= 31.0/52  lifetime_outcomes={'won': 104, 'stalled': 2, 'truncated': 191, 'other': 0}  rss= 2817.1MB  (5967s)
  EVAL  step   250000  win_rate=32.00%  mean_return=3312.924  mean_foundation= 26.2/52  mean_length=870.0  (greedy, 200 fixed deals)
step   251000/400000  eps=0.150  episodes=  298  mean_return=820.952  mean_loss= 8.78439  mean_foundation=  8.0/52  lifetime_outcomes={'won': 104, 'stalled': 2, 'truncated': 192, 'other': 0}  rss= 2817.1MB  (6184s)
step   252000/400000  eps=0.150  episodes=  299  mean_return=7906.257  mean_loss= 8.91317  mean_foundation= 52.0/52  lifetime_outcomes={'won': 105, 'stalled': 2, 'truncated': 192, 'other': 0}  rss= 2817.1MB  (6189s)
step   253000/400000  eps=0.150  episodes=  300  mean_return=1551.429  mean_loss= 8.78714  mean_foundation= 17.0/52  lifetime_outcomes={'won': 105, 'stalled': 2, 'truncated': 193, 'other': 0}  rss= 2817.1MB  (6194s)
step   254000/400000  eps=0.150  episodes=  301  mean_return=807.143  mean_loss= 8.46646  mean_foundation= 14.0/52  lifetime_outcomes={'won': 105, 'stalled': 2, 'truncated': 194, 'other': 0}  rss= 2817.1MB  (6199s)
step   255000/400000  eps=0.150  episodes=  302  mean_return=843.333  mean_loss= 8.18729  mean_foundation=  7.0/52  lifetime_outcomes={'won': 105, 'stalled': 2, 'truncated': 195, 'other': 0}  rss= 2817.1MB  (6205s)
step   256000/400000  eps=0.150  episodes=  303  mean_return=219.524  mean_loss= 8.67707  mean_foundation=  3.0/52  lifetime_outcomes={'won': 105, 'stalled': 2, 'truncated': 196, 'other': 0}  rss= 2817.1MB  (6210s)
step   257000/400000  eps=0.150  episodes=  304  mean_return=1714.286  mean_loss= 8.03976  mean_foundation= 29.0/52  lifetime_outcomes={'won': 105, 'stalled': 2, 'truncated': 197, 'other': 0}  rss= 2817.1MB  (6215s)
step   258000/400000  eps=0.150  episodes=  305  mean_return=1012.857  mean_loss= 8.33454  mean_foundation=  8.0/52  lifetime_outcomes={'won': 105, 'stalled': 2, 'truncated': 198, 'other': 0}  rss= 2817.1MB  (6220s)
step   259000/400000  eps=0.150  episodes=  306  mean_return=616.667  mean_loss= 8.01558  mean_foundation=  6.0/52  lifetime_outcomes={'won': 105, 'stalled': 2, 'truncated': 199, 'other': 0}  rss= 2817.1MB  (6224s)
step   260000/400000  eps=0.150  episodes=  307  mean_return=681.905  mean_loss= 7.94090  mean_foundation= 10.0/52  lifetime_outcomes={'won': 105, 'stalled': 2, 'truncated': 200, 'other': 0}  rss= 2817.1MB  (6228s)
  EVAL  step   260000  win_rate=25.50%  mean_return=2939.983  mean_foundation= 24.4/52  mean_length=898.2  (greedy, 200 fixed deals)
step   261000/400000  eps=0.150  episodes=  308  mean_return=626.667  mean_loss= 7.94448  mean_foundation=  7.0/52  lifetime_outcomes={'won': 105, 'stalled': 2, 'truncated': 201, 'other': 0}  rss= 2817.1MB  (6435s)
step   262000/400000  eps=0.150  episodes=  309  mean_return=1161.429  mean_loss= 7.50358  mean_foundation= 12.0/52  lifetime_outcomes={'won': 105, 'stalled': 2, 'truncated': 202, 'other': 0}  rss= 2817.1MB  (6440s)
step   263000/400000  eps=0.150  episodes=  310  mean_return=1249.048  mean_loss= 7.67413  mean_foundation= 10.0/52  lifetime_outcomes={'won': 105, 'stalled': 2, 'truncated': 203, 'other': 0}  rss= 2817.1MB  (6445s)
step   264000/400000  eps=0.150  episodes=  312  mean_return=4201.083  mean_loss= 7.44793  mean_foundation= 27.5/52  lifetime_outcomes={'won': 106, 'stalled': 2, 'truncated': 204, 'other': 0}  rss= 2817.1MB  (6450s)
step   265000/400000  eps=0.150  episodes=  313  mean_return=1146.190  mean_loss= 7.73792  mean_foundation=  6.0/52  lifetime_outcomes={'won': 106, 'stalled': 2, 'truncated': 205, 'other': 0}  rss= 2817.1MB  (6455s)
step   266000/400000  eps=0.150  episodes=  314  mean_return=7905.065  mean_loss= 7.67796  mean_foundation= 52.0/52  lifetime_outcomes={'won': 107, 'stalled': 2, 'truncated': 205, 'other': 0}  rss= 2817.1MB  (6460s)
step   267000/400000  eps=0.150  episodes=  316  mean_return=4750.621  mean_loss= 7.31853  mean_foundation= 35.0/52  lifetime_outcomes={'won': 108, 'stalled': 2, 'truncated': 206, 'other': 0}  rss= 2817.1MB  (6464s)
step   268000/400000  eps=0.150  episodes=  317  mean_return=947.619  mean_loss= 7.24409  mean_foundation= 16.0/52  lifetime_outcomes={'won': 108, 'stalled': 2, 'truncated': 207, 'other': 0}  rss= 2817.1MB  (6468s)
step   269000/400000  eps=0.150  episodes=  318  mean_return=7659.508  mean_loss= 7.06550  mean_foundation= 52.0/52  lifetime_outcomes={'won': 109, 'stalled': 2, 'truncated': 207, 'other': 0}  rss= 2817.1MB  (6473s)
step   270000/400000  eps=0.150  episodes=  319  mean_return=7923.147  mean_loss= 7.10579  mean_foundation= 52.0/52  lifetime_outcomes={'won': 110, 'stalled': 2, 'truncated': 207, 'other': 0}  rss= 2817.1MB  (6477s)
  EVAL  step   270000  win_rate=35.00%  mean_return=3452.977  mean_foundation= 26.4/52  mean_length=822.7  (greedy, 200 fixed deals)
step   271000/400000  eps=0.150  episodes=  320  mean_return=973.810  mean_loss= 7.18690  mean_foundation=  3.0/52  lifetime_outcomes={'won': 110, 'stalled': 2, 'truncated': 208, 'other': 0}  rss= 2817.1MB  (6671s)
step   272000/400000  eps=0.150  episodes=  322  mean_return=4360.554  mean_loss= 7.29540  mean_foundation= 30.5/52  lifetime_outcomes={'won': 111, 'stalled': 2, 'truncated': 209, 'other': 0}  rss= 2817.1MB  (6676s)
step   273000/400000  eps=0.150  episodes=  323  mean_return=1313.810  mean_loss= 6.98906  mean_foundation= 17.0/52  lifetime_outcomes={'won': 111, 'stalled': 2, 'truncated': 210, 'other': 0}  rss= 2817.1MB  (6681s)
step   274000/400000  eps=0.150  episodes=  324  mean_return=500.476  mean_loss= 6.80216  mean_foundation=  5.0/52  lifetime_outcomes={'won': 111, 'stalled': 2, 'truncated': 211, 'other': 0}  rss= 2817.1MB  (6686s)
step   275000/400000  eps=0.150  episodes=  325  mean_return=2072.857  mean_loss= 6.83033  mean_foundation= 30.0/52  lifetime_outcomes={'won': 111, 'stalled': 2, 'truncated': 212, 'other': 0}  rss= 2817.1MB  (6691s)
step   276000/400000  eps=0.150  episodes=  326  mean_return=7913.761  mean_loss= 6.60346  mean_foundation= 52.0/52  lifetime_outcomes={'won': 112, 'stalled': 2, 'truncated': 212, 'other': 0}  rss= 2817.1MB  (6696s)
step   277000/400000  eps=0.150  episodes=  327  mean_return=7903.360  mean_loss= 6.62657  mean_foundation= 52.0/52  lifetime_outcomes={'won': 113, 'stalled': 2, 'truncated': 212, 'other': 0}  rss= 2817.1MB  (6701s)
step   278000/400000  eps=0.150  episodes=  328  mean_return=899.524  mean_loss= 6.83288  mean_foundation=  4.0/52  lifetime_outcomes={'won': 113, 'stalled': 2, 'truncated': 213, 'other': 0}  rss= 2817.1MB  (6705s)
step   279000/400000  eps=0.150  episodes=  329  mean_return=1154.286  mean_loss= 6.73061  mean_foundation= 24.0/52  lifetime_outcomes={'won': 113, 'stalled': 2, 'truncated': 214, 'other': 0}  rss= 2817.1MB  (6709s)
step   280000/400000  eps=0.150  episodes=  332  mean_return=5503.629  mean_loss= 6.63658  mean_foundation= 38.7/52  lifetime_outcomes={'won': 115, 'stalled': 2, 'truncated': 215, 'other': 0}  rss= 2817.1MB  (6714s)
  EVAL  step   280000  win_rate=33.00%  mean_return=3290.786  mean_foundation= 25.6/52  mean_length=819.3  (greedy, 200 fixed deals)
step   281000/400000  eps=0.150  episodes=  333  mean_return=7895.074  mean_loss= 6.43220  mean_foundation= 52.0/52  lifetime_outcomes={'won': 116, 'stalled': 2, 'truncated': 215, 'other': 0}  rss= 2817.1MB  (6902s)
step   282000/400000  eps=0.150  episodes=  334  mean_return=1848.095  mean_loss= 6.32837  mean_foundation= 31.0/52  lifetime_outcomes={'won': 116, 'stalled': 2, 'truncated': 216, 'other': 0}  rss= 2817.1MB  (6907s)
step   283000/400000  eps=0.150  episodes=  335  mean_return=415.714  mean_loss= 6.27514  mean_foundation=  6.0/52  lifetime_outcomes={'won': 116, 'stalled': 2, 'truncated': 217, 'other': 0}  rss= 2817.1MB  (6911s)
step   284000/400000  eps=0.150  episodes=  336  mean_return=1900.476  mean_loss= 6.36926  mean_foundation= 22.0/52  lifetime_outcomes={'won': 116, 'stalled': 2, 'truncated': 218, 'other': 0}  rss= 2817.1MB  (6915s)
step   285000/400000  eps=0.150  episodes=  337  mean_return=1348.095  mean_loss= 6.56471  mean_foundation= 13.0/52  lifetime_outcomes={'won': 116, 'stalled': 2, 'truncated': 219, 'other': 0}  rss= 2817.1MB  (6920s)
step   286000/400000  eps=0.150  episodes=  338  mean_return=7997.143  mean_loss= 6.33939  mean_foundation= 52.0/52  lifetime_outcomes={'won': 117, 'stalled': 2, 'truncated': 219, 'other': 0}  rss= 2817.1MB  (6924s)
step   287000/400000  eps=0.150  episodes=  339  mean_return=1560.000  mean_loss= 6.16366  mean_foundation= 12.0/52  lifetime_outcomes={'won': 117, 'stalled': 2, 'truncated': 220, 'other': 0}  rss= 2817.1MB  (6928s)
step   288000/400000  eps=0.150  episodes=  342  mean_return=5511.100  mean_loss= 6.13645  mean_foundation= 36.0/52  lifetime_outcomes={'won': 119, 'stalled': 2, 'truncated': 221, 'other': 0}  rss= 2817.1MB  (6933s)
step   289000/400000  eps=0.150  episodes=  343  mean_return=7968.347  mean_loss= 6.23216  mean_foundation= 52.0/52  lifetime_outcomes={'won': 120, 'stalled': 2, 'truncated': 221, 'other': 0}  rss= 2817.1MB  (6937s)
step   290000/400000  eps=0.150  episodes=  344  mean_return=1184.762  mean_loss= 6.28244  mean_foundation= 11.0/52  lifetime_outcomes={'won': 120, 'stalled': 2, 'truncated': 222, 'other': 0}  rss= 2817.1MB  (6941s)
  EVAL  step   290000  win_rate=38.00%  mean_return=3639.987  mean_foundation= 27.4/52  mean_length=803.5  (greedy, 200 fixed deals)
step   291000/400000  eps=0.150  episodes=  345  mean_return=1579.524  mean_loss= 6.04685  mean_foundation= 22.0/52  lifetime_outcomes={'won': 120, 'stalled': 2, 'truncated': 223, 'other': 0}  rss= 2817.1MB  (7143s)
step   292000/400000  eps=0.150  episodes=  346  mean_return=1184.286  mean_loss= 5.83563  mean_foundation=  5.0/52  lifetime_outcomes={'won': 120, 'stalled': 2, 'truncated': 224, 'other': 0}  rss= 2817.1MB  (7148s)
step   293000/400000  eps=0.150  episodes=  348  mean_return=4661.619  mean_loss= 5.88711  mean_foundation= 35.5/52  lifetime_outcomes={'won': 121, 'stalled': 2, 'truncated': 225, 'other': 0}  rss= 2817.1MB  (7154s)
step   294000/400000  eps=0.150  episodes=  349  mean_return=7940.806  mean_loss= 5.85910  mean_foundation= 52.0/52  lifetime_outcomes={'won': 122, 'stalled': 2, 'truncated': 225, 'other': 0}  rss= 2817.1MB  (7159s)
step   295000/400000  eps=0.150  episodes=  350  mean_return=1338.571  mean_loss= 5.95100  mean_foundation=  8.0/52  lifetime_outcomes={'won': 122, 'stalled': 2, 'truncated': 226, 'other': 0}  rss= 2817.1MB  (7164s)
step   296000/400000  eps=0.150  episodes=  351  mean_return=1518.095  mean_loss= 5.34877  mean_foundation= 21.0/52  lifetime_outcomes={'won': 122, 'stalled': 2, 'truncated': 227, 'other': 0}  rss= 2817.1MB  (7170s)
step   297000/400000  eps=0.150  episodes=  353  mean_return=4212.104  mean_loss= 5.43277  mean_foundation= 29.0/52  lifetime_outcomes={'won': 123, 'stalled': 2, 'truncated': 228, 'other': 0}  rss= 2817.1MB  (7175s)
step   298000/400000  eps=0.150  episodes=  354  mean_return=427.619  mean_loss= 5.48846  mean_foundation=  7.0/52  lifetime_outcomes={'won': 123, 'stalled': 2, 'truncated': 229, 'other': 0}  rss= 2817.1MB  (7179s)
step   299000/400000  eps=0.150  episodes=  355  mean_return=1836.190  mean_loss= 5.56475  mean_foundation= 21.0/52  lifetime_outcomes={'won': 123, 'stalled': 2, 'truncated': 230, 'other': 0}  rss= 2817.1MB  (7184s)
step   300000/400000  eps=0.150  episodes=  356  mean_return=1808.095  mean_loss= 5.35825  mean_foundation= 28.0/52  lifetime_outcomes={'won': 123, 'stalled': 2, 'truncated': 231, 'other': 0}  rss= 2817.1MB  (7188s)
  EVAL  step   300000  win_rate=31.00%  mean_return=3251.397  mean_foundation= 26.0/52  mean_length=871.8  (greedy, 200 fixed deals)
step   301000/400000  eps=0.150  episodes=  357  mean_return=7924.620  mean_loss= 5.48170  mean_foundation= 52.0/52  lifetime_outcomes={'won': 124, 'stalled': 2, 'truncated': 231, 'other': 0}  rss= 2817.1MB  (7394s)
step   302000/400000  eps=0.150  episodes=  359  mean_return=4770.884  mean_loss= 5.09622  mean_foundation= 34.5/52  lifetime_outcomes={'won': 125, 'stalled': 2, 'truncated': 232, 'other': 0}  rss= 2817.1MB  (7400s)
step   303000/400000  eps=0.150  episodes=  360  mean_return=1337.619  mean_loss= 5.12014  mean_foundation= 16.0/52  lifetime_outcomes={'won': 125, 'stalled': 2, 'truncated': 233, 'other': 0}  rss= 2817.1MB  (7405s)
step   304000/400000  eps=0.150  episodes=  361  mean_return=899.524  mean_loss= 5.18798  mean_foundation=  7.0/52  lifetime_outcomes={'won': 125, 'stalled': 2, 'truncated': 234, 'other': 0}  rss= 2817.1MB  (7410s)
step   305000/400000  eps=0.150  episodes=  362  mean_return=1427.619  mean_loss= 5.30452  mean_foundation= 20.0/52  lifetime_outcomes={'won': 125, 'stalled': 2, 'truncated': 235, 'other': 0}  rss= 2817.1MB  (7416s)
step   306000/400000  eps=0.150  episodes=  363  mean_return=1994.286  mean_loss= 5.11406  mean_foundation= 29.0/52  lifetime_outcomes={'won': 125, 'stalled': 2, 'truncated': 236, 'other': 0}  rss= 2817.1MB  (7420s)
step   307000/400000  eps=0.150  episodes=  364  mean_return=443.810  mean_loss= 5.12701  mean_foundation=  7.0/52  lifetime_outcomes={'won': 125, 'stalled': 2, 'truncated': 237, 'other': 0}  rss= 2817.1MB  (7424s)
step   308000/400000  eps=0.150  episodes=  365  mean_return=2150.476  mean_loss= 5.09093  mean_foundation= 31.0/52  lifetime_outcomes={'won': 125, 'stalled': 2, 'truncated': 238, 'other': 0}  rss= 2817.1MB  (7428s)
step   309000/400000  eps=0.150  episodes=  366  mean_return=7876.699  mean_loss= 5.10689  mean_foundation= 52.0/52  lifetime_outcomes={'won': 126, 'stalled': 2, 'truncated': 238, 'other': 0}  rss= 2817.1MB  (7433s)
step   310000/400000  eps=0.150  episodes=  367  mean_return=467.619  mean_loss= 4.95643  mean_foundation=  3.0/52  lifetime_outcomes={'won': 126, 'stalled': 2, 'truncated': 239, 'other': 0}  rss= 2817.1MB  (7437s)
  EVAL  step   310000  win_rate=33.50%  mean_return=3386.327  mean_foundation= 26.3/52  mean_length=821.9  (greedy, 200 fixed deals)
step   311000/400000  eps=0.150  episodes=  368  mean_return=723.333  mean_loss= 4.98316  mean_foundation=  6.0/52  lifetime_outcomes={'won': 126, 'stalled': 2, 'truncated': 240, 'other': 0}  rss= 2817.1MB  (7631s)
step   312000/400000  eps=0.150  episodes=  370  mean_return=4190.940  mean_loss= 4.91344  mean_foundation= 30.5/52  lifetime_outcomes={'won': 127, 'stalled': 2, 'truncated': 241, 'other': 0}  rss= 2817.1MB  (7637s)
step   313000/400000  eps=0.150  episodes=  372  mean_return=7808.128  mean_loss= 4.81109  mean_foundation= 52.0/52  lifetime_outcomes={'won': 129, 'stalled': 2, 'truncated': 241, 'other': 0}  rss= 2817.1MB  (7642s)
step   314000/400000  eps=0.150  episodes=  373  mean_return=7963.615  mean_loss= 5.01979  mean_foundation= 52.0/52  lifetime_outcomes={'won': 130, 'stalled': 2, 'truncated': 241, 'other': 0}  rss= 2817.1MB  (7647s)
step   315000/400000  eps=0.150  episodes=  374  mean_return=849.524  mean_loss= 4.87955  mean_foundation=  9.0/52  lifetime_outcomes={'won': 130, 'stalled': 2, 'truncated': 242, 'other': 0}  rss= 2817.1MB  (7652s)
step   316000/400000  eps=0.150  episodes=  375  mean_return=1219.048  mean_loss= 4.68708  mean_foundation=  4.0/52  lifetime_outcomes={'won': 130, 'stalled': 2, 'truncated': 243, 'other': 0}  rss= 2817.1MB  (7657s)
step   317000/400000  eps=0.150  episodes=  377  mean_return=7918.201  mean_loss= 4.66805  mean_foundation= 52.0/52  lifetime_outcomes={'won': 132, 'stalled': 2, 'truncated': 243, 'other': 0}  rss= 2817.1MB  (7661s)
step   318000/400000  eps=0.150  episodes=  378  mean_return=7914.854  mean_loss= 4.60210  mean_foundation= 52.0/52  lifetime_outcomes={'won': 133, 'stalled': 2, 'truncated': 243, 'other': 0}  rss= 2817.1MB  (7666s)
step   319000/400000  eps=0.150  episodes=  380  mean_return=7945.681  mean_loss= 4.63066  mean_foundation= 52.0/52  lifetime_outcomes={'won': 135, 'stalled': 2, 'truncated': 243, 'other': 0}  rss= 2817.1MB  (7670s)
step   320000/400000  eps=0.150  episodes=  381  mean_return=870.952  mean_loss= 4.80805  mean_foundation=  8.0/52  lifetime_outcomes={'won': 135, 'stalled': 2, 'truncated': 244, 'other': 0}  rss= 2817.1MB  (7674s)
  EVAL  step   320000  win_rate=25.50%  mean_return=2908.675  mean_foundation= 24.1/52  mean_length=882.7  (greedy, 200 fixed deals)
step   321000/400000  eps=0.150  episodes=  383  mean_return=7882.164  mean_loss= 4.61375  mean_foundation= 52.0/52  lifetime_outcomes={'won': 137, 'stalled': 2, 'truncated': 244, 'other': 0}  rss= 2817.1MB  (7889s)
step   322000/400000  eps=0.150  episodes=  384  mean_return=1430.952  mean_loss= 4.60362  mean_foundation=  9.0/52  lifetime_outcomes={'won': 137, 'stalled': 2, 'truncated': 245, 'other': 0}  rss= 2817.1MB  (7894s)
step   323000/400000  eps=0.150  episodes=  385  mean_return=973.333  mean_loss= 4.58297  mean_foundation= 13.0/52  lifetime_outcomes={'won': 137, 'stalled': 2, 'truncated': 246, 'other': 0}  rss= 2817.1MB  (7899s)
step   324000/400000  eps=0.150  episodes=  387  mean_return=7985.926  mean_loss= 4.49355  mean_foundation= 52.0/52  lifetime_outcomes={'won': 139, 'stalled': 2, 'truncated': 246, 'other': 0}  rss= 2817.1MB  (7903s)
step   325000/400000  eps=0.150  episodes=  388  mean_return=7834.549  mean_loss= 4.46055  mean_foundation= 52.0/52  lifetime_outcomes={'won': 140, 'stalled': 2, 'truncated': 246, 'other': 0}  rss= 2817.1MB  (7908s)
step   326000/400000  eps=0.150  episodes=  390  mean_return=4492.659  mean_loss= 4.42970  mean_foundation= 33.5/52  lifetime_outcomes={'won': 141, 'stalled': 2, 'truncated': 247, 'other': 0}  rss= 2817.1MB  (7912s)
step   327000/400000  eps=0.150  episodes=  391  mean_return=1209.524  mean_loss= 4.41272  mean_foundation=  9.0/52  lifetime_outcomes={'won': 141, 'stalled': 2, 'truncated': 248, 'other': 0}  rss= 2817.1MB  (7916s)
step   328000/400000  eps=0.150  episodes=  392  mean_return=1066.667  mean_loss= 4.35152  mean_foundation= 20.0/52  lifetime_outcomes={'won': 141, 'stalled': 2, 'truncated': 249, 'other': 0}  rss= 2817.1MB  (7921s)
step   329000/400000  eps=0.150  episodes=  393  mean_return=851.905  mean_loss= 4.38449  mean_foundation=  5.0/52  lifetime_outcomes={'won': 141, 'stalled': 2, 'truncated': 250, 'other': 0}  rss= 2817.1MB  (7925s)
step   330000/400000  eps=0.150  episodes=  394  mean_return=568.095  mean_loss= 4.13234  mean_foundation=  6.0/52  lifetime_outcomes={'won': 141, 'stalled': 2, 'truncated': 251, 'other': 0}  rss= 2817.1MB  (7929s)
  EVAL  step   330000  win_rate=26.00%  mean_return=2912.635  mean_foundation= 23.9/52  mean_length=878.9  (greedy, 200 fixed deals)
step   331000/400000  eps=0.150  episodes=  395  mean_return= 60.000  mean_loss= 4.22893  mean_foundation=  7.0/52  lifetime_outcomes={'won': 141, 'stalled': 2, 'truncated': 252, 'other': 0}  rss= 2817.1MB  (8143s)
step   332000/400000  eps=0.150  episodes=  396  mean_return=1793.810  mean_loss= 4.18571  mean_foundation= 23.0/52  lifetime_outcomes={'won': 141, 'stalled': 2, 'truncated': 253, 'other': 0}  rss= 2817.1MB  (8148s)
step   333000/400000  eps=0.150  episodes=  397  mean_return=7855.194  mean_loss= 4.10411  mean_foundation= 52.0/52  lifetime_outcomes={'won': 142, 'stalled': 2, 'truncated': 253, 'other': 0}  rss= 2817.1MB  (8152s)
step   334000/400000  eps=0.150  episodes=  398  mean_return=245.714  mean_loss= 3.96916  mean_foundation=  4.0/52  lifetime_outcomes={'won': 142, 'stalled': 2, 'truncated': 254, 'other': 0}  rss= 2817.1MB  (8156s)
step   335000/400000  eps=0.150  episodes=  399  mean_return=1145.238  mean_loss= 4.03515  mean_foundation= 20.0/52  lifetime_outcomes={'won': 142, 'stalled': 2, 'truncated': 255, 'other': 0}  rss= 2817.1MB  (8160s)
step   336000/400000  eps=0.150  episodes=  401  mean_return=4685.958  mean_loss= 3.92273  mean_foundation= 33.5/52  lifetime_outcomes={'won': 143, 'stalled': 2, 'truncated': 256, 'other': 0}  rss= 2817.1MB  (8165s)
step   337000/400000  eps=0.150  episodes=  402  mean_return=233.810  mean_loss= 4.05434  mean_foundation=  4.0/52  lifetime_outcomes={'won': 143, 'stalled': 2, 'truncated': 257, 'other': 0}  rss= 2817.1MB  (8169s)
step   338000/400000  eps=0.150  episodes=  404  mean_return=7925.430  mean_loss= 3.90082  mean_foundation= 52.0/52  lifetime_outcomes={'won': 145, 'stalled': 2, 'truncated': 257, 'other': 0}  rss= 2817.1MB  (8173s)
step   339000/400000  eps=0.150  episodes=  405  mean_return=7992.524  mean_loss= 4.07041  mean_foundation= 52.0/52  lifetime_outcomes={'won': 146, 'stalled': 2, 'truncated': 257, 'other': 0}  rss= 2817.1MB  (8178s)
step   340000/400000  eps=0.150  episodes=  407  mean_return=4455.833  mean_loss= 3.93194  mean_foundation= 32.0/52  lifetime_outcomes={'won': 147, 'stalled': 2, 'truncated': 258, 'other': 0}  rss= 2817.1MB  (8182s)
  EVAL  step   340000  win_rate=15.50%  mean_return=2269.156  mean_foundation= 20.1/52  mean_length=952.7  (greedy, 200 fixed deals)
step   341000/400000  eps=0.150  episodes=  408  mean_return=7996.711  mean_loss= 3.90895  mean_foundation= 52.0/52  lifetime_outcomes={'won': 148, 'stalled': 2, 'truncated': 258, 'other': 0}  rss= 2817.1MB  (8415s)
step   342000/400000  eps=0.150  episodes=  409  mean_return=1133.333  mean_loss= 4.00571  mean_foundation= 21.0/52  lifetime_outcomes={'won': 148, 'stalled': 2, 'truncated': 259, 'other': 0}  rss= 2817.1MB  (8420s)
step   343000/400000  eps=0.150  episodes=  411  mean_return=4405.406  mean_loss= 3.73714  mean_foundation= 31.5/52  lifetime_outcomes={'won': 149, 'stalled': 2, 'truncated': 260, 'other': 0}  rss= 2817.1MB  (8424s)
step   344000/400000  eps=0.150  episodes=  412  mean_return=727.619  mean_loss= 3.80584  mean_foundation=  4.0/52  lifetime_outcomes={'won': 149, 'stalled': 2, 'truncated': 261, 'other': 0}  rss= 2817.1MB  (8428s)
step   345000/400000  eps=0.150  episodes=  413  mean_return=1034.762  mean_loss= 3.83580  mean_foundation=  9.0/52  lifetime_outcomes={'won': 149, 'stalled': 2, 'truncated': 262, 'other': 0}  rss= 2817.1MB  (8433s)
step   346000/400000  eps=0.150  episodes=  414  mean_return=7876.519  mean_loss= 3.72886  mean_foundation= 52.0/52  lifetime_outcomes={'won': 150, 'stalled': 2, 'truncated': 262, 'other': 0}  rss= 2817.1MB  (8437s)
step   347000/400000  eps=0.150  episodes=  415  mean_return=7991.771  mean_loss= 3.79529  mean_foundation= 52.0/52  lifetime_outcomes={'won': 151, 'stalled': 2, 'truncated': 262, 'other': 0}  rss= 2817.1MB  (8442s)
step   348000/400000  eps=0.150  episodes=  416  mean_return=990.952  mean_loss= 3.84018  mean_foundation= 19.0/52  lifetime_outcomes={'won': 151, 'stalled': 2, 'truncated': 263, 'other': 0}  rss= 2817.1MB  (8446s)
step   349000/400000  eps=0.150  episodes=  418  mean_return=4282.844  mean_loss= 3.57033  mean_foundation= 29.0/52  lifetime_outcomes={'won': 152, 'stalled': 2, 'truncated': 264, 'other': 0}  rss= 2817.1MB  (8451s)
step   350000/400000  eps=0.150  episodes=  419  mean_return=1018.571  mean_loss= 3.66522  mean_foundation= 17.0/52  lifetime_outcomes={'won': 152, 'stalled': 2, 'truncated': 265, 'other': 0}  rss= 2817.1MB  (8457s)
  EVAL  step   350000  win_rate=28.00%  mean_return=3031.385  mean_foundation= 24.3/52  mean_length=887.4  (greedy, 200 fixed deals)
step   351000/400000  eps=0.150  episodes=  420  mean_return=1054.762  mean_loss= 3.44615  mean_foundation=  8.0/52  lifetime_outcomes={'won': 152, 'stalled': 2, 'truncated': 266, 'other': 0}  rss= 2817.1MB  (8674s)
step   352000/400000  eps=0.150  episodes=  421  mean_return=530.952  mean_loss= 3.55788  mean_foundation=  1.0/52  lifetime_outcomes={'won': 152, 'stalled': 2, 'truncated': 267, 'other': 0}  rss= 2817.1MB  (8678s)
step   353000/400000  eps=0.150  episodes=  422  mean_return=845.238  mean_loss= 3.64776  mean_foundation=  9.0/52  lifetime_outcomes={'won': 152, 'stalled': 2, 'truncated': 268, 'other': 0}  rss= 2817.1MB  (8683s)
step   354000/400000  eps=0.150  episodes=  423  mean_return=624.286  mean_loss= 3.57415  mean_foundation=  8.0/52  lifetime_outcomes={'won': 152, 'stalled': 2, 'truncated': 269, 'other': 0}  rss= 2817.1MB  (8687s)
step   355000/400000  eps=0.150  episodes=  424  mean_return=7957.423  mean_loss= 3.44200  mean_foundation= 52.0/52  lifetime_outcomes={'won': 153, 'stalled': 2, 'truncated': 269, 'other': 0}  rss= 2817.1MB  (8693s)
step   356000/400000  eps=0.150  episodes=  426  mean_return=4080.652  mean_loss= 3.39373  mean_foundation= 31.5/52  lifetime_outcomes={'won': 154, 'stalled': 2, 'truncated': 270, 'other': 0}  rss= 2817.1MB  (8698s)
step   357000/400000  eps=0.150  episodes=  427  mean_return=1607.143  mean_loss= 3.50695  mean_foundation= 22.0/52  lifetime_outcomes={'won': 154, 'stalled': 2, 'truncated': 271, 'other': 0}  rss= 2817.1MB  (8704s)
step   358000/400000  eps=0.150  episodes=  428  mean_return=914.286  mean_loss= 3.34813  mean_foundation=  3.0/52  lifetime_outcomes={'won': 154, 'stalled': 2, 'truncated': 272, 'other': 0}  rss= 2817.1MB  (8709s)
step   359000/400000  eps=0.150  episodes=  429  mean_return=766.190  mean_loss= 3.53068  mean_foundation=  8.0/52  lifetime_outcomes={'won': 154, 'stalled': 2, 'truncated': 273, 'other': 0}  rss= 2817.1MB  (8715s)
step   360000/400000  eps=0.150  episodes=  431  mean_return=7903.363  mean_loss= 3.45692  mean_foundation= 52.0/52  lifetime_outcomes={'won': 156, 'stalled': 2, 'truncated': 273, 'other': 0}  rss= 2817.1MB  (8720s)
  EVAL  step   360000  win_rate=20.00%  mean_return=2535.685  mean_foundation= 21.3/52  mean_length=933.2  (greedy, 200 fixed deals)
step   361000/400000  eps=0.150  episodes=  432  mean_return=664.762  mean_loss= 3.32174  mean_foundation=  8.0/52  lifetime_outcomes={'won': 156, 'stalled': 2, 'truncated': 274, 'other': 0}  rss= 2817.1MB  (8949s)
step   362000/400000  eps=0.150  episodes=  433  mean_return=1041.429  mean_loss= 3.43075  mean_foundation= 10.0/52  lifetime_outcomes={'won': 156, 'stalled': 2, 'truncated': 275, 'other': 0}  rss= 2817.1MB  (8954s)
step   363000/400000  eps=0.150  episodes=  434  mean_return=1954.762  mean_loss= 3.13825  mean_foundation= 33.0/52  lifetime_outcomes={'won': 156, 'stalled': 2, 'truncated': 276, 'other': 0}  rss= 2817.1MB  (8958s)
step   364000/400000  eps=0.150  episodes=  435  mean_return=125.714  mean_loss= 3.18743  mean_foundation=  3.0/52  lifetime_outcomes={'won': 156, 'stalled': 2, 'truncated': 277, 'other': 0}  rss= 2817.1MB  (8962s)
step   365000/400000  eps=0.150  episodes=  436  mean_return=540.000  mean_loss= 3.24457  mean_foundation=  8.0/52  lifetime_outcomes={'won': 156, 'stalled': 2, 'truncated': 278, 'other': 0}  rss= 2817.1MB  (8967s)
step   366000/400000  eps=0.150  episodes=  437  mean_return=676.667  mean_loss= 3.31170  mean_foundation= 14.0/52  lifetime_outcomes={'won': 156, 'stalled': 2, 'truncated': 279, 'other': 0}  rss= 2817.1MB  (8971s)
step   367000/400000  eps=0.150  episodes=  438  mean_return=739.524  mean_loss= 3.06599  mean_foundation=  7.0/52  lifetime_outcomes={'won': 156, 'stalled': 2, 'truncated': 280, 'other': 0}  rss= 2817.1MB  (8975s)
step   368000/400000  eps=0.150  episodes=  440  mean_return=4280.403  mean_loss= 3.02068  mean_foundation= 28.5/52  lifetime_outcomes={'won': 157, 'stalled': 2, 'truncated': 281, 'other': 0}  rss= 2817.1MB  (8980s)
step   369000/400000  eps=0.150  episodes=  441  mean_return=456.667  mean_loss= 3.12060  mean_foundation=  2.0/52  lifetime_outcomes={'won': 157, 'stalled': 2, 'truncated': 282, 'other': 0}  rss= 2817.1MB  (8984s)
step   370000/400000  eps=0.150  episodes=  442  mean_return=745.238  mean_loss= 3.09267  mean_foundation=  8.0/52  lifetime_outcomes={'won': 157, 'stalled': 2, 'truncated': 283, 'other': 0}  rss= 2817.1MB  (8989s)
  EVAL  step   370000  win_rate=30.50%  mean_return=3206.571  mean_foundation= 25.6/52  mean_length=850.1  (greedy, 200 fixed deals)
step   371000/400000  eps=0.150  episodes=  444  mean_return=7832.102  mean_loss= 3.24909  mean_foundation= 52.0/52  lifetime_outcomes={'won': 159, 'stalled': 2, 'truncated': 283, 'other': 0}  rss= 2817.1MB  (9199s)
step   372000/400000  eps=0.150  episodes=  445  mean_return=7931.391  mean_loss= 3.14522  mean_foundation= 52.0/52  lifetime_outcomes={'won': 160, 'stalled': 2, 'truncated': 283, 'other': 0}  rss= 2817.1MB  (9203s)
step   373000/400000  eps=0.150  episodes=  446  mean_return=167.619  mean_loss= 3.06558  mean_foundation=  7.0/52  lifetime_outcomes={'won': 160, 'stalled': 2, 'truncated': 284, 'other': 0}  rss= 2817.1MB  (9208s)
step   374000/400000  eps=0.150  episodes=  447  mean_return=720.952  mean_loss= 2.83757  mean_foundation=  9.0/52  lifetime_outcomes={'won': 160, 'stalled': 2, 'truncated': 285, 'other': 0}  rss= 2817.1MB  (9212s)
step   375000/400000  eps=0.150  episodes=  448  mean_return=1533.810  mean_loss= 3.03866  mean_foundation= 14.0/52  lifetime_outcomes={'won': 160, 'stalled': 2, 'truncated': 286, 'other': 0}  rss= 2817.1MB  (9216s)
step   376000/400000  eps=0.150  episodes=  449  mean_return=1845.714  mean_loss= 3.00384  mean_foundation= 26.0/52  lifetime_outcomes={'won': 160, 'stalled': 2, 'truncated': 287, 'other': 0}  rss= 2817.1MB  (9221s)
step   377000/400000  eps=0.150  episodes=  450  mean_return=7899.888  mean_loss= 2.94316  mean_foundation= 52.0/52  lifetime_outcomes={'won': 161, 'stalled': 2, 'truncated': 287, 'other': 0}  rss= 2817.1MB  (9225s)
step   378000/400000  eps=0.150  episodes=  451  mean_return=800.952  mean_loss= 2.93245  mean_foundation=  5.0/52  lifetime_outcomes={'won': 161, 'stalled': 2, 'truncated': 288, 'other': 0}  rss= 2817.1MB  (9230s)
step   379000/400000  eps=0.150  episodes=  452  mean_return=1641.429  mean_loss= 2.90098  mean_foundation= 15.0/52  lifetime_outcomes={'won': 161, 'stalled': 2, 'truncated': 289, 'other': 0}  rss= 2817.1MB  (9236s)
step   380000/400000  eps=0.150  episodes=  453  mean_return=488.095  mean_loss= 2.87840  mean_foundation=  5.0/52  lifetime_outcomes={'won': 161, 'stalled': 2, 'truncated': 290, 'other': 0}  rss= 2817.1MB  (9241s)
  EVAL  step   380000  win_rate=24.00%  mean_return=2826.599  mean_foundation= 24.0/52  mean_length=885.8  (greedy, 200 fixed deals)
step   381000/400000  eps=0.150  episodes=  454  mean_return=1220.476  mean_loss= 2.80991  mean_foundation= 11.0/52  lifetime_outcomes={'won': 161, 'stalled': 2, 'truncated': 291, 'other': 0}  rss= 2817.1MB  (9467s)
step   382000/400000  eps=0.150  episodes=  456  mean_return=4835.570  mean_loss= 2.87329  mean_foundation= 35.0/52  lifetime_outcomes={'won': 162, 'stalled': 2, 'truncated': 292, 'other': 0}  rss= 2817.1MB  (9471s)
step   383000/400000  eps=0.150  episodes=  457  mean_return=1167.619  mean_loss= 2.79364  mean_foundation= 11.0/52  lifetime_outcomes={'won': 162, 'stalled': 2, 'truncated': 293, 'other': 0}  rss= 2817.1MB  (9476s)
step   384000/400000  eps=0.150  episodes=  458  mean_return=824.286  mean_loss= 2.71752  mean_foundation=  6.0/52  lifetime_outcomes={'won': 162, 'stalled': 2, 'truncated': 294, 'other': 0}  rss= 2817.1MB  (9480s)
step   385000/400000  eps=0.150  episodes=  459  mean_return=542.857  mean_loss= 2.82813  mean_foundation=  9.0/52  lifetime_outcomes={'won': 162, 'stalled': 2, 'truncated': 295, 'other': 0}  rss= 2817.1MB  (9485s)
step   386000/400000  eps=0.150  episodes=  460  mean_return=217.619  mean_loss= 2.72121  mean_foundation=  4.0/52  lifetime_outcomes={'won': 162, 'stalled': 2, 'truncated': 296, 'other': 0}  rss= 2817.1MB  (9489s)
step   387000/400000  eps=0.150  episodes=  461  mean_return=701.429  mean_loss= 2.68099  mean_foundation=  5.0/52  lifetime_outcomes={'won': 162, 'stalled': 2, 'truncated': 297, 'other': 0}  rss= 2817.1MB  (9493s)
step   388000/400000  eps=0.150  episodes=  462  mean_return=7932.204  mean_loss= 2.74247  mean_foundation= 52.0/52  lifetime_outcomes={'won': 163, 'stalled': 2, 'truncated': 297, 'other': 0}  rss= 2817.1MB  (9498s)
step   389000/400000  eps=0.150  episodes=  464  mean_return=4264.274  mean_loss= 2.61221  mean_foundation= 29.0/52  lifetime_outcomes={'won': 164, 'stalled': 2, 'truncated': 298, 'other': 0}  rss= 2817.1MB  (9502s)
step   390000/400000  eps=0.150  episodes=  465  mean_return=1278.095  mean_loss= 2.73334  mean_foundation= 16.0/52  lifetime_outcomes={'won': 164, 'stalled': 2, 'truncated': 299, 'other': 0}  rss= 2817.1MB  (9507s)
  EVAL  step   390000  win_rate=23.00%  mean_return=2738.872  mean_foundation= 23.0/52  mean_length=923.0  (greedy, 200 fixed deals)
step   391000/400000  eps=0.150  episodes=  466  mean_return=1075.238  mean_loss= 2.66336  mean_foundation= 12.0/52  lifetime_outcomes={'won': 164, 'stalled': 2, 'truncated': 300, 'other': 0}  rss= 2817.1MB  (9732s)
step   392000/400000  eps=0.150  episodes=  467  mean_return=297.619  mean_loss= 2.50966  mean_foundation=  4.0/52  lifetime_outcomes={'won': 164, 'stalled': 2, 'truncated': 301, 'other': 0}  rss= 2817.1MB  (9736s)
step   393000/400000  eps=0.150  episodes=  468  mean_return=972.381  mean_loss= 2.64053  mean_foundation= 17.0/52  lifetime_outcomes={'won': 164, 'stalled': 2, 'truncated': 302, 'other': 0}  rss= 2817.1MB  (9741s)
step   394000/400000  eps=0.150  episodes=  470  mean_return=7934.691  mean_loss= 2.60530  mean_foundation= 52.0/52  lifetime_outcomes={'won': 166, 'stalled': 2, 'truncated': 302, 'other': 0}  rss= 2817.1MB  (9745s)
step   395000/400000  eps=0.150  episodes=  471  mean_return=300.476  mean_loss= 2.53512  mean_foundation=  4.0/52  lifetime_outcomes={'won': 166, 'stalled': 2, 'truncated': 303, 'other': 0}  rss= 2817.1MB  (9749s)
step   396000/400000  eps=0.150  episodes=  472  mean_return=7885.152  mean_loss= 2.50954  mean_foundation= 52.0/52  lifetime_outcomes={'won': 167, 'stalled': 2, 'truncated': 303, 'other': 0}  rss= 2817.1MB  (9754s)
step   397000/400000  eps=0.150  episodes=  474  mean_return=7888.658  mean_loss= 2.50170  mean_foundation= 52.0/52  lifetime_outcomes={'won': 169, 'stalled': 2, 'truncated': 303, 'other': 0}  rss= 2817.1MB  (9758s)
step   398000/400000  eps=0.150  episodes=  475  mean_return=7899.331  mean_loss= 2.49427  mean_foundation= 52.0/52  lifetime_outcomes={'won': 170, 'stalled': 2, 'truncated': 303, 'other': 0}  rss= 2817.1MB  (9762s)
step   399000/400000  eps=0.150  episodes=  477  mean_return=4302.241  mean_loss= 2.46663  mean_foundation= 33.0/52  lifetime_outcomes={'won': 171, 'stalled': 2, 'truncated': 304, 'other': 0}  rss= 2817.1MB  (9767s)
step   400000/400000  eps=0.150  episodes=  479  mean_return=7936.140  mean_loss= 2.55217  mean_foundation= 52.0/52  lifetime_outcomes={'won': 173, 'stalled': 2, 'truncated': 304, 'other': 0}  rss= 2817.1MB  (9772s)
  EVAL  step   400000  win_rate=33.00%  mean_return=3334.298  mean_foundation= 25.7/52  mean_length=832.6  (greedy, 200 fixed deals)
done. saved final checkpoint to runs/031_dqfd_moredemo_epsfloor_loopbreaker_solvcurriculum_freshdemo_ramp2_seed1/checkpoint_final.pt
=== train_resilient: training completed successfully ===
