=== train_resilient: attempt 1 ===
run directory: runs/032_dqfd_moredemo_epsfloor_loopbreaker_solvcurriculum_freshdemo_mse
eval: using 1000-seed battery from runs/eval_corpus.jsonl (first 200 of them per eval pass) instead of the fixed 900000+i range
DQfD: building 100000 permanent demo transitions from runs/curriculum_wins.jsonl
built 100000 demo transitions from 156 winning episodes (0 diverged and were skipped)
DQfD: loaded 100000 demo transitions into the permanent replay-buffer region
solvable-seed pool: loaded 1578 ground-truth-solvable seeds from runs/solvable_corpus.jsonl, used for fresh-deal resets over first 100000 steps
step     1000/400000  eps=0.996  episodes=    1  mean_return=420.000  mean_loss=     nan  mean_foundation=  3.0/52  lifetime_outcomes={'won': 0, 'stalled': 0, 'truncated': 1, 'other': 0}  rss= 1604.6MB  (2s)
step     2000/400000  eps=0.992  episodes=    2  mean_return=1680.000  mean_loss=     nan  mean_foundation=  6.0/52  lifetime_outcomes={'won': 0, 'stalled': 0, 'truncated': 2, 'other': 0}  rss= 1622.6MB  (3s)
step     3000/400000  eps=0.987  episodes=    3  mean_return=1190.000  mean_loss=     nan  mean_foundation= 11.0/52  lifetime_outcomes={'won': 0, 'stalled': 0, 'truncated': 3, 'other': 0}  rss= 1633.3MB  (4s)
step     4000/400000  eps=0.983  episodes=    4  mean_return=1430.000  mean_loss=     nan  mean_foundation=  4.0/52  lifetime_outcomes={'won': 0, 'stalled': 0, 'truncated': 4, 'other': 0}  rss= 1639.4MB  (5s)
step     5000/400000  eps=0.979  episodes=    5  mean_return=1660.000  mean_loss=197074.48438  mean_foundation=  6.0/52  lifetime_outcomes={'won': 0, 'stalled': 0, 'truncated': 5, 'other': 0}  rss= 1992.4MB  (6s)
step     6000/400000  eps=0.975  episodes=    6  mean_return=790.000  mean_loss=235445.24083  mean_foundation= 12.0/52  lifetime_outcomes={'won': 0, 'stalled': 0, 'truncated': 6, 'other': 0}  rss= 2006.4MB  (9s)
step     7000/400000  eps=0.970  episodes=    7  mean_return=1190.000  mean_loss=356520.49756  mean_foundation= 11.0/52  lifetime_outcomes={'won': 0, 'stalled': 0, 'truncated': 7, 'other': 0}  rss= 2012.4MB  (12s)
step     8000/400000  eps=0.966  episodes=    8  mean_return=1670.000  mean_loss=309153.15678  mean_foundation= 20.0/52  lifetime_outcomes={'won': 0, 'stalled': 0, 'truncated': 8, 'other': 0}  rss= 2014.5MB  (15s)
step     9000/400000  eps=0.962  episodes=    9  mean_return=1750.000  mean_loss=204160.72981  mean_foundation=  1.0/52  lifetime_outcomes={'won': 0, 'stalled': 0, 'truncated': 9, 'other': 0}  rss= 2020.5MB  (18s)
step    10000/400000  eps=0.958  episodes=   10  mean_return=1740.000  mean_loss=148762.75442  mean_foundation= 11.0/52  lifetime_outcomes={'won': 0, 'stalled': 0, 'truncated': 10, 'other': 0}  rss= 2022.5MB  (21s)
  EVAL  step    10000  win_rate=1.50%  mean_return=611.396  mean_foundation=  9.4/52  mean_length=915.5  q0=  741.4 vs g0=  141.6  (greedy, 200 fixed deals)
step    11000/400000  eps=0.953  episodes=   11  mean_return=1850.000  mean_loss=125145.55738  mean_foundation= 15.0/52  lifetime_outcomes={'won': 0, 'stalled': 0, 'truncated': 11, 'other': 0}  rss= 2060.9MB  (194s)
step    12000/400000  eps=0.949  episodes=   12  mean_return=1700.000  mean_loss=107320.14569  mean_foundation= 18.0/52  lifetime_outcomes={'won': 0, 'stalled': 0, 'truncated': 12, 'other': 0}  rss= 2060.9MB  (197s)
step    13000/400000  eps=0.945  episodes=   13  mean_return=1720.000  mean_loss=89900.95105  mean_foundation=  9.0/52  lifetime_outcomes={'won': 0, 'stalled': 0, 'truncated': 13, 'other': 0}  rss= 2061.8MB  (200s)
step    14000/400000  eps=0.941  episodes=   14  mean_return=850.000  mean_loss=68473.44398  mean_foundation=  6.0/52  lifetime_outcomes={'won': 0, 'stalled': 0, 'truncated': 14, 'other': 0}  rss= 2067.8MB  (203s)
step    15000/400000  eps=0.936  episodes=   15  mean_return=1780.000  mean_loss=51497.24191  mean_foundation= 14.0/52  lifetime_outcomes={'won': 0, 'stalled': 0, 'truncated': 15, 'other': 0}  rss= 2069.8MB  (206s)
step    16000/400000  eps=0.932  episodes=   16  mean_return=1650.000  mean_loss=41366.91630  mean_foundation=  8.0/52  lifetime_outcomes={'won': 0, 'stalled': 0, 'truncated': 16, 'other': 0}  rss= 2073.8MB  (210s)
step    17000/400000  eps=0.928  episodes=   17  mean_return=1680.000  mean_loss=34498.69940  mean_foundation= 13.0/52  lifetime_outcomes={'won': 0, 'stalled': 0, 'truncated': 17, 'other': 0}  rss= 2077.8MB  (213s)
step    18000/400000  eps=0.923  episodes=   18  mean_return=510.000  mean_loss=30717.77233  mean_foundation=  5.0/52  lifetime_outcomes={'won': 0, 'stalled': 0, 'truncated': 18, 'other': 0}  rss= 2081.8MB  (216s)
step    19000/400000  eps=0.919  episodes=   19  mean_return=1740.000  mean_loss=26527.72036  mean_foundation= 17.0/52  lifetime_outcomes={'won': 0, 'stalled': 0, 'truncated': 19, 'other': 0}  rss= 2085.9MB  (219s)
step    20000/400000  eps=0.915  episodes=   20  mean_return=1330.000  mean_loss=23617.75974  mean_foundation= 22.0/52  lifetime_outcomes={'won': 0, 'stalled': 0, 'truncated': 20, 'other': 0}  rss= 2089.9MB  (222s)
  EVAL  step    20000  win_rate=5.50%  mean_return=1064.525  mean_foundation= 13.0/52  mean_length=967.5  q0= 2719.7 vs g0=  259.3  (greedy, 200 fixed deals)
step    21000/400000  eps=0.911  episodes=   21  mean_return=109.610  mean_loss=22761.76097  mean_foundation=  1.0/52  lifetime_outcomes={'won': 0, 'stalled': 1, 'truncated': 20, 'other': 0}  rss= 2104.1MB  (404s)
step    22000/400000  eps=0.906  episodes=   22  mean_return=1920.000  mean_loss=23028.23971  mean_foundation= 37.0/52  lifetime_outcomes={'won': 0, 'stalled': 1, 'truncated': 21, 'other': 0}  rss= 2110.1MB  (408s)
step    23000/400000  eps=0.902  episodes=   23  mean_return=680.000  mean_loss=21026.11725  mean_foundation=  5.0/52  lifetime_outcomes={'won': 0, 'stalled': 1, 'truncated': 22, 'other': 0}  rss= 2114.1MB  (411s)
step    24000/400000  eps=0.898  episodes=   24  mean_return=880.000  mean_loss=19930.66906  mean_foundation=  2.0/52  lifetime_outcomes={'won': 0, 'stalled': 1, 'truncated': 23, 'other': 0}  rss= 2118.1MB  (414s)
step    25000/400000  eps=0.894  episodes=   25  mean_return=1240.000  mean_loss=19055.04889  mean_foundation= 13.0/52  lifetime_outcomes={'won': 0, 'stalled': 1, 'truncated': 24, 'other': 0}  rss= 2122.1MB  (417s)
step    26000/400000  eps=0.889  episodes=   26  mean_return=1240.000  mean_loss=16776.96531  mean_foundation=  4.0/52  lifetime_outcomes={'won': 0, 'stalled': 1, 'truncated': 25, 'other': 0}  rss= 2126.2MB  (420s)
step    27000/400000  eps=0.885  episodes=   27  mean_return=750.000  mean_loss=17722.02123  mean_foundation= 11.0/52  lifetime_outcomes={'won': 0, 'stalled': 1, 'truncated': 26, 'other': 0}  rss= 2130.2MB  (423s)
step    28000/400000  eps=0.881  episodes=   28  mean_return=2020.000  mean_loss=17101.37018  mean_foundation= 48.0/52  lifetime_outcomes={'won': 0, 'stalled': 1, 'truncated': 27, 'other': 0}  rss= 2132.2MB  (426s)
step    29000/400000  eps=0.877  episodes=   29  mean_return=1160.000  mean_loss=17093.52521  mean_foundation= 11.0/52  lifetime_outcomes={'won': 0, 'stalled': 1, 'truncated': 28, 'other': 0}  rss= 2138.2MB  (430s)
step    30000/400000  eps=0.873  episodes=   30  mean_return=1930.000  mean_loss=16124.67642  mean_foundation= 40.0/52  lifetime_outcomes={'won': 0, 'stalled': 1, 'truncated': 29, 'other': 0}  rss= 2140.2MB  (433s)
  EVAL  step    30000  win_rate=24.00%  mean_return=2409.919  mean_foundation= 22.2/52  mean_length=903.1  q0= 2767.6 vs g0=  402.2  (greedy, 200 fixed deals)
step    31000/400000  eps=0.868  episodes=   31  mean_return=1610.000  mean_loss=16532.81854  mean_foundation= 21.0/52  lifetime_outcomes={'won': 0, 'stalled': 1, 'truncated': 30, 'other': 0}  rss= 2153.4MB  (608s)
step    32000/400000  eps=0.864  episodes=   33  mean_return=4502.080  mean_loss=16406.72537  mean_foundation= 47.0/52  lifetime_outcomes={'won': 1, 'stalled': 1, 'truncated': 31, 'other': 0}  rss= 2157.4MB  (611s)
step    33000/400000  eps=0.860  episodes=   34  mean_return=7040.750  mean_loss=15554.74379  mean_foundation= 52.0/52  lifetime_outcomes={'won': 2, 'stalled': 1, 'truncated': 31, 'other': 0}  rss= 2159.4MB  (614s)
step    34000/400000  eps=0.855  episodes=   35  mean_return=2040.000  mean_loss=15896.19703  mean_foundation= 38.0/52  lifetime_outcomes={'won': 2, 'stalled': 1, 'truncated': 32, 'other': 0}  rss= 2165.4MB  (617s)
step    35000/400000  eps=0.851  episodes=   36  mean_return=2040.000  mean_loss=14950.02644  mean_foundation= 49.0/52  lifetime_outcomes={'won': 2, 'stalled': 1, 'truncated': 33, 'other': 0}  rss= 2167.4MB  (620s)
step    36000/400000  eps=0.847  episodes=   37  mean_return=2040.000  mean_loss=15237.57947  mean_foundation= 48.0/52  lifetime_outcomes={'won': 2, 'stalled': 1, 'truncated': 34, 'other': 0}  rss= 2173.5MB  (623s)
step    37000/400000  eps=0.843  episodes=   38  mean_return=7044.970  mean_loss=14753.36958  mean_foundation= 52.0/52  lifetime_outcomes={'won': 3, 'stalled': 1, 'truncated': 34, 'other': 0}  rss= 2175.5MB  (627s)
step    38000/400000  eps=0.839  episodes=   40  mean_return=4040.720  mean_loss=13671.45881  mean_foundation= 31.0/52  lifetime_outcomes={'won': 4, 'stalled': 1, 'truncated': 35, 'other': 0}  rss= 2179.5MB  (630s)
step    39000/400000  eps=0.834  episodes=   41  mean_return=7040.500  mean_loss=13954.09914  mean_foundation= 52.0/52  lifetime_outcomes={'won': 5, 'stalled': 1, 'truncated': 35, 'other': 0}  rss= 2185.6MB  (633s)
step    40000/400000  eps=0.830  episodes=   42  mean_return=2040.000  mean_loss=14714.21911  mean_foundation= 47.0/52  lifetime_outcomes={'won': 5, 'stalled': 1, 'truncated': 36, 'other': 0}  rss= 2187.7MB  (636s)
  EVAL  step    40000  win_rate=10.00%  mean_return=1408.901  mean_foundation= 11.4/52  mean_length=964.9  q0= 2448.3 vs g0=  346.5  (greedy, 200 fixed deals)
step    41000/400000  eps=0.826  episodes=   43  mean_return=470.000  mean_loss=15265.99743  mean_foundation=  4.0/52  lifetime_outcomes={'won': 5, 'stalled': 1, 'truncated': 37, 'other': 0}  rss= 2193.7MB  (822s)
step    42000/400000  eps=0.822  episodes=   44  mean_return=1930.000  mean_loss=15591.60676  mean_foundation= 37.0/52  lifetime_outcomes={'won': 5, 'stalled': 1, 'truncated': 38, 'other': 0}  rss= 2195.7MB  (825s)
step    43000/400000  eps=0.817  episodes=   45  mean_return=470.000  mean_loss=15122.45417  mean_foundation=  2.0/52  lifetime_outcomes={'won': 5, 'stalled': 1, 'truncated': 39, 'other': 0}  rss= 2199.7MB  (828s)
step    44000/400000  eps=0.813  episodes=   46  mean_return=850.000  mean_loss=13658.33317  mean_foundation=  7.0/52  lifetime_outcomes={'won': 5, 'stalled': 1, 'truncated': 40, 'other': 0}  rss= 2203.7MB  (831s)
step    45000/400000  eps=0.809  episodes=   47  mean_return=7043.280  mean_loss=13453.15115  mean_foundation= 52.0/52  lifetime_outcomes={'won': 6, 'stalled': 1, 'truncated': 40, 'other': 0}  rss= 2207.7MB  (834s)
step    46000/400000  eps=0.804  episodes=   48  mean_return=790.000  mean_loss=14473.95804  mean_foundation= 12.0/52  lifetime_outcomes={'won': 6, 'stalled': 1, 'truncated': 41, 'other': 0}  rss= 2213.8MB  (837s)
step    47000/400000  eps=0.800  episodes=   49  mean_return=470.000  mean_loss=14473.51671  mean_foundation=  3.0/52  lifetime_outcomes={'won': 6, 'stalled': 1, 'truncated': 42, 'other': 0}  rss= 2215.8MB  (841s)
step    48000/400000  eps=0.796  episodes=   50  mean_return=7041.440  mean_loss=14525.29537  mean_foundation= 52.0/52  lifetime_outcomes={'won': 7, 'stalled': 1, 'truncated': 42, 'other': 0}  rss= 2219.8MB  (844s)
step    49000/400000  eps=0.792  episodes=   51  mean_return=550.000  mean_loss=14324.57198  mean_foundation=  7.0/52  lifetime_outcomes={'won': 7, 'stalled': 1, 'truncated': 43, 'other': 0}  rss= 2223.8MB  (847s)
step    50000/400000  eps=0.787  episodes=   52  mean_return=7043.720  mean_loss=13271.19762  mean_foundation= 52.0/52  lifetime_outcomes={'won': 8, 'stalled': 1, 'truncated': 43, 'other': 0}  rss= 2227.8MB  (850s)
  EVAL  step    50000  win_rate=19.50%  mean_return=2043.796  mean_foundation= 15.8/52  mean_length=940.4  q0= 2225.9 vs g0=  396.0  (greedy, 200 fixed deals)
step    51000/400000  eps=0.783  episodes=   53  mean_return=290.000  mean_loss=12970.84021  mean_foundation=  5.0/52  lifetime_outcomes={'won': 8, 'stalled': 1, 'truncated': 44, 'other': 0}  rss= 2238.5MB  (1035s)
step    52000/400000  eps=0.779  episodes=   54  mean_return=1110.000  mean_loss=14040.50765  mean_foundation=  4.0/52  lifetime_outcomes={'won': 8, 'stalled': 1, 'truncated': 45, 'other': 0}  rss= 2242.5MB  (1038s)
step    53000/400000  eps=0.775  episodes=   55  mean_return=1560.000  mean_loss=14052.41466  mean_foundation= 30.0/52  lifetime_outcomes={'won': 8, 'stalled': 1, 'truncated': 46, 'other': 0}  rss= 2246.5MB  (1041s)
step    54000/400000  eps=0.770  episodes=   56  mean_return=430.000  mean_loss=14070.44372  mean_foundation=  1.0/52  lifetime_outcomes={'won': 8, 'stalled': 1, 'truncated': 47, 'other': 0}  rss= 2250.6MB  (1044s)
step    55000/400000  eps=0.766  episodes=   58  mean_return=4275.750  mean_loss=13137.32125  mean_foundation= 36.5/52  lifetime_outcomes={'won': 9, 'stalled': 1, 'truncated': 48, 'other': 0}  rss= 2254.6MB  (1047s)
step    56000/400000  eps=0.762  episodes=   59  mean_return=1030.000  mean_loss=13850.86281  mean_foundation=  7.0/52  lifetime_outcomes={'won': 9, 'stalled': 1, 'truncated': 49, 'other': 0}  rss= 2258.6MB  (1050s)
step    57000/400000  eps=0.758  episodes=   60  mean_return=7042.610  mean_loss=13995.90299  mean_foundation= 52.0/52  lifetime_outcomes={'won': 10, 'stalled': 1, 'truncated': 49, 'other': 0}  rss= 2262.6MB  (1053s)
step    58000/400000  eps=0.754  episodes=   61  mean_return=860.000  mean_loss=13937.77434  mean_foundation=  9.0/52  lifetime_outcomes={'won': 10, 'stalled': 1, 'truncated': 50, 'other': 0}  rss= 2266.8MB  (1056s)
step    59000/400000  eps=0.749  episodes=   62  mean_return=7044.680  mean_loss=13880.04460  mean_foundation= 52.0/52  lifetime_outcomes={'won': 11, 'stalled': 1, 'truncated': 50, 'other': 0}  rss= 2270.8MB  (1059s)
step    60000/400000  eps=0.745  episodes=   65  mean_return=7043.793  mean_loss=13470.63996  mean_foundation= 52.0/52  lifetime_outcomes={'won': 14, 'stalled': 1, 'truncated': 50, 'other': 0}  rss= 2272.8MB  (1063s)
  EVAL  step    60000  win_rate=23.00%  mean_return=2356.024  mean_foundation= 21.4/52  mean_length=912.6  q0= 2016.8 vs g0=  418.0  (greedy, 200 fixed deals)
step    61000/400000  eps=0.741  episodes=   66  mean_return=7043.200  mean_loss=14049.58720  mean_foundation= 52.0/52  lifetime_outcomes={'won': 15, 'stalled': 1, 'truncated': 50, 'other': 0}  rss= 2278.8MB  (1242s)
step    62000/400000  eps=0.736  episodes=   67  mean_return=730.000  mean_loss=12841.26907  mean_foundation=  5.0/52  lifetime_outcomes={'won': 15, 'stalled': 1, 'truncated': 51, 'other': 0}  rss= 2280.8MB  (1245s)
step    63000/400000  eps=0.732  episodes=   68  mean_return=2000.000  mean_loss=13272.38511  mean_foundation= 48.0/52  lifetime_outcomes={'won': 15, 'stalled': 1, 'truncated': 52, 'other': 0}  rss= 2286.8MB  (1248s)
step    64000/400000  eps=0.728  episodes=   69  mean_return=7044.340  mean_loss=12918.46841  mean_foundation= 52.0/52  lifetime_outcomes={'won': 16, 'stalled': 1, 'truncated': 52, 'other': 0}  rss= 2290.8MB  (1251s)
step    65000/400000  eps=0.724  episodes=   71  mean_return=3706.390  mean_loss=14146.08821  mean_foundation= 28.5/52  lifetime_outcomes={'won': 17, 'stalled': 1, 'truncated': 53, 'other': 0}  rss= 2292.9MB  (1254s)
step    66000/400000  eps=0.720  episodes=   72  mean_return=730.000  mean_loss=13286.08956  mean_foundation=  6.0/52  lifetime_outcomes={'won': 17, 'stalled': 1, 'truncated': 54, 'other': 0}  rss= 2298.9MB  (1257s)
step    67000/400000  eps=0.715  episodes=   73  mean_return=7042.950  mean_loss=13690.63845  mean_foundation= 52.0/52  lifetime_outcomes={'won': 18, 'stalled': 1, 'truncated': 54, 'other': 0}  rss= 2300.9MB  (1260s)
step    68000/400000  eps=0.711  episodes=   74  mean_return=760.000  mean_loss=13579.20559  mean_foundation=  7.0/52  lifetime_outcomes={'won': 18, 'stalled': 1, 'truncated': 55, 'other': 0}  rss= 2306.9MB  (1263s)
step    69000/400000  eps=0.707  episodes=   75  mean_return=700.000  mean_loss=12556.20538  mean_foundation=  4.0/52  lifetime_outcomes={'won': 18, 'stalled': 1, 'truncated': 56, 'other': 0}  rss= 2308.9MB  (1266s)
step    70000/400000  eps=0.703  episodes=   76  mean_return=490.000  mean_loss=11859.68645  mean_foundation=  8.0/52  lifetime_outcomes={'won': 18, 'stalled': 1, 'truncated': 57, 'other': 0}  rss= 2314.9MB  (1269s)
  EVAL  step    70000  win_rate=29.00%  mean_return=2726.824  mean_foundation= 24.9/52  mean_length=902.6  q0= 1869.6 vs g0=  442.3  (greedy, 200 fixed deals)
step    71000/400000  eps=0.698  episodes=   77  mean_return=1240.000  mean_loss=13541.45890  mean_foundation= 24.0/52  lifetime_outcomes={'won': 18, 'stalled': 1, 'truncated': 58, 'other': 0}  rss= 2319.0MB  (1445s)
step    72000/400000  eps=0.694  episodes=   78  mean_return=870.000  mean_loss=12726.63194  mean_foundation= 14.0/52  lifetime_outcomes={'won': 18, 'stalled': 1, 'truncated': 59, 'other': 0}  rss= 2321.0MB  (1448s)
step    73000/400000  eps=0.690  episodes=   79  mean_return=7043.590  mean_loss=12368.12998  mean_foundation= 52.0/52  lifetime_outcomes={'won': 19, 'stalled': 1, 'truncated': 59, 'other': 0}  rss= 2327.0MB  (1451s)
step    74000/400000  eps=0.685  episodes=   80  mean_return=1270.000  mean_loss=11555.08094  mean_foundation= 12.0/52  lifetime_outcomes={'won': 19, 'stalled': 1, 'truncated': 60, 'other': 0}  rss= 2329.0MB  (1454s)
step    75000/400000  eps=0.681  episodes=   82  mean_return=4062.625  mean_loss=11909.46423  mean_foundation= 29.0/52  lifetime_outcomes={'won': 20, 'stalled': 1, 'truncated': 61, 'other': 0}  rss= 2333.0MB  (1458s)
step    76000/400000  eps=0.677  episodes=   84  mean_return=7044.340  mean_loss=11731.39247  mean_foundation= 52.0/52  lifetime_outcomes={'won': 22, 'stalled': 1, 'truncated': 61, 'other': 0}  rss= 2337.0MB  (1461s)
step    77000/400000  eps=0.673  episodes=   85  mean_return=1010.000  mean_loss=11383.38153  mean_foundation=  7.0/52  lifetime_outcomes={'won': 22, 'stalled': 1, 'truncated': 62, 'other': 0}  rss= 2341.0MB  (1464s)
step    78000/400000  eps=0.668  episodes=   86  mean_return=820.000  mean_loss=12012.18432  mean_foundation= 14.0/52  lifetime_outcomes={'won': 22, 'stalled': 1, 'truncated': 63, 'other': 0}  rss= 2347.1MB  (1467s)
step    79000/400000  eps=0.664  episodes=   87  mean_return=7044.590  mean_loss=10676.89705  mean_foundation= 52.0/52  lifetime_outcomes={'won': 23, 'stalled': 1, 'truncated': 63, 'other': 0}  rss= 2349.1MB  (1471s)
step    80000/400000  eps=0.660  episodes=   88  mean_return=1670.000  mean_loss=12482.62216  mean_foundation= 27.0/52  lifetime_outcomes={'won': 23, 'stalled': 1, 'truncated': 64, 'other': 0}  rss= 2355.1MB  (1474s)
  EVAL  step    80000  win_rate=36.00%  mean_return=3120.353  mean_foundation= 26.7/52  mean_length=804.7  q0= 1743.3 vs g0=  525.8  (greedy, 200 fixed deals)
step    81000/400000  eps=0.656  episodes=   89  mean_return=7043.850  mean_loss=11383.90062  mean_foundation= 52.0/52  lifetime_outcomes={'won': 24, 'stalled': 1, 'truncated': 64, 'other': 0}  rss= 2357.1MB  (1632s)
step    82000/400000  eps=0.651  episodes=   91  mean_return=3820.745  mean_loss=11906.76235  mean_foundation= 29.0/52  lifetime_outcomes={'won': 25, 'stalled': 1, 'truncated': 65, 'other': 0}  rss= 2361.1MB  (1636s)
step    83000/400000  eps=0.647  episodes=   93  mean_return=7045.315  mean_loss=11218.33183  mean_foundation= 52.0/52  lifetime_outcomes={'won': 27, 'stalled': 1, 'truncated': 65, 'other': 0}  rss= 2365.1MB  (1639s)
step    84000/400000  eps=0.643  episodes=   94  mean_return=910.000  mean_loss=11161.37228  mean_foundation=  5.0/52  lifetime_outcomes={'won': 27, 'stalled': 1, 'truncated': 66, 'other': 0}  rss= 2369.2MB  (1643s)
step    85000/400000  eps=0.639  episodes=   95  mean_return=1010.000  mean_loss=10667.31567  mean_foundation= 13.0/52  lifetime_outcomes={'won': 27, 'stalled': 1, 'truncated': 67, 'other': 0}  rss= 2375.2MB  (1646s)
step    86000/400000  eps=0.635  episodes=   96  mean_return=710.000  mean_loss=10938.04485  mean_foundation=  3.0/52  lifetime_outcomes={'won': 27, 'stalled': 1, 'truncated': 68, 'other': 0}  rss= 2377.2MB  (1649s)
step    87000/400000  eps=0.630  episodes=   98  mean_return=7044.915  mean_loss=11128.18432  mean_foundation= 52.0/52  lifetime_outcomes={'won': 29, 'stalled': 1, 'truncated': 68, 'other': 0}  rss= 2381.2MB  (1652s)
step    88000/400000  eps=0.626  episodes=   99  mean_return=1720.000  mean_loss=10917.77962  mean_foundation= 39.0/52  lifetime_outcomes={'won': 29, 'stalled': 1, 'truncated': 69, 'other': 0}  rss= 2385.3MB  (1656s)
step    89000/400000  eps=0.622  episodes=  101  mean_return=7044.820  mean_loss=10552.64130  mean_foundation= 52.0/52  lifetime_outcomes={'won': 31, 'stalled': 1, 'truncated': 69, 'other': 0}  rss= 2389.4MB  (1659s)
step    90000/400000  eps=0.617  episodes=  102  mean_return=1550.000  mean_loss=10007.98148  mean_foundation= 26.0/52  lifetime_outcomes={'won': 31, 'stalled': 1, 'truncated': 70, 'other': 0}  rss= 2393.5MB  (1662s)
  EVAL  step    90000  win_rate=33.00%  mean_return=2873.482  mean_foundation= 25.2/52  mean_length=826.8  q0= 1645.6 vs g0=  474.2  (greedy, 200 fixed deals)
step    91000/400000  eps=0.613  episodes=  103  mean_return=7042.560  mean_loss=11193.89163  mean_foundation= 52.0/52  lifetime_outcomes={'won': 32, 'stalled': 1, 'truncated': 70, 'other': 0}  rss= 2397.5MB  (1822s)
step    92000/400000  eps=0.609  episodes=  104  mean_return=7043.870  mean_loss=10043.17240  mean_foundation= 52.0/52  lifetime_outcomes={'won': 33, 'stalled': 1, 'truncated': 70, 'other': 0}  rss= 2399.5MB  (1825s)
step    93000/400000  eps=0.605  episodes=  105  mean_return=630.000  mean_loss=11420.61162  mean_foundation=  8.0/52  lifetime_outcomes={'won': 33, 'stalled': 1, 'truncated': 71, 'other': 0}  rss= 2405.5MB  (1829s)
step    94000/400000  eps=0.601  episodes=  107  mean_return=4367.970  mean_loss=11064.59294  mean_foundation= 40.5/52  lifetime_outcomes={'won': 34, 'stalled': 1, 'truncated': 72, 'other': 0}  rss= 2407.5MB  (1832s)
step    95000/400000  eps=0.596  episodes=  109  mean_return=7044.985  mean_loss=10335.84965  mean_foundation= 52.0/52  lifetime_outcomes={'won': 36, 'stalled': 1, 'truncated': 72, 'other': 0}  rss= 2413.5MB  (1835s)
step    96000/400000  eps=0.592  episodes=  110  mean_return=740.000  mean_loss=10385.13572  mean_foundation=  9.0/52  lifetime_outcomes={'won': 36, 'stalled': 1, 'truncated': 73, 'other': 0}  rss= 2417.5MB  (1838s)
step    97000/400000  eps=0.588  episodes=  111  mean_return=7045.840  mean_loss=10680.03630  mean_foundation= 52.0/52  lifetime_outcomes={'won': 37, 'stalled': 1, 'truncated': 73, 'other': 0}  rss= 2421.6MB  (1841s)
step    98000/400000  eps=0.584  episodes=  112  mean_return=730.000  mean_loss=9637.95764  mean_foundation=  7.0/52  lifetime_outcomes={'won': 37, 'stalled': 1, 'truncated': 74, 'other': 0}  rss= 2425.6MB  (1844s)
step    99000/400000  eps=0.579  episodes=  114  mean_return=3870.945  mean_loss=9994.09393  mean_foundation= 29.5/52  lifetime_outcomes={'won': 38, 'stalled': 1, 'truncated': 75, 'other': 0}  rss= 2427.6MB  (1848s)
step   100000/400000  eps=0.575  episodes=  115  mean_return=890.000  mean_loss=10581.95836  mean_foundation=  5.0/52  lifetime_outcomes={'won': 38, 'stalled': 1, 'truncated': 76, 'other': 0}  rss= 2433.6MB  (1851s)
  EVAL  step   100000  win_rate=41.50%  mean_return=3462.526  mean_foundation= 28.9/52  mean_length=812.4  q0= 1547.3 vs g0=  481.3  (greedy, 200 fixed deals)
step   101000/400000  eps=0.571  episodes=  116  mean_return=670.000  mean_loss=10140.03034  mean_foundation=  5.0/52  lifetime_outcomes={'won': 38, 'stalled': 1, 'truncated': 77, 'other': 0}  rss= 2435.6MB  (2009s)
step   102000/400000  eps=0.567  episodes=  117  mean_return=1050.000  mean_loss=9782.50588  mean_foundation= 11.0/52  lifetime_outcomes={'won': 38, 'stalled': 1, 'truncated': 78, 'other': 0}  rss= 2439.6MB  (2012s)
step   103000/400000  eps=0.562  episodes=  118  mean_return=340.000  mean_loss=10339.93362  mean_foundation=  3.0/52  lifetime_outcomes={'won': 38, 'stalled': 1, 'truncated': 79, 'other': 0}  rss= 2445.7MB  (2015s)
step   104000/400000  eps=0.558  episodes=  119  mean_return=750.000  mean_loss=9573.33360  mean_foundation=  5.0/52  lifetime_outcomes={'won': 38, 'stalled': 1, 'truncated': 80, 'other': 0}  rss= 2447.7MB  (2018s)
step   105000/400000  eps=0.554  episodes=  120  mean_return=780.000  mean_loss=9502.11017  mean_foundation=  8.0/52  lifetime_outcomes={'won': 38, 'stalled': 1, 'truncated': 81, 'other': 0}  rss= 2453.7MB  (2022s)
step   106000/400000  eps=0.549  episodes=  121  mean_return=980.000  mean_loss=9265.99180  mean_foundation=  7.0/52  lifetime_outcomes={'won': 38, 'stalled': 1, 'truncated': 82, 'other': 0}  rss= 2455.7MB  (2025s)
step   107000/400000  eps=0.545  episodes=  122  mean_return=1390.000  mean_loss=9966.65615  mean_foundation= 21.0/52  lifetime_outcomes={'won': 38, 'stalled': 1, 'truncated': 83, 'other': 0}  rss= 2461.7MB  (2029s)
step   108000/400000  eps=0.541  episodes=  123  mean_return=1160.000  mean_loss=9390.44026  mean_foundation=  9.0/52  lifetime_outcomes={'won': 38, 'stalled': 1, 'truncated': 84, 'other': 0}  rss= 2463.7MB  (2032s)
step   109000/400000  eps=0.537  episodes=  124  mean_return=220.000  mean_loss=9678.60971  mean_foundation=  4.0/52  lifetime_outcomes={'won': 38, 'stalled': 1, 'truncated': 85, 'other': 0}  rss= 2467.9MB  (2035s)
step   110000/400000  eps=0.532  episodes=  125  mean_return=1490.000  mean_loss=10024.32122  mean_foundation= 17.0/52  lifetime_outcomes={'won': 38, 'stalled': 1, 'truncated': 86, 'other': 0}  rss= 2473.9MB  (2039s)
  EVAL  step   110000  win_rate=34.00%  mean_return=2935.420  mean_foundation= 25.0/52  mean_length=838.1  q0= 1475.7 vs g0=  458.0  (greedy, 200 fixed deals)
step   111000/400000  eps=0.528  episodes=  126  mean_return=890.000  mean_loss=9586.95455  mean_foundation=  8.0/52  lifetime_outcomes={'won': 38, 'stalled': 1, 'truncated': 87, 'other': 0}  rss= 2475.9MB  (2207s)
step   112000/400000  eps=0.524  episodes=  127  mean_return=7046.170  mean_loss=8963.04093  mean_foundation= 52.0/52  lifetime_outcomes={'won': 39, 'stalled': 1, 'truncated': 87, 'other': 0}  rss= 2481.9MB  (2210s)
step   113000/400000  eps=0.520  episodes=  128  mean_return=830.000  mean_loss=9224.55234  mean_foundation= 14.0/52  lifetime_outcomes={'won': 39, 'stalled': 1, 'truncated': 88, 'other': 0}  rss= 2483.9MB  (2214s)
step   114000/400000  eps=0.516  episodes=  129  mean_return=1580.000  mean_loss=9408.18464  mean_foundation= 29.0/52  lifetime_outcomes={'won': 39, 'stalled': 1, 'truncated': 89, 'other': 0}  rss= 2487.9MB  (2217s)
step   115000/400000  eps=0.511  episodes=  131  mean_return=3652.180  mean_loss=8406.77184  mean_foundation= 27.0/52  lifetime_outcomes={'won': 40, 'stalled': 1, 'truncated': 90, 'other': 0}  rss= 2492.0MB  (2220s)
step   116000/400000  eps=0.507  episodes=  132  mean_return=820.000  mean_loss=8964.09634  mean_foundation=  8.0/52  lifetime_outcomes={'won': 40, 'stalled': 1, 'truncated': 91, 'other': 0}  rss= 2496.0MB  (2223s)
step   117000/400000  eps=0.503  episodes=  133  mean_return=460.000  mean_loss=9305.23328  mean_foundation=  1.0/52  lifetime_outcomes={'won': 40, 'stalled': 1, 'truncated': 92, 'other': 0}  rss= 2502.0MB  (2226s)
step   118000/400000  eps=0.499  episodes=  134  mean_return=1140.000  mean_loss=9370.86850  mean_foundation= 13.0/52  lifetime_outcomes={'won': 40, 'stalled': 1, 'truncated': 93, 'other': 0}  rss= 2504.0MB  (2229s)
step   119000/400000  eps=0.494  episodes=  135  mean_return=900.000  mean_loss=9247.61954  mean_foundation= 11.0/52  lifetime_outcomes={'won': 40, 'stalled': 1, 'truncated': 94, 'other': 0}  rss= 2508.0MB  (2233s)
step   120000/400000  eps=0.490  episodes=  136  mean_return=1360.000  mean_loss=9065.27363  mean_foundation= 14.0/52  lifetime_outcomes={'won': 40, 'stalled': 1, 'truncated': 95, 'other': 0}  rss= 2512.0MB  (2236s)
  EVAL  step   120000  win_rate=35.50%  mean_return=3063.982  mean_foundation= 26.0/52  mean_length=791.8  q0= 1408.2 vs g0=  546.0  (greedy, 200 fixed deals)
step   121000/400000  eps=0.486  episodes=  137  mean_return=7041.870  mean_loss=8347.47562  mean_foundation= 52.0/52  lifetime_outcomes={'won': 41, 'stalled': 1, 'truncated': 95, 'other': 0}  rss= 2516.1MB  (2393s)
step   122000/400000  eps=0.482  episodes=  138  mean_return=680.000  mean_loss=9794.32729  mean_foundation=  6.0/52  lifetime_outcomes={'won': 41, 'stalled': 1, 'truncated': 96, 'other': 0}  rss= 2520.1MB  (2396s)
step   123000/400000  eps=0.477  episodes=  139  mean_return=7042.970  mean_loss=8716.34725  mean_foundation= 52.0/52  lifetime_outcomes={'won': 42, 'stalled': 1, 'truncated': 96, 'other': 0}  rss= 2524.1MB  (2399s)
step   124000/400000  eps=0.473  episodes=  141  mean_return=3933.575  mean_loss=9052.92119  mean_foundation= 30.5/52  lifetime_outcomes={'won': 43, 'stalled': 1, 'truncated': 97, 'other': 0}  rss= 2528.1MB  (2403s)
step   125000/400000  eps=0.469  episodes=  142  mean_return=370.000  mean_loss=8841.04088  mean_foundation=  4.0/52  lifetime_outcomes={'won': 43, 'stalled': 1, 'truncated': 98, 'other': 0}  rss= 2532.1MB  (2406s)
step   126000/400000  eps=0.465  episodes=  143  mean_return=1250.000  mean_loss=8857.68440  mean_foundation= 11.0/52  lifetime_outcomes={'won': 43, 'stalled': 1, 'truncated': 99, 'other': 0}  rss= 2534.1MB  (2410s)
step   127000/400000  eps=0.460  episodes=  144  mean_return=680.000  mean_loss=8258.64226  mean_foundation= 12.0/52  lifetime_outcomes={'won': 43, 'stalled': 1, 'truncated': 100, 'other': 0}  rss= 2540.1MB  (2413s)
step   128000/400000  eps=0.456  episodes=  145  mean_return=7046.250  mean_loss=8955.04615  mean_foundation= 52.0/52  lifetime_outcomes={'won': 44, 'stalled': 1, 'truncated': 100, 'other': 0}  rss= 2544.2MB  (2417s)
step   129000/400000  eps=0.452  episodes=  148  mean_return=5173.987  mean_loss=8403.61417  mean_foundation= 40.7/52  lifetime_outcomes={'won': 46, 'stalled': 1, 'truncated': 101, 'other': 0}  rss= 2546.2MB  (2420s)
step   130000/400000  eps=0.448  episodes=  149  mean_return=870.000  mean_loss=8496.09493  mean_foundation=  6.0/52  lifetime_outcomes={'won': 46, 'stalled': 1, 'truncated': 102, 'other': 0}  rss= 2552.2MB  (2423s)
  EVAL  step   130000  win_rate=38.00%  mean_return=3236.488  mean_foundation= 27.4/52  mean_length=781.2  q0= 1343.6 vs g0=  560.3  (greedy, 200 fixed deals)
step   131000/400000  eps=0.443  episodes=  150  mean_return=7045.630  mean_loss=7614.09258  mean_foundation= 52.0/52  lifetime_outcomes={'won': 47, 'stalled': 1, 'truncated': 102, 'other': 0}  rss= 2554.2MB  (2578s)
step   132000/400000  eps=0.439  episodes=  152  mean_return=4237.695  mean_loss=8707.56283  mean_foundation= 36.0/52  lifetime_outcomes={'won': 48, 'stalled': 1, 'truncated': 103, 'other': 0}  rss= 2560.2MB  (2582s)
step   133000/400000  eps=0.435  episodes=  153  mean_return=340.000  mean_loss=8738.51183  mean_foundation=  7.0/52  lifetime_outcomes={'won': 48, 'stalled': 1, 'truncated': 104, 'other': 0}  rss= 2562.2MB  (2585s)
step   134000/400000  eps=0.430  episodes=  154  mean_return=550.000  mean_loss=8222.81936  mean_foundation=  5.0/52  lifetime_outcomes={'won': 48, 'stalled': 1, 'truncated': 105, 'other': 0}  rss= 2568.3MB  (2589s)
step   135000/400000  eps=0.426  episodes=  155  mean_return=850.000  mean_loss=7985.33148  mean_foundation=  6.0/52  lifetime_outcomes={'won': 48, 'stalled': 1, 'truncated': 106, 'other': 0}  rss= 2572.3MB  (2592s)
step   136000/400000  eps=0.422  episodes=  156  mean_return=380.000  mean_loss=8240.47196  mean_foundation=  3.0/52  lifetime_outcomes={'won': 48, 'stalled': 1, 'truncated': 107, 'other': 0}  rss= 2574.3MB  (2596s)
step   137000/400000  eps=0.418  episodes=  157  mean_return=7042.110  mean_loss=7220.56861  mean_foundation= 52.0/52  lifetime_outcomes={'won': 49, 'stalled': 1, 'truncated': 107, 'other': 0}  rss= 2580.3MB  (2599s)
step   138000/400000  eps=0.414  episodes=  158  mean_return=1180.000  mean_loss=8058.29993  mean_foundation= 15.0/52  lifetime_outcomes={'won': 49, 'stalled': 1, 'truncated': 108, 'other': 0}  rss= 2582.3MB  (2603s)
step   139000/400000  eps=0.409  episodes=  160  mean_return=7043.435  mean_loss=7956.38852  mean_foundation= 52.0/52  lifetime_outcomes={'won': 51, 'stalled': 1, 'truncated': 108, 'other': 0}  rss= 2588.4MB  (2606s)
step   140000/400000  eps=0.405  episodes=  161  mean_return=720.000  mean_loss=8069.96869  mean_foundation=  9.0/52  lifetime_outcomes={'won': 51, 'stalled': 1, 'truncated': 109, 'other': 0}  rss= 2590.4MB  (2610s)
  EVAL  step   140000  win_rate=39.50%  mean_return=3294.099  mean_foundation= 27.8/52  mean_length=780.1  q0= 1300.9 vs g0=  508.5  (greedy, 200 fixed deals)
step   141000/400000  eps=0.401  episodes=  162  mean_return=7045.990  mean_loss=7374.16448  mean_foundation= 52.0/52  lifetime_outcomes={'won': 52, 'stalled': 1, 'truncated': 109, 'other': 0}  rss= 2594.4MB  (2760s)
step   142000/400000  eps=0.397  episodes=  163  mean_return=1280.000  mean_loss=7809.10449  mean_foundation= 20.0/52  lifetime_outcomes={'won': 52, 'stalled': 1, 'truncated': 110, 'other': 0}  rss= 2600.4MB  (2764s)
step   143000/400000  eps=0.392  episodes=  165  mean_return=4191.670  mean_loss=7979.73295  mean_foundation= 34.0/52  lifetime_outcomes={'won': 53, 'stalled': 1, 'truncated': 111, 'other': 0}  rss= 2602.4MB  (2767s)
step   144000/400000  eps=0.388  episodes=  166  mean_return=7046.570  mean_loss=7087.61809  mean_foundation= 52.0/52  lifetime_outcomes={'won': 54, 'stalled': 1, 'truncated': 111, 'other': 0}  rss= 2608.4MB  (2771s)
step   145000/400000  eps=0.384  episodes=  167  mean_return=530.000  mean_loss=7885.19622  mean_foundation=  5.0/52  lifetime_outcomes={'won': 54, 'stalled': 1, 'truncated': 112, 'other': 0}  rss= 2610.4MB  (2774s)
step   146000/400000  eps=0.380  episodes=  168  mean_return=930.000  mean_loss=7556.84555  mean_foundation=  5.0/52  lifetime_outcomes={'won': 54, 'stalled': 1, 'truncated': 113, 'other': 0}  rss= 2614.5MB  (2777s)
step   147000/400000  eps=0.375  episodes=  170  mean_return=3996.655  mean_loss=7390.39627  mean_foundation= 29.0/52  lifetime_outcomes={'won': 55, 'stalled': 1, 'truncated': 114, 'other': 0}  rss= 2618.5MB  (2781s)
step   148000/400000  eps=0.371  episodes=  171  mean_return=1150.000  mean_loss=7141.54357  mean_foundation= 21.0/52  lifetime_outcomes={'won': 55, 'stalled': 1, 'truncated': 115, 'other': 0}  rss= 2622.5MB  (2784s)
step   149000/400000  eps=0.367  episodes=  173  mean_return=7046.190  mean_loss=7266.97514  mean_foundation= 52.0/52  lifetime_outcomes={'won': 57, 'stalled': 1, 'truncated': 115, 'other': 0}  rss= 2628.5MB  (2788s)
step   150000/400000  eps=0.363  episodes=  174  mean_return=7041.820  mean_loss=6835.96578  mean_foundation= 52.0/52  lifetime_outcomes={'won': 58, 'stalled': 1, 'truncated': 115, 'other': 0}  rss= 2630.5MB  (2791s)
  EVAL  step   150000  win_rate=39.00%  mean_return=3286.988  mean_foundation= 28.1/52  mean_length=796.2  q0= 1256.5 vs g0=  525.2  (greedy, 200 fixed deals)
step   151000/400000  eps=0.358  episodes=  175  mean_return=200.000  mean_loss=7142.17420  mean_foundation=  2.0/52  lifetime_outcomes={'won': 58, 'stalled': 1, 'truncated': 116, 'other': 0}  rss= 2636.5MB  (2954s)
step   152000/400000  eps=0.354  episodes=  176  mean_return=790.000  mean_loss=6978.89176  mean_foundation=  8.0/52  lifetime_outcomes={'won': 58, 'stalled': 1, 'truncated': 117, 'other': 0}  rss= 2638.6MB  (2957s)
step   153000/400000  eps=0.350  episodes=  177  mean_return=900.000  mean_loss=6752.05707  mean_foundation= 10.0/52  lifetime_outcomes={'won': 58, 'stalled': 1, 'truncated': 118, 'other': 0}  rss= 2642.6MB  (2960s)
step   154000/400000  eps=0.346  episodes=  178  mean_return=1040.000  mean_loss=6935.58940  mean_foundation= 11.0/52  lifetime_outcomes={'won': 58, 'stalled': 1, 'truncated': 119, 'other': 0}  rss= 2646.6MB  (2963s)
step   155000/400000  eps=0.341  episodes=  180  mean_return=3658.645  mean_loss=6342.67252  mean_foundation= 28.0/52  lifetime_outcomes={'won': 59, 'stalled': 1, 'truncated': 120, 'other': 0}  rss= 2650.6MB  (2967s)
step   156000/400000  eps=0.337  episodes=  182  mean_return=7045.485  mean_loss=6809.56040  mean_foundation= 52.0/52  lifetime_outcomes={'won': 61, 'stalled': 1, 'truncated': 120, 'other': 0}  rss= 2652.6MB  (2970s)
step   157000/400000  eps=0.333  episodes=  185  mean_return=7045.877  mean_loss=6920.80208  mean_foundation= 52.0/52  lifetime_outcomes={'won': 64, 'stalled': 1, 'truncated': 120, 'other': 0}  rss= 2658.7MB  (2973s)
step   158000/400000  eps=0.329  episodes=  186  mean_return=790.000  mean_loss=7369.82825  mean_foundation=  9.0/52  lifetime_outcomes={'won': 64, 'stalled': 1, 'truncated': 121, 'other': 0}  rss= 2660.7MB  (2977s)
step   159000/400000  eps=0.324  episodes=  188  mean_return=7045.460  mean_loss=6588.52752  mean_foundation= 52.0/52  lifetime_outcomes={'won': 66, 'stalled': 1, 'truncated': 121, 'other': 0}  rss= 2666.7MB  (2980s)
step   160000/400000  eps=0.320  episodes=  189  mean_return=930.000  mean_loss=6429.19776  mean_foundation=  9.0/52  lifetime_outcomes={'won': 66, 'stalled': 1, 'truncated': 122, 'other': 0}  rss= 2670.8MB  (2984s)
  EVAL  step   160000  win_rate=36.50%  mean_return=3119.271  mean_foundation= 26.7/52  mean_length=802.9  q0= 1211.9 vs g0=  512.1  (greedy, 200 fixed deals)
step   161000/400000  eps=0.316  episodes=  191  mean_return=7045.495  mean_loss=7023.47739  mean_foundation= 52.0/52  lifetime_outcomes={'won': 68, 'stalled': 1, 'truncated': 122, 'other': 0}  rss= 2674.8MB  (3143s)
step   162000/400000  eps=0.311  episodes=  192  mean_return=7045.510  mean_loss=6975.64579  mean_foundation= 52.0/52  lifetime_outcomes={'won': 69, 'stalled': 1, 'truncated': 122, 'other': 0}  rss= 2678.8MB  (3147s)
step   163000/400000  eps=0.307  episodes=  194  mean_return=3992.410  mean_loss=6348.04176  mean_foundation= 31.5/52  lifetime_outcomes={'won': 70, 'stalled': 1, 'truncated': 123, 'other': 0}  rss= 2680.8MB  (3150s)
step   164000/400000  eps=0.303  episodes=  195  mean_return=1730.000  mean_loss=7235.82931  mean_foundation= 29.0/52  lifetime_outcomes={'won': 70, 'stalled': 1, 'truncated': 124, 'other': 0}  rss= 2686.8MB  (3153s)
step   165000/400000  eps=0.299  episodes=  196  mean_return=670.000  mean_loss=6774.63693  mean_foundation=  5.0/52  lifetime_outcomes={'won': 70, 'stalled': 1, 'truncated': 125, 'other': 0}  rss= 2688.9MB  (3157s)
step   166000/400000  eps=0.295  episodes=  197  mean_return=1490.000  mean_loss=6142.45539  mean_foundation= 11.0/52  lifetime_outcomes={'won': 70, 'stalled': 1, 'truncated': 126, 'other': 0}  rss= 2694.9MB  (3160s)
step   167000/400000  eps=0.290  episodes=  199  mean_return=7045.590  mean_loss=6443.48766  mean_foundation= 52.0/52  lifetime_outcomes={'won': 72, 'stalled': 1, 'truncated': 126, 'other': 0}  rss= 2698.9MB  (3164s)
step   168000/400000  eps=0.286  episodes=  200  mean_return=510.000  mean_loss=6099.41829  mean_foundation=  8.0/52  lifetime_outcomes={'won': 72, 'stalled': 1, 'truncated': 127, 'other': 0}  rss= 2700.9MB  (3167s)
step   169000/400000  eps=0.282  episodes=  202  mean_return=4018.330  mean_loss=6314.69656  mean_foundation= 33.5/52  lifetime_outcomes={'won': 73, 'stalled': 1, 'truncated': 128, 'other': 0}  rss= 2707.0MB  (3171s)
step   170000/400000  eps=0.278  episodes=  203  mean_return=1300.000  mean_loss=6249.44729  mean_foundation= 20.0/52  lifetime_outcomes={'won': 73, 'stalled': 1, 'truncated': 129, 'other': 0}  rss= 2709.0MB  (3174s)
  EVAL  step   170000  win_rate=36.00%  mean_return=3103.603  mean_foundation= 26.9/52  mean_length=784.8  q0= 1186.4 vs g0=  550.2  (greedy, 200 fixed deals)
step   171000/400000  eps=0.273  episodes=  204  mean_return=900.000  mean_loss=6333.87313  mean_foundation= 10.0/52  lifetime_outcomes={'won': 73, 'stalled': 1, 'truncated': 130, 'other': 0}  rss= 2715.0MB  (3330s)
step   172000/400000  eps=0.269  episodes=  205  mean_return=1310.000  mean_loss=6715.46175  mean_foundation=  8.0/52  lifetime_outcomes={'won': 73, 'stalled': 1, 'truncated': 131, 'other': 0}  rss= 2717.0MB  (3333s)
step   173000/400000  eps=0.265  episodes=  206  mean_return=7005.700  mean_loss=6629.65367  mean_foundation= 52.0/52  lifetime_outcomes={'won': 74, 'stalled': 1, 'truncated': 131, 'other': 0}  rss= 2721.1MB  (3337s)
step   174000/400000  eps=0.261  episodes=  207  mean_return=1060.000  mean_loss=6520.22381  mean_foundation= 10.0/52  lifetime_outcomes={'won': 74, 'stalled': 1, 'truncated': 132, 'other': 0}  rss= 2727.1MB  (3341s)
step   175000/400000  eps=0.256  episodes=  208  mean_return=840.000  mean_loss=6268.55948  mean_foundation=  6.0/52  lifetime_outcomes={'won': 74, 'stalled': 1, 'truncated': 133, 'other': 0}  rss= 2729.1MB  (3344s)
step   176000/400000  eps=0.252  episodes=  209  mean_return=7041.420  mean_loss=6581.02616  mean_foundation= 52.0/52  lifetime_outcomes={'won': 75, 'stalled': 1, 'truncated': 133, 'other': 0}  rss= 2735.1MB  (3348s)
step   177000/400000  eps=0.248  episodes=  210  mean_return=540.000  mean_loss=5877.08759  mean_foundation=  5.0/52  lifetime_outcomes={'won': 75, 'stalled': 1, 'truncated': 134, 'other': 0}  rss= 2737.1MB  (3351s)
step   178000/400000  eps=0.244  episodes=  211  mean_return=1200.000  mean_loss=6184.11898  mean_foundation= 14.0/52  lifetime_outcomes={'won': 75, 'stalled': 1, 'truncated': 135, 'other': 0}  rss= 2743.2MB  (3355s)
step   179000/400000  eps=0.239  episodes=  212  mean_return=1390.000  mean_loss=5998.30632  mean_foundation= 23.0/52  lifetime_outcomes={'won': 75, 'stalled': 1, 'truncated': 136, 'other': 0}  rss= 2745.2MB  (3358s)
step   180000/400000  eps=0.235  episodes=  214  mean_return=4087.985  mean_loss=5917.67833  mean_foundation= 31.5/52  lifetime_outcomes={'won': 76, 'stalled': 1, 'truncated': 137, 'other': 0}  rss= 2749.2MB  (3362s)
  EVAL  step   180000  win_rate=33.50%  mean_return=2915.949  mean_foundation= 25.6/52  mean_length=815.1  q0= 1164.3 vs g0=  489.0  (greedy, 200 fixed deals)
step   181000/400000  eps=0.231  episodes=  215  mean_return=7045.150  mean_loss=5792.02231  mean_foundation= 52.0/52  lifetime_outcomes={'won': 77, 'stalled': 1, 'truncated': 137, 'other': 0}  rss= 2755.4MB  (3519s)
step   182000/400000  eps=0.227  episodes=  216  mean_return=880.000  mean_loss=6112.67865  mean_foundation=  7.0/52  lifetime_outcomes={'won': 77, 'stalled': 1, 'truncated': 138, 'other': 0}  rss= 2757.4MB  (3522s)
step   183000/400000  eps=0.222  episodes=  218  mean_return=3802.510  mean_loss=5573.20147  mean_foundation= 29.0/52  lifetime_outcomes={'won': 78, 'stalled': 1, 'truncated': 139, 'other': 0}  rss= 2761.5MB  (3526s)
step   184000/400000  eps=0.218  episodes=  219  mean_return=7044.460  mean_loss=5834.71368  mean_foundation= 52.0/52  lifetime_outcomes={'won': 79, 'stalled': 1, 'truncated': 139, 'other': 0}  rss= 2765.5MB  (3530s)
step   185000/400000  eps=0.214  episodes=  222  mean_return=5007.640  mean_loss=6006.69724  mean_foundation= 38.3/52  lifetime_outcomes={'won': 81, 'stalled': 1, 'truncated': 140, 'other': 0}  rss= 2769.5MB  (3533s)
step   186000/400000  eps=0.210  episodes=  223  mean_return=7006.210  mean_loss=6447.22557  mean_foundation= 52.0/52  lifetime_outcomes={'won': 82, 'stalled': 1, 'truncated': 140, 'other': 0}  rss= 2773.5MB  (3537s)
step   187000/400000  eps=0.205  episodes=  224  mean_return=750.000  mean_loss=6405.46870  mean_foundation= 13.0/52  lifetime_outcomes={'won': 82, 'stalled': 1, 'truncated': 141, 'other': 0}  rss= 2777.5MB  (3540s)
step   188000/400000  eps=0.201  episodes=  225  mean_return=1450.000  mean_loss=5503.33608  mean_foundation= 13.0/52  lifetime_outcomes={'won': 82, 'stalled': 1, 'truncated': 142, 'other': 0}  rss= 2781.6MB  (3544s)
step   189000/400000  eps=0.197  episodes=  226  mean_return=830.000  mean_loss=5671.65773  mean_foundation=  6.0/52  lifetime_outcomes={'won': 82, 'stalled': 1, 'truncated': 143, 'other': 0}  rss= 2785.6MB  (3547s)
step   190000/400000  eps=0.193  episodes=  227  mean_return=1840.000  mean_loss=5700.97519  mean_foundation= 39.0/52  lifetime_outcomes={'won': 82, 'stalled': 1, 'truncated': 144, 'other': 0}  rss= 2787.6MB  (3551s)
  EVAL  step   190000  win_rate=35.50%  mean_return=3077.244  mean_foundation= 26.3/52  mean_length=795.6  q0= 1133.4 vs g0=  519.3  (greedy, 200 fixed deals)
step   191000/400000  eps=0.188  episodes=  229  mean_return=3957.015  mean_loss=5663.11462  mean_foundation= 28.5/52  lifetime_outcomes={'won': 83, 'stalled': 1, 'truncated': 145, 'other': 0}  rss= 2793.6MB  (3707s)
step   192000/400000  eps=0.184  episodes=  230  mean_return=1570.000  mean_loss=5691.96800  mean_foundation= 18.0/52  lifetime_outcomes={'won': 83, 'stalled': 1, 'truncated': 146, 'other': 0}  rss= 2797.7MB  (3711s)
step   193000/400000  eps=0.180  episodes=  231  mean_return=1410.000  mean_loss=5807.87405  mean_foundation= 17.0/52  lifetime_outcomes={'won': 83, 'stalled': 1, 'truncated': 147, 'other': 0}  rss= 2801.7MB  (3715s)
step   194000/400000  eps=0.175  episodes=  232  mean_return=1170.000  mean_loss=5655.40886  mean_foundation=  9.0/52  lifetime_outcomes={'won': 83, 'stalled': 1, 'truncated': 148, 'other': 0}  rss= 2805.7MB  (3718s)
step   195000/400000  eps=0.171  episodes=  233  mean_return=1130.000  mean_loss=5372.21400  mean_foundation=  4.0/52  lifetime_outcomes={'won': 83, 'stalled': 1, 'truncated': 149, 'other': 0}  rss= 2807.7MB  (3722s)
step   196000/400000  eps=0.167  episodes=  234  mean_return=590.000  mean_loss=5951.96820  mean_foundation=  5.0/52  lifetime_outcomes={'won': 83, 'stalled': 1, 'truncated': 150, 'other': 0}  rss= 2813.7MB  (3726s)
step   197000/400000  eps=0.163  episodes=  235  mean_return=7046.130  mean_loss=5320.03745  mean_foundation= 52.0/52  lifetime_outcomes={'won': 84, 'stalled': 1, 'truncated': 150, 'other': 0}  rss= 2815.8MB  (3729s)
step   198000/400000  eps=0.158  episodes=  236  mean_return=330.000  mean_loss=5465.14496  mean_foundation=  4.0/52  lifetime_outcomes={'won': 84, 'stalled': 1, 'truncated': 151, 'other': 0}  rss= 2820.1MB  (3733s)
step   199000/400000  eps=0.154  episodes=  237  mean_return=720.000  mean_loss=5644.83921  mean_foundation= 10.0/52  lifetime_outcomes={'won': 84, 'stalled': 1, 'truncated': 152, 'other': 0}  rss= 2821.3MB  (3736s)
step   200000/400000  eps=0.150  episodes=  239  mean_return=4168.570  mean_loss=5720.52489  mean_foundation= 32.0/52  lifetime_outcomes={'won': 85, 'stalled': 1, 'truncated': 153, 'other': 0}  rss= 2824.7MB  (3740s)
  EVAL  step   200000  win_rate=37.00%  mean_return=3144.648  mean_foundation= 26.6/52  mean_length=810.2  q0= 1091.8 vs g0=  486.8  (greedy, 200 fixed deals)
step   201000/400000  eps=0.150  episodes=  240  mean_return=670.000  mean_loss=5108.92267  mean_foundation= 13.0/52  lifetime_outcomes={'won': 85, 'stalled': 1, 'truncated': 154, 'other': 0}  rss= 2824.7MB  (3899s)
step   202000/400000  eps=0.150  episodes=  242  mean_return=3977.710  mean_loss=5428.89805  mean_foundation= 31.5/52  lifetime_outcomes={'won': 86, 'stalled': 1, 'truncated': 155, 'other': 0}  rss= 2824.7MB  (3903s)
step   203000/400000  eps=0.150  episodes=  244  mean_return=7025.375  mean_loss=5306.94025  mean_foundation= 52.0/52  lifetime_outcomes={'won': 88, 'stalled': 1, 'truncated': 155, 'other': 0}  rss= 2824.7MB  (3906s)
step   204000/400000  eps=0.150  episodes=  245  mean_return=300.000  mean_loss=5100.59360  mean_foundation=  5.0/52  lifetime_outcomes={'won': 88, 'stalled': 1, 'truncated': 156, 'other': 0}  rss= 2824.7MB  (3910s)
step   205000/400000  eps=0.150  episodes=  246  mean_return=990.000  mean_loss=5426.40192  mean_foundation=  5.0/52  lifetime_outcomes={'won': 88, 'stalled': 1, 'truncated': 157, 'other': 0}  rss= 2824.7MB  (3913s)
step   206000/400000  eps=0.150  episodes=  247  mean_return=7006.290  mean_loss=5610.01805  mean_foundation= 52.0/52  lifetime_outcomes={'won': 89, 'stalled': 1, 'truncated': 157, 'other': 0}  rss= 2824.7MB  (3916s)
step   207000/400000  eps=0.150  episodes=  248  mean_return=720.000  mean_loss=5450.83007  mean_foundation=  4.0/52  lifetime_outcomes={'won': 89, 'stalled': 1, 'truncated': 158, 'other': 0}  rss= 2824.7MB  (3920s)
step   208000/400000  eps=0.150  episodes=  250  mean_return=3912.515  mean_loss=5162.15760  mean_foundation= 28.5/52  lifetime_outcomes={'won': 90, 'stalled': 1, 'truncated': 159, 'other': 0}  rss= 2824.7MB  (3923s)
step   209000/400000  eps=0.150  episodes=  253  mean_return=7046.397  mean_loss=5069.51239  mean_foundation= 52.0/52  lifetime_outcomes={'won': 93, 'stalled': 1, 'truncated': 159, 'other': 0}  rss= 2824.7MB  (3927s)
step   210000/400000  eps=0.150  episodes=  254  mean_return=1110.000  mean_loss=4876.57418  mean_foundation= 14.0/52  lifetime_outcomes={'won': 93, 'stalled': 1, 'truncated': 160, 'other': 0}  rss= 2824.7MB  (3930s)
  EVAL  step   210000  win_rate=39.50%  mean_return=3317.344  mean_foundation= 28.0/52  mean_length=800.6  q0= 1072.2 vs g0=  481.9  (greedy, 200 fixed deals)
step   211000/400000  eps=0.150  episodes=  255  mean_return=7045.480  mean_loss=5273.71716  mean_foundation= 52.0/52  lifetime_outcomes={'won': 94, 'stalled': 1, 'truncated': 160, 'other': 0}  rss= 2824.7MB  (4093s)
step   212000/400000  eps=0.150  episodes=  256  mean_return=1210.000  mean_loss=5140.92035  mean_foundation=  9.0/52  lifetime_outcomes={'won': 94, 'stalled': 1, 'truncated': 161, 'other': 0}  rss= 2824.7MB  (4097s)
step   213000/400000  eps=0.150  episodes=  257  mean_return=1040.000  mean_loss=5139.98363  mean_foundation=  8.0/52  lifetime_outcomes={'won': 94, 'stalled': 1, 'truncated': 162, 'other': 0}  rss= 2824.7MB  (4100s)
step   214000/400000  eps=0.150  episodes=  258  mean_return=300.000  mean_loss=4673.25137  mean_foundation=  1.0/52  lifetime_outcomes={'won': 94, 'stalled': 1, 'truncated': 163, 'other': 0}  rss= 2824.7MB  (4104s)
step   215000/400000  eps=0.150  episodes=  260  mean_return=4068.425  mean_loss=4952.96938  mean_foundation= 34.0/52  lifetime_outcomes={'won': 95, 'stalled': 1, 'truncated': 164, 'other': 0}  rss= 2824.7MB  (4107s)
step   216000/400000  eps=0.150  episodes=  261  mean_return=7043.800  mean_loss=4625.36787  mean_foundation= 52.0/52  lifetime_outcomes={'won': 96, 'stalled': 1, 'truncated': 164, 'other': 0}  rss= 2824.7MB  (4111s)
step   217000/400000  eps=0.150  episodes=  262  mean_return=1220.000  mean_loss=5414.09104  mean_foundation= 13.0/52  lifetime_outcomes={'won': 96, 'stalled': 1, 'truncated': 165, 'other': 0}  rss= 2824.7MB  (4114s)
step   218000/400000  eps=0.150  episodes=  264  mean_return=4212.865  mean_loss=4981.40721  mean_foundation= 33.5/52  lifetime_outcomes={'won': 97, 'stalled': 1, 'truncated': 166, 'other': 0}  rss= 2824.7MB  (4118s)
step   219000/400000  eps=0.150  episodes=  265  mean_return=620.000  mean_loss=5107.31572  mean_foundation=  9.0/52  lifetime_outcomes={'won': 97, 'stalled': 1, 'truncated': 167, 'other': 0}  rss= 2824.7MB  (4121s)
step   220000/400000  eps=0.150  episodes=  266  mean_return=1410.000  mean_loss=4542.83421  mean_foundation= 26.0/52  lifetime_outcomes={'won': 97, 'stalled': 1, 'truncated': 168, 'other': 0}  rss= 2824.7MB  (4125s)
  EVAL  step   220000  win_rate=40.00%  mean_return=3353.870  mean_foundation= 28.1/52  mean_length=808.0  q0= 1061.2 vs g0=  481.4  (greedy, 200 fixed deals)
step   221000/400000  eps=0.150  episodes=  267  mean_return=190.000  mean_loss=5022.27523  mean_foundation=  2.0/52  lifetime_outcomes={'won': 97, 'stalled': 1, 'truncated': 169, 'other': 0}  rss= 2824.7MB  (4283s)
step   222000/400000  eps=0.150  episodes=  268  mean_return=1490.000  mean_loss=4665.73201  mean_foundation= 17.0/52  lifetime_outcomes={'won': 97, 'stalled': 1, 'truncated': 170, 'other': 0}  rss= 2824.7MB  (4286s)
step   223000/400000  eps=0.150  episodes=  269  mean_return=7045.900  mean_loss=4914.87871  mean_foundation= 52.0/52  lifetime_outcomes={'won': 98, 'stalled': 1, 'truncated': 170, 'other': 0}  rss= 2824.7MB  (4290s)
step   224000/400000  eps=0.150  episodes=  271  mean_return=4167.665  mean_loss=4811.27423  mean_foundation= 39.0/52  lifetime_outcomes={'won': 99, 'stalled': 1, 'truncated': 171, 'other': 0}  rss= 2824.7MB  (4294s)
step   225000/400000  eps=0.150  episodes=  273  mean_return=4033.330  mean_loss=4798.06466  mean_foundation= 32.0/52  lifetime_outcomes={'won': 100, 'stalled': 1, 'truncated': 172, 'other': 0}  rss= 2824.7MB  (4297s)
step   226000/400000  eps=0.150  episodes=  275  mean_return=7044.995  mean_loss=4517.47781  mean_foundation= 52.0/52  lifetime_outcomes={'won': 102, 'stalled': 1, 'truncated': 172, 'other': 0}  rss= 2824.7MB  (4301s)
step   227000/400000  eps=0.150  episodes=  276  mean_return=930.000  mean_loss=4419.83541  mean_foundation= 12.0/52  lifetime_outcomes={'won': 102, 'stalled': 1, 'truncated': 173, 'other': 0}  rss= 2824.7MB  (4304s)
step   228000/400000  eps=0.150  episodes=  277  mean_return=7043.950  mean_loss=4593.52624  mean_foundation= 52.0/52  lifetime_outcomes={'won': 103, 'stalled': 1, 'truncated': 173, 'other': 0}  rss= 2824.7MB  (4308s)
step   229000/400000  eps=0.150  episodes=  278  mean_return=1230.000  mean_loss=4695.96232  mean_foundation=  8.0/52  lifetime_outcomes={'won': 103, 'stalled': 1, 'truncated': 174, 'other': 0}  rss= 2824.7MB  (4312s)
step   230000/400000  eps=0.150  episodes=  279  mean_return=370.000  mean_loss=4452.40291  mean_foundation=  2.0/52  lifetime_outcomes={'won': 103, 'stalled': 1, 'truncated': 175, 'other': 0}  rss= 2824.7MB  (4315s)
  EVAL  step   230000  win_rate=37.50%  mean_return=3172.515  mean_foundation= 26.8/52  mean_length=788.5  q0= 1023.0 vs g0=  515.0  (greedy, 200 fixed deals)
step   231000/400000  eps=0.150  episodes=  281  mean_return=3807.390  mean_loss=4513.46229  mean_foundation= 29.5/52  lifetime_outcomes={'won': 104, 'stalled': 1, 'truncated': 176, 'other': 0}  rss= 2824.7MB  (4470s)
step   232000/400000  eps=0.150  episodes=  282  mean_return=7044.410  mean_loss=4035.63455  mean_foundation= 52.0/52  lifetime_outcomes={'won': 105, 'stalled': 1, 'truncated': 176, 'other': 0}  rss= 2824.7MB  (4474s)
step   233000/400000  eps=0.150  episodes=  283  mean_return=1160.000  mean_loss=4261.78012  mean_foundation= 18.0/52  lifetime_outcomes={'won': 105, 'stalled': 1, 'truncated': 177, 'other': 0}  rss= 2824.7MB  (4477s)
step   234000/400000  eps=0.150  episodes=  284  mean_return=640.000  mean_loss=4449.72989  mean_foundation=  7.0/52  lifetime_outcomes={'won': 105, 'stalled': 1, 'truncated': 178, 'other': 0}  rss= 2824.7MB  (4481s)
step   235000/400000  eps=0.150  episodes=  285  mean_return=6960.620  mean_loss=4168.51747  mean_foundation= 52.0/52  lifetime_outcomes={'won': 106, 'stalled': 1, 'truncated': 178, 'other': 0}  rss= 2824.7MB  (4484s)
step   236000/400000  eps=0.150  episodes=  286  mean_return=920.000  mean_loss=3869.92035  mean_foundation=  8.0/52  lifetime_outcomes={'won': 106, 'stalled': 1, 'truncated': 179, 'other': 0}  rss= 2824.7MB  (4488s)
step   237000/400000  eps=0.150  episodes=  288  mean_return=3608.275  mean_loss=3925.88861  mean_foundation= 27.0/52  lifetime_outcomes={'won': 107, 'stalled': 1, 'truncated': 180, 'other': 0}  rss= 2824.7MB  (4491s)
step   238000/400000  eps=0.150  episodes=  289  mean_return=540.000  mean_loss=3865.16786  mean_foundation=  3.0/52  lifetime_outcomes={'won': 107, 'stalled': 1, 'truncated': 181, 'other': 0}  rss= 2824.7MB  (4495s)
step   239000/400000  eps=0.150  episodes=  290  mean_return=7041.490  mean_loss=3679.49641  mean_foundation= 52.0/52  lifetime_outcomes={'won': 108, 'stalled': 1, 'truncated': 181, 'other': 0}  rss= 2824.7MB  (4498s)
step   240000/400000  eps=0.150  episodes=  291  mean_return=660.000  mean_loss=3795.04259  mean_foundation=  8.0/52  lifetime_outcomes={'won': 108, 'stalled': 1, 'truncated': 182, 'other': 0}  rss= 2824.7MB  (4502s)
  EVAL  step   240000  win_rate=42.00%  mean_return=3486.507  mean_foundation= 29.6/52  mean_length=799.3  q0=  995.0 vs g0=  492.0  (greedy, 200 fixed deals)
step   241000/400000  eps=0.150  episodes=  292  mean_return=1610.000  mean_loss=3822.23143  mean_foundation= 28.0/52  lifetime_outcomes={'won': 108, 'stalled': 1, 'truncated': 183, 'other': 0}  rss= 2824.7MB  (4657s)
step   242000/400000  eps=0.150  episodes=  293  mean_return=7046.580  mean_loss=3655.84095  mean_foundation= 52.0/52  lifetime_outcomes={'won': 109, 'stalled': 1, 'truncated': 183, 'other': 0}  rss= 2824.7MB  (4660s)
step   243000/400000  eps=0.150  episodes=  294  mean_return= 30.000  mean_loss=3809.07246  mean_foundation=  4.0/52  lifetime_outcomes={'won': 109, 'stalled': 1, 'truncated': 184, 'other': 0}  rss= 2824.7MB  (4664s)
step   244000/400000  eps=0.150  episodes=  295  mean_return=680.000  mean_loss=3547.69573  mean_foundation=  6.0/52  lifetime_outcomes={'won': 109, 'stalled': 1, 'truncated': 185, 'other': 0}  rss= 2824.7MB  (4668s)
step   245000/400000  eps=0.150  episodes=  296  mean_return=1260.000  mean_loss=3493.28553  mean_foundation= 12.0/52  lifetime_outcomes={'won': 109, 'stalled': 1, 'truncated': 186, 'other': 0}  rss= 2824.7MB  (4671s)
step   246000/400000  eps=0.150  episodes=  298  mean_return=3666.870  mean_loss=3602.01290  mean_foundation= 28.0/52  lifetime_outcomes={'won': 110, 'stalled': 1, 'truncated': 187, 'other': 0}  rss= 2824.7MB  (4675s)
step   247000/400000  eps=0.150  episodes=  299  mean_return=7045.540  mean_loss=3396.01005  mean_foundation= 52.0/52  lifetime_outcomes={'won': 111, 'stalled': 1, 'truncated': 187, 'other': 0}  rss= 2824.7MB  (4678s)
step   248000/400000  eps=0.150  episodes=  301  mean_return=3770.400  mean_loss=3872.09148  mean_foundation= 26.0/52  lifetime_outcomes={'won': 112, 'stalled': 1, 'truncated': 188, 'other': 0}  rss= 2824.7MB  (4682s)
step   249000/400000  eps=0.150  episodes=  302  mean_return=7045.140  mean_loss=3526.02128  mean_foundation= 52.0/52  lifetime_outcomes={'won': 113, 'stalled': 1, 'truncated': 188, 'other': 0}  rss= 2824.7MB  (4686s)
step   250000/400000  eps=0.150  episodes=  303  mean_return=840.000  mean_loss=3331.59977  mean_foundation= 10.0/52  lifetime_outcomes={'won': 113, 'stalled': 1, 'truncated': 189, 'other': 0}  rss= 2824.7MB  (4689s)
  EVAL  step   250000  win_rate=37.50%  mean_return=3222.331  mean_foundation= 27.5/52  mean_length=796.9  q0=  986.8 vs g0=  520.4  (greedy, 200 fixed deals)
step   251000/400000  eps=0.150  episodes=  305  mean_return=7043.650  mean_loss=3554.14440  mean_foundation= 52.0/52  lifetime_outcomes={'won': 115, 'stalled': 1, 'truncated': 189, 'other': 0}  rss= 2824.7MB  (4848s)
step   252000/400000  eps=0.150  episodes=  306  mean_return=700.000  mean_loss=3643.89245  mean_foundation=  7.0/52  lifetime_outcomes={'won': 115, 'stalled': 1, 'truncated': 190, 'other': 0}  rss= 2824.7MB  (4851s)
step   253000/400000  eps=0.150  episodes=  307  mean_return=7046.860  mean_loss=3715.47822  mean_foundation= 52.0/52  lifetime_outcomes={'won': 116, 'stalled': 1, 'truncated': 190, 'other': 0}  rss= 2824.7MB  (4855s)
step   254000/400000  eps=0.150  episodes=  308  mean_return=900.000  mean_loss=3551.87371  mean_foundation=  9.0/52  lifetime_outcomes={'won': 116, 'stalled': 1, 'truncated': 191, 'other': 0}  rss= 2824.7MB  (4858s)
step   255000/400000  eps=0.150  episodes=  310  mean_return=3983.090  mean_loss=3409.13711  mean_foundation= 28.5/52  lifetime_outcomes={'won': 117, 'stalled': 1, 'truncated': 192, 'other': 0}  rss= 2824.7MB  (4862s)
step   256000/400000  eps=0.150  episodes=  312  mean_return=4037.340  mean_loss=3351.07146  mean_foundation= 34.0/52  lifetime_outcomes={'won': 118, 'stalled': 1, 'truncated': 193, 'other': 0}  rss= 2824.7MB  (4865s)
step   257000/400000  eps=0.150  episodes=  313  mean_return=7044.730  mean_loss=3393.99503  mean_foundation= 52.0/52  lifetime_outcomes={'won': 119, 'stalled': 1, 'truncated': 193, 'other': 0}  rss= 2824.7MB  (4868s)
step   258000/400000  eps=0.150  episodes=  315  mean_return=4268.135  mean_loss=3385.31084  mean_foundation= 36.5/52  lifetime_outcomes={'won': 120, 'stalled': 1, 'truncated': 194, 'other': 0}  rss= 2824.7MB  (4872s)
step   259000/400000  eps=0.150  episodes=  316  mean_return=970.000  mean_loss=3318.72686  mean_foundation= 10.0/52  lifetime_outcomes={'won': 120, 'stalled': 1, 'truncated': 195, 'other': 0}  rss= 2824.7MB  (4875s)
step   260000/400000  eps=0.150  episodes=  317  mean_return=7040.400  mean_loss=3167.48145  mean_foundation= 52.0/52  lifetime_outcomes={'won': 121, 'stalled': 1, 'truncated': 195, 'other': 0}  rss= 2824.7MB  (4879s)
  EVAL  step   260000  win_rate=40.00%  mean_return=3370.200  mean_foundation= 28.5/52  mean_length=800.1  q0=  948.8 vs g0=  494.7  (greedy, 200 fixed deals)
step   261000/400000  eps=0.150  episodes=  318  mean_return=1080.000  mean_loss=3495.41172  mean_foundation= 15.0/52  lifetime_outcomes={'won': 121, 'stalled': 1, 'truncated': 196, 'other': 0}  rss= 2824.7MB  (5037s)
step   262000/400000  eps=0.150  episodes=  319  mean_return=1350.000  mean_loss=3392.30256  mean_foundation= 11.0/52  lifetime_outcomes={'won': 121, 'stalled': 1, 'truncated': 197, 'other': 0}  rss= 2824.7MB  (5041s)
step   263000/400000  eps=0.150  episodes=  320  mean_return=1000.000  mean_loss=3293.74483  mean_foundation=  9.0/52  lifetime_outcomes={'won': 121, 'stalled': 1, 'truncated': 198, 'other': 0}  rss= 2824.7MB  (5045s)
step   264000/400000  eps=0.150  episodes=  321  mean_return=7043.660  mean_loss=3308.39248  mean_foundation= 52.0/52  lifetime_outcomes={'won': 122, 'stalled': 1, 'truncated': 198, 'other': 0}  rss= 2824.7MB  (5048s)
step   265000/400000  eps=0.150  episodes=  323  mean_return=3942.855  mean_loss=3429.79366  mean_foundation= 28.5/52  lifetime_outcomes={'won': 123, 'stalled': 1, 'truncated': 199, 'other': 0}  rss= 2824.7MB  (5052s)
step   266000/400000  eps=0.150  episodes=  324  mean_return=460.000  mean_loss=3293.57320  mean_foundation= 12.0/52  lifetime_outcomes={'won': 123, 'stalled': 1, 'truncated': 200, 'other': 0}  rss= 2824.7MB  (5055s)
step   267000/400000  eps=0.150  episodes=  325  mean_return=910.000  mean_loss=3143.53740  mean_foundation= 12.0/52  lifetime_outcomes={'won': 123, 'stalled': 1, 'truncated': 201, 'other': 0}  rss= 2824.7MB  (5059s)
step   268000/400000  eps=0.150  episodes=  326  mean_return=7044.950  mean_loss=3202.10087  mean_foundation= 52.0/52  lifetime_outcomes={'won': 124, 'stalled': 1, 'truncated': 201, 'other': 0}  rss= 2824.7MB  (5062s)
step   269000/400000  eps=0.150  episodes=  327  mean_return=400.000  mean_loss=3252.66717  mean_foundation=  9.0/52  lifetime_outcomes={'won': 124, 'stalled': 1, 'truncated': 202, 'other': 0}  rss= 2824.7MB  (5066s)
step   270000/400000  eps=0.150  episodes=  329  mean_return=4092.520  mean_loss=3241.99084  mean_foundation= 30.0/52  lifetime_outcomes={'won': 125, 'stalled': 1, 'truncated': 203, 'other': 0}  rss= 2824.7MB  (5070s)
  EVAL  step   270000  win_rate=39.00%  mean_return=3279.024  mean_foundation= 27.8/52  mean_length=777.6  q0=  920.6 vs g0=  539.5  (greedy, 200 fixed deals)
step   271000/400000  eps=0.150  episodes=  330  mean_return=7043.560  mean_loss=3171.51848  mean_foundation= 52.0/52  lifetime_outcomes={'won': 126, 'stalled': 1, 'truncated': 203, 'other': 0}  rss= 2824.7MB  (5225s)
step   272000/400000  eps=0.150  episodes=  331  mean_return=1330.000  mean_loss=3280.83003  mean_foundation= 15.0/52  lifetime_outcomes={'won': 126, 'stalled': 1, 'truncated': 204, 'other': 0}  rss= 2824.7MB  (5229s)
step   273000/400000  eps=0.150  episodes=  332  mean_return=1800.000  mean_loss=3088.55312  mean_foundation= 45.0/52  lifetime_outcomes={'won': 126, 'stalled': 1, 'truncated': 205, 'other': 0}  rss= 2824.7MB  (5232s)
step   274000/400000  eps=0.150  episodes=  333  mean_return=1420.000  mean_loss=3254.14389  mean_foundation= 19.0/52  lifetime_outcomes={'won': 126, 'stalled': 1, 'truncated': 206, 'other': 0}  rss= 2824.7MB  (5236s)
step   275000/400000  eps=0.150  episodes=  334  mean_return=1610.000  mean_loss=3268.77965  mean_foundation= 24.0/52  lifetime_outcomes={'won': 126, 'stalled': 1, 'truncated': 207, 'other': 0}  rss= 2824.7MB  (5239s)
step   276000/400000  eps=0.150  episodes=  335  mean_return=1620.000  mean_loss=3294.52579  mean_foundation= 27.0/52  lifetime_outcomes={'won': 126, 'stalled': 1, 'truncated': 208, 'other': 0}  rss= 2824.7MB  (5243s)
step   277000/400000  eps=0.150  episodes=  336  mean_return=1730.000  mean_loss=3253.19602  mean_foundation= 40.0/52  lifetime_outcomes={'won': 126, 'stalled': 1, 'truncated': 209, 'other': 0}  rss= 2824.7MB  (5247s)
step   278000/400000  eps=0.150  episodes=  338  mean_return=7044.595  mean_loss=2998.91001  mean_foundation= 52.0/52  lifetime_outcomes={'won': 128, 'stalled': 1, 'truncated': 209, 'other': 0}  rss= 2824.7MB  (5250s)
step   279000/400000  eps=0.150  episodes=  340  mean_return=7044.785  mean_loss=3407.87287  mean_foundation= 52.0/52  lifetime_outcomes={'won': 130, 'stalled': 1, 'truncated': 209, 'other': 0}  rss= 2824.7MB  (5254s)
step   280000/400000  eps=0.150  episodes=  341  mean_return=440.000  mean_loss=3201.82740  mean_foundation= 14.0/52  lifetime_outcomes={'won': 130, 'stalled': 1, 'truncated': 210, 'other': 0}  rss= 2824.7MB  (5258s)
  EVAL  step   280000  win_rate=35.50%  mean_return=3092.054  mean_foundation= 26.6/52  mean_length=804.6  q0=  888.0 vs g0=  520.2  (greedy, 200 fixed deals)
step   281000/400000  eps=0.150  episodes=  342  mean_return=350.000  mean_loss=3238.04498  mean_foundation=  5.0/52  lifetime_outcomes={'won': 130, 'stalled': 1, 'truncated': 211, 'other': 0}  rss= 2824.7MB  (5416s)
step   282000/400000  eps=0.150  episodes=  343  mean_return=1070.000  mean_loss=3194.12317  mean_foundation= 10.0/52  lifetime_outcomes={'won': 130, 'stalled': 1, 'truncated': 212, 'other': 0}  rss= 2824.7MB  (5419s)
step   283000/400000  eps=0.150  episodes=  344  mean_return=720.000  mean_loss=3186.13091  mean_foundation= 11.0/52  lifetime_outcomes={'won': 130, 'stalled': 1, 'truncated': 213, 'other': 0}  rss= 2824.7MB  (5423s)
step   284000/400000  eps=0.150  episodes=  345  mean_return=7040.350  mean_loss=3259.71118  mean_foundation= 52.0/52  lifetime_outcomes={'won': 131, 'stalled': 1, 'truncated': 213, 'other': 0}  rss= 2824.7MB  (5426s)
step   285000/400000  eps=0.150  episodes=  346  mean_return=7045.330  mean_loss=3310.73383  mean_foundation= 52.0/52  lifetime_outcomes={'won': 132, 'stalled': 1, 'truncated': 213, 'other': 0}  rss= 2824.7MB  (5430s)
step   286000/400000  eps=0.150  episodes=  348  mean_return=4081.600  mean_loss=3049.44282  mean_foundation= 33.0/52  lifetime_outcomes={'won': 133, 'stalled': 1, 'truncated': 214, 'other': 0}  rss= 2824.7MB  (5434s)
step   287000/400000  eps=0.150  episodes=  349  mean_return=7045.860  mean_loss=3325.49016  mean_foundation= 52.0/52  lifetime_outcomes={'won': 134, 'stalled': 1, 'truncated': 214, 'other': 0}  rss= 2824.7MB  (5438s)
step   288000/400000  eps=0.150  episodes=  351  mean_return=4031.770  mean_loss=3181.00681  mean_foundation= 27.5/52  lifetime_outcomes={'won': 135, 'stalled': 1, 'truncated': 215, 'other': 0}  rss= 2824.7MB  (5441s)
step   289000/400000  eps=0.150  episodes=  352  mean_return=7045.870  mean_loss=2964.55438  mean_foundation= 52.0/52  lifetime_outcomes={'won': 136, 'stalled': 1, 'truncated': 215, 'other': 0}  rss= 2824.7MB  (5445s)
step   290000/400000  eps=0.150  episodes=  353  mean_return=1020.000  mean_loss=2873.23593  mean_foundation=  4.0/52  lifetime_outcomes={'won': 136, 'stalled': 1, 'truncated': 216, 'other': 0}  rss= 2824.7MB  (5449s)
  EVAL  step   290000  win_rate=38.50%  mean_return=3260.685  mean_foundation= 27.7/52  mean_length=781.6  q0=  846.6 vs g0=  554.0  (greedy, 200 fixed deals)
step   291000/400000  eps=0.150  episodes=  354  mean_return=760.000  mean_loss=3073.99817  mean_foundation= 13.0/52  lifetime_outcomes={'won': 136, 'stalled': 1, 'truncated': 217, 'other': 0}  rss= 2824.7MB  (5604s)
step   292000/400000  eps=0.150  episodes=  356  mean_return=3717.645  mean_loss=2782.54125  mean_foundation= 27.5/52  lifetime_outcomes={'won': 137, 'stalled': 1, 'truncated': 218, 'other': 0}  rss= 2824.7MB  (5607s)
step   293000/400000  eps=0.150  episodes=  357  mean_return=350.000  mean_loss=2973.88247  mean_foundation=  2.0/52  lifetime_outcomes={'won': 137, 'stalled': 1, 'truncated': 219, 'other': 0}  rss= 2824.7MB  (5611s)
step   294000/400000  eps=0.150  episodes=  359  mean_return=7044.810  mean_loss=2766.02555  mean_foundation= 52.0/52  lifetime_outcomes={'won': 139, 'stalled': 1, 'truncated': 219, 'other': 0}  rss= 2824.7MB  (5614s)
step   295000/400000  eps=0.150  episodes=  360  mean_return=1260.000  mean_loss=2715.60903  mean_foundation= 13.0/52  lifetime_outcomes={'won': 139, 'stalled': 1, 'truncated': 220, 'other': 0}  rss= 2824.7MB  (5618s)
step   296000/400000  eps=0.150  episodes=  362  mean_return=7044.775  mean_loss=2910.62252  mean_foundation= 52.0/52  lifetime_outcomes={'won': 141, 'stalled': 1, 'truncated': 220, 'other': 0}  rss= 2824.7MB  (5622s)
step   297000/400000  eps=0.150  episodes=  363  mean_return=390.000  mean_loss=2695.35326  mean_foundation=  6.0/52  lifetime_outcomes={'won': 141, 'stalled': 1, 'truncated': 221, 'other': 0}  rss= 2824.7MB  (5625s)
step   298000/400000  eps=0.150  episodes=  364  mean_return=7045.290  mean_loss=2891.23352  mean_foundation= 52.0/52  lifetime_outcomes={'won': 142, 'stalled': 1, 'truncated': 221, 'other': 0}  rss= 2824.7MB  (5629s)
step   299000/400000  eps=0.150  episodes=  366  mean_return=4128.645  mean_loss=2832.80451  mean_foundation= 35.0/52  lifetime_outcomes={'won': 143, 'stalled': 1, 'truncated': 222, 'other': 0}  rss= 2824.7MB  (5633s)
step   300000/400000  eps=0.150  episodes=  367  mean_return=880.000  mean_loss=2710.77944  mean_foundation=  9.0/52  lifetime_outcomes={'won': 143, 'stalled': 1, 'truncated': 223, 'other': 0}  rss= 2824.7MB  (5636s)
  EVAL  step   300000  win_rate=39.00%  mean_return=3286.534  mean_foundation= 28.2/52  mean_length=786.6  q0=  804.2 vs g0=  542.2  (greedy, 200 fixed deals)
step   301000/400000  eps=0.150  episodes=  368  mean_return=7041.930  mean_loss=2953.83268  mean_foundation= 52.0/52  lifetime_outcomes={'won': 144, 'stalled': 1, 'truncated': 223, 'other': 0}  rss= 2824.7MB  (5793s)
step   302000/400000  eps=0.150  episodes=  370  mean_return=3697.160  mean_loss=2866.71448  mean_foundation= 28.0/52  lifetime_outcomes={'won': 145, 'stalled': 1, 'truncated': 224, 'other': 0}  rss= 2824.7MB  (5796s)
step   303000/400000  eps=0.150  episodes=  371  mean_return=7005.990  mean_loss=2930.37313  mean_foundation= 52.0/52  lifetime_outcomes={'won': 146, 'stalled': 1, 'truncated': 224, 'other': 0}  rss= 2824.7MB  (5800s)
step   304000/400000  eps=0.150  episodes=  372  mean_return=1090.000  mean_loss=2836.75556  mean_foundation=  8.0/52  lifetime_outcomes={'won': 146, 'stalled': 1, 'truncated': 225, 'other': 0}  rss= 2824.7MB  (5803s)
step   305000/400000  eps=0.150  episodes=  375  mean_return=7044.557  mean_loss=2845.78574  mean_foundation= 52.0/52  lifetime_outcomes={'won': 149, 'stalled': 1, 'truncated': 225, 'other': 0}  rss= 2824.7MB  (5807s)
step   306000/400000  eps=0.150  episodes=  378  mean_return=4807.117  mean_loss=2726.19823  mean_foundation= 36.0/52  lifetime_outcomes={'won': 151, 'stalled': 2, 'truncated': 225, 'other': 0}  rss= 2824.7MB  (5811s)
step   307000/400000  eps=0.150  episodes=  379  mean_return=1010.000  mean_loss=2736.59253  mean_foundation=  8.0/52  lifetime_outcomes={'won': 151, 'stalled': 2, 'truncated': 226, 'other': 0}  rss= 2824.7MB  (5814s)
step   308000/400000  eps=0.150  episodes=  380  mean_return=7041.530  mean_loss=2830.41134  mean_foundation= 52.0/52  lifetime_outcomes={'won': 152, 'stalled': 2, 'truncated': 226, 'other': 0}  rss= 2824.7MB  (5817s)
step   309000/400000  eps=0.150  episodes=  381  mean_return=6964.480  mean_loss=2836.97529  mean_foundation= 52.0/52  lifetime_outcomes={'won': 153, 'stalled': 2, 'truncated': 226, 'other': 0}  rss= 2824.7MB  (5821s)
step   310000/400000  eps=0.150  episodes=  382  mean_return=850.000  mean_loss=2774.27474  mean_foundation=  7.0/52  lifetime_outcomes={'won': 153, 'stalled': 2, 'truncated': 227, 'other': 0}  rss= 2824.7MB  (5824s)
  EVAL  step   310000  win_rate=36.00%  mean_return=3117.096  mean_foundation= 26.7/52  mean_length=815.4  q0=  789.6 vs g0=  519.1  (greedy, 200 fixed deals)
step   311000/400000  eps=0.150  episodes=  383  mean_return=650.000  mean_loss=2720.12367  mean_foundation=  6.0/52  lifetime_outcomes={'won': 153, 'stalled': 2, 'truncated': 228, 'other': 0}  rss= 2824.7MB  (5989s)
step   312000/400000  eps=0.150  episodes=  384  mean_return=810.000  mean_loss=2898.68520  mean_foundation= 10.0/52  lifetime_outcomes={'won': 153, 'stalled': 2, 'truncated': 229, 'other': 0}  rss= 2824.7MB  (5992s)
step   313000/400000  eps=0.150  episodes=  386  mean_return=4312.915  mean_loss=2689.29717  mean_foundation= 39.0/52  lifetime_outcomes={'won': 154, 'stalled': 2, 'truncated': 230, 'other': 0}  rss= 2824.7MB  (5996s)
step   314000/400000  eps=0.150  episodes=  388  mean_return=7046.080  mean_loss=2642.84295  mean_foundation= 52.0/52  lifetime_outcomes={'won': 156, 'stalled': 2, 'truncated': 230, 'other': 0}  rss= 2824.7MB  (6000s)
step   315000/400000  eps=0.150  episodes=  390  mean_return=4427.420  mean_loss=2843.80528  mean_foundation= 44.0/52  lifetime_outcomes={'won': 157, 'stalled': 2, 'truncated': 231, 'other': 0}  rss= 2824.7MB  (6003s)
step   316000/400000  eps=0.150  episodes=  391  mean_return=870.000  mean_loss=2777.45469  mean_foundation=  4.0/52  lifetime_outcomes={'won': 157, 'stalled': 2, 'truncated': 232, 'other': 0}  rss= 2824.7MB  (6007s)
step   317000/400000  eps=0.150  episodes=  392  mean_return=7044.770  mean_loss=2787.43567  mean_foundation= 52.0/52  lifetime_outcomes={'won': 158, 'stalled': 2, 'truncated': 232, 'other': 0}  rss= 2824.7MB  (6011s)
step   318000/400000  eps=0.150  episodes=  394  mean_return=3737.935  mean_loss=2592.15588  mean_foundation= 30.5/52  lifetime_outcomes={'won': 159, 'stalled': 2, 'truncated': 233, 'other': 0}  rss= 2824.7MB  (6014s)
step   319000/400000  eps=0.150  episodes=  395  mean_return=7040.080  mean_loss=2757.92713  mean_foundation= 52.0/52  lifetime_outcomes={'won': 160, 'stalled': 2, 'truncated': 233, 'other': 0}  rss= 2824.7MB  (6018s)
step   320000/400000  eps=0.150  episodes=  396  mean_return=7043.270  mean_loss=2593.91760  mean_foundation= 52.0/52  lifetime_outcomes={'won': 161, 'stalled': 2, 'truncated': 233, 'other': 0}  rss= 2824.7MB  (6021s)
  EVAL  step   320000  win_rate=42.00%  mean_return=3481.948  mean_foundation= 29.2/52  mean_length=770.2  q0=  752.4 vs g0=  510.8  (greedy, 200 fixed deals)
step   321000/400000  eps=0.150  episodes=  397  mean_return=380.000  mean_loss=2681.38714  mean_foundation=  3.0/52  lifetime_outcomes={'won': 161, 'stalled': 2, 'truncated': 234, 'other': 0}  rss= 2824.7MB  (6174s)
step   322000/400000  eps=0.150  episodes=  399  mean_return=7045.885  mean_loss=2734.45459  mean_foundation= 52.0/52  lifetime_outcomes={'won': 163, 'stalled': 2, 'truncated': 234, 'other': 0}  rss= 2824.7MB  (6178s)
step   323000/400000  eps=0.150  episodes=  400  mean_return=1040.000  mean_loss=2626.85134  mean_foundation= 13.0/52  lifetime_outcomes={'won': 163, 'stalled': 2, 'truncated': 235, 'other': 0}  rss= 2824.7MB  (6182s)
step   324000/400000  eps=0.150  episodes=  401  mean_return=1000.000  mean_loss=2607.00506  mean_foundation=  7.0/52  lifetime_outcomes={'won': 163, 'stalled': 2, 'truncated': 236, 'other': 0}  rss= 2824.7MB  (6186s)
step   325000/400000  eps=0.150  episodes=  402  mean_return=960.000  mean_loss=2482.39460  mean_foundation=  2.0/52  lifetime_outcomes={'won': 163, 'stalled': 2, 'truncated': 237, 'other': 0}  rss= 2824.7MB  (6189s)
step   326000/400000  eps=0.150  episodes=  403  mean_return=1410.000  mean_loss=2521.53938  mean_foundation= 13.0/52  lifetime_outcomes={'won': 163, 'stalled': 2, 'truncated': 238, 'other': 0}  rss= 2824.7MB  (6193s)
step   327000/400000  eps=0.150  episodes=  404  mean_return=7041.100  mean_loss=2898.61801  mean_foundation= 52.0/52  lifetime_outcomes={'won': 164, 'stalled': 2, 'truncated': 238, 'other': 0}  rss= 2824.7MB  (6197s)
step   328000/400000  eps=0.150  episodes=  405  mean_return=470.000  mean_loss=2629.11766  mean_foundation=  3.0/52  lifetime_outcomes={'won': 164, 'stalled': 2, 'truncated': 239, 'other': 0}  rss= 2824.7MB  (6200s)
step   329000/400000  eps=0.150  episodes=  406  mean_return=1530.000  mean_loss=2673.51444  mean_foundation= 23.0/52  lifetime_outcomes={'won': 164, 'stalled': 2, 'truncated': 240, 'other': 0}  rss= 2824.7MB  (6204s)
step   330000/400000  eps=0.150  episodes=  407  mean_return=510.000  mean_loss=2587.20604  mean_foundation=  7.0/52  lifetime_outcomes={'won': 164, 'stalled': 2, 'truncated': 241, 'other': 0}  rss= 2824.7MB  (6208s)
  EVAL  step   330000  win_rate=36.50%  mean_return=3137.702  mean_foundation= 26.9/52  mean_length=799.8  q0=  731.0 vs g0=  514.4  (greedy, 200 fixed deals)
step   331000/400000  eps=0.150  episodes=  409  mean_return=4072.855  mean_loss=2482.46871  mean_foundation= 32.0/52  lifetime_outcomes={'won': 165, 'stalled': 2, 'truncated': 242, 'other': 0}  rss= 2824.7MB  (6365s)
step   332000/400000  eps=0.150  episodes=  411  mean_return=7044.250  mean_loss=2555.21679  mean_foundation= 52.0/52  lifetime_outcomes={'won': 167, 'stalled': 2, 'truncated': 242, 'other': 0}  rss= 2824.7MB  (6368s)
step   333000/400000  eps=0.150  episodes=  412  mean_return=570.000  mean_loss=2679.81392  mean_foundation=  2.0/52  lifetime_outcomes={'won': 167, 'stalled': 2, 'truncated': 243, 'other': 0}  rss= 2824.7MB  (6372s)
step   334000/400000  eps=0.150  episodes=  413  mean_return=500.000  mean_loss=2512.70276  mean_foundation=  6.0/52  lifetime_outcomes={'won': 167, 'stalled': 2, 'truncated': 244, 'other': 0}  rss= 2824.7MB  (6375s)
step   335000/400000  eps=0.150  episodes=  414  mean_return=870.000  mean_loss=2601.23561  mean_foundation=  6.0/52  lifetime_outcomes={'won': 167, 'stalled': 2, 'truncated': 245, 'other': 0}  rss= 2824.7MB  (6379s)
step   336000/400000  eps=0.150  episodes=  415  mean_return=7046.400  mean_loss=2513.34082  mean_foundation= 52.0/52  lifetime_outcomes={'won': 168, 'stalled': 2, 'truncated': 245, 'other': 0}  rss= 2824.7MB  (6383s)
step   337000/400000  eps=0.150  episodes=  416  mean_return=470.000  mean_loss=2635.20402  mean_foundation=  3.0/52  lifetime_outcomes={'won': 168, 'stalled': 2, 'truncated': 246, 'other': 0}  rss= 2824.7MB  (6387s)
step   338000/400000  eps=0.150  episodes=  418  mean_return=3952.605  mean_loss=2543.93937  mean_foundation= 29.0/52  lifetime_outcomes={'won': 169, 'stalled': 2, 'truncated': 247, 'other': 0}  rss= 2824.7MB  (6391s)
step   339000/400000  eps=0.150  episodes=  420  mean_return=4048.750  mean_loss=2425.23099  mean_foundation= 33.0/52  lifetime_outcomes={'won': 170, 'stalled': 2, 'truncated': 248, 'other': 0}  rss= 2824.7MB  (6394s)
step   340000/400000  eps=0.150  episodes=  422  mean_return=7045.770  mean_loss=2406.17181  mean_foundation= 52.0/52  lifetime_outcomes={'won': 172, 'stalled': 2, 'truncated': 248, 'other': 0}  rss= 2824.7MB  (6398s)
  EVAL  step   340000  win_rate=39.50%  mean_return=3285.794  mean_foundation= 27.9/52  mean_length=765.6  q0=  720.1 vs g0=  546.2  (greedy, 200 fixed deals)
step   341000/400000  eps=0.150  episodes=  423  mean_return=440.000  mean_loss=2441.82274  mean_foundation=  5.0/52  lifetime_outcomes={'won': 172, 'stalled': 2, 'truncated': 249, 'other': 0}  rss= 2824.7MB  (6550s)
step   342000/400000  eps=0.150  episodes=  424  mean_return=980.000  mean_loss=2458.86552  mean_foundation=  5.0/52  lifetime_outcomes={'won': 172, 'stalled': 2, 'truncated': 250, 'other': 0}  rss= 2824.7MB  (6553s)
step   343000/400000  eps=0.150  episodes=  425  mean_return=7046.690  mean_loss=2300.66225  mean_foundation= 52.0/52  lifetime_outcomes={'won': 173, 'stalled': 2, 'truncated': 250, 'other': 0}  rss= 2824.7MB  (6556s)
step   344000/400000  eps=0.150  episodes=  427  mean_return=3578.920  mean_loss=2364.89960  mean_foundation= 26.0/52  lifetime_outcomes={'won': 174, 'stalled': 2, 'truncated': 251, 'other': 0}  rss= 2824.7MB  (6560s)
step   345000/400000  eps=0.150  episodes=  430  mean_return=5147.793  mean_loss=2384.12764  mean_foundation= 41.7/52  lifetime_outcomes={'won': 176, 'stalled': 2, 'truncated': 252, 'other': 0}  rss= 2824.7MB  (6563s)
step   346000/400000  eps=0.150  episodes=  433  mean_return=7033.587  mean_loss=2377.75018  mean_foundation= 52.0/52  lifetime_outcomes={'won': 179, 'stalled': 2, 'truncated': 252, 'other': 0}  rss= 2824.7MB  (6567s)
step   347000/400000  eps=0.150  episodes=  434  mean_return=1540.000  mean_loss=2422.00120  mean_foundation= 26.0/52  lifetime_outcomes={'won': 179, 'stalled': 2, 'truncated': 253, 'other': 0}  rss= 2824.7MB  (6570s)
step   348000/400000  eps=0.150  episodes=  435  mean_return=7045.890  mean_loss=2496.55236  mean_foundation= 52.0/52  lifetime_outcomes={'won': 180, 'stalled': 2, 'truncated': 253, 'other': 0}  rss= 2824.7MB  (6574s)
step   349000/400000  eps=0.150  episodes=  436  mean_return=530.000  mean_loss=2416.10747  mean_foundation=  5.0/52  lifetime_outcomes={'won': 180, 'stalled': 2, 'truncated': 254, 'other': 0}  rss= 2824.7MB  (6577s)
step   350000/400000  eps=0.150  episodes=  437  mean_return=930.000  mean_loss=2362.06599  mean_foundation=  6.0/52  lifetime_outcomes={'won': 180, 'stalled': 2, 'truncated': 255, 'other': 0}  rss= 2824.7MB  (6581s)
  EVAL  step   350000  win_rate=39.50%  mean_return=3307.969  mean_foundation= 27.5/52  mean_length=763.1  q0=  687.9 vs g0=  537.4  (greedy, 200 fixed deals)
step   351000/400000  eps=0.150  episodes=  439  mean_return=3833.040  mean_loss=2368.51478  mean_foundation= 29.5/52  lifetime_outcomes={'won': 181, 'stalled': 2, 'truncated': 256, 'other': 0}  rss= 2824.7MB  (6736s)
step   352000/400000  eps=0.150  episodes=  440  mean_return=650.000  mean_loss=2322.11517  mean_foundation=  7.0/52  lifetime_outcomes={'won': 181, 'stalled': 2, 'truncated': 257, 'other': 0}  rss= 2824.7MB  (6739s)
step   353000/400000  eps=0.150  episodes=  441  mean_return=880.000  mean_loss=2319.99731  mean_foundation=  9.0/52  lifetime_outcomes={'won': 181, 'stalled': 2, 'truncated': 258, 'other': 0}  rss= 2824.7MB  (6743s)
step   354000/400000  eps=0.150  episodes=  442  mean_return=290.000  mean_loss=2367.35558  mean_foundation=  5.0/52  lifetime_outcomes={'won': 181, 'stalled': 2, 'truncated': 259, 'other': 0}  rss= 2824.7MB  (6747s)
step   355000/400000  eps=0.150  episodes=  443  mean_return=7046.460  mean_loss=2407.43781  mean_foundation= 52.0/52  lifetime_outcomes={'won': 182, 'stalled': 2, 'truncated': 259, 'other': 0}  rss= 2824.7MB  (6750s)
step   356000/400000  eps=0.150  episodes=  445  mean_return=3667.175  mean_loss=2282.92831  mean_foundation= 28.5/52  lifetime_outcomes={'won': 183, 'stalled': 2, 'truncated': 260, 'other': 0}  rss= 2824.7MB  (6754s)
step   357000/400000  eps=0.150  episodes=  446  mean_return=660.000  mean_loss=2280.52250  mean_foundation=  4.0/52  lifetime_outcomes={'won': 183, 'stalled': 2, 'truncated': 261, 'other': 0}  rss= 2824.7MB  (6757s)
step   358000/400000  eps=0.150  episodes=  447  mean_return=1420.000  mean_loss=2282.36385  mean_foundation= 15.0/52  lifetime_outcomes={'won': 183, 'stalled': 2, 'truncated': 262, 'other': 0}  rss= 2824.7MB  (6761s)
step   359000/400000  eps=0.150  episodes=  448  mean_return=7044.840  mean_loss=2265.02535  mean_foundation= 52.0/52  lifetime_outcomes={'won': 184, 'stalled': 2, 'truncated': 262, 'other': 0}  rss= 2824.7MB  (6764s)
step   360000/400000  eps=0.150  episodes=  449  mean_return=810.000  mean_loss=2203.03962  mean_foundation=  6.0/52  lifetime_outcomes={'won': 184, 'stalled': 2, 'truncated': 263, 'other': 0}  rss= 2824.7MB  (6768s)
  EVAL  step   360000  win_rate=40.00%  mean_return=3326.140  mean_foundation= 28.0/52  mean_length=766.0  q0=  669.7 vs g0=  532.1  (greedy, 200 fixed deals)
step   361000/400000  eps=0.150  episodes=  451  mean_return=4117.040  mean_loss=2288.52507  mean_foundation= 29.0/52  lifetime_outcomes={'won': 185, 'stalled': 2, 'truncated': 264, 'other': 0}  rss= 2824.7MB  (6919s)
step   362000/400000  eps=0.150  episodes=  452  mean_return=7046.170  mean_loss=2236.67407  mean_foundation= 52.0/52  lifetime_outcomes={'won': 186, 'stalled': 2, 'truncated': 264, 'other': 0}  rss= 2824.7MB  (6923s)
step   363000/400000  eps=0.150  episodes=  453  mean_return=1110.000  mean_loss=2250.04778  mean_foundation=  9.0/52  lifetime_outcomes={'won': 186, 'stalled': 2, 'truncated': 265, 'other': 0}  rss= 2824.7MB  (6927s)
step   364000/400000  eps=0.150  episodes=  455  mean_return=3671.330  mean_loss=2279.28820  mean_foundation= 28.5/52  lifetime_outcomes={'won': 187, 'stalled': 2, 'truncated': 266, 'other': 0}  rss= 2824.7MB  (6930s)
step   365000/400000  eps=0.150  episodes=  456  mean_return=1120.000  mean_loss=2208.77286  mean_foundation= 15.0/52  lifetime_outcomes={'won': 187, 'stalled': 2, 'truncated': 267, 'other': 0}  rss= 2824.7MB  (6934s)
step   366000/400000  eps=0.150  episodes=  457  mean_return=1080.000  mean_loss=2201.23389  mean_foundation= 11.0/52  lifetime_outcomes={'won': 187, 'stalled': 2, 'truncated': 268, 'other': 0}  rss= 2824.7MB  (6938s)
step   367000/400000  eps=0.150  episodes=  458  mean_return=7046.550  mean_loss=2211.85839  mean_foundation= 52.0/52  lifetime_outcomes={'won': 188, 'stalled': 2, 'truncated': 268, 'other': 0}  rss= 2824.7MB  (6941s)
step   368000/400000  eps=0.150  episodes=  460  mean_return=4197.855  mean_loss=2137.19340  mean_foundation= 32.5/52  lifetime_outcomes={'won': 189, 'stalled': 2, 'truncated': 269, 'other': 0}  rss= 2824.7MB  (6945s)
step   369000/400000  eps=0.150  episodes=  461  mean_return=1670.000  mean_loss=2157.96145  mean_foundation= 34.0/52  lifetime_outcomes={'won': 189, 'stalled': 2, 'truncated': 270, 'other': 0}  rss= 2824.7MB  (6949s)
step   370000/400000  eps=0.150  episodes=  463  mean_return=4078.205  mean_loss=2234.51430  mean_foundation= 29.5/52  lifetime_outcomes={'won': 190, 'stalled': 2, 'truncated': 271, 'other': 0}  rss= 2824.7MB  (6952s)
  EVAL  step   370000  win_rate=36.50%  mean_return=3129.612  mean_foundation= 26.5/52  mean_length=788.8  q0=  653.0 vs g0=  525.3  (greedy, 200 fixed deals)
step   371000/400000  eps=0.150  episodes=  464  mean_return=7043.010  mean_loss=2201.92094  mean_foundation= 52.0/52  lifetime_outcomes={'won': 191, 'stalled': 2, 'truncated': 271, 'other': 0}  rss= 2824.7MB  (7107s)
step   372000/400000  eps=0.150  episodes=  466  mean_return=3748.580  mean_loss=2246.59818  mean_foundation= 31.0/52  lifetime_outcomes={'won': 192, 'stalled': 2, 'truncated': 272, 'other': 0}  rss= 2824.7MB  (7111s)
step   373000/400000  eps=0.150  episodes=  468  mean_return=7005.350  mean_loss=2069.95619  mean_foundation= 52.0/52  lifetime_outcomes={'won': 194, 'stalled': 2, 'truncated': 272, 'other': 0}  rss= 2824.7MB  (7114s)
step   374000/400000  eps=0.150  episodes=  469  mean_return=7044.600  mean_loss=2195.44200  mean_foundation= 52.0/52  lifetime_outcomes={'won': 195, 'stalled': 2, 'truncated': 272, 'other': 0}  rss= 2824.7MB  (7118s)
step   375000/400000  eps=0.150  episodes=  470  mean_return=7040.100  mean_loss=2110.58779  mean_foundation= 52.0/52  lifetime_outcomes={'won': 196, 'stalled': 2, 'truncated': 272, 'other': 0}  rss= 2824.7MB  (7121s)
step   376000/400000  eps=0.150  episodes=  472  mean_return=3857.635  mean_loss=2151.27182  mean_foundation= 28.0/52  lifetime_outcomes={'won': 197, 'stalled': 2, 'truncated': 273, 'other': 0}  rss= 2824.7MB  (7125s)
step   377000/400000  eps=0.150  episodes=  474  mean_return=7045.230  mean_loss=2136.94060  mean_foundation= 52.0/52  lifetime_outcomes={'won': 199, 'stalled': 2, 'truncated': 273, 'other': 0}  rss= 2824.7MB  (7129s)
step   378000/400000  eps=0.150  episodes=  475  mean_return=950.000  mean_loss=2132.69535  mean_foundation=  8.0/52  lifetime_outcomes={'won': 199, 'stalled': 2, 'truncated': 274, 'other': 0}  rss= 2824.7MB  (7132s)
step   379000/400000  eps=0.150  episodes=  476  mean_return=610.000  mean_loss=2012.12764  mean_foundation=  4.0/52  lifetime_outcomes={'won': 199, 'stalled': 2, 'truncated': 275, 'other': 0}  rss= 2824.7MB  (7136s)
step   380000/400000  eps=0.150  episodes=  477  mean_return=7046.150  mean_loss=2035.55469  mean_foundation= 52.0/52  lifetime_outcomes={'won': 200, 'stalled': 2, 'truncated': 275, 'other': 0}  rss= 2824.7MB  (7140s)
  EVAL  step   380000  win_rate=41.00%  mean_return=3408.044  mean_foundation= 28.5/52  mean_length=755.6  q0=  644.8 vs g0=  566.0  (greedy, 200 fixed deals)
step   381000/400000  eps=0.150  episodes=  478  mean_return=800.000  mean_loss=1960.92795  mean_foundation=  9.0/52  lifetime_outcomes={'won': 200, 'stalled': 2, 'truncated': 276, 'other': 0}  rss= 2824.7MB  (7290s)
step   382000/400000  eps=0.150  episodes=  480  mean_return=7043.155  mean_loss=2178.46256  mean_foundation= 52.0/52  lifetime_outcomes={'won': 202, 'stalled': 2, 'truncated': 276, 'other': 0}  rss= 2824.7MB  (7294s)
step   383000/400000  eps=0.150  episodes=  481  mean_return=7044.490  mean_loss=2171.57238  mean_foundation= 52.0/52  lifetime_outcomes={'won': 203, 'stalled': 2, 'truncated': 276, 'other': 0}  rss= 2824.7MB  (7297s)
step   384000/400000  eps=0.150  episodes=  483  mean_return=3998.890  mean_loss=2007.11829  mean_foundation= 29.5/52  lifetime_outcomes={'won': 204, 'stalled': 2, 'truncated': 277, 'other': 0}  rss= 2824.7MB  (7301s)
step   385000/400000  eps=0.150  episodes=  484  mean_return=1210.000  mean_loss=2005.13368  mean_foundation= 13.0/52  lifetime_outcomes={'won': 204, 'stalled': 2, 'truncated': 278, 'other': 0}  rss= 2824.7MB  (7305s)
step   386000/400000  eps=0.150  episodes=  485  mean_return=220.000  mean_loss=2093.78021  mean_foundation=  2.0/52  lifetime_outcomes={'won': 204, 'stalled': 2, 'truncated': 279, 'other': 0}  rss= 2824.7MB  (7309s)
step   387000/400000  eps=0.150  episodes=  486  mean_return=610.000  mean_loss=1964.04874  mean_foundation= 10.0/52  lifetime_outcomes={'won': 204, 'stalled': 2, 'truncated': 280, 'other': 0}  rss= 2824.7MB  (7312s)
step   388000/400000  eps=0.150  episodes=  487  mean_return=1520.000  mean_loss=2082.14969  mean_foundation= 34.0/52  lifetime_outcomes={'won': 204, 'stalled': 2, 'truncated': 281, 'other': 0}  rss= 2824.7MB  (7316s)
step   389000/400000  eps=0.150  episodes=  488  mean_return=630.000  mean_loss=1954.42386  mean_foundation=  7.0/52  lifetime_outcomes={'won': 204, 'stalled': 2, 'truncated': 282, 'other': 0}  rss= 2824.7MB  (7320s)
step   390000/400000  eps=0.150  episodes=  490  mean_return=4127.625  mean_loss=2008.85254  mean_foundation= 33.0/52  lifetime_outcomes={'won': 205, 'stalled': 2, 'truncated': 283, 'other': 0}  rss= 2824.7MB  (7323s)
  EVAL  step   390000  win_rate=41.50%  mean_return=3443.988  mean_foundation= 28.8/52  mean_length=756.2  q0=  618.8 vs g0=  556.3  (greedy, 200 fixed deals)
step   391000/400000  eps=0.150  episodes=  491  mean_return=390.000  mean_loss=2009.50585  mean_foundation=  5.0/52  lifetime_outcomes={'won': 205, 'stalled': 2, 'truncated': 284, 'other': 0}  rss= 2824.7MB  (7474s)
step   392000/400000  eps=0.150  episodes=  492  mean_return=1680.000  mean_loss=1980.89295  mean_foundation= 32.0/52  lifetime_outcomes={'won': 205, 'stalled': 2, 'truncated': 285, 'other': 0}  rss= 2824.7MB  (7478s)
step   393000/400000  eps=0.150  episodes=  493  mean_return= 30.000  mean_loss=2017.85400  mean_foundation=  3.0/52  lifetime_outcomes={'won': 205, 'stalled': 2, 'truncated': 286, 'other': 0}  rss= 2824.7MB  (7481s)
step   394000/400000  eps=0.150  episodes=  494  mean_return=830.000  mean_loss=2145.25886  mean_foundation=  9.0/52  lifetime_outcomes={'won': 205, 'stalled': 2, 'truncated': 287, 'other': 0}  rss= 2824.7MB  (7485s)
step   395000/400000  eps=0.150  episodes=  495  mean_return=7041.350  mean_loss=2044.72198  mean_foundation= 52.0/52  lifetime_outcomes={'won': 206, 'stalled': 2, 'truncated': 287, 'other': 0}  rss= 2824.7MB  (7488s)
step   396000/400000  eps=0.150  episodes=  496  mean_return=450.000  mean_loss=2043.87592  mean_foundation=  6.0/52  lifetime_outcomes={'won': 206, 'stalled': 2, 'truncated': 288, 'other': 0}  rss= 2824.7MB  (7492s)
step   397000/400000  eps=0.150  episodes=  497  mean_return=7005.020  mean_loss=1972.28407  mean_foundation= 52.0/52  lifetime_outcomes={'won': 207, 'stalled': 2, 'truncated': 288, 'other': 0}  rss= 2824.7MB  (7495s)
step   398000/400000  eps=0.150  episodes=  498  mean_return=1060.000  mean_loss=2074.18390  mean_foundation=  4.0/52  lifetime_outcomes={'won': 207, 'stalled': 2, 'truncated': 289, 'other': 0}  rss= 2824.7MB  (7499s)
step   399000/400000  eps=0.150  episodes=  501  mean_return=4984.520  mean_loss=2003.30203  mean_foundation= 41.3/52  lifetime_outcomes={'won': 209, 'stalled': 2, 'truncated': 290, 'other': 0}  rss= 2824.7MB  (7503s)
step   400000/400000  eps=0.150  episodes=  503  mean_return=7045.560  mean_loss=2029.65166  mean_foundation= 52.0/52  lifetime_outcomes={'won': 211, 'stalled': 2, 'truncated': 290, 'other': 0}  rss= 2824.7MB  (7506s)
  EVAL  step   400000  win_rate=36.50%  mean_return=3115.109  mean_foundation= 26.8/52  mean_length=769.1  q0=  612.5 vs g0=  578.3  (greedy, 200 fixed deals)
done. saved final checkpoint to runs/032_dqfd_moredemo_epsfloor_loopbreaker_solvcurriculum_freshdemo_mse/checkpoint_final.pt
=== train_resilient: training completed successfully ===
