14954 episodes, 12053597 total state-action pairs
replayed 500/14954 episodes, 406540/12053597 steps (113s)
replayed 1000/14954 episodes, 815919/12053597 steps (224s)
replayed 1500/14954 episodes, 1220114/12053597 steps (334s)
replayed 2000/14954 episodes, 1624712/12053597 steps (444s)
replayed 2500/14954 episodes, 2031192/12053597 steps (555s)
replayed 3000/14954 episodes, 2433718/12053597 steps (664s)
replayed 3500/14954 episodes, 2841380/12053597 steps (777s)
replayed 4000/14954 episodes, 3242274/12053597 steps (886s)
replayed 4500/14954 episodes, 3638441/12053597 steps (992s)
replayed 5000/14954 episodes, 4040167/12053597 steps (1102s)
replayed 5500/14954 episodes, 4445518/12053597 steps (1212s)
replayed 6000/14954 episodes, 4852913/12053597 steps (1322s)
replayed 6500/14954 episodes, 5248401/12053597 steps (1430s)
replayed 7000/14954 episodes, 5638010/12053597 steps (1536s)
replayed 7500/14954 episodes, 6041078/12053597 steps (1645s)
replayed 8000/14954 episodes, 6444912/12053597 steps (1755s)
replayed 8500/14954 episodes, 6854800/12053597 steps (1867s)
replayed 9000/14954 episodes, 7253346/12053597 steps (1975s)
replayed 9500/14954 episodes, 7659775/12053597 steps (2086s)
replayed 10000/14954 episodes, 8056063/12053597 steps (2192s)
replayed 10500/14954 episodes, 8467934/12053597 steps (2305s)
replayed 11000/14954 episodes, 8864964/12053597 steps (2413s)
replayed 11500/14954 episodes, 9265755/12053597 steps (2521s)
replayed 12000/14954 episodes, 9669637/12053597 steps (2630s)
replayed 12500/14954 episodes, 10069882/12053597 steps (2738s)
replayed 13000/14954 episodes, 10479140/12053597 steps (2849s)
replayed 13500/14954 episodes, 10884901/12053597 steps (2960s)
replayed 14000/14954 episodes, 11282274/12053597 steps (3068s)
replayed 14500/14954 episodes, 11685665/12053597 steps (3177s)
WARNING: 23/14954 episodes diverged from their recorded actions (most likely missing a curriculum fast-forward prefix) - dropped 7335 steps from the point of divergence onward rather than record them as corrupted training examples
11805337 train examples, 240925 val examples
epoch 1/8  train_loss=1.5270 train_acc=0.307  val_loss=1.5180 val_acc=0.308  (159s)
epoch 2/8  train_loss=1.5145 train_acc=0.308  val_loss=1.5151 val_acc=0.308  (156s)
epoch 3/8  train_loss=1.5127 train_acc=0.309  val_loss=1.5139 val_acc=0.309  (156s)
epoch 4/8  train_loss=1.5117 train_acc=0.309  val_loss=1.5133 val_acc=0.307  (157s)
epoch 5/8  train_loss=1.5110 train_acc=0.309  val_loss=1.5128 val_acc=0.307  (156s)
epoch 6/8  train_loss=1.5105 train_acc=0.309  val_loss=1.5130 val_acc=0.307  (156s)
epoch 7/8  train_loss=1.5101 train_acc=0.309  val_loss=1.5122 val_acc=0.307  (157s)
epoch 8/8  train_loss=1.5098 train_acc=0.309  val_loss=1.5122 val_acc=0.307  (157s)
done. saved behavior-cloned checkpoint to runs/bc_pretrained_v2.pt
