=== train_resilient: attempt 1 ===
run directory: runs/019_double_dqn_soft_nstep3_per_dqfd_highmargin
DQfD: building 30000 permanent demo transitions from runs/curriculum_wins.jsonl
built 30000 demo transitions from 48 winning episodes (0 diverged and were skipped)
DQfD: loaded 30000 demo transitions into the permanent replay-buffer region
step     1000/400000  eps=0.995  episodes=    1  mean_return=1660.000  mean_loss=     nan  mean_foundation=  3.0/52  lifetime_outcomes={'won': 0, 'stalled': 0, 'truncated': 1, 'other': 0}  rss= 1812.1MB  (1s)
step     2000/400000  eps=0.991  episodes=    2  mean_return=700.000  mean_loss=     nan  mean_foundation=  4.0/52  lifetime_outcomes={'won': 0, 'stalled': 0, 'truncated': 2, 'other': 0}  rss= 1812.1MB  (2s)
step     3000/400000  eps=0.986  episodes=    3  mean_return=1330.000  mean_loss=     nan  mean_foundation= 10.0/52  lifetime_outcomes={'won': 0, 'stalled': 0, 'truncated': 3, 'other': 0}  rss= 1812.1MB  (3s)
step     4000/400000  eps=0.981  episodes=    4  mean_return=1740.000  mean_loss=     nan  mean_foundation=  9.0/52  lifetime_outcomes={'won': 0, 'stalled': 0, 'truncated': 4, 'other': 0}  rss= 1812.1MB  (3s)
step     5000/400000  eps=0.976  episodes=    5  mean_return=1120.000  mean_loss=54.11650  mean_foundation=  5.0/52  lifetime_outcomes={'won': 0, 'stalled': 0, 'truncated': 5, 'other': 0}  rss= 1812.1MB  (4s)
step     6000/400000  eps=0.972  episodes=    6  mean_return=1810.000  mean_loss=75.84820  mean_foundation= 20.0/52  lifetime_outcomes={'won': 0, 'stalled': 0, 'truncated': 6, 'other': 0}  rss= 1812.1MB  (7s)
step     7000/400000  eps=0.967  episodes=    7  mean_return=229.460  mean_loss=87.12287  mean_foundation=  2.0/52  lifetime_outcomes={'won': 0, 'stalled': 1, 'truncated': 6, 'other': 0}  rss= 1812.8MB  (10s)
step     8000/400000  eps=0.962  episodes=    8  mean_return=1240.000  mean_loss=94.56432  mean_foundation=  4.0/52  lifetime_outcomes={'won': 0, 'stalled': 1, 'truncated': 7, 'other': 0}  rss= 1824.9MB  (13s)
step     9000/400000  eps=0.957  episodes=    9  mean_return=1650.000  mean_loss=94.09172  mean_foundation=  6.0/52  lifetime_outcomes={'won': 0, 'stalled': 1, 'truncated': 8, 'other': 0}  rss= 1828.9MB  (16s)
step    10000/400000  eps=0.953  episodes=   10  mean_return=580.000  mean_loss=92.48514  mean_foundation=  4.0/52  lifetime_outcomes={'won': 0, 'stalled': 1, 'truncated': 9, 'other': 0}  rss= 1830.9MB  (19s)
  EVAL  step    10000  win_rate=0.00%  mean_return=340.500  mean_foundation=  2.5/52  mean_length=1000.0  (greedy, 100 fixed deals)
step    11000/400000  eps=0.948  episodes=   11  mean_return=1750.000  mean_loss=91.95380  mean_foundation=  7.0/52  lifetime_outcomes={'won': 0, 'stalled': 1, 'truncated': 10, 'other': 0}  rss= 1846.7MB  (103s)
step    12000/400000  eps=0.943  episodes=   12  mean_return=1300.000  mean_loss=88.55276  mean_foundation=  9.0/52  lifetime_outcomes={'won': 0, 'stalled': 1, 'truncated': 11, 'other': 0}  rss= 1846.7MB  (106s)
step    13000/400000  eps=0.938  episodes=   13  mean_return=1510.000  mean_loss=89.06304  mean_foundation= 17.0/52  lifetime_outcomes={'won': 0, 'stalled': 1, 'truncated': 12, 'other': 0}  rss= 1846.7MB  (109s)
step    14000/400000  eps=0.933  episodes=   14  mean_return=1970.000  mean_loss=81.74761  mean_foundation= 41.0/52  lifetime_outcomes={'won': 0, 'stalled': 1, 'truncated': 13, 'other': 0}  rss= 1846.7MB  (112s)
step    15000/400000  eps=0.929  episodes=   15  mean_return=1630.000  mean_loss=81.85748  mean_foundation=  9.0/52  lifetime_outcomes={'won': 0, 'stalled': 1, 'truncated': 14, 'other': 0}  rss= 1846.7MB  (115s)
step    16000/400000  eps=0.924  episodes=   16  mean_return=1880.000  mean_loss=80.62031  mean_foundation= 34.0/52  lifetime_outcomes={'won': 0, 'stalled': 1, 'truncated': 15, 'other': 0}  rss= 1846.7MB  (118s)
step    17000/400000  eps=0.919  episodes=   17  mean_return=240.000  mean_loss=76.26799  mean_foundation=  1.0/52  lifetime_outcomes={'won': 0, 'stalled': 1, 'truncated': 16, 'other': 0}  rss= 1847.1MB  (121s)
step    18000/400000  eps=0.914  episodes=   18  mean_return=550.000  mean_loss=79.51422  mean_foundation=  2.0/52  lifetime_outcomes={'won': 0, 'stalled': 1, 'truncated': 17, 'other': 0}  rss= 1857.2MB  (124s)
step    19000/400000  eps=0.910  episodes=   19  mean_return=1290.000  mean_loss=69.42717  mean_foundation=  7.0/52  lifetime_outcomes={'won': 0, 'stalled': 1, 'truncated': 18, 'other': 0}  rss= 1863.3MB  (127s)
step    20000/400000  eps=0.905  episodes=   20  mean_return=340.000  mean_loss=74.80732  mean_foundation=  3.0/52  lifetime_outcomes={'won': 0, 'stalled': 1, 'truncated': 19, 'other': 0}  rss= 1865.3MB  (129s)
  EVAL  step    20000  win_rate=0.00%  mean_return=339.400  mean_foundation=  2.4/52  mean_length=1000.0  (greedy, 100 fixed deals)
step    21000/400000  eps=0.900  episodes=   21  mean_return=730.000  mean_loss=70.74492  mean_foundation=  5.0/52  lifetime_outcomes={'won': 0, 'stalled': 1, 'truncated': 20, 'other': 0}  rss= 1880.8MB  (216s)
step    22000/400000  eps=0.895  episodes=   22  mean_return=680.000  mean_loss=67.80058  mean_foundation=  9.0/52  lifetime_outcomes={'won': 0, 'stalled': 1, 'truncated': 21, 'other': 0}  rss= 1886.9MB  (219s)
step    23000/400000  eps=0.891  episodes=   23  mean_return=1930.000  mean_loss=66.60241  mean_foundation= 39.0/52  lifetime_outcomes={'won': 0, 'stalled': 1, 'truncated': 22, 'other': 0}  rss= 1888.9MB  (222s)
step    24000/400000  eps=0.886  episodes=   24  mean_return=2040.000  mean_loss=64.67379  mean_foundation= 48.0/52  lifetime_outcomes={'won': 0, 'stalled': 1, 'truncated': 23, 'other': 0}  rss= 1892.9MB  (225s)
step    25000/400000  eps=0.881  episodes=   25  mean_return=900.000  mean_loss=62.68926  mean_foundation=  8.0/52  lifetime_outcomes={'won': 0, 'stalled': 1, 'truncated': 24, 'other': 0}  rss= 1892.9MB  (228s)
step    26000/400000  eps=0.877  episodes=   26  mean_return=860.000  mean_loss=61.08715  mean_foundation= 13.0/52  lifetime_outcomes={'won': 0, 'stalled': 1, 'truncated': 25, 'other': 0}  rss= 1892.9MB  (231s)
step    27000/400000  eps=0.872  episodes=   27  mean_return=1350.000  mean_loss=58.81953  mean_foundation= 17.0/52  lifetime_outcomes={'won': 0, 'stalled': 1, 'truncated': 26, 'other': 0}  rss= 1892.9MB  (234s)
step    28000/400000  eps=0.867  episodes=   28  mean_return=460.000  mean_loss=57.38866  mean_foundation=  3.0/52  lifetime_outcomes={'won': 0, 'stalled': 1, 'truncated': 27, 'other': 0}  rss= 1897.5MB  (237s)
step    29000/400000  eps=0.862  episodes=   29  mean_return=360.000  mean_loss=56.46029  mean_foundation=  6.0/52  lifetime_outcomes={'won': 0, 'stalled': 1, 'truncated': 28, 'other': 0}  rss= 1901.5MB  (240s)
step    30000/400000  eps=0.858  episodes=   30  mean_return=1420.000  mean_loss=56.00739  mean_foundation= 18.0/52  lifetime_outcomes={'won': 0, 'stalled': 1, 'truncated': 29, 'other': 0}  rss= 1905.5MB  (242s)
  EVAL  step    30000  win_rate=0.00%  mean_return=343.200  mean_foundation=  2.5/52  mean_length=1000.0  (greedy, 100 fixed deals)
step    31000/400000  eps=0.853  episodes=   31  mean_return=650.000  mean_loss=56.35499  mean_foundation=  3.0/52  lifetime_outcomes={'won': 0, 'stalled': 1, 'truncated': 30, 'other': 0}  rss= 1917.0MB  (329s)
step    32000/400000  eps=0.848  episodes=   32  mean_return=1100.000  mean_loss=52.70702  mean_foundation=  4.0/52  lifetime_outcomes={'won': 0, 'stalled': 1, 'truncated': 31, 'other': 0}  rss= 1917.0MB  (332s)
step    33000/400000  eps=0.843  episodes=   33  mean_return=590.000  mean_loss=51.12051  mean_foundation=  1.0/52  lifetime_outcomes={'won': 0, 'stalled': 1, 'truncated': 32, 'other': 0}  rss= 1917.0MB  (335s)
step    34000/400000  eps=0.839  episodes=   34  mean_return=1500.000  mean_loss=52.31916  mean_foundation= 22.0/52  lifetime_outcomes={'won': 0, 'stalled': 1, 'truncated': 33, 'other': 0}  rss= 1921.6MB  (338s)
step    35000/400000  eps=0.834  episodes=   35  mean_return=730.000  mean_loss=50.11796  mean_foundation=  7.0/52  lifetime_outcomes={'won': 0, 'stalled': 1, 'truncated': 34, 'other': 0}  rss= 1925.6MB  (341s)
step    36000/400000  eps=0.829  episodes=   36  mean_return=2040.000  mean_loss=48.61579  mean_foundation= 46.0/52  lifetime_outcomes={'won': 0, 'stalled': 1, 'truncated': 35, 'other': 0}  rss= 1929.7MB  (343s)
step    37000/400000  eps=0.824  episodes=   37  mean_return=460.000  mean_loss=49.20133  mean_foundation=  5.0/52  lifetime_outcomes={'won': 0, 'stalled': 1, 'truncated': 36, 'other': 0}  rss= 1933.7MB  (346s)
step    38000/400000  eps=0.820  episodes=   38  mean_return=2040.000  mean_loss=46.99458  mean_foundation= 47.0/52  lifetime_outcomes={'won': 0, 'stalled': 1, 'truncated': 37, 'other': 0}  rss= 1937.7MB  (350s)
step    39000/400000  eps=0.815  episodes=   39  mean_return=280.000  mean_loss=47.58777  mean_foundation=  3.0/52  lifetime_outcomes={'won': 0, 'stalled': 1, 'truncated': 38, 'other': 0}  rss= 1939.7MB  (353s)
step    40000/400000  eps=0.810  episodes=   41  mean_return=3926.465  mean_loss=46.37353  mean_foundation= 29.0/52  lifetime_outcomes={'won': 1, 'stalled': 1, 'truncated': 39, 'other': 0}  rss= 1943.7MB  (356s)
  EVAL  step    40000  win_rate=0.00%  mean_return=351.100  mean_foundation=  2.8/52  mean_length=1000.0  (greedy, 100 fixed deals)
step    41000/400000  eps=0.805  episodes=   42  mean_return=660.000  mean_loss=46.00896  mean_foundation=  3.0/52  lifetime_outcomes={'won': 1, 'stalled': 1, 'truncated': 40, 'other': 0}  rss= 1949.7MB  (444s)
step    42000/400000  eps=0.800  episodes=   43  mean_return=1160.000  mean_loss=44.63758  mean_foundation=  8.0/52  lifetime_outcomes={'won': 1, 'stalled': 1, 'truncated': 41, 'other': 0}  rss= 1953.8MB  (447s)
step    43000/400000  eps=0.796  episodes=   44  mean_return=750.000  mean_loss=44.75734  mean_foundation= 12.0/52  lifetime_outcomes={'won': 1, 'stalled': 1, 'truncated': 42, 'other': 0}  rss= 1955.8MB  (450s)
step    44000/400000  eps=0.791  episodes=   45  mean_return=920.000  mean_loss=43.78906  mean_foundation=  9.0/52  lifetime_outcomes={'won': 1, 'stalled': 1, 'truncated': 43, 'other': 0}  rss= 1968.0MB  (453s)
step    45000/400000  eps=0.786  episodes=   46  mean_return=950.000  mean_loss=43.73153  mean_foundation= 15.0/52  lifetime_outcomes={'won': 1, 'stalled': 1, 'truncated': 44, 'other': 0}  rss= 1972.0MB  (456s)
step    46000/400000  eps=0.781  episodes=   47  mean_return=7045.310  mean_loss=42.57080  mean_foundation= 52.0/52  lifetime_outcomes={'won': 2, 'stalled': 1, 'truncated': 44, 'other': 0}  rss= 1974.0MB  (459s)
step    47000/400000  eps=0.777  episodes=   48  mean_return=710.000  mean_loss=41.55318  mean_foundation=  7.0/52  lifetime_outcomes={'won': 2, 'stalled': 1, 'truncated': 45, 'other': 0}  rss= 1978.0MB  (462s)
step    48000/400000  eps=0.772  episodes=   49  mean_return=600.000  mean_loss=40.69662  mean_foundation= 11.0/52  lifetime_outcomes={'won': 2, 'stalled': 1, 'truncated': 46, 'other': 0}  rss= 1984.0MB  (465s)
step    49000/400000  eps=0.767  episodes=   50  mean_return=840.000  mean_loss=40.67272  mean_foundation=  8.0/52  lifetime_outcomes={'won': 2, 'stalled': 1, 'truncated': 47, 'other': 0}  rss= 1988.1MB  (468s)
step    50000/400000  eps=0.762  episodes=   51  mean_return=1030.000  mean_loss=39.64631  mean_foundation=  9.0/52  lifetime_outcomes={'won': 2, 'stalled': 1, 'truncated': 48, 'other': 0}  rss= 1988.1MB  (471s)
  EVAL  step    50000  win_rate=0.00%  mean_return=344.000  mean_foundation=  2.5/52  mean_length=1000.0  (greedy, 100 fixed deals)
step    51000/400000  eps=0.758  episodes=   53  mean_return=4187.015  mean_loss=39.13738  mean_foundation= 36.0/52  lifetime_outcomes={'won': 3, 'stalled': 1, 'truncated': 49, 'other': 0}  rss= 2001.6MB  (559s)
step    52000/400000  eps=0.753  episodes=   54  mean_return=7043.550  mean_loss=39.30863  mean_foundation= 52.0/52  lifetime_outcomes={'won': 4, 'stalled': 1, 'truncated': 49, 'other': 0}  rss= 2001.6MB  (562s)
step    53000/400000  eps=0.748  episodes=   55  mean_return=780.000  mean_loss=40.27626  mean_foundation=  4.0/52  lifetime_outcomes={'won': 4, 'stalled': 1, 'truncated': 50, 'other': 0}  rss= 2001.6MB  (565s)
step    54000/400000  eps=0.744  episodes=   56  mean_return=7042.190  mean_loss=37.44718  mean_foundation= 52.0/52  lifetime_outcomes={'won': 5, 'stalled': 1, 'truncated': 50, 'other': 0}  rss= 2001.6MB  (568s)
step    55000/400000  eps=0.739  episodes=   58  mean_return=4227.375  mean_loss=37.72080  mean_foundation= 37.0/52  lifetime_outcomes={'won': 6, 'stalled': 1, 'truncated': 51, 'other': 0}  rss= 2006.1MB  (571s)
step    56000/400000  eps=0.734  episodes=   59  mean_return=1330.000  mean_loss=36.92564  mean_foundation= 10.0/52  lifetime_outcomes={'won': 6, 'stalled': 1, 'truncated': 52, 'other': 0}  rss= 2008.2MB  (574s)
step    57000/400000  eps=0.729  episodes=   60  mean_return=7041.910  mean_loss=36.75249  mean_foundation= 52.0/52  lifetime_outcomes={'won': 7, 'stalled': 1, 'truncated': 52, 'other': 0}  rss= 2010.2MB  (577s)
step    58000/400000  eps=0.725  episodes=   61  mean_return=1060.000  mean_loss=36.70213  mean_foundation= 13.0/52  lifetime_outcomes={'won': 7, 'stalled': 1, 'truncated': 53, 'other': 0}  rss= 2016.2MB  (580s)
step    59000/400000  eps=0.720  episodes=   63  mean_return=7043.410  mean_loss=36.82576  mean_foundation= 52.0/52  lifetime_outcomes={'won': 9, 'stalled': 1, 'truncated': 53, 'other': 0}  rss= 2028.4MB  (583s)
step    60000/400000  eps=0.715  episodes=   64  mean_return=7045.220  mean_loss=36.25839  mean_foundation= 52.0/52  lifetime_outcomes={'won': 10, 'stalled': 1, 'truncated': 53, 'other': 0}  rss= 2028.4MB  (586s)
  EVAL  step    60000  win_rate=0.00%  mean_return=334.200  mean_foundation=  2.5/52  mean_length=1000.0  (greedy, 100 fixed deals)
step    61000/400000  eps=0.710  episodes=   66  mean_return=7042.055  mean_loss=37.34686  mean_foundation= 52.0/52  lifetime_outcomes={'won': 12, 'stalled': 1, 'truncated': 53, 'other': 0}  rss= 2034.4MB  (675s)
step    62000/400000  eps=0.706  episodes=   67  mean_return=630.000  mean_loss=35.78285  mean_foundation=  1.0/52  lifetime_outcomes={'won': 12, 'stalled': 1, 'truncated': 54, 'other': 0}  rss= 2040.4MB  (679s)
step    63000/400000  eps=0.701  episodes=   68  mean_return=7040.430  mean_loss=36.09998  mean_foundation= 52.0/52  lifetime_outcomes={'won': 13, 'stalled': 1, 'truncated': 54, 'other': 0}  rss= 2042.4MB  (682s)
step    64000/400000  eps=0.696  episodes=   69  mean_return=610.000  mean_loss=34.98207  mean_foundation=  8.0/52  lifetime_outcomes={'won': 13, 'stalled': 1, 'truncated': 55, 'other': 0}  rss= 2044.5MB  (685s)
step    65000/400000  eps=0.691  episodes=   70  mean_return=7043.200  mean_loss=35.07502  mean_foundation= 52.0/52  lifetime_outcomes={'won': 14, 'stalled': 1, 'truncated': 55, 'other': 0}  rss= 2050.5MB  (688s)
step    66000/400000  eps=0.686  episodes=   72  mean_return=7043.060  mean_loss=35.00724  mean_foundation= 52.0/52  lifetime_outcomes={'won': 16, 'stalled': 1, 'truncated': 55, 'other': 0}  rss= 2056.8MB  (691s)
step    67000/400000  eps=0.682  episodes=   73  mean_return=7041.470  mean_loss=35.20728  mean_foundation= 52.0/52  lifetime_outcomes={'won': 17, 'stalled': 1, 'truncated': 55, 'other': 0}  rss= 2058.8MB  (695s)
step    68000/400000  eps=0.677  episodes=   74  mean_return=630.000  mean_loss=34.75560  mean_foundation=  5.0/52  lifetime_outcomes={'won': 17, 'stalled': 1, 'truncated': 56, 'other': 0}  rss= 2064.8MB  (698s)
step    69000/400000  eps=0.672  episodes=   75  mean_return=7043.530  mean_loss=34.36699  mean_foundation= 52.0/52  lifetime_outcomes={'won': 18, 'stalled': 1, 'truncated': 56, 'other': 0}  rss= 2070.9MB  (701s)
step    70000/400000  eps=0.667  episodes=   76  mean_return=7044.780  mean_loss=33.83411  mean_foundation= 52.0/52  lifetime_outcomes={'won': 19, 'stalled': 1, 'truncated': 56, 'other': 0}  rss= 2072.9MB  (704s)
  EVAL  step    70000  win_rate=0.00%  mean_return=344.000  mean_foundation=  2.8/52  mean_length=1000.0  (greedy, 100 fixed deals)
step    71000/400000  eps=0.663  episodes=   77  mean_return=1210.000  mean_loss=33.79393  mean_foundation= 14.0/52  lifetime_outcomes={'won': 19, 'stalled': 1, 'truncated': 57, 'other': 0}  rss= 2074.9MB  (789s)
step    72000/400000  eps=0.658  episodes=   79  mean_return=3932.370  mean_loss=33.58162  mean_foundation= 29.5/52  lifetime_outcomes={'won': 20, 'stalled': 1, 'truncated': 58, 'other': 0}  rss= 2081.0MB  (792s)
step    73000/400000  eps=0.653  episodes=   80  mean_return=1480.000  mean_loss=33.41323  mean_foundation= 26.0/52  lifetime_outcomes={'won': 20, 'stalled': 1, 'truncated': 59, 'other': 0}  rss= 2085.0MB  (796s)
step    74000/400000  eps=0.649  episodes=   81  mean_return=7043.740  mean_loss=33.33541  mean_foundation= 52.0/52  lifetime_outcomes={'won': 21, 'stalled': 1, 'truncated': 59, 'other': 0}  rss= 2087.0MB  (799s)
step    75000/400000  eps=0.644  episodes=   82  mean_return=7040.890  mean_loss=31.42589  mean_foundation= 52.0/52  lifetime_outcomes={'won': 22, 'stalled': 1, 'truncated': 59, 'other': 0}  rss= 2091.1MB  (802s)
step    76000/400000  eps=0.639  episodes=   83  mean_return=1460.000  mean_loss=32.68535  mean_foundation= 16.0/52  lifetime_outcomes={'won': 22, 'stalled': 1, 'truncated': 60, 'other': 0}  rss= 2099.1MB  (805s)
step    77000/400000  eps=0.634  episodes=   84  mean_return=640.000  mean_loss=30.55838  mean_foundation=  5.0/52  lifetime_outcomes={'won': 22, 'stalled': 1, 'truncated': 61, 'other': 0}  rss= 2099.1MB  (808s)
step    78000/400000  eps=0.629  episodes=   85  mean_return=990.000  mean_loss=30.42975  mean_foundation=  8.0/52  lifetime_outcomes={'won': 22, 'stalled': 1, 'truncated': 62, 'other': 0}  rss= 2103.1MB  (812s)
step    79000/400000  eps=0.625  episodes=   86  mean_return=1450.000  mean_loss=30.64096  mean_foundation= 19.0/52  lifetime_outcomes={'won': 22, 'stalled': 1, 'truncated': 63, 'other': 0}  rss= 2109.2MB  (815s)
step    80000/400000  eps=0.620  episodes=   87  mean_return=1750.000  mean_loss=29.85339  mean_foundation= 37.0/52  lifetime_outcomes={'won': 22, 'stalled': 1, 'truncated': 64, 'other': 0}  rss= 2113.2MB  (818s)
  EVAL  step    80000  win_rate=0.00%  mean_return=349.800  mean_foundation=  2.7/52  mean_length=1000.0  (greedy, 100 fixed deals)
step    81000/400000  eps=0.615  episodes=   89  mean_return=3966.705  mean_loss=29.77306  mean_foundation= 31.0/52  lifetime_outcomes={'won': 23, 'stalled': 1, 'truncated': 65, 'other': 0}  rss= 2118.3MB  (905s)
step    82000/400000  eps=0.611  episodes=   90  mean_return=1260.000  mean_loss=29.52590  mean_foundation= 14.0/52  lifetime_outcomes={'won': 23, 'stalled': 1, 'truncated': 66, 'other': 0}  rss= 2122.4MB  (908s)
step    83000/400000  eps=0.606  episodes=   91  mean_return=690.000  mean_loss=28.04428  mean_foundation=  1.0/52  lifetime_outcomes={'won': 23, 'stalled': 1, 'truncated': 67, 'other': 0}  rss= 2128.4MB  (912s)
step    84000/400000  eps=0.601  episodes=   92  mean_return=7044.890  mean_loss=28.94831  mean_foundation= 52.0/52  lifetime_outcomes={'won': 24, 'stalled': 1, 'truncated': 67, 'other': 0}  rss= 2130.4MB  (915s)
step    85000/400000  eps=0.596  episodes=   93  mean_return=390.000  mean_loss=28.41288  mean_foundation=  6.0/52  lifetime_outcomes={'won': 24, 'stalled': 1, 'truncated': 68, 'other': 0}  rss= 2134.5MB  (918s)
step    86000/400000  eps=0.592  episodes=   95  mean_return=4022.410  mean_loss=28.03646  mean_foundation= 34.0/52  lifetime_outcomes={'won': 25, 'stalled': 1, 'truncated': 69, 'other': 0}  rss= 2134.5MB  (921s)
step    87000/400000  eps=0.587  episodes=   96  mean_return=920.000  mean_loss=28.58830  mean_foundation=  5.0/52  lifetime_outcomes={'won': 25, 'stalled': 1, 'truncated': 70, 'other': 0}  rss= 2134.5MB  (924s)
step    88000/400000  eps=0.582  episodes=   97  mean_return=7045.310  mean_loss=27.63270  mean_foundation= 52.0/52  lifetime_outcomes={'won': 26, 'stalled': 1, 'truncated': 70, 'other': 0}  rss= 2134.5MB  (927s)
step    89000/400000  eps=0.577  episodes=   99  mean_return=4472.540  mean_loss=28.15910  mean_foundation= 45.0/52  lifetime_outcomes={'won': 27, 'stalled': 1, 'truncated': 71, 'other': 0}  rss= 2138.9MB  (931s)
step    90000/400000  eps=0.573  episodes=  100  mean_return=270.000  mean_loss=27.50521  mean_foundation=  2.0/52  lifetime_outcomes={'won': 27, 'stalled': 1, 'truncated': 72, 'other': 0}  rss= 2143.1MB  (934s)
  EVAL  step    90000  win_rate=0.00%  mean_return=339.600  mean_foundation=  2.6/52  mean_length=1000.0  (greedy, 100 fixed deals)
step    91000/400000  eps=0.568  episodes=  101  mean_return=540.000  mean_loss=26.68553  mean_foundation=  9.0/52  lifetime_outcomes={'won': 27, 'stalled': 1, 'truncated': 73, 'other': 0}  rss= 2158.6MB  (1023s)
step    92000/400000  eps=0.563  episodes=  103  mean_return=7045.120  mean_loss=27.12290  mean_foundation= 52.0/52  lifetime_outcomes={'won': 29, 'stalled': 1, 'truncated': 73, 'other': 0}  rss= 2162.6MB  (1026s)
step    93000/400000  eps=0.558  episodes=  104  mean_return=120.000  mean_loss=27.29041  mean_foundation=  7.0/52  lifetime_outcomes={'won': 29, 'stalled': 1, 'truncated': 74, 'other': 0}  rss= 2166.7MB  (1029s)
step    94000/400000  eps=0.554  episodes=  106  mean_return=7044.525  mean_loss=27.15314  mean_foundation= 52.0/52  lifetime_outcomes={'won': 31, 'stalled': 1, 'truncated': 74, 'other': 0}  rss= 2170.7MB  (1032s)
step    95000/400000  eps=0.549  episodes=  108  mean_return=7045.550  mean_loss=26.76784  mean_foundation= 52.0/52  lifetime_outcomes={'won': 33, 'stalled': 1, 'truncated': 74, 'other': 0}  rss= 2174.7MB  (1036s)
step    96000/400000  eps=0.544  episodes=  109  mean_return=730.000  mean_loss=27.58422  mean_foundation= 15.0/52  lifetime_outcomes={'won': 33, 'stalled': 1, 'truncated': 75, 'other': 0}  rss= 2178.8MB  (1039s)
step    97000/400000  eps=0.539  episodes=  110  mean_return=770.000  mean_loss=26.33843  mean_foundation= 10.0/52  lifetime_outcomes={'won': 33, 'stalled': 1, 'truncated': 76, 'other': 0}  rss= 2182.8MB  (1042s)
step    98000/400000  eps=0.534  episodes=  111  mean_return=510.000  mean_loss=25.74145  mean_foundation=  3.0/52  lifetime_outcomes={'won': 33, 'stalled': 1, 'truncated': 77, 'other': 0}  rss= 2186.8MB  (1045s)
step    99000/400000  eps=0.530  episodes=  113  mean_return=7043.480  mean_loss=25.19220  mean_foundation= 52.0/52  lifetime_outcomes={'won': 35, 'stalled': 1, 'truncated': 77, 'other': 0}  rss= 2190.9MB  (1048s)
step   100000/400000  eps=0.525  episodes=  114  mean_return=1170.000  mean_loss=24.88561  mean_foundation=  9.0/52  lifetime_outcomes={'won': 35, 'stalled': 1, 'truncated': 78, 'other': 0}  rss= 2190.9MB  (1052s)
  EVAL  step   100000  win_rate=0.00%  mean_return=347.900  mean_foundation=  2.9/52  mean_length=1000.0  (greedy, 100 fixed deals)
step   101000/400000  eps=0.520  episodes=  115  mean_return=510.000  mean_loss=25.67001  mean_foundation=  6.0/52  lifetime_outcomes={'won': 35, 'stalled': 1, 'truncated': 79, 'other': 0}  rss= 2190.9MB  (1139s)
step   102000/400000  eps=0.516  episodes=  116  mean_return=7046.470  mean_loss=25.10119  mean_foundation= 52.0/52  lifetime_outcomes={'won': 36, 'stalled': 1, 'truncated': 79, 'other': 0}  rss= 2190.9MB  (1142s)
step   103000/400000  eps=0.511  episodes=  117  mean_return=820.000  mean_loss=25.03946  mean_foundation=  6.0/52  lifetime_outcomes={'won': 36, 'stalled': 1, 'truncated': 80, 'other': 0}  rss= 2197.6MB  (1146s)
step   104000/400000  eps=0.506  episodes=  118  mean_return=450.000  mean_loss=24.17588  mean_foundation=  6.0/52  lifetime_outcomes={'won': 36, 'stalled': 1, 'truncated': 81, 'other': 0}  rss= 2199.6MB  (1149s)
step   105000/400000  eps=0.501  episodes=  120  mean_return=3971.780  mean_loss=23.99729  mean_foundation= 30.0/52  lifetime_outcomes={'won': 37, 'stalled': 1, 'truncated': 82, 'other': 0}  rss= 2205.7MB  (1152s)
step   106000/400000  eps=0.497  episodes=  121  mean_return=7046.240  mean_loss=24.11118  mean_foundation= 52.0/52  lifetime_outcomes={'won': 38, 'stalled': 1, 'truncated': 82, 'other': 0}  rss= 2209.7MB  (1155s)
step   107000/400000  eps=0.492  episodes=  123  mean_return=7043.855  mean_loss=24.60476  mean_foundation= 52.0/52  lifetime_outcomes={'won': 40, 'stalled': 1, 'truncated': 82, 'other': 0}  rss= 2211.8MB  (1159s)
step   108000/400000  eps=0.487  episodes=  124  mean_return=940.000  mean_loss=24.06191  mean_foundation=  7.0/52  lifetime_outcomes={'won': 40, 'stalled': 1, 'truncated': 83, 'other': 0}  rss= 2217.8MB  (1162s)
step   109000/400000  eps=0.482  episodes=  125  mean_return=7045.640  mean_loss=24.48737  mean_foundation= 52.0/52  lifetime_outcomes={'won': 41, 'stalled': 1, 'truncated': 83, 'other': 0}  rss= 2221.8MB  (1165s)
step   110000/400000  eps=0.478  episodes=  126  mean_return=640.000  mean_loss=24.11042  mean_foundation= 10.0/52  lifetime_outcomes={'won': 41, 'stalled': 1, 'truncated': 84, 'other': 0}  rss= 2223.9MB  (1168s)
  EVAL  step   110000  win_rate=0.00%  mean_return=361.500  mean_foundation=  3.0/52  mean_length=1000.0  (greedy, 100 fixed deals)
step   111000/400000  eps=0.473  episodes=  127  mean_return=1870.000  mean_loss=22.70773  mean_foundation= 36.0/52  lifetime_outcomes={'won': 41, 'stalled': 1, 'truncated': 85, 'other': 0}  rss= 2228.0MB  (1259s)
step   112000/400000  eps=0.468  episodes=  128  mean_return=830.000  mean_loss=22.83695  mean_foundation= 10.0/52  lifetime_outcomes={'won': 41, 'stalled': 1, 'truncated': 86, 'other': 0}  rss= 2234.0MB  (1262s)
step   113000/400000  eps=0.463  episodes=  130  mean_return=4126.780  mean_loss=22.58260  mean_foundation= 32.0/52  lifetime_outcomes={'won': 42, 'stalled': 1, 'truncated': 87, 'other': 0}  rss= 2238.0MB  (1265s)
step   114000/400000  eps=0.459  episodes=  131  mean_return=910.000  mean_loss=22.53593  mean_foundation=  9.0/52  lifetime_outcomes={'won': 42, 'stalled': 1, 'truncated': 88, 'other': 0}  rss= 2240.1MB  (1269s)
step   115000/400000  eps=0.454  episodes=  132  mean_return=450.000  mean_loss=21.75707  mean_foundation= 14.0/52  lifetime_outcomes={'won': 42, 'stalled': 1, 'truncated': 89, 'other': 0}  rss= 2246.1MB  (1272s)
step   116000/400000  eps=0.449  episodes=  134  mean_return=7044.980  mean_loss=21.99439  mean_foundation= 52.0/52  lifetime_outcomes={'won': 44, 'stalled': 1, 'truncated': 89, 'other': 0}  rss= 2250.1MB  (1275s)
step   117000/400000  eps=0.444  episodes=  135  mean_return=1260.000  mean_loss=21.82430  mean_foundation= 19.0/52  lifetime_outcomes={'won': 44, 'stalled': 1, 'truncated': 90, 'other': 0}  rss= 2252.1MB  (1278s)
step   118000/400000  eps=0.440  episodes=  136  mean_return=700.000  mean_loss=22.11522  mean_foundation=  5.0/52  lifetime_outcomes={'won': 44, 'stalled': 1, 'truncated': 91, 'other': 0}  rss= 2254.3MB  (1282s)
step   119000/400000  eps=0.435  episodes=  137  mean_return=7045.460  mean_loss=21.11837  mean_foundation= 52.0/52  lifetime_outcomes={'won': 45, 'stalled': 1, 'truncated': 91, 'other': 0}  rss= 2259.1MB  (1285s)
step   120000/400000  eps=0.430  episodes=  139  mean_return=3672.260  mean_loss=21.13038  mean_foundation= 28.0/52  lifetime_outcomes={'won': 46, 'stalled': 1, 'truncated': 92, 'other': 0}  rss= 2260.8MB  (1288s)
  EVAL  step   120000  win_rate=0.00%  mean_return=349.000  mean_foundation=  2.9/52  mean_length=1000.0  (greedy, 100 fixed deals)
step   121000/400000  eps=0.425  episodes=  141  mean_return=358.645  mean_loss=20.76214  mean_foundation=  2.5/52  lifetime_outcomes={'won': 46, 'stalled': 2, 'truncated': 93, 'other': 0}  rss= 2269.9MB  (1375s)
step   122000/400000  eps=0.420  episodes=  142  mean_return=430.000  mean_loss=21.14549  mean_foundation=  4.0/52  lifetime_outcomes={'won': 46, 'stalled': 2, 'truncated': 94, 'other': 0}  rss= 2269.9MB  (1379s)
step   123000/400000  eps=0.416  episodes=  143  mean_return=7042.750  mean_loss=21.18986  mean_foundation= 52.0/52  lifetime_outcomes={'won': 47, 'stalled': 2, 'truncated': 94, 'other': 0}  rss= 2269.9MB  (1382s)
step   124000/400000  eps=0.411  episodes=  144  mean_return=1130.000  mean_loss=20.76059  mean_foundation= 10.0/52  lifetime_outcomes={'won': 47, 'stalled': 2, 'truncated': 95, 'other': 0}  rss= 2269.9MB  (1386s)
step   125000/400000  eps=0.406  episodes=  145  mean_return=7043.640  mean_loss=19.96612  mean_foundation= 52.0/52  lifetime_outcomes={'won': 48, 'stalled': 2, 'truncated': 95, 'other': 0}  rss= 2269.9MB  (1389s)
step   126000/400000  eps=0.402  episodes=  146  mean_return=500.000  mean_loss=20.67403  mean_foundation=  2.0/52  lifetime_outcomes={'won': 48, 'stalled': 2, 'truncated': 96, 'other': 0}  rss= 2269.9MB  (1392s)
step   127000/400000  eps=0.397  episodes=  148  mean_return=4027.855  mean_loss=19.67966  mean_foundation= 28.0/52  lifetime_outcomes={'won': 49, 'stalled': 2, 'truncated': 97, 'other': 0}  rss= 2269.9MB  (1396s)
step   128000/400000  eps=0.392  episodes=  150  mean_return=7046.035  mean_loss=19.75882  mean_foundation= 52.0/52  lifetime_outcomes={'won': 51, 'stalled': 2, 'truncated': 97, 'other': 0}  rss= 2269.9MB  (1399s)
step   129000/400000  eps=0.387  episodes=  151  mean_return=7043.490  mean_loss=20.68059  mean_foundation= 52.0/52  lifetime_outcomes={'won': 52, 'stalled': 2, 'truncated': 97, 'other': 0}  rss= 2269.9MB  (1402s)
step   130000/400000  eps=0.383  episodes=  153  mean_return=3852.590  mean_loss=20.49497  mean_foundation= 27.5/52  lifetime_outcomes={'won': 53, 'stalled': 2, 'truncated': 98, 'other': 0}  rss= 2269.9MB  (1406s)
  EVAL  step   130000  win_rate=0.00%  mean_return=339.100  mean_foundation=  2.5/52  mean_length=1000.0  (greedy, 100 fixed deals)
step   131000/400000  eps=0.378  episodes=  154  mean_return=830.000  mean_loss=20.32929  mean_foundation= 16.0/52  lifetime_outcomes={'won': 53, 'stalled': 2, 'truncated': 99, 'other': 0}  rss= 2269.9MB  (1495s)
step   132000/400000  eps=0.373  episodes=  155  mean_return=490.000  mean_loss=19.92537  mean_foundation=  5.0/52  lifetime_outcomes={'won': 53, 'stalled': 2, 'truncated': 100, 'other': 0}  rss= 2269.9MB  (1498s)
step   133000/400000  eps=0.368  episodes=  156  mean_return=510.000  mean_loss=19.58046  mean_foundation=  6.0/52  lifetime_outcomes={'won': 53, 'stalled': 2, 'truncated': 101, 'other': 0}  rss= 2269.9MB  (1501s)
step   134000/400000  eps=0.364  episodes=  157  mean_return=7044.570  mean_loss=19.21532  mean_foundation= 52.0/52  lifetime_outcomes={'won': 54, 'stalled': 2, 'truncated': 101, 'other': 0}  rss= 2269.9MB  (1505s)
step   135000/400000  eps=0.359  episodes=  159  mean_return=4291.500  mean_loss=19.79832  mean_foundation= 34.5/52  lifetime_outcomes={'won': 55, 'stalled': 2, 'truncated': 102, 'other': 0}  rss= 2269.9MB  (1508s)
step   136000/400000  eps=0.354  episodes=  160  mean_return=7044.170  mean_loss=19.51633  mean_foundation= 52.0/52  lifetime_outcomes={'won': 56, 'stalled': 2, 'truncated': 102, 'other': 0}  rss= 2269.9MB  (1511s)
step   137000/400000  eps=0.349  episodes=  161  mean_return=690.000  mean_loss=19.66830  mean_foundation=  6.0/52  lifetime_outcomes={'won': 56, 'stalled': 2, 'truncated': 103, 'other': 0}  rss= 2269.9MB  (1514s)
step   138000/400000  eps=0.345  episodes=  162  mean_return=630.000  mean_loss=19.23525  mean_foundation=  6.0/52  lifetime_outcomes={'won': 56, 'stalled': 2, 'truncated': 104, 'other': 0}  rss= 2269.9MB  (1518s)
step   139000/400000  eps=0.340  episodes=  163  mean_return=370.000  mean_loss=19.30477  mean_foundation=  2.0/52  lifetime_outcomes={'won': 56, 'stalled': 2, 'truncated': 105, 'other': 0}  rss= 2269.9MB  (1521s)
step   140000/400000  eps=0.335  episodes=  164  mean_return=1870.000  mean_loss=19.40590  mean_foundation= 45.0/52  lifetime_outcomes={'won': 56, 'stalled': 2, 'truncated': 106, 'other': 0}  rss= 2269.9MB  (1524s)
  EVAL  step   140000  win_rate=0.00%  mean_return=342.400  mean_foundation=  2.6/52  mean_length=1000.0  (greedy, 100 fixed deals)
step   141000/400000  eps=0.330  episodes=  165  mean_return=800.000  mean_loss=19.24852  mean_foundation=  6.0/52  lifetime_outcomes={'won': 56, 'stalled': 2, 'truncated': 107, 'other': 0}  rss= 2269.9MB  (1611s)
step   142000/400000  eps=0.326  episodes=  166  mean_return=450.000  mean_loss=18.95063  mean_foundation=  6.0/52  lifetime_outcomes={'won': 56, 'stalled': 2, 'truncated': 108, 'other': 0}  rss= 2269.9MB  (1614s)
step   143000/400000  eps=0.321  episodes=  167  mean_return=1060.000  mean_loss=18.97323  mean_foundation= 13.0/52  lifetime_outcomes={'won': 56, 'stalled': 2, 'truncated': 109, 'other': 0}  rss= 2269.9MB  (1618s)
step   144000/400000  eps=0.316  episodes=  168  mean_return=240.000  mean_loss=18.39149  mean_foundation=  4.0/52  lifetime_outcomes={'won': 56, 'stalled': 2, 'truncated': 110, 'other': 0}  rss= 2269.9MB  (1621s)
step   145000/400000  eps=0.311  episodes=  169  mean_return=1310.000  mean_loss=18.45958  mean_foundation= 23.0/52  lifetime_outcomes={'won': 56, 'stalled': 2, 'truncated': 111, 'other': 0}  rss= 2269.9MB  (1625s)
step   146000/400000  eps=0.306  episodes=  170  mean_return=900.000  mean_loss=18.20470  mean_foundation=  9.0/52  lifetime_outcomes={'won': 56, 'stalled': 2, 'truncated': 112, 'other': 0}  rss= 2269.9MB  (1628s)
step   147000/400000  eps=0.302  episodes=  171  mean_return=1390.000  mean_loss=17.97793  mean_foundation= 11.0/52  lifetime_outcomes={'won': 56, 'stalled': 2, 'truncated': 113, 'other': 0}  rss= 2269.9MB  (1632s)
step   148000/400000  eps=0.297  episodes=  173  mean_return=7043.635  mean_loss=17.58775  mean_foundation= 52.0/52  lifetime_outcomes={'won': 58, 'stalled': 2, 'truncated': 113, 'other': 0}  rss= 2269.9MB  (1635s)
step   149000/400000  eps=0.292  episodes=  174  mean_return=790.000  mean_loss=17.82979  mean_foundation=  6.0/52  lifetime_outcomes={'won': 58, 'stalled': 2, 'truncated': 114, 'other': 0}  rss= 2269.9MB  (1639s)
step   150000/400000  eps=0.288  episodes=  175  mean_return=330.000  mean_loss=17.61791  mean_foundation=  5.0/52  lifetime_outcomes={'won': 58, 'stalled': 2, 'truncated': 115, 'other': 0}  rss= 2269.9MB  (1642s)
  EVAL  step   150000  win_rate=0.00%  mean_return=351.600  mean_foundation=  2.8/52  mean_length=1000.0  (greedy, 100 fixed deals)
step   151000/400000  eps=0.283  episodes=  176  mean_return=1360.000  mean_loss=17.89391  mean_foundation= 29.0/52  lifetime_outcomes={'won': 58, 'stalled': 2, 'truncated': 116, 'other': 0}  rss= 2269.9MB  (1732s)
step   152000/400000  eps=0.278  episodes=  177  mean_return=7044.860  mean_loss=18.05123  mean_foundation= 52.0/52  lifetime_outcomes={'won': 59, 'stalled': 2, 'truncated': 116, 'other': 0}  rss= 2269.9MB  (1735s)
step   153000/400000  eps=0.273  episodes=  178  mean_return=7041.820  mean_loss=17.77135  mean_foundation= 52.0/52  lifetime_outcomes={'won': 60, 'stalled': 2, 'truncated': 116, 'other': 0}  rss= 2269.9MB  (1739s)
step   154000/400000  eps=0.269  episodes=  180  mean_return=3881.165  mean_loss=17.35385  mean_foundation= 28.5/52  lifetime_outcomes={'won': 61, 'stalled': 2, 'truncated': 117, 'other': 0}  rss= 2269.9MB  (1742s)
step   155000/400000  eps=0.264  episodes=  181  mean_return=320.000  mean_loss=17.10564  mean_foundation=  4.0/52  lifetime_outcomes={'won': 61, 'stalled': 2, 'truncated': 118, 'other': 0}  rss= 2269.9MB  (1745s)
step   156000/400000  eps=0.259  episodes=  182  mean_return=630.000  mean_loss=17.67813  mean_foundation=  3.0/52  lifetime_outcomes={'won': 61, 'stalled': 2, 'truncated': 119, 'other': 0}  rss= 2269.9MB  (1749s)
step   157000/400000  eps=0.254  episodes=  183  mean_return=400.000  mean_loss=16.91969  mean_foundation=  6.0/52  lifetime_outcomes={'won': 61, 'stalled': 2, 'truncated': 120, 'other': 0}  rss= 2269.9MB  (1752s)
step   158000/400000  eps=0.250  episodes=  184  mean_return=360.000  mean_loss=16.94563  mean_foundation=  2.0/52  lifetime_outcomes={'won': 61, 'stalled': 2, 'truncated': 121, 'other': 0}  rss= 2269.9MB  (1756s)
step   159000/400000  eps=0.245  episodes=  185  mean_return=7042.750  mean_loss=16.72536  mean_foundation= 52.0/52  lifetime_outcomes={'won': 62, 'stalled': 2, 'truncated': 121, 'other': 0}  rss= 2269.9MB  (1759s)
step   160000/400000  eps=0.240  episodes=  186  mean_return=7041.310  mean_loss=15.99649  mean_foundation= 52.0/52  lifetime_outcomes={'won': 63, 'stalled': 2, 'truncated': 121, 'other': 0}  rss= 2269.9MB  (1762s)
  EVAL  step   160000  win_rate=0.00%  mean_return=358.900  mean_foundation=  3.0/52  mean_length=1000.0  (greedy, 100 fixed deals)
step   161000/400000  eps=0.235  episodes=  187  mean_return=670.000  mean_loss=16.42769  mean_foundation=  9.0/52  lifetime_outcomes={'won': 63, 'stalled': 2, 'truncated': 122, 'other': 0}  rss= 2269.9MB  (1849s)
step   162000/400000  eps=0.231  episodes=  189  mean_return=7042.415  mean_loss=16.59166  mean_foundation= 52.0/52  lifetime_outcomes={'won': 65, 'stalled': 2, 'truncated': 122, 'other': 0}  rss= 2269.9MB  (1853s)
step   163000/400000  eps=0.226  episodes=  190  mean_return=1400.000  mean_loss=16.02198  mean_foundation= 22.0/52  lifetime_outcomes={'won': 65, 'stalled': 2, 'truncated': 123, 'other': 0}  rss= 2269.9MB  (1856s)
step   164000/400000  eps=0.221  episodes=  191  mean_return=7044.240  mean_loss=16.05307  mean_foundation= 52.0/52  lifetime_outcomes={'won': 66, 'stalled': 2, 'truncated': 123, 'other': 0}  rss= 2269.9MB  (1860s)
step   165000/400000  eps=0.216  episodes=  192  mean_return=950.000  mean_loss=16.10087  mean_foundation= 10.0/52  lifetime_outcomes={'won': 66, 'stalled': 2, 'truncated': 124, 'other': 0}  rss= 2269.9MB  (1863s)
step   166000/400000  eps=0.212  episodes=  193  mean_return=7040.830  mean_loss=16.37557  mean_foundation= 52.0/52  lifetime_outcomes={'won': 67, 'stalled': 2, 'truncated': 124, 'other': 0}  rss= 2269.9MB  (1867s)
step   167000/400000  eps=0.207  episodes=  194  mean_return=860.000  mean_loss=15.89183  mean_foundation=  5.0/52  lifetime_outcomes={'won': 67, 'stalled': 2, 'truncated': 125, 'other': 0}  rss= 2269.9MB  (1870s)
step   168000/400000  eps=0.202  episodes=  195  mean_return=1660.000  mean_loss=15.61581  mean_foundation= 29.0/52  lifetime_outcomes={'won': 67, 'stalled': 2, 'truncated': 126, 'other': 0}  rss= 2269.9MB  (1874s)
step   169000/400000  eps=0.197  episodes=  196  mean_return=410.000  mean_loss=15.95901  mean_foundation=  2.0/52  lifetime_outcomes={'won': 67, 'stalled': 2, 'truncated': 127, 'other': 0}  rss= 2269.9MB  (1877s)
step   170000/400000  eps=0.193  episodes=  197  mean_return=890.000  mean_loss=15.65530  mean_foundation=  3.0/52  lifetime_outcomes={'won': 67, 'stalled': 2, 'truncated': 128, 'other': 0}  rss= 2269.9MB  (1881s)
  EVAL  step   170000  win_rate=0.00%  mean_return=326.200  mean_foundation=  2.4/52  mean_length=1000.0  (greedy, 100 fixed deals)
step   171000/400000  eps=0.188  episodes=  198  mean_return=7003.370  mean_loss=15.26031  mean_foundation= 52.0/52  lifetime_outcomes={'won': 68, 'stalled': 2, 'truncated': 128, 'other': 0}  rss= 2269.9MB  (1970s)
step   172000/400000  eps=0.183  episodes=  199  mean_return=330.000  mean_loss=15.29309  mean_foundation=  9.0/52  lifetime_outcomes={'won': 68, 'stalled': 2, 'truncated': 129, 'other': 0}  rss= 2269.9MB  (1974s)
step   173000/400000  eps=0.178  episodes=  201  mean_return=3802.350  mean_loss=14.87625  mean_foundation= 27.0/52  lifetime_outcomes={'won': 69, 'stalled': 2, 'truncated': 130, 'other': 0}  rss= 2269.9MB  (1977s)
step   174000/400000  eps=0.173  episodes=  202  mean_return=1070.000  mean_loss=14.73381  mean_foundation= 10.0/52  lifetime_outcomes={'won': 69, 'stalled': 2, 'truncated': 131, 'other': 0}  rss= 2269.9MB  (1980s)
step   175000/400000  eps=0.169  episodes=  203  mean_return=410.000  mean_loss=14.93436  mean_foundation=  1.0/52  lifetime_outcomes={'won': 69, 'stalled': 2, 'truncated': 132, 'other': 0}  rss= 2269.9MB  (1984s)
step   176000/400000  eps=0.164  episodes=  204  mean_return=1110.000  mean_loss=14.44846  mean_foundation= 12.0/52  lifetime_outcomes={'won': 69, 'stalled': 2, 'truncated': 133, 'other': 0}  rss= 2269.9MB  (1987s)
step   177000/400000  eps=0.159  episodes=  205  mean_return=1140.000  mean_loss=14.93494  mean_foundation= 13.0/52  lifetime_outcomes={'won': 69, 'stalled': 2, 'truncated': 134, 'other': 0}  rss= 2269.9MB  (1991s)
step   178000/400000  eps=0.155  episodes=  206  mean_return=260.000  mean_loss=14.08543  mean_foundation=  1.0/52  lifetime_outcomes={'won': 69, 'stalled': 2, 'truncated': 135, 'other': 0}  rss= 2269.9MB  (1994s)
step   179000/400000  eps=0.150  episodes=  207  mean_return=660.000  mean_loss=14.31285  mean_foundation=  9.0/52  lifetime_outcomes={'won': 69, 'stalled': 2, 'truncated': 136, 'other': 0}  rss= 2269.9MB  (1998s)
step   180000/400000  eps=0.145  episodes=  208  mean_return=7004.310  mean_loss=13.69966  mean_foundation= 52.0/52  lifetime_outcomes={'won': 70, 'stalled': 2, 'truncated': 136, 'other': 0}  rss= 2269.9MB  (2001s)
  EVAL  step   180000  win_rate=0.00%  mean_return=340.500  mean_foundation=  2.6/52  mean_length=1000.0  (greedy, 100 fixed deals)
step   181000/400000  eps=0.140  episodes=  209  mean_return=1510.000  mean_loss=14.00866  mean_foundation= 21.0/52  lifetime_outcomes={'won': 70, 'stalled': 2, 'truncated': 137, 'other': 0}  rss= 2269.9MB  (2087s)
step   182000/400000  eps=0.136  episodes=  210  mean_return=880.000  mean_loss=13.49870  mean_foundation=  6.0/52  lifetime_outcomes={'won': 70, 'stalled': 2, 'truncated': 138, 'other': 0}  rss= 2269.9MB  (2090s)
step   183000/400000  eps=0.131  episodes=  212  mean_return=3886.835  mean_loss=13.33668  mean_foundation= 28.5/52  lifetime_outcomes={'won': 71, 'stalled': 2, 'truncated': 139, 'other': 0}  rss= 2269.9MB  (2094s)
step   184000/400000  eps=0.126  episodes=  213  mean_return=260.000  mean_loss=13.11716  mean_foundation= 11.0/52  lifetime_outcomes={'won': 71, 'stalled': 2, 'truncated': 140, 'other': 0}  rss= 2269.9MB  (2098s)
step   185000/400000  eps=0.121  episodes=  214  mean_return=550.000  mean_loss=12.94441  mean_foundation=  6.0/52  lifetime_outcomes={'won': 71, 'stalled': 2, 'truncated': 141, 'other': 0}  rss= 2269.9MB  (2101s)
step   186000/400000  eps=0.117  episodes=  215  mean_return=1110.000  mean_loss=13.18108  mean_foundation= 12.0/52  lifetime_outcomes={'won': 71, 'stalled': 2, 'truncated': 142, 'other': 0}  rss= 2269.9MB  (2105s)
step   187000/400000  eps=0.112  episodes=  216  mean_return=1740.000  mean_loss=12.35140  mean_foundation= 22.0/52  lifetime_outcomes={'won': 71, 'stalled': 2, 'truncated': 143, 'other': 0}  rss= 2269.9MB  (2108s)
step   188000/400000  eps=0.107  episodes=  217  mean_return=100.000  mean_loss=12.39194  mean_foundation=  3.0/52  lifetime_outcomes={'won': 71, 'stalled': 2, 'truncated': 144, 'other': 0}  rss= 2269.9MB  (2112s)
step   189000/400000  eps=0.102  episodes=  218  mean_return=460.000  mean_loss=12.60414  mean_foundation=  8.0/52  lifetime_outcomes={'won': 71, 'stalled': 2, 'truncated': 145, 'other': 0}  rss= 2269.9MB  (2115s)
step   190000/400000  eps=0.098  episodes=  219  mean_return=1560.000  mean_loss=12.35275  mean_foundation= 24.0/52  lifetime_outcomes={'won': 71, 'stalled': 2, 'truncated': 146, 'other': 0}  rss= 2269.9MB  (2119s)
  EVAL  step   190000  win_rate=0.00%  mean_return=341.500  mean_foundation=  2.5/52  mean_length=1000.0  (greedy, 100 fixed deals)
step   191000/400000  eps=0.093  episodes=  220  mean_return=1370.000  mean_loss=12.15867  mean_foundation= 17.0/52  lifetime_outcomes={'won': 71, 'stalled': 2, 'truncated': 147, 'other': 0}  rss= 2269.9MB  (2208s)
step   192000/400000  eps=0.088  episodes=  221  mean_return=490.000  mean_loss=12.37289  mean_foundation= 10.0/52  lifetime_outcomes={'won': 71, 'stalled': 2, 'truncated': 148, 'other': 0}  rss= 2269.9MB  (2212s)
step   193000/400000  eps=0.083  episodes=  222  mean_return=7040.840  mean_loss=11.89180  mean_foundation= 52.0/52  lifetime_outcomes={'won': 72, 'stalled': 2, 'truncated': 148, 'other': 0}  rss= 2269.9MB  (2215s)
step   194000/400000  eps=0.079  episodes=  223  mean_return=550.000  mean_loss=11.82260  mean_foundation=  6.0/52  lifetime_outcomes={'won': 72, 'stalled': 2, 'truncated': 149, 'other': 0}  rss= 2269.9MB  (2219s)
step   195000/400000  eps=0.074  episodes=  224  mean_return=520.000  mean_loss=11.63259  mean_foundation=  4.0/52  lifetime_outcomes={'won': 72, 'stalled': 2, 'truncated': 150, 'other': 0}  rss= 2269.9MB  (2222s)
step   196000/400000  eps=0.069  episodes=  225  mean_return=630.000  mean_loss=11.35464  mean_foundation=  4.0/52  lifetime_outcomes={'won': 72, 'stalled': 2, 'truncated': 151, 'other': 0}  rss= 2269.9MB  (2226s)
step   197000/400000  eps=0.064  episodes=  226  mean_return=470.000  mean_loss=11.56184  mean_foundation=  8.0/52  lifetime_outcomes={'won': 72, 'stalled': 2, 'truncated': 152, 'other': 0}  rss= 2269.9MB  (2229s)
step   198000/400000  eps=0.059  episodes=  227  mean_return=330.000  mean_loss=11.16109  mean_foundation=  3.0/52  lifetime_outcomes={'won': 72, 'stalled': 2, 'truncated': 153, 'other': 0}  rss= 2269.9MB  (2233s)
step   199000/400000  eps=0.055  episodes=  228  mean_return=450.000  mean_loss=11.12873  mean_foundation=  7.0/52  lifetime_outcomes={'won': 72, 'stalled': 2, 'truncated': 154, 'other': 0}  rss= 2269.9MB  (2236s)
step   200000/400000  eps=0.050  episodes=  229  mean_return=190.000  mean_loss=10.75965  mean_foundation=  1.0/52  lifetime_outcomes={'won': 72, 'stalled': 2, 'truncated': 155, 'other': 0}  rss= 2269.9MB  (2240s)
  EVAL  step   200000  win_rate=0.00%  mean_return=357.400  mean_foundation=  2.7/52  mean_length=1000.0  (greedy, 100 fixed deals)
step   201000/400000  eps=0.050  episodes=  230  mean_return=620.000  mean_loss=11.01503  mean_foundation=  4.0/52  lifetime_outcomes={'won': 72, 'stalled': 2, 'truncated': 156, 'other': 0}  rss= 2269.9MB  (2327s)
step   202000/400000  eps=0.050  episodes=  231  mean_return=1470.000  mean_loss=10.65486  mean_foundation= 21.0/52  lifetime_outcomes={'won': 72, 'stalled': 2, 'truncated': 157, 'other': 0}  rss= 2269.9MB  (2331s)
step   203000/400000  eps=0.050  episodes=  232  mean_return=560.000  mean_loss=10.92391  mean_foundation=  4.0/52  lifetime_outcomes={'won': 72, 'stalled': 2, 'truncated': 158, 'other': 0}  rss= 2269.9MB  (2334s)
step   204000/400000  eps=0.050  episodes=  233  mean_return=7001.970  mean_loss=10.62583  mean_foundation= 52.0/52  lifetime_outcomes={'won': 73, 'stalled': 2, 'truncated': 158, 'other': 0}  rss= 2269.9MB  (2338s)
step   205000/400000  eps=0.050  episodes=  234  mean_return=1200.000  mean_loss=10.53058  mean_foundation= 17.0/52  lifetime_outcomes={'won': 73, 'stalled': 2, 'truncated': 159, 'other': 0}  rss= 2269.9MB  (2342s)
step   206000/400000  eps=0.050  episodes=  235  mean_return=1200.000  mean_loss=10.35045  mean_foundation= 14.0/52  lifetime_outcomes={'won': 73, 'stalled': 2, 'truncated': 160, 'other': 0}  rss= 2269.9MB  (2346s)
step   207000/400000  eps=0.050  episodes=  236  mean_return=650.000  mean_loss=10.12832  mean_foundation= 12.0/52  lifetime_outcomes={'won': 73, 'stalled': 2, 'truncated': 161, 'other': 0}  rss= 2269.9MB  (2349s)
step   208000/400000  eps=0.050  episodes=  237  mean_return=690.000  mean_loss=10.31771  mean_foundation=  9.0/52  lifetime_outcomes={'won': 73, 'stalled': 2, 'truncated': 162, 'other': 0}  rss= 2269.9MB  (2353s)
step   209000/400000  eps=0.050  episodes=  238  mean_return=410.000  mean_loss=10.07081  mean_foundation=  2.0/52  lifetime_outcomes={'won': 73, 'stalled': 2, 'truncated': 163, 'other': 0}  rss= 2269.9MB  (2357s)
step   210000/400000  eps=0.050  episodes=  239  mean_return=1060.000  mean_loss= 9.79205  mean_foundation=  4.0/52  lifetime_outcomes={'won': 73, 'stalled': 2, 'truncated': 164, 'other': 0}  rss= 2269.9MB  (2360s)
  EVAL  step   210000  win_rate=0.00%  mean_return=359.500  mean_foundation=  2.9/52  mean_length=1000.0  (greedy, 100 fixed deals)
step   211000/400000  eps=0.050  episodes=  240  mean_return=690.000  mean_loss= 9.84877  mean_foundation=  5.0/52  lifetime_outcomes={'won': 73, 'stalled': 2, 'truncated': 165, 'other': 0}  rss= 2269.9MB  (2450s)
step   212000/400000  eps=0.050  episodes=  241  mean_return=560.000  mean_loss= 9.38922  mean_foundation=  9.0/52  lifetime_outcomes={'won': 73, 'stalled': 2, 'truncated': 166, 'other': 0}  rss= 2269.9MB  (2454s)
step   213000/400000  eps=0.050  episodes=  242  mean_return=1560.000  mean_loss= 9.47987  mean_foundation= 24.0/52  lifetime_outcomes={'won': 73, 'stalled': 2, 'truncated': 167, 'other': 0}  rss= 2269.9MB  (2457s)
step   214000/400000  eps=0.050  episodes=  243  mean_return=710.000  mean_loss= 9.18303  mean_foundation=  7.0/52  lifetime_outcomes={'won': 73, 'stalled': 2, 'truncated': 168, 'other': 0}  rss= 2269.9MB  (2461s)
step   215000/400000  eps=0.050  episodes=  244  mean_return=250.000  mean_loss= 9.18079  mean_foundation=  5.0/52  lifetime_outcomes={'won': 73, 'stalled': 2, 'truncated': 169, 'other': 0}  rss= 2269.9MB  (2465s)
step   216000/400000  eps=0.050  episodes=  245  mean_return=360.000  mean_loss= 9.20891  mean_foundation=  3.0/52  lifetime_outcomes={'won': 73, 'stalled': 2, 'truncated': 170, 'other': 0}  rss= 2269.9MB  (2468s)
step   217000/400000  eps=0.050  episodes=  246  mean_return=7000.230  mean_loss= 9.16641  mean_foundation= 52.0/52  lifetime_outcomes={'won': 74, 'stalled': 2, 'truncated': 170, 'other': 0}  rss= 2269.9MB  (2472s)
step   218000/400000  eps=0.050  episodes=  247  mean_return=520.000  mean_loss= 8.85197  mean_foundation=  2.0/52  lifetime_outcomes={'won': 74, 'stalled': 2, 'truncated': 171, 'other': 0}  rss= 2269.9MB  (2475s)
step   219000/400000  eps=0.050  episodes=  248  mean_return=7000.990  mean_loss= 9.20841  mean_foundation= 52.0/52  lifetime_outcomes={'won': 75, 'stalled': 2, 'truncated': 171, 'other': 0}  rss= 2269.9MB  (2479s)
step   220000/400000  eps=0.050  episodes=  249  mean_return=530.000  mean_loss= 8.76668  mean_foundation=  6.0/52  lifetime_outcomes={'won': 75, 'stalled': 2, 'truncated': 172, 'other': 0}  rss= 2269.9MB  (2482s)
  EVAL  step   220000  win_rate=0.00%  mean_return=338.200  mean_foundation=  2.5/52  mean_length=1000.0  (greedy, 100 fixed deals)
step   221000/400000  eps=0.050  episodes=  250  mean_return=260.000  mean_loss= 8.52048  mean_foundation=  2.0/52  lifetime_outcomes={'won': 75, 'stalled': 2, 'truncated': 173, 'other': 0}  rss= 2269.9MB  (2568s)
step   222000/400000  eps=0.050  episodes=  251  mean_return=1200.000  mean_loss= 8.29906  mean_foundation=  8.0/52  lifetime_outcomes={'won': 75, 'stalled': 2, 'truncated': 174, 'other': 0}  rss= 2269.9MB  (2572s)
step   223000/400000  eps=0.050  episodes=  252  mean_return=1030.000  mean_loss= 8.58104  mean_foundation=  9.0/52  lifetime_outcomes={'won': 75, 'stalled': 2, 'truncated': 175, 'other': 0}  rss= 2269.9MB  (2576s)
step   224000/400000  eps=0.050  episodes=  253  mean_return=350.000  mean_loss= 8.58435  mean_foundation=  2.0/52  lifetime_outcomes={'won': 75, 'stalled': 2, 'truncated': 176, 'other': 0}  rss= 2269.9MB  (2579s)
step   225000/400000  eps=0.050  episodes=  254  mean_return=660.000  mean_loss= 8.33844  mean_foundation=  4.0/52  lifetime_outcomes={'won': 75, 'stalled': 2, 'truncated': 177, 'other': 0}  rss= 2269.9MB  (2583s)
step   226000/400000  eps=0.050  episodes=  255  mean_return=550.000  mean_loss= 8.18419  mean_foundation=  8.0/52  lifetime_outcomes={'won': 75, 'stalled': 2, 'truncated': 178, 'other': 0}  rss= 2269.9MB  (2586s)
step   227000/400000  eps=0.050  episodes=  256  mean_return=390.000  mean_loss= 8.18690  mean_foundation=  6.0/52  lifetime_outcomes={'won': 75, 'stalled': 2, 'truncated': 179, 'other': 0}  rss= 2269.9MB  (2590s)
step   228000/400000  eps=0.050  episodes=  257  mean_return=820.000  mean_loss= 8.03103  mean_foundation=  7.0/52  lifetime_outcomes={'won': 75, 'stalled': 2, 'truncated': 180, 'other': 0}  rss= 2269.9MB  (2593s)
step   229000/400000  eps=0.050  episodes=  258  mean_return=1120.000  mean_loss= 7.93720  mean_foundation= 11.0/52  lifetime_outcomes={'won': 75, 'stalled': 2, 'truncated': 181, 'other': 0}  rss= 2269.9MB  (2597s)
step   230000/400000  eps=0.050  episodes=  259  mean_return=510.000  mean_loss= 7.64225  mean_foundation=  8.0/52  lifetime_outcomes={'won': 75, 'stalled': 2, 'truncated': 182, 'other': 0}  rss= 2269.9MB  (2600s)
  EVAL  step   230000  win_rate=0.00%  mean_return=330.000  mean_foundation=  2.4/52  mean_length=1000.0  (greedy, 100 fixed deals)
step   231000/400000  eps=0.050  episodes=  260  mean_return=740.000  mean_loss= 7.75801  mean_foundation=  5.0/52  lifetime_outcomes={'won': 75, 'stalled': 2, 'truncated': 183, 'other': 0}  rss= 2269.9MB  (2690s)
step   232000/400000  eps=0.050  episodes=  261  mean_return=360.000  mean_loss= 7.64587  mean_foundation=  6.0/52  lifetime_outcomes={'won': 75, 'stalled': 2, 'truncated': 184, 'other': 0}  rss= 2269.9MB  (2693s)
step   233000/400000  eps=0.050  episodes=  262  mean_return=530.000  mean_loss= 7.45734  mean_foundation=  5.0/52  lifetime_outcomes={'won': 75, 'stalled': 2, 'truncated': 185, 'other': 0}  rss= 2269.9MB  (2697s)
step   234000/400000  eps=0.050  episodes=  263  mean_return=550.000  mean_loss= 7.70806  mean_foundation=  7.0/52  lifetime_outcomes={'won': 75, 'stalled': 2, 'truncated': 186, 'other': 0}  rss= 2269.9MB  (2700s)
step   235000/400000  eps=0.050  episodes=  264  mean_return=1320.000  mean_loss= 7.63996  mean_foundation= 10.0/52  lifetime_outcomes={'won': 75, 'stalled': 2, 'truncated': 187, 'other': 0}  rss= 2269.9MB  (2704s)
step   236000/400000  eps=0.050  episodes=  265  mean_return=370.000  mean_loss= 7.18287  mean_foundation=  5.0/52  lifetime_outcomes={'won': 75, 'stalled': 2, 'truncated': 188, 'other': 0}  rss= 2269.9MB  (2707s)
step   237000/400000  eps=0.050  episodes=  266  mean_return=790.000  mean_loss= 7.20471  mean_foundation=  5.0/52  lifetime_outcomes={'won': 75, 'stalled': 2, 'truncated': 189, 'other': 0}  rss= 2269.9MB  (2710s)
step   238000/400000  eps=0.050  episodes=  267  mean_return=1050.000  mean_loss= 6.95434  mean_foundation= 10.0/52  lifetime_outcomes={'won': 75, 'stalled': 2, 'truncated': 190, 'other': 0}  rss= 2269.9MB  (2714s)
step   239000/400000  eps=0.050  episodes=  268  mean_return=1540.000  mean_loss= 6.90183  mean_foundation= 22.0/52  lifetime_outcomes={'won': 75, 'stalled': 2, 'truncated': 191, 'other': 0}  rss= 2269.9MB  (2717s)
step   240000/400000  eps=0.050  episodes=  269  mean_return=610.000  mean_loss= 7.32309  mean_foundation= 10.0/52  lifetime_outcomes={'won': 75, 'stalled': 2, 'truncated': 192, 'other': 0}  rss= 2269.9MB  (2721s)
  EVAL  step   240000  win_rate=0.00%  mean_return=340.600  mean_foundation=  2.6/52  mean_length=1000.0  (greedy, 100 fixed deals)
step   241000/400000  eps=0.050  episodes=  270  mean_return=320.000  mean_loss= 6.80928  mean_foundation=  2.0/52  lifetime_outcomes={'won': 75, 'stalled': 2, 'truncated': 193, 'other': 0}  rss= 2269.9MB  (2808s)
step   242000/400000  eps=0.050  episodes=  271  mean_return=500.000  mean_loss= 6.78127  mean_foundation=  6.0/52  lifetime_outcomes={'won': 75, 'stalled': 2, 'truncated': 194, 'other': 0}  rss= 2269.9MB  (2811s)
step   243000/400000  eps=0.050  episodes=  272  mean_return=1010.000  mean_loss= 6.68968  mean_foundation= 13.0/52  lifetime_outcomes={'won': 75, 'stalled': 2, 'truncated': 195, 'other': 0}  rss= 2269.9MB  (2815s)
step   244000/400000  eps=0.050  episodes=  273  mean_return=520.000  mean_loss= 6.53683  mean_foundation=  3.0/52  lifetime_outcomes={'won': 75, 'stalled': 2, 'truncated': 196, 'other': 0}  rss= 2269.9MB  (2819s)
step   245000/400000  eps=0.050  episodes=  274  mean_return=580.000  mean_loss= 6.52845  mean_foundation=  5.0/52  lifetime_outcomes={'won': 75, 'stalled': 2, 'truncated': 197, 'other': 0}  rss= 2269.9MB  (2822s)
step   246000/400000  eps=0.050  episodes=  275  mean_return=530.000  mean_loss= 6.43927  mean_foundation=  6.0/52  lifetime_outcomes={'won': 75, 'stalled': 2, 'truncated': 198, 'other': 0}  rss= 2269.9MB  (2826s)
step   247000/400000  eps=0.050  episodes=  276  mean_return=670.000  mean_loss= 6.60218  mean_foundation=  8.0/52  lifetime_outcomes={'won': 75, 'stalled': 2, 'truncated': 199, 'other': 0}  rss= 2269.9MB  (2830s)
step   248000/400000  eps=0.050  episodes=  277  mean_return=840.000  mean_loss= 6.43731  mean_foundation=  5.0/52  lifetime_outcomes={'won': 75, 'stalled': 2, 'truncated': 200, 'other': 0}  rss= 2269.9MB  (2833s)
step   249000/400000  eps=0.050  episodes=  278  mean_return=380.000  mean_loss= 6.30945  mean_foundation=  6.0/52  lifetime_outcomes={'won': 75, 'stalled': 2, 'truncated': 201, 'other': 0}  rss= 2269.9MB  (2837s)
step   250000/400000  eps=0.050  episodes=  279  mean_return=380.000  mean_loss= 6.13471  mean_foundation=  2.0/52  lifetime_outcomes={'won': 75, 'stalled': 2, 'truncated': 202, 'other': 0}  rss= 2269.9MB  (2840s)
  EVAL  step   250000  win_rate=0.00%  mean_return=342.900  mean_foundation=  2.6/52  mean_length=1000.0  (greedy, 100 fixed deals)
step   251000/400000  eps=0.050  episodes=  280  mean_return=1360.000  mean_loss= 6.12768  mean_foundation= 19.0/52  lifetime_outcomes={'won': 75, 'stalled': 2, 'truncated': 203, 'other': 0}  rss= 2269.9MB  (2930s)
step   252000/400000  eps=0.050  episodes=  281  mean_return=1360.000  mean_loss= 6.05827  mean_foundation= 18.0/52  lifetime_outcomes={'won': 75, 'stalled': 2, 'truncated': 204, 'other': 0}  rss= 2269.9MB  (2933s)
step   253000/400000  eps=0.050  episodes=  282  mean_return=790.000  mean_loss= 6.05784  mean_foundation=  8.0/52  lifetime_outcomes={'won': 75, 'stalled': 2, 'truncated': 205, 'other': 0}  rss= 2269.9MB  (2937s)
step   254000/400000  eps=0.050  episodes=  283  mean_return=680.000  mean_loss= 5.89519  mean_foundation=  6.0/52  lifetime_outcomes={'won': 75, 'stalled': 2, 'truncated': 206, 'other': 0}  rss= 2269.9MB  (2941s)
step   255000/400000  eps=0.050  episodes=  284  mean_return=490.000  mean_loss= 5.90289  mean_foundation=  3.0/52  lifetime_outcomes={'won': 75, 'stalled': 2, 'truncated': 207, 'other': 0}  rss= 2269.9MB  (2944s)
step   256000/400000  eps=0.050  episodes=  285  mean_return=220.000  mean_loss= 5.85944  mean_foundation=  3.0/52  lifetime_outcomes={'won': 75, 'stalled': 2, 'truncated': 208, 'other': 0}  rss= 2269.9MB  (2947s)
step   257000/400000  eps=0.050  episodes=  286  mean_return=560.000  mean_loss= 5.70672  mean_foundation=  3.0/52  lifetime_outcomes={'won': 75, 'stalled': 2, 'truncated': 209, 'other': 0}  rss= 2269.9MB  (2951s)
step   258000/400000  eps=0.050  episodes=  287  mean_return=560.000  mean_loss= 5.69030  mean_foundation=  8.0/52  lifetime_outcomes={'won': 75, 'stalled': 2, 'truncated': 210, 'other': 0}  rss= 2269.9MB  (2954s)
step   259000/400000  eps=0.050  episodes=  288  mean_return=630.000  mean_loss= 5.66538  mean_foundation=  9.0/52  lifetime_outcomes={'won': 75, 'stalled': 2, 'truncated': 211, 'other': 0}  rss= 2269.9MB  (2958s)
step   260000/400000  eps=0.050  episodes=  289  mean_return=480.000  mean_loss= 5.37330  mean_foundation=  4.0/52  lifetime_outcomes={'won': 75, 'stalled': 2, 'truncated': 212, 'other': 0}  rss= 2269.9MB  (2961s)
  EVAL  step   260000  win_rate=0.00%  mean_return=337.700  mean_foundation=  2.4/52  mean_length=1000.0  (greedy, 100 fixed deals)
step   261000/400000  eps=0.050  episodes=  290  mean_return=510.000  mean_loss= 5.40829  mean_foundation=  7.0/52  lifetime_outcomes={'won': 75, 'stalled': 2, 'truncated': 213, 'other': 0}  rss= 2269.9MB  (3048s)
step   262000/400000  eps=0.050  episodes=  291  mean_return=950.000  mean_loss= 5.45924  mean_foundation=  7.0/52  lifetime_outcomes={'won': 75, 'stalled': 2, 'truncated': 214, 'other': 0}  rss= 2269.9MB  (3051s)
step   263000/400000  eps=0.050  episodes=  292  mean_return=1040.000  mean_loss= 5.45743  mean_foundation=  5.0/52  lifetime_outcomes={'won': 75, 'stalled': 2, 'truncated': 215, 'other': 0}  rss= 2269.9MB  (3055s)
step   264000/400000  eps=0.050  episodes=  293  mean_return=280.000  mean_loss= 5.39109  mean_foundation=  3.0/52  lifetime_outcomes={'won': 75, 'stalled': 2, 'truncated': 216, 'other': 0}  rss= 2269.9MB  (3058s)
step   265000/400000  eps=0.050  episodes=  294  mean_return=1450.000  mean_loss= 5.45587  mean_foundation= 22.0/52  lifetime_outcomes={'won': 75, 'stalled': 2, 'truncated': 217, 'other': 0}  rss= 2269.9MB  (3062s)
step   266000/400000  eps=0.050  episodes=  295  mean_return=650.000  mean_loss= 5.21488  mean_foundation=  6.0/52  lifetime_outcomes={'won': 75, 'stalled': 2, 'truncated': 218, 'other': 0}  rss= 2269.9MB  (3066s)
step   267000/400000  eps=0.050  episodes=  296  mean_return=200.000  mean_loss= 5.16343  mean_foundation=  1.0/52  lifetime_outcomes={'won': 75, 'stalled': 2, 'truncated': 219, 'other': 0}  rss= 2269.9MB  (3069s)
step   268000/400000  eps=0.050  episodes=  297  mean_return=980.000  mean_loss= 5.09920  mean_foundation= 15.0/52  lifetime_outcomes={'won': 75, 'stalled': 2, 'truncated': 220, 'other': 0}  rss= 2269.9MB  (3072s)
step   269000/400000  eps=0.050  episodes=  298  mean_return=610.000  mean_loss= 5.20398  mean_foundation= 10.0/52  lifetime_outcomes={'won': 75, 'stalled': 2, 'truncated': 221, 'other': 0}  rss= 2269.9MB  (3076s)
step   270000/400000  eps=0.050  episodes=  299  mean_return=1150.000  mean_loss= 4.93207  mean_foundation=  7.0/52  lifetime_outcomes={'won': 75, 'stalled': 2, 'truncated': 222, 'other': 0}  rss= 2269.9MB  (3079s)
  EVAL  step   270000  win_rate=0.00%  mean_return=351.300  mean_foundation=  2.7/52  mean_length=1000.0  (greedy, 100 fixed deals)
step   271000/400000  eps=0.050  episodes=  300  mean_return=900.000  mean_loss= 4.84860  mean_foundation=  4.0/52  lifetime_outcomes={'won': 75, 'stalled': 2, 'truncated': 223, 'other': 0}  rss= 2269.9MB  (3171s)
step   272000/400000  eps=0.050  episodes=  301  mean_return=283.650  mean_loss= 4.94391  mean_foundation=  9.0/52  lifetime_outcomes={'won': 75, 'stalled': 3, 'truncated': 223, 'other': 0}  rss= 2269.9MB  (3175s)
step   273000/400000  eps=0.050  episodes=  302  mean_return=530.000  mean_loss= 4.83237  mean_foundation=  6.0/52  lifetime_outcomes={'won': 75, 'stalled': 3, 'truncated': 224, 'other': 0}  rss= 2269.9MB  (3178s)
step   274000/400000  eps=0.050  episodes=  303  mean_return=610.000  mean_loss= 4.79554  mean_foundation= 12.0/52  lifetime_outcomes={'won': 75, 'stalled': 3, 'truncated': 225, 'other': 0}  rss= 2269.9MB  (3182s)
step   275000/400000  eps=0.050  episodes=  304  mean_return=310.000  mean_loss= 4.87134  mean_foundation=  7.0/52  lifetime_outcomes={'won': 75, 'stalled': 3, 'truncated': 226, 'other': 0}  rss= 2269.9MB  (3185s)
step   276000/400000  eps=0.050  episodes=  305  mean_return=980.000  mean_loss= 4.59129  mean_foundation=  8.0/52  lifetime_outcomes={'won': 75, 'stalled': 3, 'truncated': 227, 'other': 0}  rss= 2269.9MB  (3189s)
step   277000/400000  eps=0.050  episodes=  306  mean_return=770.000  mean_loss= 4.83391  mean_foundation=  5.0/52  lifetime_outcomes={'won': 75, 'stalled': 3, 'truncated': 228, 'other': 0}  rss= 2269.9MB  (3192s)
step   278000/400000  eps=0.050  episodes=  307  mean_return=580.000  mean_loss= 4.63431  mean_foundation=  5.0/52  lifetime_outcomes={'won': 75, 'stalled': 3, 'truncated': 229, 'other': 0}  rss= 2269.9MB  (3196s)
step   279000/400000  eps=0.050  episodes=  308  mean_return=400.000  mean_loss= 4.64676  mean_foundation=  3.0/52  lifetime_outcomes={'won': 75, 'stalled': 3, 'truncated': 230, 'other': 0}  rss= 2269.9MB  (3199s)
step   280000/400000  eps=0.050  episodes=  309  mean_return=560.000  mean_loss= 4.60066  mean_foundation=  4.0/52  lifetime_outcomes={'won': 75, 'stalled': 3, 'truncated': 231, 'other': 0}  rss= 2269.9MB  (3203s)
  EVAL  step   280000  win_rate=0.00%  mean_return=343.700  mean_foundation=  2.5/52  mean_length=1000.0  (greedy, 100 fixed deals)
step   281000/400000  eps=0.050  episodes=  310  mean_return=1060.000  mean_loss= 4.60367  mean_foundation= 16.0/52  lifetime_outcomes={'won': 75, 'stalled': 3, 'truncated': 232, 'other': 0}  rss= 2269.9MB  (3291s)
step   282000/400000  eps=0.050  episodes=  311  mean_return=440.000  mean_loss= 4.37448  mean_foundation=  7.0/52  lifetime_outcomes={'won': 75, 'stalled': 3, 'truncated': 233, 'other': 0}  rss= 2269.9MB  (3294s)
step   283000/400000  eps=0.050  episodes=  312  mean_return=650.000  mean_loss= 4.50977  mean_foundation=  7.0/52  lifetime_outcomes={'won': 75, 'stalled': 3, 'truncated': 234, 'other': 0}  rss= 2269.9MB  (3298s)
step   284000/400000  eps=0.050  episodes=  313  mean_return=880.000  mean_loss= 4.51068  mean_foundation= 11.0/52  lifetime_outcomes={'won': 75, 'stalled': 3, 'truncated': 235, 'other': 0}  rss= 2269.9MB  (3301s)
step   285000/400000  eps=0.050  episodes=  314  mean_return=190.000  mean_loss= 4.35675  mean_foundation=  1.0/52  lifetime_outcomes={'won': 75, 'stalled': 3, 'truncated': 236, 'other': 0}  rss= 2269.9MB  (3305s)
step   286000/400000  eps=0.050  episodes=  315  mean_return=500.000  mean_loss= 4.18287  mean_foundation=  6.0/52  lifetime_outcomes={'won': 75, 'stalled': 3, 'truncated': 237, 'other': 0}  rss= 2269.9MB  (3308s)
step   287000/400000  eps=0.050  episodes=  316  mean_return=1720.000  mean_loss= 4.34212  mean_foundation= 20.0/52  lifetime_outcomes={'won': 75, 'stalled': 3, 'truncated': 238, 'other': 0}  rss= 2269.9MB  (3313s)
step   288000/400000  eps=0.050  episodes=  317  mean_return=920.000  mean_loss= 4.24358  mean_foundation=  9.0/52  lifetime_outcomes={'won': 75, 'stalled': 3, 'truncated': 239, 'other': 0}  rss= 2269.9MB  (3317s)
step   289000/400000  eps=0.050  episodes=  318  mean_return=600.000  mean_loss= 4.14086  mean_foundation=  8.0/52  lifetime_outcomes={'won': 75, 'stalled': 3, 'truncated': 240, 'other': 0}  rss= 2269.9MB  (3321s)
step   290000/400000  eps=0.050  episodes=  319  mean_return=490.000  mean_loss= 4.17791  mean_foundation=  6.0/52  lifetime_outcomes={'won': 75, 'stalled': 3, 'truncated': 241, 'other': 0}  rss= 2269.9MB  (3324s)
  EVAL  step   290000  win_rate=0.00%  mean_return=342.000  mean_foundation=  2.5/52  mean_length=1000.0  (greedy, 100 fixed deals)
step   291000/400000  eps=0.050  episodes=  320  mean_return=1100.000  mean_loss= 4.14427  mean_foundation=  6.0/52  lifetime_outcomes={'won': 75, 'stalled': 3, 'truncated': 242, 'other': 0}  rss= 2269.9MB  (3419s)
step   292000/400000  eps=0.050  episodes=  321  mean_return=1370.000  mean_loss= 4.04508  mean_foundation= 11.0/52  lifetime_outcomes={'won': 75, 'stalled': 3, 'truncated': 243, 'other': 0}  rss= 2269.9MB  (3423s)
step   293000/400000  eps=0.050  episodes=  322  mean_return=1480.000  mean_loss= 4.08866  mean_foundation= 12.0/52  lifetime_outcomes={'won': 75, 'stalled': 3, 'truncated': 244, 'other': 0}  rss= 2269.9MB  (3426s)
step   294000/400000  eps=0.050  episodes=  323  mean_return=770.000  mean_loss= 3.94535  mean_foundation= 11.0/52  lifetime_outcomes={'won': 75, 'stalled': 3, 'truncated': 245, 'other': 0}  rss= 2269.9MB  (3430s)
step   295000/400000  eps=0.050  episodes=  324  mean_return=950.000  mean_loss= 4.06187  mean_foundation=  7.0/52  lifetime_outcomes={'won': 75, 'stalled': 3, 'truncated': 246, 'other': 0}  rss= 2269.9MB  (3434s)
step   296000/400000  eps=0.050  episodes=  325  mean_return=1190.000  mean_loss= 3.93095  mean_foundation= 17.0/52  lifetime_outcomes={'won': 75, 'stalled': 3, 'truncated': 247, 'other': 0}  rss= 2269.9MB  (3437s)
step   297000/400000  eps=0.050  episodes=  326  mean_return=580.000  mean_loss= 3.94760  mean_foundation=  2.0/52  lifetime_outcomes={'won': 75, 'stalled': 3, 'truncated': 248, 'other': 0}  rss= 2269.9MB  (3441s)
step   298000/400000  eps=0.050  episodes=  327  mean_return=110.000  mean_loss= 3.94584  mean_foundation=  1.0/52  lifetime_outcomes={'won': 75, 'stalled': 3, 'truncated': 249, 'other': 0}  rss= 2269.9MB  (3445s)
step   299000/400000  eps=0.050  episodes=  328  mean_return=240.000  mean_loss= 3.76953  mean_foundation=  5.0/52  lifetime_outcomes={'won': 75, 'stalled': 3, 'truncated': 250, 'other': 0}  rss= 2269.9MB  (3449s)
step   300000/400000  eps=0.050  episodes=  329  mean_return= 90.000  mean_loss= 3.78785  mean_foundation=  3.0/52  lifetime_outcomes={'won': 75, 'stalled': 3, 'truncated': 251, 'other': 0}  rss= 2269.9MB  (3455s)
  EVAL  step   300000  win_rate=0.00%  mean_return=329.800  mean_foundation=  2.4/52  mean_length=1000.0  (greedy, 100 fixed deals)
step   301000/400000  eps=0.050  episodes=  330  mean_return=670.000  mean_loss= 3.77890  mean_foundation=  8.0/52  lifetime_outcomes={'won': 75, 'stalled': 3, 'truncated': 252, 'other': 0}  rss= 2269.9MB  (3549s)
step   302000/400000  eps=0.050  episodes=  331  mean_return=530.000  mean_loss= 3.81839  mean_foundation=  4.0/52  lifetime_outcomes={'won': 75, 'stalled': 3, 'truncated': 253, 'other': 0}  rss= 2269.9MB  (3553s)
step   303000/400000  eps=0.050  episodes=  332  mean_return=150.000  mean_loss= 3.71809  mean_foundation=  1.0/52  lifetime_outcomes={'won': 75, 'stalled': 3, 'truncated': 254, 'other': 0}  rss= 2269.9MB  (3556s)
step   304000/400000  eps=0.050  episodes=  333  mean_return=1450.000  mean_loss= 3.66194  mean_foundation= 17.0/52  lifetime_outcomes={'won': 75, 'stalled': 3, 'truncated': 255, 'other': 0}  rss= 2269.9MB  (3560s)
step   305000/400000  eps=0.050  episodes=  334  mean_return=330.000  mean_loss= 3.72432  mean_foundation=  5.0/52  lifetime_outcomes={'won': 75, 'stalled': 3, 'truncated': 256, 'other': 0}  rss= 2269.9MB  (3565s)
step   306000/400000  eps=0.050  episodes=  335  mean_return=1630.000  mean_loss= 3.60244  mean_foundation= 20.0/52  lifetime_outcomes={'won': 75, 'stalled': 3, 'truncated': 257, 'other': 0}  rss= 2269.9MB  (3568s)
step   307000/400000  eps=0.050  episodes=  336  mean_return=910.000  mean_loss= 3.56252  mean_foundation=  9.0/52  lifetime_outcomes={'won': 75, 'stalled': 3, 'truncated': 258, 'other': 0}  rss= 2269.9MB  (3572s)
step   308000/400000  eps=0.050  episodes=  337  mean_return=870.000  mean_loss= 3.66323  mean_foundation=  8.0/52  lifetime_outcomes={'won': 75, 'stalled': 3, 'truncated': 259, 'other': 0}  rss= 2269.9MB  (3577s)
step   309000/400000  eps=0.050  episodes=  338  mean_return=660.000  mean_loss= 3.53573  mean_foundation=  4.0/52  lifetime_outcomes={'won': 75, 'stalled': 3, 'truncated': 260, 'other': 0}  rss= 2269.9MB  (3581s)
step   310000/400000  eps=0.050  episodes=  339  mean_return=1110.000  mean_loss= 3.50409  mean_foundation=  7.0/52  lifetime_outcomes={'won': 75, 'stalled': 3, 'truncated': 261, 'other': 0}  rss= 2269.9MB  (3586s)
  EVAL  step   310000  win_rate=0.00%  mean_return=348.000  mean_foundation=  2.8/52  mean_length=1000.0  (greedy, 100 fixed deals)
step   311000/400000  eps=0.050  episodes=  340  mean_return=460.000  mean_loss= 3.51683  mean_foundation=  6.0/52  lifetime_outcomes={'won': 75, 'stalled': 3, 'truncated': 262, 'other': 0}  rss= 2269.9MB  (3682s)
step   312000/400000  eps=0.050  episodes=  341  mean_return=950.000  mean_loss= 3.47319  mean_foundation= 12.0/52  lifetime_outcomes={'won': 75, 'stalled': 3, 'truncated': 263, 'other': 0}  rss= 2269.9MB  (3686s)
step   313000/400000  eps=0.050  episodes=  342  mean_return=1150.000  mean_loss= 3.54677  mean_foundation= 10.0/52  lifetime_outcomes={'won': 75, 'stalled': 3, 'truncated': 264, 'other': 0}  rss= 2269.9MB  (3690s)
step   314000/400000  eps=0.050  episodes=  343  mean_return=740.000  mean_loss= 3.43710  mean_foundation=  7.0/52  lifetime_outcomes={'won': 75, 'stalled': 3, 'truncated': 265, 'other': 0}  rss= 2269.9MB  (3693s)
step   315000/400000  eps=0.050  episodes=  344  mean_return=1230.000  mean_loss= 3.43860  mean_foundation=  9.0/52  lifetime_outcomes={'won': 75, 'stalled': 3, 'truncated': 266, 'other': 0}  rss= 2269.9MB  (3697s)
step   316000/400000  eps=0.050  episodes=  345  mean_return=720.000  mean_loss= 3.43861  mean_foundation=  3.0/52  lifetime_outcomes={'won': 75, 'stalled': 3, 'truncated': 267, 'other': 0}  rss= 2269.9MB  (3701s)
step   317000/400000  eps=0.050  episodes=  346  mean_return=280.000  mean_loss= 3.34265  mean_foundation=  1.0/52  lifetime_outcomes={'won': 75, 'stalled': 3, 'truncated': 268, 'other': 0}  rss= 2269.9MB  (3705s)
step   318000/400000  eps=0.050  episodes=  347  mean_return=770.000  mean_loss= 3.36378  mean_foundation=  7.0/52  lifetime_outcomes={'won': 75, 'stalled': 3, 'truncated': 269, 'other': 0}  rss= 2269.9MB  (3709s)
step   319000/400000  eps=0.050  episodes=  348  mean_return=650.000  mean_loss= 3.34240  mean_foundation=  8.0/52  lifetime_outcomes={'won': 75, 'stalled': 3, 'truncated': 270, 'other': 0}  rss= 2269.9MB  (3715s)
step   320000/400000  eps=0.050  episodes=  349  mean_return=1210.000  mean_loss= 3.36003  mean_foundation=  5.0/52  lifetime_outcomes={'won': 75, 'stalled': 3, 'truncated': 271, 'other': 0}  rss= 2269.9MB  (3719s)
  EVAL  step   320000  win_rate=0.00%  mean_return=335.900  mean_foundation=  2.4/52  mean_length=1000.0  (greedy, 100 fixed deals)
step   321000/400000  eps=0.050  episodes=  350  mean_return=790.000  mean_loss= 3.22114  mean_foundation=  8.0/52  lifetime_outcomes={'won': 75, 'stalled': 3, 'truncated': 272, 'other': 0}  rss= 2269.9MB  (3815s)
step   322000/400000  eps=0.050  episodes=  351  mean_return=810.000  mean_loss= 3.22288  mean_foundation=  4.0/52  lifetime_outcomes={'won': 75, 'stalled': 3, 'truncated': 273, 'other': 0}  rss= 2269.9MB  (3819s)
step   323000/400000  eps=0.050  episodes=  352  mean_return=240.000  mean_loss= 3.24900  mean_foundation=  4.0/52  lifetime_outcomes={'won': 75, 'stalled': 3, 'truncated': 274, 'other': 0}  rss= 2269.9MB  (3823s)
step   324000/400000  eps=0.050  episodes=  353  mean_return=200.000  mean_loss= 3.19848  mean_foundation=  0.0/52  lifetime_outcomes={'won': 75, 'stalled': 3, 'truncated': 275, 'other': 0}  rss= 2269.9MB  (3826s)
step   325000/400000  eps=0.050  episodes=  354  mean_return=1470.000  mean_loss= 3.20642  mean_foundation= 19.0/52  lifetime_outcomes={'won': 75, 'stalled': 3, 'truncated': 276, 'other': 0}  rss= 2269.9MB  (3830s)
step   326000/400000  eps=0.050  episodes=  355  mean_return=210.000  mean_loss= 3.24867  mean_foundation=  1.0/52  lifetime_outcomes={'won': 75, 'stalled': 3, 'truncated': 277, 'other': 0}  rss= 2269.9MB  (3834s)
step   327000/400000  eps=0.050  episodes=  356  mean_return=1380.000  mean_loss= 3.19004  mean_foundation= 11.0/52  lifetime_outcomes={'won': 75, 'stalled': 3, 'truncated': 278, 'other': 0}  rss= 2269.9MB  (3837s)
step   328000/400000  eps=0.050  episodes=  357  mean_return=630.000  mean_loss= 3.11607  mean_foundation= 13.0/52  lifetime_outcomes={'won': 75, 'stalled': 3, 'truncated': 279, 'other': 0}  rss= 2269.9MB  (3841s)
step   329000/400000  eps=0.050  episodes=  358  mean_return=1270.000  mean_loss= 3.12737  mean_foundation= 12.0/52  lifetime_outcomes={'won': 75, 'stalled': 3, 'truncated': 280, 'other': 0}  rss= 2269.9MB  (3845s)
step   330000/400000  eps=0.050  episodes=  359  mean_return=660.000  mean_loss= 3.09603  mean_foundation=  5.0/52  lifetime_outcomes={'won': 75, 'stalled': 3, 'truncated': 281, 'other': 0}  rss= 2269.9MB  (3849s)
  EVAL  step   330000  win_rate=0.00%  mean_return=336.100  mean_foundation=  2.6/52  mean_length=1000.0  (greedy, 100 fixed deals)
step   331000/400000  eps=0.050  episodes=  360  mean_return=1100.000  mean_loss= 3.13828  mean_foundation= 13.0/52  lifetime_outcomes={'won': 75, 'stalled': 3, 'truncated': 282, 'other': 0}  rss= 2269.9MB  (3941s)
step   332000/400000  eps=0.050  episodes=  361  mean_return=1000.000  mean_loss= 3.10424  mean_foundation=  8.0/52  lifetime_outcomes={'won': 75, 'stalled': 3, 'truncated': 283, 'other': 0}  rss= 2269.9MB  (3944s)
step   333000/400000  eps=0.050  episodes=  362  mean_return=490.000  mean_loss= 3.14109  mean_foundation=  2.0/52  lifetime_outcomes={'won': 75, 'stalled': 3, 'truncated': 284, 'other': 0}  rss= 2269.9MB  (3947s)
step   334000/400000  eps=0.050  episodes=  363  mean_return=880.000  mean_loss= 2.99182  mean_foundation=  6.0/52  lifetime_outcomes={'won': 75, 'stalled': 3, 'truncated': 285, 'other': 0}  rss= 2269.9MB  (3951s)
step   335000/400000  eps=0.050  episodes=  364  mean_return=590.000  mean_loss= 3.03969  mean_foundation=  5.0/52  lifetime_outcomes={'won': 75, 'stalled': 3, 'truncated': 286, 'other': 0}  rss= 2269.9MB  (3954s)
step   336000/400000  eps=0.050  episodes=  365  mean_return=1090.000  mean_loss= 3.00022  mean_foundation= 13.0/52  lifetime_outcomes={'won': 75, 'stalled': 3, 'truncated': 287, 'other': 0}  rss= 2269.9MB  (3958s)
step   337000/400000  eps=0.050  episodes=  366  mean_return=510.000  mean_loss= 3.03791  mean_foundation=  5.0/52  lifetime_outcomes={'won': 75, 'stalled': 3, 'truncated': 288, 'other': 0}  rss= 2269.9MB  (3961s)
step   338000/400000  eps=0.050  episodes=  367  mean_return=1560.000  mean_loss= 3.00931  mean_foundation= 14.0/52  lifetime_outcomes={'won': 75, 'stalled': 3, 'truncated': 289, 'other': 0}  rss= 2269.9MB  (3965s)
step   339000/400000  eps=0.050  episodes=  368  mean_return=290.000  mean_loss= 2.90494  mean_foundation=  5.0/52  lifetime_outcomes={'won': 75, 'stalled': 3, 'truncated': 290, 'other': 0}  rss= 2269.9MB  (3968s)
step   340000/400000  eps=0.050  episodes=  369  mean_return=1000.000  mean_loss= 2.96630  mean_foundation=  7.0/52  lifetime_outcomes={'won': 75, 'stalled': 3, 'truncated': 291, 'other': 0}  rss= 2269.9MB  (3972s)
  EVAL  step   340000  win_rate=0.00%  mean_return=349.900  mean_foundation=  2.6/52  mean_length=1000.0  (greedy, 100 fixed deals)
step   341000/400000  eps=0.050  episodes=  370  mean_return=1300.000  mean_loss= 2.84945  mean_foundation= 21.0/52  lifetime_outcomes={'won': 75, 'stalled': 3, 'truncated': 292, 'other': 0}  rss= 2269.9MB  (4069s)
step   342000/400000  eps=0.050  episodes=  371  mean_return=1750.000  mean_loss= 2.91006  mean_foundation= 37.0/52  lifetime_outcomes={'won': 75, 'stalled': 3, 'truncated': 293, 'other': 0}  rss= 2269.9MB  (4072s)
step   343000/400000  eps=0.050  episodes=  372  mean_return=510.000  mean_loss= 2.87753  mean_foundation=  3.0/52  lifetime_outcomes={'won': 75, 'stalled': 3, 'truncated': 294, 'other': 0}  rss= 2269.9MB  (4076s)
step   344000/400000  eps=0.050  episodes=  373  mean_return=720.000  mean_loss= 2.86270  mean_foundation=  5.0/52  lifetime_outcomes={'won': 75, 'stalled': 3, 'truncated': 295, 'other': 0}  rss= 2269.9MB  (4080s)
step   345000/400000  eps=0.050  episodes=  374  mean_return=1660.000  mean_loss= 2.92793  mean_foundation= 34.0/52  lifetime_outcomes={'won': 75, 'stalled': 3, 'truncated': 296, 'other': 0}  rss= 2269.9MB  (4084s)
step   346000/400000  eps=0.050  episodes=  375  mean_return=650.000  mean_loss= 2.87252  mean_foundation=  1.0/52  lifetime_outcomes={'won': 75, 'stalled': 3, 'truncated': 297, 'other': 0}  rss= 2269.9MB  (4087s)
step   347000/400000  eps=0.050  episodes=  376  mean_return=520.000  mean_loss= 2.80722  mean_foundation=  6.0/52  lifetime_outcomes={'won': 75, 'stalled': 3, 'truncated': 298, 'other': 0}  rss= 2269.9MB  (4091s)
step   348000/400000  eps=0.050  episodes=  377  mean_return=830.000  mean_loss= 2.74398  mean_foundation=  5.0/52  lifetime_outcomes={'won': 75, 'stalled': 3, 'truncated': 299, 'other': 0}  rss= 2269.9MB  (4095s)
step   349000/400000  eps=0.050  episodes=  378  mean_return=270.000  mean_loss= 2.81435  mean_foundation=  3.0/52  lifetime_outcomes={'won': 75, 'stalled': 3, 'truncated': 300, 'other': 0}  rss= 2269.9MB  (4099s)
step   350000/400000  eps=0.050  episodes=  379  mean_return=880.000  mean_loss= 2.69411  mean_foundation= 16.0/52  lifetime_outcomes={'won': 75, 'stalled': 3, 'truncated': 301, 'other': 0}  rss= 2269.9MB  (4103s)
  EVAL  step   350000  win_rate=0.00%  mean_return=339.300  mean_foundation=  2.5/52  mean_length=1000.0  (greedy, 100 fixed deals)
step   351000/400000  eps=0.050  episodes=  380  mean_return=270.000  mean_loss= 2.69835  mean_foundation=  4.0/52  lifetime_outcomes={'won': 75, 'stalled': 3, 'truncated': 302, 'other': 0}  rss= 2269.9MB  (4198s)
step   352000/400000  eps=0.050  episodes=  381  mean_return=300.000  mean_loss= 2.73168  mean_foundation=  2.0/52  lifetime_outcomes={'won': 75, 'stalled': 3, 'truncated': 303, 'other': 0}  rss= 2269.9MB  (4203s)
step   353000/400000  eps=0.050  episodes=  382  mean_return=880.000  mean_loss= 2.70831  mean_foundation=  7.0/52  lifetime_outcomes={'won': 75, 'stalled': 3, 'truncated': 304, 'other': 0}  rss= 2269.9MB  (4208s)
step   354000/400000  eps=0.050  episodes=  383  mean_return=440.000  mean_loss= 2.71176  mean_foundation=  6.0/52  lifetime_outcomes={'won': 75, 'stalled': 3, 'truncated': 305, 'other': 0}  rss= 2269.9MB  (4212s)
step   355000/400000  eps=0.050  episodes=  384  mean_return=300.000  mean_loss= 2.70717  mean_foundation=  6.0/52  lifetime_outcomes={'won': 75, 'stalled': 3, 'truncated': 306, 'other': 0}  rss= 2269.9MB  (4219s)
step   356000/400000  eps=0.050  episodes=  385  mean_return=500.000  mean_loss= 2.76143  mean_foundation=  9.0/52  lifetime_outcomes={'won': 75, 'stalled': 3, 'truncated': 307, 'other': 0}  rss= 2269.9MB  (4226s)
step   357000/400000  eps=0.050  episodes=  386  mean_return=190.000  mean_loss= 2.69429  mean_foundation=  1.0/52  lifetime_outcomes={'won': 75, 'stalled': 3, 'truncated': 308, 'other': 0}  rss= 2269.9MB  (4234s)
step   358000/400000  eps=0.050  episodes=  387  mean_return=570.000  mean_loss= 2.70440  mean_foundation=  4.0/52  lifetime_outcomes={'won': 75, 'stalled': 3, 'truncated': 309, 'other': 0}  rss= 2269.9MB  (4242s)
step   359000/400000  eps=0.050  episodes=  388  mean_return=550.000  mean_loss= 2.60423  mean_foundation=  8.0/52  lifetime_outcomes={'won': 75, 'stalled': 3, 'truncated': 310, 'other': 0}  rss= 2269.9MB  (4252s)
step   360000/400000  eps=0.050  episodes=  389  mean_return=840.000  mean_loss= 2.68179  mean_foundation=  6.0/52  lifetime_outcomes={'won': 75, 'stalled': 3, 'truncated': 311, 'other': 0}  rss= 2269.9MB  (4261s)
  EVAL  step   360000  win_rate=0.00%  mean_return=351.200  mean_foundation=  2.7/52  mean_length=1000.0  (greedy, 100 fixed deals)
step   361000/400000  eps=0.050  episodes=  390  mean_return=610.000  mean_loss= 2.70488  mean_foundation=  8.0/52  lifetime_outcomes={'won': 75, 'stalled': 3, 'truncated': 312, 'other': 0}  rss= 2269.9MB  (4431s)
step   362000/400000  eps=0.050  episodes=  391  mean_return=1140.000  mean_loss= 2.58629  mean_foundation= 11.0/52  lifetime_outcomes={'won': 75, 'stalled': 3, 'truncated': 313, 'other': 0}  rss= 2269.9MB  (4441s)
step   363000/400000  eps=0.050  episodes=  392  mean_return=1530.000  mean_loss= 2.63395  mean_foundation= 18.0/52  lifetime_outcomes={'won': 75, 'stalled': 3, 'truncated': 314, 'other': 0}  rss= 2269.9MB  (4449s)
step   364000/400000  eps=0.050  episodes=  393  mean_return=570.000  mean_loss= 2.60850  mean_foundation=  4.0/52  lifetime_outcomes={'won': 75, 'stalled': 3, 'truncated': 315, 'other': 0}  rss= 2269.9MB  (4458s)
step   365000/400000  eps=0.050  episodes=  394  mean_return=500.000  mean_loss= 2.57290  mean_foundation=  3.0/52  lifetime_outcomes={'won': 75, 'stalled': 3, 'truncated': 316, 'other': 0}  rss= 2269.9MB  (4465s)
step   366000/400000  eps=0.050  episodes=  395  mean_return=340.000  mean_loss= 2.61306  mean_foundation=  5.0/52  lifetime_outcomes={'won': 75, 'stalled': 3, 'truncated': 317, 'other': 0}  rss= 2269.9MB  (4474s)
step   367000/400000  eps=0.050  episodes=  396  mean_return=670.000  mean_loss= 2.63804  mean_foundation=  7.0/52  lifetime_outcomes={'won': 75, 'stalled': 3, 'truncated': 318, 'other': 0}  rss= 2269.9MB  (4481s)
step   368000/400000  eps=0.050  episodes=  397  mean_return=610.000  mean_loss= 2.54028  mean_foundation=  7.0/52  lifetime_outcomes={'won': 75, 'stalled': 3, 'truncated': 319, 'other': 0}  rss= 2269.9MB  (4489s)
step   369000/400000  eps=0.050  episodes=  398  mean_return= 20.000  mean_loss= 2.55927  mean_foundation=  3.0/52  lifetime_outcomes={'won': 75, 'stalled': 3, 'truncated': 320, 'other': 0}  rss= 2269.9MB  (4497s)
step   370000/400000  eps=0.050  episodes=  399  mean_return=1250.000  mean_loss= 2.52348  mean_foundation= 17.0/52  lifetime_outcomes={'won': 75, 'stalled': 3, 'truncated': 321, 'other': 0}  rss= 2269.9MB  (4505s)
  EVAL  step   370000  win_rate=0.00%  mean_return=348.500  mean_foundation=  2.7/52  mean_length=1000.0  (greedy, 100 fixed deals)
step   371000/400000  eps=0.050  episodes=  400  mean_return=1140.000  mean_loss= 2.54935  mean_foundation= 15.0/52  lifetime_outcomes={'won': 75, 'stalled': 3, 'truncated': 322, 'other': 0}  rss= 2269.9MB  (4677s)
step   372000/400000  eps=0.050  episodes=  401  mean_return=390.000  mean_loss= 2.56522  mean_foundation=  2.0/52  lifetime_outcomes={'won': 75, 'stalled': 3, 'truncated': 323, 'other': 0}  rss= 2269.9MB  (4687s)
step   373000/400000  eps=0.050  episodes=  402  mean_return=110.000  mean_loss= 2.47883  mean_foundation=  4.0/52  lifetime_outcomes={'won': 75, 'stalled': 3, 'truncated': 324, 'other': 0}  rss= 2269.9MB  (4695s)
step   374000/400000  eps=0.050  episodes=  403  mean_return=1390.000  mean_loss= 2.52726  mean_foundation= 29.0/52  lifetime_outcomes={'won': 75, 'stalled': 3, 'truncated': 325, 'other': 0}  rss= 2269.9MB  (4705s)
step   375000/400000  eps=0.050  episodes=  404  mean_return=810.000  mean_loss= 2.50651  mean_foundation=  4.0/52  lifetime_outcomes={'won': 75, 'stalled': 3, 'truncated': 326, 'other': 0}  rss= 2269.9MB  (4714s)
step   376000/400000  eps=0.050  episodes=  405  mean_return=1340.000  mean_loss= 2.47451  mean_foundation= 12.0/52  lifetime_outcomes={'won': 75, 'stalled': 3, 'truncated': 327, 'other': 0}  rss= 2269.9MB  (4722s)
step   377000/400000  eps=0.050  episodes=  406  mean_return=470.000  mean_loss= 2.50928  mean_foundation=  9.0/52  lifetime_outcomes={'won': 75, 'stalled': 3, 'truncated': 328, 'other': 0}  rss= 2269.9MB  (4729s)
step   378000/400000  eps=0.050  episodes=  407  mean_return=460.000  mean_loss= 2.46150  mean_foundation=  2.0/52  lifetime_outcomes={'won': 75, 'stalled': 3, 'truncated': 329, 'other': 0}  rss= 2269.9MB  (4738s)
step   379000/400000  eps=0.050  episodes=  408  mean_return=1250.000  mean_loss= 2.41593  mean_foundation= 14.0/52  lifetime_outcomes={'won': 75, 'stalled': 3, 'truncated': 330, 'other': 0}  rss= 2269.9MB  (4747s)
step   380000/400000  eps=0.050  episodes=  409  mean_return=870.000  mean_loss= 2.39981  mean_foundation=  6.0/52  lifetime_outcomes={'won': 75, 'stalled': 3, 'truncated': 331, 'other': 0}  rss= 2269.9MB  (4756s)
  EVAL  step   380000  win_rate=0.00%  mean_return=349.900  mean_foundation=  2.6/52  mean_length=1000.0  (greedy, 100 fixed deals)
step   381000/400000  eps=0.050  episodes=  410  mean_return=940.000  mean_loss= 2.42854  mean_foundation=  3.0/52  lifetime_outcomes={'won': 75, 'stalled': 3, 'truncated': 332, 'other': 0}  rss= 2269.9MB  (4919s)
step   382000/400000  eps=0.050  episodes=  411  mean_return=560.000  mean_loss= 2.42211  mean_foundation=  5.0/52  lifetime_outcomes={'won': 75, 'stalled': 3, 'truncated': 333, 'other': 0}  rss= 2269.9MB  (4928s)
step   383000/400000  eps=0.050  episodes=  412  mean_return=840.000  mean_loss= 2.37920  mean_foundation=  5.0/52  lifetime_outcomes={'won': 75, 'stalled': 3, 'truncated': 334, 'other': 0}  rss= 2269.9MB  (4939s)
step   384000/400000  eps=0.050  episodes=  413  mean_return=1020.000  mean_loss= 2.38198  mean_foundation=  7.0/52  lifetime_outcomes={'won': 75, 'stalled': 3, 'truncated': 335, 'other': 0}  rss= 2269.9MB  (4950s)
step   385000/400000  eps=0.050  episodes=  414  mean_return=600.000  mean_loss= 2.39282  mean_foundation=  7.0/52  lifetime_outcomes={'won': 75, 'stalled': 3, 'truncated': 336, 'other': 0}  rss= 2269.9MB  (4959s)
step   386000/400000  eps=0.050  episodes=  415  mean_return=1330.000  mean_loss= 2.40151  mean_foundation= 17.0/52  lifetime_outcomes={'won': 75, 'stalled': 3, 'truncated': 337, 'other': 0}  rss= 2269.9MB  (4968s)
step   387000/400000  eps=0.050  episodes=  416  mean_return=1080.000  mean_loss= 2.39281  mean_foundation=  7.0/52  lifetime_outcomes={'won': 75, 'stalled': 3, 'truncated': 338, 'other': 0}  rss= 2269.9MB  (4979s)
step   388000/400000  eps=0.050  episodes=  417  mean_return=1510.000  mean_loss= 2.38300  mean_foundation= 20.0/52  lifetime_outcomes={'won': 75, 'stalled': 3, 'truncated': 339, 'other': 0}  rss= 2269.9MB  (4989s)
step   389000/400000  eps=0.050  episodes=  418  mean_return=730.000  mean_loss= 2.35053  mean_foundation=  7.0/52  lifetime_outcomes={'won': 75, 'stalled': 3, 'truncated': 340, 'other': 0}  rss= 2269.9MB  (4998s)
step   390000/400000  eps=0.050  episodes=  419  mean_return=750.000  mean_loss= 2.32228  mean_foundation=  4.0/52  lifetime_outcomes={'won': 75, 'stalled': 3, 'truncated': 341, 'other': 0}  rss= 2269.9MB  (5007s)
  EVAL  step   390000  win_rate=0.00%  mean_return=340.200  mean_foundation=  2.6/52  mean_length=1000.0  (greedy, 100 fixed deals)
step   391000/400000  eps=0.050  episodes=  420  mean_return=190.000  mean_loss= 2.37964  mean_foundation=  0.0/52  lifetime_outcomes={'won': 75, 'stalled': 3, 'truncated': 342, 'other': 0}  rss= 2269.9MB  (5168s)
step   392000/400000  eps=0.050  episodes=  421  mean_return=730.000  mean_loss= 2.32110  mean_foundation=  7.0/52  lifetime_outcomes={'won': 75, 'stalled': 3, 'truncated': 343, 'other': 0}  rss= 2269.9MB  (5176s)
step   393000/400000  eps=0.050  episodes=  422  mean_return=1010.000  mean_loss= 2.34750  mean_foundation=  4.0/52  lifetime_outcomes={'won': 75, 'stalled': 3, 'truncated': 344, 'other': 0}  rss= 2269.9MB  (5185s)
step   394000/400000  eps=0.050  episodes=  423  mean_return=300.000  mean_loss= 2.25559  mean_foundation=  2.0/52  lifetime_outcomes={'won': 75, 'stalled': 3, 'truncated': 345, 'other': 0}  rss= 2269.9MB  (5193s)
step   395000/400000  eps=0.050  episodes=  424  mean_return=370.000  mean_loss= 2.29119  mean_foundation=  3.0/52  lifetime_outcomes={'won': 75, 'stalled': 3, 'truncated': 346, 'other': 0}  rss= 2269.9MB  (5200s)
step   396000/400000  eps=0.050  episodes=  425  mean_return=180.000  mean_loss= 2.28266  mean_foundation=  4.0/52  lifetime_outcomes={'won': 75, 'stalled': 3, 'truncated': 347, 'other': 0}  rss= 2269.9MB  (5208s)
step   397000/400000  eps=0.050  episodes=  426  mean_return=790.000  mean_loss= 2.27518  mean_foundation=  7.0/52  lifetime_outcomes={'won': 75, 'stalled': 3, 'truncated': 348, 'other': 0}  rss= 2269.9MB  (5216s)
step   398000/400000  eps=0.050  episodes=  427  mean_return=670.000  mean_loss= 2.27855  mean_foundation=  5.0/52  lifetime_outcomes={'won': 75, 'stalled': 3, 'truncated': 349, 'other': 0}  rss= 2269.9MB  (5224s)
step   399000/400000  eps=0.050  episodes=  428  mean_return=350.000  mean_loss= 2.26432  mean_foundation=  0.0/52  lifetime_outcomes={'won': 75, 'stalled': 3, 'truncated': 350, 'other': 0}  rss= 2269.9MB  (5231s)
step   400000/400000  eps=0.050  episodes=  429  mean_return=1070.000  mean_loss= 2.22870  mean_foundation= 11.0/52  lifetime_outcomes={'won': 75, 'stalled': 3, 'truncated': 351, 'other': 0}  rss= 2269.9MB  (5241s)
  EVAL  step   400000  win_rate=0.00%  mean_return=359.100  mean_foundation=  2.8/52  mean_length=1000.0  (greedy, 100 fixed deals)
done. saved final checkpoint to runs/019_double_dqn_soft_nstep3_per_dqfd_highmargin/checkpoint_final.pt
=== train_resilient: training completed successfully ===
