run directory: runs/009_double_dqn_soft_nstep3_per_decomposed_symaug
step     2000/500000  eps=0.991  episodes=    4  mean_return= 65.750  mean_loss=     nan  mean_foundation=  3.5/52  lifetime_outcomes={'won': 0, 'stalled': 0, 'truncated': 4, 'other': 0}  rss=  950.1MB  (2s)
step     4000/500000  eps=0.981  episodes=    8  mean_return= 64.269  mean_loss=     nan  mean_foundation= 12.0/52  lifetime_outcomes={'won': 0, 'stalled': 1, 'truncated': 7, 'other': 0}  rss= 1011.7MB  (4s)
step     6000/500000  eps=0.972  episodes=   12  mean_return= 66.750  mean_loss= 0.34307  mean_foundation=  5.8/52  lifetime_outcomes={'won': 0, 'stalled': 1, 'truncated': 11, 'other': 0}  rss= 1372.2MB  (12s)
step     8000/500000  eps=0.962  episodes=   16  mean_return= 78.750  mean_loss= 0.41211  mean_foundation=  6.8/52  lifetime_outcomes={'won': 0, 'stalled': 1, 'truncated': 15, 'other': 0}  rss= 1430.6MB  (24s)
step    10000/500000  eps=0.953  episodes=   20  mean_return=108.517  mean_loss= 0.55348  mean_foundation= 12.0/52  lifetime_outcomes={'won': 0, 'stalled': 3, 'truncated': 17, 'other': 0}  rss= 1479.9MB  (34s)
step    12000/500000  eps=0.943  episodes=   24  mean_return= 59.250  mean_loss= 0.58751  mean_foundation=  4.0/52  lifetime_outcomes={'won': 0, 'stalled': 3, 'truncated': 21, 'other': 0}  rss= 1537.1MB  (42s)
step    14000/500000  eps=0.933  episodes=   28  mean_return= 74.250  mean_loss= 0.54848  mean_foundation=  7.0/52  lifetime_outcomes={'won': 0, 'stalled': 3, 'truncated': 25, 'other': 0}  rss= 1585.2MB  (51s)
step    16000/500000  eps=0.924  episodes=   32  mean_return= 75.011  mean_loss= 0.53229  mean_foundation=  6.5/52  lifetime_outcomes={'won': 0, 'stalled': 4, 'truncated': 28, 'other': 0}  rss= 1636.3MB  (59s)
step    18000/500000  eps=0.914  episodes=   36  mean_return= 97.750  mean_loss= 0.52297  mean_foundation=  8.0/52  lifetime_outcomes={'won': 0, 'stalled': 4, 'truncated': 32, 'other': 0}  rss= 1691.7MB  (67s)
step    20000/500000  eps=0.905  episodes=   40  mean_return= 70.750  mean_loss= 0.52785  mean_foundation=  5.5/52  lifetime_outcomes={'won': 0, 'stalled': 4, 'truncated': 36, 'other': 0}  rss= 1742.4MB  (75s)
  EVAL  step    20000  win_rate=0.00%  mean_return= 27.794  mean_foundation=  2.5/52  mean_length=455.8  (greedy, 20 fixed deals)
step    22000/500000  eps=0.895  episodes=   44  mean_return= 86.250  mean_loss= 0.49033  mean_foundation= 10.0/52  lifetime_outcomes={'won': 0, 'stalled': 4, 'truncated': 40, 'other': 0}  rss= 1804.0MB  (92s)
step    24000/500000  eps=0.886  episodes=   49  mean_return= 65.577  mean_loss= 0.50400  mean_foundation=  5.2/52  lifetime_outcomes={'won': 0, 'stalled': 6, 'truncated': 43, 'other': 0}  rss= 1852.5MB  (98s)
step    26000/500000  eps=0.877  episodes=   53  mean_return= 94.536  mean_loss= 0.50943  mean_foundation=  8.2/52  lifetime_outcomes={'won': 0, 'stalled': 8, 'truncated': 45, 'other': 0}  rss= 1900.6MB  (105s)
step    28000/500000  eps=0.867  episodes=   57  mean_return= 76.506  mean_loss= 0.52126  mean_foundation=  9.2/52  lifetime_outcomes={'won': 0, 'stalled': 9, 'truncated': 48, 'other': 0}  rss= 1952.7MB  (111s)
step    30000/500000  eps=0.858  episodes=   62  mean_return= 55.183  mean_loss= 0.52846  mean_foundation=  5.2/52  lifetime_outcomes={'won': 0, 'stalled': 11, 'truncated': 51, 'other': 0}  rss= 2000.8MB  (120s)
step    32000/500000  eps=0.848  episodes=   66  mean_return= 83.790  mean_loss= 0.52091  mean_foundation= 13.2/52  lifetime_outcomes={'won': 0, 'stalled': 12, 'truncated': 54, 'other': 0}  rss= 2050.9MB  (128s)
step    34000/500000  eps=0.839  episodes=   71  mean_return= 92.350  mean_loss= 0.54202  mean_foundation= 11.0/52  lifetime_outcomes={'won': 0, 'stalled': 14, 'truncated': 57, 'other': 0}  rss= 2099.0MB  (136s)
step    36000/500000  eps=0.829  episodes=   75  mean_return= 70.078  mean_loss= 0.51947  mean_foundation=  7.8/52  lifetime_outcomes={'won': 0, 'stalled': 16, 'truncated': 59, 'other': 0}  rss= 2147.1MB  (143s)
step    38000/500000  eps=0.820  episodes=   79  mean_return= 75.501  mean_loss= 0.52483  mean_foundation=  7.5/52  lifetime_outcomes={'won': 0, 'stalled': 17, 'truncated': 62, 'other': 0}  rss= 2197.2MB  (150s)
step    40000/500000  eps=0.810  episodes=   84  mean_return= 70.346  mean_loss= 0.51649  mean_foundation=  4.6/52  lifetime_outcomes={'won': 0, 'stalled': 18, 'truncated': 66, 'other': 0}  rss= 2247.3MB  (157s)
  EVAL  step    40000  win_rate=0.00%  mean_return= 31.972  mean_foundation=  3.7/52  mean_length=478.0  (greedy, 20 fixed deals)
step    42000/500000  eps=0.800  episodes=   88  mean_return= 60.750  mean_loss= 0.50811  mean_foundation= 11.5/52  lifetime_outcomes={'won': 0, 'stalled': 18, 'truncated': 70, 'other': 0}  rss= 2295.4MB  (175s)
step    44000/500000  eps=0.791  episodes=   92  mean_return= 55.008  mean_loss= 0.49832  mean_foundation=  9.0/52  lifetime_outcomes={'won': 0, 'stalled': 19, 'truncated': 73, 'other': 0}  rss= 2347.5MB  (182s)
step    46000/500000  eps=0.781  episodes=   96  mean_return= 65.548  mean_loss= 0.49924  mean_foundation=  7.2/52  lifetime_outcomes={'won': 0, 'stalled': 20, 'truncated': 76, 'other': 0}  rss= 2395.5MB  (190s)
step    48000/500000  eps=0.772  episodes=  100  mean_return= 69.000  mean_loss= 0.49554  mean_foundation=  4.0/52  lifetime_outcomes={'won': 0, 'stalled': 20, 'truncated': 80, 'other': 0}  rss= 2443.6MB  (203s)
step    50000/500000  eps=0.762  episodes=  104  mean_return= 74.753  mean_loss= 0.49250  mean_foundation=  8.0/52  lifetime_outcomes={'won': 0, 'stalled': 21, 'truncated': 83, 'other': 0}  rss= 2488.8MB  (216s)
step    52000/500000  eps=0.753  episodes=  108  mean_return= 74.000  mean_loss= 0.48635  mean_foundation=  8.8/52  lifetime_outcomes={'won': 0, 'stalled': 21, 'truncated': 87, 'other': 0}  rss= 2488.8MB  (233s)
step    54000/500000  eps=0.744  episodes=  112  mean_return= 90.000  mean_loss= 0.48190  mean_foundation= 11.5/52  lifetime_outcomes={'won': 0, 'stalled': 21, 'truncated': 91, 'other': 0}  rss= 2488.8MB  (248s)
step    56000/500000  eps=0.734  episodes=  116  mean_return= 94.750  mean_loss= 0.50615  mean_foundation= 13.0/52  lifetime_outcomes={'won': 0, 'stalled': 21, 'truncated': 95, 'other': 0}  rss= 2488.8MB  (261s)
step    58000/500000  eps=0.725  episodes=  120  mean_return= 77.500  mean_loss= 0.47200  mean_foundation=  8.8/52  lifetime_outcomes={'won': 0, 'stalled': 21, 'truncated': 99, 'other': 0}  rss= 2488.8MB  (273s)
step    60000/500000  eps=0.715  episodes=  124  mean_return= 89.500  mean_loss= 0.48353  mean_foundation=  8.0/52  lifetime_outcomes={'won': 0, 'stalled': 21, 'truncated': 103, 'other': 0}  rss= 2488.8MB  (286s)
  EVAL  step    60000  win_rate=0.00%  mean_return= 29.964  mean_foundation=  3.2/52  mean_length=436.6  (greedy, 20 fixed deals)
step    62000/500000  eps=0.706  episodes=  129  mean_return= 99.748  mean_loss= 0.49197  mean_foundation= 15.2/52  lifetime_outcomes={'won': 0, 'stalled': 23, 'truncated': 106, 'other': 0}  rss= 2493.1MB  (326s)
step    64000/500000  eps=0.696  episodes=  133  mean_return=114.068  mean_loss= 0.49524  mean_foundation= 16.0/52  lifetime_outcomes={'won': 0, 'stalled': 24, 'truncated': 109, 'other': 0}  rss= 2493.4MB  (336s)
step    66000/500000  eps=0.686  episodes=  137  mean_return= 94.000  mean_loss= 0.49376  mean_foundation= 14.0/52  lifetime_outcomes={'won': 0, 'stalled': 24, 'truncated': 113, 'other': 0}  rss= 2493.4MB  (343s)
step    68000/500000  eps=0.677  episodes=  141  mean_return= 70.528  mean_loss= 0.48638  mean_foundation=  5.0/52  lifetime_outcomes={'won': 0, 'stalled': 25, 'truncated': 116, 'other': 0}  rss= 2493.4MB  (350s)
step    70000/500000  eps=0.667  episodes=  146  mean_return= 77.149  mean_loss= 0.49114  mean_foundation=  9.0/52  lifetime_outcomes={'won': 0, 'stalled': 26, 'truncated': 120, 'other': 0}  rss= 2493.6MB  (358s)
step    72000/500000  eps=0.658  episodes=  150  mean_return=113.018  mean_loss= 0.48869  mean_foundation= 18.2/52  lifetime_outcomes={'won': 0, 'stalled': 27, 'truncated': 123, 'other': 0}  rss= 2498.6MB  (365s)
step    74000/500000  eps=0.649  episodes=  154  mean_return= 89.269  mean_loss= 0.48281  mean_foundation= 14.5/52  lifetime_outcomes={'won': 0, 'stalled': 28, 'truncated': 126, 'other': 0}  rss= 2498.6MB  (374s)
step    76000/500000  eps=0.639  episodes=  159  mean_return=102.609  mean_loss= 0.48784  mean_foundation= 22.0/52  lifetime_outcomes={'won': 0, 'stalled': 31, 'truncated': 128, 'other': 0}  rss= 2498.6MB  (382s)
step    78000/500000  eps=0.629  episodes=  163  mean_return= 88.006  mean_loss= 0.49209  mean_foundation= 12.0/52  lifetime_outcomes={'won': 0, 'stalled': 32, 'truncated': 131, 'other': 0}  rss= 2498.6MB  (389s)
step    80000/500000  eps=0.620  episodes=  168  mean_return= 92.138  mean_loss= 0.48347  mean_foundation= 10.8/52  lifetime_outcomes={'won': 0, 'stalled': 34, 'truncated': 134, 'other': 0}  rss= 2498.6MB  (397s)
  EVAL  step    80000  win_rate=0.00%  mean_return= 30.622  mean_foundation=  2.5/52  mean_length=478.3  (greedy, 20 fixed deals)
step    82000/500000  eps=0.611  episodes=  172  mean_return= 88.500  mean_loss= 0.48838  mean_foundation=  9.8/52  lifetime_outcomes={'won': 0, 'stalled': 34, 'truncated': 138, 'other': 0}  rss= 2498.6MB  (415s)
step    84000/500000  eps=0.601  episodes=  176  mean_return= 81.000  mean_loss= 0.47239  mean_foundation= 13.0/52  lifetime_outcomes={'won': 0, 'stalled': 34, 'truncated': 142, 'other': 0}  rss= 2498.6MB  (422s)
step    86000/500000  eps=0.592  episodes=  180  mean_return= 98.060  mean_loss= 0.47005  mean_foundation= 17.8/52  lifetime_outcomes={'won': 0, 'stalled': 35, 'truncated': 145, 'other': 0}  rss= 2498.6MB  (429s)
step    88000/500000  eps=0.582  episodes=  185  mean_return=111.134  mean_loss= 0.47930  mean_foundation= 18.0/52  lifetime_outcomes={'won': 0, 'stalled': 37, 'truncated': 148, 'other': 0}  rss= 2498.6MB  (437s)
step    90000/500000  eps=0.573  episodes=  189  mean_return= 71.766  mean_loss= 0.46684  mean_foundation= 10.2/52  lifetime_outcomes={'won': 0, 'stalled': 38, 'truncated': 151, 'other': 0}  rss= 2498.6MB  (446s)
step    92000/500000  eps=0.563  episodes=  193  mean_return=121.769  mean_loss= 0.47881  mean_foundation= 23.0/52  lifetime_outcomes={'won': 0, 'stalled': 40, 'truncated': 153, 'other': 0}  rss= 2498.6MB  (454s)
step    94000/500000  eps=0.554  episodes=  197  mean_return= 56.750  mean_loss= 0.47524  mean_foundation=  6.8/52  lifetime_outcomes={'won': 0, 'stalled': 40, 'truncated': 157, 'other': 0}  rss= 2498.6MB  (462s)
step    96000/500000  eps=0.544  episodes=  201  mean_return= 55.015  mean_loss= 0.46140  mean_foundation=  8.8/52  lifetime_outcomes={'won': 0, 'stalled': 42, 'truncated': 159, 'other': 0}  rss= 2498.6MB  (470s)
step    98000/500000  eps=0.534  episodes=  205  mean_return= 73.000  mean_loss= 0.46690  mean_foundation=  8.2/52  lifetime_outcomes={'won': 0, 'stalled': 42, 'truncated': 163, 'other': 0}  rss= 2498.6MB  (480s)
step   100000/500000  eps=0.525  episodes=  210  mean_return= 70.402  mean_loss= 0.46077  mean_foundation=  9.8/52  lifetime_outcomes={'won': 0, 'stalled': 44, 'truncated': 166, 'other': 0}  rss= 2498.6MB  (487s)
  EVAL  step   100000  win_rate=0.00%  mean_return= 27.650  mean_foundation=  2.5/52  mean_length=500.0  (greedy, 20 fixed deals)
step   102000/500000  eps=0.516  episodes=  214  mean_return= 95.556  mean_loss= 0.46638  mean_foundation= 23.0/52  lifetime_outcomes={'won': 0, 'stalled': 45, 'truncated': 169, 'other': 0}  rss= 2498.6MB  (506s)
step   104000/500000  eps=0.506  episodes=  219  mean_return= 91.145  mean_loss= 0.45396  mean_foundation= 15.6/52  lifetime_outcomes={'won': 0, 'stalled': 46, 'truncated': 173, 'other': 0}  rss= 2498.6MB  (513s)
step   106000/500000  eps=0.497  episodes=  223  mean_return= 77.043  mean_loss= 0.45790  mean_foundation= 14.8/52  lifetime_outcomes={'won': 0, 'stalled': 48, 'truncated': 175, 'other': 0}  rss= 2498.6MB  (520s)
step   108000/500000  eps=0.487  episodes=  227  mean_return= 71.529  mean_loss= 0.45881  mean_foundation=  9.8/52  lifetime_outcomes={'won': 0, 'stalled': 49, 'truncated': 178, 'other': 0}  rss= 2498.6MB  (527s)
step   110000/500000  eps=0.478  episodes=  231  mean_return=113.758  mean_loss= 0.45811  mean_foundation= 20.8/52  lifetime_outcomes={'won': 0, 'stalled': 51, 'truncated': 180, 'other': 0}  rss= 2498.6MB  (535s)
step   112000/500000  eps=0.468  episodes=  236  mean_return=111.328  mean_loss= 0.45167  mean_foundation= 17.2/52  lifetime_outcomes={'won': 0, 'stalled': 52, 'truncated': 184, 'other': 0}  rss= 2498.6MB  (544s)
step   114000/500000  eps=0.459  episodes=  240  mean_return= 84.771  mean_loss= 0.44703  mean_foundation= 16.0/52  lifetime_outcomes={'won': 1, 'stalled': 52, 'truncated': 187, 'other': 0}  rss= 2498.6MB  (553s)
step   116000/500000  eps=0.449  episodes=  244  mean_return=103.799  mean_loss= 0.45107  mean_foundation= 22.8/52  lifetime_outcomes={'won': 1, 'stalled': 54, 'truncated': 189, 'other': 0}  rss= 2498.6MB  (561s)
step   118000/500000  eps=0.440  episodes=  249  mean_return= 74.343  mean_loss= 0.45370  mean_foundation= 10.6/52  lifetime_outcomes={'won': 1, 'stalled': 55, 'truncated': 193, 'other': 0}  rss= 2498.6MB  (569s)
step   120000/500000  eps=0.430  episodes=  253  mean_return= 75.517  mean_loss= 0.45060  mean_foundation= 12.5/52  lifetime_outcomes={'won': 1, 'stalled': 56, 'truncated': 196, 'other': 0}  rss= 2498.6MB  (576s)
  EVAL  step   120000  win_rate=0.00%  mean_return= 29.100  mean_foundation=  3.6/52  mean_length=500.0  (greedy, 20 fixed deals)
step   122000/500000  eps=0.420  episodes=  257  mean_return= 73.000  mean_loss= 0.43548  mean_foundation=  8.2/52  lifetime_outcomes={'won': 1, 'stalled': 56, 'truncated': 200, 'other': 0}  rss= 2498.6MB  (594s)
step   124000/500000  eps=0.411  episodes=  261  mean_return=100.284  mean_loss= 0.43506  mean_foundation= 23.0/52  lifetime_outcomes={'won': 1, 'stalled': 58, 'truncated': 202, 'other': 0}  rss= 2498.6MB  (601s)
step   126000/500000  eps=0.402  episodes=  266  mean_return= 81.146  mean_loss= 0.43146  mean_foundation= 17.6/52  lifetime_outcomes={'won': 2, 'stalled': 60, 'truncated': 204, 'other': 0}  rss= 2498.6MB  (609s)
step   128000/500000  eps=0.392  episodes=  270  mean_return= 88.750  mean_loss= 0.41553  mean_foundation= 11.0/52  lifetime_outcomes={'won': 2, 'stalled': 60, 'truncated': 208, 'other': 0}  rss= 2498.6MB  (616s)
step   130000/500000  eps=0.383  episodes=  274  mean_return= 55.750  mean_loss= 0.41368  mean_foundation=  9.0/52  lifetime_outcomes={'won': 2, 'stalled': 60, 'truncated': 212, 'other': 0}  rss= 2498.6MB  (624s)
step   132000/500000  eps=0.373  episodes=  278  mean_return= 66.787  mean_loss= 0.40470  mean_foundation=  8.5/52  lifetime_outcomes={'won': 2, 'stalled': 61, 'truncated': 215, 'other': 0}  rss= 2498.6MB  (632s)
step   134000/500000  eps=0.364  episodes=  282  mean_return=101.264  mean_loss= 0.41559  mean_foundation= 26.5/52  lifetime_outcomes={'won': 3, 'stalled': 62, 'truncated': 217, 'other': 0}  rss= 2498.6MB  (640s)
step   136000/500000  eps=0.354  episodes=  286  mean_return=114.001  mean_loss= 0.41910  mean_foundation= 22.8/52  lifetime_outcomes={'won': 4, 'stalled': 62, 'truncated': 220, 'other': 0}  rss= 2498.6MB  (648s)
step   138000/500000  eps=0.345  episodes=  291  mean_return= 79.997  mean_loss= 0.40266  mean_foundation= 14.0/52  lifetime_outcomes={'won': 4, 'stalled': 64, 'truncated': 223, 'other': 0}  rss= 2498.6MB  (657s)
step   140000/500000  eps=0.335  episodes=  296  mean_return= 88.242  mean_loss= 0.40047  mean_foundation= 18.6/52  lifetime_outcomes={'won': 5, 'stalled': 66, 'truncated': 225, 'other': 0}  rss= 2498.6MB  (665s)
  EVAL  step   140000  win_rate=0.00%  mean_return= 32.488  mean_foundation=  4.2/52  mean_length=412.5  (greedy, 20 fixed deals)
step   142000/500000  eps=0.326  episodes=  300  mean_return= 53.250  mean_loss= 0.39982  mean_foundation=  5.8/52  lifetime_outcomes={'won': 5, 'stalled': 66, 'truncated': 229, 'other': 0}  rss= 2498.6MB  (682s)
step   144000/500000  eps=0.316  episodes=  304  mean_return=114.751  mean_loss= 0.39697  mean_foundation= 24.2/52  lifetime_outcomes={'won': 5, 'stalled': 67, 'truncated': 232, 'other': 0}  rss= 2498.6MB  (690s)
step   146000/500000  eps=0.306  episodes=  310  mean_return= 73.943  mean_loss= 0.41594  mean_foundation= 11.3/52  lifetime_outcomes={'won': 5, 'stalled': 69, 'truncated': 236, 'other': 0}  rss= 2498.6MB  (697s)
step   148000/500000  eps=0.297  episodes=  314  mean_return= 71.784  mean_loss= 0.40852  mean_foundation=  7.5/52  lifetime_outcomes={'won': 5, 'stalled': 70, 'truncated': 239, 'other': 0}  rss= 2498.6MB  (705s)
step   150000/500000  eps=0.288  episodes=  318  mean_return= 92.035  mean_loss= 0.39960  mean_foundation= 18.2/52  lifetime_outcomes={'won': 5, 'stalled': 71, 'truncated': 242, 'other': 0}  rss= 2498.6MB  (714s)
step   152000/500000  eps=0.278  episodes=  322  mean_return= 46.750  mean_loss= 0.38706  mean_foundation= 10.0/52  lifetime_outcomes={'won': 5, 'stalled': 71, 'truncated': 246, 'other': 0}  rss= 2498.6MB  (722s)
step   154000/500000  eps=0.269  episodes=  327  mean_return= 83.959  mean_loss= 0.39469  mean_foundation= 14.2/52  lifetime_outcomes={'won': 5, 'stalled': 73, 'truncated': 249, 'other': 0}  rss= 2498.6MB  (731s)
step   156000/500000  eps=0.259  episodes=  331  mean_return= 48.500  mean_loss= 0.38996  mean_foundation=  5.8/52  lifetime_outcomes={'won': 5, 'stalled': 73, 'truncated': 253, 'other': 0}  rss= 2498.6MB  (740s)
step   158000/500000  eps=0.250  episodes=  336  mean_return= 64.200  mean_loss= 0.37861  mean_foundation=  8.8/52  lifetime_outcomes={'won': 5, 'stalled': 75, 'truncated': 256, 'other': 0}  rss= 2498.6MB  (748s)
step   160000/500000  eps=0.240  episodes=  341  mean_return= 72.631  mean_loss= 0.37406  mean_foundation=  9.6/52  lifetime_outcomes={'won': 5, 'stalled': 78, 'truncated': 258, 'other': 0}  rss= 2498.6MB  (755s)
  EVAL  step   160000  win_rate=0.00%  mean_return= 28.587  mean_foundation=  2.9/52  mean_length=413.6  (greedy, 20 fixed deals)
step   162000/500000  eps=0.231  episodes=  345  mean_return= 78.296  mean_loss= 0.36898  mean_foundation=  9.5/52  lifetime_outcomes={'won': 5, 'stalled': 79, 'truncated': 261, 'other': 0}  rss= 2498.6MB  (771s)
step   164000/500000  eps=0.221  episodes=  352  mean_return= 78.079  mean_loss= 0.36054  mean_foundation= 19.9/52  lifetime_outcomes={'won': 5, 'stalled': 82, 'truncated': 265, 'other': 0}  rss= 2498.6MB  (779s)
step   166000/500000  eps=0.212  episodes=  357  mean_return= 74.039  mean_loss= 0.36081  mean_foundation= 17.0/52  lifetime_outcomes={'won': 6, 'stalled': 84, 'truncated': 267, 'other': 0}  rss= 2498.6MB  (786s)
step   168000/500000  eps=0.202  episodes=  362  mean_return= 71.174  mean_loss= 0.35628  mean_foundation= 12.4/52  lifetime_outcomes={'won': 6, 'stalled': 85, 'truncated': 271, 'other': 0}  rss= 2498.6MB  (793s)
step   170000/500000  eps=0.193  episodes=  366  mean_return= 64.577  mean_loss= 0.34831  mean_foundation= 10.0/52  lifetime_outcomes={'won': 6, 'stalled': 86, 'truncated': 274, 'other': 0}  rss= 2498.6MB  (801s)
step   172000/500000  eps=0.183  episodes=  371  mean_return= 44.799  mean_loss= 0.34612  mean_foundation=  7.8/52  lifetime_outcomes={'won': 6, 'stalled': 89, 'truncated': 276, 'other': 0}  rss= 2498.6MB  (808s)
step   174000/500000  eps=0.173  episodes=  377  mean_return= 92.601  mean_loss= 0.34794  mean_foundation= 16.5/52  lifetime_outcomes={'won': 7, 'stalled': 92, 'truncated': 278, 'other': 0}  rss= 2498.6MB  (816s)
step   176000/500000  eps=0.164  episodes=  381  mean_return= 74.000  mean_loss= 0.33708  mean_foundation= 13.5/52  lifetime_outcomes={'won': 7, 'stalled': 92, 'truncated': 282, 'other': 0}  rss= 2498.6MB  (825s)
step   178000/500000  eps=0.155  episodes=  386  mean_return= 41.421  mean_loss= 0.33343  mean_foundation=  7.2/52  lifetime_outcomes={'won': 7, 'stalled': 94, 'truncated': 285, 'other': 0}  rss= 2498.6MB  (835s)
step   180000/500000  eps=0.145  episodes=  390  mean_return= 56.844  mean_loss= 0.32361  mean_foundation=  9.2/52  lifetime_outcomes={'won': 7, 'stalled': 95, 'truncated': 288, 'other': 0}  rss= 2498.6MB  (843s)
  EVAL  step   180000  win_rate=0.00%  mean_return= 28.300  mean_foundation=  1.9/52  mean_length=500.0  (greedy, 20 fixed deals)
step   182000/500000  eps=0.136  episodes=  395  mean_return= 62.196  mean_loss= 0.33440  mean_foundation=  9.2/52  lifetime_outcomes={'won': 7, 'stalled': 98, 'truncated': 290, 'other': 0}  rss= 2498.6MB  (863s)
step   184000/500000  eps=0.126  episodes=  400  mean_return= 57.190  mean_loss= 0.31720  mean_foundation=  6.2/52  lifetime_outcomes={'won': 7, 'stalled': 99, 'truncated': 294, 'other': 0}  rss= 2498.6MB  (871s)
step   186000/500000  eps=0.117  episodes=  405  mean_return= 63.967  mean_loss= 0.31919  mean_foundation=  6.2/52  lifetime_outcomes={'won': 7, 'stalled': 102, 'truncated': 296, 'other': 0}  rss= 2498.6MB  (879s)
step   188000/500000  eps=0.107  episodes=  409  mean_return= 56.000  mean_loss= 0.31043  mean_foundation=  6.2/52  lifetime_outcomes={'won': 7, 'stalled': 102, 'truncated': 300, 'other': 0}  rss= 2498.6MB  (887s)
step   190000/500000  eps=0.098  episodes=  413  mean_return= 52.500  mean_loss= 0.30461  mean_foundation=  5.0/52  lifetime_outcomes={'won': 7, 'stalled': 102, 'truncated': 304, 'other': 0}  rss= 2498.6MB  (896s)
step   192000/500000  eps=0.088  episodes=  417  mean_return= 70.000  mean_loss= 0.29465  mean_foundation=  7.2/52  lifetime_outcomes={'won': 7, 'stalled': 102, 'truncated': 308, 'other': 0}  rss= 2498.6MB  (904s)
step   194000/500000  eps=0.079  episodes=  423  mean_return= 51.014  mean_loss= 0.29697  mean_foundation=  6.7/52  lifetime_outcomes={'won': 7, 'stalled': 107, 'truncated': 309, 'other': 0}  rss= 2498.6MB  (914s)
step   196000/500000  eps=0.069  episodes=  428  mean_return= 49.794  mean_loss= 0.28630  mean_foundation=  5.4/52  lifetime_outcomes={'won': 7, 'stalled': 109, 'truncated': 312, 'other': 0}  rss= 2498.6MB  (922s)
step   198000/500000  eps=0.059  episodes=  433  mean_return= 72.006  mean_loss= 0.28947  mean_foundation= 11.2/52  lifetime_outcomes={'won': 7, 'stalled': 112, 'truncated': 314, 'other': 0}  rss= 2498.6MB  (929s)
step   200000/500000  eps=0.050  episodes=  438  mean_return= 62.940  mean_loss= 0.27821  mean_foundation= 10.4/52  lifetime_outcomes={'won': 7, 'stalled': 113, 'truncated': 318, 'other': 0}  rss= 2498.6MB  (937s)
  EVAL  step   200000  win_rate=0.00%  mean_return= 32.717  mean_foundation=  3.1/52  mean_length=433.0  (greedy, 20 fixed deals)
step   202000/500000  eps=0.050  episodes=  442  mean_return= 51.076  mean_loss= 0.28306  mean_foundation= 10.2/52  lifetime_outcomes={'won': 7, 'stalled': 114, 'truncated': 321, 'other': 0}  rss= 2498.6MB  (955s)
step   204000/500000  eps=0.050  episodes=  447  mean_return= 45.207  mean_loss= 0.28159  mean_foundation=  6.4/52  lifetime_outcomes={'won': 7, 'stalled': 116, 'truncated': 324, 'other': 0}  rss= 2498.6MB  (963s)
step   206000/500000  eps=0.050  episodes=  452  mean_return= 61.773  mean_loss= 0.27743  mean_foundation=  9.0/52  lifetime_outcomes={'won': 7, 'stalled': 117, 'truncated': 328, 'other': 0}  rss= 2498.6MB  (971s)
step   208000/500000  eps=0.050  episodes=  457  mean_return= 37.217  mean_loss= 0.28834  mean_foundation=  6.4/52  lifetime_outcomes={'won': 7, 'stalled': 119, 'truncated': 331, 'other': 0}  rss= 2498.6MB  (979s)
step   210000/500000  eps=0.050  episodes=  464  mean_return= 53.245  mean_loss= 0.27559  mean_foundation=  6.3/52  lifetime_outcomes={'won': 7, 'stalled': 122, 'truncated': 335, 'other': 0}  rss= 2498.6MB  (987s)
step   212000/500000  eps=0.050  episodes=  468  mean_return= 61.500  mean_loss= 0.27245  mean_foundation= 12.0/52  lifetime_outcomes={'won': 7, 'stalled': 122, 'truncated': 339, 'other': 0}  rss= 2498.6MB  (995s)
step   214000/500000  eps=0.050  episodes=  472  mean_return= 49.500  mean_loss= 0.27425  mean_foundation=  8.5/52  lifetime_outcomes={'won': 7, 'stalled': 122, 'truncated': 343, 'other': 0}  rss= 2498.6MB  (1004s)
step   216000/500000  eps=0.050  episodes=  477  mean_return= 45.234  mean_loss= 0.24942  mean_foundation=  5.2/52  lifetime_outcomes={'won': 7, 'stalled': 124, 'truncated': 346, 'other': 0}  rss= 2498.6MB  (1013s)
step   218000/500000  eps=0.050  episodes=  482  mean_return= 33.790  mean_loss= 0.25763  mean_foundation=  3.6/52  lifetime_outcomes={'won': 7, 'stalled': 125, 'truncated': 350, 'other': 0}  rss= 2498.6MB  (1021s)
step   220000/500000  eps=0.050  episodes=  487  mean_return= 44.262  mean_loss= 0.25599  mean_foundation=  7.4/52  lifetime_outcomes={'won': 7, 'stalled': 127, 'truncated': 353, 'other': 0}  rss= 2498.6MB  (1029s)
  EVAL  step   220000  win_rate=0.00%  mean_return= 31.622  mean_foundation=  2.9/52  mean_length=477.9  (greedy, 20 fixed deals)
step   222000/500000  eps=0.050  episodes=  493  mean_return= 49.950  mean_loss= 0.26899  mean_foundation=  6.3/52  lifetime_outcomes={'won': 7, 'stalled': 129, 'truncated': 357, 'other': 0}  rss= 2498.6MB  (1046s)
step   224000/500000  eps=0.050  episodes=  498  mean_return= 42.181  mean_loss= 0.26223  mean_foundation=  5.4/52  lifetime_outcomes={'won': 7, 'stalled': 130, 'truncated': 361, 'other': 0}  rss= 2498.6MB  (1053s)
step   226000/500000  eps=0.050  episodes=  502  mean_return= 69.842  mean_loss= 0.25918  mean_foundation=  9.5/52  lifetime_outcomes={'won': 7, 'stalled': 131, 'truncated': 364, 'other': 0}  rss= 2498.6MB  (1061s)
step   228000/500000  eps=0.050  episodes=  509  mean_return= 42.675  mean_loss= 0.26614  mean_foundation=  6.9/52  lifetime_outcomes={'won': 7, 'stalled': 136, 'truncated': 366, 'other': 0}  rss= 2498.6MB  (1068s)
step   230000/500000  eps=0.050  episodes=  514  mean_return= 32.995  mean_loss= 0.26342  mean_foundation=  2.0/52  lifetime_outcomes={'won': 7, 'stalled': 137, 'truncated': 370, 'other': 0}  rss= 2498.6MB  (1077s)
step   232000/500000  eps=0.050  episodes=  518  mean_return= 57.309  mean_loss= 0.25463  mean_foundation=  7.5/52  lifetime_outcomes={'won': 7, 'stalled': 139, 'truncated': 372, 'other': 0}  rss= 2503.1MB  (1085s)
step   234000/500000  eps=0.050  episodes=  523  mean_return= 51.821  mean_loss= 0.26339  mean_foundation=  8.8/52  lifetime_outcomes={'won': 7, 'stalled': 141, 'truncated': 375, 'other': 0}  rss= 2503.1MB  (1094s)
step   236000/500000  eps=0.050  episodes=  528  mean_return= 58.589  mean_loss= 0.26926  mean_foundation=  9.6/52  lifetime_outcomes={'won': 7, 'stalled': 142, 'truncated': 379, 'other': 0}  rss= 2503.1MB  (1103s)
step   238000/500000  eps=0.050  episodes=  534  mean_return= 36.611  mean_loss= 0.26730  mean_foundation=  2.7/52  lifetime_outcomes={'won': 7, 'stalled': 144, 'truncated': 383, 'other': 0}  rss= 2503.1MB  (1111s)
step   240000/500000  eps=0.050  episodes=  538  mean_return= 61.291  mean_loss= 0.27690  mean_foundation=  7.2/52  lifetime_outcomes={'won': 7, 'stalled': 145, 'truncated': 386, 'other': 0}  rss= 2503.1MB  (1118s)
  EVAL  step   240000  win_rate=0.00%  mean_return= 30.972  mean_foundation=  3.7/52  mean_length=328.4  (greedy, 20 fixed deals)
step   242000/500000  eps=0.050  episodes=  542  mean_return= 49.500  mean_loss= 0.29767  mean_foundation=  5.8/52  lifetime_outcomes={'won': 7, 'stalled': 145, 'truncated': 390, 'other': 0}  rss= 2503.1MB  (1133s)
step   244000/500000  eps=0.050  episodes=  546  mean_return= 47.500  mean_loss= 0.32378  mean_foundation=  8.2/52  lifetime_outcomes={'won': 7, 'stalled': 145, 'truncated': 394, 'other': 0}  rss= 2503.1MB  (1141s)
step   246000/500000  eps=0.050  episodes=  551  mean_return= 38.638  mean_loss= 0.34675  mean_foundation=  7.0/52  lifetime_outcomes={'won': 7, 'stalled': 147, 'truncated': 397, 'other': 0}  rss= 2503.1MB  (1149s)
step   248000/500000  eps=0.050  episodes=  555  mean_return= 54.750  mean_loss= 0.37840  mean_foundation=  9.0/52  lifetime_outcomes={'won': 7, 'stalled': 147, 'truncated': 401, 'other': 0}  rss= 2503.1MB  (1157s)
step   250000/500000  eps=0.050  episodes=  561  mean_return= 46.479  mean_loss= 0.38089  mean_foundation=  6.2/52  lifetime_outcomes={'won': 7, 'stalled': 150, 'truncated': 404, 'other': 0}  rss= 2503.1MB  (1165s)
step   252000/500000  eps=0.050  episodes=  565  mean_return= 75.250  mean_loss= 0.43211  mean_foundation= 12.2/52  lifetime_outcomes={'won': 7, 'stalled': 150, 'truncated': 408, 'other': 0}  rss= 2503.1MB  (1174s)
step   254000/500000  eps=0.050  episodes=  570  mean_return= 41.412  mean_loss= 0.46240  mean_foundation=  5.2/52  lifetime_outcomes={'won': 7, 'stalled': 153, 'truncated': 410, 'other': 0}  rss= 2503.1MB  (1183s)
step   256000/500000  eps=0.050  episodes=  576  mean_return= 38.158  mean_loss= 0.48962  mean_foundation=  5.8/52  lifetime_outcomes={'won': 7, 'stalled': 156, 'truncated': 413, 'other': 0}  rss= 2503.1MB  (1192s)
step   258000/500000  eps=0.050  episodes=  580  mean_return= 51.750  mean_loss= 0.51058  mean_foundation=  5.2/52  lifetime_outcomes={'won': 7, 'stalled': 156, 'truncated': 417, 'other': 0}  rss= 2503.1MB  (1200s)
step   260000/500000  eps=0.050  episodes=  584  mean_return= 65.503  mean_loss= 0.54545  mean_foundation=  8.2/52  lifetime_outcomes={'won': 7, 'stalled': 157, 'truncated': 420, 'other': 0}  rss= 2503.1MB  (1208s)
  EVAL  step   260000  win_rate=0.00%  mean_return= 33.050  mean_foundation=  3.1/52  mean_length=500.0  (greedy, 20 fixed deals)
step   262000/500000  eps=0.050  episodes=  588  mean_return= 53.507  mean_loss= 0.58055  mean_foundation=  7.5/52  lifetime_outcomes={'won': 7, 'stalled': 158, 'truncated': 423, 'other': 0}  rss= 2503.1MB  (1227s)
step   264000/500000  eps=0.050  episodes=  593  mean_return= 57.177  mean_loss= 0.58817  mean_foundation=  5.4/52  lifetime_outcomes={'won': 7, 'stalled': 159, 'truncated': 427, 'other': 0}  rss= 2503.1MB  (1234s)
step   266000/500000  eps=0.050  episodes=  598  mean_return= 56.984  mean_loss= 0.61712  mean_foundation=  7.2/52  lifetime_outcomes={'won': 7, 'stalled': 160, 'truncated': 431, 'other': 0}  rss= 2503.1MB  (1242s)
step   268000/500000  eps=0.050  episodes=  602  mean_return= 40.254  mean_loss= 0.62386  mean_foundation=  6.8/52  lifetime_outcomes={'won': 7, 'stalled': 161, 'truncated': 434, 'other': 0}  rss= 2503.1MB  (1249s)
step   270000/500000  eps=0.050  episodes=  608  mean_return= 53.816  mean_loss= 0.62962  mean_foundation=  6.7/52  lifetime_outcomes={'won': 7, 'stalled': 164, 'truncated': 437, 'other': 0}  rss= 2503.1MB  (1257s)
step   272000/500000  eps=0.050  episodes=  612  mean_return= 59.587  mean_loss= 0.65026  mean_foundation=  7.0/52  lifetime_outcomes={'won': 7, 'stalled': 165, 'truncated': 440, 'other': 0}  rss= 2503.1MB  (1265s)
step   274000/500000  eps=0.050  episodes=  616  mean_return= 53.017  mean_loss= 0.64919  mean_foundation=  5.8/52  lifetime_outcomes={'won': 7, 'stalled': 166, 'truncated': 443, 'other': 0}  rss= 2503.1MB  (1273s)
step   276000/500000  eps=0.050  episodes=  623  mean_return= 54.141  mean_loss= 0.67703  mean_foundation=  7.9/52  lifetime_outcomes={'won': 7, 'stalled': 170, 'truncated': 446, 'other': 0}  rss= 2503.1MB  (1282s)
step   278000/500000  eps=0.050  episodes=  627  mean_return= 62.000  mean_loss= 0.67277  mean_foundation=  6.5/52  lifetime_outcomes={'won': 7, 'stalled': 170, 'truncated': 450, 'other': 0}  rss= 2503.1MB  (1291s)
step   280000/500000  eps=0.050  episodes=  633  mean_return= 49.802  mean_loss= 0.72032  mean_foundation=  5.2/52  lifetime_outcomes={'won': 7, 'stalled': 174, 'truncated': 452, 'other': 0}  rss= 2503.1MB  (1299s)
  EVAL  step   280000  win_rate=0.00%  mean_return= 36.794  mean_foundation=  3.8/52  mean_length=456.2  (greedy, 20 fixed deals)
step   282000/500000  eps=0.050  episodes=  638  mean_return= 57.966  mean_loss= 0.72762  mean_foundation=  6.0/52  lifetime_outcomes={'won': 7, 'stalled': 176, 'truncated': 455, 'other': 0}  rss= 2503.1MB  (1317s)
step   284000/500000  eps=0.050  episodes=  642  mean_return= 73.550  mean_loss= 0.71285  mean_foundation=  8.8/52  lifetime_outcomes={'won': 7, 'stalled': 177, 'truncated': 458, 'other': 0}  rss= 2503.1MB  (1326s)
step   286000/500000  eps=0.050  episodes=  647  mean_return= 60.387  mean_loss= 0.76570  mean_foundation=  5.0/52  lifetime_outcomes={'won': 7, 'stalled': 178, 'truncated': 462, 'other': 0}  rss= 2503.1MB  (1334s)
step   288000/500000  eps=0.050  episodes=  653  mean_return= 36.178  mean_loss= 0.80010  mean_foundation=  5.5/52  lifetime_outcomes={'won': 7, 'stalled': 181, 'truncated': 465, 'other': 0}  rss= 2503.1MB  (1343s)
step   290000/500000  eps=0.050  episodes=  660  mean_return= 40.840  mean_loss= 0.78434  mean_foundation=  5.3/52  lifetime_outcomes={'won': 7, 'stalled': 185, 'truncated': 468, 'other': 0}  rss= 2503.1MB  (1351s)
step   292000/500000  eps=0.050  episodes=  665  mean_return= 38.377  mean_loss= 0.77745  mean_foundation=  7.4/52  lifetime_outcomes={'won': 7, 'stalled': 188, 'truncated': 470, 'other': 0}  rss= 2503.1MB  (1360s)
step   294000/500000  eps=0.050  episodes=  669  mean_return= 52.301  mean_loss= 0.80586  mean_foundation=  7.2/52  lifetime_outcomes={'won': 7, 'stalled': 189, 'truncated': 473, 'other': 0}  rss= 2503.1MB  (1369s)
step   296000/500000  eps=0.050  episodes=  674  mean_return= 60.248  mean_loss= 0.88216  mean_foundation=  7.2/52  lifetime_outcomes={'won': 7, 'stalled': 192, 'truncated': 475, 'other': 0}  rss= 2503.1MB  (1384s)
step   298000/500000  eps=0.050  episodes=  680  mean_return= 36.621  mean_loss= 0.88469  mean_foundation=  5.3/52  lifetime_outcomes={'won': 7, 'stalled': 194, 'truncated': 479, 'other': 0}  rss= 2503.1MB  (1405s)
step   300000/500000  eps=0.050  episodes=  685  mean_return= 75.229  mean_loss= 0.86537  mean_foundation= 11.8/52  lifetime_outcomes={'won': 7, 'stalled': 197, 'truncated': 481, 'other': 0}  rss= 2503.1MB  (1426s)
  EVAL  step   300000  win_rate=0.00%  mean_return= 32.531  mean_foundation=  4.3/52  mean_length=369.6  (greedy, 20 fixed deals)
step   302000/500000  eps=0.050  episodes=  689  mean_return= 39.525  mean_loss= 0.83695  mean_foundation=  3.5/52  lifetime_outcomes={'won': 7, 'stalled': 199, 'truncated': 483, 'other': 0}  rss= 2503.1MB  (1463s)
step   304000/500000  eps=0.050  episodes=  695  mean_return= 47.265  mean_loss= 0.87938  mean_foundation=  4.8/52  lifetime_outcomes={'won': 7, 'stalled': 201, 'truncated': 487, 'other': 0}  rss= 2503.1MB  (1484s)
step   306000/500000  eps=0.050  episodes=  699  mean_return= 71.551  mean_loss= 0.90817  mean_foundation=  8.8/52  lifetime_outcomes={'won': 7, 'stalled': 202, 'truncated': 490, 'other': 0}  rss= 2503.1MB  (1506s)
step   308000/500000  eps=0.050  episodes=  704  mean_return= 33.166  mean_loss= 0.89030  mean_foundation=  4.2/52  lifetime_outcomes={'won': 7, 'stalled': 203, 'truncated': 494, 'other': 0}  rss= 2503.1MB  (1522s)
step   310000/500000  eps=0.050  episodes=  710  mean_return= 60.392  mean_loss= 0.91791  mean_foundation= 10.0/52  lifetime_outcomes={'won': 7, 'stalled': 207, 'truncated': 496, 'other': 0}  rss= 2503.1MB  (1539s)
step   312000/500000  eps=0.050  episodes=  716  mean_return= 43.780  mean_loss= 0.90698  mean_foundation=  4.2/52  lifetime_outcomes={'won': 7, 'stalled': 210, 'truncated': 499, 'other': 0}  rss= 2503.1MB  (1559s)
step   314000/500000  eps=0.050  episodes=  722  mean_return= 61.224  mean_loss= 0.97960  mean_foundation=  7.8/52  lifetime_outcomes={'won': 7, 'stalled': 214, 'truncated': 501, 'other': 0}  rss= 2503.1MB  (1577s)
step   316000/500000  eps=0.050  episodes=  730  mean_return= 46.739  mean_loss= 0.95120  mean_foundation=  7.5/52  lifetime_outcomes={'won': 7, 'stalled': 220, 'truncated': 503, 'other': 0}  rss= 2503.1MB  (1597s)
step   318000/500000  eps=0.050  episodes=  735  mean_return= 71.825  mean_loss= 0.99353  mean_foundation= 10.8/52  lifetime_outcomes={'won': 7, 'stalled': 223, 'truncated': 505, 'other': 0}  rss= 2503.1MB  (1613s)
step   320000/500000  eps=0.050  episodes=  739  mean_return= 72.766  mean_loss= 0.98996  mean_foundation=  9.5/52  lifetime_outcomes={'won': 7, 'stalled': 224, 'truncated': 508, 'other': 0}  rss= 2503.1MB  (1629s)
  EVAL  step   320000  win_rate=0.00%  mean_return= 38.808  mean_foundation=  5.9/52  mean_length=392.6  (greedy, 20 fixed deals)
step   322000/500000  eps=0.050  episodes=  744  mean_return= 33.351  mean_loss= 0.99732  mean_foundation=  5.2/52  lifetime_outcomes={'won': 7, 'stalled': 226, 'truncated': 511, 'other': 0}  rss= 2503.1MB  (1661s)
step   324000/500000  eps=0.050  episodes=  751  mean_return= 38.843  mean_loss= 0.98898  mean_foundation=  5.3/52  lifetime_outcomes={'won': 7, 'stalled': 230, 'truncated': 514, 'other': 0}  rss= 2503.1MB  (1683s)
step   326000/500000  eps=0.050  episodes=  756  mean_return= 55.452  mean_loss= 1.05645  mean_foundation=  5.2/52  lifetime_outcomes={'won': 7, 'stalled': 232, 'truncated': 517, 'other': 0}  rss= 2503.1MB  (1701s)
step   328000/500000  eps=0.050  episodes=  762  mean_return= 43.124  mean_loss= 1.02297  mean_foundation=  6.2/52  lifetime_outcomes={'won': 7, 'stalled': 234, 'truncated': 521, 'other': 0}  rss= 2503.1MB  (1718s)
step   330000/500000  eps=0.050  episodes=  766  mean_return= 51.570  mean_loss= 1.02777  mean_foundation=  6.5/52  lifetime_outcomes={'won': 7, 'stalled': 236, 'truncated': 523, 'other': 0}  rss= 2503.1MB  (1732s)
step   332000/500000  eps=0.050  episodes=  772  mean_return= 58.631  mean_loss= 1.03320  mean_foundation=  8.0/52  lifetime_outcomes={'won': 7, 'stalled': 239, 'truncated': 526, 'other': 0}  rss= 2503.1MB  (1748s)
step   334000/500000  eps=0.050  episodes=  777  mean_return= 75.980  mean_loss= 1.05552  mean_foundation=  9.0/52  lifetime_outcomes={'won': 7, 'stalled': 241, 'truncated': 529, 'other': 0}  rss= 2503.1MB  (1762s)
step   336000/500000  eps=0.050  episodes=  782  mean_return= 60.580  mean_loss= 1.08597  mean_foundation= 11.0/52  lifetime_outcomes={'won': 7, 'stalled': 242, 'truncated': 533, 'other': 0}  rss= 2503.1MB  (1779s)
step   338000/500000  eps=0.050  episodes=  788  mean_return= 54.378  mean_loss= 1.14003  mean_foundation=  7.2/52  lifetime_outcomes={'won': 7, 'stalled': 246, 'truncated': 535, 'other': 0}  rss= 2503.1MB  (1794s)
step   340000/500000  eps=0.050  episodes=  795  mean_return= 56.968  mean_loss= 1.12695  mean_foundation=  9.0/52  lifetime_outcomes={'won': 7, 'stalled': 251, 'truncated': 537, 'other': 0}  rss= 2503.1MB  (1813s)
  EVAL  step   340000  win_rate=0.00%  mean_return= 32.522  mean_foundation=  3.0/52  mean_length=478.0  (greedy, 20 fixed deals)
step   342000/500000  eps=0.050  episodes=  799  mean_return= 70.806  mean_loss= 1.17617  mean_foundation=  8.0/52  lifetime_outcomes={'won': 7, 'stalled': 252, 'truncated': 540, 'other': 0}  rss= 2503.1MB  (1833s)
step   344000/500000  eps=0.050  episodes=  806  mean_return= 64.683  mean_loss= 1.20068  mean_foundation=  9.0/52  lifetime_outcomes={'won': 7, 'stalled': 256, 'truncated': 543, 'other': 0}  rss= 2503.1MB  (1842s)
step   346000/500000  eps=0.050  episodes=  810  mean_return= 46.335  mean_loss= 1.20043  mean_foundation=  7.0/52  lifetime_outcomes={'won': 7, 'stalled': 257, 'truncated': 546, 'other': 0}  rss= 2503.1MB  (1850s)
step   348000/500000  eps=0.050  episodes=  818  mean_return= 49.600  mean_loss= 1.24617  mean_foundation=  6.0/52  lifetime_outcomes={'won': 7, 'stalled': 262, 'truncated': 549, 'other': 0}  rss= 2503.1MB  (1860s)
step   350000/500000  eps=0.050  episodes=  822  mean_return= 52.290  mean_loss= 1.19971  mean_foundation=  7.5/52  lifetime_outcomes={'won': 7, 'stalled': 264, 'truncated': 551, 'other': 0}  rss= 2503.1MB  (1868s)
step   352000/500000  eps=0.050  episodes=  831  mean_return= 36.875  mean_loss= 1.22878  mean_foundation=  6.0/52  lifetime_outcomes={'won': 7, 'stalled': 270, 'truncated': 554, 'other': 0}  rss= 2503.1MB  (1877s)
step   354000/500000  eps=0.050  episodes=  836  mean_return= 50.858  mean_loss= 1.29635  mean_foundation=  7.6/52  lifetime_outcomes={'won': 7, 'stalled': 272, 'truncated': 557, 'other': 0}  rss= 2503.1MB  (1887s)
step   356000/500000  eps=0.050  episodes=  842  mean_return= 57.089  mean_loss= 1.26548  mean_foundation=  7.8/52  lifetime_outcomes={'won': 7, 'stalled': 275, 'truncated': 560, 'other': 0}  rss= 2503.1MB  (1896s)
step   358000/500000  eps=0.050  episodes=  846  mean_return= 65.370  mean_loss= 1.32224  mean_foundation=  8.0/52  lifetime_outcomes={'won': 7, 'stalled': 277, 'truncated': 562, 'other': 0}  rss= 2503.1MB  (1906s)
step   360000/500000  eps=0.050  episodes=  851  mean_return= 51.107  mean_loss= 1.32455  mean_foundation=  9.4/52  lifetime_outcomes={'won': 7, 'stalled': 278, 'truncated': 566, 'other': 0}  rss= 2503.1MB  (1915s)
  EVAL  step   360000  win_rate=0.00%  mean_return= 39.613  mean_foundation=  5.6/52  mean_length=437.2  (greedy, 20 fixed deals)
step   362000/500000  eps=0.050  episodes=  857  mean_return= 37.381  mean_loss= 1.38476  mean_foundation=  6.2/52  lifetime_outcomes={'won': 7, 'stalled': 282, 'truncated': 568, 'other': 0}  rss= 2503.1MB  (1933s)
step   364000/500000  eps=0.050  episodes=  863  mean_return= 51.959  mean_loss= 1.31357  mean_foundation=  6.3/52  lifetime_outcomes={'won': 7, 'stalled': 284, 'truncated': 572, 'other': 0}  rss= 2503.1MB  (1942s)
step   366000/500000  eps=0.050  episodes=  867  mean_return= 78.857  mean_loss= 1.35480  mean_foundation= 10.8/52  lifetime_outcomes={'won': 7, 'stalled': 287, 'truncated': 573, 'other': 0}  rss= 2503.1MB  (1950s)
step   368000/500000  eps=0.050  episodes=  871  mean_return= 49.250  mean_loss= 1.35507  mean_foundation=  5.5/52  lifetime_outcomes={'won': 7, 'stalled': 287, 'truncated': 577, 'other': 0}  rss= 2503.1MB  (1958s)
step   370000/500000  eps=0.050  episodes=  876  mean_return= 58.583  mean_loss= 1.36561  mean_foundation=  6.0/52  lifetime_outcomes={'won': 7, 'stalled': 288, 'truncated': 581, 'other': 0}  rss= 2503.1MB  (1966s)
step   372000/500000  eps=0.050  episodes=  880  mean_return= 45.000  mean_loss= 1.32230  mean_foundation=  5.5/52  lifetime_outcomes={'won': 7, 'stalled': 288, 'truncated': 585, 'other': 0}  rss= 2503.1MB  (1977s)
step   374000/500000  eps=0.050  episodes=  885  mean_return= 51.340  mean_loss= 1.31613  mean_foundation=  6.6/52  lifetime_outcomes={'won': 7, 'stalled': 290, 'truncated': 588, 'other': 0}  rss= 2503.1MB  (1986s)
step   376000/500000  eps=0.050  episodes=  889  mean_return= 50.753  mean_loss= 1.31729  mean_foundation=  7.0/52  lifetime_outcomes={'won': 7, 'stalled': 291, 'truncated': 591, 'other': 0}  rss= 2503.1MB  (1995s)
step   378000/500000  eps=0.050  episodes=  895  mean_return= 58.488  mean_loss= 1.29009  mean_foundation=  8.0/52  lifetime_outcomes={'won': 7, 'stalled': 294, 'truncated': 594, 'other': 0}  rss= 2503.1MB  (2004s)
step   380000/500000  eps=0.050  episodes=  902  mean_return= 57.732  mean_loss= 1.31570  mean_foundation= 11.3/52  lifetime_outcomes={'won': 7, 'stalled': 298, 'truncated': 597, 'other': 0}  rss= 2503.1MB  (2013s)
  EVAL  step   380000  win_rate=0.00%  mean_return= 37.792  mean_foundation=  4.2/52  mean_length=457.6  (greedy, 20 fixed deals)
step   382000/500000  eps=0.050  episodes=  907  mean_return= 36.469  mean_loss= 1.29425  mean_foundation=  5.4/52  lifetime_outcomes={'won': 7, 'stalled': 300, 'truncated': 600, 'other': 0}  rss= 2503.1MB  (2032s)
step   384000/500000  eps=0.050  episodes=  911  mean_return= 68.500  mean_loss= 1.26602  mean_foundation=  7.8/52  lifetime_outcomes={'won': 7, 'stalled': 300, 'truncated': 604, 'other': 0}  rss= 2503.1MB  (2041s)
step   386000/500000  eps=0.050  episodes=  915  mean_return= 46.500  mean_loss= 1.24700  mean_foundation=  6.5/52  lifetime_outcomes={'won': 7, 'stalled': 300, 'truncated': 608, 'other': 0}  rss= 2503.1MB  (2052s)
step   388000/500000  eps=0.050  episodes=  923  mean_return= 48.942  mean_loss= 1.23555  mean_foundation=  6.5/52  lifetime_outcomes={'won': 7, 'stalled': 304, 'truncated': 612, 'other': 0}  rss= 2503.1MB  (2061s)
step   390000/500000  eps=0.050  episodes=  928  mean_return= 50.616  mean_loss= 1.24980  mean_foundation=  6.8/52  lifetime_outcomes={'won': 7, 'stalled': 306, 'truncated': 615, 'other': 0}  rss= 2503.1MB  (2070s)
step   392000/500000  eps=0.050  episodes=  933  mean_return= 49.994  mean_loss= 1.17770  mean_foundation=  6.4/52  lifetime_outcomes={'won': 7, 'stalled': 308, 'truncated': 618, 'other': 0}  rss= 2503.1MB  (2080s)
step   394000/500000  eps=0.050  episodes=  938  mean_return= 35.877  mean_loss= 1.19940  mean_foundation=  4.8/52  lifetime_outcomes={'won': 7, 'stalled': 311, 'truncated': 620, 'other': 0}  rss= 2503.1MB  (2089s)
step   396000/500000  eps=0.050  episodes=  943  mean_return= 58.719  mean_loss= 1.14346  mean_foundation=  6.8/52  lifetime_outcomes={'won': 7, 'stalled': 313, 'truncated': 623, 'other': 0}  rss= 2503.1MB  (2101s)
step   398000/500000  eps=0.050  episodes=  949  mean_return= 53.843  mean_loss= 1.13983  mean_foundation=  8.0/52  lifetime_outcomes={'won': 7, 'stalled': 317, 'truncated': 625, 'other': 0}  rss= 2503.1MB  (2119s)
step   400000/500000  eps=0.050  episodes=  955  mean_return= 34.836  mean_loss= 1.11386  mean_foundation=  4.8/52  lifetime_outcomes={'won': 7, 'stalled': 320, 'truncated': 628, 'other': 0}  rss= 2503.1MB  (2138s)
  EVAL  step   400000  win_rate=0.00%  mean_return= 31.295  mean_foundation=  2.6/52  mean_length=455.3  (greedy, 20 fixed deals)
step   402000/500000  eps=0.050  episodes=  963  mean_return= 44.865  mean_loss= 1.14970  mean_foundation=  5.2/52  lifetime_outcomes={'won': 7, 'stalled': 326, 'truncated': 630, 'other': 0}  rss= 2503.1MB  (2175s)
step   404000/500000  eps=0.050  episodes=  969  mean_return= 59.499  mean_loss= 1.13586  mean_foundation=  9.3/52  lifetime_outcomes={'won': 7, 'stalled': 330, 'truncated': 632, 'other': 0}  rss= 2503.1MB  (2189s)
step   406000/500000  eps=0.050  episodes=  974  mean_return= 56.844  mean_loss= 1.13454  mean_foundation=  8.0/52  lifetime_outcomes={'won': 7, 'stalled': 332, 'truncated': 635, 'other': 0}  rss= 2503.1MB  (2207s)
step   408000/500000  eps=0.050  episodes=  980  mean_return= 51.185  mean_loss= 1.13204  mean_foundation=  6.7/52  lifetime_outcomes={'won': 7, 'stalled': 337, 'truncated': 636, 'other': 0}  rss= 2503.1MB  (2222s)
step   410000/500000  eps=0.050  episodes=  985  mean_return= 66.794  mean_loss= 1.09489  mean_foundation=  7.4/52  lifetime_outcomes={'won': 7, 'stalled': 340, 'truncated': 638, 'other': 0}  rss= 2503.1MB  (2230s)
step   412000/500000  eps=0.050  episodes=  992  mean_return= 45.286  mean_loss= 1.13525  mean_foundation=  6.0/52  lifetime_outcomes={'won': 7, 'stalled': 345, 'truncated': 640, 'other': 0}  rss= 2503.1MB  (2239s)
step   414000/500000  eps=0.050  episodes=  997  mean_return= 55.781  mean_loss= 1.09947  mean_foundation=  5.6/52  lifetime_outcomes={'won': 7, 'stalled': 346, 'truncated': 644, 'other': 0}  rss= 2503.1MB  (2249s)
step   416000/500000  eps=0.050  episodes= 1003  mean_return= 51.486  mean_loss= 1.08643  mean_foundation=  7.3/52  lifetime_outcomes={'won': 7, 'stalled': 349, 'truncated': 647, 'other': 0}  rss= 2503.1MB  (2257s)
step   418000/500000  eps=0.050  episodes= 1011  mean_return= 60.496  mean_loss= 1.04314  mean_foundation=  8.8/52  lifetime_outcomes={'won': 7, 'stalled': 356, 'truncated': 648, 'other': 0}  rss= 2503.1MB  (2266s)
step   420000/500000  eps=0.050  episodes= 1019  mean_return= 58.247  mean_loss= 1.10060  mean_foundation=  8.4/52  lifetime_outcomes={'won': 7, 'stalled': 362, 'truncated': 650, 'other': 0}  rss= 2503.1MB  (2275s)
  EVAL  step   420000  win_rate=0.00%  mean_return= 37.800  mean_foundation=  3.9/52  mean_length=500.0  (greedy, 20 fixed deals)
step   422000/500000  eps=0.050  episodes= 1024  mean_return= 34.476  mean_loss= 1.04993  mean_foundation=  3.8/52  lifetime_outcomes={'won': 7, 'stalled': 364, 'truncated': 653, 'other': 0}  rss= 2503.1MB  (2298s)
step   424000/500000  eps=0.050  episodes= 1030  mean_return= 58.308  mean_loss= 1.13735  mean_foundation=  9.0/52  lifetime_outcomes={'won': 7, 'stalled': 368, 'truncated': 655, 'other': 0}  rss= 2503.1MB  (2307s)
step   426000/500000  eps=0.050  episodes= 1037  mean_return= 34.683  mean_loss= 1.14283  mean_foundation=  4.6/52  lifetime_outcomes={'won': 7, 'stalled': 373, 'truncated': 657, 'other': 0}  rss= 2503.1MB  (2315s)
step   428000/500000  eps=0.050  episodes= 1042  mean_return= 55.434  mean_loss= 1.16475  mean_foundation=  7.0/52  lifetime_outcomes={'won': 7, 'stalled': 375, 'truncated': 660, 'other': 0}  rss= 2503.1MB  (2324s)
step   430000/500000  eps=0.050  episodes= 1047  mean_return= 48.037  mean_loss= 1.10682  mean_foundation=  9.2/52  lifetime_outcomes={'won': 7, 'stalled': 378, 'truncated': 662, 'other': 0}  rss= 2503.1MB  (2334s)
step   432000/500000  eps=0.050  episodes= 1054  mean_return= 54.427  mean_loss= 1.06758  mean_foundation=  6.6/52  lifetime_outcomes={'won': 7, 'stalled': 383, 'truncated': 664, 'other': 0}  rss= 2503.1MB  (2344s)
step   434000/500000  eps=0.050  episodes= 1061  mean_return= 45.403  mean_loss= 1.04071  mean_foundation=  5.9/52  lifetime_outcomes={'won': 7, 'stalled': 387, 'truncated': 667, 'other': 0}  rss= 2503.1MB  (2353s)
step   436000/500000  eps=0.050  episodes= 1067  mean_return= 58.975  mean_loss= 1.02822  mean_foundation=  7.0/52  lifetime_outcomes={'won': 7, 'stalled': 389, 'truncated': 671, 'other': 0}  rss= 2503.1MB  (2362s)
step   438000/500000  eps=0.050  episodes= 1071  mean_return= 53.052  mean_loss= 0.99794  mean_foundation=  7.0/52  lifetime_outcomes={'won': 7, 'stalled': 390, 'truncated': 674, 'other': 0}  rss= 2503.1MB  (2370s)
step   440000/500000  eps=0.050  episodes= 1075  mean_return= 38.000  mean_loss= 0.97947  mean_foundation=  3.0/52  lifetime_outcomes={'won': 7, 'stalled': 390, 'truncated': 678, 'other': 0}  rss= 2503.1MB  (2380s)
  EVAL  step   440000  win_rate=0.00%  mean_return= 33.093  mean_foundation=  3.5/52  mean_length=457.4  (greedy, 20 fixed deals)
step   442000/500000  eps=0.050  episodes= 1079  mean_return= 64.777  mean_loss= 0.97645  mean_foundation=  6.8/52  lifetime_outcomes={'won': 7, 'stalled': 391, 'truncated': 681, 'other': 0}  rss= 2503.1MB  (2402s)
step   444000/500000  eps=0.050  episodes= 1085  mean_return= 47.966  mean_loss= 1.00017  mean_foundation=  5.5/52  lifetime_outcomes={'won': 7, 'stalled': 393, 'truncated': 685, 'other': 0}  rss= 2503.1MB  (2424s)
step   446000/500000  eps=0.050  episodes= 1090  mean_return= 47.199  mean_loss= 0.92416  mean_foundation=  4.8/52  lifetime_outcomes={'won': 7, 'stalled': 395, 'truncated': 688, 'other': 0}  rss= 2503.1MB  (2443s)
step   448000/500000  eps=0.050  episodes= 1095  mean_return= 29.782  mean_loss= 0.94650  mean_foundation=  5.6/52  lifetime_outcomes={'won': 7, 'stalled': 396, 'truncated': 692, 'other': 0}  rss= 2503.1MB  (2457s)
step   450000/500000  eps=0.050  episodes= 1099  mean_return= 61.750  mean_loss= 0.96119  mean_foundation=  6.5/52  lifetime_outcomes={'won': 7, 'stalled': 396, 'truncated': 696, 'other': 0}  rss= 2503.1MB  (2471s)
step   452000/500000  eps=0.050  episodes= 1103  mean_return= 43.605  mean_loss= 0.97023  mean_foundation=  5.2/52  lifetime_outcomes={'won': 7, 'stalled': 397, 'truncated': 699, 'other': 0}  rss= 2503.1MB  (2492s)
step   454000/500000  eps=0.050  episodes= 1108  mean_return= 52.555  mean_loss= 0.94556  mean_foundation=  6.8/52  lifetime_outcomes={'won': 7, 'stalled': 398, 'truncated': 703, 'other': 0}  rss= 2503.1MB  (2512s)
step   456000/500000  eps=0.050  episodes= 1113  mean_return= 28.985  mean_loss= 0.90913  mean_foundation=  4.0/52  lifetime_outcomes={'won': 7, 'stalled': 399, 'truncated': 707, 'other': 0}  rss= 2503.1MB  (2531s)
step   458000/500000  eps=0.050  episodes= 1122  mean_return= 45.203  mean_loss= 0.91359  mean_foundation=  4.7/52  lifetime_outcomes={'won': 7, 'stalled': 406, 'truncated': 709, 'other': 0}  rss= 2503.1MB  (2539s)
step   460000/500000  eps=0.050  episodes= 1128  mean_return= 45.048  mean_loss= 0.91721  mean_foundation=  6.7/52  lifetime_outcomes={'won': 7, 'stalled': 410, 'truncated': 711, 'other': 0}  rss= 2503.1MB  (2548s)
  EVAL  step   460000  win_rate=0.00%  mean_return= 31.178  mean_foundation=  4.0/52  mean_length=322.4  (greedy, 20 fixed deals)
step   462000/500000  eps=0.050  episodes= 1134  mean_return= 39.478  mean_loss= 0.91077  mean_foundation=  3.2/52  lifetime_outcomes={'won': 7, 'stalled': 412, 'truncated': 715, 'other': 0}  rss= 2503.1MB  (2565s)
step   464000/500000  eps=0.050  episodes= 1143  mean_return= 40.318  mean_loss= 0.88833  mean_foundation=  7.4/52  lifetime_outcomes={'won': 7, 'stalled': 420, 'truncated': 716, 'other': 0}  rss= 2503.1MB  (2585s)
step   466000/500000  eps=0.050  episodes= 1147  mean_return= 65.773  mean_loss= 0.92038  mean_foundation=  8.2/52  lifetime_outcomes={'won': 7, 'stalled': 421, 'truncated': 719, 'other': 0}  rss= 2503.1MB  (2601s)
step   468000/500000  eps=0.050  episodes= 1151  mean_return= 38.846  mean_loss= 0.91385  mean_foundation=  5.0/52  lifetime_outcomes={'won': 7, 'stalled': 422, 'truncated': 722, 'other': 0}  rss= 2503.1MB  (2619s)
step   470000/500000  eps=0.050  episodes= 1156  mean_return= 62.513  mean_loss= 0.88381  mean_foundation=  8.4/52  lifetime_outcomes={'won': 7, 'stalled': 423, 'truncated': 726, 'other': 0}  rss= 2503.1MB  (2640s)
step   472000/500000  eps=0.050  episodes= 1161  mean_return= 60.595  mean_loss= 0.84183  mean_foundation=  9.6/52  lifetime_outcomes={'won': 7, 'stalled': 425, 'truncated': 729, 'other': 0}  rss= 2503.1MB  (2657s)
step   474000/500000  eps=0.050  episodes= 1167  mean_return= 54.331  mean_loss= 0.79975  mean_foundation=  6.5/52  lifetime_outcomes={'won': 7, 'stalled': 429, 'truncated': 731, 'other': 0}  rss= 2503.1MB  (2677s)
step   476000/500000  eps=0.050  episodes= 1173  mean_return= 42.703  mean_loss= 0.83388  mean_foundation=  7.7/52  lifetime_outcomes={'won': 7, 'stalled': 432, 'truncated': 734, 'other': 0}  rss= 2503.1MB  (2694s)
step   478000/500000  eps=0.050  episodes= 1180  mean_return= 33.999  mean_loss= 0.80192  mean_foundation=  5.4/52  lifetime_outcomes={'won': 7, 'stalled': 437, 'truncated': 736, 'other': 0}  rss= 2503.1MB  (2710s)
step   480000/500000  eps=0.050  episodes= 1189  mean_return= 51.003  mean_loss= 0.81329  mean_foundation=  6.9/52  lifetime_outcomes={'won': 7, 'stalled': 444, 'truncated': 738, 'other': 0}  rss= 2503.1MB  (2730s)
  EVAL  step   480000  win_rate=0.00%  mean_return= 35.671  mean_foundation=  3.5/52  mean_length=479.1  (greedy, 20 fixed deals)
step   482000/500000  eps=0.050  episodes= 1195  mean_return= 47.995  mean_loss= 0.78588  mean_foundation=  6.2/52  lifetime_outcomes={'won': 7, 'stalled': 447, 'truncated': 741, 'other': 0}  rss= 2503.1MB  (2764s)
step   484000/500000  eps=0.050  episodes= 1202  mean_return= 52.310  mean_loss= 0.78671  mean_foundation=  6.9/52  lifetime_outcomes={'won': 7, 'stalled': 454, 'truncated': 741, 'other': 0}  rss= 2503.1MB  (2777s)
step   486000/500000  eps=0.050  episodes= 1208  mean_return= 42.840  mean_loss= 0.80923  mean_foundation=  5.8/52  lifetime_outcomes={'won': 7, 'stalled': 458, 'truncated': 743, 'other': 0}  rss= 2503.1MB  (2786s)
step   488000/500000  eps=0.050  episodes= 1214  mean_return= 38.139  mean_loss= 0.78542  mean_foundation=  5.0/52  lifetime_outcomes={'won': 7, 'stalled': 461, 'truncated': 746, 'other': 0}  rss= 2503.1MB  (2794s)
step   490000/500000  eps=0.050  episodes= 1221  mean_return= 31.580  mean_loss= 0.77998  mean_foundation=  3.3/52  lifetime_outcomes={'won': 7, 'stalled': 466, 'truncated': 748, 'other': 0}  rss= 2503.1MB  (2802s)
step   492000/500000  eps=0.050  episodes= 1226  mean_return= 59.166  mean_loss= 0.84978  mean_foundation=  4.8/52  lifetime_outcomes={'won': 7, 'stalled': 467, 'truncated': 752, 'other': 0}  rss= 2503.1MB  (2810s)
step   494000/500000  eps=0.050  episodes= 1231  mean_return= 50.179  mean_loss= 0.84840  mean_foundation=  4.8/52  lifetime_outcomes={'won': 7, 'stalled': 468, 'truncated': 756, 'other': 0}  rss= 2503.1MB  (2819s)
step   496000/500000  eps=0.050  episodes= 1235  mean_return= 37.611  mean_loss= 0.79331  mean_foundation=  5.5/52  lifetime_outcomes={'won': 7, 'stalled': 469, 'truncated': 759, 'other': 0}  rss= 2503.1MB  (2827s)
step   498000/500000  eps=0.050  episodes= 1241  mean_return= 29.296  mean_loss= 0.77576  mean_foundation=  3.2/52  lifetime_outcomes={'won': 7, 'stalled': 471, 'truncated': 763, 'other': 0}  rss= 2503.1MB  (2837s)
step   500000/500000  eps=0.050  episodes= 1246  mean_return= 65.416  mean_loss= 0.82336  mean_foundation=  6.4/52  lifetime_outcomes={'won': 7, 'stalled': 473, 'truncated': 766, 'other': 0}  rss= 2503.1MB  (2847s)
  EVAL  step   500000  win_rate=0.00%  mean_return= 33.916  mean_foundation=  3.7/52  mean_length=434.2  (greedy, 20 fixed deals)
done. saved final checkpoint to runs/009_double_dqn_soft_nstep3_per_decomposed_symaug/checkpoint_final.pt
