run directory: runs/007_double_dqn_soft_nstep3_per_curriculum_hidden3
curriculum: loaded 86 real seeded wins from runs/curriculum_wins.jsonl
step     2000/500000  eps=0.991  episodes=    4  mean_return= 57.250  mean_loss=     nan  mean_foundation=  5.8/52  lifetime_outcomes={'won': 0, 'stalled': 0, 'truncated': 4, 'other': 0}  rss=  922.0MB  (1s)
step     4000/500000  eps=0.981  episodes=    8  mean_return= 43.124  mean_loss=     nan  mean_foundation= 21.0/52  lifetime_outcomes={'won': 0, 'stalled': 1, 'truncated': 7, 'other': 0}  rss=  939.4MB  (2s)
step     6000/500000  eps=0.972  episodes=   13  mean_return= 33.995  mean_loss= 0.33386  mean_foundation= 14.6/52  lifetime_outcomes={'won': 0, 'stalled': 3, 'truncated': 10, 'other': 0}  rss= 1252.9MB  (5s)
step     8000/500000  eps=0.962  episodes=   18  mean_return= 74.203  mean_loss= 0.36224  mean_foundation=  8.6/52  lifetime_outcomes={'won': 0, 'stalled': 5, 'truncated': 13, 'other': 0}  rss= 1269.7MB  (10s)
step    10000/500000  eps=0.953  episodes=   22  mean_return= 58.250  mean_loss= 0.39456  mean_foundation=  9.0/52  lifetime_outcomes={'won': 0, 'stalled': 5, 'truncated': 17, 'other': 0}  rss= 1283.3MB  (16s)
step    12000/500000  eps=0.943  episodes=   28  mean_return= 20.159  mean_loss= 0.35927  mean_foundation= 15.3/52  lifetime_outcomes={'won': 0, 'stalled': 7, 'truncated': 21, 'other': 0}  rss= 1303.2MB  (21s)
step    14000/500000  eps=0.933  episodes=   35  mean_return= 25.378  mean_loss= 0.34823  mean_foundation= 11.0/52  lifetime_outcomes={'won': 0, 'stalled': 10, 'truncated': 25, 'other': 0}  rss= 1309.3MB  (26s)
step    16000/500000  eps=0.924  episodes=   39  mean_return= 49.250  mean_loss= 0.32890  mean_foundation=  9.8/52  lifetime_outcomes={'won': 0, 'stalled': 10, 'truncated': 29, 'other': 0}  rss= 1318.4MB  (31s)
step    18000/500000  eps=0.914  episodes=   45  mean_return= 47.991  mean_loss= 0.34134  mean_foundation= 16.3/52  lifetime_outcomes={'won': 0, 'stalled': 13, 'truncated': 32, 'other': 0}  rss= 1330.8MB  (36s)
step    20000/500000  eps=0.905  episodes=   55  mean_return=  4.848  mean_loss= 0.35498  mean_foundation= 19.9/52  lifetime_outcomes={'won': 0, 'stalled': 21, 'truncated': 34, 'other': 0}  rss= 1339.2MB  (41s)
  EVAL  step    20000  win_rate=0.00%  mean_return= 27.550  mean_foundation=  2.1/52  mean_length=500.0  (greedy, 20 fixed deals)
step    22000/500000  eps=0.895  episodes=   63  mean_return= 53.580  mean_loss= 0.36624  mean_foundation= 15.2/52  lifetime_outcomes={'won': 0, 'stalled': 27, 'truncated': 36, 'other': 0}  rss= 1354.5MB  (55s)
step    24000/500000  eps=0.886  episodes=   67  mean_return= 73.250  mean_loss= 0.38548  mean_foundation= 16.0/52  lifetime_outcomes={'won': 0, 'stalled': 27, 'truncated': 40, 'other': 0}  rss= 1362.5MB  (60s)
step    26000/500000  eps=0.877  episodes=   72  mean_return= 63.188  mean_loss= 0.40128  mean_foundation= 12.8/52  lifetime_outcomes={'won': 0, 'stalled': 28, 'truncated': 44, 'other': 0}  rss= 1368.6MB  (66s)
step    28000/500000  eps=0.867  episodes=   76  mean_return=100.822  mean_loss= 0.41652  mean_foundation= 10.0/52  lifetime_outcomes={'won': 0, 'stalled': 30, 'truncated': 46, 'other': 0}  rss= 1376.7MB  (72s)
step    30000/500000  eps=0.858  episodes=   81  mean_return= 82.989  mean_loss= 0.42580  mean_foundation= 12.0/52  lifetime_outcomes={'won': 0, 'stalled': 31, 'truncated': 50, 'other': 0}  rss= 1384.8MB  (77s)
step    32000/500000  eps=0.848  episodes=   86  mean_return= 70.554  mean_loss= 0.43077  mean_foundation= 10.4/52  lifetime_outcomes={'won': 0, 'stalled': 33, 'truncated': 53, 'other': 0}  rss= 1392.8MB  (83s)
step    34000/500000  eps=0.839  episodes=   92  mean_return= 43.740  mean_loss= 0.44590  mean_foundation= 14.3/52  lifetime_outcomes={'won': 0, 'stalled': 37, 'truncated': 55, 'other': 0}  rss= 1402.8MB  (90s)
step    36000/500000  eps=0.829  episodes=   96  mean_return= 46.000  mean_loss= 0.46741  mean_foundation= 13.2/52  lifetime_outcomes={'won': 0, 'stalled': 37, 'truncated': 59, 'other': 0}  rss= 1408.9MB  (97s)
step    38000/500000  eps=0.820  episodes=  102  mean_return= 62.949  mean_loss= 0.48268  mean_foundation= 17.2/52  lifetime_outcomes={'won': 0, 'stalled': 39, 'truncated': 63, 'other': 0}  rss= 1416.9MB  (103s)
step    40000/500000  eps=0.810  episodes=  107  mean_return= 45.448  mean_loss= 0.49468  mean_foundation= 11.0/52  lifetime_outcomes={'won': 0, 'stalled': 43, 'truncated': 64, 'other': 0}  rss= 1424.9MB  (108s)
  EVAL  step    40000  win_rate=0.00%  mean_return= 25.600  mean_foundation=  1.6/52  mean_length=500.0  (greedy, 20 fixed deals)
step    42000/500000  eps=0.800  episodes=  115  mean_return= 38.984  mean_loss= 0.49155  mean_foundation= 11.9/52  lifetime_outcomes={'won': 0, 'stalled': 47, 'truncated': 68, 'other': 0}  rss= 1432.9MB  (123s)
step    44000/500000  eps=0.791  episodes=  120  mean_return= 58.592  mean_loss= 0.49988  mean_foundation=  8.2/52  lifetime_outcomes={'won': 0, 'stalled': 48, 'truncated': 72, 'other': 0}  rss= 1440.9MB  (128s)
step    46000/500000  eps=0.781  episodes=  125  mean_return= 69.015  mean_loss= 0.50483  mean_foundation=  9.0/52  lifetime_outcomes={'won': 0, 'stalled': 51, 'truncated': 74, 'other': 0}  rss= 1447.0MB  (133s)
step    48000/500000  eps=0.772  episodes=  131  mean_return= 54.970  mean_loss= 0.48958  mean_foundation= 10.3/52  lifetime_outcomes={'won': 0, 'stalled': 54, 'truncated': 77, 'other': 0}  rss= 1455.0MB  (139s)
step    50000/500000  eps=0.762  episodes=  136  mean_return= 19.647  mean_loss= 0.47626  mean_foundation= 10.6/52  lifetime_outcomes={'won': 0, 'stalled': 56, 'truncated': 80, 'other': 0}  rss= 1465.0MB  (145s)
step    52000/500000  eps=0.753  episodes=  146  mean_return= 41.185  mean_loss= 0.47977  mean_foundation= 21.6/52  lifetime_outcomes={'won': 0, 'stalled': 64, 'truncated': 82, 'other': 0}  rss= 1477.4MB  (151s)
step    54000/500000  eps=0.744  episodes=  151  mean_return= 27.425  mean_loss= 0.46447  mean_foundation= 12.8/52  lifetime_outcomes={'won': 0, 'stalled': 66, 'truncated': 85, 'other': 0}  rss= 1485.4MB  (157s)
step    56000/500000  eps=0.734  episodes=  158  mean_return= 40.986  mean_loss= 0.47052  mean_foundation= 10.6/52  lifetime_outcomes={'won': 0, 'stalled': 72, 'truncated': 86, 'other': 0}  rss= 1493.8MB  (163s)
step    58000/500000  eps=0.725  episodes=  162  mean_return= 40.250  mean_loss= 0.45857  mean_foundation= 16.0/52  lifetime_outcomes={'won': 0, 'stalled': 72, 'truncated': 90, 'other': 0}  rss= 1499.8MB  (169s)
step    60000/500000  eps=0.715  episodes=  168  mean_return= 51.466  mean_loss= 0.44761  mean_foundation= 13.5/52  lifetime_outcomes={'won': 0, 'stalled': 75, 'truncated': 93, 'other': 0}  rss= 1507.9MB  (174s)
  EVAL  step    60000  win_rate=0.00%  mean_return= 28.472  mean_foundation=  2.6/52  mean_length=478.1  (greedy, 20 fixed deals)
step    62000/500000  eps=0.706  episodes=  173  mean_return= 65.293  mean_loss= 0.43187  mean_foundation= 11.4/52  lifetime_outcomes={'won': 0, 'stalled': 78, 'truncated': 95, 'other': 0}  rss= 1520.5MB  (188s)
step    64000/500000  eps=0.696  episodes=  180  mean_return= 49.791  mean_loss= 0.44733  mean_foundation=  9.7/52  lifetime_outcomes={'won': 0, 'stalled': 81, 'truncated': 99, 'other': 0}  rss= 1529.1MB  (194s)
step    66000/500000  eps=0.686  episodes=  185  mean_return= 53.073  mean_loss= 0.43727  mean_foundation= 10.8/52  lifetime_outcomes={'won': 0, 'stalled': 84, 'truncated': 101, 'other': 0}  rss= 1539.2MB  (200s)
step    68000/500000  eps=0.677  episodes=  193  mean_return= 51.709  mean_loss= 0.42198  mean_foundation= 12.8/52  lifetime_outcomes={'won': 0, 'stalled': 89, 'truncated': 104, 'other': 0}  rss= 1545.2MB  (206s)
step    70000/500000  eps=0.667  episodes=  200  mean_return= 34.910  mean_loss= 0.41798  mean_foundation= 12.0/52  lifetime_outcomes={'won': 0, 'stalled': 94, 'truncated': 106, 'other': 0}  rss= 1553.2MB  (211s)
step    72000/500000  eps=0.658  episodes=  205  mean_return= 57.586  mean_loss= 0.42802  mean_foundation= 16.2/52  lifetime_outcomes={'won': 0, 'stalled': 95, 'truncated': 110, 'other': 0}  rss= 1561.3MB  (217s)
step    74000/500000  eps=0.649  episodes=  211  mean_return= 42.289  mean_loss= 0.42440  mean_foundation= 10.5/52  lifetime_outcomes={'won': 0, 'stalled': 98, 'truncated': 113, 'other': 0}  rss= 1569.3MB  (223s)
step    76000/500000  eps=0.639  episodes=  218  mean_return= 61.163  mean_loss= 0.42280  mean_foundation= 15.7/52  lifetime_outcomes={'won': 0, 'stalled': 103, 'truncated': 115, 'other': 0}  rss= 1577.4MB  (228s)
step    78000/500000  eps=0.629  episodes=  224  mean_return= 71.144  mean_loss= 0.41587  mean_foundation= 11.3/52  lifetime_outcomes={'won': 0, 'stalled': 106, 'truncated': 118, 'other': 0}  rss= 1585.4MB  (234s)
step    80000/500000  eps=0.620  episodes=  229  mean_return= 61.051  mean_loss= 0.41454  mean_foundation= 11.6/52  lifetime_outcomes={'won': 0, 'stalled': 108, 'truncated': 121, 'other': 0}  rss= 1591.4MB  (240s)
  EVAL  step    80000  win_rate=0.00%  mean_return= 27.795  mean_foundation=  2.4/52  mean_length=455.6  (greedy, 20 fixed deals)
step    82000/500000  eps=0.611  episodes=  235  mean_return= 54.517  mean_loss= 0.40715  mean_foundation= 10.8/52  lifetime_outcomes={'won': 0, 'stalled': 112, 'truncated': 123, 'other': 0}  rss= 1601.5MB  (252s)
step    84000/500000  eps=0.601  episodes=  242  mean_return= 60.675  mean_loss= 0.41273  mean_foundation= 19.4/52  lifetime_outcomes={'won': 0, 'stalled': 116, 'truncated': 126, 'other': 0}  rss= 1609.5MB  (258s)
step    86000/500000  eps=0.592  episodes=  247  mean_return= 47.617  mean_loss= 0.41332  mean_foundation= 21.8/52  lifetime_outcomes={'won': 1, 'stalled': 119, 'truncated': 127, 'other': 0}  rss= 1617.6MB  (264s)
step    88000/500000  eps=0.582  episodes=  253  mean_return= 44.850  mean_loss= 0.39648  mean_foundation=  9.7/52  lifetime_outcomes={'won': 1, 'stalled': 122, 'truncated': 130, 'other': 0}  rss= 1625.6MB  (269s)
step    90000/500000  eps=0.573  episodes=  258  mean_return= 50.183  mean_loss= 0.39789  mean_foundation=  8.0/52  lifetime_outcomes={'won': 1, 'stalled': 123, 'truncated': 134, 'other': 0}  rss= 1631.7MB  (274s)
step    92000/500000  eps=0.563  episodes=  263  mean_return= 45.366  mean_loss= 0.40712  mean_foundation=  7.8/52  lifetime_outcomes={'won': 1, 'stalled': 125, 'truncated': 137, 'other': 0}  rss= 1639.7MB  (280s)
step    94000/500000  eps=0.554  episodes=  269  mean_return= 55.656  mean_loss= 0.38807  mean_foundation= 19.7/52  lifetime_outcomes={'won': 1, 'stalled': 128, 'truncated': 140, 'other': 0}  rss= 1647.8MB  (285s)
step    96000/500000  eps=0.544  episodes=  273  mean_return= 67.027  mean_loss= 0.39442  mean_foundation= 11.2/52  lifetime_outcomes={'won': 1, 'stalled': 129, 'truncated': 143, 'other': 0}  rss= 1655.8MB  (291s)
step    98000/500000  eps=0.534  episodes=  278  mean_return= 52.838  mean_loss= 0.39511  mean_foundation= 18.0/52  lifetime_outcomes={'won': 2, 'stalled': 131, 'truncated': 145, 'other': 0}  rss= 1663.9MB  (297s)
step   100000/500000  eps=0.525  episodes=  283  mean_return= 48.434  mean_loss= 0.38566  mean_foundation= 13.2/52  lifetime_outcomes={'won': 2, 'stalled': 133, 'truncated': 148, 'other': 0}  rss= 1668.0MB  (303s)
  EVAL  step   100000  win_rate=0.00%  mean_return= 30.900  mean_foundation=  2.6/52  mean_length=500.0  (greedy, 20 fixed deals)
step   102000/500000  eps=0.516  episodes=  289  mean_return= 59.792  mean_loss= 0.37414  mean_foundation= 27.8/52  lifetime_outcomes={'won': 3, 'stalled': 137, 'truncated': 149, 'other': 0}  rss= 1668.0MB  (319s)
step   104000/500000  eps=0.506  episodes=  295  mean_return= 43.357  mean_loss= 0.37839  mean_foundation= 16.7/52  lifetime_outcomes={'won': 3, 'stalled': 141, 'truncated': 151, 'other': 0}  rss= 1668.0MB  (325s)
step   106000/500000  eps=0.497  episodes=  300  mean_return= 49.957  mean_loss= 0.36742  mean_foundation= 19.4/52  lifetime_outcomes={'won': 3, 'stalled': 142, 'truncated': 155, 'other': 0}  rss= 1668.0MB  (331s)
step   108000/500000  eps=0.487  episodes=  305  mean_return= 83.222  mean_loss= 0.36753  mean_foundation= 24.6/52  lifetime_outcomes={'won': 3, 'stalled': 146, 'truncated': 156, 'other': 0}  rss= 1668.0MB  (337s)
step   110000/500000  eps=0.478  episodes=  311  mean_return= 52.342  mean_loss= 0.35646  mean_foundation= 17.5/52  lifetime_outcomes={'won': 4, 'stalled': 149, 'truncated': 158, 'other': 0}  rss= 1668.0MB  (343s)
step   112000/500000  eps=0.468  episodes=  315  mean_return= 58.043  mean_loss= 0.36321  mean_foundation= 12.8/52  lifetime_outcomes={'won': 4, 'stalled': 151, 'truncated': 160, 'other': 0}  rss= 1668.0MB  (350s)
step   114000/500000  eps=0.459  episodes=  321  mean_return= 45.127  mean_loss= 0.36286  mean_foundation= 14.7/52  lifetime_outcomes={'won': 4, 'stalled': 153, 'truncated': 164, 'other': 0}  rss= 1668.0MB  (356s)
step   116000/500000  eps=0.449  episodes=  326  mean_return=100.991  mean_loss= 0.35563  mean_foundation= 27.2/52  lifetime_outcomes={'won': 4, 'stalled': 154, 'truncated': 168, 'other': 0}  rss= 1668.0MB  (362s)
step   118000/500000  eps=0.440  episodes=  331  mean_return= 45.998  mean_loss= 0.34750  mean_foundation= 13.6/52  lifetime_outcomes={'won': 4, 'stalled': 156, 'truncated': 171, 'other': 0}  rss= 1668.0MB  (368s)
step   120000/500000  eps=0.430  episodes=  336  mean_return= 67.805  mean_loss= 0.34155  mean_foundation= 11.6/52  lifetime_outcomes={'won': 4, 'stalled': 159, 'truncated': 173, 'other': 0}  rss= 1668.0MB  (374s)
  EVAL  step   120000  win_rate=0.00%  mean_return= 23.522  mean_foundation=  2.1/52  mean_length=477.8  (greedy, 20 fixed deals)
step   122000/500000  eps=0.420  episodes=  342  mean_return= 64.139  mean_loss= 0.34257  mean_foundation= 17.2/52  lifetime_outcomes={'won': 4, 'stalled': 163, 'truncated': 175, 'other': 0}  rss= 1668.0MB  (389s)
step   124000/500000  eps=0.411  episodes=  347  mean_return= 57.399  mean_loss= 0.34031  mean_foundation= 23.2/52  lifetime_outcomes={'won': 6, 'stalled': 163, 'truncated': 178, 'other': 0}  rss= 1668.0MB  (395s)
step   126000/500000  eps=0.402  episodes=  352  mean_return= 61.000  mean_loss= 0.34291  mean_foundation= 16.2/52  lifetime_outcomes={'won': 6, 'stalled': 166, 'truncated': 180, 'other': 0}  rss= 1668.0MB  (402s)
step   128000/500000  eps=0.392  episodes=  356  mean_return= 77.593  mean_loss= 0.34912  mean_foundation= 18.0/52  lifetime_outcomes={'won': 6, 'stalled': 168, 'truncated': 182, 'other': 0}  rss= 1668.0MB  (408s)
step   130000/500000  eps=0.383  episodes=  362  mean_return= 77.814  mean_loss= 0.32780  mean_foundation= 15.8/52  lifetime_outcomes={'won': 6, 'stalled': 171, 'truncated': 185, 'other': 0}  rss= 1668.0MB  (414s)
step   132000/500000  eps=0.373  episodes=  369  mean_return= 41.438  mean_loss= 0.33094  mean_foundation= 27.6/52  lifetime_outcomes={'won': 7, 'stalled': 175, 'truncated': 187, 'other': 0}  rss= 1668.0MB  (421s)
step   134000/500000  eps=0.364  episodes=  374  mean_return= 76.430  mean_loss= 0.32916  mean_foundation= 28.6/52  lifetime_outcomes={'won': 8, 'stalled': 176, 'truncated': 190, 'other': 0}  rss= 1668.0MB  (427s)
step   136000/500000  eps=0.354  episodes=  379  mean_return= 73.602  mean_loss= 0.32753  mean_foundation= 26.4/52  lifetime_outcomes={'won': 9, 'stalled': 178, 'truncated': 192, 'other': 0}  rss= 1668.0MB  (433s)
step   138000/500000  eps=0.345  episodes=  384  mean_return= 64.981  mean_loss= 0.32747  mean_foundation= 14.6/52  lifetime_outcomes={'won': 9, 'stalled': 180, 'truncated': 195, 'other': 0}  rss= 1668.0MB  (441s)
step   140000/500000  eps=0.335  episodes=  391  mean_return= 51.392  mean_loss= 0.33245  mean_foundation= 13.3/52  lifetime_outcomes={'won': 9, 'stalled': 184, 'truncated': 198, 'other': 0}  rss= 1668.0MB  (447s)
  EVAL  step   140000  win_rate=0.00%  mean_return= 20.922  mean_foundation=  1.9/52  mean_length=478.2  (greedy, 20 fixed deals)
step   142000/500000  eps=0.326  episodes=  396  mean_return= 55.021  mean_loss= 0.32498  mean_foundation= 24.6/52  lifetime_outcomes={'won': 9, 'stalled': 187, 'truncated': 200, 'other': 0}  rss= 1668.0MB  (461s)
step   144000/500000  eps=0.316  episodes=  402  mean_return= 79.862  mean_loss= 0.32867  mean_foundation= 27.5/52  lifetime_outcomes={'won': 9, 'stalled': 191, 'truncated': 202, 'other': 0}  rss= 1668.0MB  (467s)
step   146000/500000  eps=0.306  episodes=  407  mean_return= 61.794  mean_loss= 0.31700  mean_foundation= 14.0/52  lifetime_outcomes={'won': 9, 'stalled': 193, 'truncated': 205, 'other': 0}  rss= 1668.0MB  (473s)
step   148000/500000  eps=0.297  episodes=  411  mean_return= 52.277  mean_loss= 0.32420  mean_foundation= 17.8/52  lifetime_outcomes={'won': 10, 'stalled': 194, 'truncated': 207, 'other': 0}  rss= 1668.0MB  (479s)
step   150000/500000  eps=0.288  episodes=  416  mean_return= 67.338  mean_loss= 0.31438  mean_foundation= 18.0/52  lifetime_outcomes={'won': 11, 'stalled': 195, 'truncated': 210, 'other': 0}  rss= 1668.0MB  (485s)
step   152000/500000  eps=0.278  episodes=  420  mean_return= 83.075  mean_loss= 0.32056  mean_foundation= 25.8/52  lifetime_outcomes={'won': 12, 'stalled': 196, 'truncated': 212, 'other': 0}  rss= 1668.0MB  (490s)
step   154000/500000  eps=0.269  episodes=  425  mean_return= 52.525  mean_loss= 0.30524  mean_foundation= 13.2/52  lifetime_outcomes={'won': 12, 'stalled': 199, 'truncated': 214, 'other': 0}  rss= 1668.0MB  (496s)
step   156000/500000  eps=0.259  episodes=  430  mean_return= 54.429  mean_loss= 0.31040  mean_foundation= 10.0/52  lifetime_outcomes={'won': 12, 'stalled': 201, 'truncated': 217, 'other': 0}  rss= 1668.0MB  (502s)
step   158000/500000  eps=0.250  episodes=  436  mean_return= 50.040  mean_loss= 0.31014  mean_foundation= 14.0/52  lifetime_outcomes={'won': 12, 'stalled': 206, 'truncated': 218, 'other': 0}  rss= 1668.0MB  (508s)
step   160000/500000  eps=0.240  episodes=  441  mean_return= 68.361  mean_loss= 0.30985  mean_foundation= 16.6/52  lifetime_outcomes={'won': 13, 'stalled': 207, 'truncated': 221, 'other': 0}  rss= 1668.0MB  (515s)
  EVAL  step   160000  win_rate=0.00%  mean_return= 26.300  mean_foundation=  2.5/52  mean_length=500.0  (greedy, 20 fixed deals)
step   162000/500000  eps=0.231  episodes=  448  mean_return= 53.826  mean_loss= 0.31103  mean_foundation= 21.4/52  lifetime_outcomes={'won': 14, 'stalled': 212, 'truncated': 222, 'other': 0}  rss= 1668.0MB  (530s)
step   164000/500000  eps=0.221  episodes=  452  mean_return= 92.536  mean_loss= 0.29834  mean_foundation= 17.2/52  lifetime_outcomes={'won': 15, 'stalled': 212, 'truncated': 225, 'other': 0}  rss= 1668.0MB  (536s)
step   166000/500000  eps=0.212  episodes=  456  mean_return= 72.009  mean_loss= 0.29840  mean_foundation= 21.8/52  lifetime_outcomes={'won': 15, 'stalled': 214, 'truncated': 227, 'other': 0}  rss= 1668.0MB  (543s)
step   168000/500000  eps=0.202  episodes=  460  mean_return= 65.061  mean_loss= 0.30471  mean_foundation= 12.2/52  lifetime_outcomes={'won': 15, 'stalled': 215, 'truncated': 230, 'other': 0}  rss= 1668.0MB  (549s)
step   170000/500000  eps=0.193  episodes=  466  mean_return= 88.931  mean_loss= 0.29047  mean_foundation= 19.7/52  lifetime_outcomes={'won': 15, 'stalled': 218, 'truncated': 233, 'other': 0}  rss= 1668.0MB  (556s)
step   172000/500000  eps=0.183  episodes=  470  mean_return=100.072  mean_loss= 0.30009  mean_foundation= 20.8/52  lifetime_outcomes={'won': 15, 'stalled': 221, 'truncated': 234, 'other': 0}  rss= 1668.0MB  (562s)
step   174000/500000  eps=0.173  episodes=  476  mean_return= 33.286  mean_loss= 0.29754  mean_foundation=  6.2/52  lifetime_outcomes={'won': 15, 'stalled': 224, 'truncated': 237, 'other': 0}  rss= 1668.0MB  (569s)
step   176000/500000  eps=0.164  episodes=  482  mean_return= 43.492  mean_loss= 0.29137  mean_foundation=  4.3/52  lifetime_outcomes={'won': 15, 'stalled': 228, 'truncated': 239, 'other': 0}  rss= 1668.0MB  (576s)
step   178000/500000  eps=0.155  episodes=  488  mean_return= 62.025  mean_loss= 0.29092  mean_foundation= 17.7/52  lifetime_outcomes={'won': 15, 'stalled': 232, 'truncated': 241, 'other': 0}  rss= 1668.0MB  (582s)
step   180000/500000  eps=0.145  episodes=  492  mean_return= 80.266  mean_loss= 0.27511  mean_foundation= 44.5/52  lifetime_outcomes={'won': 15, 'stalled': 233, 'truncated': 244, 'other': 0}  rss= 1668.0MB  (589s)
  EVAL  step   180000  win_rate=0.00%  mean_return= 23.921  mean_foundation=  2.2/52  mean_length=478.9  (greedy, 20 fixed deals)
step   182000/500000  eps=0.136  episodes=  497  mean_return= 65.033  mean_loss= 0.28969  mean_foundation= 12.0/52  lifetime_outcomes={'won': 15, 'stalled': 235, 'truncated': 247, 'other': 0}  rss= 1668.0MB  (605s)
step   184000/500000  eps=0.126  episodes=  502  mean_return= 68.133  mean_loss= 0.28919  mean_foundation= 21.8/52  lifetime_outcomes={'won': 16, 'stalled': 236, 'truncated': 250, 'other': 0}  rss= 1668.0MB  (611s)
step   186000/500000  eps=0.117  episodes=  507  mean_return= 29.879  mean_loss= 0.29107  mean_foundation=  8.6/52  lifetime_outcomes={'won': 16, 'stalled': 240, 'truncated': 251, 'other': 0}  rss= 1668.0MB  (617s)
step   188000/500000  eps=0.107  episodes=  513  mean_return= 59.268  mean_loss= 0.28933  mean_foundation= 12.3/52  lifetime_outcomes={'won': 16, 'stalled': 242, 'truncated': 255, 'other': 0}  rss= 1668.0MB  (624s)
step   190000/500000  eps=0.098  episodes=  517  mean_return= 52.859  mean_loss= 0.29172  mean_foundation= 13.5/52  lifetime_outcomes={'won': 16, 'stalled': 245, 'truncated': 256, 'other': 0}  rss= 1668.0MB  (630s)
step   192000/500000  eps=0.088  episodes=  521  mean_return= 54.252  mean_loss= 0.29096  mean_foundation= 23.0/52  lifetime_outcomes={'won': 17, 'stalled': 246, 'truncated': 258, 'other': 0}  rss= 1668.0MB  (636s)
step   194000/500000  eps=0.079  episodes=  527  mean_return= 46.941  mean_loss= 0.28964  mean_foundation= 13.2/52  lifetime_outcomes={'won': 17, 'stalled': 249, 'truncated': 261, 'other': 0}  rss= 1668.0MB  (643s)
step   196000/500000  eps=0.069  episodes=  534  mean_return= 46.879  mean_loss= 0.28272  mean_foundation= 14.0/52  lifetime_outcomes={'won': 17, 'stalled': 255, 'truncated': 262, 'other': 0}  rss= 1668.0MB  (649s)
step   198000/500000  eps=0.059  episodes=  542  mean_return= 31.972  mean_loss= 0.28034  mean_foundation=  6.8/52  lifetime_outcomes={'won': 17, 'stalled': 260, 'truncated': 265, 'other': 0}  rss= 1668.0MB  (656s)
step   200000/500000  eps=0.050  episodes=  546  mean_return= 30.758  mean_loss= 0.27530  mean_foundation=  6.2/52  lifetime_outcomes={'won': 17, 'stalled': 261, 'truncated': 268, 'other': 0}  rss= 1668.0MB  (663s)
  EVAL  step   200000  win_rate=0.00%  mean_return= 34.102  mean_foundation=  5.0/52  mean_length=348.4  (greedy, 20 fixed deals)
step   202000/500000  eps=0.050  episodes=  551  mean_return= 23.216  mean_loss= 0.27307  mean_foundation= 12.6/52  lifetime_outcomes={'won': 17, 'stalled': 264, 'truncated': 270, 'other': 0}  rss= 1668.0MB  (675s)
step   204000/500000  eps=0.050  episodes=  557  mean_return= 49.052  mean_loss= 0.27138  mean_foundation= 12.8/52  lifetime_outcomes={'won': 17, 'stalled': 268, 'truncated': 272, 'other': 0}  rss= 1668.0MB  (682s)
step   206000/500000  eps=0.050  episodes=  561  mean_return= 51.000  mean_loss= 0.27191  mean_foundation=  7.2/52  lifetime_outcomes={'won': 17, 'stalled': 268, 'truncated': 276, 'other': 0}  rss= 1668.0MB  (688s)
step   208000/500000  eps=0.050  episodes=  568  mean_return= 50.801  mean_loss= 0.27127  mean_foundation=  9.9/52  lifetime_outcomes={'won': 17, 'stalled': 272, 'truncated': 279, 'other': 0}  rss= 1668.0MB  (694s)
step   210000/500000  eps=0.050  episodes=  575  mean_return= 41.183  mean_loss= 0.26964  mean_foundation=  8.1/52  lifetime_outcomes={'won': 17, 'stalled': 278, 'truncated': 280, 'other': 0}  rss= 1668.0MB  (700s)
step   212000/500000  eps=0.050  episodes=  579  mean_return= 30.000  mean_loss= 0.26442  mean_foundation= 15.2/52  lifetime_outcomes={'won': 17, 'stalled': 278, 'truncated': 284, 'other': 0}  rss= 1668.0MB  (706s)
step   214000/500000  eps=0.050  episodes=  586  mean_return= 51.551  mean_loss= 0.26176  mean_foundation= 13.9/52  lifetime_outcomes={'won': 17, 'stalled': 282, 'truncated': 287, 'other': 0}  rss= 1668.0MB  (713s)
step   216000/500000  eps=0.050  episodes=  590  mean_return= 75.778  mean_loss= 0.25905  mean_foundation= 12.8/52  lifetime_outcomes={'won': 17, 'stalled': 283, 'truncated': 290, 'other': 0}  rss= 1668.0MB  (720s)
step   218000/500000  eps=0.050  episodes=  596  mean_return= 81.032  mean_loss= 0.26363  mean_foundation= 10.8/52  lifetime_outcomes={'won': 17, 'stalled': 288, 'truncated': 291, 'other': 0}  rss= 1668.0MB  (728s)
step   220000/500000  eps=0.050  episodes=  603  mean_return= 51.270  mean_loss= 0.26251  mean_foundation=  6.6/52  lifetime_outcomes={'won': 17, 'stalled': 292, 'truncated': 294, 'other': 0}  rss= 1668.0MB  (734s)
  EVAL  step   220000  win_rate=0.00%  mean_return= 30.308  mean_foundation=  4.3/52  mean_length=392.4  (greedy, 20 fixed deals)
step   222000/500000  eps=0.050  episodes=  610  mean_return= 57.539  mean_loss= 0.26171  mean_foundation= 10.9/52  lifetime_outcomes={'won': 17, 'stalled': 295, 'truncated': 298, 'other': 0}  rss= 1668.0MB  (747s)
step   224000/500000  eps=0.050  episodes=  615  mean_return= 64.066  mean_loss= 0.26380  mean_foundation= 12.2/52  lifetime_outcomes={'won': 17, 'stalled': 298, 'truncated': 300, 'other': 0}  rss= 1668.0MB  (753s)
step   226000/500000  eps=0.050  episodes=  623  mean_return= 51.081  mean_loss= 0.26067  mean_foundation=  8.9/52  lifetime_outcomes={'won': 17, 'stalled': 303, 'truncated': 303, 'other': 0}  rss= 1668.0MB  (759s)
step   228000/500000  eps=0.050  episodes=  630  mean_return= 28.708  mean_loss= 0.25636  mean_foundation=  4.6/52  lifetime_outcomes={'won': 17, 'stalled': 307, 'truncated': 306, 'other': 0}  rss= 1668.0MB  (765s)
step   230000/500000  eps=0.050  episodes=  634  mean_return= 70.500  mean_loss= 0.25293  mean_foundation= 17.8/52  lifetime_outcomes={'won': 17, 'stalled': 307, 'truncated': 310, 'other': 0}  rss= 1668.0MB  (771s)
step   232000/500000  eps=0.050  episodes=  640  mean_return= 71.684  mean_loss= 0.25538  mean_foundation= 10.3/52  lifetime_outcomes={'won': 17, 'stalled': 311, 'truncated': 312, 'other': 0}  rss= 1668.0MB  (778s)
step   234000/500000  eps=0.050  episodes=  644  mean_return= 60.767  mean_loss= 0.25288  mean_foundation=  5.5/52  lifetime_outcomes={'won': 17, 'stalled': 312, 'truncated': 315, 'other': 0}  rss= 1668.0MB  (784s)
step   236000/500000  eps=0.050  episodes=  650  mean_return= 56.299  mean_loss= 0.26697  mean_foundation=  6.7/52  lifetime_outcomes={'won': 17, 'stalled': 315, 'truncated': 318, 'other': 0}  rss= 1668.0MB  (791s)
step   238000/500000  eps=0.050  episodes=  655  mean_return= 51.406  mean_loss= 0.25371  mean_foundation= 10.2/52  lifetime_outcomes={'won': 17, 'stalled': 317, 'truncated': 321, 'other': 0}  rss= 1668.0MB  (798s)
step   240000/500000  eps=0.050  episodes=  661  mean_return= 57.223  mean_loss= 0.25748  mean_foundation=  7.5/52  lifetime_outcomes={'won': 17, 'stalled': 322, 'truncated': 322, 'other': 0}  rss= 1668.0MB  (805s)
  EVAL  step   240000  win_rate=0.00%  mean_return= 33.080  mean_foundation=  4.2/52  mean_length=369.9  (greedy, 20 fixed deals)
step   242000/500000  eps=0.050  episodes=  665  mean_return= 58.762  mean_loss= 0.26054  mean_foundation=  7.5/52  lifetime_outcomes={'won': 17, 'stalled': 323, 'truncated': 325, 'other': 0}  rss= 1668.0MB  (818s)
step   244000/500000  eps=0.050  episodes=  672  mean_return= 35.817  mean_loss= 0.25448  mean_foundation=  4.9/52  lifetime_outcomes={'won': 17, 'stalled': 326, 'truncated': 329, 'other': 0}  rss= 1668.2MB  (824s)
step   246000/500000  eps=0.050  episodes=  677  mean_return= 46.242  mean_loss= 0.24662  mean_foundation=  7.8/52  lifetime_outcomes={'won': 17, 'stalled': 328, 'truncated': 332, 'other': 0}  rss= 1668.2MB  (831s)
step   248000/500000  eps=0.050  episodes=  684  mean_return= 60.239  mean_loss= 0.24330  mean_foundation=  7.3/52  lifetime_outcomes={'won': 17, 'stalled': 331, 'truncated': 336, 'other': 0}  rss= 1668.2MB  (837s)
step   250000/500000  eps=0.050  episodes=  689  mean_return= 51.643  mean_loss= 0.24331  mean_foundation=  7.8/52  lifetime_outcomes={'won': 17, 'stalled': 333, 'truncated': 339, 'other': 0}  rss= 1668.2MB  (843s)
step   252000/500000  eps=0.050  episodes=  695  mean_return= 50.158  mean_loss= 0.25153  mean_foundation=  5.3/52  lifetime_outcomes={'won': 17, 'stalled': 336, 'truncated': 342, 'other': 0}  rss= 1670.4MB  (849s)
step   254000/500000  eps=0.050  episodes=  703  mean_return= 54.234  mean_loss= 0.25309  mean_foundation=  7.5/52  lifetime_outcomes={'won': 17, 'stalled': 341, 'truncated': 345, 'other': 0}  rss= 1670.4MB  (855s)
step   256000/500000  eps=0.050  episodes=  707  mean_return= 38.320  mean_loss= 0.24974  mean_foundation=  6.8/52  lifetime_outcomes={'won': 17, 'stalled': 342, 'truncated': 348, 'other': 0}  rss= 1670.4MB  (863s)
step   258000/500000  eps=0.050  episodes=  715  mean_return= 62.343  mean_loss= 0.25206  mean_foundation= 12.9/52  lifetime_outcomes={'won': 17, 'stalled': 347, 'truncated': 351, 'other': 0}  rss= 1670.4MB  (869s)
step   260000/500000  eps=0.050  episodes=  720  mean_return= 35.285  mean_loss= 0.24509  mean_foundation=  6.2/52  lifetime_outcomes={'won': 17, 'stalled': 350, 'truncated': 353, 'other': 0}  rss= 1670.4MB  (875s)
  EVAL  step   260000  win_rate=0.00%  mean_return= 26.472  mean_foundation=  2.4/52  mean_length=477.7  (greedy, 20 fixed deals)
step   262000/500000  eps=0.050  episodes=  728  mean_return= 61.192  mean_loss= 0.25419  mean_foundation=  7.6/52  lifetime_outcomes={'won': 17, 'stalled': 356, 'truncated': 355, 'other': 0}  rss= 1670.4MB  (889s)
step   264000/500000  eps=0.050  episodes=  732  mean_return= 88.829  mean_loss= 0.25248  mean_foundation=  9.2/52  lifetime_outcomes={'won': 17, 'stalled': 357, 'truncated': 358, 'other': 0}  rss= 1670.4MB  (895s)
step   266000/500000  eps=0.050  episodes=  738  mean_return= 63.121  mean_loss= 0.25404  mean_foundation=  9.3/52  lifetime_outcomes={'won': 17, 'stalled': 360, 'truncated': 361, 'other': 0}  rss= 1670.4MB  (902s)
step   268000/500000  eps=0.050  episodes=  744  mean_return= 37.668  mean_loss= 0.25486  mean_foundation=  4.7/52  lifetime_outcomes={'won': 17, 'stalled': 363, 'truncated': 364, 'other': 0}  rss= 1670.4MB  (908s)
step   270000/500000  eps=0.050  episodes=  748  mean_return= 60.779  mean_loss= 0.24507  mean_foundation= 11.8/52  lifetime_outcomes={'won': 17, 'stalled': 364, 'truncated': 367, 'other': 0}  rss= 1670.4MB  (914s)
step   272000/500000  eps=0.050  episodes=  752  mean_return= 35.580  mean_loss= 0.24913  mean_foundation=  8.2/52  lifetime_outcomes={'won': 17, 'stalled': 366, 'truncated': 369, 'other': 0}  rss= 1670.4MB  (920s)
step   274000/500000  eps=0.050  episodes=  759  mean_return= 55.226  mean_loss= 0.24913  mean_foundation=  6.9/52  lifetime_outcomes={'won': 17, 'stalled': 370, 'truncated': 372, 'other': 0}  rss= 1670.4MB  (927s)
step   276000/500000  eps=0.050  episodes=  767  mean_return= 61.783  mean_loss= 0.24955  mean_foundation=  8.9/52  lifetime_outcomes={'won': 17, 'stalled': 377, 'truncated': 373, 'other': 0}  rss= 1670.4MB  (934s)
step   278000/500000  eps=0.050  episodes=  773  mean_return= 53.966  mean_loss= 0.24743  mean_foundation=  7.8/52  lifetime_outcomes={'won': 17, 'stalled': 379, 'truncated': 377, 'other': 0}  rss= 1670.4MB  (941s)
step   280000/500000  eps=0.050  episodes=  777  mean_return= 36.307  mean_loss= 0.25715  mean_foundation=  7.5/52  lifetime_outcomes={'won': 17, 'stalled': 380, 'truncated': 380, 'other': 0}  rss= 1670.4MB  (948s)
  EVAL  step   280000  win_rate=0.00%  mean_return= 34.172  mean_foundation=  3.1/52  mean_length=478.1  (greedy, 20 fixed deals)
step   282000/500000  eps=0.050  episodes=  782  mean_return= 68.544  mean_loss= 0.24736  mean_foundation= 10.0/52  lifetime_outcomes={'won': 17, 'stalled': 381, 'truncated': 384, 'other': 0}  rss= 1670.4MB  (962s)
step   284000/500000  eps=0.050  episodes=  787  mean_return= 61.387  mean_loss= 0.24907  mean_foundation=  6.0/52  lifetime_outcomes={'won': 17, 'stalled': 382, 'truncated': 388, 'other': 0}  rss= 1670.4MB  (968s)
step   286000/500000  eps=0.050  episodes=  792  mean_return= 49.066  mean_loss= 0.24996  mean_foundation=  4.2/52  lifetime_outcomes={'won': 17, 'stalled': 385, 'truncated': 390, 'other': 0}  rss= 1670.4MB  (974s)
step   288000/500000  eps=0.050  episodes=  797  mean_return= 39.005  mean_loss= 0.25651  mean_foundation=  8.8/52  lifetime_outcomes={'won': 17, 'stalled': 387, 'truncated': 393, 'other': 0}  rss= 1670.4MB  (980s)
step   290000/500000  eps=0.050  episodes=  803  mean_return= 54.524  mean_loss= 0.25533  mean_foundation= 10.2/52  lifetime_outcomes={'won': 17, 'stalled': 392, 'truncated': 394, 'other': 0}  rss= 1670.4MB  (986s)
step   292000/500000  eps=0.050  episodes=  808  mean_return= 60.199  mean_loss= 0.26547  mean_foundation=  9.2/52  lifetime_outcomes={'won': 17, 'stalled': 394, 'truncated': 397, 'other': 0}  rss= 1670.4MB  (992s)
step   294000/500000  eps=0.050  episodes=  813  mean_return= 58.386  mean_loss= 0.25926  mean_foundation=  6.4/52  lifetime_outcomes={'won': 17, 'stalled': 395, 'truncated': 401, 'other': 0}  rss= 1670.4MB  (999s)
step   296000/500000  eps=0.050  episodes=  820  mean_return= 42.530  mean_loss= 0.26125  mean_foundation=  6.1/52  lifetime_outcomes={'won': 17, 'stalled': 399, 'truncated': 404, 'other': 0}  rss= 1670.4MB  (1005s)
step   298000/500000  eps=0.050  episodes=  824  mean_return= 68.000  mean_loss= 0.26343  mean_foundation=  8.0/52  lifetime_outcomes={'won': 17, 'stalled': 399, 'truncated': 408, 'other': 0}  rss= 1670.4MB  (1011s)
step   300000/500000  eps=0.050  episodes=  830  mean_return= 57.876  mean_loss= 0.27396  mean_foundation=  8.3/52  lifetime_outcomes={'won': 17, 'stalled': 403, 'truncated': 410, 'other': 0}  rss= 1670.4MB  (1019s)
  EVAL  step   300000  win_rate=0.00%  mean_return= 29.873  mean_foundation=  4.6/52  mean_length=327.9  (greedy, 20 fixed deals)
step   302000/500000  eps=0.050  episodes=  837  mean_return= 69.444  mean_loss= 0.27419  mean_foundation= 13.0/52  lifetime_outcomes={'won': 17, 'stalled': 408, 'truncated': 412, 'other': 0}  rss= 1670.4MB  (1032s)
step   304000/500000  eps=0.050  episodes=  845  mean_return= 47.852  mean_loss= 0.27551  mean_foundation=  4.2/52  lifetime_outcomes={'won': 17, 'stalled': 413, 'truncated': 415, 'other': 0}  rss= 1670.4MB  (1038s)
step   306000/500000  eps=0.050  episodes=  850  mean_return= 75.359  mean_loss= 0.28997  mean_foundation=  9.6/52  lifetime_outcomes={'won': 17, 'stalled': 415, 'truncated': 418, 'other': 0}  rss= 1670.4MB  (1044s)
step   308000/500000  eps=0.050  episodes=  856  mean_return= 42.172  mean_loss= 0.28261  mean_foundation=  4.5/52  lifetime_outcomes={'won': 17, 'stalled': 418, 'truncated': 421, 'other': 0}  rss= 1670.4MB  (1051s)
step   310000/500000  eps=0.050  episodes=  861  mean_return= 49.811  mean_loss= 0.29689  mean_foundation=  9.2/52  lifetime_outcomes={'won': 17, 'stalled': 420, 'truncated': 424, 'other': 0}  rss= 1670.4MB  (1058s)
step   312000/500000  eps=0.050  episodes=  868  mean_return= 55.707  mean_loss= 0.30231  mean_foundation=  6.3/52  lifetime_outcomes={'won': 17, 'stalled': 424, 'truncated': 427, 'other': 0}  rss= 1670.4MB  (1065s)
step   314000/500000  eps=0.050  episodes=  874  mean_return= 44.683  mean_loss= 0.32454  mean_foundation=  5.7/52  lifetime_outcomes={'won': 17, 'stalled': 427, 'truncated': 430, 'other': 0}  rss= 1670.4MB  (1072s)
step   316000/500000  eps=0.050  episodes=  879  mean_return= 71.215  mean_loss= 0.32375  mean_foundation=  9.8/52  lifetime_outcomes={'won': 17, 'stalled': 429, 'truncated': 433, 'other': 0}  rss= 1670.4MB  (1079s)
step   318000/500000  eps=0.050  episodes=  884  mean_return= 61.352  mean_loss= 0.34868  mean_foundation=  8.8/52  lifetime_outcomes={'won': 17, 'stalled': 430, 'truncated': 437, 'other': 0}  rss= 1670.4MB  (1086s)
step   320000/500000  eps=0.050  episodes=  888  mean_return= 32.262  mean_loss= 0.33904  mean_foundation=  3.8/52  lifetime_outcomes={'won': 17, 'stalled': 431, 'truncated': 440, 'other': 0}  rss= 1670.4MB  (1092s)
  EVAL  step   320000  win_rate=0.00%  mean_return= 38.465  mean_foundation=  5.5/52  mean_length=435.2  (greedy, 20 fixed deals)
step   322000/500000  eps=0.050  episodes=  893  mean_return= 50.815  mean_loss= 0.35450  mean_foundation=  7.6/52  lifetime_outcomes={'won': 17, 'stalled': 433, 'truncated': 443, 'other': 0}  rss= 1670.4MB  (1107s)
step   324000/500000  eps=0.050  episodes=  898  mean_return= 32.982  mean_loss= 0.35998  mean_foundation=  6.8/52  lifetime_outcomes={'won': 17, 'stalled': 435, 'truncated': 446, 'other': 0}  rss= 1670.4MB  (1113s)
step   326000/500000  eps=0.050  episodes=  904  mean_return= 58.203  mean_loss= 0.36929  mean_foundation=  9.0/52  lifetime_outcomes={'won': 17, 'stalled': 439, 'truncated': 448, 'other': 0}  rss= 1670.4MB  (1120s)
step   328000/500000  eps=0.050  episodes=  909  mean_return= 54.978  mean_loss= 0.37805  mean_foundation=  8.0/52  lifetime_outcomes={'won': 17, 'stalled': 440, 'truncated': 452, 'other': 0}  rss= 1670.4MB  (1126s)
step   330000/500000  eps=0.050  episodes=  915  mean_return= 54.314  mean_loss= 0.40114  mean_foundation=  8.7/52  lifetime_outcomes={'won': 17, 'stalled': 442, 'truncated': 456, 'other': 0}  rss= 1670.4MB  (1133s)
step   332000/500000  eps=0.050  episodes=  920  mean_return= 69.813  mean_loss= 0.38507  mean_foundation= 13.2/52  lifetime_outcomes={'won': 17, 'stalled': 444, 'truncated': 459, 'other': 0}  rss= 1670.4MB  (1139s)
step   334000/500000  eps=0.050  episodes=  926  mean_return= 51.002  mean_loss= 0.40093  mean_foundation=  8.3/52  lifetime_outcomes={'won': 17, 'stalled': 447, 'truncated': 462, 'other': 0}  rss= 1670.4MB  (1146s)
step   336000/500000  eps=0.050  episodes=  931  mean_return= 70.260  mean_loss= 0.40404  mean_foundation=  8.4/52  lifetime_outcomes={'won': 17, 'stalled': 451, 'truncated': 463, 'other': 0}  rss= 1670.4MB  (1152s)
step   338000/500000  eps=0.050  episodes=  937  mean_return= 36.965  mean_loss= 0.44920  mean_foundation=  5.0/52  lifetime_outcomes={'won': 17, 'stalled': 453, 'truncated': 467, 'other': 0}  rss= 1670.4MB  (1159s)
step   340000/500000  eps=0.050  episodes=  942  mean_return= 61.003  mean_loss= 0.43450  mean_foundation= 10.6/52  lifetime_outcomes={'won': 17, 'stalled': 456, 'truncated': 469, 'other': 0}  rss= 1670.4MB  (1165s)
  EVAL  step   340000  win_rate=0.00%  mean_return= 29.922  mean_foundation=  2.6/52  mean_length=478.1  (greedy, 20 fixed deals)
step   342000/500000  eps=0.050  episodes=  947  mean_return= 64.374  mean_loss= 0.43183  mean_foundation=  6.6/52  lifetime_outcomes={'won': 17, 'stalled': 457, 'truncated': 473, 'other': 0}  rss= 1670.4MB  (1180s)
step   344000/500000  eps=0.050  episodes=  953  mean_return= 55.027  mean_loss= 0.45137  mean_foundation=  5.3/52  lifetime_outcomes={'won': 17, 'stalled': 460, 'truncated': 476, 'other': 0}  rss= 1670.4MB  (1186s)
step   346000/500000  eps=0.050  episodes=  958  mean_return= 62.955  mean_loss= 0.46285  mean_foundation= 10.0/52  lifetime_outcomes={'won': 17, 'stalled': 461, 'truncated': 480, 'other': 0}  rss= 1670.4MB  (1192s)
step   348000/500000  eps=0.050  episodes=  963  mean_return= 40.808  mean_loss= 0.46844  mean_foundation=  6.2/52  lifetime_outcomes={'won': 17, 'stalled': 463, 'truncated': 483, 'other': 0}  rss= 1670.4MB  (1198s)
step   350000/500000  eps=0.050  episodes=  970  mean_return= 55.281  mean_loss= 0.46843  mean_foundation=  8.6/52  lifetime_outcomes={'won': 17, 'stalled': 467, 'truncated': 486, 'other': 0}  rss= 1670.4MB  (1204s)
step   352000/500000  eps=0.050  episodes=  978  mean_return= 43.874  mean_loss= 0.48535  mean_foundation=  8.4/52  lifetime_outcomes={'won': 17, 'stalled': 472, 'truncated': 489, 'other': 0}  rss= 1670.4MB  (1210s)
step   354000/500000  eps=0.050  episodes=  983  mean_return= 63.428  mean_loss= 0.48726  mean_foundation= 10.4/52  lifetime_outcomes={'won': 17, 'stalled': 474, 'truncated': 492, 'other': 0}  rss= 1670.4MB  (1216s)
step   356000/500000  eps=0.050  episodes=  988  mean_return= 52.413  mean_loss= 0.50787  mean_foundation=  7.6/52  lifetime_outcomes={'won': 17, 'stalled': 476, 'truncated': 495, 'other': 0}  rss= 1670.4MB  (1222s)
step   358000/500000  eps=0.050  episodes=  993  mean_return= 61.645  mean_loss= 0.49797  mean_foundation=  6.2/52  lifetime_outcomes={'won': 17, 'stalled': 478, 'truncated': 498, 'other': 0}  rss= 1670.4MB  (1228s)
step   360000/500000  eps=0.050  episodes= 1000  mean_return= 55.711  mean_loss= 0.51984  mean_foundation=  9.6/52  lifetime_outcomes={'won': 17, 'stalled': 482, 'truncated': 501, 'other': 0}  rss= 1670.4MB  (1235s)
  EVAL  step   360000  win_rate=0.00%  mean_return= 28.688  mean_foundation=  3.8/52  mean_length=412.6  (greedy, 20 fixed deals)
step   362000/500000  eps=0.050  episodes= 1004  mean_return= 51.750  mean_loss= 0.49103  mean_foundation=  7.2/52  lifetime_outcomes={'won': 17, 'stalled': 482, 'truncated': 505, 'other': 0}  rss= 1670.4MB  (1248s)
step   364000/500000  eps=0.050  episodes= 1008  mean_return= 48.250  mean_loss= 0.51442  mean_foundation=  7.2/52  lifetime_outcomes={'won': 17, 'stalled': 482, 'truncated': 509, 'other': 0}  rss= 1670.4MB  (1254s)
step   366000/500000  eps=0.050  episodes= 1013  mean_return= 64.582  mean_loss= 0.51068  mean_foundation=  6.2/52  lifetime_outcomes={'won': 17, 'stalled': 483, 'truncated': 513, 'other': 0}  rss= 1670.4MB  (1261s)
step   368000/500000  eps=0.050  episodes= 1020  mean_return= 48.982  mean_loss= 0.51000  mean_foundation=  4.9/52  lifetime_outcomes={'won': 17, 'stalled': 487, 'truncated': 516, 'other': 0}  rss= 1670.4MB  (1267s)
step   370000/500000  eps=0.050  episodes= 1024  mean_return= 52.500  mean_loss= 0.52561  mean_foundation=  5.0/52  lifetime_outcomes={'won': 17, 'stalled': 487, 'truncated': 520, 'other': 0}  rss= 1670.4MB  (1274s)
step   372000/500000  eps=0.050  episodes= 1029  mean_return= 44.578  mean_loss= 0.52301  mean_foundation=  7.4/52  lifetime_outcomes={'won': 17, 'stalled': 488, 'truncated': 524, 'other': 0}  rss= 1670.4MB  (1280s)
step   374000/500000  eps=0.050  episodes= 1034  mean_return= 67.626  mean_loss= 0.55546  mean_foundation=  7.8/52  lifetime_outcomes={'won': 17, 'stalled': 490, 'truncated': 527, 'other': 0}  rss= 1670.4MB  (1287s)
step   376000/500000  eps=0.050  episodes= 1039  mean_return= 74.593  mean_loss= 0.55997  mean_foundation=  9.2/52  lifetime_outcomes={'won': 17, 'stalled': 493, 'truncated': 529, 'other': 0}  rss= 1670.4MB  (1293s)
step   378000/500000  eps=0.050  episodes= 1045  mean_return= 54.977  mean_loss= 0.54670  mean_foundation=  6.8/52  lifetime_outcomes={'won': 17, 'stalled': 495, 'truncated': 533, 'other': 0}  rss= 1670.4MB  (1299s)
step   380000/500000  eps=0.050  episodes= 1049  mean_return= 42.617  mean_loss= 0.58234  mean_foundation=  5.2/52  lifetime_outcomes={'won': 17, 'stalled': 497, 'truncated': 535, 'other': 0}  rss= 1670.4MB  (1306s)
  EVAL  step   380000  win_rate=0.00%  mean_return= 26.943  mean_foundation=  2.5/52  mean_length=456.9  (greedy, 20 fixed deals)
step   382000/500000  eps=0.050  episodes= 1054  mean_return= 73.394  mean_loss= 0.61511  mean_foundation= 10.4/52  lifetime_outcomes={'won': 17, 'stalled': 500, 'truncated': 537, 'other': 0}  rss= 1670.4MB  (1320s)
step   384000/500000  eps=0.050  episodes= 1060  mean_return= 56.438  mean_loss= 0.61521  mean_foundation=  6.5/52  lifetime_outcomes={'won': 17, 'stalled': 502, 'truncated': 541, 'other': 0}  rss= 1670.4MB  (1326s)
step   386000/500000  eps=0.050  episodes= 1065  mean_return= 59.586  mean_loss= 0.61402  mean_foundation=  7.6/52  lifetime_outcomes={'won': 17, 'stalled': 503, 'truncated': 545, 'other': 0}  rss= 1670.4MB  (1333s)
step   388000/500000  eps=0.050  episodes= 1071  mean_return= 44.232  mean_loss= 0.60482  mean_foundation=  7.5/52  lifetime_outcomes={'won': 17, 'stalled': 507, 'truncated': 547, 'other': 0}  rss= 1670.4MB  (1339s)
step   390000/500000  eps=0.050  episodes= 1076  mean_return= 59.548  mean_loss= 0.64066  mean_foundation=  8.8/52  lifetime_outcomes={'won': 17, 'stalled': 509, 'truncated': 550, 'other': 0}  rss= 1670.4MB  (1346s)
step   392000/500000  eps=0.050  episodes= 1080  mean_return= 42.291  mean_loss= 0.63896  mean_foundation=  5.5/52  lifetime_outcomes={'won': 17, 'stalled': 510, 'truncated': 553, 'other': 0}  rss= 1670.4MB  (1352s)
step   394000/500000  eps=0.050  episodes= 1086  mean_return= 48.641  mean_loss= 0.63989  mean_foundation=  7.0/52  lifetime_outcomes={'won': 17, 'stalled': 512, 'truncated': 557, 'other': 0}  rss= 1670.4MB  (1359s)
step   396000/500000  eps=0.050  episodes= 1092  mean_return= 64.650  mean_loss= 0.66603  mean_foundation=  7.0/52  lifetime_outcomes={'won': 17, 'stalled': 515, 'truncated': 560, 'other': 0}  rss= 1670.4MB  (1365s)
step   398000/500000  eps=0.050  episodes= 1099  mean_return= 59.999  mean_loss= 0.70616  mean_foundation=  9.1/52  lifetime_outcomes={'won': 17, 'stalled': 520, 'truncated': 562, 'other': 0}  rss= 1670.4MB  (1372s)
step   400000/500000  eps=0.050  episodes= 1106  mean_return= 53.164  mean_loss= 0.70585  mean_foundation=  6.7/52  lifetime_outcomes={'won': 17, 'stalled': 524, 'truncated': 565, 'other': 0}  rss= 1670.4MB  (1378s)
  EVAL  step   400000  win_rate=0.00%  mean_return= 39.865  mean_foundation=  5.2/52  mean_length=434.9  (greedy, 20 fixed deals)
step   402000/500000  eps=0.050  episodes= 1113  mean_return= 66.406  mean_loss= 0.72665  mean_foundation= 10.0/52  lifetime_outcomes={'won': 17, 'stalled': 528, 'truncated': 568, 'other': 0}  rss= 1670.4MB  (1393s)
step   404000/500000  eps=0.050  episodes= 1117  mean_return= 62.854  mean_loss= 0.71287  mean_foundation= 10.0/52  lifetime_outcomes={'won': 17, 'stalled': 529, 'truncated': 571, 'other': 0}  rss= 1670.4MB  (1399s)
step   406000/500000  eps=0.050  episodes= 1123  mean_return= 42.118  mean_loss= 0.70251  mean_foundation=  5.5/52  lifetime_outcomes={'won': 17, 'stalled': 531, 'truncated': 575, 'other': 0}  rss= 1670.4MB  (1406s)
step   408000/500000  eps=0.050  episodes= 1130  mean_return= 39.986  mean_loss= 0.71838  mean_foundation=  5.6/52  lifetime_outcomes={'won': 17, 'stalled': 535, 'truncated': 578, 'other': 0}  rss= 1670.4MB  (1412s)
step   410000/500000  eps=0.050  episodes= 1136  mean_return= 72.666  mean_loss= 0.76117  mean_foundation=  8.8/52  lifetime_outcomes={'won': 17, 'stalled': 538, 'truncated': 581, 'other': 0}  rss= 1670.4MB  (1418s)
step   412000/500000  eps=0.050  episodes= 1141  mean_return= 43.621  mean_loss= 0.77150  mean_foundation=  6.4/52  lifetime_outcomes={'won': 17, 'stalled': 540, 'truncated': 584, 'other': 0}  rss= 1670.4MB  (1424s)
step   414000/500000  eps=0.050  episodes= 1146  mean_return= 46.583  mean_loss= 0.78198  mean_foundation=  6.8/52  lifetime_outcomes={'won': 17, 'stalled': 541, 'truncated': 588, 'other': 0}  rss= 1670.4MB  (1430s)
step   416000/500000  eps=0.050  episodes= 1150  mean_return= 53.750  mean_loss= 0.79619  mean_foundation=  7.2/52  lifetime_outcomes={'won': 17, 'stalled': 541, 'truncated': 592, 'other': 0}  rss= 1670.4MB  (1437s)
step   418000/500000  eps=0.050  episodes= 1154  mean_return= 55.290  mean_loss= 0.82910  mean_foundation=  8.0/52  lifetime_outcomes={'won': 17, 'stalled': 543, 'truncated': 594, 'other': 0}  rss= 1670.4MB  (1443s)
step   420000/500000  eps=0.050  episodes= 1160  mean_return= 49.043  mean_loss= 0.79648  mean_foundation=  6.8/52  lifetime_outcomes={'won': 17, 'stalled': 546, 'truncated': 597, 'other': 0}  rss= 1670.4MB  (1450s)
  EVAL  step   420000  win_rate=0.00%  mean_return= 22.229  mean_foundation=  4.8/52  mean_length=221.2  (greedy, 20 fixed deals)
step   422000/500000  eps=0.050  episodes= 1166  mean_return= 42.479  mean_loss= 0.82120  mean_foundation=  5.2/52  lifetime_outcomes={'won': 17, 'stalled': 549, 'truncated': 600, 'other': 0}  rss= 1670.4MB  (1460s)
step   424000/500000  eps=0.050  episodes= 1170  mean_return= 59.750  mean_loss= 0.85759  mean_foundation=  9.8/52  lifetime_outcomes={'won': 17, 'stalled': 549, 'truncated': 604, 'other': 0}  rss= 1670.4MB  (1466s)
step   426000/500000  eps=0.050  episodes= 1176  mean_return= 60.832  mean_loss= 0.86782  mean_foundation=  6.3/52  lifetime_outcomes={'won': 17, 'stalled': 553, 'truncated': 606, 'other': 0}  rss= 1670.4MB  (1472s)
step   428000/500000  eps=0.050  episodes= 1184  mean_return= 49.970  mean_loss= 0.96122  mean_foundation=  7.9/52  lifetime_outcomes={'won': 17, 'stalled': 558, 'truncated': 609, 'other': 0}  rss= 1670.4MB  (1478s)
step   430000/500000  eps=0.050  episodes= 1191  mean_return= 50.616  mean_loss= 0.95760  mean_foundation= 10.4/52  lifetime_outcomes={'won': 17, 'stalled': 563, 'truncated': 611, 'other': 0}  rss= 1670.4MB  (1484s)
step   432000/500000  eps=0.050  episodes= 1195  mean_return= 51.250  mean_loss= 0.99415  mean_foundation=  8.2/52  lifetime_outcomes={'won': 17, 'stalled': 563, 'truncated': 615, 'other': 0}  rss= 1670.4MB  (1490s)
step   434000/500000  eps=0.050  episodes= 1199  mean_return= 56.250  mean_loss= 1.01063  mean_foundation=  8.2/52  lifetime_outcomes={'won': 17, 'stalled': 563, 'truncated': 619, 'other': 0}  rss= 1670.4MB  (1496s)
step   436000/500000  eps=0.050  episodes= 1204  mean_return= 66.223  mean_loss= 0.92343  mean_foundation=  7.0/52  lifetime_outcomes={'won': 17, 'stalled': 565, 'truncated': 622, 'other': 0}  rss= 1670.4MB  (1503s)
step   438000/500000  eps=0.050  episodes= 1210  mean_return= 33.296  mean_loss= 0.89265  mean_foundation=  5.0/52  lifetime_outcomes={'won': 17, 'stalled': 567, 'truncated': 626, 'other': 0}  rss= 1670.4MB  (1509s)
step   440000/500000  eps=0.050  episodes= 1214  mean_return= 72.750  mean_loss= 0.92811  mean_foundation=  7.2/52  lifetime_outcomes={'won': 17, 'stalled': 567, 'truncated': 630, 'other': 0}  rss= 1670.4MB  (1516s)
  EVAL  step   440000  win_rate=0.00%  mean_return= 28.885  mean_foundation=  3.9/52  mean_length=414.8  (greedy, 20 fixed deals)
step   442000/500000  eps=0.050  episodes= 1223  mean_return= 49.865  mean_loss= 0.97390  mean_foundation=  5.7/52  lifetime_outcomes={'won': 17, 'stalled': 574, 'truncated': 632, 'other': 0}  rss= 1670.4MB  (1530s)
step   444000/500000  eps=0.050  episodes= 1230  mean_return= 40.587  mean_loss= 0.97232  mean_foundation=  7.4/52  lifetime_outcomes={'won': 17, 'stalled': 579, 'truncated': 634, 'other': 0}  rss= 1670.4MB  (1536s)
step   446000/500000  eps=0.050  episodes= 1236  mean_return= 39.314  mean_loss= 0.97262  mean_foundation=  5.0/52  lifetime_outcomes={'won': 17, 'stalled': 582, 'truncated': 637, 'other': 0}  rss= 1670.4MB  (1543s)
step   448000/500000  eps=0.050  episodes= 1240  mean_return= 66.839  mean_loss= 0.97688  mean_foundation=  6.8/52  lifetime_outcomes={'won': 17, 'stalled': 583, 'truncated': 640, 'other': 0}  rss= 1670.4MB  (1550s)
step   450000/500000  eps=0.050  episodes= 1245  mean_return= 55.564  mean_loss= 1.03138  mean_foundation=  8.6/52  lifetime_outcomes={'won': 17, 'stalled': 584, 'truncated': 644, 'other': 0}  rss= 1670.4MB  (1557s)
step   452000/500000  eps=0.050  episodes= 1252  mean_return= 55.122  mean_loss= 1.03201  mean_foundation=  8.7/52  lifetime_outcomes={'won': 17, 'stalled': 588, 'truncated': 647, 'other': 0}  rss= 1670.4MB  (1563s)
step   454000/500000  eps=0.050  episodes= 1257  mean_return= 44.476  mean_loss= 1.11683  mean_foundation=  6.2/52  lifetime_outcomes={'won': 17, 'stalled': 590, 'truncated': 650, 'other': 0}  rss= 1670.4MB  (1570s)
step   456000/500000  eps=0.050  episodes= 1263  mean_return= 44.463  mean_loss= 1.09812  mean_foundation=  4.3/52  lifetime_outcomes={'won': 17, 'stalled': 593, 'truncated': 653, 'other': 0}  rss= 1670.4MB  (1576s)
step   458000/500000  eps=0.050  episodes= 1268  mean_return= 48.964  mean_loss= 1.21130  mean_foundation=  7.0/52  lifetime_outcomes={'won': 17, 'stalled': 594, 'truncated': 657, 'other': 0}  rss= 1670.4MB  (1582s)
step   460000/500000  eps=0.050  episodes= 1275  mean_return= 32.902  mean_loss= 1.16546  mean_foundation=  5.7/52  lifetime_outcomes={'won': 17, 'stalled': 599, 'truncated': 659, 'other': 0}  rss= 1670.4MB  (1589s)
  EVAL  step   460000  win_rate=0.00%  mean_return= 28.634  mean_foundation=  3.9/52  mean_length=415.7  (greedy, 20 fixed deals)
step   462000/500000  eps=0.050  episodes= 1281  mean_return= 46.464  mean_loss= 1.27555  mean_foundation=  7.7/52  lifetime_outcomes={'won': 17, 'stalled': 601, 'truncated': 663, 'other': 0}  rss= 1670.4MB  (1602s)
step   464000/500000  eps=0.050  episodes= 1286  mean_return= 58.994  mean_loss= 1.31656  mean_foundation=  8.8/52  lifetime_outcomes={'won': 17, 'stalled': 603, 'truncated': 666, 'other': 0}  rss= 1670.4MB  (1608s)
step   466000/500000  eps=0.050  episodes= 1292  mean_return= 44.363  mean_loss= 1.41825  mean_foundation=  5.5/52  lifetime_outcomes={'won': 17, 'stalled': 607, 'truncated': 668, 'other': 0}  rss= 1670.4MB  (1615s)
step   468000/500000  eps=0.050  episodes= 1296  mean_return= 42.750  mean_loss= 1.48883  mean_foundation=  6.0/52  lifetime_outcomes={'won': 17, 'stalled': 607, 'truncated': 672, 'other': 0}  rss= 1670.4MB  (1621s)
step   470000/500000  eps=0.050  episodes= 1300  mean_return= 40.305  mean_loss= 1.63698  mean_foundation=  4.8/52  lifetime_outcomes={'won': 17, 'stalled': 608, 'truncated': 675, 'other': 0}  rss= 1670.4MB  (1627s)
step   472000/500000  eps=0.050  episodes= 1306  mean_return= 50.955  mean_loss= 1.74922  mean_foundation=  5.2/52  lifetime_outcomes={'won': 17, 'stalled': 610, 'truncated': 679, 'other': 0}  rss= 1670.6MB  (1633s)
step   474000/500000  eps=0.050  episodes= 1312  mean_return= 38.880  mean_loss= 1.85576  mean_foundation=  4.5/52  lifetime_outcomes={'won': 17, 'stalled': 613, 'truncated': 682, 'other': 0}  rss= 1670.6MB  (1640s)
step   476000/500000  eps=0.050  episodes= 1317  mean_return= 57.338  mean_loss= 1.89632  mean_foundation=  8.0/52  lifetime_outcomes={'won': 17, 'stalled': 614, 'truncated': 686, 'other': 0}  rss= 1670.6MB  (1646s)
step   478000/500000  eps=0.050  episodes= 1323  mean_return= 37.370  mean_loss= 2.06012  mean_foundation=  5.7/52  lifetime_outcomes={'won': 17, 'stalled': 618, 'truncated': 688, 'other': 0}  rss= 1670.6MB  (1652s)
step   480000/500000  eps=0.050  episodes= 1329  mean_return= 33.172  mean_loss= 2.07263  mean_foundation=  3.7/52  lifetime_outcomes={'won': 17, 'stalled': 621, 'truncated': 691, 'other': 0}  rss= 1670.6MB  (1658s)
  EVAL  step   480000  win_rate=0.00%  mean_return= 29.065  mean_foundation=  2.6/52  mean_length=434.9  (greedy, 20 fixed deals)
step   482000/500000  eps=0.050  episodes= 1335  mean_return= 46.297  mean_loss= 2.33299  mean_foundation=  5.7/52  lifetime_outcomes={'won': 17, 'stalled': 623, 'truncated': 695, 'other': 0}  rss= 1670.6MB  (1672s)
step   484000/500000  eps=0.050  episodes= 1340  mean_return= 44.389  mean_loss= 2.44926  mean_foundation=  4.2/52  lifetime_outcomes={'won': 17, 'stalled': 624, 'truncated': 699, 'other': 0}  rss= 1670.6MB  (1678s)
step   486000/500000  eps=0.050  episodes= 1346  mean_return= 43.843  mean_loss= 2.70366  mean_foundation=  3.5/52  lifetime_outcomes={'won': 17, 'stalled': 627, 'truncated': 702, 'other': 0}  rss= 1670.6MB  (1684s)
step   488000/500000  eps=0.050  episodes= 1350  mean_return= 32.796  mean_loss= 2.92111  mean_foundation=  2.2/52  lifetime_outcomes={'won': 17, 'stalled': 628, 'truncated': 705, 'other': 0}  rss= 1670.6MB  (1689s)
step   490000/500000  eps=0.050  episodes= 1357  mean_return= 48.829  mean_loss= 3.09878  mean_foundation=  5.1/52  lifetime_outcomes={'won': 17, 'stalled': 632, 'truncated': 708, 'other': 0}  rss= 1670.6MB  (1696s)
step   492000/500000  eps=0.050  episodes= 1362  mean_return= 39.170  mean_loss= 3.57680  mean_foundation=  3.0/52  lifetime_outcomes={'won': 17, 'stalled': 633, 'truncated': 712, 'other': 0}  rss= 1670.6MB  (1702s)
step   494000/500000  eps=0.050  episodes= 1367  mean_return= 57.215  mean_loss= 3.89148  mean_foundation=  5.6/52  lifetime_outcomes={'won': 17, 'stalled': 636, 'truncated': 714, 'other': 0}  rss= 1670.6MB  (1708s)
step   496000/500000  eps=0.050  episodes= 1373  mean_return= 45.691  mean_loss= 4.23574  mean_foundation=  5.5/52  lifetime_outcomes={'won': 17, 'stalled': 639, 'truncated': 717, 'other': 0}  rss= 1670.6MB  (1714s)
step   498000/500000  eps=0.050  episodes= 1380  mean_return= 38.547  mean_loss= 4.44912  mean_foundation=  4.4/52  lifetime_outcomes={'won': 17, 'stalled': 643, 'truncated': 720, 'other': 0}  rss= 1670.6MB  (1721s)
step   500000/500000  eps=0.050  episodes= 1385  mean_return= 39.076  mean_loss= 4.64225  mean_foundation=  4.2/52  lifetime_outcomes={'won': 17, 'stalled': 645, 'truncated': 723, 'other': 0}  rss= 1670.6MB  (1728s)
  EVAL  step   500000  win_rate=0.00%  mean_return= 21.730  mean_foundation=  2.1/52  mean_length=370.7  (greedy, 20 fixed deals)
done. saved final checkpoint to runs/007_double_dqn_soft_nstep3_per_curriculum_hidden3/checkpoint_final.pt
