run directory: runs/017_double_dqn_soft_nstep3_per_dqfd
DQfD: building 30000 permanent demo transitions from runs/curriculum_wins.jsonl
DQfD: loaded 30000 demo transitions into the permanent replay-buffer region
step     1000/400000  eps=0.995  episodes=    1  mean_return=1660.000  mean_loss=     nan  mean_foundation=  3.0/52  lifetime_outcomes={'won': 0, 'stalled': 0, 'truncated': 1, 'other': 0}  rss= 1811.8MB  (1s)
step     2000/400000  eps=0.991  episodes=    2  mean_return=700.000  mean_loss=     nan  mean_foundation=  4.0/52  lifetime_outcomes={'won': 0, 'stalled': 0, 'truncated': 2, 'other': 0}  rss= 1811.8MB  (2s)
step     3000/400000  eps=0.986  episodes=    3  mean_return=1330.000  mean_loss=     nan  mean_foundation= 10.0/52  lifetime_outcomes={'won': 0, 'stalled': 0, 'truncated': 3, 'other': 0}  rss= 1811.8MB  (3s)
step     4000/400000  eps=0.981  episodes=    4  mean_return=1740.000  mean_loss=     nan  mean_foundation=  9.0/52  lifetime_outcomes={'won': 0, 'stalled': 0, 'truncated': 4, 'other': 0}  rss= 1811.8MB  (3s)
step     5000/400000  eps=0.976  episodes=    5  mean_return=1120.000  mean_loss=50.19280  mean_foundation=  5.0/52  lifetime_outcomes={'won': 0, 'stalled': 0, 'truncated': 5, 'other': 0}  rss= 1811.8MB  (4s)
step     6000/400000  eps=0.972  episodes=    6  mean_return=1790.000  mean_loss=61.13880  mean_foundation= 17.0/52  lifetime_outcomes={'won': 0, 'stalled': 0, 'truncated': 6, 'other': 0}  rss= 1811.8MB  (7s)
step     7000/400000  eps=0.967  episodes=    7  mean_return=229.460  mean_loss=80.58405  mean_foundation=  2.0/52  lifetime_outcomes={'won': 0, 'stalled': 1, 'truncated': 6, 'other': 0}  rss= 1814.3MB  (10s)
step     8000/400000  eps=0.962  episodes=    8  mean_return=1200.000  mean_loss=90.38619  mean_foundation=  5.0/52  lifetime_outcomes={'won': 0, 'stalled': 1, 'truncated': 7, 'other': 0}  rss= 1826.3MB  (13s)
step     9000/400000  eps=0.957  episodes=    9  mean_return=1690.000  mean_loss=91.61652  mean_foundation= 11.0/52  lifetime_outcomes={'won': 0, 'stalled': 1, 'truncated': 8, 'other': 0}  rss= 1830.4MB  (16s)
step    10000/400000  eps=0.953  episodes=   10  mean_return=580.000  mean_loss=87.72360  mean_foundation=  4.0/52  lifetime_outcomes={'won': 0, 'stalled': 1, 'truncated': 9, 'other': 0}  rss= 1832.4MB  (19s)
  EVAL  step    10000  win_rate=0.00%  mean_return=317.000  mean_foundation=  2.1/52  mean_length=1000.0  (greedy, 100 fixed deals)
step    11000/400000  eps=0.948  episodes=   11  mean_return=1840.000  mean_loss=88.81219  mean_foundation= 11.0/52  lifetime_outcomes={'won': 0, 'stalled': 1, 'truncated': 10, 'other': 0}  rss= 1848.0MB  (105s)
step    12000/400000  eps=0.943  episodes=   12  mean_return=1300.000  mean_loss=81.94376  mean_foundation=  9.0/52  lifetime_outcomes={'won': 0, 'stalled': 1, 'truncated': 11, 'other': 0}  rss= 1848.0MB  (108s)
step    13000/400000  eps=0.938  episodes=   13  mean_return=1510.000  mean_loss=80.74052  mean_foundation= 18.0/52  lifetime_outcomes={'won': 0, 'stalled': 1, 'truncated': 12, 'other': 0}  rss= 1848.0MB  (111s)
step    14000/400000  eps=0.933  episodes=   14  mean_return=1830.000  mean_loss=76.16799  mean_foundation= 26.0/52  lifetime_outcomes={'won': 0, 'stalled': 1, 'truncated': 13, 'other': 0}  rss= 1848.0MB  (114s)
step    15000/400000  eps=0.929  episodes=   15  mean_return=1650.000  mean_loss=73.44574  mean_foundation= 10.0/52  lifetime_outcomes={'won': 0, 'stalled': 1, 'truncated': 14, 'other': 0}  rss= 1848.0MB  (117s)
step    16000/400000  eps=0.924  episodes=   16  mean_return=1900.000  mean_loss=69.35326  mean_foundation= 37.0/52  lifetime_outcomes={'won': 0, 'stalled': 1, 'truncated': 15, 'other': 0}  rss= 1848.0MB  (119s)
step    17000/400000  eps=0.919  episodes=   17  mean_return=240.000  mean_loss=69.97684  mean_foundation=  1.0/52  lifetime_outcomes={'won': 0, 'stalled': 1, 'truncated': 16, 'other': 0}  rss= 1848.5MB  (123s)
step    18000/400000  eps=0.914  episodes=   18  mean_return=500.000  mean_loss=66.80244  mean_foundation=  2.0/52  lifetime_outcomes={'won': 0, 'stalled': 1, 'truncated': 17, 'other': 0}  rss= 1858.7MB  (126s)
step    19000/400000  eps=0.910  episodes=   19  mean_return=1830.000  mean_loss=67.11155  mean_foundation= 26.0/52  lifetime_outcomes={'won': 0, 'stalled': 1, 'truncated': 18, 'other': 0}  rss= 1864.7MB  (128s)
step    20000/400000  eps=0.905  episodes=   20  mean_return=340.000  mean_loss=62.77456  mean_foundation=  3.0/52  lifetime_outcomes={'won': 0, 'stalled': 1, 'truncated': 19, 'other': 0}  rss= 1866.7MB  (131s)
  EVAL  step    20000  win_rate=0.00%  mean_return=298.700  mean_foundation=  2.1/52  mean_length=1000.0  (greedy, 100 fixed deals)
step    21000/400000  eps=0.900  episodes=   21  mean_return=740.000  mean_loss=60.64233  mean_foundation=  3.0/52  lifetime_outcomes={'won': 0, 'stalled': 1, 'truncated': 20, 'other': 0}  rss= 1882.2MB  (217s)
step    22000/400000  eps=0.895  episodes=   22  mean_return=890.000  mean_loss=63.25850  mean_foundation=  9.0/52  lifetime_outcomes={'won': 0, 'stalled': 1, 'truncated': 21, 'other': 0}  rss= 1882.2MB  (220s)
step    23000/400000  eps=0.891  episodes=   23  mean_return=1940.000  mean_loss=60.67061  mean_foundation= 42.0/52  lifetime_outcomes={'won': 0, 'stalled': 1, 'truncated': 22, 'other': 0}  rss= 1882.2MB  (223s)
step    24000/400000  eps=0.886  episodes=   24  mean_return=2040.000  mean_loss=59.25893  mean_foundation= 49.0/52  lifetime_outcomes={'won': 0, 'stalled': 1, 'truncated': 23, 'other': 0}  rss= 1882.2MB  (226s)
step    25000/400000  eps=0.881  episodes=   25  mean_return=660.000  mean_loss=59.76315  mean_foundation=  8.0/52  lifetime_outcomes={'won': 0, 'stalled': 1, 'truncated': 24, 'other': 0}  rss= 1886.8MB  (229s)
step    26000/400000  eps=0.877  episodes=   26  mean_return=770.000  mean_loss=60.83976  mean_foundation= 14.0/52  lifetime_outcomes={'won': 0, 'stalled': 1, 'truncated': 25, 'other': 0}  rss= 1890.8MB  (232s)
step    27000/400000  eps=0.872  episodes=   27  mean_return=1950.000  mean_loss=63.07888  mean_foundation= 41.0/52  lifetime_outcomes={'won': 0, 'stalled': 1, 'truncated': 26, 'other': 0}  rss= 1894.8MB  (235s)
step    28000/400000  eps=0.867  episodes=   28  mean_return=460.000  mean_loss=59.93161  mean_foundation=  3.0/52  lifetime_outcomes={'won': 0, 'stalled': 1, 'truncated': 27, 'other': 0}  rss= 1898.9MB  (238s)
step    29000/400000  eps=0.862  episodes=   29  mean_return=360.000  mean_loss=59.04389  mean_foundation=  6.0/52  lifetime_outcomes={'won': 0, 'stalled': 1, 'truncated': 28, 'other': 0}  rss= 1902.9MB  (241s)
step    30000/400000  eps=0.858  episodes=   30  mean_return=1420.000  mean_loss=56.89695  mean_foundation= 18.0/52  lifetime_outcomes={'won': 0, 'stalled': 1, 'truncated': 29, 'other': 0}  rss= 1906.9MB  (244s)
  EVAL  step    30000  win_rate=0.00%  mean_return=378.100  mean_foundation=  3.9/52  mean_length=1000.0  (greedy, 100 fixed deals)
step    31000/400000  eps=0.853  episodes=   31  mean_return=590.000  mean_loss=53.82267  mean_foundation=  2.0/52  lifetime_outcomes={'won': 0, 'stalled': 1, 'truncated': 30, 'other': 0}  rss= 1916.3MB  (334s)
step    32000/400000  eps=0.848  episodes=   32  mean_return=1100.000  mean_loss=53.36383  mean_foundation=  4.0/52  lifetime_outcomes={'won': 0, 'stalled': 1, 'truncated': 31, 'other': 0}  rss= 1920.3MB  (337s)
step    33000/400000  eps=0.843  episodes=   33  mean_return=430.000  mean_loss=51.95006  mean_foundation=  0.0/52  lifetime_outcomes={'won': 0, 'stalled': 1, 'truncated': 32, 'other': 0}  rss= 1922.3MB  (340s)
step    34000/400000  eps=0.839  episodes=   34  mean_return=1520.000  mean_loss=48.13891  mean_foundation= 21.0/52  lifetime_outcomes={'won': 0, 'stalled': 1, 'truncated': 33, 'other': 0}  rss= 1928.4MB  (343s)
step    35000/400000  eps=0.834  episodes=   35  mean_return=840.000  mean_loss=48.20764  mean_foundation=  8.0/52  lifetime_outcomes={'won': 0, 'stalled': 1, 'truncated': 34, 'other': 0}  rss= 1932.5MB  (346s)
step    36000/400000  eps=0.829  episodes=   37  mean_return=3960.850  mean_loss=45.87117  mean_foundation= 28.5/52  lifetime_outcomes={'won': 1, 'stalled': 1, 'truncated': 35, 'other': 0}  rss= 1936.5MB  (349s)
step    37000/400000  eps=0.824  episodes=   38  mean_return=2040.000  mean_loss=46.85109  mean_foundation= 47.0/52  lifetime_outcomes={'won': 1, 'stalled': 1, 'truncated': 36, 'other': 0}  rss= 1940.5MB  (352s)
step    38000/400000  eps=0.820  episodes=   39  mean_return=330.000  mean_loss=44.82327  mean_foundation=  2.0/52  lifetime_outcomes={'won': 1, 'stalled': 1, 'truncated': 37, 'other': 0}  rss= 1944.5MB  (355s)
step    39000/400000  eps=0.815  episodes=   40  mean_return=1220.000  mean_loss=44.69219  mean_foundation= 17.0/52  lifetime_outcomes={'won': 1, 'stalled': 1, 'truncated': 38, 'other': 0}  rss= 1946.5MB  (358s)
step    40000/400000  eps=0.810  episodes=   41  mean_return=1450.000  mean_loss=45.47209  mean_foundation= 15.0/52  lifetime_outcomes={'won': 1, 'stalled': 1, 'truncated': 39, 'other': 0}  rss= 1950.6MB  (361s)
  EVAL  step    40000  win_rate=0.00%  mean_return=349.400  mean_foundation=  3.3/52  mean_length=1000.0  (greedy, 100 fixed deals)
step    41000/400000  eps=0.805  episodes=   42  mean_return=1410.000  mean_loss=42.64396  mean_foundation= 19.0/52  lifetime_outcomes={'won': 1, 'stalled': 1, 'truncated': 40, 'other': 0}  rss= 1962.7MB  (450s)
step    42000/400000  eps=0.800  episodes=   43  mean_return=2040.000  mean_loss=42.29566  mean_foundation= 49.0/52  lifetime_outcomes={'won': 1, 'stalled': 1, 'truncated': 41, 'other': 0}  rss= 1966.8MB  (453s)
step    43000/400000  eps=0.796  episodes=   44  mean_return=7040.590  mean_loss=40.78884  mean_foundation= 52.0/52  lifetime_outcomes={'won': 2, 'stalled': 1, 'truncated': 41, 'other': 0}  rss= 1968.8MB  (455s)
step    44000/400000  eps=0.791  episodes=   45  mean_return=7041.270  mean_loss=40.25072  mean_foundation= 52.0/52  lifetime_outcomes={'won': 3, 'stalled': 1, 'truncated': 41, 'other': 0}  rss= 1974.8MB  (458s)
step    45000/400000  eps=0.786  episodes=   46  mean_return=760.000  mean_loss=39.20426  mean_foundation= 10.0/52  lifetime_outcomes={'won': 3, 'stalled': 1, 'truncated': 42, 'other': 0}  rss= 1974.8MB  (461s)
step    46000/400000  eps=0.781  episodes=   47  mean_return=600.000  mean_loss=41.13930  mean_foundation= 11.0/52  lifetime_outcomes={'won': 3, 'stalled': 1, 'truncated': 43, 'other': 0}  rss= 1974.8MB  (464s)
step    47000/400000  eps=0.777  episodes=   48  mean_return=1950.000  mean_loss=38.14345  mean_foundation= 43.0/52  lifetime_outcomes={'won': 3, 'stalled': 1, 'truncated': 44, 'other': 0}  rss= 1974.8MB  (467s)
step    48000/400000  eps=0.772  episodes=   49  mean_return=650.000  mean_loss=38.56208  mean_foundation= 12.0/52  lifetime_outcomes={'won': 3, 'stalled': 1, 'truncated': 45, 'other': 0}  rss= 1979.4MB  (470s)
step    49000/400000  eps=0.767  episodes=   50  mean_return=720.000  mean_loss=37.08623  mean_foundation=  3.0/52  lifetime_outcomes={'won': 3, 'stalled': 1, 'truncated': 46, 'other': 0}  rss= 1983.4MB  (473s)
step    50000/400000  eps=0.762  episodes=   51  mean_return=880.000  mean_loss=36.72589  mean_foundation=  9.0/52  lifetime_outcomes={'won': 3, 'stalled': 1, 'truncated': 47, 'other': 0}  rss= 1983.4MB  (476s)
  EVAL  step    50000  win_rate=0.00%  mean_return=341.600  mean_foundation=  3.0/52  mean_length=1000.0  (greedy, 100 fixed deals)
step    51000/400000  eps=0.758  episodes=   52  mean_return=7041.970  mean_loss=36.11877  mean_foundation= 52.0/52  lifetime_outcomes={'won': 4, 'stalled': 1, 'truncated': 47, 'other': 0}  rss= 1996.8MB  (564s)
step    52000/400000  eps=0.753  episodes=   54  mean_return=7043.065  mean_loss=36.03339  mean_foundation= 52.0/52  lifetime_outcomes={'won': 6, 'stalled': 1, 'truncated': 47, 'other': 0}  rss= 2000.8MB  (568s)
step    53000/400000  eps=0.748  episodes=   55  mean_return=7044.330  mean_loss=35.03870  mean_foundation= 52.0/52  lifetime_outcomes={'won': 7, 'stalled': 1, 'truncated': 47, 'other': 0}  rss= 2002.8MB  (570s)
step    54000/400000  eps=0.744  episodes=   56  mean_return=670.000  mean_loss=34.92894  mean_foundation=  2.0/52  lifetime_outcomes={'won': 7, 'stalled': 1, 'truncated': 48, 'other': 0}  rss= 2006.8MB  (574s)
step    55000/400000  eps=0.739  episodes=   57  mean_return=7041.360  mean_loss=34.77828  mean_foundation= 52.0/52  lifetime_outcomes={'won': 8, 'stalled': 1, 'truncated': 48, 'other': 0}  rss= 2013.0MB  (577s)
step    56000/400000  eps=0.734  episodes=   58  mean_return=7040.010  mean_loss=34.13550  mean_foundation= 52.0/52  lifetime_outcomes={'won': 9, 'stalled': 1, 'truncated': 48, 'other': 0}  rss= 2015.0MB  (580s)
step    57000/400000  eps=0.729  episodes=   60  mean_return=4107.695  mean_loss=34.54904  mean_foundation= 32.5/52  lifetime_outcomes={'won': 10, 'stalled': 1, 'truncated': 49, 'other': 0}  rss= 2017.0MB  (583s)
step    58000/400000  eps=0.725  episodes=   62  mean_return=3771.500  mean_loss=33.95263  mean_foundation= 31.0/52  lifetime_outcomes={'won': 11, 'stalled': 2, 'truncated': 49, 'other': 0}  rss= 2023.1MB  (586s)
step    59000/400000  eps=0.720  episodes=   63  mean_return=1490.000  mean_loss=33.37600  mean_foundation= 21.0/52  lifetime_outcomes={'won': 11, 'stalled': 2, 'truncated': 50, 'other': 0}  rss= 2029.1MB  (589s)
step    60000/400000  eps=0.715  episodes=   64  mean_return=1140.000  mean_loss=33.11799  mean_foundation= 22.0/52  lifetime_outcomes={'won': 11, 'stalled': 2, 'truncated': 51, 'other': 0}  rss= 2029.1MB  (592s)
  EVAL  step    60000  win_rate=0.00%  mean_return=350.400  mean_foundation=  3.0/52  mean_length=1000.0  (greedy, 100 fixed deals)
step    61000/400000  eps=0.710  episodes=   66  mean_return=7042.840  mean_loss=33.09408  mean_foundation= 52.0/52  lifetime_outcomes={'won': 13, 'stalled': 2, 'truncated': 51, 'other': 0}  rss= 2035.3MB  (680s)
step    62000/400000  eps=0.706  episodes=   67  mean_return=1310.000  mean_loss=32.47986  mean_foundation= 12.0/52  lifetime_outcomes={'won': 13, 'stalled': 2, 'truncated': 52, 'other': 0}  rss= 2041.3MB  (683s)
step    63000/400000  eps=0.701  episodes=   68  mean_return=1240.000  mean_loss=33.77508  mean_foundation= 11.0/52  lifetime_outcomes={'won': 13, 'stalled': 2, 'truncated': 53, 'other': 0}  rss= 2043.3MB  (686s)
step    64000/400000  eps=0.696  episodes=   69  mean_return=820.000  mean_loss=31.50526  mean_foundation=  4.0/52  lifetime_outcomes={'won': 13, 'stalled': 2, 'truncated': 54, 'other': 0}  rss= 2045.3MB  (689s)
step    65000/400000  eps=0.691  episodes=   71  mean_return=7045.030  mean_loss=31.43225  mean_foundation= 52.0/52  lifetime_outcomes={'won': 15, 'stalled': 2, 'truncated': 54, 'other': 0}  rss= 2051.3MB  (692s)
step    66000/400000  eps=0.686  episodes=   72  mean_return=7043.650  mean_loss=30.57123  mean_foundation= 52.0/52  lifetime_outcomes={'won': 16, 'stalled': 2, 'truncated': 54, 'other': 0}  rss= 2055.4MB  (695s)
step    67000/400000  eps=0.682  episodes=   73  mean_return=7044.300  mean_loss=31.49771  mean_foundation= 52.0/52  lifetime_outcomes={'won': 17, 'stalled': 2, 'truncated': 54, 'other': 0}  rss= 2057.4MB  (698s)
step    68000/400000  eps=0.677  episodes=   74  mean_return=760.000  mean_loss=31.48406  mean_foundation= 10.0/52  lifetime_outcomes={'won': 17, 'stalled': 2, 'truncated': 55, 'other': 0}  rss= 2063.4MB  (702s)
step    69000/400000  eps=0.672  episodes=   75  mean_return=1980.000  mean_loss=30.03933  mean_foundation= 45.0/52  lifetime_outcomes={'won': 17, 'stalled': 2, 'truncated': 56, 'other': 0}  rss= 2069.5MB  (705s)
step    70000/400000  eps=0.667  episodes=   77  mean_return=4057.045  mean_loss=29.64337  mean_foundation= 31.0/52  lifetime_outcomes={'won': 18, 'stalled': 2, 'truncated': 57, 'other': 0}  rss= 2071.5MB  (708s)
  EVAL  step    70000  win_rate=0.00%  mean_return=335.800  mean_foundation=  2.9/52  mean_length=1000.0  (greedy, 100 fixed deals)
step    71000/400000  eps=0.663  episodes=   78  mean_return=940.000  mean_loss=29.06855  mean_foundation=  9.0/52  lifetime_outcomes={'won': 18, 'stalled': 2, 'truncated': 58, 'other': 0}  rss= 2079.6MB  (798s)
step    72000/400000  eps=0.658  episodes=   79  mean_return=7041.940  mean_loss=28.97574  mean_foundation= 52.0/52  lifetime_outcomes={'won': 19, 'stalled': 2, 'truncated': 58, 'other': 0}  rss= 2085.6MB  (801s)
step    73000/400000  eps=0.653  episodes=   80  mean_return=1420.000  mean_loss=28.05804  mean_foundation=  7.0/52  lifetime_outcomes={'won': 19, 'stalled': 2, 'truncated': 59, 'other': 0}  rss= 2089.7MB  (804s)
step    74000/400000  eps=0.649  episodes=   81  mean_return=840.000  mean_loss=28.05685  mean_foundation=  7.0/52  lifetime_outcomes={'won': 19, 'stalled': 2, 'truncated': 60, 'other': 0}  rss= 2091.7MB  (807s)
step    75000/400000  eps=0.644  episodes=   83  mean_return=7043.315  mean_loss=28.29151  mean_foundation= 52.0/52  lifetime_outcomes={'won': 21, 'stalled': 2, 'truncated': 60, 'other': 0}  rss= 2095.8MB  (811s)
step    76000/400000  eps=0.639  episodes=   84  mean_return=150.000  mean_loss=27.66400  mean_foundation=  2.0/52  lifetime_outcomes={'won': 21, 'stalled': 2, 'truncated': 61, 'other': 0}  rss= 2095.8MB  (814s)
step    77000/400000  eps=0.634  episodes=   86  mean_return=7044.445  mean_loss=28.68011  mean_foundation= 52.0/52  lifetime_outcomes={'won': 23, 'stalled': 2, 'truncated': 61, 'other': 0}  rss= 2095.8MB  (817s)
step    78000/400000  eps=0.629  episodes=   87  mean_return=1020.000  mean_loss=27.12582  mean_foundation=  4.0/52  lifetime_outcomes={'won': 23, 'stalled': 2, 'truncated': 62, 'other': 0}  rss= 2095.8MB  (820s)
step    79000/400000  eps=0.625  episodes=   88  mean_return=1360.000  mean_loss=27.07663  mean_foundation= 18.0/52  lifetime_outcomes={'won': 23, 'stalled': 2, 'truncated': 63, 'other': 0}  rss= 2102.3MB  (823s)
step    80000/400000  eps=0.620  episodes=   89  mean_return=1260.000  mean_loss=26.76700  mean_foundation= 14.0/52  lifetime_outcomes={'won': 23, 'stalled': 2, 'truncated': 64, 'other': 0}  rss= 2106.4MB  (826s)
  EVAL  step    80000  win_rate=0.00%  mean_return=377.600  mean_foundation=  3.3/52  mean_length=1000.0  (greedy, 100 fixed deals)
step    81000/400000  eps=0.615  episodes=   90  mean_return=450.000  mean_loss=26.88459  mean_foundation=  2.0/52  lifetime_outcomes={'won': 23, 'stalled': 2, 'truncated': 65, 'other': 0}  rss= 2119.9MB  (913s)
step    82000/400000  eps=0.611  episodes=   91  mean_return=880.000  mean_loss=26.09926  mean_foundation=  2.0/52  lifetime_outcomes={'won': 23, 'stalled': 2, 'truncated': 66, 'other': 0}  rss= 2123.9MB  (917s)
step    83000/400000  eps=0.606  episodes=   92  mean_return=1090.000  mean_loss=25.29006  mean_foundation=  9.0/52  lifetime_outcomes={'won': 23, 'stalled': 2, 'truncated': 67, 'other': 0}  rss= 2130.0MB  (920s)
step    84000/400000  eps=0.601  episodes=   93  mean_return=560.000  mean_loss=25.27871  mean_foundation=  3.0/52  lifetime_outcomes={'won': 23, 'stalled': 2, 'truncated': 68, 'other': 0}  rss= 2132.0MB  (923s)
step    85000/400000  eps=0.596  episodes=   94  mean_return=7043.690  mean_loss=25.43358  mean_foundation= 52.0/52  lifetime_outcomes={'won': 24, 'stalled': 2, 'truncated': 68, 'other': 0}  rss= 2136.0MB  (926s)
step    86000/400000  eps=0.592  episodes=   95  mean_return=7041.180  mean_loss=25.11119  mean_foundation= 52.0/52  lifetime_outcomes={'won': 25, 'stalled': 2, 'truncated': 68, 'other': 0}  rss= 2136.0MB  (929s)
step    87000/400000  eps=0.587  episodes=   96  mean_return=220.000  mean_loss=25.26635  mean_foundation=  4.0/52  lifetime_outcomes={'won': 25, 'stalled': 2, 'truncated': 69, 'other': 0}  rss= 2136.0MB  (932s)
step    88000/400000  eps=0.582  episodes=   97  mean_return=630.000  mean_loss=25.02158  mean_foundation=  6.0/52  lifetime_outcomes={'won': 25, 'stalled': 2, 'truncated': 70, 'other': 0}  rss= 2136.0MB  (936s)
step    89000/400000  eps=0.577  episodes=   98  mean_return=1270.000  mean_loss=23.31677  mean_foundation=  7.0/52  lifetime_outcomes={'won': 25, 'stalled': 2, 'truncated': 71, 'other': 0}  rss= 2140.6MB  (939s)
step    90000/400000  eps=0.573  episodes=   99  mean_return=730.000  mean_loss=23.66314  mean_foundation=  9.0/52  lifetime_outcomes={'won': 25, 'stalled': 2, 'truncated': 72, 'other': 0}  rss= 2144.6MB  (942s)
  EVAL  step    90000  win_rate=0.00%  mean_return=356.000  mean_foundation=  3.4/52  mean_length=1000.0  (greedy, 100 fixed deals)
step    91000/400000  eps=0.568  episodes=  100  mean_return=1480.000  mean_loss=23.14539  mean_foundation= 18.0/52  lifetime_outcomes={'won': 25, 'stalled': 2, 'truncated': 73, 'other': 0}  rss= 2148.6MB  (1031s)
step    92000/400000  eps=0.563  episodes=  101  mean_return=1020.000  mean_loss=22.87066  mean_foundation=  3.0/52  lifetime_outcomes={'won': 25, 'stalled': 2, 'truncated': 74, 'other': 0}  rss= 2152.7MB  (1034s)
step    93000/400000  eps=0.558  episodes=  102  mean_return=320.000  mean_loss=23.66697  mean_foundation=  3.0/52  lifetime_outcomes={'won': 25, 'stalled': 2, 'truncated': 75, 'other': 0}  rss= 2156.7MB  (1038s)
step    94000/400000  eps=0.554  episodes=  103  mean_return=7041.850  mean_loss=22.97694  mean_foundation= 52.0/52  lifetime_outcomes={'won': 26, 'stalled': 2, 'truncated': 75, 'other': 0}  rss= 2160.7MB  (1041s)
step    95000/400000  eps=0.549  episodes=  105  mean_return=3906.955  mean_loss=23.10638  mean_foundation= 29.0/52  lifetime_outcomes={'won': 27, 'stalled': 2, 'truncated': 76, 'other': 0}  rss= 2164.7MB  (1044s)
step    96000/400000  eps=0.544  episodes=  106  mean_return=960.000  mean_loss=21.64300  mean_foundation=  5.0/52  lifetime_outcomes={'won': 27, 'stalled': 2, 'truncated': 77, 'other': 0}  rss= 2168.8MB  (1048s)
step    97000/400000  eps=0.539  episodes=  107  mean_return=790.000  mean_loss=21.39776  mean_foundation=  2.0/52  lifetime_outcomes={'won': 27, 'stalled': 2, 'truncated': 78, 'other': 0}  rss= 2172.8MB  (1051s)
step    98000/400000  eps=0.534  episodes=  108  mean_return=7046.050  mean_loss=21.05587  mean_foundation= 52.0/52  lifetime_outcomes={'won': 28, 'stalled': 2, 'truncated': 78, 'other': 0}  rss= 2176.9MB  (1054s)
step    99000/400000  eps=0.530  episodes=  109  mean_return=1090.000  mean_loss=21.21151  mean_foundation=  8.0/52  lifetime_outcomes={'won': 28, 'stalled': 2, 'truncated': 79, 'other': 0}  rss= 2180.9MB  (1057s)
step   100000/400000  eps=0.525  episodes=  110  mean_return=1390.000  mean_loss=21.56425  mean_foundation= 17.0/52  lifetime_outcomes={'won': 28, 'stalled': 2, 'truncated': 80, 'other': 0}  rss= 2184.9MB  (1060s)
  EVAL  step   100000  win_rate=0.00%  mean_return=323.700  mean_foundation=  2.3/52  mean_length=1000.0  (greedy, 100 fixed deals)
step   101000/400000  eps=0.520  episodes=  111  mean_return=590.000  mean_loss=20.52351  mean_foundation=  9.0/52  lifetime_outcomes={'won': 28, 'stalled': 2, 'truncated': 81, 'other': 0}  rss= 2188.9MB  (1154s)
step   102000/400000  eps=0.516  episodes=  113  mean_return=4147.115  mean_loss=20.92965  mean_foundation= 34.0/52  lifetime_outcomes={'won': 29, 'stalled': 2, 'truncated': 82, 'other': 0}  rss= 2192.9MB  (1157s)
step   103000/400000  eps=0.511  episodes=  114  mean_return=940.000  mean_loss=21.15220  mean_foundation=  7.0/52  lifetime_outcomes={'won': 29, 'stalled': 2, 'truncated': 83, 'other': 0}  rss= 2197.0MB  (1161s)
step   104000/400000  eps=0.506  episodes=  115  mean_return=7044.190  mean_loss=20.29474  mean_foundation= 52.0/52  lifetime_outcomes={'won': 30, 'stalled': 2, 'truncated': 83, 'other': 0}  rss= 2199.0MB  (1164s)
step   105000/400000  eps=0.501  episodes=  116  mean_return=880.000  mean_loss=20.53070  mean_foundation=  9.0/52  lifetime_outcomes={'won': 30, 'stalled': 2, 'truncated': 84, 'other': 0}  rss= 2205.0MB  (1168s)
step   106000/400000  eps=0.497  episodes=  117  mean_return=330.000  mean_loss=20.36119  mean_foundation=  4.0/52  lifetime_outcomes={'won': 30, 'stalled': 2, 'truncated': 85, 'other': 0}  rss= 2209.1MB  (1171s)
step   107000/400000  eps=0.492  episodes=  119  mean_return=4138.310  mean_loss=19.01960  mean_foundation= 31.0/52  lifetime_outcomes={'won': 31, 'stalled': 2, 'truncated': 86, 'other': 0}  rss= 2211.1MB  (1174s)
step   108000/400000  eps=0.487  episodes=  121  mean_return=7046.295  mean_loss=19.14294  mean_foundation= 52.0/52  lifetime_outcomes={'won': 33, 'stalled': 2, 'truncated': 86, 'other': 0}  rss= 2217.1MB  (1177s)
step   109000/400000  eps=0.482  episodes=  122  mean_return=7042.820  mean_loss=19.94055  mean_foundation= 52.0/52  lifetime_outcomes={'won': 34, 'stalled': 2, 'truncated': 86, 'other': 0}  rss= 2221.2MB  (1181s)
step   110000/400000  eps=0.478  episodes=  123  mean_return=7042.110  mean_loss=20.12518  mean_foundation= 52.0/52  lifetime_outcomes={'won': 35, 'stalled': 2, 'truncated': 86, 'other': 0}  rss= 2223.2MB  (1184s)
  EVAL  step   110000  win_rate=0.00%  mean_return=345.300  mean_foundation=  2.8/52  mean_length=1000.0  (greedy, 100 fixed deals)
step   111000/400000  eps=0.473  episodes=  124  mean_return=840.000  mean_loss=19.21029  mean_foundation=  4.0/52  lifetime_outcomes={'won': 35, 'stalled': 2, 'truncated': 87, 'other': 0}  rss= 2227.2MB  (1275s)
step   112000/400000  eps=0.468  episodes=  126  mean_return=3987.015  mean_loss=19.23261  mean_foundation= 37.0/52  lifetime_outcomes={'won': 36, 'stalled': 2, 'truncated': 88, 'other': 0}  rss= 2233.3MB  (1278s)
step   113000/400000  eps=0.463  episodes=  127  mean_return=1060.000  mean_loss=18.68292  mean_foundation=  3.0/52  lifetime_outcomes={'won': 36, 'stalled': 2, 'truncated': 89, 'other': 0}  rss= 2239.6MB  (1281s)
step   114000/400000  eps=0.459  episodes=  128  mean_return=1460.000  mean_loss=17.78148  mean_foundation= 24.0/52  lifetime_outcomes={'won': 36, 'stalled': 2, 'truncated': 90, 'other': 0}  rss= 2241.6MB  (1284s)
step   115000/400000  eps=0.454  episodes=  129  mean_return=1370.000  mean_loss=18.14878  mean_foundation= 26.0/52  lifetime_outcomes={'won': 36, 'stalled': 2, 'truncated': 91, 'other': 0}  rss= 2247.7MB  (1288s)
step   116000/400000  eps=0.449  episodes=  130  mean_return=810.000  mean_loss=18.51742  mean_foundation= 11.0/52  lifetime_outcomes={'won': 36, 'stalled': 2, 'truncated': 92, 'other': 0}  rss= 2251.7MB  (1291s)
step   117000/400000  eps=0.444  episodes=  131  mean_return=7041.020  mean_loss=18.28828  mean_foundation= 52.0/52  lifetime_outcomes={'won': 37, 'stalled': 2, 'truncated': 92, 'other': 0}  rss= 2253.7MB  (1294s)
step   118000/400000  eps=0.440  episodes=  133  mean_return=7044.675  mean_loss=17.94364  mean_foundation= 52.0/52  lifetime_outcomes={'won': 39, 'stalled': 2, 'truncated': 92, 'other': 0}  rss= 2255.9MB  (1297s)
step   119000/400000  eps=0.435  episodes=  134  mean_return=620.000  mean_loss=17.46924  mean_foundation=  8.0/52  lifetime_outcomes={'won': 39, 'stalled': 2, 'truncated': 93, 'other': 0}  rss= 2260.7MB  (1301s)
step   120000/400000  eps=0.430  episodes=  135  mean_return=740.000  mean_loss=17.79772  mean_foundation=  8.0/52  lifetime_outcomes={'won': 39, 'stalled': 2, 'truncated': 94, 'other': 0}  rss= 2262.3MB  (1304s)
  EVAL  step   120000  win_rate=0.00%  mean_return=335.200  mean_foundation=  2.6/52  mean_length=1000.0  (greedy, 100 fixed deals)
step   121000/400000  eps=0.425  episodes=  136  mean_return=600.000  mean_loss=16.89631  mean_foundation=  4.0/52  lifetime_outcomes={'won': 39, 'stalled': 2, 'truncated': 95, 'other': 0}  rss= 2271.6MB  (1392s)
step   122000/400000  eps=0.420  episodes=  137  mean_return=620.000  mean_loss=17.29206  mean_foundation=  2.0/52  lifetime_outcomes={'won': 39, 'stalled': 2, 'truncated': 96, 'other': 0}  rss= 2271.6MB  (1395s)
step   123000/400000  eps=0.416  episodes=  138  mean_return=910.000  mean_loss=17.25934  mean_foundation=  0.0/52  lifetime_outcomes={'won': 39, 'stalled': 2, 'truncated': 97, 'other': 0}  rss= 2271.6MB  (1398s)
step   124000/400000  eps=0.411  episodes=  139  mean_return=1560.000  mean_loss=16.94469  mean_foundation= 36.0/52  lifetime_outcomes={'won': 39, 'stalled': 2, 'truncated': 98, 'other': 0}  rss= 2271.6MB  (1402s)
step   125000/400000  eps=0.406  episodes=  140  mean_return=7043.710  mean_loss=17.39818  mean_foundation= 52.0/52  lifetime_outcomes={'won': 40, 'stalled': 2, 'truncated': 98, 'other': 0}  rss= 2271.6MB  (1405s)
step   126000/400000  eps=0.402  episodes=  141  mean_return=650.000  mean_loss=16.55895  mean_foundation=  5.0/52  lifetime_outcomes={'won': 40, 'stalled': 2, 'truncated': 99, 'other': 0}  rss= 2271.6MB  (1408s)
step   127000/400000  eps=0.397  episodes=  142  mean_return=1590.000  mean_loss=16.60081  mean_foundation= 17.0/52  lifetime_outcomes={'won': 40, 'stalled': 2, 'truncated': 100, 'other': 0}  rss= 2271.6MB  (1412s)
step   128000/400000  eps=0.392  episodes=  143  mean_return=590.000  mean_loss=16.62746  mean_foundation=  8.0/52  lifetime_outcomes={'won': 40, 'stalled': 2, 'truncated': 101, 'other': 0}  rss= 2271.6MB  (1415s)
step   129000/400000  eps=0.387  episodes=  145  mean_return=3646.145  mean_loss=16.61288  mean_foundation= 27.5/52  lifetime_outcomes={'won': 41, 'stalled': 2, 'truncated': 102, 'other': 0}  rss= 2271.6MB  (1418s)
step   130000/400000  eps=0.383  episodes=  146  mean_return=920.000  mean_loss=16.96592  mean_foundation= 10.0/52  lifetime_outcomes={'won': 41, 'stalled': 2, 'truncated': 103, 'other': 0}  rss= 2271.6MB  (1422s)
  EVAL  step   130000  win_rate=0.00%  mean_return=340.500  mean_foundation=  2.8/52  mean_length=1000.0  (greedy, 100 fixed deals)
step   131000/400000  eps=0.378  episodes=  147  mean_return=7000.240  mean_loss=16.01703  mean_foundation= 52.0/52  lifetime_outcomes={'won': 42, 'stalled': 2, 'truncated': 103, 'other': 0}  rss= 2271.6MB  (1514s)
step   132000/400000  eps=0.373  episodes=  148  mean_return=7045.690  mean_loss=16.82910  mean_foundation= 52.0/52  lifetime_outcomes={'won': 43, 'stalled': 2, 'truncated': 103, 'other': 0}  rss= 2271.6MB  (1517s)
step   133000/400000  eps=0.368  episodes=  149  mean_return=1100.000  mean_loss=16.14982  mean_foundation= 14.0/52  lifetime_outcomes={'won': 43, 'stalled': 2, 'truncated': 104, 'other': 0}  rss= 2271.6MB  (1521s)
step   134000/400000  eps=0.364  episodes=  150  mean_return=750.000  mean_loss=15.83637  mean_foundation=  7.0/52  lifetime_outcomes={'won': 43, 'stalled': 2, 'truncated': 105, 'other': 0}  rss= 2271.6MB  (1524s)
step   135000/400000  eps=0.359  episodes=  152  mean_return=7042.280  mean_loss=16.20670  mean_foundation= 52.0/52  lifetime_outcomes={'won': 45, 'stalled': 2, 'truncated': 105, 'other': 0}  rss= 2271.6MB  (1527s)
step   136000/400000  eps=0.354  episodes=  153  mean_return=7043.570  mean_loss=16.01312  mean_foundation= 52.0/52  lifetime_outcomes={'won': 46, 'stalled': 2, 'truncated': 105, 'other': 0}  rss= 2271.6MB  (1531s)
step   137000/400000  eps=0.349  episodes=  154  mean_return=1070.000  mean_loss=16.32278  mean_foundation=  9.0/52  lifetime_outcomes={'won': 46, 'stalled': 2, 'truncated': 106, 'other': 0}  rss= 2271.6MB  (1535s)
step   138000/400000  eps=0.345  episodes=  155  mean_return=310.000  mean_loss=16.00131  mean_foundation=  8.0/52  lifetime_outcomes={'won': 46, 'stalled': 2, 'truncated': 107, 'other': 0}  rss= 2271.6MB  (1538s)
step   139000/400000  eps=0.340  episodes=  156  mean_return=1150.000  mean_loss=16.15930  mean_foundation= 12.0/52  lifetime_outcomes={'won': 46, 'stalled': 2, 'truncated': 108, 'other': 0}  rss= 2271.6MB  (1541s)
step   140000/400000  eps=0.335  episodes=  157  mean_return=7040.980  mean_loss=16.19716  mean_foundation= 52.0/52  lifetime_outcomes={'won': 47, 'stalled': 2, 'truncated': 108, 'other': 0}  rss= 2271.6MB  (1545s)
  EVAL  step   140000  win_rate=0.00%  mean_return=363.500  mean_foundation=  2.9/52  mean_length=1000.0  (greedy, 100 fixed deals)
step   141000/400000  eps=0.330  episodes=  159  mean_return=4072.800  mean_loss=16.14804  mean_foundation= 29.0/52  lifetime_outcomes={'won': 48, 'stalled': 2, 'truncated': 109, 'other': 0}  rss= 2271.6MB  (1640s)
step   142000/400000  eps=0.326  episodes=  160  mean_return=7046.590  mean_loss=16.48635  mean_foundation= 52.0/52  lifetime_outcomes={'won': 49, 'stalled': 2, 'truncated': 109, 'other': 0}  rss= 2271.6MB  (1643s)
step   143000/400000  eps=0.321  episodes=  161  mean_return=170.000  mean_loss=15.86379  mean_foundation=  2.0/52  lifetime_outcomes={'won': 49, 'stalled': 2, 'truncated': 110, 'other': 0}  rss= 2271.6MB  (1646s)
step   144000/400000  eps=0.316  episodes=  163  mean_return=4411.475  mean_loss=15.50880  mean_foundation= 46.5/52  lifetime_outcomes={'won': 50, 'stalled': 2, 'truncated': 111, 'other': 0}  rss= 2271.6MB  (1650s)
step   145000/400000  eps=0.311  episodes=  164  mean_return=7040.030  mean_loss=15.90296  mean_foundation= 52.0/52  lifetime_outcomes={'won': 51, 'stalled': 2, 'truncated': 111, 'other': 0}  rss= 2271.6MB  (1653s)
step   146000/400000  eps=0.306  episodes=  165  mean_return=7040.170  mean_loss=15.81588  mean_foundation= 52.0/52  lifetime_outcomes={'won': 52, 'stalled': 2, 'truncated': 111, 'other': 0}  rss= 2271.6MB  (1656s)
step   147000/400000  eps=0.302  episodes=  166  mean_return=540.000  mean_loss=15.95146  mean_foundation=  5.0/52  lifetime_outcomes={'won': 52, 'stalled': 2, 'truncated': 112, 'other': 0}  rss= 2271.6MB  (1660s)
step   148000/400000  eps=0.297  episodes=  167  mean_return=1170.000  mean_loss=15.52119  mean_foundation=  4.0/52  lifetime_outcomes={'won': 52, 'stalled': 2, 'truncated': 113, 'other': 0}  rss= 2271.6MB  (1664s)
step   149000/400000  eps=0.292  episodes=  168  mean_return=7044.940  mean_loss=15.73991  mean_foundation= 52.0/52  lifetime_outcomes={'won': 53, 'stalled': 2, 'truncated': 113, 'other': 0}  rss= 2271.6MB  (1667s)
step   150000/400000  eps=0.288  episodes=  169  mean_return=7042.290  mean_loss=15.29274  mean_foundation= 52.0/52  lifetime_outcomes={'won': 54, 'stalled': 2, 'truncated': 113, 'other': 0}  rss= 2271.6MB  (1671s)
  EVAL  step   150000  win_rate=0.00%  mean_return=347.000  mean_foundation=  2.6/52  mean_length=1000.0  (greedy, 100 fixed deals)
step   151000/400000  eps=0.283  episodes=  171  mean_return=3812.185  mean_loss=15.61122  mean_foundation= 26.5/52  lifetime_outcomes={'won': 55, 'stalled': 2, 'truncated': 114, 'other': 0}  rss= 2271.6MB  (1759s)
step   152000/400000  eps=0.278  episodes=  172  mean_return=7044.430  mean_loss=15.43199  mean_foundation= 52.0/52  lifetime_outcomes={'won': 56, 'stalled': 2, 'truncated': 114, 'other': 0}  rss= 2271.6MB  (1763s)
step   153000/400000  eps=0.273  episodes=  173  mean_return=1660.000  mean_loss=15.51151  mean_foundation= 33.0/52  lifetime_outcomes={'won': 56, 'stalled': 2, 'truncated': 115, 'other': 0}  rss= 2271.6MB  (1766s)
step   154000/400000  eps=0.269  episodes=  174  mean_return=1200.000  mean_loss=15.22164  mean_foundation=  6.0/52  lifetime_outcomes={'won': 56, 'stalled': 2, 'truncated': 116, 'other': 0}  rss= 2271.6MB  (1770s)
step   155000/400000  eps=0.264  episodes=  175  mean_return=1610.000  mean_loss=14.94501  mean_foundation= 24.0/52  lifetime_outcomes={'won': 56, 'stalled': 2, 'truncated': 117, 'other': 0}  rss= 2271.6MB  (1773s)
step   156000/400000  eps=0.259  episodes=  176  mean_return=1170.000  mean_loss=15.36424  mean_foundation=  9.0/52  lifetime_outcomes={'won': 56, 'stalled': 2, 'truncated': 118, 'other': 0}  rss= 2271.6MB  (1777s)
step   157000/400000  eps=0.254  episodes=  177  mean_return=1550.000  mean_loss=15.38870  mean_foundation= 10.0/52  lifetime_outcomes={'won': 56, 'stalled': 2, 'truncated': 119, 'other': 0}  rss= 2271.6MB  (1780s)
step   158000/400000  eps=0.250  episodes=  178  mean_return=910.000  mean_loss=14.66166  mean_foundation=  5.0/52  lifetime_outcomes={'won': 56, 'stalled': 2, 'truncated': 120, 'other': 0}  rss= 2271.6MB  (1784s)
step   159000/400000  eps=0.245  episodes=  179  mean_return=7042.730  mean_loss=15.14924  mean_foundation= 52.0/52  lifetime_outcomes={'won': 57, 'stalled': 2, 'truncated': 120, 'other': 0}  rss= 2271.6MB  (1787s)
step   160000/400000  eps=0.240  episodes=  180  mean_return=370.000  mean_loss=14.55377  mean_foundation=  2.0/52  lifetime_outcomes={'won': 57, 'stalled': 2, 'truncated': 121, 'other': 0}  rss= 2271.6MB  (1790s)
  EVAL  step   160000  win_rate=0.00%  mean_return=358.000  mean_foundation=  2.7/52  mean_length=1000.0  (greedy, 100 fixed deals)
step   161000/400000  eps=0.235  episodes=  181  mean_return=1220.000  mean_loss=14.17648  mean_foundation=  4.0/52  lifetime_outcomes={'won': 57, 'stalled': 2, 'truncated': 122, 'other': 0}  rss= 2271.6MB  (1880s)
step   162000/400000  eps=0.231  episodes=  182  mean_return=1120.000  mean_loss=13.82108  mean_foundation=  6.0/52  lifetime_outcomes={'won': 57, 'stalled': 2, 'truncated': 123, 'other': 0}  rss= 2271.6MB  (1884s)
step   163000/400000  eps=0.226  episodes=  183  mean_return=750.000  mean_loss=14.13226  mean_foundation=  7.0/52  lifetime_outcomes={'won': 57, 'stalled': 2, 'truncated': 124, 'other': 0}  rss= 2271.6MB  (1888s)
step   164000/400000  eps=0.221  episodes=  184  mean_return=1490.000  mean_loss=13.90784  mean_foundation= 22.0/52  lifetime_outcomes={'won': 57, 'stalled': 2, 'truncated': 125, 'other': 0}  rss= 2271.6MB  (1891s)
step   165000/400000  eps=0.216  episodes=  185  mean_return=1050.000  mean_loss=13.95142  mean_foundation= 15.0/52  lifetime_outcomes={'won': 57, 'stalled': 2, 'truncated': 126, 'other': 0}  rss= 2271.6MB  (1895s)
step   166000/400000  eps=0.212  episodes=  186  mean_return=1470.000  mean_loss=13.56467  mean_foundation= 12.0/52  lifetime_outcomes={'won': 57, 'stalled': 2, 'truncated': 127, 'other': 0}  rss= 2271.6MB  (1898s)
step   167000/400000  eps=0.207  episodes=  188  mean_return=4281.305  mean_loss=13.22872  mean_foundation= 32.0/52  lifetime_outcomes={'won': 58, 'stalled': 2, 'truncated': 128, 'other': 0}  rss= 2271.6MB  (1902s)
step   168000/400000  eps=0.202  episodes=  189  mean_return=1300.000  mean_loss=13.39003  mean_foundation= 12.0/52  lifetime_outcomes={'won': 58, 'stalled': 2, 'truncated': 129, 'other': 0}  rss= 2271.6MB  (1905s)
step   169000/400000  eps=0.197  episodes=  190  mean_return=590.000  mean_loss=13.43363  mean_foundation=  6.0/52  lifetime_outcomes={'won': 58, 'stalled': 2, 'truncated': 130, 'other': 0}  rss= 2271.6MB  (1909s)
step   170000/400000  eps=0.193  episodes=  191  mean_return=7044.140  mean_loss=13.35620  mean_foundation= 52.0/52  lifetime_outcomes={'won': 59, 'stalled': 2, 'truncated': 130, 'other': 0}  rss= 2271.6MB  (1912s)
  EVAL  step   170000  win_rate=0.00%  mean_return=348.000  mean_foundation=  3.0/52  mean_length=1000.0  (greedy, 100 fixed deals)
step   171000/400000  eps=0.188  episodes=  192  mean_return=110.000  mean_loss=13.12713  mean_foundation=  5.0/52  lifetime_outcomes={'won': 59, 'stalled': 2, 'truncated': 131, 'other': 0}  rss= 2271.6MB  (2003s)
step   172000/400000  eps=0.183  episodes=  193  mean_return=820.000  mean_loss=13.21536  mean_foundation=  7.0/52  lifetime_outcomes={'won': 59, 'stalled': 2, 'truncated': 132, 'other': 0}  rss= 2271.6MB  (2006s)
step   173000/400000  eps=0.178  episodes=  194  mean_return=1100.000  mean_loss=12.66931  mean_foundation= 11.0/52  lifetime_outcomes={'won': 59, 'stalled': 2, 'truncated': 133, 'other': 0}  rss= 2271.6MB  (2010s)
step   174000/400000  eps=0.173  episodes=  195  mean_return=740.000  mean_loss=12.14104  mean_foundation=  5.0/52  lifetime_outcomes={'won': 59, 'stalled': 2, 'truncated': 134, 'other': 0}  rss= 2271.6MB  (2013s)
step   175000/400000  eps=0.169  episodes=  196  mean_return=1500.000  mean_loss=12.67509  mean_foundation= 22.0/52  lifetime_outcomes={'won': 59, 'stalled': 2, 'truncated': 135, 'other': 0}  rss= 2271.6MB  (2017s)
step   176000/400000  eps=0.164  episodes=  197  mean_return=760.000  mean_loss=12.80655  mean_foundation=  8.0/52  lifetime_outcomes={'won': 59, 'stalled': 2, 'truncated': 136, 'other': 0}  rss= 2271.6MB  (2020s)
step   177000/400000  eps=0.159  episodes=  199  mean_return=3807.185  mean_loss=11.85919  mean_foundation= 33.5/52  lifetime_outcomes={'won': 60, 'stalled': 2, 'truncated': 137, 'other': 0}  rss= 2271.6MB  (2024s)
step   178000/400000  eps=0.155  episodes=  200  mean_return=480.000  mean_loss=12.24856  mean_foundation=  3.0/52  lifetime_outcomes={'won': 60, 'stalled': 2, 'truncated': 138, 'other': 0}  rss= 2271.6MB  (2027s)
step   179000/400000  eps=0.150  episodes=  201  mean_return=7047.140  mean_loss=11.85187  mean_foundation= 52.0/52  lifetime_outcomes={'won': 61, 'stalled': 2, 'truncated': 138, 'other': 0}  rss= 2271.6MB  (2031s)
step   180000/400000  eps=0.145  episodes=  202  mean_return=1240.000  mean_loss=12.02450  mean_foundation= 21.0/52  lifetime_outcomes={'won': 61, 'stalled': 2, 'truncated': 139, 'other': 0}  rss= 2271.6MB  (2034s)
  EVAL  step   180000  win_rate=0.00%  mean_return=349.500  mean_foundation=  2.7/52  mean_length=1000.0  (greedy, 100 fixed deals)
step   181000/400000  eps=0.140  episodes=  203  mean_return=1220.000  mean_loss=11.83916  mean_foundation= 13.0/52  lifetime_outcomes={'won': 61, 'stalled': 2, 'truncated': 140, 'other': 0}  rss= 2271.6MB  (2125s)
step   182000/400000  eps=0.136  episodes=  204  mean_return=1090.000  mean_loss=11.38534  mean_foundation= 14.0/52  lifetime_outcomes={'won': 61, 'stalled': 2, 'truncated': 141, 'other': 0}  rss= 2271.6MB  (2128s)
step   183000/400000  eps=0.131  episodes=  205  mean_return=800.000  mean_loss=11.44552  mean_foundation=  2.0/52  lifetime_outcomes={'won': 61, 'stalled': 2, 'truncated': 142, 'other': 0}  rss= 2271.6MB  (2132s)
step   184000/400000  eps=0.126  episodes=  206  mean_return=1510.000  mean_loss=11.29224  mean_foundation= 14.0/52  lifetime_outcomes={'won': 61, 'stalled': 2, 'truncated': 143, 'other': 0}  rss= 2271.6MB  (2136s)
step   185000/400000  eps=0.121  episodes=  207  mean_return=1700.000  mean_loss=11.03894  mean_foundation= 20.0/52  lifetime_outcomes={'won': 61, 'stalled': 2, 'truncated': 144, 'other': 0}  rss= 2271.6MB  (2139s)
step   186000/400000  eps=0.117  episodes=  208  mean_return=600.000  mean_loss=11.24315  mean_foundation=  9.0/52  lifetime_outcomes={'won': 61, 'stalled': 2, 'truncated': 145, 'other': 0}  rss= 2271.6MB  (2143s)
step   187000/400000  eps=0.112  episodes=  209  mean_return=1530.000  mean_loss=10.65012  mean_foundation= 27.0/52  lifetime_outcomes={'won': 61, 'stalled': 2, 'truncated': 146, 'other': 0}  rss= 2271.6MB  (2147s)
step   188000/400000  eps=0.107  episodes=  210  mean_return=1320.000  mean_loss=10.53106  mean_foundation=  7.0/52  lifetime_outcomes={'won': 61, 'stalled': 2, 'truncated': 147, 'other': 0}  rss= 2271.6MB  (2150s)
step   189000/400000  eps=0.102  episodes=  211  mean_return=1120.000  mean_loss=10.34289  mean_foundation= 11.0/52  lifetime_outcomes={'won': 61, 'stalled': 2, 'truncated': 148, 'other': 0}  rss= 2271.6MB  (2154s)
step   190000/400000  eps=0.098  episodes=  212  mean_return=770.000  mean_loss=10.42776  mean_foundation=  8.0/52  lifetime_outcomes={'won': 61, 'stalled': 2, 'truncated': 149, 'other': 0}  rss= 2271.6MB  (2157s)
  EVAL  step   190000  win_rate=0.00%  mean_return=367.300  mean_foundation=  3.1/52  mean_length=1000.0  (greedy, 100 fixed deals)
step   191000/400000  eps=0.093  episodes=  214  mean_return=3872.630  mean_loss= 9.97601  mean_foundation= 27.0/52  lifetime_outcomes={'won': 62, 'stalled': 2, 'truncated': 150, 'other': 0}  rss= 2271.6MB  (2248s)
step   192000/400000  eps=0.088  episodes=  215  mean_return=1760.000  mean_loss=10.23203  mean_foundation= 34.0/52  lifetime_outcomes={'won': 62, 'stalled': 2, 'truncated': 151, 'other': 0}  rss= 2271.6MB  (2252s)
step   193000/400000  eps=0.083  episodes=  216  mean_return=2010.000  mean_loss= 9.94434  mean_foundation= 49.0/52  lifetime_outcomes={'won': 62, 'stalled': 2, 'truncated': 152, 'other': 0}  rss= 2271.6MB  (2256s)
step   194000/400000  eps=0.079  episodes=  217  mean_return=1620.000  mean_loss=10.15461  mean_foundation= 32.0/52  lifetime_outcomes={'won': 62, 'stalled': 2, 'truncated': 153, 'other': 0}  rss= 2271.6MB  (2259s)
step   195000/400000  eps=0.074  episodes=  218  mean_return=990.000  mean_loss= 9.48054  mean_foundation= 14.0/52  lifetime_outcomes={'won': 62, 'stalled': 2, 'truncated': 154, 'other': 0}  rss= 2271.6MB  (2262s)
step   196000/400000  eps=0.069  episodes=  219  mean_return=900.000  mean_loss= 9.79580  mean_foundation=  6.0/52  lifetime_outcomes={'won': 62, 'stalled': 2, 'truncated': 155, 'other': 0}  rss= 2271.6MB  (2266s)
step   197000/400000  eps=0.064  episodes=  220  mean_return=1700.000  mean_loss= 9.73706  mean_foundation= 18.0/52  lifetime_outcomes={'won': 62, 'stalled': 2, 'truncated': 156, 'other': 0}  rss= 2271.6MB  (2269s)
step   198000/400000  eps=0.059  episodes=  221  mean_return=1390.000  mean_loss= 9.75638  mean_foundation= 26.0/52  lifetime_outcomes={'won': 62, 'stalled': 2, 'truncated': 157, 'other': 0}  rss= 2271.6MB  (2273s)
step   199000/400000  eps=0.055  episodes=  222  mean_return=850.000  mean_loss= 9.24042  mean_foundation= 13.0/52  lifetime_outcomes={'won': 62, 'stalled': 2, 'truncated': 158, 'other': 0}  rss= 2271.6MB  (2276s)
step   200000/400000  eps=0.050  episodes=  223  mean_return=1080.000  mean_loss= 9.52044  mean_foundation= 13.0/52  lifetime_outcomes={'won': 62, 'stalled': 2, 'truncated': 159, 'other': 0}  rss= 2271.6MB  (2279s)
  EVAL  step   200000  win_rate=0.00%  mean_return=349.100  mean_foundation=  2.6/52  mean_length=1000.0  (greedy, 100 fixed deals)
step   201000/400000  eps=0.050  episodes=  224  mean_return=350.000  mean_loss= 9.55720  mean_foundation=  5.0/52  lifetime_outcomes={'won': 62, 'stalled': 2, 'truncated': 160, 'other': 0}  rss= 2271.6MB  (2371s)
step   202000/400000  eps=0.050  episodes=  225  mean_return=720.000  mean_loss= 9.44699  mean_foundation=  9.0/52  lifetime_outcomes={'won': 62, 'stalled': 2, 'truncated': 161, 'other': 0}  rss= 2271.6MB  (2374s)
step   203000/400000  eps=0.050  episodes=  226  mean_return=130.000  mean_loss= 8.93273  mean_foundation=  1.0/52  lifetime_outcomes={'won': 62, 'stalled': 2, 'truncated': 162, 'other': 0}  rss= 2271.6MB  (2378s)
step   204000/400000  eps=0.050  episodes=  227  mean_return=880.000  mean_loss= 8.60922  mean_foundation=  7.0/52  lifetime_outcomes={'won': 62, 'stalled': 2, 'truncated': 163, 'other': 0}  rss= 2271.6MB  (2382s)
step   205000/400000  eps=0.050  episodes=  228  mean_return=240.000  mean_loss= 9.00309  mean_foundation=  4.0/52  lifetime_outcomes={'won': 62, 'stalled': 2, 'truncated': 164, 'other': 0}  rss= 2271.6MB  (2385s)
step   206000/400000  eps=0.050  episodes=  229  mean_return=240.000  mean_loss= 8.89714  mean_foundation=  5.0/52  lifetime_outcomes={'won': 62, 'stalled': 2, 'truncated': 165, 'other': 0}  rss= 2271.6MB  (2389s)
step   207000/400000  eps=0.050  episodes=  230  mean_return=1010.000  mean_loss= 8.78092  mean_foundation= 10.0/52  lifetime_outcomes={'won': 62, 'stalled': 2, 'truncated': 166, 'other': 0}  rss= 2271.6MB  (2392s)
step   208000/400000  eps=0.050  episodes=  231  mean_return= 50.000  mean_loss= 8.62824  mean_foundation=  5.0/52  lifetime_outcomes={'won': 62, 'stalled': 2, 'truncated': 167, 'other': 0}  rss= 2271.6MB  (2396s)
step   209000/400000  eps=0.050  episodes=  232  mean_return=1890.000  mean_loss= 8.56351  mean_foundation= 47.0/52  lifetime_outcomes={'won': 62, 'stalled': 2, 'truncated': 168, 'other': 0}  rss= 2271.6MB  (2399s)
step   210000/400000  eps=0.050  episodes=  233  mean_return=620.000  mean_loss= 8.18236  mean_foundation=  3.0/52  lifetime_outcomes={'won': 62, 'stalled': 2, 'truncated': 169, 'other': 0}  rss= 2271.6MB  (2403s)
  EVAL  step   210000  win_rate=0.00%  mean_return=345.000  mean_foundation=  2.7/52  mean_length=1000.0  (greedy, 100 fixed deals)
step   211000/400000  eps=0.050  episodes=  234  mean_return=430.000  mean_loss= 7.94592  mean_foundation=  4.0/52  lifetime_outcomes={'won': 62, 'stalled': 2, 'truncated': 170, 'other': 0}  rss= 2271.6MB  (2494s)
step   212000/400000  eps=0.050  episodes=  235  mean_return=550.000  mean_loss= 8.18804  mean_foundation=  6.0/52  lifetime_outcomes={'won': 62, 'stalled': 2, 'truncated': 171, 'other': 0}  rss= 2271.6MB  (2498s)
step   213000/400000  eps=0.050  episodes=  236  mean_return=410.000  mean_loss= 7.98360  mean_foundation=  9.0/52  lifetime_outcomes={'won': 62, 'stalled': 2, 'truncated': 172, 'other': 0}  rss= 2271.6MB  (2501s)
step   214000/400000  eps=0.050  episodes=  237  mean_return=400.000  mean_loss= 8.06327  mean_foundation=  5.0/52  lifetime_outcomes={'won': 62, 'stalled': 2, 'truncated': 173, 'other': 0}  rss= 2271.6MB  (2505s)
step   215000/400000  eps=0.050  episodes=  238  mean_return=1590.000  mean_loss= 7.82882  mean_foundation= 19.0/52  lifetime_outcomes={'won': 62, 'stalled': 2, 'truncated': 174, 'other': 0}  rss= 2271.6MB  (2508s)
step   216000/400000  eps=0.050  episodes=  239  mean_return=570.000  mean_loss= 7.88838  mean_foundation=  2.0/52  lifetime_outcomes={'won': 62, 'stalled': 2, 'truncated': 175, 'other': 0}  rss= 2271.6MB  (2512s)
step   217000/400000  eps=0.050  episodes=  240  mean_return=840.000  mean_loss= 7.73318  mean_foundation=  9.0/52  lifetime_outcomes={'won': 62, 'stalled': 2, 'truncated': 176, 'other': 0}  rss= 2271.6MB  (2515s)
step   218000/400000  eps=0.050  episodes=  241  mean_return=1020.000  mean_loss= 7.78226  mean_foundation= 14.0/52  lifetime_outcomes={'won': 62, 'stalled': 2, 'truncated': 177, 'other': 0}  rss= 2271.6MB  (2519s)
step   219000/400000  eps=0.050  episodes=  242  mean_return=800.000  mean_loss= 7.50457  mean_foundation=  7.0/52  lifetime_outcomes={'won': 62, 'stalled': 2, 'truncated': 178, 'other': 0}  rss= 2271.6MB  (2522s)
step   220000/400000  eps=0.050  episodes=  243  mean_return=730.000  mean_loss= 7.62858  mean_foundation= 12.0/52  lifetime_outcomes={'won': 62, 'stalled': 2, 'truncated': 179, 'other': 0}  rss= 2271.6MB  (2526s)
  EVAL  step   220000  win_rate=0.00%  mean_return=347.100  mean_foundation=  2.6/52  mean_length=1000.0  (greedy, 100 fixed deals)
step   221000/400000  eps=0.050  episodes=  244  mean_return=770.000  mean_loss= 7.50482  mean_foundation=  7.0/52  lifetime_outcomes={'won': 62, 'stalled': 2, 'truncated': 180, 'other': 0}  rss= 2271.6MB  (2615s)
step   222000/400000  eps=0.050  episodes=  245  mean_return=230.000  mean_loss= 7.72031  mean_foundation=  3.0/52  lifetime_outcomes={'won': 62, 'stalled': 2, 'truncated': 181, 'other': 0}  rss= 2271.6MB  (2618s)
step   223000/400000  eps=0.050  episodes=  246  mean_return=240.000  mean_loss= 6.99506  mean_foundation=  4.0/52  lifetime_outcomes={'won': 62, 'stalled': 2, 'truncated': 182, 'other': 0}  rss= 2271.6MB  (2622s)
step   224000/400000  eps=0.050  episodes=  247  mean_return=1100.000  mean_loss= 7.03970  mean_foundation=  7.0/52  lifetime_outcomes={'won': 62, 'stalled': 2, 'truncated': 183, 'other': 0}  rss= 2271.6MB  (2626s)
step   225000/400000  eps=0.050  episodes=  248  mean_return=690.000  mean_loss= 6.80251  mean_foundation=  3.0/52  lifetime_outcomes={'won': 62, 'stalled': 2, 'truncated': 184, 'other': 0}  rss= 2271.6MB  (2629s)
step   226000/400000  eps=0.050  episodes=  249  mean_return=1130.000  mean_loss= 7.07299  mean_foundation=  7.0/52  lifetime_outcomes={'won': 62, 'stalled': 2, 'truncated': 185, 'other': 0}  rss= 2271.6MB  (2633s)
step   227000/400000  eps=0.050  episodes=  250  mean_return=670.000  mean_loss= 7.12791  mean_foundation= 10.0/52  lifetime_outcomes={'won': 62, 'stalled': 2, 'truncated': 186, 'other': 0}  rss= 2271.6MB  (2636s)
step   228000/400000  eps=0.050  episodes=  251  mean_return=520.000  mean_loss= 6.87448  mean_foundation=  4.0/52  lifetime_outcomes={'won': 62, 'stalled': 2, 'truncated': 187, 'other': 0}  rss= 2271.6MB  (2639s)
step   229000/400000  eps=0.050  episodes=  252  mean_return=610.000  mean_loss= 6.86296  mean_foundation=  2.0/52  lifetime_outcomes={'won': 62, 'stalled': 2, 'truncated': 188, 'other': 0}  rss= 2271.6MB  (2643s)
step   230000/400000  eps=0.050  episodes=  253  mean_return=1040.000  mean_loss= 6.34874  mean_foundation=  8.0/52  lifetime_outcomes={'won': 62, 'stalled': 2, 'truncated': 189, 'other': 0}  rss= 2271.6MB  (2647s)
  EVAL  step   230000  win_rate=0.00%  mean_return=327.900  mean_foundation=  2.3/52  mean_length=1000.0  (greedy, 100 fixed deals)
step   231000/400000  eps=0.050  episodes=  254  mean_return=1240.000  mean_loss= 6.39125  mean_foundation=  8.0/52  lifetime_outcomes={'won': 62, 'stalled': 2, 'truncated': 190, 'other': 0}  rss= 2271.6MB  (2736s)
step   232000/400000  eps=0.050  episodes=  255  mean_return=980.000  mean_loss= 6.47333  mean_foundation=  7.0/52  lifetime_outcomes={'won': 62, 'stalled': 2, 'truncated': 191, 'other': 0}  rss= 2271.6MB  (2740s)
step   233000/400000  eps=0.050  episodes=  256  mean_return=430.000  mean_loss= 6.04513  mean_foundation=  3.0/52  lifetime_outcomes={'won': 62, 'stalled': 2, 'truncated': 192, 'other': 0}  rss= 2271.6MB  (2743s)
step   234000/400000  eps=0.050  episodes=  257  mean_return=720.000  mean_loss= 6.15730  mean_foundation=  4.0/52  lifetime_outcomes={'won': 62, 'stalled': 2, 'truncated': 193, 'other': 0}  rss= 2271.6MB  (2746s)
step   235000/400000  eps=0.050  episodes=  258  mean_return=960.000  mean_loss= 5.99394  mean_foundation= 13.0/52  lifetime_outcomes={'won': 62, 'stalled': 2, 'truncated': 194, 'other': 0}  rss= 2271.6MB  (2750s)
step   236000/400000  eps=0.050  episodes=  259  mean_return=400.000  mean_loss= 5.71321  mean_foundation=  2.0/52  lifetime_outcomes={'won': 62, 'stalled': 2, 'truncated': 195, 'other': 0}  rss= 2271.6MB  (2753s)
step   237000/400000  eps=0.050  episodes=  260  mean_return=1100.000  mean_loss= 5.89251  mean_foundation= 15.0/52  lifetime_outcomes={'won': 62, 'stalled': 2, 'truncated': 196, 'other': 0}  rss= 2271.6MB  (2757s)
step   238000/400000  eps=0.050  episodes=  261  mean_return=600.000  mean_loss= 5.54186  mean_foundation=  3.0/52  lifetime_outcomes={'won': 62, 'stalled': 2, 'truncated': 197, 'other': 0}  rss= 2271.6MB  (2760s)
step   239000/400000  eps=0.050  episodes=  262  mean_return=1310.000  mean_loss= 5.80378  mean_foundation= 10.0/52  lifetime_outcomes={'won': 62, 'stalled': 2, 'truncated': 198, 'other': 0}  rss= 2271.6MB  (2764s)
step   240000/400000  eps=0.050  episodes=  263  mean_return=770.000  mean_loss= 5.64777  mean_foundation= 10.0/52  lifetime_outcomes={'won': 62, 'stalled': 2, 'truncated': 199, 'other': 0}  rss= 2271.6MB  (2767s)
  EVAL  step   240000  win_rate=0.00%  mean_return=344.000  mean_foundation=  2.5/52  mean_length=1000.0  (greedy, 100 fixed deals)
step   241000/400000  eps=0.050  episodes=  264  mean_return=590.000  mean_loss= 5.52583  mean_foundation=  8.0/52  lifetime_outcomes={'won': 62, 'stalled': 2, 'truncated': 200, 'other': 0}  rss= 2271.6MB  (2857s)
step   242000/400000  eps=0.050  episodes=  265  mean_return=510.000  mean_loss= 5.60053  mean_foundation=  5.0/52  lifetime_outcomes={'won': 62, 'stalled': 2, 'truncated': 201, 'other': 0}  rss= 2271.6MB  (2861s)
step   243000/400000  eps=0.050  episodes=  266  mean_return=630.000  mean_loss= 5.55196  mean_foundation=  9.0/52  lifetime_outcomes={'won': 62, 'stalled': 2, 'truncated': 202, 'other': 0}  rss= 2271.6MB  (2864s)
step   244000/400000  eps=0.050  episodes=  267  mean_return=570.000  mean_loss= 5.48583  mean_foundation=  7.0/52  lifetime_outcomes={'won': 62, 'stalled': 2, 'truncated': 203, 'other': 0}  rss= 2271.6MB  (2868s)
step   245000/400000  eps=0.050  episodes=  268  mean_return=7041.850  mean_loss= 5.73415  mean_foundation= 52.0/52  lifetime_outcomes={'won': 63, 'stalled': 2, 'truncated': 203, 'other': 0}  rss= 2271.6MB  (2871s)
step   246000/400000  eps=0.050  episodes=  269  mean_return=1800.000  mean_loss= 5.25097  mean_foundation= 36.0/52  lifetime_outcomes={'won': 63, 'stalled': 2, 'truncated': 204, 'other': 0}  rss= 2271.6MB  (2875s)
step   247000/400000  eps=0.050  episodes=  270  mean_return=670.000  mean_loss= 5.11173  mean_foundation=  8.0/52  lifetime_outcomes={'won': 63, 'stalled': 2, 'truncated': 205, 'other': 0}  rss= 2271.6MB  (2879s)
step   248000/400000  eps=0.050  episodes=  271  mean_return=1380.000  mean_loss= 5.28237  mean_foundation=  8.0/52  lifetime_outcomes={'won': 63, 'stalled': 2, 'truncated': 206, 'other': 0}  rss= 2271.6MB  (2882s)
step   249000/400000  eps=0.050  episodes=  272  mean_return=1160.000  mean_loss= 5.23347  mean_foundation= 18.0/52  lifetime_outcomes={'won': 63, 'stalled': 2, 'truncated': 207, 'other': 0}  rss= 2271.6MB  (2886s)
step   250000/400000  eps=0.050  episodes=  273  mean_return=580.000  mean_loss= 4.85591  mean_foundation= 12.0/52  lifetime_outcomes={'won': 63, 'stalled': 2, 'truncated': 208, 'other': 0}  rss= 2271.6MB  (2890s)
  EVAL  step   250000  win_rate=0.00%  mean_return=348.600  mean_foundation=  2.6/52  mean_length=1000.0  (greedy, 100 fixed deals)
step   251000/400000  eps=0.050  episodes=  274  mean_return=610.000  mean_loss= 5.10722  mean_foundation=  7.0/52  lifetime_outcomes={'won': 63, 'stalled': 2, 'truncated': 209, 'other': 0}  rss= 2271.6MB  (2979s)
step   252000/400000  eps=0.050  episodes=  275  mean_return=560.000  mean_loss= 5.08053  mean_foundation=  3.0/52  lifetime_outcomes={'won': 63, 'stalled': 2, 'truncated': 210, 'other': 0}  rss= 2271.6MB  (2983s)
step   253000/400000  eps=0.050  episodes=  276  mean_return=1330.000  mean_loss= 4.70185  mean_foundation= 15.0/52  lifetime_outcomes={'won': 63, 'stalled': 2, 'truncated': 211, 'other': 0}  rss= 2271.6MB  (2986s)
step   254000/400000  eps=0.050  episodes=  277  mean_return=820.000  mean_loss= 4.93307  mean_foundation=  2.0/52  lifetime_outcomes={'won': 63, 'stalled': 2, 'truncated': 212, 'other': 0}  rss= 2271.6MB  (2990s)
step   255000/400000  eps=0.050  episodes=  278  mean_return=230.000  mean_loss= 4.59898  mean_foundation=  0.0/52  lifetime_outcomes={'won': 63, 'stalled': 2, 'truncated': 213, 'other': 0}  rss= 2271.6MB  (2993s)
step   256000/400000  eps=0.050  episodes=  279  mean_return=470.000  mean_loss= 4.64929  mean_foundation=  9.0/52  lifetime_outcomes={'won': 63, 'stalled': 2, 'truncated': 214, 'other': 0}  rss= 2271.6MB  (2997s)
step   257000/400000  eps=0.050  episodes=  280  mean_return=1610.000  mean_loss= 4.59046  mean_foundation= 19.0/52  lifetime_outcomes={'won': 63, 'stalled': 2, 'truncated': 215, 'other': 0}  rss= 2271.6MB  (3000s)
step   258000/400000  eps=0.050  episodes=  281  mean_return=360.000  mean_loss= 4.45793  mean_foundation=  3.0/52  lifetime_outcomes={'won': 63, 'stalled': 2, 'truncated': 216, 'other': 0}  rss= 2271.6MB  (3004s)
step   259000/400000  eps=0.050  episodes=  282  mean_return=630.000  mean_loss= 4.62800  mean_foundation=  8.0/52  lifetime_outcomes={'won': 63, 'stalled': 2, 'truncated': 217, 'other': 0}  rss= 2271.6MB  (3007s)
step   260000/400000  eps=0.050  episodes=  283  mean_return=770.000  mean_loss= 4.46971  mean_foundation=  5.0/52  lifetime_outcomes={'won': 63, 'stalled': 2, 'truncated': 218, 'other': 0}  rss= 2271.6MB  (3010s)
  EVAL  step   260000  win_rate=0.00%  mean_return=343.700  mean_foundation=  2.6/52  mean_length=1000.0  (greedy, 100 fixed deals)
step   261000/400000  eps=0.050  episodes=  284  mean_return=260.000  mean_loss= 4.32410  mean_foundation=  1.0/52  lifetime_outcomes={'won': 63, 'stalled': 2, 'truncated': 219, 'other': 0}  rss= 2271.6MB  (3101s)
step   262000/400000  eps=0.050  episodes=  285  mean_return=840.000  mean_loss= 4.30347  mean_foundation= 10.0/52  lifetime_outcomes={'won': 63, 'stalled': 2, 'truncated': 220, 'other': 0}  rss= 2271.6MB  (3105s)
step   263000/400000  eps=0.050  episodes=  286  mean_return=1490.000  mean_loss= 4.13906  mean_foundation= 14.0/52  lifetime_outcomes={'won': 63, 'stalled': 2, 'truncated': 221, 'other': 0}  rss= 2271.6MB  (3108s)
step   264000/400000  eps=0.050  episodes=  287  mean_return=720.000  mean_loss= 4.21544  mean_foundation= 10.0/52  lifetime_outcomes={'won': 63, 'stalled': 2, 'truncated': 222, 'other': 0}  rss= 2271.6MB  (3112s)
step   265000/400000  eps=0.050  episodes=  288  mean_return=370.000  mean_loss= 4.13028  mean_foundation=  3.0/52  lifetime_outcomes={'won': 63, 'stalled': 2, 'truncated': 223, 'other': 0}  rss= 2271.6MB  (3115s)
step   266000/400000  eps=0.050  episodes=  289  mean_return=850.000  mean_loss= 3.94719  mean_foundation=  9.0/52  lifetime_outcomes={'won': 63, 'stalled': 2, 'truncated': 224, 'other': 0}  rss= 2271.6MB  (3119s)
step   267000/400000  eps=0.050  episodes=  290  mean_return=600.000  mean_loss= 3.80418  mean_foundation=  4.0/52  lifetime_outcomes={'won': 63, 'stalled': 2, 'truncated': 225, 'other': 0}  rss= 2271.6MB  (3122s)
step   268000/400000  eps=0.050  episodes=  291  mean_return=870.000  mean_loss= 3.86062  mean_foundation=  5.0/52  lifetime_outcomes={'won': 63, 'stalled': 2, 'truncated': 226, 'other': 0}  rss= 2271.6MB  (3126s)
step   269000/400000  eps=0.050  episodes=  292  mean_return=440.000  mean_loss= 3.86721  mean_foundation=  6.0/52  lifetime_outcomes={'won': 63, 'stalled': 2, 'truncated': 227, 'other': 0}  rss= 2271.6MB  (3129s)
step   270000/400000  eps=0.050  episodes=  293  mean_return=1270.000  mean_loss= 3.70009  mean_foundation= 24.0/52  lifetime_outcomes={'won': 63, 'stalled': 2, 'truncated': 228, 'other': 0}  rss= 2271.6MB  (3133s)
  EVAL  step   270000  win_rate=0.00%  mean_return=338.000  mean_foundation=  2.6/52  mean_length=1000.0  (greedy, 100 fixed deals)
step   271000/400000  eps=0.050  episodes=  294  mean_return=420.000  mean_loss= 3.66481  mean_foundation=  4.0/52  lifetime_outcomes={'won': 63, 'stalled': 2, 'truncated': 229, 'other': 0}  rss= 2271.6MB  (3220s)
step   272000/400000  eps=0.050  episodes=  295  mean_return=790.000  mean_loss= 3.53150  mean_foundation=  5.0/52  lifetime_outcomes={'won': 63, 'stalled': 2, 'truncated': 230, 'other': 0}  rss= 2271.6MB  (3224s)
step   273000/400000  eps=0.050  episodes=  296  mean_return=780.000  mean_loss= 3.61497  mean_foundation=  4.0/52  lifetime_outcomes={'won': 63, 'stalled': 2, 'truncated': 231, 'other': 0}  rss= 2271.6MB  (3227s)
step   274000/400000  eps=0.050  episodes=  297  mean_return=600.000  mean_loss= 3.35412  mean_foundation=  4.0/52  lifetime_outcomes={'won': 63, 'stalled': 2, 'truncated': 232, 'other': 0}  rss= 2271.6MB  (3231s)
step   275000/400000  eps=0.050  episodes=  298  mean_return=150.000  mean_loss= 3.41617  mean_foundation=  1.0/52  lifetime_outcomes={'won': 63, 'stalled': 2, 'truncated': 233, 'other': 0}  rss= 2271.6MB  (3234s)
step   276000/400000  eps=0.050  episodes=  299  mean_return=620.000  mean_loss= 3.36966  mean_foundation=  9.0/52  lifetime_outcomes={'won': 63, 'stalled': 2, 'truncated': 234, 'other': 0}  rss= 2271.6MB  (3237s)
step   277000/400000  eps=0.050  episodes=  300  mean_return=710.000  mean_loss= 3.26206  mean_foundation=  8.0/52  lifetime_outcomes={'won': 63, 'stalled': 2, 'truncated': 235, 'other': 0}  rss= 2271.6MB  (3241s)
step   278000/400000  eps=0.050  episodes=  301  mean_return=700.000  mean_loss= 3.31067  mean_foundation=  6.0/52  lifetime_outcomes={'won': 63, 'stalled': 2, 'truncated': 236, 'other': 0}  rss= 2271.6MB  (3244s)
step   279000/400000  eps=0.050  episodes=  302  mean_return=480.000  mean_loss= 3.20108  mean_foundation=  3.0/52  lifetime_outcomes={'won': 63, 'stalled': 2, 'truncated': 237, 'other': 0}  rss= 2271.6MB  (3248s)
step   280000/400000  eps=0.050  episodes=  303  mean_return=1570.000  mean_loss= 3.16334  mean_foundation= 30.0/52  lifetime_outcomes={'won': 63, 'stalled': 2, 'truncated': 238, 'other': 0}  rss= 2271.6MB  (3251s)
  EVAL  step   280000  win_rate=0.00%  mean_return=342.900  mean_foundation=  2.4/52  mean_length=1000.0  (greedy, 100 fixed deals)
step   281000/400000  eps=0.050  episodes=  304  mean_return=930.000  mean_loss= 3.12944  mean_foundation= 14.0/52  lifetime_outcomes={'won': 63, 'stalled': 2, 'truncated': 239, 'other': 0}  rss= 2271.6MB  (3339s)
step   282000/400000  eps=0.050  episodes=  305  mean_return=670.000  mean_loss= 3.19886  mean_foundation=  8.0/52  lifetime_outcomes={'won': 63, 'stalled': 2, 'truncated': 240, 'other': 0}  rss= 2271.6MB  (3342s)
step   283000/400000  eps=0.050  episodes=  306  mean_return=1290.000  mean_loss= 3.00007  mean_foundation= 11.0/52  lifetime_outcomes={'won': 63, 'stalled': 2, 'truncated': 241, 'other': 0}  rss= 2271.6MB  (3346s)
step   284000/400000  eps=0.050  episodes=  307  mean_return=350.000  mean_loss= 3.08530  mean_foundation=  6.0/52  lifetime_outcomes={'won': 63, 'stalled': 2, 'truncated': 242, 'other': 0}  rss= 2271.6MB  (3350s)
step   285000/400000  eps=0.050  episodes=  308  mean_return=610.000  mean_loss= 2.95010  mean_foundation=  8.0/52  lifetime_outcomes={'won': 63, 'stalled': 2, 'truncated': 243, 'other': 0}  rss= 2271.6MB  (3353s)
step   286000/400000  eps=0.050  episodes=  309  mean_return=280.000  mean_loss= 3.06073  mean_foundation=  4.0/52  lifetime_outcomes={'won': 63, 'stalled': 2, 'truncated': 244, 'other': 0}  rss= 2271.6MB  (3357s)
step   287000/400000  eps=0.050  episodes=  310  mean_return=1240.000  mean_loss= 2.87048  mean_foundation= 11.0/52  lifetime_outcomes={'won': 63, 'stalled': 2, 'truncated': 245, 'other': 0}  rss= 2271.6MB  (3360s)
step   288000/400000  eps=0.050  episodes=  311  mean_return=270.000  mean_loss= 2.90982  mean_foundation=  4.0/52  lifetime_outcomes={'won': 63, 'stalled': 2, 'truncated': 246, 'other': 0}  rss= 2271.6MB  (3364s)
step   289000/400000  eps=0.050  episodes=  312  mean_return=400.000  mean_loss= 2.87760  mean_foundation=  9.0/52  lifetime_outcomes={'won': 63, 'stalled': 2, 'truncated': 247, 'other': 0}  rss= 2271.6MB  (3367s)
step   290000/400000  eps=0.050  episodes=  313  mean_return=480.000  mean_loss= 2.84222  mean_foundation=  2.0/52  lifetime_outcomes={'won': 63, 'stalled': 2, 'truncated': 248, 'other': 0}  rss= 2271.6MB  (3371s)
  EVAL  step   290000  win_rate=0.00%  mean_return=353.500  mean_foundation=  2.8/52  mean_length=1000.0  (greedy, 100 fixed deals)
step   291000/400000  eps=0.050  episodes=  314  mean_return=430.000  mean_loss= 2.82628  mean_foundation=  4.0/52  lifetime_outcomes={'won': 63, 'stalled': 2, 'truncated': 249, 'other': 0}  rss= 2271.6MB  (3460s)
step   292000/400000  eps=0.050  episodes=  315  mean_return=540.000  mean_loss= 2.77968  mean_foundation=  5.0/52  lifetime_outcomes={'won': 63, 'stalled': 2, 'truncated': 250, 'other': 0}  rss= 2271.6MB  (3463s)
step   293000/400000  eps=0.050  episodes=  316  mean_return=480.000  mean_loss= 2.78109  mean_foundation=  4.0/52  lifetime_outcomes={'won': 63, 'stalled': 2, 'truncated': 251, 'other': 0}  rss= 2271.6MB  (3467s)
step   294000/400000  eps=0.050  episodes=  317  mean_return=390.000  mean_loss= 2.70784  mean_foundation=  7.0/52  lifetime_outcomes={'won': 63, 'stalled': 2, 'truncated': 252, 'other': 0}  rss= 2271.6MB  (3470s)
step   295000/400000  eps=0.050  episodes=  318  mean_return=7040.490  mean_loss= 2.84069  mean_foundation= 52.0/52  lifetime_outcomes={'won': 64, 'stalled': 2, 'truncated': 252, 'other': 0}  rss= 2271.6MB  (3474s)
step   296000/400000  eps=0.050  episodes=  319  mean_return=990.000  mean_loss= 2.64934  mean_foundation=  8.0/52  lifetime_outcomes={'won': 64, 'stalled': 2, 'truncated': 253, 'other': 0}  rss= 2271.6MB  (3477s)
step   297000/400000  eps=0.050  episodes=  320  mean_return=410.000  mean_loss= 2.73355  mean_foundation=  7.0/52  lifetime_outcomes={'won': 64, 'stalled': 2, 'truncated': 254, 'other': 0}  rss= 2271.6MB  (3481s)
step   298000/400000  eps=0.050  episodes=  321  mean_return=960.000  mean_loss= 2.57290  mean_foundation=  9.0/52  lifetime_outcomes={'won': 64, 'stalled': 2, 'truncated': 255, 'other': 0}  rss= 2271.6MB  (3484s)
step   299000/400000  eps=0.050  episodes=  322  mean_return=550.000  mean_loss= 2.66368  mean_foundation=  8.0/52  lifetime_outcomes={'won': 64, 'stalled': 2, 'truncated': 256, 'other': 0}  rss= 2271.6MB  (3488s)
step   300000/400000  eps=0.050  episodes=  323  mean_return=970.000  mean_loss= 2.52990  mean_foundation=  7.0/52  lifetime_outcomes={'won': 64, 'stalled': 2, 'truncated': 257, 'other': 0}  rss= 2271.6MB  (3491s)
  EVAL  step   300000  win_rate=0.00%  mean_return=351.000  mean_foundation=  2.7/52  mean_length=1000.0  (greedy, 100 fixed deals)
step   301000/400000  eps=0.050  episodes=  324  mean_return=620.000  mean_loss= 2.51706  mean_foundation=  8.0/52  lifetime_outcomes={'won': 64, 'stalled': 2, 'truncated': 258, 'other': 0}  rss= 2271.6MB  (3582s)
step   302000/400000  eps=0.050  episodes=  325  mean_return=600.000  mean_loss= 2.57624  mean_foundation=  4.0/52  lifetime_outcomes={'won': 64, 'stalled': 2, 'truncated': 259, 'other': 0}  rss= 2271.6MB  (3586s)
step   303000/400000  eps=0.050  episodes=  326  mean_return=370.000  mean_loss= 2.48513  mean_foundation=  2.0/52  lifetime_outcomes={'won': 64, 'stalled': 2, 'truncated': 260, 'other': 0}  rss= 2271.6MB  (3589s)
step   304000/400000  eps=0.050  episodes=  327  mean_return=550.000  mean_loss= 2.43363  mean_foundation=  2.0/52  lifetime_outcomes={'won': 64, 'stalled': 2, 'truncated': 261, 'other': 0}  rss= 2271.6MB  (3593s)
step   305000/400000  eps=0.050  episodes=  328  mean_return=460.000  mean_loss= 2.42107  mean_foundation= 11.0/52  lifetime_outcomes={'won': 64, 'stalled': 2, 'truncated': 262, 'other': 0}  rss= 2271.6MB  (3596s)
step   306000/400000  eps=0.050  episodes=  329  mean_return=600.000  mean_loss= 2.39754  mean_foundation=  6.0/52  lifetime_outcomes={'won': 64, 'stalled': 2, 'truncated': 263, 'other': 0}  rss= 2271.6MB  (3600s)
step   307000/400000  eps=0.050  episodes=  330  mean_return=240.000  mean_loss= 2.33608  mean_foundation=  6.0/52  lifetime_outcomes={'won': 64, 'stalled': 2, 'truncated': 264, 'other': 0}  rss= 2271.6MB  (3603s)
step   308000/400000  eps=0.050  episodes=  331  mean_return=1060.000  mean_loss= 2.36018  mean_foundation= 13.0/52  lifetime_outcomes={'won': 64, 'stalled': 2, 'truncated': 265, 'other': 0}  rss= 2271.6MB  (3607s)
step   309000/400000  eps=0.050  episodes=  332  mean_return=300.000  mean_loss= 2.33121  mean_foundation=  5.0/52  lifetime_outcomes={'won': 64, 'stalled': 2, 'truncated': 266, 'other': 0}  rss= 2271.6MB  (3610s)
step   310000/400000  eps=0.050  episodes=  333  mean_return=1600.000  mean_loss= 2.35349  mean_foundation= 26.0/52  lifetime_outcomes={'won': 64, 'stalled': 2, 'truncated': 267, 'other': 0}  rss= 2271.6MB  (3614s)
  EVAL  step   310000  win_rate=0.00%  mean_return=358.900  mean_foundation=  2.8/52  mean_length=1000.0  (greedy, 100 fixed deals)
step   311000/400000  eps=0.050  episodes=  334  mean_return=320.000  mean_loss= 2.29890  mean_foundation=  3.0/52  lifetime_outcomes={'won': 64, 'stalled': 2, 'truncated': 268, 'other': 0}  rss= 2271.6MB  (3702s)
step   312000/400000  eps=0.050  episodes=  335  mean_return=480.000  mean_loss= 2.20957  mean_foundation=  9.0/52  lifetime_outcomes={'won': 64, 'stalled': 2, 'truncated': 269, 'other': 0}  rss= 2271.6MB  (3705s)
step   313000/400000  eps=0.050  episodes=  336  mean_return=280.000  mean_loss= 2.15856  mean_foundation=  2.0/52  lifetime_outcomes={'won': 64, 'stalled': 2, 'truncated': 270, 'other': 0}  rss= 2271.6MB  (3709s)
step   314000/400000  eps=0.050  episodes=  337  mean_return=390.000  mean_loss= 2.24948  mean_foundation=  5.0/52  lifetime_outcomes={'won': 64, 'stalled': 2, 'truncated': 271, 'other': 0}  rss= 2271.6MB  (3712s)
step   315000/400000  eps=0.050  episodes=  338  mean_return=340.000  mean_loss= 2.13666  mean_foundation=  0.0/52  lifetime_outcomes={'won': 64, 'stalled': 2, 'truncated': 272, 'other': 0}  rss= 2271.6MB  (3715s)
step   316000/400000  eps=0.050  episodes=  339  mean_return=770.000  mean_loss= 2.10246  mean_foundation=  3.0/52  lifetime_outcomes={'won': 64, 'stalled': 2, 'truncated': 273, 'other': 0}  rss= 2271.6MB  (3719s)
step   317000/400000  eps=0.050  episodes=  340  mean_return=510.000  mean_loss= 2.16084  mean_foundation=  7.0/52  lifetime_outcomes={'won': 64, 'stalled': 2, 'truncated': 274, 'other': 0}  rss= 2271.6MB  (3722s)
step   318000/400000  eps=0.050  episodes=  341  mean_return=1040.000  mean_loss= 2.10392  mean_foundation=  9.0/52  lifetime_outcomes={'won': 64, 'stalled': 2, 'truncated': 275, 'other': 0}  rss= 2271.6MB  (3726s)
step   319000/400000  eps=0.050  episodes=  342  mean_return=600.000  mean_loss= 2.14753  mean_foundation=  4.0/52  lifetime_outcomes={'won': 64, 'stalled': 2, 'truncated': 276, 'other': 0}  rss= 2271.6MB  (3729s)
step   320000/400000  eps=0.050  episodes=  343  mean_return=850.000  mean_loss= 2.00033  mean_foundation=  7.0/52  lifetime_outcomes={'won': 64, 'stalled': 2, 'truncated': 277, 'other': 0}  rss= 2271.6MB  (3733s)
  EVAL  step   320000  win_rate=0.00%  mean_return=344.300  mean_foundation=  2.7/52  mean_length=1000.0  (greedy, 100 fixed deals)
step   321000/400000  eps=0.050  episodes=  344  mean_return=1430.000  mean_loss= 2.07455  mean_foundation= 22.0/52  lifetime_outcomes={'won': 64, 'stalled': 2, 'truncated': 278, 'other': 0}  rss= 2271.6MB  (3822s)
step   322000/400000  eps=0.050  episodes=  345  mean_return=670.000  mean_loss= 1.94899  mean_foundation=  6.0/52  lifetime_outcomes={'won': 64, 'stalled': 2, 'truncated': 279, 'other': 0}  rss= 2271.6MB  (3825s)
step   323000/400000  eps=0.050  episodes=  346  mean_return=740.000  mean_loss= 2.10431  mean_foundation=  7.0/52  lifetime_outcomes={'won': 64, 'stalled': 2, 'truncated': 280, 'other': 0}  rss= 2271.6MB  (3829s)
step   324000/400000  eps=0.050  episodes=  347  mean_return=540.000  mean_loss= 2.01959  mean_foundation=  3.0/52  lifetime_outcomes={'won': 64, 'stalled': 2, 'truncated': 281, 'other': 0}  rss= 2271.6MB  (3832s)
step   325000/400000  eps=0.050  episodes=  348  mean_return=570.000  mean_loss= 1.97495  mean_foundation= 12.0/52  lifetime_outcomes={'won': 64, 'stalled': 2, 'truncated': 282, 'other': 0}  rss= 2271.6MB  (3836s)
step   326000/400000  eps=0.050  episodes=  349  mean_return=200.000  mean_loss= 1.94087  mean_foundation=  3.0/52  lifetime_outcomes={'won': 64, 'stalled': 2, 'truncated': 283, 'other': 0}  rss= 2271.6MB  (3840s)
step   327000/400000  eps=0.050  episodes=  350  mean_return=730.000  mean_loss= 1.93059  mean_foundation=  6.0/52  lifetime_outcomes={'won': 64, 'stalled': 2, 'truncated': 284, 'other': 0}  rss= 2271.6MB  (3843s)
step   328000/400000  eps=0.050  episodes=  351  mean_return=940.000  mean_loss= 1.93432  mean_foundation= 12.0/52  lifetime_outcomes={'won': 64, 'stalled': 2, 'truncated': 285, 'other': 0}  rss= 2271.6MB  (3846s)
step   329000/400000  eps=0.050  episodes=  352  mean_return=1000.000  mean_loss= 1.89272  mean_foundation=  9.0/52  lifetime_outcomes={'won': 64, 'stalled': 2, 'truncated': 286, 'other': 0}  rss= 2271.6MB  (3850s)
step   330000/400000  eps=0.050  episodes=  353  mean_return=650.000  mean_loss= 1.94576  mean_foundation=  5.0/52  lifetime_outcomes={'won': 64, 'stalled': 2, 'truncated': 287, 'other': 0}  rss= 2271.6MB  (3854s)
  EVAL  step   330000  win_rate=0.00%  mean_return=350.000  mean_foundation=  2.7/52  mean_length=1000.0  (greedy, 100 fixed deals)
step   331000/400000  eps=0.050  episodes=  354  mean_return=390.000  mean_loss= 1.93258  mean_foundation=  2.0/52  lifetime_outcomes={'won': 64, 'stalled': 2, 'truncated': 288, 'other': 0}  rss= 2271.6MB  (3944s)
step   332000/400000  eps=0.050  episodes=  355  mean_return=660.000  mean_loss= 1.94278  mean_foundation=  7.0/52  lifetime_outcomes={'won': 64, 'stalled': 2, 'truncated': 289, 'other': 0}  rss= 2271.6MB  (3947s)
step   333000/400000  eps=0.050  episodes=  356  mean_return=670.000  mean_loss= 1.93238  mean_foundation=  4.0/52  lifetime_outcomes={'won': 64, 'stalled': 2, 'truncated': 290, 'other': 0}  rss= 2271.6MB  (3951s)
step   334000/400000  eps=0.050  episodes=  357  mean_return=1490.000  mean_loss= 1.83617  mean_foundation= 24.0/52  lifetime_outcomes={'won': 64, 'stalled': 2, 'truncated': 291, 'other': 0}  rss= 2271.6MB  (3954s)
step   335000/400000  eps=0.050  episodes=  358  mean_return= 90.000  mean_loss= 1.80907  mean_foundation=  5.0/52  lifetime_outcomes={'won': 64, 'stalled': 2, 'truncated': 292, 'other': 0}  rss= 2271.6MB  (3957s)
step   336000/400000  eps=0.050  episodes=  359  mean_return=710.000  mean_loss= 1.78873  mean_foundation=  2.0/52  lifetime_outcomes={'won': 64, 'stalled': 2, 'truncated': 293, 'other': 0}  rss= 2271.6MB  (3961s)
step   337000/400000  eps=0.050  episodes=  360  mean_return=1090.000  mean_loss= 1.83225  mean_foundation= 13.0/52  lifetime_outcomes={'won': 64, 'stalled': 2, 'truncated': 294, 'other': 0}  rss= 2271.6MB  (3964s)
step   338000/400000  eps=0.050  episodes=  361  mean_return=320.000  mean_loss= 1.81543  mean_foundation=  2.0/52  lifetime_outcomes={'won': 64, 'stalled': 2, 'truncated': 295, 'other': 0}  rss= 2271.6MB  (3968s)
step   339000/400000  eps=0.050  episodes=  362  mean_return=600.000  mean_loss= 1.76736  mean_foundation=  4.0/52  lifetime_outcomes={'won': 64, 'stalled': 2, 'truncated': 296, 'other': 0}  rss= 2271.6MB  (3971s)
step   340000/400000  eps=0.050  episodes=  363  mean_return=430.000  mean_loss= 1.74176  mean_foundation=  0.0/52  lifetime_outcomes={'won': 64, 'stalled': 2, 'truncated': 297, 'other': 0}  rss= 2271.6MB  (3975s)
  EVAL  step   340000  win_rate=0.00%  mean_return=346.000  mean_foundation=  2.5/52  mean_length=1000.0  (greedy, 100 fixed deals)
step   341000/400000  eps=0.050  episodes=  364  mean_return=1080.000  mean_loss= 1.78867  mean_foundation= 11.0/52  lifetime_outcomes={'won': 64, 'stalled': 2, 'truncated': 298, 'other': 0}  rss= 2271.6MB  (4063s)
step   342000/400000  eps=0.050  episodes=  365  mean_return=360.000  mean_loss= 1.71438  mean_foundation=  6.0/52  lifetime_outcomes={'won': 64, 'stalled': 2, 'truncated': 299, 'other': 0}  rss= 2271.6MB  (4066s)
step   343000/400000  eps=0.050  episodes=  366  mean_return=450.000  mean_loss= 1.76528  mean_foundation=  4.0/52  lifetime_outcomes={'won': 64, 'stalled': 2, 'truncated': 300, 'other': 0}  rss= 2271.6MB  (4070s)
step   344000/400000  eps=0.050  episodes=  367  mean_return=470.000  mean_loss= 1.73882  mean_foundation=  3.0/52  lifetime_outcomes={'won': 64, 'stalled': 2, 'truncated': 301, 'other': 0}  rss= 2271.6MB  (4073s)
step   345000/400000  eps=0.050  episodes=  368  mean_return=570.000  mean_loss= 1.68247  mean_foundation= 11.0/52  lifetime_outcomes={'won': 64, 'stalled': 2, 'truncated': 302, 'other': 0}  rss= 2271.6MB  (4077s)
step   346000/400000  eps=0.050  episodes=  369  mean_return=490.000  mean_loss= 1.73432  mean_foundation=  4.0/52  lifetime_outcomes={'won': 64, 'stalled': 2, 'truncated': 303, 'other': 0}  rss= 2271.6MB  (4080s)
step   347000/400000  eps=0.050  episodes=  370  mean_return=590.000  mean_loss= 1.66502  mean_foundation=  6.0/52  lifetime_outcomes={'won': 64, 'stalled': 2, 'truncated': 304, 'other': 0}  rss= 2271.6MB  (4084s)
step   348000/400000  eps=0.050  episodes=  371  mean_return=1060.000  mean_loss= 1.71598  mean_foundation= 11.0/52  lifetime_outcomes={'won': 64, 'stalled': 2, 'truncated': 305, 'other': 0}  rss= 2271.6MB  (4088s)
step   349000/400000  eps=0.050  episodes=  372  mean_return=660.000  mean_loss= 1.64905  mean_foundation=  0.0/52  lifetime_outcomes={'won': 64, 'stalled': 2, 'truncated': 306, 'other': 0}  rss= 2271.6MB  (4091s)
step   350000/400000  eps=0.050  episodes=  373  mean_return=480.000  mean_loss= 1.67087  mean_foundation=  2.0/52  lifetime_outcomes={'won': 64, 'stalled': 2, 'truncated': 307, 'other': 0}  rss= 2271.6MB  (4095s)
  EVAL  step   350000  win_rate=0.00%  mean_return=342.000  mean_foundation=  2.5/52  mean_length=1000.0  (greedy, 100 fixed deals)
step   351000/400000  eps=0.050  episodes=  374  mean_return=1460.000  mean_loss= 1.63843  mean_foundation= 20.0/52  lifetime_outcomes={'won': 64, 'stalled': 2, 'truncated': 308, 'other': 0}  rss= 2271.6MB  (4185s)
step   352000/400000  eps=0.050  episodes=  375  mean_return=1390.000  mean_loss= 1.58243  mean_foundation= 18.0/52  lifetime_outcomes={'won': 64, 'stalled': 2, 'truncated': 309, 'other': 0}  rss= 2271.6MB  (4188s)
step   353000/400000  eps=0.050  episodes=  376  mean_return=190.000  mean_loss= 1.58813  mean_foundation=  5.0/52  lifetime_outcomes={'won': 64, 'stalled': 2, 'truncated': 310, 'other': 0}  rss= 2271.6MB  (4192s)
step   354000/400000  eps=0.050  episodes=  377  mean_return=1300.000  mean_loss= 1.54287  mean_foundation= 13.0/52  lifetime_outcomes={'won': 64, 'stalled': 2, 'truncated': 311, 'other': 0}  rss= 2271.6MB  (4195s)
step   355000/400000  eps=0.050  episodes=  378  mean_return=360.000  mean_loss= 1.51755  mean_foundation=  6.0/52  lifetime_outcomes={'won': 64, 'stalled': 2, 'truncated': 312, 'other': 0}  rss= 2271.6MB  (4199s)
step   356000/400000  eps=0.050  episodes=  379  mean_return=550.000  mean_loss= 1.50983  mean_foundation=  8.0/52  lifetime_outcomes={'won': 64, 'stalled': 2, 'truncated': 313, 'other': 0}  rss= 2271.6MB  (4202s)
step   357000/400000  eps=0.050  episodes=  380  mean_return=710.000  mean_loss= 1.52529  mean_foundation=  9.0/52  lifetime_outcomes={'won': 64, 'stalled': 2, 'truncated': 314, 'other': 0}  rss= 2271.6MB  (4206s)
step   358000/400000  eps=0.050  episodes=  381  mean_return=320.000  mean_loss= 1.54304  mean_foundation=  5.0/52  lifetime_outcomes={'won': 64, 'stalled': 2, 'truncated': 315, 'other': 0}  rss= 2271.6MB  (4209s)
step   359000/400000  eps=0.050  episodes=  382  mean_return=560.000  mean_loss= 1.54564  mean_foundation=  4.0/52  lifetime_outcomes={'won': 64, 'stalled': 2, 'truncated': 316, 'other': 0}  rss= 2271.6MB  (4212s)
step   360000/400000  eps=0.050  episodes=  383  mean_return=1120.000  mean_loss= 1.47794  mean_foundation=  1.0/52  lifetime_outcomes={'won': 64, 'stalled': 2, 'truncated': 317, 'other': 0}  rss= 2271.6MB  (4216s)
  EVAL  step   360000  win_rate=0.00%  mean_return=340.900  mean_foundation=  2.5/52  mean_length=1000.0  (greedy, 100 fixed deals)
step   361000/400000  eps=0.050  episodes=  384  mean_return=1470.000  mean_loss= 1.51414  mean_foundation= 14.0/52  lifetime_outcomes={'won': 64, 'stalled': 2, 'truncated': 318, 'other': 0}  rss= 2271.6MB  (4305s)
step   362000/400000  eps=0.050  episodes=  385  mean_return=870.000  mean_loss= 1.44856  mean_foundation= 11.0/52  lifetime_outcomes={'won': 64, 'stalled': 2, 'truncated': 319, 'other': 0}  rss= 2271.6MB  (4309s)
step   363000/400000  eps=0.050  episodes=  386  mean_return=410.000  mean_loss= 1.43370  mean_foundation=  1.0/52  lifetime_outcomes={'won': 64, 'stalled': 2, 'truncated': 320, 'other': 0}  rss= 2271.6MB  (4312s)
step   364000/400000  eps=0.050  episodes=  387  mean_return=450.000  mean_loss= 1.44715  mean_foundation=  8.0/52  lifetime_outcomes={'won': 64, 'stalled': 2, 'truncated': 321, 'other': 0}  rss= 2271.6MB  (4316s)
step   365000/400000  eps=0.050  episodes=  388  mean_return=550.000  mean_loss= 1.43048  mean_foundation=  6.0/52  lifetime_outcomes={'won': 64, 'stalled': 2, 'truncated': 322, 'other': 0}  rss= 2271.6MB  (4319s)
step   366000/400000  eps=0.050  episodes=  389  mean_return=1100.000  mean_loss= 1.40589  mean_foundation= 20.0/52  lifetime_outcomes={'won': 64, 'stalled': 2, 'truncated': 323, 'other': 0}  rss= 2271.6MB  (4322s)
step   367000/400000  eps=0.050  episodes=  390  mean_return=1080.000  mean_loss= 1.35747  mean_foundation= 15.0/52  lifetime_outcomes={'won': 64, 'stalled': 2, 'truncated': 324, 'other': 0}  rss= 2271.6MB  (4326s)
step   368000/400000  eps=0.050  episodes=  391  mean_return=1140.000  mean_loss= 1.39877  mean_foundation= 14.0/52  lifetime_outcomes={'won': 64, 'stalled': 2, 'truncated': 325, 'other': 0}  rss= 2271.6MB  (4330s)
step   369000/400000  eps=0.050  episodes=  392  mean_return=340.000  mean_loss= 1.30549  mean_foundation=  3.0/52  lifetime_outcomes={'won': 64, 'stalled': 2, 'truncated': 326, 'other': 0}  rss= 2271.6MB  (4333s)
step   370000/400000  eps=0.050  episodes=  393  mean_return=910.000  mean_loss= 1.31812  mean_foundation=  9.0/52  lifetime_outcomes={'won': 64, 'stalled': 2, 'truncated': 327, 'other': 0}  rss= 2271.6MB  (4337s)
  EVAL  step   370000  win_rate=0.00%  mean_return=346.300  mean_foundation=  2.5/52  mean_length=1000.0  (greedy, 100 fixed deals)
step   371000/400000  eps=0.050  episodes=  394  mean_return=910.000  mean_loss= 1.34437  mean_foundation= 14.0/52  lifetime_outcomes={'won': 64, 'stalled': 2, 'truncated': 328, 'other': 0}  rss= 2271.6MB  (4426s)
step   372000/400000  eps=0.050  episodes=  395  mean_return=390.000  mean_loss= 1.35964  mean_foundation=  5.0/52  lifetime_outcomes={'won': 64, 'stalled': 2, 'truncated': 329, 'other': 0}  rss= 2271.6MB  (4429s)
step   373000/400000  eps=0.050  episodes=  396  mean_return=440.000  mean_loss= 1.31948  mean_foundation=  5.0/52  lifetime_outcomes={'won': 64, 'stalled': 2, 'truncated': 330, 'other': 0}  rss= 2271.6MB  (4432s)
step   374000/400000  eps=0.050  episodes=  397  mean_return=750.000  mean_loss= 1.37030  mean_foundation= 11.0/52  lifetime_outcomes={'won': 64, 'stalled': 2, 'truncated': 331, 'other': 0}  rss= 2271.6MB  (4436s)
step   375000/400000  eps=0.050  episodes=  398  mean_return=800.000  mean_loss= 1.36934  mean_foundation=  4.0/52  lifetime_outcomes={'won': 64, 'stalled': 2, 'truncated': 332, 'other': 0}  rss= 2271.6MB  (4439s)
step   376000/400000  eps=0.050  episodes=  399  mean_return=510.000  mean_loss= 1.25466  mean_foundation=  8.0/52  lifetime_outcomes={'won': 64, 'stalled': 2, 'truncated': 333, 'other': 0}  rss= 2271.6MB  (4443s)
step   377000/400000  eps=0.050  episodes=  400  mean_return=820.000  mean_loss= 1.30003  mean_foundation=  9.0/52  lifetime_outcomes={'won': 64, 'stalled': 2, 'truncated': 334, 'other': 0}  rss= 2271.6MB  (4446s)
step   378000/400000  eps=0.050  episodes=  401  mean_return=270.000  mean_loss= 1.26371  mean_foundation=  3.0/52  lifetime_outcomes={'won': 64, 'stalled': 2, 'truncated': 335, 'other': 0}  rss= 2271.6MB  (4449s)
step   379000/400000  eps=0.050  episodes=  402  mean_return=670.000  mean_loss= 1.25878  mean_foundation=  6.0/52  lifetime_outcomes={'won': 64, 'stalled': 2, 'truncated': 336, 'other': 0}  rss= 2271.6MB  (4453s)
step   380000/400000  eps=0.050  episodes=  403  mean_return=710.000  mean_loss= 1.27251  mean_foundation=  4.0/52  lifetime_outcomes={'won': 64, 'stalled': 2, 'truncated': 337, 'other': 0}  rss= 2271.6MB  (4456s)
  EVAL  step   380000  win_rate=0.00%  mean_return=330.500  mean_foundation=  2.2/52  mean_length=1000.0  (greedy, 100 fixed deals)
step   381000/400000  eps=0.050  episodes=  404  mean_return=1250.000  mean_loss= 1.26046  mean_foundation= 17.0/52  lifetime_outcomes={'won': 64, 'stalled': 2, 'truncated': 338, 'other': 0}  rss= 2271.6MB  (4545s)
step   382000/400000  eps=0.050  episodes=  405  mean_return=1070.000  mean_loss= 1.24093  mean_foundation=  9.0/52  lifetime_outcomes={'won': 64, 'stalled': 2, 'truncated': 339, 'other': 0}  rss= 2271.6MB  (4549s)
step   383000/400000  eps=0.050  episodes=  406  mean_return=820.000  mean_loss= 1.23510  mean_foundation=  4.0/52  lifetime_outcomes={'won': 64, 'stalled': 2, 'truncated': 340, 'other': 0}  rss= 2271.6MB  (4552s)
step   384000/400000  eps=0.050  episodes=  407  mean_return=1330.000  mean_loss= 1.19308  mean_foundation= 17.0/52  lifetime_outcomes={'won': 64, 'stalled': 2, 'truncated': 341, 'other': 0}  rss= 2271.6MB  (4556s)
step   385000/400000  eps=0.050  episodes=  408  mean_return=1280.000  mean_loss= 1.18848  mean_foundation= 12.0/52  lifetime_outcomes={'won': 64, 'stalled': 2, 'truncated': 342, 'other': 0}  rss= 2271.6MB  (4560s)
step   386000/400000  eps=0.050  episodes=  409  mean_return=1010.000  mean_loss= 1.21472  mean_foundation= 11.0/52  lifetime_outcomes={'won': 64, 'stalled': 2, 'truncated': 343, 'other': 0}  rss= 2271.6MB  (4563s)
step   387000/400000  eps=0.050  episodes=  410  mean_return=290.000  mean_loss= 1.20115  mean_foundation=  1.0/52  lifetime_outcomes={'won': 64, 'stalled': 2, 'truncated': 344, 'other': 0}  rss= 2271.6MB  (4567s)
step   388000/400000  eps=0.050  episodes=  411  mean_return=950.000  mean_loss= 1.21205  mean_foundation=  7.0/52  lifetime_outcomes={'won': 64, 'stalled': 2, 'truncated': 345, 'other': 0}  rss= 2271.6MB  (4570s)
step   389000/400000  eps=0.050  episodes=  412  mean_return=770.000  mean_loss= 1.18882  mean_foundation=  9.0/52  lifetime_outcomes={'won': 64, 'stalled': 2, 'truncated': 346, 'other': 0}  rss= 2271.6MB  (4574s)
step   390000/400000  eps=0.050  episodes=  413  mean_return=590.000  mean_loss= 1.21209  mean_foundation=  6.0/52  lifetime_outcomes={'won': 64, 'stalled': 2, 'truncated': 347, 'other': 0}  rss= 2271.6MB  (4577s)
  EVAL  step   390000  win_rate=0.00%  mean_return=355.900  mean_foundation=  2.5/52  mean_length=1000.0  (greedy, 100 fixed deals)
step   391000/400000  eps=0.050  episodes=  414  mean_return=600.000  mean_loss= 1.18729  mean_foundation=  6.0/52  lifetime_outcomes={'won': 64, 'stalled': 2, 'truncated': 348, 'other': 0}  rss= 2271.6MB  (4665s)
step   392000/400000  eps=0.050  episodes=  415  mean_return=640.000  mean_loss= 1.21474  mean_foundation=  7.0/52  lifetime_outcomes={'won': 64, 'stalled': 2, 'truncated': 349, 'other': 0}  rss= 2271.6MB  (4668s)
step   393000/400000  eps=0.050  episodes=  416  mean_return=700.000  mean_loss= 1.09333  mean_foundation=  7.0/52  lifetime_outcomes={'won': 64, 'stalled': 2, 'truncated': 350, 'other': 0}  rss= 2271.6MB  (4672s)
step   394000/400000  eps=0.050  episodes=  417  mean_return=180.000  mean_loss= 1.14177  mean_foundation=  4.0/52  lifetime_outcomes={'won': 64, 'stalled': 2, 'truncated': 351, 'other': 0}  rss= 2271.6MB  (4675s)
step   395000/400000  eps=0.050  episodes=  418  mean_return=940.000  mean_loss= 1.13299  mean_foundation=  9.0/52  lifetime_outcomes={'won': 64, 'stalled': 2, 'truncated': 352, 'other': 0}  rss= 2271.6MB  (4679s)
step   396000/400000  eps=0.050  episodes=  419  mean_return=480.000  mean_loss= 1.11973  mean_foundation=  5.0/52  lifetime_outcomes={'won': 64, 'stalled': 2, 'truncated': 353, 'other': 0}  rss= 2271.6MB  (4682s)
step   397000/400000  eps=0.050  episodes=  420  mean_return=630.000  mean_loss= 1.14354  mean_foundation= 13.0/52  lifetime_outcomes={'won': 64, 'stalled': 2, 'truncated': 354, 'other': 0}  rss= 2271.6MB  (4686s)
step   398000/400000  eps=0.050  episodes=  421  mean_return=610.000  mean_loss= 1.08930  mean_foundation=  8.0/52  lifetime_outcomes={'won': 64, 'stalled': 2, 'truncated': 355, 'other': 0}  rss= 2271.6MB  (4689s)
step   399000/400000  eps=0.050  episodes=  422  mean_return=670.000  mean_loss= 1.09374  mean_foundation=  5.0/52  lifetime_outcomes={'won': 64, 'stalled': 2, 'truncated': 356, 'other': 0}  rss= 2271.6MB  (4692s)
step   400000/400000  eps=0.050  episodes=  423  mean_return=330.000  mean_loss= 1.11706  mean_foundation=  6.0/52  lifetime_outcomes={'won': 64, 'stalled': 2, 'truncated': 357, 'other': 0}  rss= 2271.6MB  (4696s)
  EVAL  step   400000  win_rate=0.00%  mean_return=355.500  mean_foundation=  2.6/52  mean_length=1000.0  (greedy, 100 fixed deals)
done. saved final checkpoint to runs/017_double_dqn_soft_nstep3_per_dqfd/checkpoint_final.pt
