run directory: runs/005_double_dqn_soft_nstep3_per_curriculum
curriculum: loaded 86 real seeded wins from runs/curriculum_wins.jsonl
step     2000/500000  eps=0.991  episodes=    4  mean_return= 54.500  mean_loss=     nan  mean_foundation=  5.2/52  lifetime_outcomes={'won': 0, 'stalled': 0, 'truncated': 4, 'other': 0}  rss=  919.8MB  (1s)
step     4000/500000  eps=0.981  episodes=    9  mean_return= 44.672  mean_loss=     nan  mean_foundation=  9.2/52  lifetime_outcomes={'won': 0, 'stalled': 2, 'truncated': 7, 'other': 0}  rss=  938.1MB  (2s)
step     6000/500000  eps=0.972  episodes=   14  mean_return= 61.577  mean_loss= 0.37221  mean_foundation=  7.8/52  lifetime_outcomes={'won': 0, 'stalled': 3, 'truncated': 11, 'other': 0}  rss= 1244.3MB  (5s)
step     8000/500000  eps=0.962  episodes=   20  mean_return= 37.021  mean_loss= 0.37865  mean_foundation= 12.8/52  lifetime_outcomes={'won': 0, 'stalled': 7, 'truncated': 13, 'other': 0}  rss= 1261.2MB  (10s)
step    10000/500000  eps=0.953  episodes=   24  mean_return= 53.500  mean_loss= 0.40410  mean_foundation=  6.5/52  lifetime_outcomes={'won': 0, 'stalled': 7, 'truncated': 17, 'other': 0}  rss= 1274.8MB  (14s)
step    12000/500000  eps=0.943  episodes=   28  mean_return= 82.000  mean_loss= 0.43166  mean_foundation=  4.2/52  lifetime_outcomes={'won': 0, 'stalled': 7, 'truncated': 21, 'other': 0}  rss= 1294.7MB  (19s)
step    14000/500000  eps=0.933  episodes=   32  mean_return= 69.250  mean_loss= 0.46585  mean_foundation=  8.8/52  lifetime_outcomes={'won': 0, 'stalled': 7, 'truncated': 25, 'other': 0}  rss= 1300.7MB  (23s)
step    16000/500000  eps=0.924  episodes=   37  mean_return= 81.785  mean_loss= 0.46179  mean_foundation=  8.2/52  lifetime_outcomes={'won': 0, 'stalled': 10, 'truncated': 27, 'other': 0}  rss= 1309.7MB  (28s)
step    18000/500000  eps=0.914  episodes=   41  mean_return= 76.785  mean_loss= 0.45909  mean_foundation=  7.5/52  lifetime_outcomes={'won': 0, 'stalled': 11, 'truncated': 30, 'other': 0}  rss= 1322.1MB  (33s)
step    20000/500000  eps=0.905  episodes=   47  mean_return= 79.268  mean_loss= 0.47857  mean_foundation=  8.0/52  lifetime_outcomes={'won': 0, 'stalled': 14, 'truncated': 33, 'other': 0}  rss= 1330.8MB  (38s)
  EVAL  step    20000  win_rate=0.00%  mean_return= 21.369  mean_foundation=  1.4/52  mean_length=431.6  (greedy, 20 fixed deals)
step    22000/500000  eps=0.895  episodes=   51  mean_return= 97.250  mean_loss= 0.48995  mean_foundation=  7.0/52  lifetime_outcomes={'won': 0, 'stalled': 14, 'truncated': 37, 'other': 0}  rss= 1346.1MB  (50s)
step    24000/500000  eps=0.886  episodes=   55  mean_return=106.500  mean_loss= 0.48903  mean_foundation= 14.5/52  lifetime_outcomes={'won': 0, 'stalled': 14, 'truncated': 41, 'other': 0}  rss= 1352.1MB  (55s)
step    26000/500000  eps=0.877  episodes=   59  mean_return= 98.510  mean_loss= 0.48690  mean_foundation=  9.0/52  lifetime_outcomes={'won': 0, 'stalled': 15, 'truncated': 44, 'other': 0}  rss= 1360.2MB  (60s)
step    28000/500000  eps=0.867  episodes=   63  mean_return= 92.511  mean_loss= 0.49954  mean_foundation= 11.5/52  lifetime_outcomes={'won': 0, 'stalled': 16, 'truncated': 47, 'other': 0}  rss= 1368.2MB  (65s)
step    30000/500000  eps=0.858  episodes=   67  mean_return= 72.028  mean_loss= 0.49638  mean_foundation=  8.8/52  lifetime_outcomes={'won': 0, 'stalled': 17, 'truncated': 50, 'other': 0}  rss= 1376.3MB  (70s)
step    32000/500000  eps=0.848  episodes=   71  mean_return= 78.000  mean_loss= 0.49899  mean_foundation=  8.8/52  lifetime_outcomes={'won': 0, 'stalled': 17, 'truncated': 54, 'other': 0}  rss= 1384.3MB  (75s)
step    34000/500000  eps=0.839  episodes=   76  mean_return= 79.183  mean_loss= 0.50425  mean_foundation= 10.0/52  lifetime_outcomes={'won': 0, 'stalled': 18, 'truncated': 58, 'other': 0}  rss= 1394.4MB  (80s)
step    36000/500000  eps=0.829  episodes=   80  mean_return= 80.000  mean_loss= 0.50237  mean_foundation= 10.8/52  lifetime_outcomes={'won': 0, 'stalled': 18, 'truncated': 62, 'other': 0}  rss= 1400.4MB  (85s)
step    38000/500000  eps=0.820  episodes=   84  mean_return= 77.007  mean_loss= 0.50271  mean_foundation=  7.2/52  lifetime_outcomes={'won': 0, 'stalled': 19, 'truncated': 65, 'other': 0}  rss= 1408.5MB  (90s)
step    40000/500000  eps=0.810  episodes=   90  mean_return= 68.141  mean_loss= 0.51282  mean_foundation=  8.8/52  lifetime_outcomes={'won': 0, 'stalled': 23, 'truncated': 67, 'other': 0}  rss= 1416.5MB  (95s)
  EVAL  step    40000  win_rate=0.00%  mean_return= 25.596  mean_foundation=  2.5/52  mean_length=454.4  (greedy, 20 fixed deals)
step    42000/500000  eps=0.800  episodes=   94  mean_return= 85.021  mean_loss= 0.51171  mean_foundation=  8.8/52  lifetime_outcomes={'won': 0, 'stalled': 25, 'truncated': 69, 'other': 0}  rss= 1424.6MB  (107s)
step    44000/500000  eps=0.791  episodes=   98  mean_return= 97.761  mean_loss= 0.50998  mean_foundation= 11.5/52  lifetime_outcomes={'won': 0, 'stalled': 26, 'truncated': 72, 'other': 0}  rss= 1433.3MB  (112s)
step    46000/500000  eps=0.781  episodes=  102  mean_return= 93.330  mean_loss= 0.52123  mean_foundation= 13.0/52  lifetime_outcomes={'won': 0, 'stalled': 29, 'truncated': 73, 'other': 0}  rss= 1439.5MB  (118s)
step    48000/500000  eps=0.772  episodes=  107  mean_return= 90.159  mean_loss= 0.52626  mean_foundation=  9.6/52  lifetime_outcomes={'won': 0, 'stalled': 30, 'truncated': 77, 'other': 0}  rss= 1447.7MB  (123s)
step    50000/500000  eps=0.762  episodes=  111  mean_return= 94.508  mean_loss= 0.52284  mean_foundation= 12.8/52  lifetime_outcomes={'won': 0, 'stalled': 31, 'truncated': 80, 'other': 0}  rss= 1457.8MB  (128s)
step    52000/500000  eps=0.753  episodes=  116  mean_return= 71.155  mean_loss= 0.51765  mean_foundation=  8.0/52  lifetime_outcomes={'won': 0, 'stalled': 32, 'truncated': 84, 'other': 0}  rss= 1465.8MB  (134s)
step    54000/500000  eps=0.744  episodes=  120  mean_return= 92.326  mean_loss= 0.52240  mean_foundation=  6.0/52  lifetime_outcomes={'won': 0, 'stalled': 34, 'truncated': 86, 'other': 0}  rss= 1473.9MB  (140s)
step    56000/500000  eps=0.734  episodes=  124  mean_return= 77.504  mean_loss= 0.52886  mean_foundation=  9.2/52  lifetime_outcomes={'won': 0, 'stalled': 35, 'truncated': 89, 'other': 0}  rss= 1482.0MB  (145s)
step    58000/500000  eps=0.725  episodes=  128  mean_return= 80.000  mean_loss= 0.52588  mean_foundation= 10.5/52  lifetime_outcomes={'won': 0, 'stalled': 35, 'truncated': 93, 'other': 0}  rss= 1488.1MB  (151s)
step    60000/500000  eps=0.715  episodes=  133  mean_return= 86.336  mean_loss= 0.53435  mean_foundation= 13.8/52  lifetime_outcomes={'won': 0, 'stalled': 37, 'truncated': 96, 'other': 0}  rss= 1496.1MB  (157s)
  EVAL  step    60000  win_rate=0.00%  mean_return= 29.965  mean_foundation=  4.0/52  mean_length=434.6  (greedy, 20 fixed deals)
step    62000/500000  eps=0.706  episodes=  137  mean_return= 85.250  mean_loss= 0.53983  mean_foundation= 10.8/52  lifetime_outcomes={'won': 0, 'stalled': 37, 'truncated': 100, 'other': 0}  rss= 1508.4MB  (171s)
step    64000/500000  eps=0.696  episodes=  141  mean_return= 79.027  mean_loss= 0.53479  mean_foundation= 11.5/52  lifetime_outcomes={'won': 0, 'stalled': 39, 'truncated': 102, 'other': 0}  rss= 1516.5MB  (177s)
step    66000/500000  eps=0.686  episodes=  145  mean_return= 83.000  mean_loss= 0.52281  mean_foundation= 10.5/52  lifetime_outcomes={'won': 0, 'stalled': 39, 'truncated': 106, 'other': 0}  rss= 1526.6MB  (182s)
step    68000/500000  eps=0.677  episodes=  149  mean_return= 78.016  mean_loss= 0.52920  mean_foundation=  9.2/52  lifetime_outcomes={'won': 0, 'stalled': 40, 'truncated': 109, 'other': 0}  rss= 1532.6MB  (188s)
step    70000/500000  eps=0.667  episodes=  153  mean_return= 72.520  mean_loss= 0.51779  mean_foundation=  9.5/52  lifetime_outcomes={'won': 0, 'stalled': 42, 'truncated': 111, 'other': 0}  rss= 1540.7MB  (194s)
step    72000/500000  eps=0.658  episodes=  157  mean_return= 49.750  mean_loss= 0.51369  mean_foundation=  6.5/52  lifetime_outcomes={'won': 0, 'stalled': 42, 'truncated': 115, 'other': 0}  rss= 1548.8MB  (200s)
step    74000/500000  eps=0.649  episodes=  161  mean_return= 95.533  mean_loss= 0.51017  mean_foundation= 14.5/52  lifetime_outcomes={'won': 0, 'stalled': 43, 'truncated': 118, 'other': 0}  rss= 1556.8MB  (205s)
step    76000/500000  eps=0.639  episodes=  166  mean_return=109.141  mean_loss= 0.51132  mean_foundation= 16.0/52  lifetime_outcomes={'won': 0, 'stalled': 46, 'truncated': 120, 'other': 0}  rss= 1564.9MB  (209s)
step    78000/500000  eps=0.629  episodes=  170  mean_return= 82.760  mean_loss= 0.50390  mean_foundation= 12.5/52  lifetime_outcomes={'won': 0, 'stalled': 47, 'truncated': 123, 'other': 0}  rss= 1570.9MB  (215s)
step    80000/500000  eps=0.620  episodes=  175  mean_return= 81.819  mean_loss= 0.50744  mean_foundation=  8.2/52  lifetime_outcomes={'won': 0, 'stalled': 49, 'truncated': 126, 'other': 0}  rss= 1579.0MB  (220s)
  EVAL  step    80000  win_rate=0.00%  mean_return= 28.943  mean_foundation=  3.0/52  mean_length=456.9  (greedy, 20 fixed deals)
step    82000/500000  eps=0.611  episodes=  179  mean_return= 90.250  mean_loss= 0.50600  mean_foundation=  9.0/52  lifetime_outcomes={'won': 0, 'stalled': 49, 'truncated': 130, 'other': 0}  rss= 1589.1MB  (232s)
step    84000/500000  eps=0.601  episodes=  183  mean_return= 89.500  mean_loss= 0.50137  mean_foundation= 12.8/52  lifetime_outcomes={'won': 0, 'stalled': 49, 'truncated': 134, 'other': 0}  rss= 1597.1MB  (237s)
step    86000/500000  eps=0.592  episodes=  187  mean_return= 85.804  mean_loss= 0.50233  mean_foundation= 12.5/52  lifetime_outcomes={'won': 0, 'stalled': 50, 'truncated': 137, 'other': 0}  rss= 1605.2MB  (242s)
step    88000/500000  eps=0.582  episodes=  192  mean_return=102.345  mean_loss= 0.48344  mean_foundation= 14.2/52  lifetime_outcomes={'won': 0, 'stalled': 52, 'truncated': 140, 'other': 0}  rss= 1613.2MB  (247s)
step    90000/500000  eps=0.573  episodes=  196  mean_return= 94.752  mean_loss= 0.48391  mean_foundation= 15.0/52  lifetime_outcomes={'won': 0, 'stalled': 53, 'truncated': 143, 'other': 0}  rss= 1619.3MB  (252s)
step    92000/500000  eps=0.563  episodes=  200  mean_return= 88.250  mean_loss= 0.49004  mean_foundation=  8.5/52  lifetime_outcomes={'won': 0, 'stalled': 53, 'truncated': 147, 'other': 0}  rss= 1627.3MB  (257s)
step    94000/500000  eps=0.554  episodes=  204  mean_return=122.750  mean_loss= 0.49191  mean_foundation= 21.8/52  lifetime_outcomes={'won': 0, 'stalled': 53, 'truncated': 151, 'other': 0}  rss= 1635.4MB  (262s)
step    96000/500000  eps=0.544  episodes=  209  mean_return= 95.564  mean_loss= 0.48438  mean_foundation= 13.2/52  lifetime_outcomes={'won': 0, 'stalled': 56, 'truncated': 153, 'other': 0}  rss= 1643.5MB  (267s)
step    98000/500000  eps=0.534  episodes=  213  mean_return= 99.505  mean_loss= 0.47689  mean_foundation= 11.0/52  lifetime_outcomes={'won': 0, 'stalled': 57, 'truncated': 156, 'other': 0}  rss= 1651.6MB  (273s)
step   100000/500000  eps=0.525  episodes=  217  mean_return=113.512  mean_loss= 0.47998  mean_foundation= 22.0/52  lifetime_outcomes={'won': 0, 'stalled': 58, 'truncated': 159, 'other': 0}  rss= 1655.7MB  (278s)
  EVAL  step   100000  win_rate=0.00%  mean_return= 29.265  mean_foundation=  2.9/52  mean_length=435.3  (greedy, 20 fixed deals)
step   102000/500000  eps=0.516  episodes=  222  mean_return= 74.265  mean_loss= 0.47005  mean_foundation=  9.6/52  lifetime_outcomes={'won': 0, 'stalled': 62, 'truncated': 160, 'other': 0}  rss= 1660.3MB  (291s)
step   104000/500000  eps=0.506  episodes=  226  mean_return= 58.750  mean_loss= 0.47857  mean_foundation=  5.5/52  lifetime_outcomes={'won': 0, 'stalled': 62, 'truncated': 164, 'other': 0}  rss= 1660.3MB  (296s)
step   106000/500000  eps=0.497  episodes=  230  mean_return= 66.021  mean_loss= 0.46317  mean_foundation=  8.2/52  lifetime_outcomes={'won': 0, 'stalled': 63, 'truncated': 167, 'other': 0}  rss= 1660.3MB  (301s)
step   108000/500000  eps=0.487  episodes=  235  mean_return= 83.910  mean_loss= 0.46284  mean_foundation= 14.8/52  lifetime_outcomes={'won': 0, 'stalled': 64, 'truncated': 171, 'other': 0}  rss= 1660.3MB  (307s)
step   110000/500000  eps=0.478  episodes=  239  mean_return= 74.584  mean_loss= 0.45562  mean_foundation= 11.8/52  lifetime_outcomes={'won': 0, 'stalled': 66, 'truncated': 173, 'other': 0}  rss= 1660.3MB  (312s)
step   112000/500000  eps=0.468  episodes=  243  mean_return= 98.005  mean_loss= 0.44388  mean_foundation=  8.8/52  lifetime_outcomes={'won': 0, 'stalled': 67, 'truncated': 176, 'other': 0}  rss= 1660.3MB  (318s)
step   114000/500000  eps=0.459  episodes=  248  mean_return= 73.018  mean_loss= 0.46541  mean_foundation= 11.4/52  lifetime_outcomes={'won': 0, 'stalled': 69, 'truncated': 179, 'other': 0}  rss= 1660.3MB  (323s)
step   116000/500000  eps=0.449  episodes=  253  mean_return= 62.128  mean_loss= 0.44781  mean_foundation=  5.2/52  lifetime_outcomes={'won': 0, 'stalled': 70, 'truncated': 183, 'other': 0}  rss= 1660.3MB  (328s)
step   118000/500000  eps=0.440  episodes=  257  mean_return= 93.037  mean_loss= 0.43677  mean_foundation= 11.5/52  lifetime_outcomes={'won': 0, 'stalled': 71, 'truncated': 186, 'other': 0}  rss= 1660.3MB  (334s)
step   120000/500000  eps=0.430  episodes=  262  mean_return= 98.955  mean_loss= 0.43789  mean_foundation= 14.0/52  lifetime_outcomes={'won': 0, 'stalled': 74, 'truncated': 188, 'other': 0}  rss= 1660.3MB  (339s)
  EVAL  step   120000  win_rate=0.00%  mean_return= 28.516  mean_foundation=  3.2/52  mean_length=433.9  (greedy, 20 fixed deals)
step   122000/500000  eps=0.420  episodes=  266  mean_return= 97.268  mean_loss= 0.44712  mean_foundation= 14.8/52  lifetime_outcomes={'won': 0, 'stalled': 75, 'truncated': 191, 'other': 0}  rss= 1660.3MB  (352s)
step   124000/500000  eps=0.411  episodes=  271  mean_return= 57.024  mean_loss= 0.44897  mean_foundation=  5.8/52  lifetime_outcomes={'won': 0, 'stalled': 77, 'truncated': 194, 'other': 0}  rss= 1660.3MB  (358s)
step   126000/500000  eps=0.402  episodes=  276  mean_return= 96.777  mean_loss= 0.43796  mean_foundation= 15.0/52  lifetime_outcomes={'won': 0, 'stalled': 80, 'truncated': 196, 'other': 0}  rss= 1660.3MB  (363s)
step   128000/500000  eps=0.392  episodes=  280  mean_return= 93.078  mean_loss= 0.43138  mean_foundation= 16.0/52  lifetime_outcomes={'won': 0, 'stalled': 81, 'truncated': 199, 'other': 0}  rss= 1660.3MB  (369s)
step   130000/500000  eps=0.383  episodes=  284  mean_return=101.256  mean_loss= 0.43388  mean_foundation= 20.5/52  lifetime_outcomes={'won': 0, 'stalled': 82, 'truncated': 202, 'other': 0}  rss= 1660.3MB  (375s)
step   132000/500000  eps=0.373  episodes=  289  mean_return= 87.525  mean_loss= 0.42608  mean_foundation= 16.6/52  lifetime_outcomes={'won': 0, 'stalled': 83, 'truncated': 206, 'other': 0}  rss= 1660.3MB  (381s)
step   134000/500000  eps=0.364  episodes=  293  mean_return=107.536  mean_loss= 0.42174  mean_foundation= 20.5/52  lifetime_outcomes={'won': 0, 'stalled': 84, 'truncated': 209, 'other': 0}  rss= 1660.3MB  (386s)
step   136000/500000  eps=0.354  episodes=  297  mean_return= 73.816  mean_loss= 0.41270  mean_foundation=  8.5/52  lifetime_outcomes={'won': 0, 'stalled': 85, 'truncated': 212, 'other': 0}  rss= 1660.3MB  (392s)
step   138000/500000  eps=0.345  episodes=  301  mean_return= 72.000  mean_loss= 0.40775  mean_foundation=  9.0/52  lifetime_outcomes={'won': 0, 'stalled': 85, 'truncated': 216, 'other': 0}  rss= 1660.3MB  (398s)
step   140000/500000  eps=0.335  episodes=  307  mean_return= 84.443  mean_loss= 0.41173  mean_foundation= 14.2/52  lifetime_outcomes={'won': 0, 'stalled': 88, 'truncated': 219, 'other': 0}  rss= 1660.3MB  (403s)
  EVAL  step   140000  win_rate=0.00%  mean_return= 28.400  mean_foundation=  1.9/52  mean_length=500.0  (greedy, 20 fixed deals)
step   142000/500000  eps=0.326  episodes=  311  mean_return= 75.250  mean_loss= 0.39999  mean_foundation=  8.2/52  lifetime_outcomes={'won': 0, 'stalled': 88, 'truncated': 223, 'other': 0}  rss= 1660.3MB  (417s)
step   144000/500000  eps=0.316  episodes=  315  mean_return= 96.531  mean_loss= 0.39312  mean_foundation= 18.8/52  lifetime_outcomes={'won': 0, 'stalled': 89, 'truncated': 226, 'other': 0}  rss= 1660.3MB  (423s)
step   146000/500000  eps=0.306  episodes=  319  mean_return= 88.038  mean_loss= 0.38553  mean_foundation=  8.2/52  lifetime_outcomes={'won': 0, 'stalled': 90, 'truncated': 229, 'other': 0}  rss= 1660.3MB  (428s)
step   148000/500000  eps=0.297  episodes=  324  mean_return= 80.124  mean_loss= 0.39152  mean_foundation= 14.8/52  lifetime_outcomes={'won': 0, 'stalled': 91, 'truncated': 233, 'other': 0}  rss= 1660.3MB  (434s)
step   150000/500000  eps=0.288  episodes=  328  mean_return= 85.094  mean_loss= 0.38910  mean_foundation= 12.2/52  lifetime_outcomes={'won': 0, 'stalled': 93, 'truncated': 235, 'other': 0}  rss= 1660.3MB  (439s)
step   152000/500000  eps=0.278  episodes=  333  mean_return= 75.190  mean_loss= 0.37926  mean_foundation= 14.8/52  lifetime_outcomes={'won': 0, 'stalled': 96, 'truncated': 237, 'other': 0}  rss= 1660.3MB  (445s)
step   154000/500000  eps=0.269  episodes=  338  mean_return= 67.791  mean_loss= 0.38108  mean_foundation=  9.2/52  lifetime_outcomes={'won': 0, 'stalled': 97, 'truncated': 241, 'other': 0}  rss= 1660.5MB  (450s)
step   156000/500000  eps=0.259  episodes=  342  mean_return= 70.022  mean_loss= 0.38127  mean_foundation=  6.2/52  lifetime_outcomes={'won': 0, 'stalled': 98, 'truncated': 244, 'other': 0}  rss= 1660.5MB  (456s)
step   158000/500000  eps=0.250  episodes=  346  mean_return= 91.250  mean_loss= 0.36800  mean_foundation= 19.2/52  lifetime_outcomes={'won': 0, 'stalled': 98, 'truncated': 248, 'other': 0}  rss= 1660.5MB  (461s)
step   160000/500000  eps=0.240  episodes=  352  mean_return= 68.271  mean_loss= 0.36891  mean_foundation= 12.7/52  lifetime_outcomes={'won': 0, 'stalled': 101, 'truncated': 251, 'other': 0}  rss= 1660.5MB  (467s)
  EVAL  step   160000  win_rate=0.00%  mean_return= 27.600  mean_foundation=  2.4/52  mean_length=500.0  (greedy, 20 fixed deals)
step   162000/500000  eps=0.231  episodes=  356  mean_return= 69.364  mean_loss= 0.35379  mean_foundation= 11.0/52  lifetime_outcomes={'won': 0, 'stalled': 103, 'truncated': 253, 'other': 0}  rss= 1660.5MB  (480s)
step   164000/500000  eps=0.221  episodes=  360  mean_return= 70.000  mean_loss= 0.34991  mean_foundation= 13.8/52  lifetime_outcomes={'won': 0, 'stalled': 103, 'truncated': 257, 'other': 0}  rss= 1660.5MB  (485s)
step   166000/500000  eps=0.212  episodes=  364  mean_return= 92.750  mean_loss= 0.35265  mean_foundation= 18.2/52  lifetime_outcomes={'won': 0, 'stalled': 103, 'truncated': 261, 'other': 0}  rss= 1660.5MB  (490s)
step   168000/500000  eps=0.202  episodes=  369  mean_return= 98.154  mean_loss= 0.35458  mean_foundation= 16.8/52  lifetime_outcomes={'won': 0, 'stalled': 106, 'truncated': 263, 'other': 0}  rss= 1660.5MB  (496s)
step   170000/500000  eps=0.193  episodes=  373  mean_return= 62.000  mean_loss= 0.35815  mean_foundation=  8.8/52  lifetime_outcomes={'won': 0, 'stalled': 106, 'truncated': 267, 'other': 0}  rss= 1660.5MB  (501s)
step   172000/500000  eps=0.183  episodes=  378  mean_return= 58.406  mean_loss= 0.34652  mean_foundation= 10.4/52  lifetime_outcomes={'won': 0, 'stalled': 108, 'truncated': 270, 'other': 0}  rss= 1660.5MB  (507s)
step   174000/500000  eps=0.173  episodes=  382  mean_return= 63.000  mean_loss= 0.34172  mean_foundation=  7.8/52  lifetime_outcomes={'won': 0, 'stalled': 108, 'truncated': 274, 'other': 0}  rss= 1660.5MB  (513s)
step   176000/500000  eps=0.164  episodes=  388  mean_return= 43.485  mean_loss= 0.33960  mean_foundation=  6.0/52  lifetime_outcomes={'won': 0, 'stalled': 112, 'truncated': 276, 'other': 0}  rss= 1660.5MB  (519s)
step   178000/500000  eps=0.155  episodes=  392  mean_return= 82.019  mean_loss= 0.32720  mean_foundation= 16.0/52  lifetime_outcomes={'won': 0, 'stalled': 113, 'truncated': 279, 'other': 0}  rss= 1660.5MB  (525s)
step   180000/500000  eps=0.145  episodes=  397  mean_return= 90.779  mean_loss= 0.33290  mean_foundation= 18.4/52  lifetime_outcomes={'won': 0, 'stalled': 115, 'truncated': 282, 'other': 0}  rss= 1660.5MB  (531s)
  EVAL  step   180000  win_rate=0.00%  mean_return= 28.900  mean_foundation=  2.4/52  mean_length=500.0  (greedy, 20 fixed deals)
step   182000/500000  eps=0.136  episodes=  402  mean_return= 56.463  mean_loss= 0.32327  mean_foundation=  7.6/52  lifetime_outcomes={'won': 0, 'stalled': 118, 'truncated': 284, 'other': 0}  rss= 1660.5MB  (544s)
step   184000/500000  eps=0.126  episodes=  407  mean_return= 61.718  mean_loss= 0.32201  mean_foundation=  6.6/52  lifetime_outcomes={'won': 0, 'stalled': 120, 'truncated': 287, 'other': 0}  rss= 1660.5MB  (550s)
step   186000/500000  eps=0.117  episodes=  412  mean_return= 74.196  mean_loss= 0.31913  mean_foundation= 10.6/52  lifetime_outcomes={'won': 0, 'stalled': 123, 'truncated': 289, 'other': 0}  rss= 1660.5MB  (556s)
step   188000/500000  eps=0.107  episodes=  416  mean_return= 82.283  mean_loss= 0.31609  mean_foundation= 11.5/52  lifetime_outcomes={'won': 0, 'stalled': 125, 'truncated': 291, 'other': 0}  rss= 1660.5MB  (562s)
step   190000/500000  eps=0.098  episodes=  421  mean_return= 74.369  mean_loss= 0.31193  mean_foundation= 12.8/52  lifetime_outcomes={'won': 0, 'stalled': 127, 'truncated': 294, 'other': 0}  rss= 1660.5MB  (567s)
step   192000/500000  eps=0.088  episodes=  426  mean_return= 42.818  mean_loss= 0.30826  mean_foundation=  7.8/52  lifetime_outcomes={'won': 0, 'stalled': 130, 'truncated': 296, 'other': 0}  rss= 1660.5MB  (573s)
step   194000/500000  eps=0.079  episodes=  430  mean_return= 43.089  mean_loss= 0.30539  mean_foundation=  6.2/52  lifetime_outcomes={'won': 0, 'stalled': 131, 'truncated': 299, 'other': 0}  rss= 1660.5MB  (579s)
step   196000/500000  eps=0.069  episodes=  436  mean_return= 71.623  mean_loss= 0.29712  mean_foundation=  9.2/52  lifetime_outcomes={'won': 0, 'stalled': 133, 'truncated': 303, 'other': 0}  rss= 1660.5MB  (585s)
step   198000/500000  eps=0.059  episodes=  441  mean_return= 56.836  mean_loss= 0.29016  mean_foundation=  6.2/52  lifetime_outcomes={'won': 0, 'stalled': 136, 'truncated': 305, 'other': 0}  rss= 1660.5MB  (591s)
step   200000/500000  eps=0.050  episodes=  446  mean_return= 68.599  mean_loss= 0.29232  mean_foundation= 10.6/52  lifetime_outcomes={'won': 0, 'stalled': 138, 'truncated': 308, 'other': 0}  rss= 1660.5MB  (597s)
  EVAL  step   200000  win_rate=0.00%  mean_return= 31.717  mean_foundation=  3.2/52  mean_length=433.5  (greedy, 20 fixed deals)
step   202000/500000  eps=0.050  episodes=  451  mean_return= 47.388  mean_loss= 0.28601  mean_foundation=  6.0/52  lifetime_outcomes={'won': 0, 'stalled': 140, 'truncated': 311, 'other': 0}  rss= 1660.5MB  (610s)
step   204000/500000  eps=0.050  episodes=  457  mean_return= 52.623  mean_loss= 0.28399  mean_foundation=  6.8/52  lifetime_outcomes={'won': 0, 'stalled': 143, 'truncated': 314, 'other': 0}  rss= 1660.5MB  (616s)
step   206000/500000  eps=0.050  episodes=  464  mean_return= 45.435  mean_loss= 0.27895  mean_foundation=  5.4/52  lifetime_outcomes={'won': 0, 'stalled': 147, 'truncated': 317, 'other': 0}  rss= 1660.5MB  (622s)
step   208000/500000  eps=0.050  episodes=  469  mean_return= 80.191  mean_loss= 0.27279  mean_foundation= 12.0/52  lifetime_outcomes={'won': 0, 'stalled': 149, 'truncated': 320, 'other': 0}  rss= 1660.5MB  (628s)
step   210000/500000  eps=0.050  episodes=  473  mean_return= 39.558  mean_loss= 0.27997  mean_foundation=  9.8/52  lifetime_outcomes={'won': 0, 'stalled': 150, 'truncated': 323, 'other': 0}  rss= 1660.5MB  (634s)
step   212000/500000  eps=0.050  episodes=  478  mean_return= 72.403  mean_loss= 0.27000  mean_foundation=  7.4/52  lifetime_outcomes={'won': 0, 'stalled': 152, 'truncated': 326, 'other': 0}  rss= 1660.5MB  (640s)
step   214000/500000  eps=0.050  episodes=  482  mean_return= 63.507  mean_loss= 0.26798  mean_foundation=  8.2/52  lifetime_outcomes={'won': 0, 'stalled': 153, 'truncated': 329, 'other': 0}  rss= 1660.5MB  (646s)
step   216000/500000  eps=0.050  episodes=  488  mean_return= 55.124  mean_loss= 0.27350  mean_foundation=  8.2/52  lifetime_outcomes={'won': 0, 'stalled': 155, 'truncated': 333, 'other': 0}  rss= 1660.5MB  (652s)
step   218000/500000  eps=0.050  episodes=  492  mean_return= 40.500  mean_loss= 0.26414  mean_foundation=  7.0/52  lifetime_outcomes={'won': 0, 'stalled': 155, 'truncated': 337, 'other': 0}  rss= 1660.5MB  (658s)
step   220000/500000  eps=0.050  episodes=  496  mean_return= 48.551  mean_loss= 0.26395  mean_foundation=  7.2/52  lifetime_outcomes={'won': 0, 'stalled': 156, 'truncated': 340, 'other': 0}  rss= 1660.5MB  (664s)
  EVAL  step   220000  win_rate=0.00%  mean_return= 33.573  mean_foundation=  3.0/52  mean_length=477.5  (greedy, 20 fixed deals)
step   222000/500000  eps=0.050  episodes=  501  mean_return= 55.577  mean_loss= 0.25735  mean_foundation=  7.2/52  lifetime_outcomes={'won': 0, 'stalled': 158, 'truncated': 343, 'other': 0}  rss= 1660.5MB  (677s)
step   224000/500000  eps=0.050  episodes=  506  mean_return= 74.035  mean_loss= 0.26045  mean_foundation=  9.2/52  lifetime_outcomes={'won': 0, 'stalled': 161, 'truncated': 345, 'other': 0}  rss= 1660.5MB  (683s)
step   226000/500000  eps=0.050  episodes=  510  mean_return= 72.010  mean_loss= 0.25787  mean_foundation=  6.2/52  lifetime_outcomes={'won': 0, 'stalled': 162, 'truncated': 348, 'other': 0}  rss= 1660.5MB  (689s)
step   228000/500000  eps=0.050  episodes=  514  mean_return= 47.000  mean_loss= 0.24372  mean_foundation=  8.0/52  lifetime_outcomes={'won': 0, 'stalled': 162, 'truncated': 352, 'other': 0}  rss= 1660.5MB  (694s)
step   230000/500000  eps=0.050  episodes=  520  mean_return= 48.786  mean_loss= 0.24003  mean_foundation=  6.7/52  lifetime_outcomes={'won': 0, 'stalled': 165, 'truncated': 355, 'other': 0}  rss= 1660.5MB  (700s)
step   232000/500000  eps=0.050  episodes=  526  mean_return= 38.546  mean_loss= 0.23644  mean_foundation=  4.3/52  lifetime_outcomes={'won': 0, 'stalled': 168, 'truncated': 358, 'other': 0}  rss= 1660.5MB  (706s)
step   234000/500000  eps=0.050  episodes=  531  mean_return= 77.739  mean_loss= 0.23800  mean_foundation= 13.6/52  lifetime_outcomes={'won': 0, 'stalled': 169, 'truncated': 362, 'other': 0}  rss= 1660.5MB  (711s)
step   236000/500000  eps=0.050  episodes=  535  mean_return= 71.838  mean_loss= 0.23019  mean_foundation= 10.2/52  lifetime_outcomes={'won': 0, 'stalled': 170, 'truncated': 365, 'other': 0}  rss= 1660.5MB  (717s)
step   238000/500000  eps=0.050  episodes=  540  mean_return= 36.526  mean_loss= 0.22588  mean_foundation=  6.0/52  lifetime_outcomes={'won': 0, 'stalled': 171, 'truncated': 369, 'other': 0}  rss= 1660.5MB  (723s)
step   240000/500000  eps=0.050  episodes=  544  mean_return= 41.750  mean_loss= 0.22590  mean_foundation=  3.8/52  lifetime_outcomes={'won': 0, 'stalled': 171, 'truncated': 373, 'other': 0}  rss= 1660.5MB  (729s)
  EVAL  step   240000  win_rate=0.00%  mean_return= 35.171  mean_foundation=  3.6/52  mean_length=478.6  (greedy, 20 fixed deals)
step   242000/500000  eps=0.050  episodes=  548  mean_return= 51.860  mean_loss= 0.22737  mean_foundation=  5.5/52  lifetime_outcomes={'won': 0, 'stalled': 172, 'truncated': 376, 'other': 0}  rss= 1660.5MB  (741s)
step   244000/500000  eps=0.050  episodes=  552  mean_return= 65.250  mean_loss= 0.21499  mean_foundation=  9.0/52  lifetime_outcomes={'won': 0, 'stalled': 172, 'truncated': 380, 'other': 0}  rss= 1660.5MB  (747s)
step   246000/500000  eps=0.050  episodes=  558  mean_return= 55.991  mean_loss= 0.21786  mean_foundation=  9.3/52  lifetime_outcomes={'won': 0, 'stalled': 175, 'truncated': 383, 'other': 0}  rss= 1660.5MB  (753s)
step   248000/500000  eps=0.050  episodes=  564  mean_return= 49.126  mean_loss= 0.21394  mean_foundation=  6.3/52  lifetime_outcomes={'won': 0, 'stalled': 178, 'truncated': 386, 'other': 0}  rss= 1660.5MB  (759s)
step   250000/500000  eps=0.050  episodes=  569  mean_return= 46.607  mean_loss= 0.21182  mean_foundation=  6.6/52  lifetime_outcomes={'won': 0, 'stalled': 180, 'truncated': 389, 'other': 0}  rss= 1660.5MB  (765s)
step   252000/500000  eps=0.050  episodes=  574  mean_return= 50.968  mean_loss= 0.20611  mean_foundation=  5.6/52  lifetime_outcomes={'won': 0, 'stalled': 181, 'truncated': 393, 'other': 0}  rss= 1660.5MB  (771s)
step   254000/500000  eps=0.050  episodes=  578  mean_return= 59.250  mean_loss= 0.21463  mean_foundation=  9.0/52  lifetime_outcomes={'won': 0, 'stalled': 181, 'truncated': 397, 'other': 0}  rss= 1660.5MB  (777s)
step   256000/500000  eps=0.050  episodes=  584  mean_return= 76.031  mean_loss= 0.19845  mean_foundation= 11.3/52  lifetime_outcomes={'won': 0, 'stalled': 184, 'truncated': 400, 'other': 0}  rss= 1660.5MB  (783s)
step   258000/500000  eps=0.050  episodes=  589  mean_return= 53.597  mean_loss= 0.19900  mean_foundation=  6.6/52  lifetime_outcomes={'won': 0, 'stalled': 186, 'truncated': 403, 'other': 0}  rss= 1660.5MB  (789s)
step   260000/500000  eps=0.050  episodes=  595  mean_return= 57.863  mean_loss= 0.20312  mean_foundation=  8.0/52  lifetime_outcomes={'won': 0, 'stalled': 190, 'truncated': 405, 'other': 0}  rss= 1660.5MB  (795s)
  EVAL  step   260000  win_rate=0.00%  mean_return= 37.265  mean_foundation=  5.0/52  mean_length=434.9  (greedy, 20 fixed deals)
step   262000/500000  eps=0.050  episodes=  601  mean_return= 70.280  mean_loss= 0.20203  mean_foundation= 10.3/52  lifetime_outcomes={'won': 0, 'stalled': 192, 'truncated': 409, 'other': 0}  rss= 1662.7MB  (808s)
step   264000/500000  eps=0.050  episodes=  606  mean_return= 53.049  mean_loss= 0.19685  mean_foundation=  6.8/52  lifetime_outcomes={'won': 0, 'stalled': 194, 'truncated': 412, 'other': 0}  rss= 1662.7MB  (814s)
step   266000/500000  eps=0.050  episodes=  611  mean_return= 74.199  mean_loss= 0.19763  mean_foundation= 10.4/52  lifetime_outcomes={'won': 0, 'stalled': 196, 'truncated': 415, 'other': 0}  rss= 1662.7MB  (820s)
step   268000/500000  eps=0.050  episodes=  615  mean_return= 54.000  mean_loss= 0.19511  mean_foundation=  6.2/52  lifetime_outcomes={'won': 0, 'stalled': 196, 'truncated': 419, 'other': 0}  rss= 1662.7MB  (826s)
step   270000/500000  eps=0.050  episodes=  621  mean_return= 58.997  mean_loss= 0.19556  mean_foundation=  5.8/52  lifetime_outcomes={'won': 0, 'stalled': 199, 'truncated': 422, 'other': 0}  rss= 1662.7MB  (832s)
step   272000/500000  eps=0.050  episodes=  628  mean_return= 49.165  mean_loss= 0.19210  mean_foundation=  5.3/52  lifetime_outcomes={'won': 0, 'stalled': 204, 'truncated': 424, 'other': 0}  rss= 1662.7MB  (838s)
step   274000/500000  eps=0.050  episodes=  633  mean_return= 57.190  mean_loss= 0.18683  mean_foundation=  8.4/52  lifetime_outcomes={'won': 0, 'stalled': 207, 'truncated': 426, 'other': 0}  rss= 1662.7MB  (844s)
step   276000/500000  eps=0.050  episodes=  637  mean_return= 69.250  mean_loss= 0.19381  mean_foundation= 11.0/52  lifetime_outcomes={'won': 0, 'stalled': 207, 'truncated': 430, 'other': 0}  rss= 1662.7MB  (850s)
step   278000/500000  eps=0.050  episodes=  642  mean_return= 46.421  mean_loss= 0.19050  mean_foundation=  8.2/52  lifetime_outcomes={'won': 0, 'stalled': 210, 'truncated': 432, 'other': 0}  rss= 1662.7MB  (856s)
step   280000/500000  eps=0.050  episodes=  647  mean_return= 76.584  mean_loss= 0.18194  mean_foundation= 10.8/52  lifetime_outcomes={'won': 0, 'stalled': 211, 'truncated': 436, 'other': 0}  rss= 1662.7MB  (862s)
  EVAL  step   280000  win_rate=0.00%  mean_return= 33.823  mean_foundation=  2.6/52  mean_length=477.4  (greedy, 20 fixed deals)
step   282000/500000  eps=0.050  episodes=  651  mean_return= 54.750  mean_loss= 0.17906  mean_foundation=  8.5/52  lifetime_outcomes={'won': 0, 'stalled': 211, 'truncated': 440, 'other': 0}  rss= 1662.7MB  (876s)
step   284000/500000  eps=0.050  episodes=  655  mean_return= 15.000  mean_loss= 0.18783  mean_foundation=  2.2/52  lifetime_outcomes={'won': 0, 'stalled': 211, 'truncated': 444, 'other': 0}  rss= 1662.7MB  (882s)
step   286000/500000  eps=0.050  episodes=  660  mean_return= 54.191  mean_loss= 0.17625  mean_foundation=  6.0/52  lifetime_outcomes={'won': 0, 'stalled': 213, 'truncated': 447, 'other': 0}  rss= 1662.7MB  (888s)
step   288000/500000  eps=0.050  episodes=  664  mean_return= 59.531  mean_loss= 0.17554  mean_foundation= 11.5/52  lifetime_outcomes={'won': 0, 'stalled': 214, 'truncated': 450, 'other': 0}  rss= 1662.7MB  (894s)
step   290000/500000  eps=0.050  episodes=  669  mean_return= 77.150  mean_loss= 0.16919  mean_foundation=  6.8/52  lifetime_outcomes={'won': 0, 'stalled': 215, 'truncated': 454, 'other': 0}  rss= 1662.7MB  (899s)
step   292000/500000  eps=0.050  episodes=  673  mean_return= 91.000  mean_loss= 0.17795  mean_foundation= 12.2/52  lifetime_outcomes={'won': 0, 'stalled': 215, 'truncated': 458, 'other': 0}  rss= 1662.7MB  (905s)
step   294000/500000  eps=0.050  episodes=  677  mean_return= 84.000  mean_loss= 0.17177  mean_foundation=  8.2/52  lifetime_outcomes={'won': 0, 'stalled': 215, 'truncated': 462, 'other': 0}  rss= 1662.7MB  (911s)
step   296000/500000  eps=0.050  episodes=  682  mean_return= 62.592  mean_loss= 0.17268  mean_foundation=  6.6/52  lifetime_outcomes={'won': 0, 'stalled': 216, 'truncated': 466, 'other': 0}  rss= 1662.7MB  (918s)
step   298000/500000  eps=0.050  episodes=  688  mean_return= 62.814  mean_loss= 0.17295  mean_foundation=  8.5/52  lifetime_outcomes={'won': 0, 'stalled': 219, 'truncated': 469, 'other': 0}  rss= 1662.7MB  (923s)
step   300000/500000  eps=0.050  episodes=  693  mean_return= 41.428  mean_loss= 0.17892  mean_foundation=  6.6/52  lifetime_outcomes={'won': 0, 'stalled': 221, 'truncated': 472, 'other': 0}  rss= 1662.7MB  (929s)
  EVAL  step   300000  win_rate=0.00%  mean_return= 32.750  mean_foundation=  3.5/52  mean_length=500.0  (greedy, 20 fixed deals)
step   302000/500000  eps=0.050  episodes=  697  mean_return= 68.065  mean_loss= 0.17448  mean_foundation=  7.2/52  lifetime_outcomes={'won': 0, 'stalled': 222, 'truncated': 475, 'other': 0}  rss= 1662.7MB  (942s)
step   304000/500000  eps=0.050  episodes=  702  mean_return= 40.986  mean_loss= 0.17317  mean_foundation=  6.0/52  lifetime_outcomes={'won': 0, 'stalled': 223, 'truncated': 479, 'other': 0}  rss= 1662.7MB  (948s)
step   306000/500000  eps=0.050  episodes=  707  mean_return= 61.981  mean_loss= 0.16408  mean_foundation=  8.4/52  lifetime_outcomes={'won': 0, 'stalled': 224, 'truncated': 483, 'other': 0}  rss= 1662.7MB  (954s)
step   308000/500000  eps=0.050  episodes=  711  mean_return= 75.500  mean_loss= 0.16444  mean_foundation= 11.5/52  lifetime_outcomes={'won': 0, 'stalled': 224, 'truncated': 487, 'other': 0}  rss= 1662.7MB  (960s)
step   310000/500000  eps=0.050  episodes=  717  mean_return= 52.299  mean_loss= 0.16834  mean_foundation=  9.3/52  lifetime_outcomes={'won': 0, 'stalled': 227, 'truncated': 490, 'other': 0}  rss= 1662.7MB  (965s)
step   312000/500000  eps=0.050  episodes=  721  mean_return= 54.250  mean_loss= 0.16569  mean_foundation=  6.0/52  lifetime_outcomes={'won': 0, 'stalled': 227, 'truncated': 494, 'other': 0}  rss= 1662.7MB  (971s)
step   314000/500000  eps=0.050  episodes=  725  mean_return= 87.790  mean_loss= 0.16571  mean_foundation= 14.2/52  lifetime_outcomes={'won': 0, 'stalled': 228, 'truncated': 497, 'other': 0}  rss= 1662.7MB  (976s)
step   316000/500000  eps=0.050  episodes=  729  mean_return= 67.798  mean_loss= 0.16820  mean_foundation=  8.8/52  lifetime_outcomes={'won': 0, 'stalled': 229, 'truncated': 500, 'other': 0}  rss= 1662.7MB  (982s)
step   318000/500000  eps=0.050  episodes=  735  mean_return= 77.143  mean_loss= 0.16378  mean_foundation=  8.2/52  lifetime_outcomes={'won': 0, 'stalled': 233, 'truncated': 502, 'other': 0}  rss= 1662.7MB  (987s)
step   320000/500000  eps=0.050  episodes=  741  mean_return= 45.293  mean_loss= 0.16321  mean_foundation=  6.0/52  lifetime_outcomes={'won': 0, 'stalled': 235, 'truncated': 506, 'other': 0}  rss= 1662.7MB  (994s)
  EVAL  step   320000  win_rate=0.00%  mean_return= 35.338  mean_foundation=  4.2/52  mean_length=412.4  (greedy, 20 fixed deals)
step   322000/500000  eps=0.050  episodes=  747  mean_return= 56.530  mean_loss= 0.16803  mean_foundation= 11.0/52  lifetime_outcomes={'won': 0, 'stalled': 239, 'truncated': 508, 'other': 0}  rss= 1662.7MB  (1007s)
step   324000/500000  eps=0.050  episodes=  753  mean_return= 58.151  mean_loss= 0.16742  mean_foundation=  7.8/52  lifetime_outcomes={'won': 0, 'stalled': 242, 'truncated': 511, 'other': 0}  rss= 1662.7MB  (1014s)
step   326000/500000  eps=0.050  episodes=  758  mean_return= 79.810  mean_loss= 0.17032  mean_foundation= 12.2/52  lifetime_outcomes={'won': 0, 'stalled': 245, 'truncated': 513, 'other': 0}  rss= 1662.7MB  (1020s)
step   328000/500000  eps=0.050  episodes=  764  mean_return= 61.360  mean_loss= 0.16800  mean_foundation= 10.8/52  lifetime_outcomes={'won': 0, 'stalled': 249, 'truncated': 515, 'other': 0}  rss= 1662.7MB  (1027s)
step   330000/500000  eps=0.050  episodes=  768  mean_return= 90.779  mean_loss= 0.16040  mean_foundation=  9.0/52  lifetime_outcomes={'won': 0, 'stalled': 250, 'truncated': 518, 'other': 0}  rss= 1662.7MB  (1033s)
step   332000/500000  eps=0.050  episodes=  774  mean_return= 48.774  mean_loss= 0.16043  mean_foundation=  5.8/52  lifetime_outcomes={'won': 0, 'stalled': 253, 'truncated': 521, 'other': 0}  rss= 1662.7MB  (1039s)
step   334000/500000  eps=0.050  episodes=  778  mean_return= 29.500  mean_loss= 0.16151  mean_foundation=  3.2/52  lifetime_outcomes={'won': 0, 'stalled': 253, 'truncated': 525, 'other': 0}  rss= 1662.7MB  (1045s)
step   336000/500000  eps=0.050  episodes=  783  mean_return= 60.819  mean_loss= 0.15442  mean_foundation=  7.8/52  lifetime_outcomes={'won': 0, 'stalled': 255, 'truncated': 528, 'other': 0}  rss= 1662.7MB  (1051s)
step   338000/500000  eps=0.050  episodes=  788  mean_return= 58.859  mean_loss= 0.16048  mean_foundation=  8.0/52  lifetime_outcomes={'won': 0, 'stalled': 257, 'truncated': 531, 'other': 0}  rss= 1662.7MB  (1057s)
step   340000/500000  eps=0.050  episodes=  794  mean_return= 69.620  mean_loss= 0.15810  mean_foundation=  8.0/52  lifetime_outcomes={'won': 0, 'stalled': 259, 'truncated': 535, 'other': 0}  rss= 1662.7MB  (1063s)
  EVAL  step   340000  win_rate=0.00%  mean_return= 38.730  mean_foundation=  4.8/52  mean_length=370.1  (greedy, 20 fixed deals)
step   342000/500000  eps=0.050  episodes=  799  mean_return= 72.978  mean_loss= 0.15689  mean_foundation=  9.2/52  lifetime_outcomes={'won': 0, 'stalled': 260, 'truncated': 539, 'other': 0}  rss= 1662.7MB  (1075s)
step   344000/500000  eps=0.050  episodes=  803  mean_return= 82.309  mean_loss= 0.15991  mean_foundation=  9.8/52  lifetime_outcomes={'won': 0, 'stalled': 262, 'truncated': 541, 'other': 0}  rss= 1662.7MB  (1081s)
step   346000/500000  eps=0.050  episodes=  808  mean_return= 68.984  mean_loss= 0.15388  mean_foundation=  7.8/52  lifetime_outcomes={'won': 0, 'stalled': 263, 'truncated': 545, 'other': 0}  rss= 1662.7MB  (1087s)
step   348000/500000  eps=0.050  episodes=  814  mean_return= 33.506  mean_loss= 0.15945  mean_foundation=  6.3/52  lifetime_outcomes={'won': 0, 'stalled': 266, 'truncated': 548, 'other': 0}  rss= 1662.7MB  (1093s)
step   350000/500000  eps=0.050  episodes=  818  mean_return= 41.500  mean_loss= 0.15425  mean_foundation=  3.5/52  lifetime_outcomes={'won': 0, 'stalled': 266, 'truncated': 552, 'other': 0}  rss= 1662.7MB  (1099s)
step   352000/500000  eps=0.050  episodes=  823  mean_return= 60.423  mean_loss= 0.15147  mean_foundation=  6.2/52  lifetime_outcomes={'won': 0, 'stalled': 268, 'truncated': 555, 'other': 0}  rss= 1662.7MB  (1105s)
step   354000/500000  eps=0.050  episodes=  827  mean_return= 52.272  mean_loss= 0.15798  mean_foundation=  5.8/52  lifetime_outcomes={'won': 0, 'stalled': 269, 'truncated': 558, 'other': 0}  rss= 1662.7MB  (1111s)
step   356000/500000  eps=0.050  episodes=  833  mean_return= 54.805  mean_loss= 0.15648  mean_foundation=  8.0/52  lifetime_outcomes={'won': 0, 'stalled': 271, 'truncated': 562, 'other': 0}  rss= 1662.7MB  (1117s)
step   358000/500000  eps=0.050  episodes=  837  mean_return= 68.033  mean_loss= 0.15479  mean_foundation=  6.2/52  lifetime_outcomes={'won': 0, 'stalled': 272, 'truncated': 565, 'other': 0}  rss= 1662.7MB  (1123s)
step   360000/500000  eps=0.050  episodes=  843  mean_return= 53.604  mean_loss= 0.15655  mean_foundation=  8.8/52  lifetime_outcomes={'won': 0, 'stalled': 274, 'truncated': 569, 'other': 0}  rss= 1662.7MB  (1129s)
  EVAL  step   360000  win_rate=0.00%  mean_return= 41.508  mean_foundation=  5.5/52  mean_length=392.7  (greedy, 20 fixed deals)
step   362000/500000  eps=0.050  episodes=  850  mean_return= 55.583  mean_loss= 0.15672  mean_foundation=  7.3/52  lifetime_outcomes={'won': 0, 'stalled': 278, 'truncated': 572, 'other': 0}  rss= 1662.7MB  (1142s)
step   364000/500000  eps=0.050  episodes=  856  mean_return= 57.524  mean_loss= 0.15911  mean_foundation=  8.3/52  lifetime_outcomes={'won': 0, 'stalled': 282, 'truncated': 574, 'other': 0}  rss= 1662.7MB  (1147s)
step   366000/500000  eps=0.050  episodes=  862  mean_return= 63.031  mean_loss= 0.14661  mean_foundation= 10.2/52  lifetime_outcomes={'won': 0, 'stalled': 286, 'truncated': 576, 'other': 0}  rss= 1662.7MB  (1153s)
step   368000/500000  eps=0.050  episodes=  869  mean_return= 74.828  mean_loss= 0.14598  mean_foundation= 12.6/52  lifetime_outcomes={'won': 0, 'stalled': 290, 'truncated': 579, 'other': 0}  rss= 1662.7MB  (1159s)
step   370000/500000  eps=0.050  episodes=  874  mean_return= 54.977  mean_loss= 0.14887  mean_foundation=  6.0/52  lifetime_outcomes={'won': 0, 'stalled': 291, 'truncated': 583, 'other': 0}  rss= 1662.7MB  (1165s)
step   372000/500000  eps=0.050  episodes=  878  mean_return= 63.317  mean_loss= 0.13994  mean_foundation=  9.8/52  lifetime_outcomes={'won': 0, 'stalled': 292, 'truncated': 586, 'other': 0}  rss= 1662.7MB  (1170s)
step   374000/500000  eps=0.050  episodes=  884  mean_return= 47.977  mean_loss= 0.14018  mean_foundation=  6.3/52  lifetime_outcomes={'won': 0, 'stalled': 295, 'truncated': 589, 'other': 0}  rss= 1662.7MB  (1176s)
step   376000/500000  eps=0.050  episodes=  890  mean_return= 57.704  mean_loss= 0.13990  mean_foundation=  7.3/52  lifetime_outcomes={'won': 0, 'stalled': 298, 'truncated': 592, 'other': 0}  rss= 1662.7MB  (1182s)
step   378000/500000  eps=0.050  episodes=  896  mean_return= 81.612  mean_loss= 0.14125  mean_foundation=  8.3/52  lifetime_outcomes={'won': 0, 'stalled': 301, 'truncated': 595, 'other': 0}  rss= 1662.7MB  (1188s)
step   380000/500000  eps=0.050  episodes=  905  mean_return= 33.670  mean_loss= 0.14037  mean_foundation=  4.9/52  lifetime_outcomes={'won': 0, 'stalled': 308, 'truncated': 597, 'other': 0}  rss= 1662.7MB  (1194s)
  EVAL  step   380000  win_rate=0.00%  mean_return= 43.652  mean_foundation=  5.6/52  mean_length=348.7  (greedy, 20 fixed deals)
step   382000/500000  eps=0.050  episodes=  910  mean_return= 67.461  mean_loss= 0.14764  mean_foundation=  9.0/52  lifetime_outcomes={'won': 0, 'stalled': 311, 'truncated': 599, 'other': 0}  rss= 1663.1MB  (1205s)
step   384000/500000  eps=0.050  episodes=  917  mean_return= 33.976  mean_loss= 0.14519  mean_foundation=  5.4/52  lifetime_outcomes={'won': 0, 'stalled': 315, 'truncated': 602, 'other': 0}  rss= 1663.1MB  (1211s)
step   386000/500000  eps=0.050  episodes=  921  mean_return= 35.750  mean_loss= 0.14054  mean_foundation=  5.5/52  lifetime_outcomes={'won': 0, 'stalled': 315, 'truncated': 606, 'other': 0}  rss= 1663.1MB  (1216s)
step   388000/500000  eps=0.050  episodes=  928  mean_return= 50.714  mean_loss= 0.13605  mean_foundation=  7.9/52  lifetime_outcomes={'won': 0, 'stalled': 319, 'truncated': 609, 'other': 0}  rss= 1663.1MB  (1222s)
step   390000/500000  eps=0.050  episodes=  932  mean_return= 57.000  mean_loss= 0.14190  mean_foundation=  4.8/52  lifetime_outcomes={'won': 0, 'stalled': 319, 'truncated': 613, 'other': 0}  rss= 1663.1MB  (1228s)
step   392000/500000  eps=0.050  episodes=  937  mean_return= 57.444  mean_loss= 0.13380  mean_foundation=  6.4/52  lifetime_outcomes={'won': 0, 'stalled': 321, 'truncated': 616, 'other': 0}  rss= 1663.1MB  (1234s)
step   394000/500000  eps=0.050  episodes=  941  mean_return= 71.750  mean_loss= 0.13218  mean_foundation=  7.0/52  lifetime_outcomes={'won': 0, 'stalled': 321, 'truncated': 620, 'other': 0}  rss= 1663.1MB  (1240s)
step   396000/500000  eps=0.050  episodes=  947  mean_return= 70.281  mean_loss= 0.13185  mean_foundation=  9.8/52  lifetime_outcomes={'won': 0, 'stalled': 323, 'truncated': 624, 'other': 0}  rss= 1663.1MB  (1246s)
step   398000/500000  eps=0.050  episodes=  952  mean_return= 66.866  mean_loss= 0.12856  mean_foundation=  5.0/52  lifetime_outcomes={'won': 0, 'stalled': 326, 'truncated': 626, 'other': 0}  rss= 1663.1MB  (1252s)
step   400000/500000  eps=0.050  episodes=  957  mean_return= 82.554  mean_loss= 0.13002  mean_foundation=  7.4/52  lifetime_outcomes={'won': 0, 'stalled': 328, 'truncated': 629, 'other': 0}  rss= 1663.1MB  (1258s)
  EVAL  step   400000  win_rate=0.00%  mean_return= 40.937  mean_foundation=  4.5/52  mean_length=413.1  (greedy, 20 fixed deals)
step   402000/500000  eps=0.050  episodes=  961  mean_return= 37.010  mean_loss= 0.13049  mean_foundation=  3.5/52  lifetime_outcomes={'won': 0, 'stalled': 329, 'truncated': 632, 'other': 0}  rss= 1663.1MB  (1271s)
step   404000/500000  eps=0.050  episodes=  966  mean_return= 64.386  mean_loss= 0.12877  mean_foundation=  8.2/52  lifetime_outcomes={'won': 0, 'stalled': 332, 'truncated': 634, 'other': 0}  rss= 1663.1MB  (1277s)
step   406000/500000  eps=0.050  episodes=  972  mean_return= 47.533  mean_loss= 0.12945  mean_foundation=  7.8/52  lifetime_outcomes={'won': 0, 'stalled': 335, 'truncated': 637, 'other': 0}  rss= 1663.1MB  (1283s)
step   408000/500000  eps=0.050  episodes=  978  mean_return= 37.275  mean_loss= 0.12738  mean_foundation=  3.7/52  lifetime_outcomes={'won': 0, 'stalled': 338, 'truncated': 640, 'other': 0}  rss= 1663.1MB  (1289s)
step   410000/500000  eps=0.050  episodes=  983  mean_return= 52.219  mean_loss= 0.12197  mean_foundation=  6.8/52  lifetime_outcomes={'won': 0, 'stalled': 340, 'truncated': 643, 'other': 0}  rss= 1663.1MB  (1295s)
step   412000/500000  eps=0.050  episodes=  989  mean_return= 73.833  mean_loss= 0.12422  mean_foundation= 10.3/52  lifetime_outcomes={'won': 0, 'stalled': 343, 'truncated': 646, 'other': 0}  rss= 1663.1MB  (1301s)
step   414000/500000  eps=0.050  episodes=  993  mean_return= 86.250  mean_loss= 0.12041  mean_foundation= 10.8/52  lifetime_outcomes={'won': 0, 'stalled': 343, 'truncated': 650, 'other': 0}  rss= 1663.1MB  (1307s)
step   416000/500000  eps=0.050  episodes=  998  mean_return= 44.867  mean_loss= 0.11986  mean_foundation=  5.0/52  lifetime_outcomes={'won': 0, 'stalled': 346, 'truncated': 652, 'other': 0}  rss= 1663.1MB  (1313s)
step   418000/500000  eps=0.050  episodes= 1003  mean_return= 52.778  mean_loss= 0.11934  mean_foundation=  7.6/52  lifetime_outcomes={'won': 0, 'stalled': 348, 'truncated': 655, 'other': 0}  rss= 1663.1MB  (1319s)
step   420000/500000  eps=0.050  episodes= 1009  mean_return= 67.287  mean_loss= 0.11729  mean_foundation=  8.0/52  lifetime_outcomes={'won': 0, 'stalled': 350, 'truncated': 659, 'other': 0}  rss= 1663.1MB  (1325s)
  EVAL  step   420000  win_rate=0.00%  mean_return= 35.483  mean_foundation=  4.2/52  mean_length=367.6  (greedy, 20 fixed deals)
step   422000/500000  eps=0.050  episodes= 1015  mean_return= 46.054  mean_loss= 0.11501  mean_foundation=  5.5/52  lifetime_outcomes={'won': 0, 'stalled': 355, 'truncated': 660, 'other': 0}  rss= 1663.1MB  (1337s)
step   424000/500000  eps=0.050  episodes= 1022  mean_return= 44.696  mean_loss= 0.11359  mean_foundation=  4.9/52  lifetime_outcomes={'won': 0, 'stalled': 359, 'truncated': 663, 'other': 0}  rss= 1663.1MB  (1343s)
step   426000/500000  eps=0.050  episodes= 1029  mean_return= 51.691  mean_loss= 0.11011  mean_foundation=  8.7/52  lifetime_outcomes={'won': 0, 'stalled': 363, 'truncated': 666, 'other': 0}  rss= 1663.1MB  (1349s)
step   428000/500000  eps=0.050  episodes= 1033  mean_return= 67.511  mean_loss= 0.11443  mean_foundation=  7.0/52  lifetime_outcomes={'won': 0, 'stalled': 364, 'truncated': 669, 'other': 0}  rss= 1663.1MB  (1355s)
step   430000/500000  eps=0.050  episodes= 1039  mean_return= 43.822  mean_loss= 0.10503  mean_foundation=  7.2/52  lifetime_outcomes={'won': 0, 'stalled': 367, 'truncated': 672, 'other': 0}  rss= 1663.1MB  (1361s)
step   432000/500000  eps=0.050  episodes= 1044  mean_return= 45.415  mean_loss= 0.11194  mean_foundation=  5.8/52  lifetime_outcomes={'won': 0, 'stalled': 369, 'truncated': 675, 'other': 0}  rss= 1663.1MB  (1367s)
step   434000/500000  eps=0.050  episodes= 1049  mean_return= 60.823  mean_loss= 0.10907  mean_foundation=  4.8/52  lifetime_outcomes={'won': 0, 'stalled': 371, 'truncated': 678, 'other': 0}  rss= 1663.1MB  (1373s)
step   436000/500000  eps=0.050  episodes= 1054  mean_return= 78.386  mean_loss= 0.10655  mean_foundation=  8.6/52  lifetime_outcomes={'won': 0, 'stalled': 373, 'truncated': 681, 'other': 0}  rss= 1663.1MB  (1379s)
step   438000/500000  eps=0.050  episodes= 1059  mean_return= 40.026  mean_loss= 0.10980  mean_foundation=  5.8/52  lifetime_outcomes={'won': 0, 'stalled': 375, 'truncated': 684, 'other': 0}  rss= 1663.1MB  (1385s)
step   440000/500000  eps=0.050  episodes= 1065  mean_return= 54.800  mean_loss= 0.10444  mean_foundation=  7.8/52  lifetime_outcomes={'won': 0, 'stalled': 378, 'truncated': 687, 'other': 0}  rss= 1663.1MB  (1391s)
  EVAL  step   440000  win_rate=0.00%  mean_return= 39.064  mean_foundation=  4.8/52  mean_length=435.8  (greedy, 20 fixed deals)
step   442000/500000  eps=0.050  episodes= 1072  mean_return= 40.727  mean_loss= 0.10364  mean_foundation=  4.7/52  lifetime_outcomes={'won': 0, 'stalled': 382, 'truncated': 690, 'other': 0}  rss= 1663.1MB  (1403s)
step   444000/500000  eps=0.050  episodes= 1077  mean_return= 66.365  mean_loss= 0.09970  mean_foundation=  8.4/52  lifetime_outcomes={'won': 0, 'stalled': 384, 'truncated': 693, 'other': 0}  rss= 1663.1MB  (1409s)
step   446000/500000  eps=0.050  episodes= 1083  mean_return= 47.683  mean_loss= 0.10581  mean_foundation=  6.3/52  lifetime_outcomes={'won': 0, 'stalled': 388, 'truncated': 695, 'other': 0}  rss= 1663.1MB  (1415s)
step   448000/500000  eps=0.050  episodes= 1089  mean_return= 52.215  mean_loss= 0.10003  mean_foundation=  8.2/52  lifetime_outcomes={'won': 0, 'stalled': 391, 'truncated': 698, 'other': 0}  rss= 1663.1MB  (1421s)
step   450000/500000  eps=0.050  episodes= 1095  mean_return= 89.969  mean_loss= 0.10381  mean_foundation= 14.0/52  lifetime_outcomes={'won': 0, 'stalled': 395, 'truncated': 700, 'other': 0}  rss= 1663.1MB  (1426s)
step   452000/500000  eps=0.050  episodes= 1100  mean_return= 74.241  mean_loss= 0.10167  mean_foundation= 13.6/52  lifetime_outcomes={'won': 0, 'stalled': 397, 'truncated': 703, 'other': 0}  rss= 1663.1MB  (1432s)
step   454000/500000  eps=0.050  episodes= 1107  mean_return= 62.098  mean_loss= 0.10163  mean_foundation=  9.7/52  lifetime_outcomes={'won': 0, 'stalled': 401, 'truncated': 706, 'other': 0}  rss= 1663.1MB  (1438s)
step   456000/500000  eps=0.050  episodes= 1111  mean_return= 85.044  mean_loss= 0.10720  mean_foundation=  6.8/52  lifetime_outcomes={'won': 0, 'stalled': 402, 'truncated': 709, 'other': 0}  rss= 1663.1MB  (1444s)
step   458000/500000  eps=0.050  episodes= 1115  mean_return= 51.250  mean_loss= 0.10394  mean_foundation=  7.5/52  lifetime_outcomes={'won': 0, 'stalled': 402, 'truncated': 713, 'other': 0}  rss= 1663.1MB  (1449s)
step   460000/500000  eps=0.050  episodes= 1121  mean_return= 75.455  mean_loss= 0.10774  mean_foundation= 11.0/52  lifetime_outcomes={'won': 0, 'stalled': 404, 'truncated': 717, 'other': 0}  rss= 1663.1MB  (1454s)
  EVAL  step   460000  win_rate=0.00%  mean_return= 36.572  mean_foundation=  3.6/52  mean_length=478.0  (greedy, 20 fixed deals)
step   462000/500000  eps=0.050  episodes= 1125  mean_return= 46.533  mean_loss= 0.10789  mean_foundation=  3.0/52  lifetime_outcomes={'won': 0, 'stalled': 405, 'truncated': 720, 'other': 0}  rss= 1663.1MB  (1467s)
step   464000/500000  eps=0.050  episodes= 1130  mean_return= 53.236  mean_loss= 0.10644  mean_foundation=  8.8/52  lifetime_outcomes={'won': 0, 'stalled': 407, 'truncated': 723, 'other': 0}  rss= 1663.1MB  (1473s)
step   466000/500000  eps=0.050  episodes= 1136  mean_return= 55.135  mean_loss= 0.10346  mean_foundation=  8.2/52  lifetime_outcomes={'won': 0, 'stalled': 409, 'truncated': 727, 'other': 0}  rss= 1663.1MB  (1479s)
step   468000/500000  eps=0.050  episodes= 1141  mean_return= 62.787  mean_loss= 0.09847  mean_foundation=  6.8/52  lifetime_outcomes={'won': 0, 'stalled': 410, 'truncated': 731, 'other': 0}  rss= 1663.1MB  (1485s)
step   470000/500000  eps=0.050  episodes= 1145  mean_return= 70.750  mean_loss= 0.09458  mean_foundation=  7.2/52  lifetime_outcomes={'won': 0, 'stalled': 410, 'truncated': 735, 'other': 0}  rss= 1663.1MB  (1491s)
step   472000/500000  eps=0.050  episodes= 1149  mean_return= 51.823  mean_loss= 0.09628  mean_foundation=  5.5/52  lifetime_outcomes={'won': 0, 'stalled': 411, 'truncated': 738, 'other': 0}  rss= 1663.1MB  (1497s)
step   474000/500000  eps=0.050  episodes= 1153  mean_return= 47.000  mean_loss= 0.09666  mean_foundation=  5.5/52  lifetime_outcomes={'won': 0, 'stalled': 411, 'truncated': 742, 'other': 0}  rss= 1663.1MB  (1503s)
step   476000/500000  eps=0.050  episodes= 1160  mean_return= 57.414  mean_loss= 0.09745  mean_foundation=  8.9/52  lifetime_outcomes={'won': 0, 'stalled': 415, 'truncated': 745, 'other': 0}  rss= 1663.1MB  (1509s)
step   478000/500000  eps=0.050  episodes= 1165  mean_return= 76.781  mean_loss= 0.09292  mean_foundation=  5.6/52  lifetime_outcomes={'won': 0, 'stalled': 416, 'truncated': 749, 'other': 0}  rss= 1663.1MB  (1515s)
step   480000/500000  eps=0.050  episodes= 1171  mean_return= 52.516  mean_loss= 0.09528  mean_foundation=  6.0/52  lifetime_outcomes={'won': 0, 'stalled': 419, 'truncated': 752, 'other': 0}  rss= 1663.1MB  (1521s)
  EVAL  step   480000  win_rate=0.00%  mean_return= 34.422  mean_foundation=  3.2/52  mean_length=478.1  (greedy, 20 fixed deals)
step   482000/500000  eps=0.050  episodes= 1175  mean_return= 70.051  mean_loss= 0.09116  mean_foundation=  9.5/52  lifetime_outcomes={'won': 0, 'stalled': 420, 'truncated': 755, 'other': 0}  rss= 1663.1MB  (1534s)
step   484000/500000  eps=0.050  episodes= 1179  mean_return= 41.500  mean_loss= 0.09249  mean_foundation=  5.5/52  lifetime_outcomes={'won': 0, 'stalled': 420, 'truncated': 759, 'other': 0}  rss= 1663.1MB  (1540s)
step   486000/500000  eps=0.050  episodes= 1186  mean_return= 49.661  mean_loss= 0.08602  mean_foundation=  6.9/52  lifetime_outcomes={'won': 0, 'stalled': 424, 'truncated': 762, 'other': 0}  rss= 1663.1MB  (1546s)
step   488000/500000  eps=0.050  episodes= 1191  mean_return= 46.417  mean_loss= 0.08575  mean_foundation=  7.0/52  lifetime_outcomes={'won': 0, 'stalled': 426, 'truncated': 765, 'other': 0}  rss= 1663.1MB  (1552s)
step   490000/500000  eps=0.050  episodes= 1196  mean_return= 52.825  mean_loss= 0.08624  mean_foundation= 10.0/52  lifetime_outcomes={'won': 0, 'stalled': 428, 'truncated': 768, 'other': 0}  rss= 1663.1MB  (1558s)
step   492000/500000  eps=0.050  episodes= 1200  mean_return= 52.750  mean_loss= 0.08566  mean_foundation=  7.5/52  lifetime_outcomes={'won': 0, 'stalled': 428, 'truncated': 772, 'other': 0}  rss= 1663.1MB  (1564s)
step   494000/500000  eps=0.050  episodes= 1205  mean_return= 64.620  mean_loss= 0.08858  mean_foundation= 10.4/52  lifetime_outcomes={'won': 0, 'stalled': 430, 'truncated': 775, 'other': 0}  rss= 1663.1MB  (1570s)
step   496000/500000  eps=0.050  episodes= 1211  mean_return= 44.775  mean_loss= 0.08998  mean_foundation=  6.5/52  lifetime_outcomes={'won': 0, 'stalled': 433, 'truncated': 778, 'other': 0}  rss= 1663.1MB  (1576s)
step   498000/500000  eps=0.050  episodes= 1218  mean_return= 57.298  mean_loss= 0.08571  mean_foundation=  8.3/52  lifetime_outcomes={'won': 0, 'stalled': 438, 'truncated': 780, 'other': 0}  rss= 1663.1MB  (1582s)
step   500000/500000  eps=0.050  episodes= 1222  mean_return= 73.086  mean_loss= 0.08328  mean_foundation=  8.8/52  lifetime_outcomes={'won': 0, 'stalled': 439, 'truncated': 783, 'other': 0}  rss= 1663.1MB  (1588s)
  EVAL  step   500000  win_rate=0.00%  mean_return= 32.672  mean_foundation=  3.0/52  mean_length=478.0  (greedy, 20 fixed deals)
done. saved final checkpoint to runs/005_double_dqn_soft_nstep3_per_curriculum/checkpoint_final.pt
