run directory: runs/003_double_dqn_soft_nstep3_per
step     2000/500000  eps=0.991  episodes=    4  mean_return= 77.298  mean_loss=     nan  mean_foundation=  6.5/52  lifetime_outcomes={'won': 0, 'stalled': 1, 'truncated': 3, 'other': 0}  (1s)
step     4000/500000  eps=0.981  episodes=    8  mean_return= 94.250  mean_loss=     nan  mean_foundation= 10.2/52  lifetime_outcomes={'won': 0, 'stalled': 1, 'truncated': 7, 'other': 0}  (3s)
step     6000/500000  eps=0.972  episodes=   12  mean_return= 88.250  mean_loss= 0.46537  mean_foundation=  6.8/52  lifetime_outcomes={'won': 0, 'stalled': 1, 'truncated': 11, 'other': 0}  (8s)
step     8000/500000  eps=0.962  episodes=   16  mean_return= 85.026  mean_loss= 0.47392  mean_foundation=  4.8/52  lifetime_outcomes={'won': 0, 'stalled': 2, 'truncated': 14, 'other': 0}  (15s)
step    10000/500000  eps=0.953  episodes=   20  mean_return= 73.766  mean_loss= 0.52885  mean_foundation=  4.5/52  lifetime_outcomes={'won': 0, 'stalled': 3, 'truncated': 17, 'other': 0}  (21s)
step    12000/500000  eps=0.943  episodes=   24  mean_return= 68.250  mean_loss= 0.53238  mean_foundation=  8.5/52  lifetime_outcomes={'won': 0, 'stalled': 3, 'truncated': 21, 'other': 0}  (26s)
step    14000/500000  eps=0.933  episodes=   28  mean_return= 85.750  mean_loss= 0.54165  mean_foundation=  9.2/52  lifetime_outcomes={'won': 0, 'stalled': 3, 'truncated': 25, 'other': 0}  (33s)
step    16000/500000  eps=0.924  episodes=   32  mean_return= 62.000  mean_loss= 0.53391  mean_foundation=  8.2/52  lifetime_outcomes={'won': 0, 'stalled': 3, 'truncated': 29, 'other': 0}  (41s)
step    18000/500000  eps=0.914  episodes=   36  mean_return= 68.250  mean_loss= 0.52116  mean_foundation=  8.5/52  lifetime_outcomes={'won': 0, 'stalled': 3, 'truncated': 33, 'other': 0}  (51s)
step    20000/500000  eps=0.905  episodes=   41  mean_return= 71.790  mean_loss= 0.51716  mean_foundation=  7.6/52  lifetime_outcomes={'won': 0, 'stalled': 4, 'truncated': 37, 'other': 0}  (64s)
  EVAL  step    20000  win_rate=0.00%  mean_return= 17.265  mean_foundation=  2.6/52  mean_length=185.2  (greedy, 20 fixed deals)
step    22000/500000  eps=0.895  episodes=   45  mean_return= 93.750  mean_loss= 0.50776  mean_foundation=  5.5/52  lifetime_outcomes={'won': 0, 'stalled': 4, 'truncated': 41, 'other': 0}  (79s)
step    24000/500000  eps=0.886  episodes=   49  mean_return= 93.794  mean_loss= 0.50569  mean_foundation= 10.8/52  lifetime_outcomes={'won': 0, 'stalled': 6, 'truncated': 43, 'other': 0}  (85s)
step    26000/500000  eps=0.877  episodes=   54  mean_return= 90.113  mean_loss= 0.51640  mean_foundation=  7.8/52  lifetime_outcomes={'won': 0, 'stalled': 7, 'truncated': 47, 'other': 0}  (90s)
step    28000/500000  eps=0.867  episodes=   58  mean_return= 80.253  mean_loss= 0.52818  mean_foundation=  5.8/52  lifetime_outcomes={'won': 0, 'stalled': 8, 'truncated': 50, 'other': 0}  (97s)
step    30000/500000  eps=0.858  episodes=   62  mean_return= 62.345  mean_loss= 0.54309  mean_foundation=  7.2/52  lifetime_outcomes={'won': 0, 'stalled': 11, 'truncated': 51, 'other': 0}  (105s)
step    32000/500000  eps=0.848  episodes=   67  mean_return= 73.340  mean_loss= 0.53270  mean_foundation=  7.4/52  lifetime_outcomes={'won': 0, 'stalled': 12, 'truncated': 55, 'other': 0}  (112s)
step    34000/500000  eps=0.839  episodes=   71  mean_return= 70.000  mean_loss= 0.54939  mean_foundation=  5.5/52  lifetime_outcomes={'won': 0, 'stalled': 12, 'truncated': 59, 'other': 0}  (120s)
step    36000/500000  eps=0.829  episodes=   75  mean_return= 76.775  mean_loss= 0.54068  mean_foundation= 11.2/52  lifetime_outcomes={'won': 0, 'stalled': 13, 'truncated': 62, 'other': 0}  (128s)
step    38000/500000  eps=0.820  episodes=   79  mean_return= 96.250  mean_loss= 0.55175  mean_foundation=  8.0/52  lifetime_outcomes={'won': 0, 'stalled': 13, 'truncated': 66, 'other': 0}  (135s)
step    40000/500000  eps=0.810  episodes=   83  mean_return= 93.304  mean_loss= 0.55922  mean_foundation=  8.5/52  lifetime_outcomes={'won': 0, 'stalled': 14, 'truncated': 69, 'other': 0}  (140s)
  EVAL  step    40000  win_rate=0.00%  mean_return= 27.370  mean_foundation=  2.9/52  mean_length=280.4  (greedy, 20 fixed deals)
step    42000/500000  eps=0.800  episodes=   87  mean_return= 82.250  mean_loss= 0.55966  mean_foundation=  8.0/52  lifetime_outcomes={'won': 0, 'stalled': 14, 'truncated': 73, 'other': 0}  (154s)
step    44000/500000  eps=0.791  episodes=   92  mean_return= 63.715  mean_loss= 0.55564  mean_foundation=  7.6/52  lifetime_outcomes={'won': 0, 'stalled': 15, 'truncated': 77, 'other': 0}  (162s)
step    46000/500000  eps=0.781  episodes=   96  mean_return= 82.008  mean_loss= 0.54840  mean_foundation=  6.5/52  lifetime_outcomes={'won': 0, 'stalled': 16, 'truncated': 80, 'other': 0}  (170s)
step    48000/500000  eps=0.772  episodes=  100  mean_return= 96.000  mean_loss= 0.54434  mean_foundation= 11.5/52  lifetime_outcomes={'won': 0, 'stalled': 16, 'truncated': 84, 'other': 0}  (178s)
step    50000/500000  eps=0.762  episodes=  104  mean_return= 90.799  mean_loss= 0.55469  mean_foundation= 12.0/52  lifetime_outcomes={'won': 0, 'stalled': 17, 'truncated': 87, 'other': 0}  (185s)
step    52000/500000  eps=0.753  episodes=  108  mean_return= 85.500  mean_loss= 0.55776  mean_foundation= 11.8/52  lifetime_outcomes={'won': 0, 'stalled': 17, 'truncated': 91, 'other': 0}  (191s)
step    54000/500000  eps=0.744  episodes=  112  mean_return= 72.000  mean_loss= 0.55412  mean_foundation=  9.8/52  lifetime_outcomes={'won': 0, 'stalled': 17, 'truncated': 95, 'other': 0}  (197s)
step    56000/500000  eps=0.734  episodes=  116  mean_return= 71.000  mean_loss= 0.54331  mean_foundation=  9.5/52  lifetime_outcomes={'won': 0, 'stalled': 17, 'truncated': 99, 'other': 0}  (207s)
step    58000/500000  eps=0.725  episodes=  120  mean_return= 76.308  mean_loss= 0.53079  mean_foundation=  7.2/52  lifetime_outcomes={'won': 0, 'stalled': 18, 'truncated': 102, 'other': 0}  (220s)
step    60000/500000  eps=0.715  episodes=  124  mean_return= 43.000  mean_loss= 0.54091  mean_foundation=  4.2/52  lifetime_outcomes={'won': 0, 'stalled': 18, 'truncated': 106, 'other': 0}  (233s)
  EVAL  step    60000  win_rate=0.00%  mean_return= 28.700  mean_foundation=  2.5/52  mean_length=500.0  (greedy, 20 fixed deals)
step    62000/500000  eps=0.706  episodes=  129  mean_return= 58.505  mean_loss= 0.52283  mean_foundation=  6.4/52  lifetime_outcomes={'won': 0, 'stalled': 19, 'truncated': 110, 'other': 0}  (262s)
step    64000/500000  eps=0.696  episodes=  133  mean_return= 87.026  mean_loss= 0.52520  mean_foundation= 16.5/52  lifetime_outcomes={'won': 0, 'stalled': 20, 'truncated': 113, 'other': 0}  (267s)
step    66000/500000  eps=0.686  episodes=  137  mean_return= 92.750  mean_loss= 0.51949  mean_foundation= 14.5/52  lifetime_outcomes={'won': 0, 'stalled': 20, 'truncated': 117, 'other': 0}  (275s)
step    68000/500000  eps=0.677  episodes=  142  mean_return= 61.382  mean_loss= 0.52411  mean_foundation=  9.0/52  lifetime_outcomes={'won': 0, 'stalled': 22, 'truncated': 120, 'other': 0}  (283s)
step    70000/500000  eps=0.667  episodes=  146  mean_return= 86.019  mean_loss= 0.51674  mean_foundation=  9.2/52  lifetime_outcomes={'won': 0, 'stalled': 23, 'truncated': 123, 'other': 0}  (292s)
step    72000/500000  eps=0.658  episodes=  150  mean_return=102.300  mean_loss= 0.51641  mean_foundation= 16.5/52  lifetime_outcomes={'won': 0, 'stalled': 25, 'truncated': 125, 'other': 0}  (302s)
step    74000/500000  eps=0.649  episodes=  154  mean_return= 79.004  mean_loss= 0.51541  mean_foundation= 10.8/52  lifetime_outcomes={'won': 0, 'stalled': 26, 'truncated': 128, 'other': 0}  (313s)
step    76000/500000  eps=0.639  episodes=  158  mean_return= 63.000  mean_loss= 0.49537  mean_foundation=  7.0/52  lifetime_outcomes={'won': 0, 'stalled': 26, 'truncated': 132, 'other': 0}  (323s)
step    78000/500000  eps=0.629  episodes=  163  mean_return= 74.950  mean_loss= 0.49422  mean_foundation= 10.4/52  lifetime_outcomes={'won': 0, 'stalled': 29, 'truncated': 134, 'other': 0}  (331s)
step    80000/500000  eps=0.620  episodes=  167  mean_return=104.750  mean_loss= 0.49804  mean_foundation= 18.2/52  lifetime_outcomes={'won': 0, 'stalled': 29, 'truncated': 138, 'other': 0}  (341s)
  EVAL  step    80000  win_rate=0.00%  mean_return= 27.650  mean_foundation=  1.9/52  mean_length=500.0  (greedy, 20 fixed deals)
step    82000/500000  eps=0.611  episodes=  171  mean_return= 81.250  mean_loss= 0.49961  mean_foundation=  9.2/52  lifetime_outcomes={'won': 0, 'stalled': 29, 'truncated': 142, 'other': 0}  (367s)
step    84000/500000  eps=0.601  episodes=  175  mean_return= 98.250  mean_loss= 0.51463  mean_foundation= 11.5/52  lifetime_outcomes={'won': 0, 'stalled': 29, 'truncated': 146, 'other': 0}  (376s)
step    86000/500000  eps=0.592  episodes=  179  mean_return= 75.500  mean_loss= 0.50689  mean_foundation=  7.2/52  lifetime_outcomes={'won': 0, 'stalled': 29, 'truncated': 150, 'other': 0}  (384s)
step    88000/500000  eps=0.582  episodes=  183  mean_return= 66.500  mean_loss= 0.49829  mean_foundation=  9.2/52  lifetime_outcomes={'won': 0, 'stalled': 29, 'truncated': 154, 'other': 0}  (390s)
step    90000/500000  eps=0.573  episodes=  187  mean_return= 71.275  mean_loss= 0.49245  mean_foundation=  7.5/52  lifetime_outcomes={'won': 0, 'stalled': 30, 'truncated': 157, 'other': 0}  (399s)
step    92000/500000  eps=0.563  episodes=  191  mean_return= 85.500  mean_loss= 0.49118  mean_foundation= 12.5/52  lifetime_outcomes={'won': 0, 'stalled': 30, 'truncated': 161, 'other': 0}  (409s)
step    94000/500000  eps=0.554  episodes=  195  mean_return= 76.264  mean_loss= 0.47896  mean_foundation=  6.2/52  lifetime_outcomes={'won': 0, 'stalled': 31, 'truncated': 164, 'other': 0}  (420s)
step    96000/500000  eps=0.544  episodes=  199  mean_return= 88.500  mean_loss= 0.48691  mean_foundation= 13.8/52  lifetime_outcomes={'won': 0, 'stalled': 31, 'truncated': 168, 'other': 0}  (431s)
step    98000/500000  eps=0.534  episodes=  203  mean_return= 83.038  mean_loss= 0.47747  mean_foundation= 10.8/52  lifetime_outcomes={'won': 0, 'stalled': 32, 'truncated': 171, 'other': 0}  (442s)
step   100000/500000  eps=0.525  episodes=  208  mean_return= 76.341  mean_loss= 0.47215  mean_foundation=  8.8/52  lifetime_outcomes={'won': 0, 'stalled': 33, 'truncated': 175, 'other': 0}  (452s)
  EVAL  step   100000  win_rate=0.00%  mean_return= 27.900  mean_foundation=  2.2/52  mean_length=500.0  (greedy, 20 fixed deals)
step   102000/500000  eps=0.516  episodes=  212  mean_return= 69.500  mean_loss= 0.47422  mean_foundation= 11.0/52  lifetime_outcomes={'won': 0, 'stalled': 33, 'truncated': 179, 'other': 0}  (472s)
step   104000/500000  eps=0.506  episodes=  216  mean_return= 69.250  mean_loss= 0.44196  mean_foundation=  8.2/52  lifetime_outcomes={'won': 0, 'stalled': 33, 'truncated': 183, 'other': 0}  (481s)
step   106000/500000  eps=0.497  episodes=  220  mean_return= 98.058  mean_loss= 0.43458  mean_foundation=  9.8/52  lifetime_outcomes={'won': 0, 'stalled': 34, 'truncated': 186, 'other': 0}  (489s)
step   108000/500000  eps=0.487  episodes=  225  mean_return= 66.143  mean_loss= 0.44173  mean_foundation=  9.2/52  lifetime_outcomes={'won': 0, 'stalled': 35, 'truncated': 190, 'other': 0}  (497s)
step   110000/500000  eps=0.478  episodes=  229  mean_return= 87.500  mean_loss= 0.43731  mean_foundation= 14.0/52  lifetime_outcomes={'won': 0, 'stalled': 35, 'truncated': 194, 'other': 0}  (505s)
step   112000/500000  eps=0.468  episodes=  233  mean_return= 62.000  mean_loss= 0.44205  mean_foundation=  7.8/52  lifetime_outcomes={'won': 0, 'stalled': 35, 'truncated': 198, 'other': 0}  (510s)
step   114000/500000  eps=0.459  episodes=  237  mean_return= 86.619  mean_loss= 0.43020  mean_foundation= 20.0/52  lifetime_outcomes={'won': 0, 'stalled': 36, 'truncated': 201, 'other': 0}  (518s)
step   116000/500000  eps=0.449  episodes=  243  mean_return= 73.755  mean_loss= 0.43051  mean_foundation= 11.7/52  lifetime_outcomes={'won': 0, 'stalled': 39, 'truncated': 204, 'other': 0}  (526s)
step   118000/500000  eps=0.440  episodes=  247  mean_return= 90.014  mean_loss= 0.41885  mean_foundation= 12.2/52  lifetime_outcomes={'won': 0, 'stalled': 41, 'truncated': 206, 'other': 0}  (536s)
step   120000/500000  eps=0.430  episodes=  251  mean_return=105.000  mean_loss= 0.41805  mean_foundation= 17.0/52  lifetime_outcomes={'won': 0, 'stalled': 41, 'truncated': 210, 'other': 0}  (547s)
  EVAL  step   120000  win_rate=0.00%  mean_return= 28.700  mean_foundation=  2.0/52  mean_length=500.0  (greedy, 20 fixed deals)
step   122000/500000  eps=0.420  episodes=  255  mean_return= 61.500  mean_loss= 0.41516  mean_foundation=  9.0/52  lifetime_outcomes={'won': 0, 'stalled': 41, 'truncated': 214, 'other': 0}  (569s)
step   124000/500000  eps=0.411  episodes=  259  mean_return= 66.026  mean_loss= 0.40828  mean_foundation= 11.8/52  lifetime_outcomes={'won': 0, 'stalled': 42, 'truncated': 217, 'other': 0}  (577s)
step   126000/500000  eps=0.402  episodes=  263  mean_return= 47.000  mean_loss= 0.40141  mean_foundation=  7.5/52  lifetime_outcomes={'won': 0, 'stalled': 42, 'truncated': 221, 'other': 0}  (587s)
step   128000/500000  eps=0.392  episodes=  267  mean_return= 88.037  mean_loss= 0.39771  mean_foundation= 16.2/52  lifetime_outcomes={'won': 0, 'stalled': 44, 'truncated': 223, 'other': 0}  (596s)
step   130000/500000  eps=0.383  episodes=  271  mean_return=102.750  mean_loss= 0.38561  mean_foundation= 18.2/52  lifetime_outcomes={'won': 0, 'stalled': 44, 'truncated': 227, 'other': 0}  (604s)
step   132000/500000  eps=0.373  episodes=  277  mean_return= 68.782  mean_loss= 0.39284  mean_foundation=  9.8/52  lifetime_outcomes={'won': 0, 'stalled': 48, 'truncated': 229, 'other': 0}  (613s)
step   134000/500000  eps=0.364  episodes=  281  mean_return= 81.250  mean_loss= 0.37797  mean_foundation=  7.5/52  lifetime_outcomes={'won': 0, 'stalled': 48, 'truncated': 233, 'other': 0}  (621s)
step   136000/500000  eps=0.354  episodes=  285  mean_return= 67.255  mean_loss= 0.37450  mean_foundation=  9.8/52  lifetime_outcomes={'won': 0, 'stalled': 49, 'truncated': 236, 'other': 0}  (628s)
step   138000/500000  eps=0.345  episodes=  289  mean_return= 99.566  mean_loss= 0.37285  mean_foundation= 15.2/52  lifetime_outcomes={'won': 0, 'stalled': 51, 'truncated': 238, 'other': 0}  (637s)
step   140000/500000  eps=0.335  episodes=  294  mean_return= 64.762  mean_loss= 0.37398  mean_foundation=  8.8/52  lifetime_outcomes={'won': 0, 'stalled': 53, 'truncated': 241, 'other': 0}  (650s)
  EVAL  step   140000  win_rate=0.00%  mean_return= 24.927  mean_foundation=  3.9/52  mean_length=322.9  (greedy, 20 fixed deals)
step   142000/500000  eps=0.326  episodes=  298  mean_return= 88.831  mean_loss= 0.35779  mean_foundation= 15.0/52  lifetime_outcomes={'won': 0, 'stalled': 54, 'truncated': 244, 'other': 0}  (668s)
step   144000/500000  eps=0.316  episodes=  302  mean_return= 86.519  mean_loss= 0.35126  mean_foundation=  6.8/52  lifetime_outcomes={'won': 0, 'stalled': 55, 'truncated': 247, 'other': 0}  (678s)
step   146000/500000  eps=0.306  episodes=  307  mean_return=101.934  mean_loss= 0.35507  mean_foundation= 19.2/52  lifetime_outcomes={'won': 0, 'stalled': 56, 'truncated': 251, 'other': 0}  (684s)
step   148000/500000  eps=0.297  episodes=  311  mean_return= 77.250  mean_loss= 0.34667  mean_foundation=  9.5/52  lifetime_outcomes={'won': 0, 'stalled': 56, 'truncated': 255, 'other': 0}  (691s)
step   150000/500000  eps=0.288  episodes=  315  mean_return= 74.262  mean_loss= 0.34396  mean_foundation= 13.2/52  lifetime_outcomes={'won': 0, 'stalled': 57, 'truncated': 258, 'other': 0}  (700s)
step   152000/500000  eps=0.278  episodes=  319  mean_return= 92.817  mean_loss= 0.34070  mean_foundation= 19.2/52  lifetime_outcomes={'won': 1, 'stalled': 59, 'truncated': 259, 'other': 0}  (708s)
step   154000/500000  eps=0.269  episodes=  323  mean_return= 88.000  mean_loss= 0.32453  mean_foundation= 12.2/52  lifetime_outcomes={'won': 1, 'stalled': 59, 'truncated': 263, 'other': 0}  (717s)
step   156000/500000  eps=0.259  episodes=  329  mean_return= 46.940  mean_loss= 0.32454  mean_foundation=  6.7/52  lifetime_outcomes={'won': 1, 'stalled': 62, 'truncated': 266, 'other': 0}  (726s)
step   158000/500000  eps=0.250  episodes=  333  mean_return= 69.343  mean_loss= 0.32974  mean_foundation=  8.0/52  lifetime_outcomes={'won': 1, 'stalled': 64, 'truncated': 268, 'other': 0}  (734s)
step   160000/500000  eps=0.240  episodes=  338  mean_return= 94.136  mean_loss= 0.32052  mean_foundation= 13.2/52  lifetime_outcomes={'won': 1, 'stalled': 65, 'truncated': 272, 'other': 0}  (740s)
  EVAL  step   160000  win_rate=0.00%  mean_return= 31.636  mean_foundation=  4.0/52  mean_length=413.8  (greedy, 20 fixed deals)
step   162000/500000  eps=0.231  episodes=  342  mean_return= 44.507  mean_loss= 0.32474  mean_foundation=  7.0/52  lifetime_outcomes={'won': 1, 'stalled': 66, 'truncated': 275, 'other': 0}  (759s)
step   164000/500000  eps=0.221  episodes=  347  mean_return= 71.007  mean_loss= 0.32138  mean_foundation=  9.6/52  lifetime_outcomes={'won': 1, 'stalled': 68, 'truncated': 278, 'other': 0}  (768s)
step   166000/500000  eps=0.212  episodes=  351  mean_return= 66.014  mean_loss= 0.31047  mean_foundation= 13.5/52  lifetime_outcomes={'won': 1, 'stalled': 70, 'truncated': 280, 'other': 0}  (777s)
step   168000/500000  eps=0.202  episodes=  355  mean_return= 77.296  mean_loss= 0.31474  mean_foundation= 15.5/52  lifetime_outcomes={'won': 1, 'stalled': 71, 'truncated': 283, 'other': 0}  (785s)
step   170000/500000  eps=0.193  episodes=  360  mean_return= 45.561  mean_loss= 0.30350  mean_foundation=  4.8/52  lifetime_outcomes={'won': 1, 'stalled': 73, 'truncated': 286, 'other': 0}  (795s)
step   172000/500000  eps=0.183  episodes=  365  mean_return= 51.746  mean_loss= 0.29904  mean_foundation=  6.2/52  lifetime_outcomes={'won': 1, 'stalled': 76, 'truncated': 288, 'other': 0}  (806s)
step   174000/500000  eps=0.173  episodes=  370  mean_return= 63.202  mean_loss= 0.29992  mean_foundation=  8.0/52  lifetime_outcomes={'won': 1, 'stalled': 78, 'truncated': 291, 'other': 0}  (817s)
step   176000/500000  eps=0.164  episodes=  374  mean_return= 88.338  mean_loss= 0.29998  mean_foundation= 14.8/52  lifetime_outcomes={'won': 1, 'stalled': 80, 'truncated': 293, 'other': 0}  (826s)
step   178000/500000  eps=0.155  episodes=  380  mean_return= 80.297  mean_loss= 0.29849  mean_foundation= 10.3/52  lifetime_outcomes={'won': 1, 'stalled': 83, 'truncated': 296, 'other': 0}  (832s)
step   180000/500000  eps=0.145  episodes=  385  mean_return= 62.385  mean_loss= 0.29446  mean_foundation=  7.4/52  lifetime_outcomes={'won': 1, 'stalled': 86, 'truncated': 298, 'other': 0}  (839s)
  EVAL  step   180000  win_rate=0.00%  mean_return= 29.943  mean_foundation=  3.0/52  mean_length=457.1  (greedy, 20 fixed deals)
step   182000/500000  eps=0.136  episodes=  389  mean_return= 38.776  mean_loss= 0.28627  mean_foundation=  6.2/52  lifetime_outcomes={'won': 1, 'stalled': 87, 'truncated': 301, 'other': 0}  (860s)
step   184000/500000  eps=0.126  episodes=  395  mean_return= 43.677  mean_loss= 0.27782  mean_foundation=  6.2/52  lifetime_outcomes={'won': 1, 'stalled': 91, 'truncated': 303, 'other': 0}  (868s)
step   186000/500000  eps=0.117  episodes=  399  mean_return= 67.000  mean_loss= 0.28323  mean_foundation=  7.5/52  lifetime_outcomes={'won': 1, 'stalled': 91, 'truncated': 307, 'other': 0}  (874s)
step   188000/500000  eps=0.107  episodes=  404  mean_return= 59.431  mean_loss= 0.27357  mean_foundation=  8.4/52  lifetime_outcomes={'won': 1, 'stalled': 93, 'truncated': 310, 'other': 0}  (882s)
step   190000/500000  eps=0.098  episodes=  408  mean_return= 58.500  mean_loss= 0.28261  mean_foundation= 10.0/52  lifetime_outcomes={'won': 1, 'stalled': 93, 'truncated': 314, 'other': 0}  (891s)
step   192000/500000  eps=0.088  episodes=  413  mean_return= 43.577  mean_loss= 0.27118  mean_foundation=  7.8/52  lifetime_outcomes={'won': 1, 'stalled': 94, 'truncated': 318, 'other': 0}  (902s)
step   194000/500000  eps=0.079  episodes=  417  mean_return= 37.559  mean_loss= 0.27171  mean_foundation=  4.8/52  lifetime_outcomes={'won': 1, 'stalled': 95, 'truncated': 321, 'other': 0}  (912s)
step   196000/500000  eps=0.069  episodes=  422  mean_return= 60.956  mean_loss= 0.26313  mean_foundation=  7.2/52  lifetime_outcomes={'won': 1, 'stalled': 96, 'truncated': 325, 'other': 0}  (921s)
step   198000/500000  eps=0.059  episodes=  427  mean_return= 47.622  mean_loss= 0.26283  mean_foundation=  7.4/52  lifetime_outcomes={'won': 1, 'stalled': 98, 'truncated': 328, 'other': 0}  (930s)
step   200000/500000  eps=0.050  episodes=  431  mean_return= 34.250  mean_loss= 0.25731  mean_foundation=  2.2/52  lifetime_outcomes={'won': 1, 'stalled': 98, 'truncated': 332, 'other': 0}  (940s)
  EVAL  step   200000  win_rate=0.00%  mean_return= 29.122  mean_foundation=  2.9/52  mean_length=478.3  (greedy, 20 fixed deals)
step   202000/500000  eps=0.050  episodes=  436  mean_return= 52.725  mean_loss= 0.25712  mean_foundation=  3.6/52  lifetime_outcomes={'won': 1, 'stalled': 99, 'truncated': 336, 'other': 0}  (964s)
step   204000/500000  eps=0.050  episodes=  440  mean_return= 67.250  mean_loss= 0.25032  mean_foundation=  8.2/52  lifetime_outcomes={'won': 1, 'stalled': 99, 'truncated': 340, 'other': 0}  (971s)
step   206000/500000  eps=0.050  episodes=  444  mean_return= 40.045  mean_loss= 0.24765  mean_foundation=  4.0/52  lifetime_outcomes={'won': 1, 'stalled': 100, 'truncated': 343, 'other': 0}  (979s)
step   208000/500000  eps=0.050  episodes=  448  mean_return= 49.500  mean_loss= 0.25163  mean_foundation=  4.0/52  lifetime_outcomes={'won': 1, 'stalled': 100, 'truncated': 347, 'other': 0}  (999s)
step   210000/500000  eps=0.050  episodes=  452  mean_return=107.500  mean_loss= 0.24251  mean_foundation= 17.5/52  lifetime_outcomes={'won': 1, 'stalled': 100, 'truncated': 351, 'other': 0}  (1020s)
step   212000/500000  eps=0.050  episodes=  457  mean_return= 52.183  mean_loss= 0.24708  mean_foundation=  5.6/52  lifetime_outcomes={'won': 1, 'stalled': 102, 'truncated': 354, 'other': 0}  (1038s)
step   214000/500000  eps=0.050  episodes=  462  mean_return= 68.205  mean_loss= 0.24361  mean_foundation=  7.4/52  lifetime_outcomes={'won': 1, 'stalled': 105, 'truncated': 356, 'other': 0}  (1046s)
step   216000/500000  eps=0.050  episodes=  466  mean_return= 58.000  mean_loss= 0.23427  mean_foundation=  8.2/52  lifetime_outcomes={'won': 1, 'stalled': 105, 'truncated': 360, 'other': 0}  (1053s)
step   218000/500000  eps=0.050  episodes=  470  mean_return= 39.339  mean_loss= 0.23027  mean_foundation=  5.5/52  lifetime_outcomes={'won': 1, 'stalled': 106, 'truncated': 363, 'other': 0}  (1064s)
step   220000/500000  eps=0.050  episodes=  475  mean_return= 32.718  mean_loss= 0.23072  mean_foundation=  4.4/52  lifetime_outcomes={'won': 1, 'stalled': 107, 'truncated': 367, 'other': 0}  (1075s)
  EVAL  step   220000  win_rate=0.00%  mean_return= 39.144  mean_foundation=  4.3/52  mean_length=456.2  (greedy, 20 fixed deals)
step   222000/500000  eps=0.050  episodes=  479  mean_return= 43.070  mean_loss= 0.22245  mean_foundation=  5.0/52  lifetime_outcomes={'won': 1, 'stalled': 108, 'truncated': 370, 'other': 0}  (1094s)
step   224000/500000  eps=0.050  episodes=  484  mean_return= 43.209  mean_loss= 0.23197  mean_foundation=  5.8/52  lifetime_outcomes={'won': 1, 'stalled': 110, 'truncated': 373, 'other': 0}  (1103s)
step   226000/500000  eps=0.050  episodes=  488  mean_return= 48.262  mean_loss= 0.23268  mean_foundation=  7.0/52  lifetime_outcomes={'won': 1, 'stalled': 111, 'truncated': 376, 'other': 0}  (1115s)
step   228000/500000  eps=0.050  episodes=  493  mean_return= 51.749  mean_loss= 0.22819  mean_foundation=  5.8/52  lifetime_outcomes={'won': 1, 'stalled': 112, 'truncated': 380, 'other': 0}  (1126s)
step   230000/500000  eps=0.050  episodes=  497  mean_return= 69.041  mean_loss= 0.22570  mean_foundation=  7.8/52  lifetime_outcomes={'won': 1, 'stalled': 113, 'truncated': 383, 'other': 0}  (1136s)
step   232000/500000  eps=0.050  episodes=  501  mean_return= 57.778  mean_loss= 0.22555  mean_foundation=  6.8/52  lifetime_outcomes={'won': 1, 'stalled': 115, 'truncated': 385, 'other': 0}  (1142s)
step   234000/500000  eps=0.050  episodes=  505  mean_return= 60.250  mean_loss= 0.22449  mean_foundation=  7.2/52  lifetime_outcomes={'won': 1, 'stalled': 115, 'truncated': 389, 'other': 0}  (1151s)
step   236000/500000  eps=0.050  episodes=  510  mean_return= 36.540  mean_loss= 0.21712  mean_foundation=  3.8/52  lifetime_outcomes={'won': 1, 'stalled': 116, 'truncated': 393, 'other': 0}  (1164s)
step   238000/500000  eps=0.050  episodes=  514  mean_return= 34.250  mean_loss= 0.21331  mean_foundation=  2.8/52  lifetime_outcomes={'won': 1, 'stalled': 116, 'truncated': 397, 'other': 0}  (1174s)
step   240000/500000  eps=0.050  episodes=  519  mean_return= 51.990  mean_loss= 0.21094  mean_foundation=  5.2/52  lifetime_outcomes={'won': 1, 'stalled': 117, 'truncated': 401, 'other': 0}  (1184s)
  EVAL  step   240000  win_rate=0.00%  mean_return= 35.550  mean_foundation=  3.2/52  mean_length=500.0  (greedy, 20 fixed deals)
step   242000/500000  eps=0.050  episodes=  524  mean_return= 63.210  mean_loss= 0.21852  mean_foundation=  6.8/52  lifetime_outcomes={'won': 1, 'stalled': 119, 'truncated': 404, 'other': 0}  (1207s)
step   244000/500000  eps=0.050  episodes=  530  mean_return= 64.320  mean_loss= 0.20426  mean_foundation=  7.7/52  lifetime_outcomes={'won': 1, 'stalled': 122, 'truncated': 407, 'other': 0}  (1218s)
step   246000/500000  eps=0.050  episodes=  534  mean_return= 39.250  mean_loss= 0.20262  mean_foundation=  3.8/52  lifetime_outcomes={'won': 1, 'stalled': 122, 'truncated': 411, 'other': 0}  (1228s)
step   248000/500000  eps=0.050  episodes=  539  mean_return= 39.788  mean_loss= 0.20340  mean_foundation=  6.0/52  lifetime_outcomes={'won': 1, 'stalled': 123, 'truncated': 415, 'other': 0}  (1237s)
step   250000/500000  eps=0.050  episodes=  543  mean_return= 39.000  mean_loss= 0.19600  mean_foundation=  1.5/52  lifetime_outcomes={'won': 1, 'stalled': 123, 'truncated': 419, 'other': 0}  (1246s)
step   252000/500000  eps=0.050  episodes=  547  mean_return= 49.250  mean_loss= 0.19519  mean_foundation=  5.0/52  lifetime_outcomes={'won': 1, 'stalled': 123, 'truncated': 423, 'other': 0}  (1257s)
step   254000/500000  eps=0.050  episodes=  552  mean_return= 45.806  mean_loss= 0.19549  mean_foundation=  6.4/52  lifetime_outcomes={'won': 1, 'stalled': 125, 'truncated': 426, 'other': 0}  (1266s)
step   256000/500000  eps=0.050  episodes=  556  mean_return= 66.351  mean_loss= 0.19243  mean_foundation=  7.2/52  lifetime_outcomes={'won': 1, 'stalled': 127, 'truncated': 428, 'other': 0}  (1277s)
step   258000/500000  eps=0.050  episodes=  560  mean_return= 81.000  mean_loss= 0.18894  mean_foundation= 10.2/52  lifetime_outcomes={'won': 1, 'stalled': 127, 'truncated': 432, 'other': 0}  (1287s)
step   260000/500000  eps=0.050  episodes=  564  mean_return= 57.254  mean_loss= 0.18501  mean_foundation=  9.8/52  lifetime_outcomes={'won': 1, 'stalled': 128, 'truncated': 435, 'other': 0}  (1295s)
  EVAL  step   260000  win_rate=0.00%  mean_return= 35.100  mean_foundation=  3.9/52  mean_length=500.0  (greedy, 20 fixed deals)
step   262000/500000  eps=0.050  episodes=  569  mean_return= 58.771  mean_loss= 0.18106  mean_foundation=  6.8/52  lifetime_outcomes={'won': 1, 'stalled': 130, 'truncated': 438, 'other': 0}  (1319s)
step   264000/500000  eps=0.050  episodes=  576  mean_return= 27.399  mean_loss= 0.18776  mean_foundation=  4.7/52  lifetime_outcomes={'won': 1, 'stalled': 134, 'truncated': 441, 'other': 0}  (1330s)
step   266000/500000  eps=0.050  episodes=  580  mean_return= 51.750  mean_loss= 0.18306  mean_foundation=  6.0/52  lifetime_outcomes={'won': 1, 'stalled': 134, 'truncated': 445, 'other': 0}  (1340s)
step   268000/500000  eps=0.050  episodes=  585  mean_return= 56.788  mean_loss= 0.18700  mean_foundation=  5.8/52  lifetime_outcomes={'won': 1, 'stalled': 135, 'truncated': 449, 'other': 0}  (1347s)
step   270000/500000  eps=0.050  episodes=  591  mean_return= 38.514  mean_loss= 0.18126  mean_foundation=  5.8/52  lifetime_outcomes={'won': 1, 'stalled': 138, 'truncated': 452, 'other': 0}  (1356s)
step   272000/500000  eps=0.050  episodes=  595  mean_return= 67.000  mean_loss= 0.18500  mean_foundation=  7.0/52  lifetime_outcomes={'won': 1, 'stalled': 138, 'truncated': 456, 'other': 0}  (1365s)
step   274000/500000  eps=0.050  episodes=  599  mean_return= 67.078  mean_loss= 0.18125  mean_foundation=  6.8/52  lifetime_outcomes={'won': 1, 'stalled': 139, 'truncated': 459, 'other': 0}  (1374s)
step   276000/500000  eps=0.050  episodes=  603  mean_return= 36.000  mean_loss= 0.17126  mean_foundation=  3.0/52  lifetime_outcomes={'won': 1, 'stalled': 139, 'truncated': 463, 'other': 0}  (1381s)
step   278000/500000  eps=0.050  episodes=  608  mean_return= 69.196  mean_loss= 0.16886  mean_foundation=  9.2/52  lifetime_outcomes={'won': 1, 'stalled': 141, 'truncated': 466, 'other': 0}  (1388s)
step   280000/500000  eps=0.050  episodes=  615  mean_return= 45.381  mean_loss= 0.16280  mean_foundation=  8.0/52  lifetime_outcomes={'won': 1, 'stalled': 144, 'truncated': 470, 'other': 0}  (1397s)
  EVAL  step   280000  win_rate=0.00%  mean_return= 32.745  mean_foundation=  3.9/52  mean_length=455.2  (greedy, 20 fixed deals)
step   282000/500000  eps=0.050  episodes=  619  mean_return= 23.357  mean_loss= 0.17414  mean_foundation=  3.2/52  lifetime_outcomes={'won': 1, 'stalled': 145, 'truncated': 473, 'other': 0}  (1418s)
step   284000/500000  eps=0.050  episodes=  624  mean_return= 45.383  mean_loss= 0.17244  mean_foundation=  4.2/52  lifetime_outcomes={'won': 1, 'stalled': 146, 'truncated': 477, 'other': 0}  (1424s)
step   286000/500000  eps=0.050  episodes=  628  mean_return= 44.250  mean_loss= 0.17362  mean_foundation=  4.2/52  lifetime_outcomes={'won': 1, 'stalled': 146, 'truncated': 481, 'other': 0}  (1432s)
step   288000/500000  eps=0.050  episodes=  633  mean_return= 62.587  mean_loss= 0.16527  mean_foundation=  8.2/52  lifetime_outcomes={'won': 1, 'stalled': 147, 'truncated': 485, 'other': 0}  (1441s)
step   290000/500000  eps=0.050  episodes=  638  mean_return= 42.420  mean_loss= 0.16589  mean_foundation=  6.4/52  lifetime_outcomes={'won': 1, 'stalled': 149, 'truncated': 488, 'other': 0}  (1450s)
step   292000/500000  eps=0.050  episodes=  642  mean_return= 48.750  mean_loss= 0.16475  mean_foundation=  3.0/52  lifetime_outcomes={'won': 1, 'stalled': 149, 'truncated': 492, 'other': 0}  (1459s)
step   294000/500000  eps=0.050  episodes=  646  mean_return= 36.000  mean_loss= 0.16222  mean_foundation=  2.8/52  lifetime_outcomes={'won': 1, 'stalled': 149, 'truncated': 496, 'other': 0}  (1468s)
step   296000/500000  eps=0.050  episodes=  650  mean_return= 44.000  mean_loss= 0.16159  mean_foundation=  5.5/52  lifetime_outcomes={'won': 1, 'stalled': 149, 'truncated': 500, 'other': 0}  (1474s)
step   298000/500000  eps=0.050  episodes=  655  mean_return= 51.771  mean_loss= 0.16355  mean_foundation=  6.2/52  lifetime_outcomes={'won': 1, 'stalled': 151, 'truncated': 503, 'other': 0}  (1482s)
step   300000/500000  eps=0.050  episodes=  659  mean_return= 43.750  mean_loss= 0.16052  mean_foundation=  5.8/52  lifetime_outcomes={'won': 1, 'stalled': 151, 'truncated': 507, 'other': 0}  (1491s)
  EVAL  step   300000  win_rate=0.00%  mean_return= 31.614  mean_foundation=  3.6/52  mean_length=436.1  (greedy, 20 fixed deals)
step   302000/500000  eps=0.050  episodes=  664  mean_return= 31.770  mean_loss= 0.16168  mean_foundation=  4.0/52  lifetime_outcomes={'won': 1, 'stalled': 152, 'truncated': 511, 'other': 0}  (1511s)
step   304000/500000  eps=0.050  episodes=  668  mean_return=105.000  mean_loss= 0.15685  mean_foundation= 14.8/52  lifetime_outcomes={'won': 1, 'stalled': 152, 'truncated': 515, 'other': 0}  (1519s)
step   306000/500000  eps=0.050  episodes=  673  mean_return= 47.063  mean_loss= 0.16378  mean_foundation=  6.8/52  lifetime_outcomes={'won': 1, 'stalled': 154, 'truncated': 518, 'other': 0}  (1525s)
step   308000/500000  eps=0.050  episodes=  678  mean_return= 62.396  mean_loss= 0.16402  mean_foundation=  8.2/52  lifetime_outcomes={'won': 1, 'stalled': 156, 'truncated': 521, 'other': 0}  (1534s)
step   310000/500000  eps=0.050  episodes=  683  mean_return= 50.591  mean_loss= 0.15951  mean_foundation=  5.0/52  lifetime_outcomes={'won': 1, 'stalled': 157, 'truncated': 525, 'other': 0}  (1543s)
step   312000/500000  eps=0.050  episodes=  688  mean_return= 76.192  mean_loss= 0.16008  mean_foundation=  7.8/52  lifetime_outcomes={'won': 1, 'stalled': 159, 'truncated': 528, 'other': 0}  (1552s)
step   314000/500000  eps=0.050  episodes=  692  mean_return= 63.000  mean_loss= 0.15499  mean_foundation=  7.0/52  lifetime_outcomes={'won': 1, 'stalled': 159, 'truncated': 532, 'other': 0}  (1561s)
step   316000/500000  eps=0.050  episodes=  699  mean_return= 52.112  mean_loss= 0.15210  mean_foundation=  5.0/52  lifetime_outcomes={'won': 1, 'stalled': 163, 'truncated': 535, 'other': 0}  (1567s)
step   318000/500000  eps=0.050  episodes=  703  mean_return= 73.750  mean_loss= 0.15401  mean_foundation=  9.8/52  lifetime_outcomes={'won': 1, 'stalled': 163, 'truncated': 539, 'other': 0}  (1573s)
step   320000/500000  eps=0.050  episodes=  707  mean_return= 34.500  mean_loss= 0.15366  mean_foundation=  3.0/52  lifetime_outcomes={'won': 1, 'stalled': 163, 'truncated': 543, 'other': 0}  (1579s)
  EVAL  step   320000  win_rate=0.00%  mean_return= 33.550  mean_foundation=  3.0/52  mean_length=500.0  (greedy, 20 fixed deals)
step   322000/500000  eps=0.050  episodes=  712  mean_return= 66.587  mean_loss= 0.15268  mean_foundation=  7.0/52  lifetime_outcomes={'won': 1, 'stalled': 164, 'truncated': 547, 'other': 0}  (1596s)
step   324000/500000  eps=0.050  episodes=  716  mean_return= 50.002  mean_loss= 0.15824  mean_foundation=  5.0/52  lifetime_outcomes={'won': 1, 'stalled': 165, 'truncated': 550, 'other': 0}  (1602s)
step   326000/500000  eps=0.050  episodes=  722  mean_return= 30.660  mean_loss= 0.15825  mean_foundation=  4.5/52  lifetime_outcomes={'won': 1, 'stalled': 168, 'truncated': 553, 'other': 0}  (1609s)
step   328000/500000  eps=0.050  episodes=  728  mean_return= 41.515  mean_loss= 0.14897  mean_foundation=  4.8/52  lifetime_outcomes={'won': 1, 'stalled': 172, 'truncated': 555, 'other': 0}  (1616s)
step   330000/500000  eps=0.050  episodes=  733  mean_return= 38.188  mean_loss= 0.14959  mean_foundation=  3.4/52  lifetime_outcomes={'won': 1, 'stalled': 173, 'truncated': 559, 'other': 0}  (1624s)
step   332000/500000  eps=0.050  episodes=  740  mean_return= 41.763  mean_loss= 0.15356  mean_foundation=  4.1/52  lifetime_outcomes={'won': 1, 'stalled': 178, 'truncated': 561, 'other': 0}  (1630s)
step   334000/500000  eps=0.050  episodes=  746  mean_return= 44.000  mean_loss= 0.14331  mean_foundation=  3.8/52  lifetime_outcomes={'won': 1, 'stalled': 181, 'truncated': 564, 'other': 0}  (1636s)
step   336000/500000  eps=0.050  episodes=  753  mean_return= 38.399  mean_loss= 0.15953  mean_foundation=  4.1/52  lifetime_outcomes={'won': 1, 'stalled': 184, 'truncated': 568, 'other': 0}  (1642s)
step   338000/500000  eps=0.050  episodes=  759  mean_return= 52.648  mean_loss= 0.15590  mean_foundation=  5.7/52  lifetime_outcomes={'won': 1, 'stalled': 187, 'truncated': 571, 'other': 0}  (1648s)
step   340000/500000  eps=0.050  episodes=  763  mean_return= 65.064  mean_loss= 0.15531  mean_foundation=  9.2/52  lifetime_outcomes={'won': 1, 'stalled': 189, 'truncated': 573, 'other': 0}  (1654s)
  EVAL  step   340000  win_rate=0.00%  mean_return= 30.950  mean_foundation=  3.5/52  mean_length=500.0  (greedy, 20 fixed deals)
step   342000/500000  eps=0.050  episodes=  767  mean_return= 52.250  mean_loss= 0.15602  mean_foundation=  4.5/52  lifetime_outcomes={'won': 1, 'stalled': 189, 'truncated': 577, 'other': 0}  (1668s)
step   344000/500000  eps=0.050  episodes=  772  mean_return= 89.963  mean_loss= 0.15725  mean_foundation=  9.0/52  lifetime_outcomes={'won': 1, 'stalled': 191, 'truncated': 580, 'other': 0}  (1675s)
step   346000/500000  eps=0.050  episodes=  776  mean_return= 57.000  mean_loss= 0.15374  mean_foundation=  5.8/52  lifetime_outcomes={'won': 1, 'stalled': 191, 'truncated': 584, 'other': 0}  (1681s)
step   348000/500000  eps=0.050  episodes=  780  mean_return= 40.750  mean_loss= 0.15144  mean_foundation=  4.5/52  lifetime_outcomes={'won': 1, 'stalled': 191, 'truncated': 588, 'other': 0}  (1686s)
step   350000/500000  eps=0.050  episodes=  785  mean_return= 72.629  mean_loss= 0.15043  mean_foundation=  7.2/52  lifetime_outcomes={'won': 1, 'stalled': 194, 'truncated': 590, 'other': 0}  (1692s)
step   352000/500000  eps=0.050  episodes=  789  mean_return= 70.511  mean_loss= 0.14924  mean_foundation= 13.0/52  lifetime_outcomes={'won': 1, 'stalled': 195, 'truncated': 593, 'other': 0}  (1698s)
step   354000/500000  eps=0.050  episodes=  794  mean_return= 20.791  mean_loss= 0.14603  mean_foundation=  3.6/52  lifetime_outcomes={'won': 1, 'stalled': 197, 'truncated': 596, 'other': 0}  (1705s)
step   356000/500000  eps=0.050  episodes=  798  mean_return= 46.757  mean_loss= 0.14427  mean_foundation=  4.2/52  lifetime_outcomes={'won': 1, 'stalled': 198, 'truncated': 599, 'other': 0}  (1711s)
step   358000/500000  eps=0.050  episodes=  803  mean_return= 55.982  mean_loss= 0.14058  mean_foundation=  7.2/52  lifetime_outcomes={'won': 1, 'stalled': 200, 'truncated': 602, 'other': 0}  (1717s)
step   360000/500000  eps=0.050  episodes=  809  mean_return= 56.975  mean_loss= 0.14045  mean_foundation=  6.3/52  lifetime_outcomes={'won': 1, 'stalled': 204, 'truncated': 604, 'other': 0}  (1723s)
  EVAL  step   360000  win_rate=0.00%  mean_return= 32.150  mean_foundation=  3.0/52  mean_length=500.0  (greedy, 20 fixed deals)
step   362000/500000  eps=0.050  episodes=  813  mean_return= 67.359  mean_loss= 0.13974  mean_foundation=  7.5/52  lifetime_outcomes={'won': 1, 'stalled': 205, 'truncated': 607, 'other': 0}  (1738s)
step   364000/500000  eps=0.050  episodes=  818  mean_return= 71.578  mean_loss= 0.14232  mean_foundation=  8.4/52  lifetime_outcomes={'won': 1, 'stalled': 206, 'truncated': 611, 'other': 0}  (1744s)
step   366000/500000  eps=0.050  episodes=  822  mean_return= 69.250  mean_loss= 0.13232  mean_foundation=  7.0/52  lifetime_outcomes={'won': 1, 'stalled': 206, 'truncated': 615, 'other': 0}  (1750s)
step   368000/500000  eps=0.050  episodes=  828  mean_return= 37.450  mean_loss= 0.13365  mean_foundation=  4.2/52  lifetime_outcomes={'won': 1, 'stalled': 210, 'truncated': 617, 'other': 0}  (1756s)
step   370000/500000  eps=0.050  episodes=  834  mean_return= 46.830  mean_loss= 0.13778  mean_foundation=  4.5/52  lifetime_outcomes={'won': 1, 'stalled': 213, 'truncated': 620, 'other': 0}  (1762s)
step   372000/500000  eps=0.050  episodes=  839  mean_return= 37.409  mean_loss= 0.13434  mean_foundation=  5.6/52  lifetime_outcomes={'won': 1, 'stalled': 216, 'truncated': 622, 'other': 0}  (1768s)
step   374000/500000  eps=0.050  episodes=  844  mean_return= 54.048  mean_loss= 0.13436  mean_foundation= 10.2/52  lifetime_outcomes={'won': 1, 'stalled': 219, 'truncated': 624, 'other': 0}  (1774s)
step   376000/500000  eps=0.050  episodes=  850  mean_return= 52.679  mean_loss= 0.13437  mean_foundation=  5.2/52  lifetime_outcomes={'won': 1, 'stalled': 223, 'truncated': 626, 'other': 0}  (1780s)
step   378000/500000  eps=0.050  episodes=  857  mean_return= 54.097  mean_loss= 0.13374  mean_foundation=  6.9/52  lifetime_outcomes={'won': 1, 'stalled': 227, 'truncated': 629, 'other': 0}  (1785s)
step   380000/500000  eps=0.050  episodes=  861  mean_return= 55.750  mean_loss= 0.13624  mean_foundation=  3.8/52  lifetime_outcomes={'won': 1, 'stalled': 227, 'truncated': 633, 'other': 0}  (1791s)
  EVAL  step   380000  win_rate=0.00%  mean_return= 33.093  mean_foundation=  2.7/52  mean_length=457.0  (greedy, 20 fixed deals)
step   382000/500000  eps=0.050  episodes=  865  mean_return= 56.000  mean_loss= 0.13041  mean_foundation=  5.8/52  lifetime_outcomes={'won': 1, 'stalled': 227, 'truncated': 637, 'other': 0}  (1805s)
step   384000/500000  eps=0.050  episodes=  869  mean_return= 32.250  mean_loss= 0.13246  mean_foundation=  3.8/52  lifetime_outcomes={'won': 1, 'stalled': 227, 'truncated': 641, 'other': 0}  (1811s)
step   386000/500000  eps=0.050  episodes=  874  mean_return= 43.604  mean_loss= 0.13048  mean_foundation=  4.4/52  lifetime_outcomes={'won': 1, 'stalled': 229, 'truncated': 644, 'other': 0}  (1817s)
step   388000/500000  eps=0.050  episodes=  878  mean_return= 49.102  mean_loss= 0.13084  mean_foundation=  5.5/52  lifetime_outcomes={'won': 1, 'stalled': 230, 'truncated': 647, 'other': 0}  (1822s)
step   390000/500000  eps=0.050  episodes=  884  mean_return= 62.003  mean_loss= 0.12621  mean_foundation=  5.7/52  lifetime_outcomes={'won': 1, 'stalled': 233, 'truncated': 650, 'other': 0}  (1828s)
step   392000/500000  eps=0.050  episodes=  889  mean_return= 66.555  mean_loss= 0.12576  mean_foundation=  5.4/52  lifetime_outcomes={'won': 1, 'stalled': 234, 'truncated': 654, 'other': 0}  (1834s)
step   394000/500000  eps=0.050  episodes=  895  mean_return= 44.796  mean_loss= 0.12543  mean_foundation=  2.8/52  lifetime_outcomes={'won': 1, 'stalled': 236, 'truncated': 658, 'other': 0}  (1839s)
step   396000/500000  eps=0.050  episodes=  901  mean_return= 41.899  mean_loss= 0.12637  mean_foundation=  5.8/52  lifetime_outcomes={'won': 1, 'stalled': 240, 'truncated': 660, 'other': 0}  (1845s)
step   398000/500000  eps=0.050  episodes=  907  mean_return= 35.325  mean_loss= 0.12629  mean_foundation=  4.7/52  lifetime_outcomes={'won': 1, 'stalled': 243, 'truncated': 663, 'other': 0}  (1851s)
step   400000/500000  eps=0.050  episodes=  912  mean_return= 47.164  mean_loss= 0.12931  mean_foundation=  3.6/52  lifetime_outcomes={'won': 1, 'stalled': 244, 'truncated': 667, 'other': 0}  (1858s)
  EVAL  step   400000  win_rate=0.00%  mean_return= 39.815  mean_foundation=  4.0/52  mean_length=434.7  (greedy, 20 fixed deals)
step   402000/500000  eps=0.050  episodes=  916  mean_return= 59.572  mean_loss= 0.12596  mean_foundation=  3.5/52  lifetime_outcomes={'won': 1, 'stalled': 245, 'truncated': 670, 'other': 0}  (1871s)
step   404000/500000  eps=0.050  episodes=  921  mean_return= 69.782  mean_loss= 0.12935  mean_foundation=  6.2/52  lifetime_outcomes={'won': 1, 'stalled': 246, 'truncated': 674, 'other': 0}  (1877s)
step   406000/500000  eps=0.050  episodes=  926  mean_return= 35.589  mean_loss= 0.12370  mean_foundation=  3.4/52  lifetime_outcomes={'won': 1, 'stalled': 248, 'truncated': 677, 'other': 0}  (1884s)
step   408000/500000  eps=0.050  episodes=  932  mean_return= 57.293  mean_loss= 0.11795  mean_foundation=  6.3/52  lifetime_outcomes={'won': 1, 'stalled': 251, 'truncated': 680, 'other': 0}  (1890s)
step   410000/500000  eps=0.050  episodes=  936  mean_return= 65.750  mean_loss= 0.11896  mean_foundation=  5.8/52  lifetime_outcomes={'won': 1, 'stalled': 251, 'truncated': 684, 'other': 0}  (1896s)
step   412000/500000  eps=0.050  episodes=  941  mean_return= 46.011  mean_loss= 0.12438  mean_foundation=  5.6/52  lifetime_outcomes={'won': 1, 'stalled': 253, 'truncated': 687, 'other': 0}  (1902s)
step   414000/500000  eps=0.050  episodes=  945  mean_return= 56.838  mean_loss= 0.11966  mean_foundation=  7.0/52  lifetime_outcomes={'won': 1, 'stalled': 254, 'truncated': 690, 'other': 0}  (1908s)
step   416000/500000  eps=0.050  episodes=  951  mean_return= 64.289  mean_loss= 0.12203  mean_foundation=  7.8/52  lifetime_outcomes={'won': 1, 'stalled': 257, 'truncated': 693, 'other': 0}  (1914s)
step   418000/500000  eps=0.050  episodes=  956  mean_return= 37.158  mean_loss= 0.11497  mean_foundation=  5.6/52  lifetime_outcomes={'won': 1, 'stalled': 258, 'truncated': 697, 'other': 0}  (1920s)
step   420000/500000  eps=0.050  episodes=  961  mean_return= 50.055  mean_loss= 0.11621  mean_foundation=  5.6/52  lifetime_outcomes={'won': 1, 'stalled': 260, 'truncated': 700, 'other': 0}  (1926s)
  EVAL  step   420000  win_rate=0.00%  mean_return= 43.923  mean_foundation=  5.2/52  mean_length=327.7  (greedy, 20 fixed deals)
step   422000/500000  eps=0.050  episodes=  967  mean_return= 52.478  mean_loss= 0.11440  mean_foundation=  4.8/52  lifetime_outcomes={'won': 1, 'stalled': 263, 'truncated': 703, 'other': 0}  (1941s)
step   424000/500000  eps=0.050  episodes=  972  mean_return= 54.264  mean_loss= 0.11315  mean_foundation=  6.4/52  lifetime_outcomes={'won': 1, 'stalled': 266, 'truncated': 705, 'other': 0}  (1950s)
step   426000/500000  eps=0.050  episodes=  979  mean_return= 68.378  mean_loss= 0.11128  mean_foundation=  9.4/52  lifetime_outcomes={'won': 1, 'stalled': 270, 'truncated': 708, 'other': 0}  (1956s)
step   428000/500000  eps=0.050  episodes=  983  mean_return= 51.750  mean_loss= 0.10387  mean_foundation=  5.5/52  lifetime_outcomes={'won': 1, 'stalled': 270, 'truncated': 712, 'other': 0}  (1967s)
step   430000/500000  eps=0.050  episodes=  987  mean_return= 39.250  mean_loss= 0.10884  mean_foundation=  5.0/52  lifetime_outcomes={'won': 1, 'stalled': 270, 'truncated': 716, 'other': 0}  (1978s)
step   432000/500000  eps=0.050  episodes=  992  mean_return= 56.382  mean_loss= 0.11135  mean_foundation=  5.0/52  lifetime_outcomes={'won': 1, 'stalled': 271, 'truncated': 720, 'other': 0}  (1986s)
step   434000/500000  eps=0.050  episodes=  997  mean_return= 47.474  mean_loss= 0.11021  mean_foundation=  5.0/52  lifetime_outcomes={'won': 1, 'stalled': 273, 'truncated': 723, 'other': 0}  (1993s)
step   436000/500000  eps=0.050  episodes= 1002  mean_return= 45.341  mean_loss= 0.10619  mean_foundation=  3.4/52  lifetime_outcomes={'won': 1, 'stalled': 274, 'truncated': 727, 'other': 0}  (2006s)
step   438000/500000  eps=0.050  episodes= 1009  mean_return= 32.290  mean_loss= 0.10377  mean_foundation=  4.0/52  lifetime_outcomes={'won': 1, 'stalled': 279, 'truncated': 729, 'other': 0}  (2027s)
step   440000/500000  eps=0.050  episodes= 1013  mean_return= 37.257  mean_loss= 0.10187  mean_foundation=  5.0/52  lifetime_outcomes={'won': 1, 'stalled': 280, 'truncated': 732, 'other': 0}  (2039s)
  EVAL  step   440000  win_rate=0.00%  mean_return= 38.938  mean_foundation=  3.0/52  mean_length=412.2  (greedy, 20 fixed deals)
step   442000/500000  eps=0.050  episodes= 1020  mean_return= 50.846  mean_loss= 0.10035  mean_foundation=  6.9/52  lifetime_outcomes={'won': 1, 'stalled': 284, 'truncated': 735, 'other': 0}  (2065s)
step   444000/500000  eps=0.050  episodes= 1024  mean_return= 50.830  mean_loss= 0.09792  mean_foundation=  6.2/52  lifetime_outcomes={'won': 1, 'stalled': 285, 'truncated': 738, 'other': 0}  (2075s)
step   446000/500000  eps=0.050  episodes= 1029  mean_return= 41.588  mean_loss= 0.09803  mean_foundation=  4.8/52  lifetime_outcomes={'won': 1, 'stalled': 286, 'truncated': 742, 'other': 0}  (2081s)
step   448000/500000  eps=0.050  episodes= 1034  mean_return= 54.024  mean_loss= 0.09497  mean_foundation=  4.6/52  lifetime_outcomes={'won': 1, 'stalled': 288, 'truncated': 745, 'other': 0}  (2090s)
step   450000/500000  eps=0.050  episodes= 1041  mean_return= 31.983  mean_loss= 0.09876  mean_foundation=  4.7/52  lifetime_outcomes={'won': 1, 'stalled': 292, 'truncated': 748, 'other': 0}  (2101s)
step   452000/500000  eps=0.050  episodes= 1046  mean_return= 42.607  mean_loss= 0.09382  mean_foundation=  3.6/52  lifetime_outcomes={'won': 1, 'stalled': 294, 'truncated': 751, 'other': 0}  (2111s)
step   454000/500000  eps=0.050  episodes= 1050  mean_return= 32.000  mean_loss= 0.09433  mean_foundation=  6.0/52  lifetime_outcomes={'won': 1, 'stalled': 294, 'truncated': 755, 'other': 0}  (2117s)
step   456000/500000  eps=0.050  episodes= 1057  mean_return= 52.427  mean_loss= 0.09037  mean_foundation=  6.3/52  lifetime_outcomes={'won': 1, 'stalled': 298, 'truncated': 758, 'other': 0}  (2126s)
step   458000/500000  eps=0.050  episodes= 1061  mean_return= 53.031  mean_loss= 0.09545  mean_foundation=  6.5/52  lifetime_outcomes={'won': 1, 'stalled': 299, 'truncated': 761, 'other': 0}  (2137s)
step   460000/500000  eps=0.050  episodes= 1065  mean_return= 58.752  mean_loss= 0.09677  mean_foundation=  6.5/52  lifetime_outcomes={'won': 1, 'stalled': 300, 'truncated': 764, 'other': 0}  (2148s)
  EVAL  step   460000  win_rate=0.00%  mean_return= 40.273  mean_foundation=  4.2/52  mean_length=477.6  (greedy, 20 fixed deals)
step   462000/500000  eps=0.050  episodes= 1071  mean_return= 51.632  mean_loss= 0.09325  mean_foundation=  6.5/52  lifetime_outcomes={'won': 1, 'stalled': 303, 'truncated': 767, 'other': 0}  (2168s)
step   464000/500000  eps=0.050  episodes= 1076  mean_return= 68.973  mean_loss= 0.08801  mean_foundation=  9.2/52  lifetime_outcomes={'won': 1, 'stalled': 305, 'truncated': 770, 'other': 0}  (2179s)
step   466000/500000  eps=0.050  episodes= 1080  mean_return= 49.750  mean_loss= 0.08477  mean_foundation=  4.8/52  lifetime_outcomes={'won': 1, 'stalled': 305, 'truncated': 774, 'other': 0}  (2187s)
step   468000/500000  eps=0.050  episodes= 1084  mean_return= 61.016  mean_loss= 0.08558  mean_foundation=  9.8/52  lifetime_outcomes={'won': 1, 'stalled': 306, 'truncated': 777, 'other': 0}  (2194s)
step   470000/500000  eps=0.050  episodes= 1088  mean_return= 71.575  mean_loss= 0.08141  mean_foundation=  9.5/52  lifetime_outcomes={'won': 1, 'stalled': 307, 'truncated': 780, 'other': 0}  (2204s)
step   472000/500000  eps=0.050  episodes= 1094  mean_return= 32.779  mean_loss= 0.08460  mean_foundation=  3.3/52  lifetime_outcomes={'won': 1, 'stalled': 309, 'truncated': 784, 'other': 0}  (2215s)
step   474000/500000  eps=0.050  episodes= 1098  mean_return= 58.059  mean_loss= 0.08263  mean_foundation=  7.5/52  lifetime_outcomes={'won': 1, 'stalled': 310, 'truncated': 787, 'other': 0}  (2223s)
step   476000/500000  eps=0.050  episodes= 1103  mean_return= 56.349  mean_loss= 0.08190  mean_foundation=  8.0/52  lifetime_outcomes={'won': 1, 'stalled': 311, 'truncated': 791, 'other': 0}  (2230s)
step   478000/500000  eps=0.050  episodes= 1108  mean_return= 76.991  mean_loss= 0.07708  mean_foundation= 10.6/52  lifetime_outcomes={'won': 1, 'stalled': 313, 'truncated': 794, 'other': 0}  (2239s)
step   480000/500000  eps=0.050  episodes= 1113  mean_return= 47.388  mean_loss= 0.07998  mean_foundation=  3.2/52  lifetime_outcomes={'won': 1, 'stalled': 314, 'truncated': 798, 'other': 0}  (2251s)
  EVAL  step   480000  win_rate=0.00%  mean_return= 35.958  mean_foundation=  3.9/52  mean_length=392.0  (greedy, 20 fixed deals)
step   482000/500000  eps=0.050  episodes= 1118  mean_return= 54.657  mean_loss= 0.08005  mean_foundation=  6.4/52  lifetime_outcomes={'won': 1, 'stalled': 317, 'truncated': 800, 'other': 0}  (2267s)
step   484000/500000  eps=0.050  episodes= 1123  mean_return= 62.569  mean_loss= 0.07852  mean_foundation=  7.6/52  lifetime_outcomes={'won': 1, 'stalled': 319, 'truncated': 803, 'other': 0}  (2278s)
step   486000/500000  eps=0.050  episodes= 1129  mean_return= 53.989  mean_loss= 0.08019  mean_foundation=  6.3/52  lifetime_outcomes={'won': 1, 'stalled': 323, 'truncated': 805, 'other': 0}  (2289s)
step   488000/500000  eps=0.050  episodes= 1133  mean_return= 86.284  mean_loss= 0.07945  mean_foundation= 11.5/52  lifetime_outcomes={'won': 1, 'stalled': 324, 'truncated': 808, 'other': 0}  (2297s)
step   490000/500000  eps=0.050  episodes= 1137  mean_return= 38.554  mean_loss= 0.07683  mean_foundation=  4.2/52  lifetime_outcomes={'won': 1, 'stalled': 325, 'truncated': 811, 'other': 0}  (2303s)
step   492000/500000  eps=0.050  episodes= 1143  mean_return= 60.142  mean_loss= 0.07565  mean_foundation=  4.8/52  lifetime_outcomes={'won': 1, 'stalled': 329, 'truncated': 813, 'other': 0}  (2314s)
step   494000/500000  eps=0.050  episodes= 1148  mean_return= 54.846  mean_loss= 0.07910  mean_foundation=  6.0/52  lifetime_outcomes={'won': 1, 'stalled': 331, 'truncated': 816, 'other': 0}  (2325s)
step   496000/500000  eps=0.050  episodes= 1154  mean_return= 72.640  mean_loss= 0.07336  mean_foundation=  8.0/52  lifetime_outcomes={'won': 1, 'stalled': 334, 'truncated': 819, 'other': 0}  (2333s)
step   498000/500000  eps=0.050  episodes= 1160  mean_return= 65.793  mean_loss= 0.07374  mean_foundation=  8.2/52  lifetime_outcomes={'won': 1, 'stalled': 337, 'truncated': 822, 'other': 0}  (2340s)
step   500000/500000  eps=0.050  episodes= 1164  mean_return= 44.279  mean_loss= 0.07562  mean_foundation=  4.8/52  lifetime_outcomes={'won': 1, 'stalled': 338, 'truncated': 825, 'other': 0}  (2350s)
  EVAL  step   500000  win_rate=0.00%  mean_return= 37.543  mean_foundation=  4.4/52  mean_length=456.9  (greedy, 20 fixed deals)
done. saved final checkpoint to runs/003_double_dqn_soft_nstep3_per/checkpoint_final.pt
