run directory: runs/020_double_dqn_soft_nstep3_per_dqfd_epsfloor
DQfD: building 30000 permanent demo transitions from runs/curriculum_wins.jsonl
DQfD: loaded 30000 demo transitions into the permanent replay-buffer region
step     1000/400000  eps=0.996  episodes=    1  mean_return=1660.000  mean_loss=     nan  mean_foundation=  3.0/52  lifetime_outcomes={'won': 0, 'stalled': 0, 'truncated': 1, 'other': 0}  rss= 1811.2MB  (1s)
step     2000/400000  eps=0.992  episodes=    2  mean_return=700.000  mean_loss=     nan  mean_foundation=  4.0/52  lifetime_outcomes={'won': 0, 'stalled': 0, 'truncated': 2, 'other': 0}  rss= 1811.2MB  (3s)
step     3000/400000  eps=0.987  episodes=    3  mean_return=1330.000  mean_loss=     nan  mean_foundation= 10.0/52  lifetime_outcomes={'won': 0, 'stalled': 0, 'truncated': 3, 'other': 0}  rss= 1811.2MB  (5s)
step     4000/400000  eps=0.983  episodes=    4  mean_return=1310.000  mean_loss=     nan  mean_foundation=  2.0/52  lifetime_outcomes={'won': 0, 'stalled': 0, 'truncated': 4, 'other': 0}  rss= 1811.2MB  (7s)
step     5000/400000  eps=0.979  episodes=    5  mean_return=580.000  mean_loss=49.98511  mean_foundation=  5.0/52  lifetime_outcomes={'won': 0, 'stalled': 0, 'truncated': 5, 'other': 0}  rss= 1811.2MB  (9s)
step     6000/400000  eps=0.975  episodes=    6  mean_return=810.000  mean_loss=76.09952  mean_foundation= 11.0/52  lifetime_outcomes={'won': 0, 'stalled': 0, 'truncated': 6, 'other': 0}  rss= 1811.3MB  (17s)
step     7000/400000  eps=0.970  episodes=    7  mean_return=299.160  mean_loss=83.56283  mean_foundation=  5.0/52  lifetime_outcomes={'won': 0, 'stalled': 1, 'truncated': 6, 'other': 0}  rss= 1821.6MB  (24s)
step     8000/400000  eps=0.966  episodes=    8  mean_return=860.000  mean_loss=86.73349  mean_foundation=  4.0/52  lifetime_outcomes={'won': 0, 'stalled': 1, 'truncated': 7, 'other': 0}  rss= 1833.7MB  (31s)
step     9000/400000  eps=0.962  episodes=    9  mean_return=1080.000  mean_loss=88.77809  mean_foundation= 10.0/52  lifetime_outcomes={'won': 0, 'stalled': 1, 'truncated': 8, 'other': 0}  rss= 1837.7MB  (39s)
step    10000/400000  eps=0.958  episodes=   10  mean_return=860.000  mean_loss=88.52081  mean_foundation=  2.0/52  lifetime_outcomes={'won': 0, 'stalled': 1, 'truncated': 9, 'other': 0}  rss= 1839.7MB  (47s)
  EVAL  step    10000  win_rate=0.00%  mean_return=336.600  mean_foundation=  2.3/52  mean_length=1000.0  (greedy, 100 fixed deals)
step    11000/400000  eps=0.953  episodes=   11  mean_return=1700.000  mean_loss=87.16948  mean_foundation=  4.0/52  lifetime_outcomes={'won': 0, 'stalled': 1, 'truncated': 10, 'other': 0}  rss= 1855.5MB  (208s)
step    12000/400000  eps=0.949  episodes=   12  mean_return=940.000  mean_loss=81.97517  mean_foundation=  9.0/52  lifetime_outcomes={'won': 0, 'stalled': 1, 'truncated': 11, 'other': 0}  rss= 1855.5MB  (215s)
step    13000/400000  eps=0.945  episodes=   13  mean_return=1160.000  mean_loss=77.30330  mean_foundation=  8.0/52  lifetime_outcomes={'won': 0, 'stalled': 1, 'truncated': 12, 'other': 0}  rss= 1855.5MB  (223s)
step    14000/400000  eps=0.941  episodes=   14  mean_return=570.000  mean_loss=77.75922  mean_foundation= 10.0/52  lifetime_outcomes={'won': 0, 'stalled': 1, 'truncated': 13, 'other': 0}  rss= 1855.5MB  (230s)
step    15000/400000  eps=0.936  episodes=   15  mean_return=1590.000  mean_loss=73.07576  mean_foundation= 20.0/52  lifetime_outcomes={'won': 0, 'stalled': 1, 'truncated': 14, 'other': 0}  rss= 1856.0MB  (238s)
step    16000/400000  eps=0.932  episodes=   16  mean_return=630.000  mean_loss=69.89825  mean_foundation=  6.0/52  lifetime_outcomes={'won': 0, 'stalled': 1, 'truncated': 15, 'other': 0}  rss= 1860.1MB  (246s)
step    17000/400000  eps=0.928  episodes=   17  mean_return=1990.000  mean_loss=68.78028  mean_foundation= 47.0/52  lifetime_outcomes={'won': 0, 'stalled': 1, 'truncated': 16, 'other': 0}  rss= 1862.1MB  (253s)
step    18000/400000  eps=0.923  episodes=   18  mean_return=1800.000  mean_loss=67.22993  mean_foundation= 22.0/52  lifetime_outcomes={'won': 0, 'stalled': 1, 'truncated': 17, 'other': 0}  rss= 1866.1MB  (262s)
step    19000/400000  eps=0.919  episodes=   19  mean_return=1900.000  mean_loss=65.71321  mean_foundation= 33.0/52  lifetime_outcomes={'won': 0, 'stalled': 1, 'truncated': 18, 'other': 0}  rss= 1872.2MB  (269s)
step    20000/400000  eps=0.915  episodes=   20  mean_return=330.000  mean_loss=65.57269  mean_foundation=  4.0/52  lifetime_outcomes={'won': 0, 'stalled': 1, 'truncated': 19, 'other': 0}  rss= 1874.2MB  (277s)
  EVAL  step    20000  win_rate=0.00%  mean_return=324.400  mean_foundation=  2.8/52  mean_length=1000.0  (greedy, 100 fixed deals)
step    21000/400000  eps=0.911  episodes=   21  mean_return=710.000  mean_loss=64.26101  mean_foundation= 12.0/52  lifetime_outcomes={'won': 0, 'stalled': 1, 'truncated': 20, 'other': 0}  rss= 1889.8MB  (440s)
step    22000/400000  eps=0.906  episodes=   22  mean_return=1710.000  mean_loss=64.96846  mean_foundation=  6.0/52  lifetime_outcomes={'won': 0, 'stalled': 1, 'truncated': 21, 'other': 0}  rss= 1889.8MB  (448s)
step    23000/400000  eps=0.902  episodes=   23  mean_return=1510.000  mean_loss=61.01763  mean_foundation= 16.0/52  lifetime_outcomes={'won': 0, 'stalled': 1, 'truncated': 22, 'other': 0}  rss= 1889.8MB  (456s)
step    24000/400000  eps=0.898  episodes=   24  mean_return=1930.000  mean_loss=62.96490  mean_foundation= 41.0/52  lifetime_outcomes={'won': 0, 'stalled': 1, 'truncated': 23, 'other': 0}  rss= 1889.8MB  (464s)
step    25000/400000  eps=0.894  episodes=   25  mean_return=1960.000  mean_loss=62.31407  mean_foundation= 42.0/52  lifetime_outcomes={'won': 0, 'stalled': 1, 'truncated': 24, 'other': 0}  rss= 1894.3MB  (471s)
step    26000/400000  eps=0.889  episodes=   26  mean_return=2040.000  mean_loss=62.78483  mean_foundation= 47.0/52  lifetime_outcomes={'won': 0, 'stalled': 1, 'truncated': 25, 'other': 0}  rss= 1898.4MB  (479s)
step    27000/400000  eps=0.885  episodes=   27  mean_return=620.000  mean_loss=61.72080  mean_foundation=  5.0/52  lifetime_outcomes={'won': 0, 'stalled': 1, 'truncated': 26, 'other': 0}  rss= 1902.4MB  (487s)
step    28000/400000  eps=0.881  episodes=   28  mean_return=1890.000  mean_loss=61.10109  mean_foundation= 31.0/52  lifetime_outcomes={'won': 0, 'stalled': 1, 'truncated': 27, 'other': 0}  rss= 1906.4MB  (496s)
step    29000/400000  eps=0.877  episodes=   29  mean_return=830.000  mean_loss=59.00692  mean_foundation=  4.0/52  lifetime_outcomes={'won': 0, 'stalled': 1, 'truncated': 28, 'other': 0}  rss= 1910.5MB  (504s)
step    30000/400000  eps=0.873  episodes=   30  mean_return=2040.000  mean_loss=56.27063  mean_foundation= 47.0/52  lifetime_outcomes={'won': 0, 'stalled': 1, 'truncated': 29, 'other': 0}  rss= 1914.7MB  (512s)
  EVAL  step    30000  win_rate=0.00%  mean_return=315.900  mean_foundation=  2.5/52  mean_length=1000.0  (greedy, 100 fixed deals)
step    31000/400000  eps=0.868  episodes=   31  mean_return=580.000  mean_loss=55.10163  mean_foundation=  2.0/52  lifetime_outcomes={'won': 0, 'stalled': 1, 'truncated': 30, 'other': 0}  rss= 1924.0MB  (672s)
step    32000/400000  eps=0.864  episodes=   32  mean_return=1240.000  mean_loss=50.84519  mean_foundation= 11.0/52  lifetime_outcomes={'won': 0, 'stalled': 1, 'truncated': 31, 'other': 0}  rss= 1928.1MB  (681s)
step    33000/400000  eps=0.860  episodes=   33  mean_return=1680.000  mean_loss=52.78688  mean_foundation= 28.0/52  lifetime_outcomes={'won': 0, 'stalled': 1, 'truncated': 32, 'other': 0}  rss= 1930.1MB  (688s)
step    34000/400000  eps=0.855  episodes=   34  mean_return=1150.000  mean_loss=51.21212  mean_foundation=  9.0/52  lifetime_outcomes={'won': 0, 'stalled': 1, 'truncated': 33, 'other': 0}  rss= 1936.1MB  (697s)
step    35000/400000  eps=0.851  episodes=   35  mean_return=1050.000  mean_loss=49.57393  mean_foundation= 15.0/52  lifetime_outcomes={'won': 0, 'stalled': 1, 'truncated': 34, 'other': 0}  rss= 1940.1MB  (705s)
step    36000/400000  eps=0.847  episodes=   36  mean_return=670.000  mean_loss=47.45432  mean_foundation=  5.0/52  lifetime_outcomes={'won': 0, 'stalled': 1, 'truncated': 35, 'other': 0}  rss= 1944.2MB  (713s)
step    37000/400000  eps=0.843  episodes=   37  mean_return=7040.730  mean_loss=46.97835  mean_foundation= 52.0/52  lifetime_outcomes={'won': 1, 'stalled': 1, 'truncated': 35, 'other': 0}  rss= 1948.2MB  (721s)
step    38000/400000  eps=0.839  episodes=   38  mean_return=880.000  mean_loss=45.87448  mean_foundation=  7.0/52  lifetime_outcomes={'won': 1, 'stalled': 1, 'truncated': 36, 'other': 0}  rss= 1952.2MB  (729s)
step    39000/400000  eps=0.834  episodes=   39  mean_return=450.000  mean_loss=44.12411  mean_foundation=  4.0/52  lifetime_outcomes={'won': 1, 'stalled': 1, 'truncated': 37, 'other': 0}  rss= 1954.2MB  (738s)
step    40000/400000  eps=0.830  episodes=   40  mean_return=1420.000  mean_loss=43.73134  mean_foundation= 13.0/52  lifetime_outcomes={'won': 1, 'stalled': 1, 'truncated': 38, 'other': 0}  rss= 1958.2MB  (746s)
  EVAL  step    40000  win_rate=0.00%  mean_return=368.388  mean_foundation=  2.9/52  mean_length=991.2  (greedy, 100 fixed deals)
step    41000/400000  eps=0.826  episodes=   41  mean_return=1460.000  mean_loss=42.88090  mean_foundation= 19.0/52  lifetime_outcomes={'won': 1, 'stalled': 1, 'truncated': 39, 'other': 0}  rss= 1970.3MB  (916s)
step    42000/400000  eps=0.822  episodes=   42  mean_return=940.000  mean_loss=40.32077  mean_foundation=  8.0/52  lifetime_outcomes={'won': 1, 'stalled': 1, 'truncated': 40, 'other': 0}  rss= 1974.3MB  (924s)
step    43000/400000  eps=0.817  episodes=   44  mean_return=4102.225  mean_loss=41.36787  mean_foundation= 29.5/52  lifetime_outcomes={'won': 2, 'stalled': 1, 'truncated': 41, 'other': 0}  rss= 1976.3MB  (931s)
step    44000/400000  eps=0.813  episodes=   45  mean_return=7043.360  mean_loss=39.53603  mean_foundation= 52.0/52  lifetime_outcomes={'won': 3, 'stalled': 1, 'truncated': 41, 'other': 0}  rss= 1982.4MB  (938s)
step    45000/400000  eps=0.809  episodes=   46  mean_return=2040.000  mean_loss=41.27780  mean_foundation= 47.0/52  lifetime_outcomes={'won': 3, 'stalled': 1, 'truncated': 42, 'other': 0}  rss= 1986.5MB  (946s)
step    46000/400000  eps=0.804  episodes=   47  mean_return=7042.140  mean_loss=39.66854  mean_foundation= 52.0/52  lifetime_outcomes={'won': 4, 'stalled': 1, 'truncated': 42, 'other': 0}  rss= 1988.5MB  (954s)
step    47000/400000  eps=0.800  episodes=   48  mean_return=640.000  mean_loss=39.86746  mean_foundation=  2.0/52  lifetime_outcomes={'won': 4, 'stalled': 1, 'truncated': 43, 'other': 0}  rss= 1992.5MB  (962s)
step    48000/400000  eps=0.796  episodes=   49  mean_return=880.000  mean_loss=37.54348  mean_foundation= 12.0/52  lifetime_outcomes={'won': 4, 'stalled': 1, 'truncated': 44, 'other': 0}  rss= 1998.5MB  (970s)
step    49000/400000  eps=0.792  episodes=   51  mean_return=4220.795  mean_loss=37.06785  mean_foundation= 34.0/52  lifetime_outcomes={'won': 5, 'stalled': 1, 'truncated': 45, 'other': 0}  rss= 2002.6MB  (978s)
step    50000/400000  eps=0.787  episodes=   52  mean_return=7041.550  mean_loss=37.06529  mean_foundation= 52.0/52  lifetime_outcomes={'won': 6, 'stalled': 1, 'truncated': 45, 'other': 0}  rss= 2002.6MB  (986s)
  EVAL  step    50000  win_rate=0.00%  mean_return=311.200  mean_foundation=  2.2/52  mean_length=1000.0  (greedy, 100 fixed deals)
step    51000/400000  eps=0.783  episodes=   53  mean_return=7042.990  mean_loss=36.39262  mean_foundation= 52.0/52  lifetime_outcomes={'won': 7, 'stalled': 1, 'truncated': 45, 'other': 0}  rss= 2010.6MB  (1151s)
step    52000/400000  eps=0.779  episodes=   54  mean_return=7041.280  mean_loss=36.11060  mean_foundation= 52.0/52  lifetime_outcomes={'won': 8, 'stalled': 1, 'truncated': 45, 'other': 0}  rss= 2010.6MB  (1160s)
step    53000/400000  eps=0.775  episodes=   56  mean_return=493.920  mean_loss=36.71065  mean_foundation=  7.0/52  lifetime_outcomes={'won': 8, 'stalled': 2, 'truncated': 46, 'other': 0}  rss= 2010.6MB  (1169s)
step    54000/400000  eps=0.770  episodes=   57  mean_return=470.000  mean_loss=35.23089  mean_foundation=  0.0/52  lifetime_outcomes={'won': 8, 'stalled': 2, 'truncated': 47, 'other': 0}  rss= 2010.6MB  (1178s)
step    55000/400000  eps=0.766  episodes=   58  mean_return=7042.580  mean_loss=35.12876  mean_foundation= 52.0/52  lifetime_outcomes={'won': 9, 'stalled': 2, 'truncated': 47, 'other': 0}  rss= 2015.1MB  (1186s)
step    56000/400000  eps=0.762  episodes=   59  mean_return=7042.140  mean_loss=34.04575  mean_foundation= 52.0/52  lifetime_outcomes={'won': 10, 'stalled': 2, 'truncated': 47, 'other': 0}  rss= 2017.1MB  (1194s)
step    57000/400000  eps=0.758  episodes=   60  mean_return=390.000  mean_loss=35.07886  mean_foundation=  7.0/52  lifetime_outcomes={'won': 10, 'stalled': 2, 'truncated': 48, 'other': 0}  rss= 2019.1MB  (1202s)
step    58000/400000  eps=0.754  episodes=   62  mean_return=3852.410  mean_loss=33.67619  mean_foundation= 28.5/52  lifetime_outcomes={'won': 11, 'stalled': 2, 'truncated': 49, 'other': 0}  rss= 2025.1MB  (1210s)
step    59000/400000  eps=0.749  episodes=   63  mean_return=570.000  mean_loss=33.44325  mean_foundation=  9.0/52  lifetime_outcomes={'won': 11, 'stalled': 2, 'truncated': 50, 'other': 0}  rss= 2031.2MB  (1219s)
step    60000/400000  eps=0.745  episodes=   64  mean_return=420.000  mean_loss=32.61592  mean_foundation=  4.0/52  lifetime_outcomes={'won': 11, 'stalled': 2, 'truncated': 51, 'other': 0}  rss= 2031.2MB  (1227s)
  EVAL  step    60000  win_rate=0.00%  mean_return=338.500  mean_foundation=  2.6/52  mean_length=1000.0  (greedy, 100 fixed deals)
step    61000/400000  eps=0.741  episodes=   65  mean_return=410.000  mean_loss=32.01939  mean_foundation=  6.0/52  lifetime_outcomes={'won': 11, 'stalled': 2, 'truncated': 52, 'other': 0}  rss= 2042.8MB  (1388s)
step    62000/400000  eps=0.736  episodes=   66  mean_return=690.000  mean_loss=31.56669  mean_foundation=  2.0/52  lifetime_outcomes={'won': 11, 'stalled': 2, 'truncated': 53, 'other': 0}  rss= 2048.8MB  (1398s)
step    63000/400000  eps=0.732  episodes=   67  mean_return=870.000  mean_loss=30.79154  mean_foundation= 13.0/52  lifetime_outcomes={'won': 11, 'stalled': 2, 'truncated': 54, 'other': 0}  rss= 2050.8MB  (1406s)
step    64000/400000  eps=0.728  episodes=   68  mean_return=1200.000  mean_loss=31.13653  mean_foundation= 12.0/52  lifetime_outcomes={'won': 11, 'stalled': 2, 'truncated': 55, 'other': 0}  rss= 2052.9MB  (1415s)
step    65000/400000  eps=0.724  episodes=   69  mean_return=1170.000  mean_loss=29.80681  mean_foundation= 13.0/52  lifetime_outcomes={'won': 11, 'stalled': 2, 'truncated': 56, 'other': 0}  rss= 2058.9MB  (1424s)
step    66000/400000  eps=0.720  episodes=   70  mean_return=940.000  mean_loss=28.85749  mean_foundation=  7.0/52  lifetime_outcomes={'won': 11, 'stalled': 2, 'truncated': 57, 'other': 0}  rss= 2062.9MB  (1433s)
step    67000/400000  eps=0.715  episodes=   71  mean_return=940.000  mean_loss=29.59218  mean_foundation= 11.0/52  lifetime_outcomes={'won': 11, 'stalled': 2, 'truncated': 58, 'other': 0}  rss= 2065.0MB  (1440s)
step    68000/400000  eps=0.711  episodes=   72  mean_return=1380.000  mean_loss=27.75319  mean_foundation= 17.0/52  lifetime_outcomes={'won': 11, 'stalled': 2, 'truncated': 59, 'other': 0}  rss= 2071.0MB  (1448s)
step    69000/400000  eps=0.707  episodes=   73  mean_return=7043.920  mean_loss=29.12022  mean_foundation= 52.0/52  lifetime_outcomes={'won': 12, 'stalled': 2, 'truncated': 59, 'other': 0}  rss= 2077.0MB  (1457s)
step    70000/400000  eps=0.703  episodes=   74  mean_return=1090.000  mean_loss=27.66251  mean_foundation= 13.0/52  lifetime_outcomes={'won': 12, 'stalled': 2, 'truncated': 60, 'other': 0}  rss= 2079.1MB  (1466s)
  EVAL  step    70000  win_rate=0.00%  mean_return=320.100  mean_foundation=  2.3/52  mean_length=1000.0  (greedy, 100 fixed deals)
step    71000/400000  eps=0.698  episodes=   75  mean_return=1280.000  mean_loss=27.01584  mean_foundation= 11.0/52  lifetime_outcomes={'won': 12, 'stalled': 2, 'truncated': 61, 'other': 0}  rss= 2081.1MB  (1638s)
step    72000/400000  eps=0.694  episodes=   76  mean_return=1310.000  mean_loss=27.29211  mean_foundation= 20.0/52  lifetime_outcomes={'won': 12, 'stalled': 2, 'truncated': 62, 'other': 0}  rss= 2087.1MB  (1647s)
step    73000/400000  eps=0.690  episodes=   78  mean_return=4247.160  mean_loss=26.44044  mean_foundation= 39.5/52  lifetime_outcomes={'won': 13, 'stalled': 2, 'truncated': 63, 'other': 0}  rss= 2091.2MB  (1655s)
step    74000/400000  eps=0.685  episodes=   79  mean_return=1370.000  mean_loss=25.27329  mean_foundation= 13.0/52  lifetime_outcomes={'won': 13, 'stalled': 2, 'truncated': 64, 'other': 0}  rss= 2093.2MB  (1664s)
step    75000/400000  eps=0.681  episodes=   80  mean_return=840.000  mean_loss=26.10106  mean_foundation=  6.0/52  lifetime_outcomes={'won': 13, 'stalled': 2, 'truncated': 65, 'other': 0}  rss= 2097.2MB  (1673s)
step    76000/400000  eps=0.677  episodes=   81  mean_return=7044.160  mean_loss=25.09600  mean_foundation= 52.0/52  lifetime_outcomes={'won': 14, 'stalled': 2, 'truncated': 65, 'other': 0}  rss= 2108.2MB  (1681s)
step    77000/400000  eps=0.673  episodes=   82  mean_return=1050.000  mean_loss=24.88495  mean_foundation= 11.0/52  lifetime_outcomes={'won': 14, 'stalled': 2, 'truncated': 66, 'other': 0}  rss= 2108.2MB  (1690s)
step    78000/400000  eps=0.668  episodes=   83  mean_return=850.000  mean_loss=25.00638  mean_foundation=  3.0/52  lifetime_outcomes={'won': 14, 'stalled': 2, 'truncated': 67, 'other': 0}  rss= 2112.2MB  (1698s)
step    79000/400000  eps=0.664  episodes=   84  mean_return=520.000  mean_loss=24.37147  mean_foundation=  9.0/52  lifetime_outcomes={'won': 14, 'stalled': 2, 'truncated': 68, 'other': 0}  rss= 2118.3MB  (1707s)
step    80000/400000  eps=0.660  episodes=   85  mean_return=1090.000  mean_loss=24.90064  mean_foundation=  5.0/52  lifetime_outcomes={'won': 14, 'stalled': 2, 'truncated': 69, 'other': 0}  rss= 2122.4MB  (1715s)
  EVAL  step    80000  win_rate=0.00%  mean_return=345.100  mean_foundation=  2.7/52  mean_length=1000.0  (greedy, 100 fixed deals)
step    81000/400000  eps=0.656  episodes=   86  mean_return=930.000  mean_loss=24.12646  mean_foundation=  8.0/52  lifetime_outcomes={'won': 14, 'stalled': 2, 'truncated': 70, 'other': 0}  rss= 2124.4MB  (1887s)
step    82000/400000  eps=0.651  episodes=   87  mean_return=390.000  mean_loss=23.78146  mean_foundation=  6.0/52  lifetime_outcomes={'won': 14, 'stalled': 2, 'truncated': 71, 'other': 0}  rss= 2128.4MB  (1896s)
step    83000/400000  eps=0.647  episodes=   88  mean_return=7040.560  mean_loss=23.14915  mean_foundation= 52.0/52  lifetime_outcomes={'won': 15, 'stalled': 2, 'truncated': 71, 'other': 0}  rss= 2134.4MB  (1904s)
step    84000/400000  eps=0.643  episodes=   90  mean_return=4216.665  mean_loss=24.04019  mean_foundation= 36.5/52  lifetime_outcomes={'won': 16, 'stalled': 2, 'truncated': 72, 'other': 0}  rss= 2136.4MB  (1913s)
step    85000/400000  eps=0.639  episodes=   91  mean_return=1140.000  mean_loss=23.56294  mean_foundation= 21.0/52  lifetime_outcomes={'won': 16, 'stalled': 2, 'truncated': 73, 'other': 0}  rss= 2140.5MB  (1920s)
step    86000/400000  eps=0.635  episodes=   92  mean_return=1000.000  mean_loss=23.78952  mean_foundation= 13.0/52  lifetime_outcomes={'won': 16, 'stalled': 2, 'truncated': 74, 'other': 0}  rss= 2146.5MB  (1929s)
step    87000/400000  eps=0.630  episodes=   93  mean_return=670.000  mean_loss=22.85199  mean_foundation=  5.0/52  lifetime_outcomes={'won': 16, 'stalled': 2, 'truncated': 75, 'other': 0}  rss= 2148.6MB  (1937s)
step    88000/400000  eps=0.626  episodes=   94  mean_return=740.000  mean_loss=22.04236  mean_foundation=  7.0/52  lifetime_outcomes={'won': 16, 'stalled': 2, 'truncated': 76, 'other': 0}  rss= 2152.6MB  (1946s)
step    89000/400000  eps=0.622  episodes=   95  mean_return=7043.610  mean_loss=21.70813  mean_foundation= 52.0/52  lifetime_outcomes={'won': 17, 'stalled': 2, 'truncated': 76, 'other': 0}  rss= 2156.6MB  (1954s)
step    90000/400000  eps=0.617  episodes=   96  mean_return=470.000  mean_loss=21.49571  mean_foundation=  4.0/52  lifetime_outcomes={'won': 17, 'stalled': 2, 'truncated': 77, 'other': 0}  rss= 2160.6MB  (1963s)
  EVAL  step    90000  win_rate=0.00%  mean_return=330.900  mean_foundation=  2.8/52  mean_length=1000.0  (greedy, 100 fixed deals)
step    91000/400000  eps=0.613  episodes=   97  mean_return=7044.300  mean_loss=21.81424  mean_foundation= 52.0/52  lifetime_outcomes={'won': 18, 'stalled': 2, 'truncated': 77, 'other': 0}  rss= 2164.6MB  (2132s)
step    92000/400000  eps=0.609  episodes=   99  mean_return=4237.790  mean_loss=21.08536  mean_foundation= 34.0/52  lifetime_outcomes={'won': 19, 'stalled': 2, 'truncated': 78, 'other': 0}  rss= 2168.6MB  (2141s)
step    93000/400000  eps=0.605  episodes=  101  mean_return=4093.215  mean_loss=21.00511  mean_foundation= 31.5/52  lifetime_outcomes={'won': 20, 'stalled': 2, 'truncated': 79, 'other': 0}  rss= 2172.7MB  (2150s)
step    94000/400000  eps=0.601  episodes=  102  mean_return=7043.810  mean_loss=20.15683  mean_foundation= 52.0/52  lifetime_outcomes={'won': 21, 'stalled': 2, 'truncated': 79, 'other': 0}  rss= 2176.7MB  (2159s)
step    95000/400000  eps=0.596  episodes=  103  mean_return=370.000  mean_loss=21.08548  mean_foundation=  2.0/52  lifetime_outcomes={'won': 21, 'stalled': 2, 'truncated': 80, 'other': 0}  rss= 2180.8MB  (2168s)
step    96000/400000  eps=0.592  episodes=  104  mean_return=7043.770  mean_loss=22.33414  mean_foundation= 52.0/52  lifetime_outcomes={'won': 22, 'stalled': 2, 'truncated': 80, 'other': 0}  rss= 2184.8MB  (2177s)
step    97000/400000  eps=0.588  episodes=  105  mean_return=490.000  mean_loss=20.76156  mean_foundation= 10.0/52  lifetime_outcomes={'won': 22, 'stalled': 2, 'truncated': 81, 'other': 0}  rss= 2188.8MB  (2185s)
step    98000/400000  eps=0.584  episodes=  106  mean_return=1430.000  mean_loss=20.54008  mean_foundation= 16.0/52  lifetime_outcomes={'won': 22, 'stalled': 2, 'truncated': 82, 'other': 0}  rss= 2192.8MB  (2194s)
step    99000/400000  eps=0.579  episodes=  107  mean_return=1110.000  mean_loss=20.04188  mean_foundation= 17.0/52  lifetime_outcomes={'won': 22, 'stalled': 2, 'truncated': 83, 'other': 0}  rss= 2196.9MB  (2203s)
step   100000/400000  eps=0.575  episodes=  108  mean_return=450.000  mean_loss=20.38664  mean_foundation=  2.0/52  lifetime_outcomes={'won': 22, 'stalled': 2, 'truncated': 84, 'other': 0}  rss= 2200.9MB  (2212s)
  EVAL  step   100000  win_rate=0.00%  mean_return=298.900  mean_foundation=  1.8/52  mean_length=1000.0  (greedy, 100 fixed deals)
step   101000/400000  eps=0.571  episodes=  109  mean_return=220.000  mean_loss=19.45372  mean_foundation=  2.0/52  lifetime_outcomes={'won': 22, 'stalled': 2, 'truncated': 85, 'other': 0}  rss= 2204.9MB  (2381s)
step   102000/400000  eps=0.567  episodes=  111  mean_return=3811.815  mean_loss=19.80349  mean_foundation= 28.5/52  lifetime_outcomes={'won': 23, 'stalled': 2, 'truncated': 86, 'other': 0}  rss= 2208.9MB  (2390s)
step   103000/400000  eps=0.562  episodes=  112  mean_return=1110.000  mean_loss=18.47184  mean_foundation=  9.0/52  lifetime_outcomes={'won': 23, 'stalled': 2, 'truncated': 87, 'other': 0}  rss= 2213.0MB  (2398s)
step   104000/400000  eps=0.558  episodes=  113  mean_return=7041.990  mean_loss=19.74692  mean_foundation= 52.0/52  lifetime_outcomes={'won': 24, 'stalled': 2, 'truncated': 87, 'other': 0}  rss= 2215.0MB  (2408s)
step   105000/400000  eps=0.554  episodes=  114  mean_return=7041.620  mean_loss=19.09552  mean_foundation= 52.0/52  lifetime_outcomes={'won': 25, 'stalled': 2, 'truncated': 87, 'other': 0}  rss= 2221.0MB  (2417s)
step   106000/400000  eps=0.549  episodes=  115  mean_return=1400.000  mean_loss=18.51622  mean_foundation= 23.0/52  lifetime_outcomes={'won': 25, 'stalled': 2, 'truncated': 88, 'other': 0}  rss= 2225.0MB  (2426s)
step   107000/400000  eps=0.545  episodes=  116  mean_return=780.000  mean_loss=18.49063  mean_foundation=  3.0/52  lifetime_outcomes={'won': 25, 'stalled': 2, 'truncated': 89, 'other': 0}  rss= 2227.1MB  (2435s)
step   108000/400000  eps=0.541  episodes=  117  mean_return=840.000  mean_loss=17.95377  mean_foundation= 10.0/52  lifetime_outcomes={'won': 25, 'stalled': 2, 'truncated': 90, 'other': 0}  rss= 2233.1MB  (2444s)
step   109000/400000  eps=0.537  episodes=  118  mean_return=1020.000  mean_loss=17.68522  mean_foundation=  8.0/52  lifetime_outcomes={'won': 25, 'stalled': 2, 'truncated': 91, 'other': 0}  rss= 2237.1MB  (2453s)
step   110000/400000  eps=0.532  episodes=  119  mean_return=7043.350  mean_loss=17.22756  mean_foundation= 52.0/52  lifetime_outcomes={'won': 26, 'stalled': 2, 'truncated': 91, 'other': 0}  rss= 2239.1MB  (2460s)
  EVAL  step   110000  win_rate=0.00%  mean_return=332.000  mean_foundation=  2.4/52  mean_length=1000.0  (greedy, 100 fixed deals)
step   111000/400000  eps=0.528  episodes=  121  mean_return=3962.360  mean_loss=17.33150  mean_foundation= 34.0/52  lifetime_outcomes={'won': 27, 'stalled': 2, 'truncated': 92, 'other': 0}  rss= 2243.2MB  (2582s)
step   112000/400000  eps=0.524  episodes=  122  mean_return=490.000  mean_loss=17.78320  mean_foundation= 10.0/52  lifetime_outcomes={'won': 27, 'stalled': 2, 'truncated': 93, 'other': 0}  rss= 2249.2MB  (2586s)
step   113000/400000  eps=0.520  episodes=  123  mean_return=570.000  mean_loss=17.36336  mean_foundation= 10.0/52  lifetime_outcomes={'won': 27, 'stalled': 2, 'truncated': 94, 'other': 0}  rss= 2253.2MB  (2589s)
step   114000/400000  eps=0.516  episodes=  125  mean_return=7044.245  mean_loss=16.33132  mean_foundation= 52.0/52  lifetime_outcomes={'won': 29, 'stalled': 2, 'truncated': 94, 'other': 0}  rss= 2255.3MB  (2593s)
step   115000/400000  eps=0.511  episodes=  126  mean_return=680.000  mean_loss=17.38760  mean_foundation= 10.0/52  lifetime_outcomes={'won': 29, 'stalled': 2, 'truncated': 95, 'other': 0}  rss= 2261.3MB  (2596s)
step   116000/400000  eps=0.507  episodes=  127  mean_return=1080.000  mean_loss=16.21166  mean_foundation=  4.0/52  lifetime_outcomes={'won': 29, 'stalled': 2, 'truncated': 96, 'other': 0}  rss= 2265.3MB  (2599s)
step   117000/400000  eps=0.503  episodes=  128  mean_return=1430.000  mean_loss=16.03607  mean_foundation= 18.0/52  lifetime_outcomes={'won': 29, 'stalled': 2, 'truncated': 97, 'other': 0}  rss= 2267.3MB  (2603s)
step   118000/400000  eps=0.499  episodes=  129  mean_return=7042.080  mean_loss=16.24055  mean_foundation= 52.0/52  lifetime_outcomes={'won': 30, 'stalled': 2, 'truncated': 97, 'other': 0}  rss= 2269.5MB  (2607s)
step   119000/400000  eps=0.494  episodes=  130  mean_return=1310.000  mean_loss=16.72053  mean_foundation= 14.0/52  lifetime_outcomes={'won': 30, 'stalled': 2, 'truncated': 98, 'other': 0}  rss= 2274.4MB  (2612s)
step   120000/400000  eps=0.490  episodes=  131  mean_return=1010.000  mean_loss=16.58810  mean_foundation= 12.0/52  lifetime_outcomes={'won': 30, 'stalled': 2, 'truncated': 99, 'other': 0}  rss= 2275.9MB  (2617s)
  EVAL  step   120000  win_rate=0.00%  mean_return=356.200  mean_foundation=  2.8/52  mean_length=1000.0  (greedy, 100 fixed deals)
step   121000/400000  eps=0.486  episodes=  132  mean_return=7042.950  mean_loss=16.25968  mean_foundation= 52.0/52  lifetime_outcomes={'won': 31, 'stalled': 2, 'truncated': 99, 'other': 0}  rss= 2279.0MB  (2711s)
step   122000/400000  eps=0.482  episodes=  133  mean_return=1040.000  mean_loss=16.25350  mean_foundation=  9.0/52  lifetime_outcomes={'won': 31, 'stalled': 2, 'truncated': 100, 'other': 0}  rss= 2279.0MB  (2715s)
step   123000/400000  eps=0.477  episodes=  134  mean_return=1290.000  mean_loss=15.97236  mean_foundation=  3.0/52  lifetime_outcomes={'won': 31, 'stalled': 2, 'truncated': 101, 'other': 0}  rss= 2279.0MB  (2718s)
step   124000/400000  eps=0.473  episodes=  135  mean_return=1040.000  mean_loss=16.08445  mean_foundation=  4.0/52  lifetime_outcomes={'won': 31, 'stalled': 2, 'truncated': 102, 'other': 0}  rss= 2279.0MB  (2722s)
step   125000/400000  eps=0.469  episodes=  136  mean_return=680.000  mean_loss=15.29597  mean_foundation= 10.0/52  lifetime_outcomes={'won': 31, 'stalled': 2, 'truncated': 103, 'other': 0}  rss= 2279.0MB  (2726s)
step   126000/400000  eps=0.465  episodes=  137  mean_return=7042.170  mean_loss=15.32141  mean_foundation= 52.0/52  lifetime_outcomes={'won': 32, 'stalled': 2, 'truncated': 103, 'other': 0}  rss= 2279.0MB  (2729s)
step   127000/400000  eps=0.460  episodes=  138  mean_return=860.000  mean_loss=14.98407  mean_foundation=  3.0/52  lifetime_outcomes={'won': 32, 'stalled': 2, 'truncated': 104, 'other': 0}  rss= 2279.0MB  (2733s)
step   128000/400000  eps=0.456  episodes=  139  mean_return=610.000  mean_loss=16.21567  mean_foundation=  5.0/52  lifetime_outcomes={'won': 32, 'stalled': 2, 'truncated': 105, 'other': 0}  rss= 2279.0MB  (2736s)
step   129000/400000  eps=0.452  episodes=  140  mean_return=620.000  mean_loss=15.15737  mean_foundation=  7.0/52  lifetime_outcomes={'won': 32, 'stalled': 2, 'truncated': 106, 'other': 0}  rss= 2279.0MB  (2740s)
step   130000/400000  eps=0.448  episodes=  141  mean_return=860.000  mean_loss=15.49324  mean_foundation=  8.0/52  lifetime_outcomes={'won': 32, 'stalled': 2, 'truncated': 107, 'other': 0}  rss= 2279.0MB  (2743s)
  EVAL  step   130000  win_rate=0.00%  mean_return=334.300  mean_foundation=  2.5/52  mean_length=1000.0  (greedy, 100 fixed deals)
step   131000/400000  eps=0.443  episodes=  142  mean_return=1730.000  mean_loss=15.00321  mean_foundation= 36.0/52  lifetime_outcomes={'won': 32, 'stalled': 2, 'truncated': 108, 'other': 0}  rss= 2279.0MB  (2840s)
step   132000/400000  eps=0.439  episodes=  143  mean_return=810.000  mean_loss=15.18023  mean_foundation=  3.0/52  lifetime_outcomes={'won': 32, 'stalled': 2, 'truncated': 109, 'other': 0}  rss= 2279.0MB  (2843s)
step   133000/400000  eps=0.435  episodes=  144  mean_return=720.000  mean_loss=15.27408  mean_foundation=  8.0/52  lifetime_outcomes={'won': 32, 'stalled': 2, 'truncated': 110, 'other': 0}  rss= 2279.0MB  (2847s)
step   134000/400000  eps=0.430  episodes=  145  mean_return=1470.000  mean_loss=14.81382  mean_foundation= 29.0/52  lifetime_outcomes={'won': 32, 'stalled': 2, 'truncated': 111, 'other': 0}  rss= 2279.0MB  (2850s)
step   135000/400000  eps=0.426  episodes=  147  mean_return=4131.220  mean_loss=15.54614  mean_foundation= 37.5/52  lifetime_outcomes={'won': 33, 'stalled': 2, 'truncated': 112, 'other': 0}  rss= 2279.0MB  (2854s)
step   136000/400000  eps=0.422  episodes=  148  mean_return=370.000  mean_loss=14.82340  mean_foundation= 10.0/52  lifetime_outcomes={'won': 33, 'stalled': 2, 'truncated': 113, 'other': 0}  rss= 2279.0MB  (2857s)
step   137000/400000  eps=0.418  episodes=  149  mean_return=7045.250  mean_loss=14.66471  mean_foundation= 52.0/52  lifetime_outcomes={'won': 34, 'stalled': 2, 'truncated': 113, 'other': 0}  rss= 2279.0MB  (2861s)
step   138000/400000  eps=0.414  episodes=  150  mean_return=270.000  mean_loss=14.52150  mean_foundation=  8.0/52  lifetime_outcomes={'won': 34, 'stalled': 2, 'truncated': 114, 'other': 0}  rss= 2279.0MB  (2864s)
step   139000/400000  eps=0.409  episodes=  151  mean_return=1590.000  mean_loss=14.44395  mean_foundation= 17.0/52  lifetime_outcomes={'won': 34, 'stalled': 2, 'truncated': 115, 'other': 0}  rss= 2279.0MB  (2868s)
step   140000/400000  eps=0.405  episodes=  152  mean_return=7041.550  mean_loss=15.34567  mean_foundation= 52.0/52  lifetime_outcomes={'won': 35, 'stalled': 2, 'truncated': 115, 'other': 0}  rss= 2279.0MB  (2871s)
  EVAL  step   140000  win_rate=0.00%  mean_return=320.100  mean_foundation=  2.4/52  mean_length=1000.0  (greedy, 100 fixed deals)
step   141000/400000  eps=0.401  episodes=  153  mean_return=820.000  mean_loss=14.06852  mean_foundation= 15.0/52  lifetime_outcomes={'won': 35, 'stalled': 2, 'truncated': 116, 'other': 0}  rss= 2279.0MB  (2962s)
step   142000/400000  eps=0.397  episodes=  154  mean_return=7041.180  mean_loss=14.78403  mean_foundation= 52.0/52  lifetime_outcomes={'won': 36, 'stalled': 2, 'truncated': 116, 'other': 0}  rss= 2279.0MB  (2966s)
step   143000/400000  eps=0.392  episodes=  155  mean_return=610.000  mean_loss=14.43367  mean_foundation= 13.0/52  lifetime_outcomes={'won': 36, 'stalled': 2, 'truncated': 117, 'other': 0}  rss= 2279.0MB  (2969s)
step   144000/400000  eps=0.388  episodes=  156  mean_return=670.000  mean_loss=13.38430  mean_foundation=  0.0/52  lifetime_outcomes={'won': 36, 'stalled': 2, 'truncated': 118, 'other': 0}  rss= 2279.0MB  (2973s)
step   145000/400000  eps=0.384  episodes=  157  mean_return=470.000  mean_loss=14.20351  mean_foundation=  2.0/52  lifetime_outcomes={'won': 36, 'stalled': 2, 'truncated': 119, 'other': 0}  rss= 2279.0MB  (2977s)
step   146000/400000  eps=0.380  episodes=  159  mean_return=4167.685  mean_loss=14.52027  mean_foundation= 29.5/52  lifetime_outcomes={'won': 37, 'stalled': 2, 'truncated': 120, 'other': 0}  rss= 2279.0MB  (2980s)
step   147000/400000  eps=0.375  episodes=  160  mean_return=1310.000  mean_loss=14.11648  mean_foundation= 14.0/52  lifetime_outcomes={'won': 37, 'stalled': 2, 'truncated': 121, 'other': 0}  rss= 2279.0MB  (2984s)
step   148000/400000  eps=0.371  episodes=  161  mean_return=1470.000  mean_loss=13.90376  mean_foundation= 14.0/52  lifetime_outcomes={'won': 37, 'stalled': 2, 'truncated': 122, 'other': 0}  rss= 2279.0MB  (2987s)
step   149000/400000  eps=0.367  episodes=  163  mean_return=4117.895  mean_loss=13.74899  mean_foundation= 36.0/52  lifetime_outcomes={'won': 38, 'stalled': 2, 'truncated': 123, 'other': 0}  rss= 2279.0MB  (2991s)
step   150000/400000  eps=0.363  episodes=  164  mean_return=1470.000  mean_loss=13.61101  mean_foundation= 23.0/52  lifetime_outcomes={'won': 38, 'stalled': 2, 'truncated': 124, 'other': 0}  rss= 2279.0MB  (2994s)
  EVAL  step   150000  win_rate=0.00%  mean_return=355.900  mean_foundation=  3.3/52  mean_length=1000.0  (greedy, 100 fixed deals)
step   151000/400000  eps=0.358  episodes=  165  mean_return=7042.960  mean_loss=14.06442  mean_foundation= 52.0/52  lifetime_outcomes={'won': 39, 'stalled': 2, 'truncated': 124, 'other': 0}  rss= 2279.0MB  (3134s)
step   152000/400000  eps=0.354  episodes=  166  mean_return=810.000  mean_loss=13.61462  mean_foundation= 10.0/52  lifetime_outcomes={'won': 39, 'stalled': 2, 'truncated': 125, 'other': 0}  rss= 2279.0MB  (3144s)
step   153000/400000  eps=0.350  episodes=  167  mean_return=7041.650  mean_loss=13.64902  mean_foundation= 52.0/52  lifetime_outcomes={'won': 40, 'stalled': 2, 'truncated': 125, 'other': 0}  rss= 2279.0MB  (3153s)
step   154000/400000  eps=0.346  episodes=  168  mean_return=1450.000  mean_loss=14.20044  mean_foundation= 12.0/52  lifetime_outcomes={'won': 40, 'stalled': 2, 'truncated': 126, 'other': 0}  rss= 2279.0MB  (3163s)
step   155000/400000  eps=0.341  episodes=  169  mean_return=7043.810  mean_loss=13.37626  mean_foundation= 52.0/52  lifetime_outcomes={'won': 41, 'stalled': 2, 'truncated': 126, 'other': 0}  rss= 2279.0MB  (3172s)
step   156000/400000  eps=0.337  episodes=  171  mean_return=4217.855  mean_loss=13.38487  mean_foundation= 41.0/52  lifetime_outcomes={'won': 42, 'stalled': 2, 'truncated': 127, 'other': 0}  rss= 2279.0MB  (3181s)
step   157000/400000  eps=0.333  episodes=  172  mean_return=1420.000  mean_loss=12.85117  mean_foundation= 15.0/52  lifetime_outcomes={'won': 42, 'stalled': 2, 'truncated': 128, 'other': 0}  rss= 2279.0MB  (3191s)
step   158000/400000  eps=0.329  episodes=  173  mean_return=7044.030  mean_loss=13.11077  mean_foundation= 52.0/52  lifetime_outcomes={'won': 43, 'stalled': 2, 'truncated': 128, 'other': 0}  rss= 2279.0MB  (3200s)
step   159000/400000  eps=0.324  episodes=  174  mean_return=1340.000  mean_loss=13.31530  mean_foundation=  5.0/52  lifetime_outcomes={'won': 43, 'stalled': 2, 'truncated': 129, 'other': 0}  rss= 2279.0MB  (3210s)
step   160000/400000  eps=0.320  episodes=  175  mean_return=1130.000  mean_loss=12.52096  mean_foundation= 11.0/52  lifetime_outcomes={'won': 43, 'stalled': 2, 'truncated': 130, 'other': 0}  rss= 2279.0MB  (3218s)
  EVAL  step   160000  win_rate=0.00%  mean_return=349.500  mean_foundation=  2.7/52  mean_length=1000.0  (greedy, 100 fixed deals)
step   161000/400000  eps=0.316  episodes=  177  mean_return=4162.805  mean_loss=13.22090  mean_foundation= 31.5/52  lifetime_outcomes={'won': 44, 'stalled': 2, 'truncated': 131, 'other': 0}  rss= 2279.0MB  (3384s)
step   162000/400000  eps=0.311  episodes=  178  mean_return=590.000  mean_loss=12.82000  mean_foundation=  5.0/52  lifetime_outcomes={'won': 44, 'stalled': 2, 'truncated': 132, 'other': 0}  rss= 2279.0MB  (3391s)
step   163000/400000  eps=0.307  episodes=  179  mean_return=570.000  mean_loss=12.44572  mean_foundation=  4.0/52  lifetime_outcomes={'won': 44, 'stalled': 2, 'truncated': 133, 'other': 0}  rss= 2279.0MB  (3401s)
step   164000/400000  eps=0.303  episodes=  180  mean_return=1380.000  mean_loss=12.77929  mean_foundation= 10.0/52  lifetime_outcomes={'won': 44, 'stalled': 2, 'truncated': 134, 'other': 0}  rss= 2279.0MB  (3411s)
step   165000/400000  eps=0.299  episodes=  181  mean_return=7044.670  mean_loss=12.51151  mean_foundation= 52.0/52  lifetime_outcomes={'won': 45, 'stalled': 2, 'truncated': 134, 'other': 0}  rss= 2279.0MB  (3420s)
step   166000/400000  eps=0.295  episodes=  182  mean_return=1520.000  mean_loss=12.76763  mean_foundation= 17.0/52  lifetime_outcomes={'won': 45, 'stalled': 2, 'truncated': 135, 'other': 0}  rss= 2279.0MB  (3429s)
step   167000/400000  eps=0.290  episodes=  184  mean_return=3668.505  mean_loss=12.87302  mean_foundation= 26.0/52  lifetime_outcomes={'won': 46, 'stalled': 2, 'truncated': 136, 'other': 0}  rss= 2279.0MB  (3439s)
step   168000/400000  eps=0.286  episodes=  185  mean_return=1180.000  mean_loss=13.06056  mean_foundation= 11.0/52  lifetime_outcomes={'won': 46, 'stalled': 2, 'truncated': 137, 'other': 0}  rss= 2279.0MB  (3448s)
step   169000/400000  eps=0.282  episodes=  186  mean_return=960.000  mean_loss=12.47635  mean_foundation=  3.0/52  lifetime_outcomes={'won': 46, 'stalled': 2, 'truncated': 138, 'other': 0}  rss= 2279.0MB  (3456s)
step   170000/400000  eps=0.278  episodes=  187  mean_return=1400.000  mean_loss=11.81338  mean_foundation= 13.0/52  lifetime_outcomes={'won': 46, 'stalled': 2, 'truncated': 139, 'other': 0}  rss= 2279.0MB  (3465s)
  EVAL  step   170000  win_rate=0.00%  mean_return=369.000  mean_foundation=  3.0/52  mean_length=1000.0  (greedy, 100 fixed deals)
step   171000/400000  eps=0.273  episodes=  188  mean_return=1220.000  mean_loss=11.80077  mean_foundation= 15.0/52  lifetime_outcomes={'won': 46, 'stalled': 2, 'truncated': 140, 'other': 0}  rss= 2279.0MB  (3634s)
step   172000/400000  eps=0.269  episodes=  189  mean_return=1240.000  mean_loss=11.40681  mean_foundation= 16.0/52  lifetime_outcomes={'won': 46, 'stalled': 2, 'truncated': 141, 'other': 0}  rss= 2279.0MB  (3643s)
step   173000/400000  eps=0.265  episodes=  190  mean_return=810.000  mean_loss=11.54801  mean_foundation= 15.0/52  lifetime_outcomes={'won': 46, 'stalled': 2, 'truncated': 142, 'other': 0}  rss= 2279.0MB  (3653s)
step   174000/400000  eps=0.261  episodes=  191  mean_return=900.000  mean_loss=11.49170  mean_foundation=  9.0/52  lifetime_outcomes={'won': 46, 'stalled': 2, 'truncated': 143, 'other': 0}  rss= 2279.0MB  (3663s)
step   175000/400000  eps=0.256  episodes=  192  mean_return=860.000  mean_loss=11.32189  mean_foundation= 13.0/52  lifetime_outcomes={'won': 46, 'stalled': 2, 'truncated': 144, 'other': 0}  rss= 2279.0MB  (3673s)
step   176000/400000  eps=0.252  episodes=  193  mean_return=1050.000  mean_loss=11.36657  mean_foundation= 13.0/52  lifetime_outcomes={'won': 46, 'stalled': 2, 'truncated': 145, 'other': 0}  rss= 2279.0MB  (3683s)
step   177000/400000  eps=0.248  episodes=  195  mean_return=3946.870  mean_loss=10.87992  mean_foundation= 31.0/52  lifetime_outcomes={'won': 47, 'stalled': 2, 'truncated': 146, 'other': 0}  rss= 2279.0MB  (3692s)
step   178000/400000  eps=0.244  episodes=  196  mean_return=570.000  mean_loss=10.94020  mean_foundation=  7.0/52  lifetime_outcomes={'won': 47, 'stalled': 2, 'truncated': 147, 'other': 0}  rss= 2279.0MB  (3702s)
step   179000/400000  eps=0.239  episodes=  197  mean_return=980.000  mean_loss=10.70014  mean_foundation= 12.0/52  lifetime_outcomes={'won': 47, 'stalled': 2, 'truncated': 148, 'other': 0}  rss= 2279.0MB  (3711s)
step   180000/400000  eps=0.235  episodes=  198  mean_return=920.000  mean_loss=10.85922  mean_foundation=  6.0/52  lifetime_outcomes={'won': 47, 'stalled': 2, 'truncated': 149, 'other': 0}  rss= 2279.0MB  (3720s)
  EVAL  step   180000  win_rate=0.00%  mean_return=334.700  mean_foundation=  2.5/52  mean_length=1000.0  (greedy, 100 fixed deals)
step   181000/400000  eps=0.231  episodes=  199  mean_return=1060.000  mean_loss=10.40366  mean_foundation= 12.0/52  lifetime_outcomes={'won': 47, 'stalled': 2, 'truncated': 150, 'other': 0}  rss= 2279.0MB  (3884s)
step   182000/400000  eps=0.227  episodes=  200  mean_return=7045.330  mean_loss=10.97518  mean_foundation= 52.0/52  lifetime_outcomes={'won': 48, 'stalled': 2, 'truncated': 150, 'other': 0}  rss= 2279.0MB  (3894s)
step   183000/400000  eps=0.222  episodes=  202  mean_return=7044.895  mean_loss=10.82306  mean_foundation= 52.0/52  lifetime_outcomes={'won': 50, 'stalled': 2, 'truncated': 150, 'other': 0}  rss= 2279.0MB  (3903s)
step   184000/400000  eps=0.218  episodes=  203  mean_return=780.000  mean_loss=10.65772  mean_foundation=  6.0/52  lifetime_outcomes={'won': 50, 'stalled': 2, 'truncated': 151, 'other': 0}  rss= 2279.0MB  (3912s)
step   185000/400000  eps=0.214  episodes=  204  mean_return=1550.000  mean_loss=10.16078  mean_foundation= 22.0/52  lifetime_outcomes={'won': 50, 'stalled': 2, 'truncated': 152, 'other': 0}  rss= 2279.0MB  (3922s)
step   186000/400000  eps=0.210  episodes=  205  mean_return=940.000  mean_loss=10.40509  mean_foundation= 11.0/52  lifetime_outcomes={'won': 50, 'stalled': 2, 'truncated': 153, 'other': 0}  rss= 2279.0MB  (3926s)
step   187000/400000  eps=0.205  episodes=  207  mean_return=4198.180  mean_loss=10.61398  mean_foundation= 31.0/52  lifetime_outcomes={'won': 51, 'stalled': 2, 'truncated': 154, 'other': 0}  rss= 2279.0MB  (3930s)
step   188000/400000  eps=0.201  episodes=  208  mean_return=1110.000  mean_loss=10.33123  mean_foundation= 10.0/52  lifetime_outcomes={'won': 51, 'stalled': 2, 'truncated': 155, 'other': 0}  rss= 2279.0MB  (3934s)
step   189000/400000  eps=0.197  episodes=  209  mean_return=740.000  mean_loss=10.62054  mean_foundation= 11.0/52  lifetime_outcomes={'won': 51, 'stalled': 2, 'truncated': 156, 'other': 0}  rss= 2279.0MB  (3938s)
step   190000/400000  eps=0.193  episodes=  210  mean_return=990.000  mean_loss=10.11286  mean_foundation=  8.0/52  lifetime_outcomes={'won': 51, 'stalled': 2, 'truncated': 157, 'other': 0}  rss= 2279.0MB  (3942s)
  EVAL  step   190000  win_rate=0.00%  mean_return=341.500  mean_foundation=  2.6/52  mean_length=1000.0  (greedy, 100 fixed deals)
step   191000/400000  eps=0.188  episodes=  211  mean_return=7041.550  mean_loss=10.15919  mean_foundation= 52.0/52  lifetime_outcomes={'won': 52, 'stalled': 2, 'truncated': 157, 'other': 0}  rss= 2279.0MB  (4035s)
step   192000/400000  eps=0.184  episodes=  212  mean_return=470.000  mean_loss=10.05500  mean_foundation=  5.0/52  lifetime_outcomes={'won': 52, 'stalled': 2, 'truncated': 158, 'other': 0}  rss= 2279.0MB  (4039s)
step   193000/400000  eps=0.180  episodes=  213  mean_return=7042.830  mean_loss= 9.84562  mean_foundation= 52.0/52  lifetime_outcomes={'won': 53, 'stalled': 2, 'truncated': 158, 'other': 0}  rss= 2279.0MB  (4043s)
step   194000/400000  eps=0.175  episodes=  214  mean_return=210.000  mean_loss= 9.65813  mean_foundation=  3.0/52  lifetime_outcomes={'won': 53, 'stalled': 2, 'truncated': 159, 'other': 0}  rss= 2279.0MB  (4047s)
step   195000/400000  eps=0.171  episodes=  215  mean_return=1390.000  mean_loss= 9.96982  mean_foundation= 17.0/52  lifetime_outcomes={'won': 53, 'stalled': 2, 'truncated': 160, 'other': 0}  rss= 2279.0MB  (4050s)
step   196000/400000  eps=0.167  episodes=  216  mean_return=1190.000  mean_loss= 9.32402  mean_foundation= 23.0/52  lifetime_outcomes={'won': 53, 'stalled': 2, 'truncated': 161, 'other': 0}  rss= 2279.0MB  (4054s)
step   197000/400000  eps=0.163  episodes=  217  mean_return=1650.000  mean_loss= 9.51197  mean_foundation= 28.0/52  lifetime_outcomes={'won': 53, 'stalled': 2, 'truncated': 162, 'other': 0}  rss= 2279.0MB  (4057s)
step   198000/400000  eps=0.158  episodes=  218  mean_return=7041.710  mean_loss= 9.46291  mean_foundation= 52.0/52  lifetime_outcomes={'won': 54, 'stalled': 2, 'truncated': 162, 'other': 0}  rss= 2279.0MB  (4062s)
step   199000/400000  eps=0.154  episodes=  219  mean_return=1240.000  mean_loss= 9.19365  mean_foundation= 15.0/52  lifetime_outcomes={'won': 54, 'stalled': 2, 'truncated': 163, 'other': 0}  rss= 2279.0MB  (4066s)
step   200000/400000  eps=0.150  episodes=  220  mean_return=1100.000  mean_loss= 9.14888  mean_foundation= 18.0/52  lifetime_outcomes={'won': 54, 'stalled': 2, 'truncated': 164, 'other': 0}  rss= 2279.0MB  (4070s)
  EVAL  step   200000  win_rate=0.00%  mean_return=347.200  mean_foundation=  2.9/52  mean_length=1000.0  (greedy, 100 fixed deals)
step   201000/400000  eps=0.150  episodes=  221  mean_return=7040.250  mean_loss= 9.15596  mean_foundation= 52.0/52  lifetime_outcomes={'won': 55, 'stalled': 2, 'truncated': 164, 'other': 0}  rss= 2279.0MB  (4163s)
step   202000/400000  eps=0.150  episodes=  222  mean_return=270.000  mean_loss= 9.18633  mean_foundation=  9.0/52  lifetime_outcomes={'won': 55, 'stalled': 2, 'truncated': 165, 'other': 0}  rss= 2279.0MB  (4167s)
step   203000/400000  eps=0.150  episodes=  224  mean_return=4026.050  mean_loss= 9.00176  mean_foundation= 32.5/52  lifetime_outcomes={'won': 56, 'stalled': 2, 'truncated': 166, 'other': 0}  rss= 2279.0MB  (4171s)
step   204000/400000  eps=0.150  episodes=  225  mean_return=1780.000  mean_loss= 8.91611  mean_foundation= 36.0/52  lifetime_outcomes={'won': 56, 'stalled': 2, 'truncated': 167, 'other': 0}  rss= 2279.0MB  (4175s)
step   205000/400000  eps=0.150  episodes=  226  mean_return=7042.220  mean_loss= 8.85017  mean_foundation= 52.0/52  lifetime_outcomes={'won': 57, 'stalled': 2, 'truncated': 167, 'other': 0}  rss= 2279.0MB  (4179s)
step   206000/400000  eps=0.150  episodes=  227  mean_return=1330.000  mean_loss= 9.09606  mean_foundation= 21.0/52  lifetime_outcomes={'won': 57, 'stalled': 2, 'truncated': 168, 'other': 0}  rss= 2279.0MB  (4182s)
step   207000/400000  eps=0.150  episodes=  228  mean_return=1100.000  mean_loss= 9.08814  mean_foundation=  9.0/52  lifetime_outcomes={'won': 57, 'stalled': 2, 'truncated': 169, 'other': 0}  rss= 2279.0MB  (4186s)
step   208000/400000  eps=0.150  episodes=  229  mean_return=1010.000  mean_loss= 8.99216  mean_foundation= 13.0/52  lifetime_outcomes={'won': 57, 'stalled': 2, 'truncated': 170, 'other': 0}  rss= 2279.0MB  (4190s)
step   209000/400000  eps=0.150  episodes=  230  mean_return=670.000  mean_loss= 8.43699  mean_foundation=  5.0/52  lifetime_outcomes={'won': 57, 'stalled': 2, 'truncated': 171, 'other': 0}  rss= 2279.0MB  (4194s)
step   210000/400000  eps=0.150  episodes=  231  mean_return=1030.000  mean_loss= 8.18727  mean_foundation= 13.0/52  lifetime_outcomes={'won': 57, 'stalled': 2, 'truncated': 172, 'other': 0}  rss= 2279.0MB  (4198s)
  EVAL  step   210000  win_rate=0.00%  mean_return=345.500  mean_foundation=  2.6/52  mean_length=1000.0  (greedy, 100 fixed deals)
step   211000/400000  eps=0.150  episodes=  232  mean_return=800.000  mean_loss= 8.43802  mean_foundation=  4.0/52  lifetime_outcomes={'won': 57, 'stalled': 2, 'truncated': 173, 'other': 0}  rss= 2279.0MB  (4293s)
step   212000/400000  eps=0.150  episodes=  233  mean_return=790.000  mean_loss= 8.32655  mean_foundation=  9.0/52  lifetime_outcomes={'won': 57, 'stalled': 2, 'truncated': 174, 'other': 0}  rss= 2279.0MB  (4297s)
step   213000/400000  eps=0.150  episodes=  234  mean_return=1210.000  mean_loss= 8.06781  mean_foundation= 27.0/52  lifetime_outcomes={'won': 57, 'stalled': 2, 'truncated': 175, 'other': 0}  rss= 2279.0MB  (4300s)
step   214000/400000  eps=0.150  episodes=  235  mean_return=810.000  mean_loss= 7.63520  mean_foundation=  7.0/52  lifetime_outcomes={'won': 57, 'stalled': 2, 'truncated': 176, 'other': 0}  rss= 2279.0MB  (4304s)
step   215000/400000  eps=0.150  episodes=  236  mean_return=1310.000  mean_loss= 7.94961  mean_foundation=  8.0/52  lifetime_outcomes={'won': 57, 'stalled': 2, 'truncated': 177, 'other': 0}  rss= 2279.0MB  (4307s)
step   216000/400000  eps=0.150  episodes=  237  mean_return=1450.000  mean_loss= 7.58258  mean_foundation= 28.0/52  lifetime_outcomes={'won': 57, 'stalled': 2, 'truncated': 178, 'other': 0}  rss= 2279.0MB  (4311s)
step   217000/400000  eps=0.150  episodes=  238  mean_return=7041.750  mean_loss= 7.93762  mean_foundation= 52.0/52  lifetime_outcomes={'won': 58, 'stalled': 2, 'truncated': 178, 'other': 0}  rss= 2279.0MB  (4315s)
step   218000/400000  eps=0.150  episodes=  239  mean_return=910.000  mean_loss= 7.80260  mean_foundation= 12.0/52  lifetime_outcomes={'won': 58, 'stalled': 2, 'truncated': 179, 'other': 0}  rss= 2279.0MB  (4318s)
step   219000/400000  eps=0.150  episodes=  240  mean_return=7041.920  mean_loss= 7.73834  mean_foundation= 52.0/52  lifetime_outcomes={'won': 59, 'stalled': 2, 'truncated': 179, 'other': 0}  rss= 2279.0MB  (4322s)
step   220000/400000  eps=0.150  episodes=  241  mean_return=980.000  mean_loss= 7.78661  mean_foundation= 17.0/52  lifetime_outcomes={'won': 59, 'stalled': 2, 'truncated': 180, 'other': 0}  rss= 2279.0MB  (4325s)
  EVAL  step   220000  win_rate=0.00%  mean_return=340.300  mean_foundation=  2.6/52  mean_length=1000.0  (greedy, 100 fixed deals)
step   221000/400000  eps=0.150  episodes=  242  mean_return=1090.000  mean_loss= 7.36470  mean_foundation= 13.0/52  lifetime_outcomes={'won': 59, 'stalled': 2, 'truncated': 181, 'other': 0}  rss= 2279.0MB  (4416s)
step   222000/400000  eps=0.150  episodes=  243  mean_return=1780.000  mean_loss= 7.56561  mean_foundation= 37.0/52  lifetime_outcomes={'won': 59, 'stalled': 2, 'truncated': 182, 'other': 0}  rss= 2279.0MB  (4420s)
step   223000/400000  eps=0.150  episodes=  244  mean_return=7041.940  mean_loss= 7.15603  mean_foundation= 52.0/52  lifetime_outcomes={'won': 60, 'stalled': 2, 'truncated': 182, 'other': 0}  rss= 2279.0MB  (4424s)
step   224000/400000  eps=0.150  episodes=  245  mean_return=2040.000  mean_loss= 7.42826  mean_foundation= 50.0/52  lifetime_outcomes={'won': 60, 'stalled': 2, 'truncated': 183, 'other': 0}  rss= 2279.0MB  (4427s)
step   225000/400000  eps=0.150  episodes=  246  mean_return=1240.000  mean_loss= 7.09984  mean_foundation= 16.0/52  lifetime_outcomes={'won': 60, 'stalled': 2, 'truncated': 184, 'other': 0}  rss= 2279.0MB  (4431s)
step   226000/400000  eps=0.150  episodes=  247  mean_return=460.000  mean_loss= 7.14593  mean_foundation=  5.0/52  lifetime_outcomes={'won': 60, 'stalled': 2, 'truncated': 185, 'other': 0}  rss= 2279.0MB  (4435s)
step   227000/400000  eps=0.150  episodes=  249  mean_return=4478.365  mean_loss= 6.99077  mean_foundation= 50.5/52  lifetime_outcomes={'won': 61, 'stalled': 2, 'truncated': 186, 'other': 0}  rss= 2279.0MB  (4439s)
step   228000/400000  eps=0.150  episodes=  250  mean_return=1570.000  mean_loss= 6.99982  mean_foundation= 25.0/52  lifetime_outcomes={'won': 61, 'stalled': 2, 'truncated': 187, 'other': 0}  rss= 2279.0MB  (4442s)
step   229000/400000  eps=0.150  episodes=  251  mean_return=370.000  mean_loss= 7.02229  mean_foundation=  0.0/52  lifetime_outcomes={'won': 61, 'stalled': 2, 'truncated': 188, 'other': 0}  rss= 2279.0MB  (4446s)
step   230000/400000  eps=0.150  episodes=  252  mean_return=7041.010  mean_loss= 6.61253  mean_foundation= 52.0/52  lifetime_outcomes={'won': 62, 'stalled': 2, 'truncated': 188, 'other': 0}  rss= 2279.0MB  (4450s)
  EVAL  step   230000  win_rate=0.00%  mean_return=351.700  mean_foundation=  2.6/52  mean_length=1000.0  (greedy, 100 fixed deals)
step   231000/400000  eps=0.150  episodes=  253  mean_return=500.000  mean_loss= 6.61168  mean_foundation=  9.0/52  lifetime_outcomes={'won': 62, 'stalled': 2, 'truncated': 189, 'other': 0}  rss= 2279.0MB  (4545s)
step   232000/400000  eps=0.150  episodes=  254  mean_return=1470.000  mean_loss= 6.53758  mean_foundation= 26.0/52  lifetime_outcomes={'won': 62, 'stalled': 2, 'truncated': 190, 'other': 0}  rss= 2279.0MB  (4548s)
step   233000/400000  eps=0.150  episodes=  255  mean_return=1080.000  mean_loss= 6.79762  mean_foundation= 15.0/52  lifetime_outcomes={'won': 62, 'stalled': 2, 'truncated': 191, 'other': 0}  rss= 2279.0MB  (4552s)
step   234000/400000  eps=0.150  episodes=  256  mean_return=780.000  mean_loss= 6.57895  mean_foundation= 12.0/52  lifetime_outcomes={'won': 62, 'stalled': 2, 'truncated': 192, 'other': 0}  rss= 2279.0MB  (4556s)
step   235000/400000  eps=0.150  episodes=  257  mean_return=190.000  mean_loss= 6.34460  mean_foundation=  9.0/52  lifetime_outcomes={'won': 62, 'stalled': 2, 'truncated': 193, 'other': 0}  rss= 2279.0MB  (4559s)
step   236000/400000  eps=0.150  episodes=  259  mean_return=844.260  mean_loss= 6.72545  mean_foundation= 13.5/52  lifetime_outcomes={'won': 62, 'stalled': 3, 'truncated': 194, 'other': 0}  rss= 2279.0MB  (4563s)
step   237000/400000  eps=0.150  episodes=  260  mean_return=1530.000  mean_loss= 6.45597  mean_foundation= 16.0/52  lifetime_outcomes={'won': 62, 'stalled': 3, 'truncated': 195, 'other': 0}  rss= 2279.0MB  (4566s)
step   238000/400000  eps=0.150  episodes=  261  mean_return=7042.100  mean_loss= 6.29759  mean_foundation= 52.0/52  lifetime_outcomes={'won': 63, 'stalled': 3, 'truncated': 195, 'other': 0}  rss= 2279.0MB  (4570s)
step   239000/400000  eps=0.150  episodes=  263  mean_return=3717.560  mean_loss= 6.21128  mean_foundation= 29.0/52  lifetime_outcomes={'won': 64, 'stalled': 3, 'truncated': 196, 'other': 0}  rss= 2279.0MB  (4573s)
step   240000/400000  eps=0.150  episodes=  264  mean_return=1650.000  mean_loss= 6.19725  mean_foundation= 29.0/52  lifetime_outcomes={'won': 64, 'stalled': 3, 'truncated': 197, 'other': 0}  rss= 2279.0MB  (4577s)
  EVAL  step   240000  win_rate=0.00%  mean_return=370.200  mean_foundation=  3.0/52  mean_length=1000.0  (greedy, 100 fixed deals)
step   241000/400000  eps=0.150  episodes=  265  mean_return=1230.000  mean_loss= 5.93834  mean_foundation= 14.0/52  lifetime_outcomes={'won': 64, 'stalled': 3, 'truncated': 198, 'other': 0}  rss= 2279.0MB  (4673s)
step   242000/400000  eps=0.150  episodes=  266  mean_return=7041.860  mean_loss= 6.20491  mean_foundation= 52.0/52  lifetime_outcomes={'won': 65, 'stalled': 3, 'truncated': 198, 'other': 0}  rss= 2279.0MB  (4677s)
step   243000/400000  eps=0.150  episodes=  267  mean_return=7003.060  mean_loss= 6.04188  mean_foundation= 52.0/52  lifetime_outcomes={'won': 66, 'stalled': 3, 'truncated': 198, 'other': 0}  rss= 2279.0MB  (4680s)
step   244000/400000  eps=0.150  episodes=  268  mean_return=200.000  mean_loss= 6.07079  mean_foundation=  0.0/52  lifetime_outcomes={'won': 66, 'stalled': 3, 'truncated': 199, 'other': 0}  rss= 2279.0MB  (4684s)
step   245000/400000  eps=0.150  episodes=  270  mean_return=3587.660  mean_loss= 5.87052  mean_foundation= 28.0/52  lifetime_outcomes={'won': 67, 'stalled': 3, 'truncated': 200, 'other': 0}  rss= 2279.0MB  (4688s)
step   246000/400000  eps=0.150  episodes=  271  mean_return=477.310  mean_loss= 5.72807  mean_foundation=  4.0/52  lifetime_outcomes={'won': 67, 'stalled': 4, 'truncated': 200, 'other': 0}  rss= 2279.0MB  (4692s)
step   247000/400000  eps=0.150  episodes=  273  mean_return=7041.080  mean_loss= 6.15958  mean_foundation= 52.0/52  lifetime_outcomes={'won': 69, 'stalled': 4, 'truncated': 200, 'other': 0}  rss= 2279.0MB  (4696s)
step   248000/400000  eps=0.150  episodes=  274  mean_return=430.000  mean_loss= 5.88703  mean_foundation=  6.0/52  lifetime_outcomes={'won': 69, 'stalled': 4, 'truncated': 201, 'other': 0}  rss= 2279.0MB  (4699s)
step   249000/400000  eps=0.150  episodes=  275  mean_return=1020.000  mean_loss= 5.85318  mean_foundation= 12.0/52  lifetime_outcomes={'won': 69, 'stalled': 4, 'truncated': 202, 'other': 0}  rss= 2279.0MB  (4703s)
step   250000/400000  eps=0.150  episodes=  276  mean_return=870.000  mean_loss= 5.81226  mean_foundation=  8.0/52  lifetime_outcomes={'won': 69, 'stalled': 4, 'truncated': 203, 'other': 0}  rss= 2279.0MB  (4707s)
  EVAL  step   250000  win_rate=1.00%  mean_return=426.187  mean_foundation=  3.8/52  mean_length=991.3  (greedy, 100 fixed deals)
step   251000/400000  eps=0.150  episodes=  277  mean_return=1730.000  mean_loss= 5.83295  mean_foundation= 23.0/52  lifetime_outcomes={'won': 69, 'stalled': 4, 'truncated': 204, 'other': 0}  rss= 2279.0MB  (4801s)
step   252000/400000  eps=0.150  episodes=  278  mean_return=470.000  mean_loss= 5.43562  mean_foundation=  4.0/52  lifetime_outcomes={'won': 69, 'stalled': 4, 'truncated': 205, 'other': 0}  rss= 2279.0MB  (4805s)
step   253000/400000  eps=0.150  episodes=  279  mean_return=7041.300  mean_loss= 5.58771  mean_foundation= 52.0/52  lifetime_outcomes={'won': 70, 'stalled': 4, 'truncated': 205, 'other': 0}  rss= 2279.0MB  (4809s)
step   254000/400000  eps=0.150  episodes=  280  mean_return=600.000  mean_loss= 5.66181  mean_foundation=  6.0/52  lifetime_outcomes={'won': 70, 'stalled': 4, 'truncated': 206, 'other': 0}  rss= 2279.0MB  (4812s)
step   255000/400000  eps=0.150  episodes=  281  mean_return=1880.000  mean_loss= 5.71898  mean_foundation= 36.0/52  lifetime_outcomes={'won': 70, 'stalled': 4, 'truncated': 207, 'other': 0}  rss= 2279.0MB  (4816s)
step   256000/400000  eps=0.150  episodes=  282  mean_return=700.000  mean_loss= 5.49274  mean_foundation= 13.0/52  lifetime_outcomes={'won': 70, 'stalled': 4, 'truncated': 208, 'other': 0}  rss= 2279.0MB  (4819s)
step   257000/400000  eps=0.150  episodes=  283  mean_return=1670.000  mean_loss= 5.27898  mean_foundation= 19.0/52  lifetime_outcomes={'won': 70, 'stalled': 4, 'truncated': 209, 'other': 0}  rss= 2279.0MB  (4823s)
step   258000/400000  eps=0.150  episodes=  284  mean_return=1380.000  mean_loss= 5.41839  mean_foundation= 13.0/52  lifetime_outcomes={'won': 70, 'stalled': 4, 'truncated': 210, 'other': 0}  rss= 2279.0MB  (4827s)
step   259000/400000  eps=0.150  episodes=  285  mean_return=7040.470  mean_loss= 5.08065  mean_foundation= 52.0/52  lifetime_outcomes={'won': 71, 'stalled': 4, 'truncated': 210, 'other': 0}  rss= 2279.0MB  (4830s)
step   260000/400000  eps=0.150  episodes=  286  mean_return=320.000  mean_loss= 5.08109  mean_foundation=  2.0/52  lifetime_outcomes={'won': 71, 'stalled': 4, 'truncated': 211, 'other': 0}  rss= 2279.0MB  (4834s)
  EVAL  step   260000  win_rate=0.00%  mean_return=368.200  mean_foundation=  2.9/52  mean_length=1000.0  (greedy, 100 fixed deals)
step   261000/400000  eps=0.150  episodes=  287  mean_return=550.000  mean_loss= 5.11310  mean_foundation=  8.0/52  lifetime_outcomes={'won': 71, 'stalled': 4, 'truncated': 212, 'other': 0}  rss= 2279.0MB  (4932s)
step   262000/400000  eps=0.150  episodes=  288  mean_return=1460.000  mean_loss= 5.05272  mean_foundation= 23.0/52  lifetime_outcomes={'won': 71, 'stalled': 4, 'truncated': 213, 'other': 0}  rss= 2279.0MB  (4936s)
step   263000/400000  eps=0.150  episodes=  289  mean_return=1120.000  mean_loss= 4.95956  mean_foundation= 18.0/52  lifetime_outcomes={'won': 71, 'stalled': 4, 'truncated': 214, 'other': 0}  rss= 2279.0MB  (4939s)
step   264000/400000  eps=0.150  episodes=  290  mean_return=1230.000  mean_loss= 4.90554  mean_foundation= 11.0/52  lifetime_outcomes={'won': 71, 'stalled': 4, 'truncated': 215, 'other': 0}  rss= 2279.0MB  (4943s)
step   265000/400000  eps=0.150  episodes=  291  mean_return=670.000  mean_loss= 4.88271  mean_foundation=  7.0/52  lifetime_outcomes={'won': 71, 'stalled': 4, 'truncated': 216, 'other': 0}  rss= 2279.0MB  (4947s)
step   266000/400000  eps=0.150  episodes=  292  mean_return=800.000  mean_loss= 5.00388  mean_foundation=  9.0/52  lifetime_outcomes={'won': 71, 'stalled': 4, 'truncated': 217, 'other': 0}  rss= 2279.0MB  (4951s)
step   267000/400000  eps=0.150  episodes=  293  mean_return=7043.730  mean_loss= 4.72215  mean_foundation= 52.0/52  lifetime_outcomes={'won': 72, 'stalled': 4, 'truncated': 217, 'other': 0}  rss= 2279.0MB  (4955s)
step   268000/400000  eps=0.150  episodes=  294  mean_return=1440.000  mean_loss= 4.75578  mean_foundation= 13.0/52  lifetime_outcomes={'won': 72, 'stalled': 4, 'truncated': 218, 'other': 0}  rss= 2279.0MB  (4958s)
step   269000/400000  eps=0.150  episodes=  295  mean_return=450.000  mean_loss= 4.86967  mean_foundation=  1.0/52  lifetime_outcomes={'won': 72, 'stalled': 4, 'truncated': 219, 'other': 0}  rss= 2279.0MB  (4962s)
step   270000/400000  eps=0.150  episodes=  296  mean_return=1340.000  mean_loss= 4.63013  mean_foundation= 22.0/52  lifetime_outcomes={'won': 72, 'stalled': 4, 'truncated': 220, 'other': 0}  rss= 2279.0MB  (4966s)
  EVAL  step   270000  win_rate=0.00%  mean_return=327.900  mean_foundation=  2.5/52  mean_length=1000.0  (greedy, 100 fixed deals)
step   271000/400000  eps=0.150  episodes=  297  mean_return=7042.930  mean_loss= 4.63879  mean_foundation= 52.0/52  lifetime_outcomes={'won': 73, 'stalled': 4, 'truncated': 220, 'other': 0}  rss= 2279.0MB  (5062s)
step   272000/400000  eps=0.150  episodes=  299  mean_return=4292.300  mean_loss= 4.82571  mean_foundation= 39.5/52  lifetime_outcomes={'won': 74, 'stalled': 4, 'truncated': 221, 'other': 0}  rss= 2279.0MB  (5065s)
step   273000/400000  eps=0.150  episodes=  300  mean_return=500.000  mean_loss= 4.42087  mean_foundation=  4.0/52  lifetime_outcomes={'won': 74, 'stalled': 4, 'truncated': 222, 'other': 0}  rss= 2279.0MB  (5069s)
step   274000/400000  eps=0.150  episodes=  301  mean_return=500.000  mean_loss= 4.45966  mean_foundation= 11.0/52  lifetime_outcomes={'won': 74, 'stalled': 4, 'truncated': 223, 'other': 0}  rss= 2279.0MB  (5072s)
step   275000/400000  eps=0.150  episodes=  302  mean_return=710.000  mean_loss= 4.47816  mean_foundation=  6.0/52  lifetime_outcomes={'won': 74, 'stalled': 4, 'truncated': 224, 'other': 0}  rss= 2279.0MB  (5076s)
step   276000/400000  eps=0.150  episodes=  303  mean_return=360.000  mean_loss= 4.35978  mean_foundation=  5.0/52  lifetime_outcomes={'won': 74, 'stalled': 4, 'truncated': 225, 'other': 0}  rss= 2279.0MB  (5079s)
step   277000/400000  eps=0.150  episodes=  304  mean_return=1270.000  mean_loss= 4.32502  mean_foundation= 16.0/52  lifetime_outcomes={'won': 74, 'stalled': 4, 'truncated': 226, 'other': 0}  rss= 2279.0MB  (5083s)
step   278000/400000  eps=0.150  episodes=  305  mean_return=540.000  mean_loss= 4.31447  mean_foundation= 11.0/52  lifetime_outcomes={'won': 74, 'stalled': 4, 'truncated': 227, 'other': 0}  rss= 2279.0MB  (5087s)
step   279000/400000  eps=0.150  episodes=  306  mean_return=800.000  mean_loss= 4.34834  mean_foundation= 10.0/52  lifetime_outcomes={'won': 74, 'stalled': 4, 'truncated': 228, 'other': 0}  rss= 2279.0MB  (5090s)
step   280000/400000  eps=0.150  episodes=  307  mean_return=1020.000  mean_loss= 4.30565  mean_foundation=  9.0/52  lifetime_outcomes={'won': 74, 'stalled': 4, 'truncated': 229, 'other': 0}  rss= 2279.0MB  (5094s)
  EVAL  step   280000  win_rate=0.00%  mean_return=346.900  mean_foundation=  2.5/52  mean_length=1000.0  (greedy, 100 fixed deals)
step   281000/400000  eps=0.150  episodes=  308  mean_return=1750.000  mean_loss= 4.04511  mean_foundation= 33.0/52  lifetime_outcomes={'won': 74, 'stalled': 4, 'truncated': 230, 'other': 0}  rss= 2279.0MB  (5187s)
step   282000/400000  eps=0.150  episodes=  309  mean_return=1210.000  mean_loss= 4.17075  mean_foundation= 10.0/52  lifetime_outcomes={'won': 74, 'stalled': 4, 'truncated': 231, 'other': 0}  rss= 2279.0MB  (5190s)
step   283000/400000  eps=0.150  episodes=  310  mean_return=300.000  mean_loss= 4.16661  mean_foundation=  7.0/52  lifetime_outcomes={'won': 74, 'stalled': 4, 'truncated': 232, 'other': 0}  rss= 2279.0MB  (5193s)
step   284000/400000  eps=0.150  episodes=  311  mean_return=610.000  mean_loss= 3.89178  mean_foundation=  7.0/52  lifetime_outcomes={'won': 74, 'stalled': 4, 'truncated': 233, 'other': 0}  rss= 2279.0MB  (5197s)
step   285000/400000  eps=0.150  episodes=  312  mean_return=740.000  mean_loss= 4.06291  mean_foundation=  3.0/52  lifetime_outcomes={'won': 74, 'stalled': 4, 'truncated': 234, 'other': 0}  rss= 2279.0MB  (5200s)
step   286000/400000  eps=0.150  episodes=  313  mean_return=690.000  mean_loss= 3.92895  mean_foundation= 16.0/52  lifetime_outcomes={'won': 74, 'stalled': 4, 'truncated': 235, 'other': 0}  rss= 2279.0MB  (5204s)
step   287000/400000  eps=0.150  episodes=  314  mean_return=1270.000  mean_loss= 3.85084  mean_foundation=  8.0/52  lifetime_outcomes={'won': 74, 'stalled': 4, 'truncated': 236, 'other': 0}  rss= 2279.0MB  (5207s)
step   288000/400000  eps=0.150  episodes=  315  mean_return=450.000  mean_loss= 3.76232  mean_foundation=  1.0/52  lifetime_outcomes={'won': 74, 'stalled': 4, 'truncated': 237, 'other': 0}  rss= 2279.0MB  (5211s)
step   289000/400000  eps=0.150  episodes=  316  mean_return=930.000  mean_loss= 3.76555  mean_foundation=  5.0/52  lifetime_outcomes={'won': 74, 'stalled': 4, 'truncated': 238, 'other': 0}  rss= 2279.0MB  (5214s)
step   290000/400000  eps=0.150  episodes=  317  mean_return=1170.000  mean_loss= 3.86057  mean_foundation= 22.0/52  lifetime_outcomes={'won': 74, 'stalled': 4, 'truncated': 239, 'other': 0}  rss= 2279.0MB  (5218s)
  EVAL  step   290000  win_rate=0.00%  mean_return=345.500  mean_foundation=  2.6/52  mean_length=1000.0  (greedy, 100 fixed deals)
step   291000/400000  eps=0.150  episodes=  318  mean_return=650.000  mean_loss= 3.93981  mean_foundation=  6.0/52  lifetime_outcomes={'won': 74, 'stalled': 4, 'truncated': 240, 'other': 0}  rss= 2279.0MB  (5307s)
step   292000/400000  eps=0.150  episodes=  319  mean_return=1370.000  mean_loss= 3.73258  mean_foundation= 12.0/52  lifetime_outcomes={'won': 74, 'stalled': 4, 'truncated': 241, 'other': 0}  rss= 2279.0MB  (5310s)
step   293000/400000  eps=0.150  episodes=  320  mean_return=1060.000  mean_loss= 3.68968  mean_foundation= 13.0/52  lifetime_outcomes={'won': 74, 'stalled': 4, 'truncated': 242, 'other': 0}  rss= 2279.0MB  (5314s)
step   294000/400000  eps=0.150  episodes=  321  mean_return=680.000  mean_loss= 3.66629  mean_foundation=  2.0/52  lifetime_outcomes={'won': 74, 'stalled': 4, 'truncated': 243, 'other': 0}  rss= 2279.0MB  (5317s)
step   295000/400000  eps=0.150  episodes=  322  mean_return=560.000  mean_loss= 3.67097  mean_foundation=  2.0/52  lifetime_outcomes={'won': 74, 'stalled': 4, 'truncated': 244, 'other': 0}  rss= 2279.0MB  (5321s)
step   296000/400000  eps=0.150  episodes=  323  mean_return=720.000  mean_loss= 3.39066  mean_foundation=  5.0/52  lifetime_outcomes={'won': 74, 'stalled': 4, 'truncated': 245, 'other': 0}  rss= 2279.0MB  (5324s)
step   297000/400000  eps=0.150  episodes=  324  mean_return=700.000  mean_loss= 3.65905  mean_foundation=  7.0/52  lifetime_outcomes={'won': 74, 'stalled': 4, 'truncated': 246, 'other': 0}  rss= 2279.0MB  (5327s)
step   298000/400000  eps=0.150  episodes=  325  mean_return=740.000  mean_loss= 3.48912  mean_foundation= 10.0/52  lifetime_outcomes={'won': 74, 'stalled': 4, 'truncated': 247, 'other': 0}  rss= 2279.0MB  (5331s)
step   299000/400000  eps=0.150  episodes=  326  mean_return=1270.000  mean_loss= 3.34692  mean_foundation=  8.0/52  lifetime_outcomes={'won': 74, 'stalled': 4, 'truncated': 248, 'other': 0}  rss= 2279.0MB  (5334s)
step   300000/400000  eps=0.150  episodes=  327  mean_return=7043.520  mean_loss= 3.42708  mean_foundation= 52.0/52  lifetime_outcomes={'won': 75, 'stalled': 4, 'truncated': 248, 'other': 0}  rss= 2279.0MB  (5338s)
  EVAL  step   300000  win_rate=0.00%  mean_return=341.700  mean_foundation=  2.5/52  mean_length=1000.0  (greedy, 100 fixed deals)
step   301000/400000  eps=0.150  episodes=  328  mean_return=640.000  mean_loss= 3.39687  mean_foundation=  5.0/52  lifetime_outcomes={'won': 75, 'stalled': 4, 'truncated': 249, 'other': 0}  rss= 2279.0MB  (5430s)
step   302000/400000  eps=0.150  episodes=  329  mean_return=290.000  mean_loss= 3.18884  mean_foundation=  3.0/52  lifetime_outcomes={'won': 75, 'stalled': 4, 'truncated': 250, 'other': 0}  rss= 2279.0MB  (5434s)
step   303000/400000  eps=0.150  episodes=  330  mean_return=1090.000  mean_loss= 3.28307  mean_foundation= 11.0/52  lifetime_outcomes={'won': 75, 'stalled': 4, 'truncated': 251, 'other': 0}  rss= 2279.0MB  (5438s)
step   304000/400000  eps=0.150  episodes=  331  mean_return=190.000  mean_loss= 3.13342  mean_foundation=  4.0/52  lifetime_outcomes={'won': 75, 'stalled': 4, 'truncated': 252, 'other': 0}  rss= 2279.0MB  (5441s)
step   305000/400000  eps=0.150  episodes=  332  mean_return=710.000  mean_loss= 3.23711  mean_foundation=  6.0/52  lifetime_outcomes={'won': 75, 'stalled': 4, 'truncated': 253, 'other': 0}  rss= 2279.0MB  (5445s)
step   306000/400000  eps=0.150  episodes=  333  mean_return=1180.000  mean_loss= 3.09199  mean_foundation= 11.0/52  lifetime_outcomes={'won': 75, 'stalled': 4, 'truncated': 254, 'other': 0}  rss= 2279.0MB  (5449s)
step   307000/400000  eps=0.150  episodes=  334  mean_return=460.000  mean_loss= 3.07045  mean_foundation=  8.0/52  lifetime_outcomes={'won': 75, 'stalled': 4, 'truncated': 255, 'other': 0}  rss= 2279.0MB  (5452s)
step   308000/400000  eps=0.150  episodes=  335  mean_return=360.000  mean_loss= 3.00443  mean_foundation=  2.0/52  lifetime_outcomes={'won': 75, 'stalled': 4, 'truncated': 256, 'other': 0}  rss= 2279.0MB  (5456s)
step   309000/400000  eps=0.150  episodes=  336  mean_return=1710.000  mean_loss= 3.08818  mean_foundation= 34.0/52  lifetime_outcomes={'won': 75, 'stalled': 4, 'truncated': 257, 'other': 0}  rss= 2279.0MB  (5460s)
step   310000/400000  eps=0.150  episodes=  338  mean_return=4301.645  mean_loss= 2.96928  mean_foundation= 38.0/52  lifetime_outcomes={'won': 76, 'stalled': 4, 'truncated': 258, 'other': 0}  rss= 2279.0MB  (5463s)
  EVAL  step   310000  win_rate=0.00%  mean_return=351.900  mean_foundation=  2.6/52  mean_length=1000.0  (greedy, 100 fixed deals)
step   311000/400000  eps=0.150  episodes=  339  mean_return=1370.000  mean_loss= 2.91715  mean_foundation= 24.0/52  lifetime_outcomes={'won': 76, 'stalled': 4, 'truncated': 259, 'other': 0}  rss= 2279.0MB  (5552s)
step   312000/400000  eps=0.150  episodes=  340  mean_return=2000.000  mean_loss= 2.88429  mean_foundation= 48.0/52  lifetime_outcomes={'won': 76, 'stalled': 4, 'truncated': 260, 'other': 0}  rss= 2279.0MB  (5556s)
step   313000/400000  eps=0.150  episodes=  341  mean_return=1360.000  mean_loss= 2.83737  mean_foundation= 18.0/52  lifetime_outcomes={'won': 76, 'stalled': 4, 'truncated': 261, 'other': 0}  rss= 2279.0MB  (5559s)
step   314000/400000  eps=0.150  episodes=  342  mean_return=1360.000  mean_loss= 2.97021  mean_foundation= 19.0/52  lifetime_outcomes={'won': 76, 'stalled': 4, 'truncated': 262, 'other': 0}  rss= 2279.0MB  (5562s)
step   315000/400000  eps=0.150  episodes=  343  mean_return=7040.230  mean_loss= 2.96248  mean_foundation= 52.0/52  lifetime_outcomes={'won': 77, 'stalled': 4, 'truncated': 262, 'other': 0}  rss= 2279.0MB  (5566s)
step   316000/400000  eps=0.150  episodes=  344  mean_return=670.000  mean_loss= 2.84229  mean_foundation=  6.0/52  lifetime_outcomes={'won': 77, 'stalled': 4, 'truncated': 263, 'other': 0}  rss= 2279.0MB  (5569s)
step   317000/400000  eps=0.150  episodes=  345  mean_return=790.000  mean_loss= 2.83127  mean_foundation=  6.0/52  lifetime_outcomes={'won': 77, 'stalled': 4, 'truncated': 264, 'other': 0}  rss= 2279.0MB  (5572s)
step   318000/400000  eps=0.150  episodes=  346  mean_return=1810.000  mean_loss= 2.77295  mean_foundation= 31.0/52  lifetime_outcomes={'won': 77, 'stalled': 4, 'truncated': 265, 'other': 0}  rss= 2279.0MB  (5576s)
step   319000/400000  eps=0.150  episodes=  347  mean_return=1010.000  mean_loss= 2.87042  mean_foundation= 13.0/52  lifetime_outcomes={'won': 77, 'stalled': 4, 'truncated': 266, 'other': 0}  rss= 2279.0MB  (5579s)
step   320000/400000  eps=0.150  episodes=  348  mean_return=1430.000  mean_loss= 2.69064  mean_foundation= 12.0/52  lifetime_outcomes={'won': 77, 'stalled': 4, 'truncated': 267, 'other': 0}  rss= 2279.0MB  (5582s)
  EVAL  step   320000  win_rate=0.00%  mean_return=333.400  mean_foundation=  2.4/52  mean_length=1000.0  (greedy, 100 fixed deals)
step   321000/400000  eps=0.150  episodes=  349  mean_return=890.000  mean_loss= 2.71805  mean_foundation=  6.0/52  lifetime_outcomes={'won': 77, 'stalled': 4, 'truncated': 268, 'other': 0}  rss= 2279.0MB  (5673s)
step   322000/400000  eps=0.150  episodes=  350  mean_return=7041.350  mean_loss= 2.62714  mean_foundation= 52.0/52  lifetime_outcomes={'won': 78, 'stalled': 4, 'truncated': 268, 'other': 0}  rss= 2279.0MB  (5677s)
step   323000/400000  eps=0.150  episodes=  351  mean_return=1450.000  mean_loss= 2.76681  mean_foundation= 18.0/52  lifetime_outcomes={'won': 78, 'stalled': 4, 'truncated': 269, 'other': 0}  rss= 2279.0MB  (5680s)
step   324000/400000  eps=0.150  episodes=  352  mean_return=1000.000  mean_loss= 2.55202  mean_foundation=  9.0/52  lifetime_outcomes={'won': 78, 'stalled': 4, 'truncated': 270, 'other': 0}  rss= 2279.0MB  (5684s)
step   325000/400000  eps=0.150  episodes=  353  mean_return=1180.000  mean_loss= 2.56685  mean_foundation= 11.0/52  lifetime_outcomes={'won': 78, 'stalled': 4, 'truncated': 271, 'other': 0}  rss= 2279.0MB  (5688s)
step   326000/400000  eps=0.150  episodes=  354  mean_return=1570.000  mean_loss= 2.61691  mean_foundation= 25.0/52  lifetime_outcomes={'won': 78, 'stalled': 4, 'truncated': 272, 'other': 0}  rss= 2279.0MB  (5691s)
step   327000/400000  eps=0.150  episodes=  355  mean_return=820.000  mean_loss= 2.48444  mean_foundation=  9.0/52  lifetime_outcomes={'won': 78, 'stalled': 4, 'truncated': 273, 'other': 0}  rss= 2279.0MB  (5695s)
step   328000/400000  eps=0.150  episodes=  356  mean_return=570.000  mean_loss= 2.56328  mean_foundation=  4.0/52  lifetime_outcomes={'won': 78, 'stalled': 4, 'truncated': 274, 'other': 0}  rss= 2279.0MB  (5698s)
step   329000/400000  eps=0.150  episodes=  357  mean_return=1370.000  mean_loss= 2.45918  mean_foundation= 27.0/52  lifetime_outcomes={'won': 78, 'stalled': 4, 'truncated': 275, 'other': 0}  rss= 2279.0MB  (5702s)
step   330000/400000  eps=0.150  episodes=  358  mean_return=1380.000  mean_loss= 2.63735  mean_foundation= 20.0/52  lifetime_outcomes={'won': 78, 'stalled': 4, 'truncated': 276, 'other': 0}  rss= 2279.0MB  (5705s)
  EVAL  step   330000  win_rate=0.00%  mean_return=370.900  mean_foundation=  2.9/52  mean_length=1000.0  (greedy, 100 fixed deals)
step   331000/400000  eps=0.150  episodes=  359  mean_return=1350.000  mean_loss= 2.37696  mean_foundation= 19.0/52  lifetime_outcomes={'won': 78, 'stalled': 4, 'truncated': 277, 'other': 0}  rss= 2279.0MB  (5794s)
step   332000/400000  eps=0.150  episodes=  360  mean_return=690.000  mean_loss= 2.40915  mean_foundation=  6.0/52  lifetime_outcomes={'won': 78, 'stalled': 4, 'truncated': 278, 'other': 0}  rss= 2279.0MB  (5797s)
step   333000/400000  eps=0.150  episodes=  361  mean_return=1320.000  mean_loss= 2.47966  mean_foundation=  6.0/52  lifetime_outcomes={'won': 78, 'stalled': 4, 'truncated': 279, 'other': 0}  rss= 2279.0MB  (5801s)
step   334000/400000  eps=0.150  episodes=  362  mean_return=2000.000  mean_loss= 2.38001  mean_foundation= 48.0/52  lifetime_outcomes={'won': 78, 'stalled': 4, 'truncated': 280, 'other': 0}  rss= 2279.0MB  (5804s)
step   335000/400000  eps=0.150  episodes=  363  mean_return=7045.480  mean_loss= 2.39613  mean_foundation= 52.0/52  lifetime_outcomes={'won': 79, 'stalled': 4, 'truncated': 280, 'other': 0}  rss= 2279.0MB  (5807s)
step   336000/400000  eps=0.150  episodes=  364  mean_return=430.000  mean_loss= 2.43040  mean_foundation=  9.0/52  lifetime_outcomes={'won': 79, 'stalled': 4, 'truncated': 281, 'other': 0}  rss= 2279.0MB  (5810s)
step   337000/400000  eps=0.150  episodes=  365  mean_return=1420.000  mean_loss= 2.31124  mean_foundation= 15.0/52  lifetime_outcomes={'won': 79, 'stalled': 4, 'truncated': 282, 'other': 0}  rss= 2279.0MB  (5814s)
step   338000/400000  eps=0.150  episodes=  366  mean_return=720.000  mean_loss= 2.30987  mean_foundation=  5.0/52  lifetime_outcomes={'won': 79, 'stalled': 4, 'truncated': 283, 'other': 0}  rss= 2279.0MB  (5817s)
step   339000/400000  eps=0.150  episodes=  367  mean_return=1840.000  mean_loss= 2.30293  mean_foundation= 42.0/52  lifetime_outcomes={'won': 79, 'stalled': 4, 'truncated': 284, 'other': 0}  rss= 2279.0MB  (5821s)
step   340000/400000  eps=0.150  episodes=  368  mean_return=1320.000  mean_loss= 2.21273  mean_foundation= 18.0/52  lifetime_outcomes={'won': 79, 'stalled': 4, 'truncated': 285, 'other': 0}  rss= 2279.0MB  (5824s)
  EVAL  step   340000  win_rate=0.00%  mean_return=357.300  mean_foundation=  2.8/52  mean_length=1000.0  (greedy, 100 fixed deals)
step   341000/400000  eps=0.150  episodes=  369  mean_return=490.000  mean_loss= 2.26864  mean_foundation=  4.0/52  lifetime_outcomes={'won': 79, 'stalled': 4, 'truncated': 286, 'other': 0}  rss= 2279.0MB  (5916s)
step   342000/400000  eps=0.150  episodes=  370  mean_return=1270.000  mean_loss= 2.25084  mean_foundation= 19.0/52  lifetime_outcomes={'won': 79, 'stalled': 4, 'truncated': 287, 'other': 0}  rss= 2279.0MB  (5920s)
step   343000/400000  eps=0.150  episodes=  371  mean_return=1250.000  mean_loss= 2.13155  mean_foundation= 18.0/52  lifetime_outcomes={'won': 79, 'stalled': 4, 'truncated': 288, 'other': 0}  rss= 2279.0MB  (5923s)
step   344000/400000  eps=0.150  episodes=  373  mean_return=3626.455  mean_loss= 2.16134  mean_foundation= 28.0/52  lifetime_outcomes={'won': 80, 'stalled': 4, 'truncated': 289, 'other': 0}  rss= 2279.0MB  (5927s)
step   345000/400000  eps=0.150  episodes=  374  mean_return=7042.280  mean_loss= 2.17282  mean_foundation= 52.0/52  lifetime_outcomes={'won': 81, 'stalled': 4, 'truncated': 289, 'other': 0}  rss= 2279.0MB  (5931s)
step   346000/400000  eps=0.150  episodes=  375  mean_return=7043.480  mean_loss= 2.24324  mean_foundation= 52.0/52  lifetime_outcomes={'won': 82, 'stalled': 4, 'truncated': 289, 'other': 0}  rss= 2279.0MB  (5934s)
step   347000/400000  eps=0.150  episodes=  376  mean_return=670.000  mean_loss= 2.14115  mean_foundation=  5.0/52  lifetime_outcomes={'won': 82, 'stalled': 4, 'truncated': 290, 'other': 0}  rss= 2279.0MB  (5938s)
step   348000/400000  eps=0.150  episodes=  377  mean_return=1340.000  mean_loss= 2.13620  mean_foundation= 18.0/52  lifetime_outcomes={'won': 82, 'stalled': 4, 'truncated': 291, 'other': 0}  rss= 2279.0MB  (5942s)
step   349000/400000  eps=0.150  episodes=  378  mean_return=1350.000  mean_loss= 2.09421  mean_foundation= 18.0/52  lifetime_outcomes={'won': 82, 'stalled': 4, 'truncated': 292, 'other': 0}  rss= 2279.0MB  (5946s)
step   350000/400000  eps=0.150  episodes=  379  mean_return=680.000  mean_loss= 2.12113  mean_foundation=  6.0/52  lifetime_outcomes={'won': 82, 'stalled': 4, 'truncated': 293, 'other': 0}  rss= 2279.0MB  (5949s)
  EVAL  step   350000  win_rate=0.00%  mean_return=333.100  mean_foundation=  2.5/52  mean_length=1000.0  (greedy, 100 fixed deals)
step   351000/400000  eps=0.150  episodes=  380  mean_return=1550.000  mean_loss= 1.99748  mean_foundation= 32.0/52  lifetime_outcomes={'won': 82, 'stalled': 4, 'truncated': 294, 'other': 0}  rss= 2279.0MB  (6038s)
step   352000/400000  eps=0.150  episodes=  381  mean_return=1780.000  mean_loss= 1.97613  mean_foundation= 41.0/52  lifetime_outcomes={'won': 82, 'stalled': 4, 'truncated': 295, 'other': 0}  rss= 2279.0MB  (6041s)
step   353000/400000  eps=0.150  episodes=  382  mean_return=7041.730  mean_loss= 2.06086  mean_foundation= 52.0/52  lifetime_outcomes={'won': 83, 'stalled': 4, 'truncated': 295, 'other': 0}  rss= 2279.0MB  (6044s)
step   354000/400000  eps=0.150  episodes=  383  mean_return=1780.000  mean_loss= 2.06887  mean_foundation= 38.0/52  lifetime_outcomes={'won': 83, 'stalled': 4, 'truncated': 296, 'other': 0}  rss= 2279.0MB  (6048s)
step   355000/400000  eps=0.150  episodes=  384  mean_return=1090.000  mean_loss= 2.18214  mean_foundation= 11.0/52  lifetime_outcomes={'won': 83, 'stalled': 4, 'truncated': 297, 'other': 0}  rss= 2279.0MB  (6051s)
step   356000/400000  eps=0.150  episodes=  385  mean_return=1110.000  mean_loss= 2.00284  mean_foundation= 14.0/52  lifetime_outcomes={'won': 83, 'stalled': 4, 'truncated': 298, 'other': 0}  rss= 2279.0MB  (6054s)
step   357000/400000  eps=0.150  episodes=  386  mean_return=830.000  mean_loss= 1.94529  mean_foundation=  9.0/52  lifetime_outcomes={'won': 83, 'stalled': 4, 'truncated': 299, 'other': 0}  rss= 2279.0MB  (6058s)
step   358000/400000  eps=0.150  episodes=  387  mean_return=770.000  mean_loss= 1.97122  mean_foundation= 13.0/52  lifetime_outcomes={'won': 83, 'stalled': 4, 'truncated': 300, 'other': 0}  rss= 2279.0MB  (6061s)
step   359000/400000  eps=0.150  episodes=  388  mean_return=7041.550  mean_loss= 1.84413  mean_foundation= 52.0/52  lifetime_outcomes={'won': 84, 'stalled': 4, 'truncated': 300, 'other': 0}  rss= 2279.0MB  (6065s)
step   360000/400000  eps=0.150  episodes=  389  mean_return=1670.000  mean_loss= 1.85451  mean_foundation= 43.0/52  lifetime_outcomes={'won': 84, 'stalled': 4, 'truncated': 301, 'other': 0}  rss= 2279.0MB  (6068s)
  EVAL  step   360000  win_rate=0.00%  mean_return=347.000  mean_foundation=  2.6/52  mean_length=1000.0  (greedy, 100 fixed deals)
step   361000/400000  eps=0.150  episodes=  390  mean_return=1610.000  mean_loss= 2.05890  mean_foundation= 30.0/52  lifetime_outcomes={'won': 84, 'stalled': 4, 'truncated': 302, 'other': 0}  rss= 2279.0MB  (6159s)
step   362000/400000  eps=0.150  episodes=  392  mean_return=3950.710  mean_loss= 1.86361  mean_foundation= 30.5/52  lifetime_outcomes={'won': 85, 'stalled': 4, 'truncated': 303, 'other': 0}  rss= 2279.0MB  (6162s)
step   363000/400000  eps=0.150  episodes=  393  mean_return=7040.240  mean_loss= 1.90385  mean_foundation= 52.0/52  lifetime_outcomes={'won': 86, 'stalled': 4, 'truncated': 303, 'other': 0}  rss= 2279.0MB  (6166s)
step   364000/400000  eps=0.150  episodes=  394  mean_return=500.000  mean_loss= 1.84547  mean_foundation=  6.0/52  lifetime_outcomes={'won': 86, 'stalled': 4, 'truncated': 304, 'other': 0}  rss= 2279.0MB  (6170s)
step   365000/400000  eps=0.150  episodes=  395  mean_return=1010.000  mean_loss= 1.86655  mean_foundation=  9.0/52  lifetime_outcomes={'won': 86, 'stalled': 4, 'truncated': 305, 'other': 0}  rss= 2279.0MB  (6173s)
step   366000/400000  eps=0.150  episodes=  396  mean_return=810.000  mean_loss= 1.82156  mean_foundation=  8.0/52  lifetime_outcomes={'won': 86, 'stalled': 4, 'truncated': 306, 'other': 0}  rss= 2279.0MB  (6177s)
step   367000/400000  eps=0.150  episodes=  397  mean_return=470.000  mean_loss= 1.82775  mean_foundation=  8.0/52  lifetime_outcomes={'won': 86, 'stalled': 4, 'truncated': 307, 'other': 0}  rss= 2279.0MB  (6180s)
step   368000/400000  eps=0.150  episodes=  398  mean_return=920.000  mean_loss= 1.80702  mean_foundation= 14.0/52  lifetime_outcomes={'won': 86, 'stalled': 4, 'truncated': 308, 'other': 0}  rss= 2279.0MB  (6184s)
step   369000/400000  eps=0.150  episodes=  399  mean_return=730.000  mean_loss= 1.69349  mean_foundation=  3.0/52  lifetime_outcomes={'won': 86, 'stalled': 4, 'truncated': 309, 'other': 0}  rss= 2279.0MB  (6188s)
step   370000/400000  eps=0.150  episodes=  400  mean_return=910.000  mean_loss= 1.71988  mean_foundation=  9.0/52  lifetime_outcomes={'won': 86, 'stalled': 4, 'truncated': 310, 'other': 0}  rss= 2279.0MB  (6191s)
  EVAL  step   370000  win_rate=0.00%  mean_return=337.500  mean_foundation=  2.5/52  mean_length=1000.0  (greedy, 100 fixed deals)
step   371000/400000  eps=0.150  episodes=  401  mean_return=400.000  mean_loss= 1.75411  mean_foundation=  2.0/52  lifetime_outcomes={'won': 86, 'stalled': 4, 'truncated': 311, 'other': 0}  rss= 2279.0MB  (6281s)
step   372000/400000  eps=0.150  episodes=  402  mean_return=550.000  mean_loss= 1.69497  mean_foundation=  4.0/52  lifetime_outcomes={'won': 86, 'stalled': 4, 'truncated': 312, 'other': 0}  rss= 2279.0MB  (6285s)
step   373000/400000  eps=0.150  episodes=  403  mean_return=1050.000  mean_loss= 1.76882  mean_foundation=  8.0/52  lifetime_outcomes={'won': 86, 'stalled': 4, 'truncated': 313, 'other': 0}  rss= 2279.0MB  (6288s)
step   374000/400000  eps=0.150  episodes=  404  mean_return=7040.790  mean_loss= 1.64631  mean_foundation= 52.0/52  lifetime_outcomes={'won': 87, 'stalled': 4, 'truncated': 313, 'other': 0}  rss= 2279.0MB  (6291s)
step   375000/400000  eps=0.150  episodes=  405  mean_return=430.000  mean_loss= 1.69765  mean_foundation= 11.0/52  lifetime_outcomes={'won': 87, 'stalled': 4, 'truncated': 314, 'other': 0}  rss= 2279.0MB  (6295s)
step   376000/400000  eps=0.150  episodes=  406  mean_return=390.000  mean_loss= 1.59704  mean_foundation=  0.0/52  lifetime_outcomes={'won': 87, 'stalled': 4, 'truncated': 315, 'other': 0}  rss= 2279.0MB  (6298s)
step   377000/400000  eps=0.150  episodes=  407  mean_return=350.000  mean_loss= 1.68390  mean_foundation= 10.0/52  lifetime_outcomes={'won': 87, 'stalled': 4, 'truncated': 316, 'other': 0}  rss= 2279.0MB  (6301s)
step   378000/400000  eps=0.150  episodes=  408  mean_return=7040.030  mean_loss= 1.67578  mean_foundation= 52.0/52  lifetime_outcomes={'won': 88, 'stalled': 4, 'truncated': 316, 'other': 0}  rss= 2279.0MB  (6305s)
step   379000/400000  eps=0.150  episodes=  409  mean_return=390.000  mean_loss= 1.62075  mean_foundation=  5.0/52  lifetime_outcomes={'won': 88, 'stalled': 4, 'truncated': 317, 'other': 0}  rss= 2279.0MB  (6308s)
step   380000/400000  eps=0.150  episodes=  410  mean_return=1410.000  mean_loss= 1.60847  mean_foundation= 14.0/52  lifetime_outcomes={'won': 88, 'stalled': 4, 'truncated': 318, 'other': 0}  rss= 2279.0MB  (6311s)
  EVAL  step   380000  win_rate=0.00%  mean_return=334.200  mean_foundation=  2.4/52  mean_length=1000.0  (greedy, 100 fixed deals)
step   381000/400000  eps=0.150  episodes=  411  mean_return=690.000  mean_loss= 1.56826  mean_foundation=  6.0/52  lifetime_outcomes={'won': 88, 'stalled': 4, 'truncated': 319, 'other': 0}  rss= 2279.0MB  (6402s)
step   382000/400000  eps=0.150  episodes=  412  mean_return=560.000  mean_loss= 1.55103  mean_foundation=  6.0/52  lifetime_outcomes={'won': 88, 'stalled': 4, 'truncated': 320, 'other': 0}  rss= 2279.0MB  (6406s)
step   383000/400000  eps=0.150  episodes=  413  mean_return=1130.000  mean_loss= 1.62776  mean_foundation= 10.0/52  lifetime_outcomes={'won': 88, 'stalled': 4, 'truncated': 321, 'other': 0}  rss= 2279.0MB  (6409s)
step   384000/400000  eps=0.150  episodes=  414  mean_return=1440.000  mean_loss= 1.53083  mean_foundation= 16.0/52  lifetime_outcomes={'won': 88, 'stalled': 4, 'truncated': 322, 'other': 0}  rss= 2279.0MB  (6413s)
step   385000/400000  eps=0.150  episodes=  415  mean_return=260.000  mean_loss= 1.53503  mean_foundation=  7.0/52  lifetime_outcomes={'won': 88, 'stalled': 4, 'truncated': 323, 'other': 0}  rss= 2279.0MB  (6416s)
step   386000/400000  eps=0.150  episodes=  416  mean_return=930.000  mean_loss= 1.55120  mean_foundation= 14.0/52  lifetime_outcomes={'won': 88, 'stalled': 4, 'truncated': 324, 'other': 0}  rss= 2279.0MB  (6420s)
step   387000/400000  eps=0.150  episodes=  417  mean_return=1900.000  mean_loss= 1.50143  mean_foundation= 38.0/52  lifetime_outcomes={'won': 88, 'stalled': 4, 'truncated': 325, 'other': 0}  rss= 2279.0MB  (6424s)
step   388000/400000  eps=0.150  episodes=  418  mean_return=1370.000  mean_loss= 1.52850  mean_foundation= 20.0/52  lifetime_outcomes={'won': 88, 'stalled': 4, 'truncated': 326, 'other': 0}  rss= 2279.0MB  (6428s)
step   389000/400000  eps=0.150  episodes=  419  mean_return=350.000  mean_loss= 1.50690  mean_foundation=  5.0/52  lifetime_outcomes={'won': 88, 'stalled': 4, 'truncated': 327, 'other': 0}  rss= 2279.0MB  (6432s)
step   390000/400000  eps=0.150  episodes=  420  mean_return=300.000  mean_loss= 1.47578  mean_foundation=  5.0/52  lifetime_outcomes={'won': 88, 'stalled': 4, 'truncated': 328, 'other': 0}  rss= 2279.0MB  (6435s)
  EVAL  step   390000  win_rate=0.00%  mean_return=335.900  mean_foundation=  2.3/52  mean_length=1000.0  (greedy, 100 fixed deals)
step   391000/400000  eps=0.150  episodes=  421  mean_return=1180.000  mean_loss= 1.49609  mean_foundation= 17.0/52  lifetime_outcomes={'won': 88, 'stalled': 4, 'truncated': 329, 'other': 0}  rss= 2279.0MB  (6524s)
step   392000/400000  eps=0.150  episodes=  422  mean_return=1010.000  mean_loss= 1.47789  mean_foundation= 10.0/52  lifetime_outcomes={'won': 88, 'stalled': 4, 'truncated': 330, 'other': 0}  rss= 2279.0MB  (6527s)
step   393000/400000  eps=0.150  episodes=  423  mean_return=680.000  mean_loss= 1.42205  mean_foundation=  6.0/52  lifetime_outcomes={'won': 88, 'stalled': 4, 'truncated': 331, 'other': 0}  rss= 2279.0MB  (6530s)
step   394000/400000  eps=0.150  episodes=  424  mean_return=7041.120  mean_loss= 1.41669  mean_foundation= 52.0/52  lifetime_outcomes={'won': 89, 'stalled': 4, 'truncated': 331, 'other': 0}  rss= 2279.0MB  (6534s)
step   395000/400000  eps=0.150  episodes=  425  mean_return=1750.000  mean_loss= 1.44418  mean_foundation= 31.0/52  lifetime_outcomes={'won': 89, 'stalled': 4, 'truncated': 332, 'other': 0}  rss= 2279.0MB  (6537s)
step   396000/400000  eps=0.150  episodes=  426  mean_return=320.000  mean_loss= 1.38986  mean_foundation=  4.0/52  lifetime_outcomes={'won': 89, 'stalled': 4, 'truncated': 333, 'other': 0}  rss= 2279.0MB  (6541s)
step   397000/400000  eps=0.150  episodes=  427  mean_return=1040.000  mean_loss= 1.42659  mean_foundation= 12.0/52  lifetime_outcomes={'won': 89, 'stalled': 4, 'truncated': 334, 'other': 0}  rss= 2279.0MB  (6544s)
step   398000/400000  eps=0.150  episodes=  428  mean_return=450.000  mean_loss= 1.41818  mean_foundation=  7.0/52  lifetime_outcomes={'won': 89, 'stalled': 4, 'truncated': 335, 'other': 0}  rss= 2279.0MB  (6547s)
step   399000/400000  eps=0.150  episodes=  429  mean_return=1580.000  mean_loss= 1.38960  mean_foundation= 25.0/52  lifetime_outcomes={'won': 89, 'stalled': 4, 'truncated': 336, 'other': 0}  rss= 2279.0MB  (6550s)
step   400000/400000  eps=0.150  episodes=  430  mean_return=670.000  mean_loss= 1.40679  mean_foundation=  5.0/52  lifetime_outcomes={'won': 89, 'stalled': 4, 'truncated': 337, 'other': 0}  rss= 2279.0MB  (6554s)
  EVAL  step   400000  win_rate=0.00%  mean_return=332.900  mean_foundation=  2.5/52  mean_length=1000.0  (greedy, 100 fixed deals)
done. saved final checkpoint to runs/020_double_dqn_soft_nstep3_per_dqfd_epsfloor/checkpoint_final.pt
