run directory: runs/033_dqfd_moredemo_epsfloor_loopbreaker_solvcurriculum_freshdemo_mse_seed1
eval: using 1000-seed battery from runs/eval_corpus.jsonl (first 200 of them per eval pass) instead of the fixed 900000+i range
DQfD: building 100000 permanent demo transitions from runs/curriculum_wins.jsonl
DQfD: loaded 100000 demo transitions into the permanent replay-buffer region
solvable-seed pool: loaded 1578 ground-truth-solvable seeds from runs/solvable_corpus.jsonl, used for fresh-deal resets over first 100000 steps
step     1000/400000  eps=0.996  episodes=    1  mean_return=1550.000  mean_loss=     nan  mean_foundation= 13.0/52  lifetime_outcomes={'won': 0, 'stalled': 0, 'truncated': 1, 'other': 0}  rss= 1599.8MB  (1s)
step     2000/400000  eps=0.992  episodes=    2  mean_return=1000.000  mean_loss=     nan  mean_foundation=  1.0/52  lifetime_outcomes={'won': 0, 'stalled': 0, 'truncated': 2, 'other': 0}  rss= 1617.8MB  (2s)
step     3000/400000  eps=0.987  episodes=    3  mean_return=710.000  mean_loss=     nan  mean_foundation=  7.0/52  lifetime_outcomes={'won': 0, 'stalled': 0, 'truncated': 3, 'other': 0}  rss= 1628.5MB  (2s)
step     4000/400000  eps=0.983  episodes=    4  mean_return=1570.000  mean_loss=     nan  mean_foundation= 14.0/52  lifetime_outcomes={'won': 0, 'stalled': 0, 'truncated': 4, 'other': 0}  rss= 1634.8MB  (3s)
step     5000/400000  eps=0.979  episodes=    5  mean_return=1700.000  mean_loss=393164.56250  mean_foundation= 15.0/52  lifetime_outcomes={'won': 0, 'stalled': 0, 'truncated': 5, 'other': 0}  rss= 1971.9MB  (5s)
step     6000/400000  eps=0.975  episodes=    6  mean_return=670.000  mean_loss=263828.82722  mean_foundation=  3.0/52  lifetime_outcomes={'won': 0, 'stalled': 0, 'truncated': 6, 'other': 0}  rss= 1985.9MB  (8s)
step     7000/400000  eps=0.970  episodes=    7  mean_return=1300.000  mean_loss=359122.08597  mean_foundation= 10.0/52  lifetime_outcomes={'won': 0, 'stalled': 0, 'truncated': 7, 'other': 0}  rss= 1992.0MB  (11s)
step     8000/400000  eps=0.966  episodes=    8  mean_return=1730.000  mean_loss=311149.37766  mean_foundation=  4.0/52  lifetime_outcomes={'won': 0, 'stalled': 0, 'truncated': 8, 'other': 0}  rss= 1994.0MB  (14s)
step     9000/400000  eps=0.962  episodes=    9  mean_return=530.000  mean_loss=202082.14738  mean_foundation=  5.0/52  lifetime_outcomes={'won': 0, 'stalled': 0, 'truncated': 9, 'other': 0}  rss= 2006.4MB  (17s)
step    10000/400000  eps=0.958  episodes=   10  mean_return=260.000  mean_loss=151216.28695  mean_foundation=  2.0/52  lifetime_outcomes={'won': 0, 'stalled': 0, 'truncated': 10, 'other': 0}  rss= 2008.4MB  (20s)
  EVAL  step    10000  win_rate=1.50%  mean_return=557.492  mean_foundation=  9.9/52  mean_length=736.1  q0=  750.3 vs g0=  159.7  (greedy, 200 fixed deals)
step    11000/400000  eps=0.953  episodes=   11  mean_return=1810.000  mean_loss=122902.01425  mean_foundation= 15.0/52  lifetime_outcomes={'won': 0, 'stalled': 0, 'truncated': 11, 'other': 0}  rss= 2040.2MB  (153s)
step    12000/400000  eps=0.949  episodes=   12  mean_return=1510.000  mean_loss=104425.28194  mean_foundation= 16.0/52  lifetime_outcomes={'won': 0, 'stalled': 0, 'truncated': 12, 'other': 0}  rss= 2040.2MB  (156s)
step    13000/400000  eps=0.945  episodes=   13  mean_return=1780.000  mean_loss=78618.15892  mean_foundation= 22.0/52  lifetime_outcomes={'won': 0, 'stalled': 0, 'truncated': 13, 'other': 0}  rss= 2041.0MB  (159s)
step    14000/400000  eps=0.941  episodes=   14  mean_return=1710.000  mean_loss=63021.44574  mean_foundation= 16.0/52  lifetime_outcomes={'won': 0, 'stalled': 0, 'truncated': 14, 'other': 0}  rss= 2045.0MB  (162s)
step    15000/400000  eps=0.936  episodes=   15  mean_return=1740.000  mean_loss=48727.95311  mean_foundation=  4.0/52  lifetime_outcomes={'won': 0, 'stalled': 0, 'truncated': 15, 'other': 0}  rss= 2049.0MB  (166s)
step    16000/400000  eps=0.932  episodes=   16  mean_return=1950.000  mean_loss=40606.13767  mean_foundation= 36.0/52  lifetime_outcomes={'won': 0, 'stalled': 0, 'truncated': 16, 'other': 0}  rss= 2053.1MB  (169s)
step    17000/400000  eps=0.928  episodes=   17  mean_return=1920.000  mean_loss=33337.94710  mean_foundation= 27.0/52  lifetime_outcomes={'won': 0, 'stalled': 0, 'truncated': 17, 'other': 0}  rss= 2057.2MB  (172s)
step    18000/400000  eps=0.923  episodes=   18  mean_return=1270.000  mean_loss=30787.97245  mean_foundation= 21.0/52  lifetime_outcomes={'won': 0, 'stalled': 0, 'truncated': 18, 'other': 0}  rss= 2061.2MB  (175s)
step    19000/400000  eps=0.919  episodes=   19  mean_return=1650.000  mean_loss=29171.70858  mean_foundation= 31.0/52  lifetime_outcomes={'won': 0, 'stalled': 0, 'truncated': 19, 'other': 0}  rss= 2065.2MB  (178s)
step    20000/400000  eps=0.915  episodes=   20  mean_return=1480.000  mean_loss=24574.85923  mean_foundation=  4.0/52  lifetime_outcomes={'won': 0, 'stalled': 0, 'truncated': 20, 'other': 0}  rss= 2069.3MB  (181s)
  EVAL  step    20000  win_rate=11.50%  mean_return=1426.300  mean_foundation= 15.3/52  mean_length=965.0  q0= 2579.7 vs g0=  244.7  (greedy, 200 fixed deals)
step    21000/400000  eps=0.911  episodes=   21  mean_return=260.000  mean_loss=23548.18636  mean_foundation=  8.0/52  lifetime_outcomes={'won': 0, 'stalled': 0, 'truncated': 21, 'other': 0}  rss= 2092.7MB  (385s)
step    22000/400000  eps=0.906  episodes=   22  mean_return=290.000  mean_loss=21084.99942  mean_foundation=  3.0/52  lifetime_outcomes={'won': 0, 'stalled': 0, 'truncated': 22, 'other': 0}  rss= 2096.8MB  (388s)
step    23000/400000  eps=0.902  episodes=   23  mean_return=7041.200  mean_loss=21251.65692  mean_foundation= 52.0/52  lifetime_outcomes={'won': 1, 'stalled': 0, 'truncated': 22, 'other': 0}  rss= 2100.8MB  (392s)
step    24000/400000  eps=0.898  episodes=   24  mean_return=1990.000  mean_loss=20386.53897  mean_foundation= 38.0/52  lifetime_outcomes={'won': 1, 'stalled': 0, 'truncated': 23, 'other': 0}  rss= 2104.8MB  (395s)
step    25000/400000  eps=0.894  episodes=   25  mean_return=1580.000  mean_loss=18695.74772  mean_foundation= 22.0/52  lifetime_outcomes={'won': 1, 'stalled': 0, 'truncated': 24, 'other': 0}  rss= 2108.9MB  (398s)
step    26000/400000  eps=0.889  episodes=   26  mean_return=2040.000  mean_loss=18611.00238  mean_foundation= 48.0/52  lifetime_outcomes={'won': 1, 'stalled': 0, 'truncated': 25, 'other': 0}  rss= 2110.9MB  (402s)
step    27000/400000  eps=0.885  episodes=   27  mean_return=620.000  mean_loss=17299.94282  mean_foundation=  4.0/52  lifetime_outcomes={'won': 1, 'stalled': 0, 'truncated': 26, 'other': 0}  rss= 2116.9MB  (409s)
step    28000/400000  eps=0.881  episodes=   28  mean_return=1330.000  mean_loss=16810.26473  mean_foundation= 17.0/52  lifetime_outcomes={'won': 1, 'stalled': 0, 'truncated': 27, 'other': 0}  rss= 2118.9MB  (413s)
step    29000/400000  eps=0.877  episodes=   29  mean_return=1830.000  mean_loss=15649.21503  mean_foundation= 28.0/52  lifetime_outcomes={'won': 1, 'stalled': 0, 'truncated': 28, 'other': 0}  rss= 2125.0MB  (416s)
step    30000/400000  eps=0.873  episodes=   30  mean_return=1230.000  mean_loss=15352.41781  mean_foundation= 11.0/52  lifetime_outcomes={'won': 1, 'stalled': 0, 'truncated': 29, 'other': 0}  rss= 2129.0MB  (419s)
  EVAL  step    30000  win_rate=13.00%  mean_return=1650.386  mean_foundation= 17.3/52  mean_length=941.4  q0= 2589.1 vs g0=  324.2  (greedy, 200 fixed deals)
step    31000/400000  eps=0.868  episodes=   31  mean_return=1280.000  mean_loss=14986.02061  mean_foundation= 15.0/52  lifetime_outcomes={'won': 1, 'stalled': 0, 'truncated': 30, 'other': 0}  rss= 2139.7MB  (613s)
step    32000/400000  eps=0.864  episodes=   32  mean_return=1550.000  mean_loss=14807.50116  mean_foundation= 20.0/52  lifetime_outcomes={'won': 1, 'stalled': 0, 'truncated': 31, 'other': 0}  rss= 2143.8MB  (617s)
step    33000/400000  eps=0.860  episodes=   33  mean_return=2030.000  mean_loss=15226.10745  mean_foundation= 50.0/52  lifetime_outcomes={'won': 1, 'stalled': 0, 'truncated': 32, 'other': 0}  rss= 2145.8MB  (620s)
step    34000/400000  eps=0.855  episodes=   34  mean_return=1340.000  mean_loss=15070.39780  mean_foundation= 14.0/52  lifetime_outcomes={'won': 1, 'stalled': 0, 'truncated': 33, 'other': 0}  rss= 2151.9MB  (623s)
step    35000/400000  eps=0.851  episodes=   35  mean_return=7041.380  mean_loss=14984.37665  mean_foundation= 52.0/52  lifetime_outcomes={'won': 2, 'stalled': 0, 'truncated': 33, 'other': 0}  rss= 2153.9MB  (626s)
step    36000/400000  eps=0.847  episodes=   36  mean_return=1520.000  mean_loss=14675.43175  mean_foundation= 27.0/52  lifetime_outcomes={'won': 2, 'stalled': 0, 'truncated': 34, 'other': 0}  rss= 2159.9MB  (630s)
step    37000/400000  eps=0.843  episodes=   37  mean_return=2040.000  mean_loss=14954.05467  mean_foundation= 48.0/52  lifetime_outcomes={'won': 2, 'stalled': 0, 'truncated': 35, 'other': 0}  rss= 2162.0MB  (633s)
step    38000/400000  eps=0.839  episodes=   38  mean_return=780.000  mean_loss=14213.80540  mean_foundation=  9.0/52  lifetime_outcomes={'won': 2, 'stalled': 0, 'truncated': 36, 'other': 0}  rss= 2166.0MB  (636s)
step    39000/400000  eps=0.834  episodes=   39  mean_return=980.000  mean_loss=14716.45632  mean_foundation=  9.0/52  lifetime_outcomes={'won': 2, 'stalled': 0, 'truncated': 37, 'other': 0}  rss= 2172.0MB  (639s)
step    40000/400000  eps=0.830  episodes=   40  mean_return=7042.080  mean_loss=14864.44007  mean_foundation= 52.0/52  lifetime_outcomes={'won': 3, 'stalled': 0, 'truncated': 37, 'other': 0}  rss= 2174.0MB  (643s)
  EVAL  step    40000  win_rate=21.00%  mean_return=2081.647  mean_foundation= 15.4/52  mean_length=915.3  q0= 2292.3 vs g0=  374.0  (greedy, 200 fixed deals)
step    41000/400000  eps=0.826  episodes=   41  mean_return=1040.000  mean_loss=14941.42689  mean_foundation=  9.0/52  lifetime_outcomes={'won': 3, 'stalled': 0, 'truncated': 38, 'other': 0}  rss= 2180.1MB  (824s)
step    42000/400000  eps=0.822  episodes=   42  mean_return=2040.000  mean_loss=14480.98816  mean_foundation= 45.0/52  lifetime_outcomes={'won': 3, 'stalled': 0, 'truncated': 39, 'other': 0}  rss= 2182.1MB  (827s)
step    43000/400000  eps=0.817  episodes=   43  mean_return=990.000  mean_loss=13928.64421  mean_foundation=  7.0/52  lifetime_outcomes={'won': 3, 'stalled': 0, 'truncated': 40, 'other': 0}  rss= 2186.1MB  (830s)
step    44000/400000  eps=0.813  episodes=   45  mean_return=7043.200  mean_loss=14759.71729  mean_foundation= 52.0/52  lifetime_outcomes={'won': 5, 'stalled': 0, 'truncated': 40, 'other': 0}  rss= 2190.1MB  (832s)
step    45000/400000  eps=0.809  episodes=   46  mean_return=940.000  mean_loss=14612.88848  mean_foundation=  9.0/52  lifetime_outcomes={'won': 5, 'stalled': 0, 'truncated': 41, 'other': 0}  rss= 2194.2MB  (835s)
step    46000/400000  eps=0.804  episodes=   47  mean_return=7043.010  mean_loss=14863.15259  mean_foundation= 52.0/52  lifetime_outcomes={'won': 6, 'stalled': 0, 'truncated': 41, 'other': 0}  rss= 2198.3MB  (838s)
step    47000/400000  eps=0.800  episodes=   48  mean_return=710.000  mean_loss=14062.01515  mean_foundation=  7.0/52  lifetime_outcomes={'won': 6, 'stalled': 0, 'truncated': 42, 'other': 0}  rss= 2202.4MB  (841s)
step    48000/400000  eps=0.796  episodes=   49  mean_return=1990.000  mean_loss=13944.56527  mean_foundation= 43.0/52  lifetime_outcomes={'won': 6, 'stalled': 0, 'truncated': 43, 'other': 0}  rss= 2208.4MB  (845s)
step    49000/400000  eps=0.792  episodes=   50  mean_return=1440.000  mean_loss=14119.08747  mean_foundation=  9.0/52  lifetime_outcomes={'won': 6, 'stalled': 0, 'truncated': 44, 'other': 0}  rss= 2210.4MB  (848s)
step    50000/400000  eps=0.787  episodes=   51  mean_return=7041.420  mean_loss=14937.52662  mean_foundation= 52.0/52  lifetime_outcomes={'won': 7, 'stalled': 0, 'truncated': 44, 'other': 0}  rss= 2214.4MB  (852s)
  EVAL  step    50000  win_rate=26.50%  mean_return=2446.063  mean_foundation= 19.3/52  mean_length=888.7  q0= 2116.7 vs g0=  396.8  (greedy, 200 fixed deals)
step    51000/400000  eps=0.783  episodes=   52  mean_return=1850.000  mean_loss=13315.86690  mean_foundation= 29.0/52  lifetime_outcomes={'won': 7, 'stalled': 0, 'truncated': 45, 'other': 0}  rss= 2218.5MB  (1030s)
step    52000/400000  eps=0.779  episodes=   53  mean_return=7043.910  mean_loss=14647.36055  mean_foundation= 52.0/52  lifetime_outcomes={'won': 8, 'stalled': 0, 'truncated': 45, 'other': 0}  rss= 2222.6MB  (1033s)
step    53000/400000  eps=0.775  episodes=   54  mean_return=500.000  mean_loss=13946.95558  mean_foundation= 11.0/52  lifetime_outcomes={'won': 8, 'stalled': 0, 'truncated': 46, 'other': 0}  rss= 2224.6MB  (1036s)
step    54000/400000  eps=0.770  episodes=   56  mean_return=3967.190  mean_loss=14482.74608  mean_foundation= 29.5/52  lifetime_outcomes={'won': 9, 'stalled': 0, 'truncated': 47, 'other': 0}  rss= 2230.6MB  (1039s)
step    55000/400000  eps=0.766  episodes=   57  mean_return=7042.650  mean_loss=14468.62760  mean_foundation= 52.0/52  lifetime_outcomes={'won': 10, 'stalled': 0, 'truncated': 47, 'other': 0}  rss= 2234.7MB  (1043s)
step    56000/400000  eps=0.762  episodes=   58  mean_return=640.000  mean_loss=14149.62346  mean_foundation=  3.0/52  lifetime_outcomes={'won': 10, 'stalled': 0, 'truncated': 48, 'other': 0}  rss= 2238.7MB  (1047s)
step    57000/400000  eps=0.758  episodes=   59  mean_return=7043.250  mean_loss=13976.60160  mean_foundation= 52.0/52  lifetime_outcomes={'won': 11, 'stalled': 0, 'truncated': 48, 'other': 0}  rss= 2242.9MB  (1052s)
step    58000/400000  eps=0.754  episodes=   60  mean_return=290.000  mean_loss=13549.75955  mean_foundation= 11.0/52  lifetime_outcomes={'won': 11, 'stalled': 0, 'truncated': 49, 'other': 0}  rss= 2246.9MB  (1057s)
step    59000/400000  eps=0.749  episodes=   61  mean_return=1030.000  mean_loss=12314.51772  mean_foundation=  8.0/52  lifetime_outcomes={'won': 11, 'stalled': 0, 'truncated': 50, 'other': 0}  rss= 2250.9MB  (1062s)
step    60000/400000  eps=0.745  episodes=   63  mean_return=4117.075  mean_loss=13350.75493  mean_foundation= 33.0/52  lifetime_outcomes={'won': 12, 'stalled': 0, 'truncated': 51, 'other': 0}  rss= 2252.9MB  (1065s)
  EVAL  step    60000  win_rate=33.50%  mean_return=2956.465  mean_foundation= 24.4/52  mean_length=863.5  q0= 1936.9 vs g0=  448.6  (greedy, 200 fixed deals)
step    61000/400000  eps=0.741  episodes=   64  mean_return=410.000  mean_loss=13264.88777  mean_foundation=  3.0/52  lifetime_outcomes={'won': 12, 'stalled': 0, 'truncated': 52, 'other': 0}  rss= 2259.0MB  (1242s)
step    62000/400000  eps=0.736  episodes=   65  mean_return=1110.000  mean_loss=12431.86829  mean_foundation= 18.0/52  lifetime_outcomes={'won': 12, 'stalled': 0, 'truncated': 53, 'other': 0}  rss= 2263.0MB  (1246s)
step    63000/400000  eps=0.732  episodes=   66  mean_return=310.000  mean_loss=12998.37218  mean_foundation=  3.0/52  lifetime_outcomes={'won': 12, 'stalled': 0, 'truncated': 54, 'other': 0}  rss= 2267.0MB  (1249s)
step    64000/400000  eps=0.728  episodes=   68  mean_return=7044.575  mean_loss=13520.78610  mean_foundation= 52.0/52  lifetime_outcomes={'won': 14, 'stalled': 0, 'truncated': 54, 'other': 0}  rss= 2271.0MB  (1253s)
step    65000/400000  eps=0.724  episodes=   69  mean_return=1160.000  mean_loss=11659.52016  mean_foundation=  7.0/52  lifetime_outcomes={'won': 14, 'stalled': 0, 'truncated': 55, 'other': 0}  rss= 2273.0MB  (1257s)
step    66000/400000  eps=0.720  episodes=   70  mean_return=7042.680  mean_loss=12370.07845  mean_foundation= 52.0/52  lifetime_outcomes={'won': 15, 'stalled': 0, 'truncated': 55, 'other': 0}  rss= 2279.1MB  (1261s)
step    67000/400000  eps=0.715  episodes=   72  mean_return=4237.230  mean_loss=12227.20885  mean_foundation= 32.5/52  lifetime_outcomes={'won': 16, 'stalled': 0, 'truncated': 56, 'other': 0}  rss= 2281.1MB  (1265s)
step    68000/400000  eps=0.711  episodes=   73  mean_return=7043.300  mean_loss=12460.26989  mean_foundation= 52.0/52  lifetime_outcomes={'won': 17, 'stalled': 0, 'truncated': 56, 'other': 0}  rss= 2287.1MB  (1268s)
step    69000/400000  eps=0.707  episodes=   74  mean_return=980.000  mean_loss=12044.56686  mean_foundation=  5.0/52  lifetime_outcomes={'won': 17, 'stalled': 0, 'truncated': 57, 'other': 0}  rss= 2289.1MB  (1272s)
step    70000/400000  eps=0.703  episodes=   76  mean_return=7044.565  mean_loss=12580.63481  mean_foundation= 52.0/52  lifetime_outcomes={'won': 19, 'stalled': 0, 'truncated': 57, 'other': 0}  rss= 2293.2MB  (1276s)
  EVAL  step    70000  win_rate=34.00%  mean_return=2999.238  mean_foundation= 25.5/52  mean_length=846.2  q0= 1808.5 vs g0=  459.3  (greedy, 200 fixed deals)
step    71000/400000  eps=0.698  episodes=   77  mean_return=7042.880  mean_loss=11356.96899  mean_foundation= 52.0/52  lifetime_outcomes={'won': 20, 'stalled': 0, 'truncated': 57, 'other': 0}  rss= 2299.3MB  (1448s)
step    72000/400000  eps=0.694  episodes=   78  mean_return=450.000  mean_loss=12647.69597  mean_foundation=  3.0/52  lifetime_outcomes={'won': 20, 'stalled': 0, 'truncated': 58, 'other': 0}  rss= 2301.4MB  (1451s)
step    73000/400000  eps=0.690  episodes=   79  mean_return=1350.000  mean_loss=11419.30340  mean_foundation= 22.0/52  lifetime_outcomes={'won': 20, 'stalled': 0, 'truncated': 59, 'other': 0}  rss= 2307.5MB  (1454s)
step    74000/400000  eps=0.685  episodes=   80  mean_return=420.000  mean_loss=11433.12587  mean_foundation=  2.0/52  lifetime_outcomes={'won': 20, 'stalled': 0, 'truncated': 60, 'other': 0}  rss= 2309.5MB  (1457s)
step    75000/400000  eps=0.681  episodes=   81  mean_return=7041.540  mean_loss=11474.66173  mean_foundation= 52.0/52  lifetime_outcomes={'won': 21, 'stalled': 0, 'truncated': 60, 'other': 0}  rss= 2315.6MB  (1461s)
step    76000/400000  eps=0.677  episodes=   82  mean_return=620.000  mean_loss=10974.09996  mean_foundation=  6.0/52  lifetime_outcomes={'won': 21, 'stalled': 0, 'truncated': 61, 'other': 0}  rss= 2317.6MB  (1464s)
step    77000/400000  eps=0.673  episodes=   83  mean_return=7043.010  mean_loss=12464.83847  mean_foundation= 52.0/52  lifetime_outcomes={'won': 22, 'stalled': 0, 'truncated': 61, 'other': 0}  rss= 2321.6MB  (1467s)
step    78000/400000  eps=0.668  episodes=   86  mean_return=2670.677  mean_loss=11154.54082  mean_foundation= 21.7/52  lifetime_outcomes={'won': 23, 'stalled': 1, 'truncated': 62, 'other': 0}  rss= 2325.6MB  (1470s)
step    79000/400000  eps=0.664  episodes=   87  mean_return=210.000  mean_loss=10358.43240  mean_foundation=  4.0/52  lifetime_outcomes={'won': 23, 'stalled': 1, 'truncated': 63, 'other': 0}  rss= 2329.7MB  (1474s)
step    80000/400000  eps=0.660  episodes=   89  mean_return=7044.845  mean_loss=11008.34699  mean_foundation= 52.0/52  lifetime_outcomes={'won': 25, 'stalled': 1, 'truncated': 63, 'other': 0}  rss= 2333.7MB  (1477s)
  EVAL  step    80000  win_rate=39.50%  mean_return=3322.550  mean_foundation= 28.0/52  mean_length=810.0  q0= 1716.5 vs g0=  490.8  (greedy, 200 fixed deals)
step    81000/400000  eps=0.656  episodes=   90  mean_return=250.000  mean_loss=11262.20461  mean_foundation= 11.0/52  lifetime_outcomes={'won': 25, 'stalled': 1, 'truncated': 64, 'other': 0}  rss= 2337.7MB  (1695s)
step    82000/400000  eps=0.651  episodes=   91  mean_return=530.000  mean_loss=11036.55497  mean_foundation=  5.0/52  lifetime_outcomes={'won': 25, 'stalled': 1, 'truncated': 65, 'other': 0}  rss= 2341.7MB  (1701s)
step    83000/400000  eps=0.647  episodes=   92  mean_return=7045.050  mean_loss=10401.93857  mean_foundation= 52.0/52  lifetime_outcomes={'won': 26, 'stalled': 1, 'truncated': 65, 'other': 0}  rss= 2345.8MB  (1707s)
step    84000/400000  eps=0.643  episodes=   94  mean_return=3992.430  mean_loss=10563.40224  mean_foundation= 30.0/52  lifetime_outcomes={'won': 27, 'stalled': 1, 'truncated': 66, 'other': 0}  rss= 2349.8MB  (1712s)
step    85000/400000  eps=0.639  episodes=   95  mean_return=7045.890  mean_loss=10438.20352  mean_foundation= 52.0/52  lifetime_outcomes={'won': 28, 'stalled': 1, 'truncated': 66, 'other': 0}  rss= 2353.9MB  (1717s)
step    86000/400000  eps=0.635  episodes=   97  mean_return=3741.765  mean_loss=10069.36815  mean_foundation= 31.5/52  lifetime_outcomes={'won': 29, 'stalled': 1, 'truncated': 67, 'other': 0}  rss= 2357.9MB  (1723s)
step    87000/400000  eps=0.630  episodes=   98  mean_return=7044.850  mean_loss=10742.95335  mean_foundation= 52.0/52  lifetime_outcomes={'won': 30, 'stalled': 1, 'truncated': 67, 'other': 0}  rss= 2361.9MB  (1729s)
step    88000/400000  eps=0.626  episodes=  100  mean_return=7043.420  mean_loss=10228.99230  mean_foundation= 52.0/52  lifetime_outcomes={'won': 32, 'stalled': 1, 'truncated': 67, 'other': 0}  rss= 2365.9MB  (1735s)
step    89000/400000  eps=0.622  episodes=  101  mean_return=7044.660  mean_loss=10676.74167  mean_foundation= 52.0/52  lifetime_outcomes={'won': 33, 'stalled': 1, 'truncated': 67, 'other': 0}  rss= 2369.9MB  (1738s)
step    90000/400000  eps=0.617  episodes=  102  mean_return=1650.000  mean_loss=10194.05070  mean_foundation= 28.0/52  lifetime_outcomes={'won': 33, 'stalled': 1, 'truncated': 68, 'other': 0}  rss= 2374.0MB  (1742s)
  EVAL  step    90000  win_rate=40.50%  mean_return=3415.801  mean_foundation= 28.6/52  mean_length=814.9  q0= 1619.8 vs g0=  476.1  (greedy, 200 fixed deals)
step    91000/400000  eps=0.613  episodes=  104  mean_return=4482.320  mean_loss=10124.59640  mean_foundation= 45.0/52  lifetime_outcomes={'won': 34, 'stalled': 1, 'truncated': 69, 'other': 0}  rss= 2378.0MB  (1976s)
step    92000/400000  eps=0.609  episodes=  105  mean_return=1260.000  mean_loss=10319.52317  mean_foundation= 18.0/52  lifetime_outcomes={'won': 34, 'stalled': 1, 'truncated': 70, 'other': 0}  rss= 2380.0MB  (1979s)
step    93000/400000  eps=0.605  episodes=  106  mean_return=650.000  mean_loss=9988.89969  mean_foundation= 14.0/52  lifetime_outcomes={'won': 34, 'stalled': 1, 'truncated': 71, 'other': 0}  rss= 2386.1MB  (1985s)
step    94000/400000  eps=0.601  episodes=  107  mean_return=1050.000  mean_loss=10322.90026  mean_foundation= 10.0/52  lifetime_outcomes={'won': 34, 'stalled': 1, 'truncated': 72, 'other': 0}  rss= 2390.1MB  (1991s)
step    95000/400000  eps=0.596  episodes=  108  mean_return=1610.000  mean_loss=11367.66589  mean_foundation= 31.0/52  lifetime_outcomes={'won': 34, 'stalled': 1, 'truncated': 73, 'other': 0}  rss= 2394.1MB  (1996s)
step    96000/400000  eps=0.592  episodes=  109  mean_return=1310.000  mean_loss=10584.23074  mean_foundation= 13.0/52  lifetime_outcomes={'won': 34, 'stalled': 1, 'truncated': 74, 'other': 0}  rss= 2398.2MB  (2001s)
step    97000/400000  eps=0.588  episodes=  110  mean_return=7044.960  mean_loss=9756.18598  mean_foundation= 52.0/52  lifetime_outcomes={'won': 35, 'stalled': 1, 'truncated': 74, 'other': 0}  rss= 2400.2MB  (2006s)
step    98000/400000  eps=0.584  episodes=  111  mean_return=1210.000  mean_loss=10115.76986  mean_foundation=  9.0/52  lifetime_outcomes={'won': 35, 'stalled': 1, 'truncated': 75, 'other': 0}  rss= 2406.2MB  (2011s)
step    99000/400000  eps=0.579  episodes=  113  mean_return=4182.675  mean_loss=8879.65320  mean_foundation= 33.0/52  lifetime_outcomes={'won': 36, 'stalled': 1, 'truncated': 76, 'other': 0}  rss= 2408.2MB  (2017s)
step   100000/400000  eps=0.575  episodes=  114  mean_return=7043.320  mean_loss=10373.63257  mean_foundation= 52.0/52  lifetime_outcomes={'won': 37, 'stalled': 1, 'truncated': 76, 'other': 0}  rss= 2414.3MB  (2022s)
  EVAL  step   100000  win_rate=34.50%  mean_return=3005.869  mean_foundation= 25.6/52  mean_length=828.1  q0= 1553.4 vs g0=  475.2  (greedy, 200 fixed deals)
step   101000/400000  eps=0.571  episodes=  116  mean_return=3767.545  mean_loss=10797.14827  mean_foundation= 29.0/52  lifetime_outcomes={'won': 38, 'stalled': 1, 'truncated': 77, 'other': 0}  rss= 2418.3MB  (2221s)
step   102000/400000  eps=0.567  episodes=  117  mean_return=7044.820  mean_loss=9739.42674  mean_foundation= 52.0/52  lifetime_outcomes={'won': 39, 'stalled': 1, 'truncated': 77, 'other': 0}  rss= 2422.4MB  (2227s)
step   103000/400000  eps=0.562  episodes=  118  mean_return=1160.000  mean_loss=9380.27588  mean_foundation= 10.0/52  lifetime_outcomes={'won': 39, 'stalled': 1, 'truncated': 78, 'other': 0}  rss= 2426.4MB  (2232s)
step   104000/400000  eps=0.558  episodes=  119  mean_return=620.000  mean_loss=9097.64683  mean_foundation=  7.0/52  lifetime_outcomes={'won': 39, 'stalled': 1, 'truncated': 79, 'other': 0}  rss= 2428.4MB  (2235s)
step   105000/400000  eps=0.554  episodes=  121  mean_return=3838.205  mean_loss=9166.35060  mean_foundation= 26.0/52  lifetime_outcomes={'won': 40, 'stalled': 1, 'truncated': 80, 'other': 0}  rss= 2434.4MB  (2239s)
step   106000/400000  eps=0.549  episodes=  122  mean_return=800.000  mean_loss=9719.30407  mean_foundation=  6.0/52  lifetime_outcomes={'won': 40, 'stalled': 1, 'truncated': 81, 'other': 0}  rss= 2436.5MB  (2243s)
step   107000/400000  eps=0.545  episodes=  123  mean_return=140.000  mean_loss=9480.84401  mean_foundation=  0.0/52  lifetime_outcomes={'won': 40, 'stalled': 1, 'truncated': 82, 'other': 0}  rss= 2440.5MB  (2248s)
step   108000/400000  eps=0.541  episodes=  124  mean_return=1520.000  mean_loss=8620.18233  mean_foundation= 28.0/52  lifetime_outcomes={'won': 40, 'stalled': 1, 'truncated': 83, 'other': 0}  rss= 2444.5MB  (2253s)
step   109000/400000  eps=0.537  episodes=  125  mean_return=560.000  mean_loss=9727.47843  mean_foundation=  4.0/52  lifetime_outcomes={'won': 40, 'stalled': 1, 'truncated': 84, 'other': 0}  rss= 2448.5MB  (2259s)
step   110000/400000  eps=0.532  episodes=  126  mean_return=7045.400  mean_loss=8937.93530  mean_foundation= 52.0/52  lifetime_outcomes={'won': 41, 'stalled': 1, 'truncated': 84, 'other': 0}  rss= 2452.6MB  (2264s)
  EVAL  step   110000  win_rate=39.50%  mean_return=3300.502  mean_foundation= 27.3/52  mean_length=789.8  q0= 1493.9 vs g0=  498.5  (greedy, 200 fixed deals)
step   111000/400000  eps=0.528  episodes=  127  mean_return=450.000  mean_loss=8212.22380  mean_foundation=  3.0/52  lifetime_outcomes={'won': 41, 'stalled': 1, 'truncated': 85, 'other': 0}  rss= 2456.6MB  (2502s)
step   112000/400000  eps=0.524  episodes=  128  mean_return=7042.560  mean_loss=9819.05743  mean_foundation= 52.0/52  lifetime_outcomes={'won': 42, 'stalled': 1, 'truncated': 85, 'other': 0}  rss= 2462.6MB  (2509s)
step   113000/400000  eps=0.520  episodes=  129  mean_return=590.000  mean_loss=8993.61216  mean_foundation=  7.0/52  lifetime_outcomes={'won': 42, 'stalled': 1, 'truncated': 86, 'other': 0}  rss= 2464.6MB  (2517s)
step   114000/400000  eps=0.516  episodes=  130  mean_return=550.000  mean_loss=9095.34117  mean_foundation=  2.0/52  lifetime_outcomes={'won': 42, 'stalled': 1, 'truncated': 87, 'other': 0}  rss= 2468.7MB  (2524s)
step   115000/400000  eps=0.511  episodes=  131  mean_return=990.000  mean_loss=8460.38373  mean_foundation=  6.0/52  lifetime_outcomes={'won': 42, 'stalled': 1, 'truncated': 88, 'other': 0}  rss= 2472.7MB  (2531s)
step   116000/400000  eps=0.507  episodes=  132  mean_return=1290.000  mean_loss=8446.35281  mean_foundation= 18.0/52  lifetime_outcomes={'won': 42, 'stalled': 1, 'truncated': 89, 'other': 0}  rss= 2476.7MB  (2539s)
step   117000/400000  eps=0.503  episodes=  133  mean_return=1380.000  mean_loss=8788.33921  mean_foundation= 16.0/52  lifetime_outcomes={'won': 42, 'stalled': 1, 'truncated': 90, 'other': 0}  rss= 2480.7MB  (2546s)
step   118000/400000  eps=0.499  episodes=  134  mean_return=660.000  mean_loss=8534.91857  mean_foundation=  1.0/52  lifetime_outcomes={'won': 42, 'stalled': 1, 'truncated': 91, 'other': 0}  rss= 2484.8MB  (2553s)
step   119000/400000  eps=0.494  episodes=  135  mean_return=340.000  mean_loss=8318.13072  mean_foundation=  5.0/52  lifetime_outcomes={'won': 42, 'stalled': 1, 'truncated': 92, 'other': 0}  rss= 2488.8MB  (2559s)
step   120000/400000  eps=0.490  episodes=  137  mean_return=4152.595  mean_loss=8016.38083  mean_foundation= 34.5/52  lifetime_outcomes={'won': 43, 'stalled': 1, 'truncated': 93, 'other': 0}  rss= 2492.8MB  (2566s)
  EVAL  step   120000  win_rate=39.50%  mean_return=3353.933  mean_foundation= 27.6/52  mean_length=821.7  q0= 1448.0 vs g0=  477.1  (greedy, 200 fixed deals)
step   121000/400000  eps=0.486  episodes=  138  mean_return=850.000  mean_loss=7939.69886  mean_foundation= 14.0/52  lifetime_outcomes={'won': 43, 'stalled': 1, 'truncated': 94, 'other': 0}  rss= 2496.9MB  (2864s)
step   122000/400000  eps=0.482  episodes=  139  mean_return=1360.000  mean_loss=8661.73831  mean_foundation= 13.0/52  lifetime_outcomes={'won': 43, 'stalled': 1, 'truncated': 95, 'other': 0}  rss= 2500.9MB  (2871s)
step   123000/400000  eps=0.477  episodes=  141  mean_return=3847.610  mean_loss=8597.45421  mean_foundation= 28.5/52  lifetime_outcomes={'won': 44, 'stalled': 1, 'truncated': 96, 'other': 0}  rss= 2504.9MB  (2878s)
step   124000/400000  eps=0.473  episodes=  142  mean_return=1400.000  mean_loss=7792.87128  mean_foundation= 22.0/52  lifetime_outcomes={'won': 44, 'stalled': 1, 'truncated': 97, 'other': 0}  rss= 2506.9MB  (2885s)
step   125000/400000  eps=0.469  episodes=  145  mean_return=4720.637  mean_loss=8998.64324  mean_foundation= 35.3/52  lifetime_outcomes={'won': 46, 'stalled': 2, 'truncated': 97, 'other': 0}  rss= 2513.0MB  (2891s)
step   126000/400000  eps=0.465  episodes=  146  mean_return=7045.010  mean_loss=8829.29422  mean_foundation= 52.0/52  lifetime_outcomes={'won': 47, 'stalled': 2, 'truncated': 97, 'other': 0}  rss= 2517.0MB  (2898s)
step   127000/400000  eps=0.460  episodes=  147  mean_return=1060.000  mean_loss=8396.06057  mean_foundation= 12.0/52  lifetime_outcomes={'won': 47, 'stalled': 2, 'truncated': 98, 'other': 0}  rss= 2521.0MB  (2905s)
step   128000/400000  eps=0.456  episodes=  148  mean_return=600.000  mean_loss=8173.70656  mean_foundation=  6.0/52  lifetime_outcomes={'won': 47, 'stalled': 2, 'truncated': 99, 'other': 0}  rss= 2525.0MB  (2913s)
step   129000/400000  eps=0.452  episodes=  150  mean_return=3797.290  mean_loss=7910.53238  mean_foundation= 28.5/52  lifetime_outcomes={'won': 48, 'stalled': 2, 'truncated': 100, 'other': 0}  rss= 2529.1MB  (2920s)
step   130000/400000  eps=0.448  episodes=  152  mean_return=7045.280  mean_loss=8223.92887  mean_foundation= 52.0/52  lifetime_outcomes={'won': 50, 'stalled': 2, 'truncated': 100, 'other': 0}  rss= 2533.1MB  (2926s)
  EVAL  step   130000  win_rate=44.00%  mean_return=3599.819  mean_foundation= 29.5/52  mean_length=783.1  q0= 1407.9 vs g0=  505.2  (greedy, 200 fixed deals)
step   131000/400000  eps=0.443  episodes=  153  mean_return=900.000  mean_loss=7796.30886  mean_foundation=  9.0/52  lifetime_outcomes={'won': 50, 'stalled': 2, 'truncated': 101, 'other': 0}  rss= 2535.1MB  (3212s)
step   132000/400000  eps=0.439  episodes=  154  mean_return=410.000  mean_loss=8354.16492  mean_foundation=  6.0/52  lifetime_outcomes={'won': 50, 'stalled': 2, 'truncated': 102, 'other': 0}  rss= 2541.3MB  (3220s)
step   133000/400000  eps=0.435  episodes=  155  mean_return=490.000  mean_loss=8465.48644  mean_foundation=  3.0/52  lifetime_outcomes={'won': 50, 'stalled': 2, 'truncated': 103, 'other': 0}  rss= 2545.4MB  (3230s)
step   134000/400000  eps=0.430  episodes=  156  mean_return=890.000  mean_loss=8164.87755  mean_foundation=  9.0/52  lifetime_outcomes={'won': 50, 'stalled': 2, 'truncated': 104, 'other': 0}  rss= 2549.4MB  (3239s)
step   135000/400000  eps=0.426  episodes=  157  mean_return=550.000  mean_loss=8500.67357  mean_foundation=  5.0/52  lifetime_outcomes={'won': 50, 'stalled': 2, 'truncated': 105, 'other': 0}  rss= 2553.5MB  (3247s)
step   136000/400000  eps=0.422  episodes=  158  mean_return=7044.500  mean_loss=8192.89320  mean_foundation= 52.0/52  lifetime_outcomes={'won': 51, 'stalled': 2, 'truncated': 105, 'other': 0}  rss= 2555.5MB  (3255s)
step   137000/400000  eps=0.418  episodes=  159  mean_return=1350.000  mean_loss=7542.58357  mean_foundation= 26.0/52  lifetime_outcomes={'won': 51, 'stalled': 2, 'truncated': 106, 'other': 0}  rss= 2561.5MB  (3263s)
step   138000/400000  eps=0.414  episodes=  160  mean_return=1080.000  mean_loss=7081.86932  mean_foundation=  9.0/52  lifetime_outcomes={'won': 51, 'stalled': 2, 'truncated': 107, 'other': 0}  rss= 2563.5MB  (3272s)
step   139000/400000  eps=0.409  episodes=  162  mean_return=3873.200  mean_loss=7865.94831  mean_foundation= 34.5/52  lifetime_outcomes={'won': 52, 'stalled': 2, 'truncated': 108, 'other': 0}  rss= 2569.6MB  (3280s)
step   140000/400000  eps=0.405  episodes=  163  mean_return=720.000  mean_loss=7127.85777  mean_foundation=  2.0/52  lifetime_outcomes={'won': 52, 'stalled': 2, 'truncated': 109, 'other': 0}  rss= 2571.6MB  (3288s)
  EVAL  step   140000  win_rate=34.00%  mean_return=2976.469  mean_foundation= 25.3/52  mean_length=803.1  q0= 1341.8 vs g0=  564.3  (greedy, 200 fixed deals)
step   141000/400000  eps=0.401  episodes=  165  mean_return=7046.080  mean_loss=7584.04154  mean_foundation= 52.0/52  lifetime_outcomes={'won': 54, 'stalled': 2, 'truncated': 109, 'other': 0}  rss= 2575.6MB  (3553s)
step   142000/400000  eps=0.397  episodes=  167  mean_return=3952.750  mean_loss=8107.24543  mean_foundation= 27.5/52  lifetime_outcomes={'won': 55, 'stalled': 2, 'truncated': 110, 'other': 0}  rss= 2579.6MB  (3556s)
step   143000/400000  eps=0.392  episodes=  168  mean_return=7043.410  mean_loss=7018.79679  mean_foundation= 52.0/52  lifetime_outcomes={'won': 56, 'stalled': 2, 'truncated': 110, 'other': 0}  rss= 2583.8MB  (3560s)
step   144000/400000  eps=0.388  episodes=  169  mean_return=420.000  mean_loss=7288.98681  mean_foundation=  4.0/52  lifetime_outcomes={'won': 56, 'stalled': 2, 'truncated': 111, 'other': 0}  rss= 2589.8MB  (3563s)
step   145000/400000  eps=0.384  episodes=  170  mean_return=7044.490  mean_loss=7375.70902  mean_foundation= 52.0/52  lifetime_outcomes={'won': 57, 'stalled': 2, 'truncated': 111, 'other': 0}  rss= 2591.8MB  (3567s)
step   146000/400000  eps=0.380  episodes=  171  mean_return=760.000  mean_loss=6792.67064  mean_foundation=  6.0/52  lifetime_outcomes={'won': 57, 'stalled': 2, 'truncated': 112, 'other': 0}  rss= 2595.8MB  (3571s)
step   147000/400000  eps=0.375  episodes=  174  mean_return=4853.923  mean_loss=7352.22505  mean_foundation= 35.7/52  lifetime_outcomes={'won': 59, 'stalled': 2, 'truncated': 113, 'other': 0}  rss= 2599.9MB  (3575s)
step   148000/400000  eps=0.371  episodes=  175  mean_return=740.000  mean_loss=7111.32208  mean_foundation=  3.0/52  lifetime_outcomes={'won': 59, 'stalled': 2, 'truncated': 114, 'other': 0}  rss= 2603.9MB  (3578s)
step   149000/400000  eps=0.367  episodes=  176  mean_return=7043.430  mean_loss=7181.61310  mean_foundation= 52.0/52  lifetime_outcomes={'won': 60, 'stalled': 2, 'truncated': 114, 'other': 0}  rss= 2607.9MB  (3582s)
step   150000/400000  eps=0.363  episodes=  177  mean_return=1390.000  mean_loss=6442.55580  mean_foundation= 12.0/52  lifetime_outcomes={'won': 60, 'stalled': 2, 'truncated': 115, 'other': 0}  rss= 2611.9MB  (3586s)
  EVAL  step   150000  win_rate=40.00%  mean_return=3338.685  mean_foundation= 27.6/52  mean_length=791.5  q0= 1291.3 vs g0=  538.2  (greedy, 200 fixed deals)
step   151000/400000  eps=0.358  episodes=  178  mean_return=470.000  mean_loss=6392.48207  mean_foundation=  5.0/52  lifetime_outcomes={'won': 60, 'stalled': 2, 'truncated': 116, 'other': 0}  rss= 2615.9MB  (3749s)
step   152000/400000  eps=0.354  episodes=  179  mean_return=590.000  mean_loss=6758.08341  mean_foundation=  5.0/52  lifetime_outcomes={'won': 60, 'stalled': 2, 'truncated': 117, 'other': 0}  rss= 2620.0MB  (3753s)
step   153000/400000  eps=0.350  episodes=  180  mean_return=1250.000  mean_loss=6467.45353  mean_foundation= 14.0/52  lifetime_outcomes={'won': 60, 'stalled': 2, 'truncated': 118, 'other': 0}  rss= 2624.0MB  (3756s)
step   154000/400000  eps=0.346  episodes=  183  mean_return=7046.330  mean_loss=6989.55263  mean_foundation= 52.0/52  lifetime_outcomes={'won': 63, 'stalled': 2, 'truncated': 118, 'other': 0}  rss= 2628.1MB  (3760s)
step   155000/400000  eps=0.341  episodes=  185  mean_return=3658.485  mean_loss=7124.79169  mean_foundation= 29.5/52  lifetime_outcomes={'won': 64, 'stalled': 2, 'truncated': 119, 'other': 0}  rss= 2632.1MB  (3763s)
step   156000/400000  eps=0.337  episodes=  186  mean_return=350.000  mean_loss=7097.10668  mean_foundation=  4.0/52  lifetime_outcomes={'won': 64, 'stalled': 2, 'truncated': 120, 'other': 0}  rss= 2636.1MB  (3767s)
step   157000/400000  eps=0.333  episodes=  187  mean_return=1020.000  mean_loss=6694.37576  mean_foundation=  8.0/52  lifetime_outcomes={'won': 64, 'stalled': 2, 'truncated': 121, 'other': 0}  rss= 2640.1MB  (3771s)
step   158000/400000  eps=0.329  episodes=  188  mean_return=7045.510  mean_loss=6580.78513  mean_foundation= 52.0/52  lifetime_outcomes={'won': 65, 'stalled': 2, 'truncated': 121, 'other': 0}  rss= 2644.2MB  (3774s)
step   159000/400000  eps=0.324  episodes=  189  mean_return=1270.000  mean_loss=6968.95363  mean_foundation= 18.0/52  lifetime_outcomes={'won': 65, 'stalled': 2, 'truncated': 122, 'other': 0}  rss= 2648.2MB  (3778s)
step   160000/400000  eps=0.320  episodes=  190  mean_return=440.000  mean_loss=6908.95138  mean_foundation=  5.0/52  lifetime_outcomes={'won': 65, 'stalled': 2, 'truncated': 123, 'other': 0}  rss= 2652.2MB  (3784s)
  EVAL  step   160000  win_rate=39.50%  mean_return=3342.132  mean_foundation= 27.9/52  mean_length=806.8  q0= 1250.6 vs g0=  487.7  (greedy, 200 fixed deals)
step   161000/400000  eps=0.316  episodes=  192  mean_return=4403.555  mean_loss=6185.16217  mean_foundation= 37.5/52  lifetime_outcomes={'won': 66, 'stalled': 2, 'truncated': 124, 'other': 0}  rss= 2656.2MB  (3948s)
step   162000/400000  eps=0.311  episodes=  193  mean_return=290.000  mean_loss=6506.74128  mean_foundation=  7.0/52  lifetime_outcomes={'won': 66, 'stalled': 2, 'truncated': 125, 'other': 0}  rss= 2660.3MB  (3951s)
step   163000/400000  eps=0.307  episodes=  194  mean_return=880.000  mean_loss=6491.61799  mean_foundation=  5.0/52  lifetime_outcomes={'won': 66, 'stalled': 2, 'truncated': 126, 'other': 0}  rss= 2662.3MB  (3955s)
step   164000/400000  eps=0.303  episodes=  195  mean_return=7044.420  mean_loss=6602.45212  mean_foundation= 52.0/52  lifetime_outcomes={'won': 67, 'stalled': 2, 'truncated': 126, 'other': 0}  rss= 2668.3MB  (3958s)
step   165000/400000  eps=0.299  episodes=  197  mean_return=3938.300  mean_loss=6519.66099  mean_foundation= 28.5/52  lifetime_outcomes={'won': 68, 'stalled': 2, 'truncated': 127, 'other': 0}  rss= 2672.4MB  (3962s)
step   166000/400000  eps=0.295  episodes=  198  mean_return=1040.000  mean_loss=6170.59270  mean_foundation=  4.0/52  lifetime_outcomes={'won': 68, 'stalled': 2, 'truncated': 128, 'other': 0}  rss= 2676.4MB  (3965s)
step   167000/400000  eps=0.290  episodes=  199  mean_return=7044.700  mean_loss=6243.39285  mean_foundation= 52.0/52  lifetime_outcomes={'won': 69, 'stalled': 2, 'truncated': 128, 'other': 0}  rss= 2680.4MB  (3969s)
step   168000/400000  eps=0.286  episodes=  201  mean_return=3667.210  mean_loss=6976.06658  mean_foundation= 27.0/52  lifetime_outcomes={'won': 70, 'stalled': 2, 'truncated': 129, 'other': 0}  rss= 2682.4MB  (3973s)
step   169000/400000  eps=0.282  episodes=  202  mean_return=740.000  mean_loss=6568.40260  mean_foundation=  5.0/52  lifetime_outcomes={'won': 70, 'stalled': 2, 'truncated': 130, 'other': 0}  rss= 2688.4MB  (3979s)
step   170000/400000  eps=0.278  episodes=  204  mean_return=7044.120  mean_loss=6089.41393  mean_foundation= 52.0/52  lifetime_outcomes={'won': 72, 'stalled': 2, 'truncated': 130, 'other': 0}  rss= 2690.4MB  (3983s)
  EVAL  step   170000  win_rate=39.50%  mean_return=3280.936  mean_foundation= 27.5/52  mean_length=751.4  q0= 1200.8 vs g0=  560.0  (greedy, 200 fixed deals)
step   171000/400000  eps=0.273  episodes=  205  mean_return=1230.000  mean_loss=6302.37450  mean_foundation= 14.0/52  lifetime_outcomes={'won': 72, 'stalled': 2, 'truncated': 131, 'other': 0}  rss= 2696.5MB  (4135s)
step   172000/400000  eps=0.269  episodes=  207  mean_return=7045.670  mean_loss=6103.22742  mean_foundation= 52.0/52  lifetime_outcomes={'won': 74, 'stalled': 2, 'truncated': 131, 'other': 0}  rss= 2698.5MB  (4139s)
step   173000/400000  eps=0.265  episodes=  208  mean_return=230.000  mean_loss=5843.46755  mean_foundation=  3.0/52  lifetime_outcomes={'won': 74, 'stalled': 2, 'truncated': 132, 'other': 0}  rss= 2702.5MB  (4142s)
step   174000/400000  eps=0.261  episodes=  209  mean_return=1350.000  mean_loss=6545.44545  mean_foundation= 12.0/52  lifetime_outcomes={'won': 74, 'stalled': 2, 'truncated': 133, 'other': 0}  rss= 2706.5MB  (4146s)
step   175000/400000  eps=0.256  episodes=  210  mean_return=590.000  mean_loss=6192.89009  mean_foundation=  7.0/52  lifetime_outcomes={'won': 74, 'stalled': 2, 'truncated': 134, 'other': 0}  rss= 2710.6MB  (4149s)
step   176000/400000  eps=0.252  episodes=  212  mean_return=7045.705  mean_loss=6001.58035  mean_foundation= 52.0/52  lifetime_outcomes={'won': 76, 'stalled': 2, 'truncated': 134, 'other': 0}  rss= 2716.6MB  (4153s)
step   177000/400000  eps=0.248  episodes=  213  mean_return=960.000  mean_loss=6265.63352  mean_foundation= 12.0/52  lifetime_outcomes={'won': 76, 'stalled': 2, 'truncated': 135, 'other': 0}  rss= 2718.6MB  (4156s)
step   178000/400000  eps=0.244  episodes=  215  mean_return=7043.930  mean_loss=5901.39999  mean_foundation= 52.0/52  lifetime_outcomes={'won': 78, 'stalled': 2, 'truncated': 135, 'other': 0}  rss= 2722.6MB  (4160s)
step   179000/400000  eps=0.239  episodes=  216  mean_return=7044.610  mean_loss=5625.91001  mean_foundation= 52.0/52  lifetime_outcomes={'won': 79, 'stalled': 2, 'truncated': 135, 'other': 0}  rss= 2726.7MB  (4164s)
step   180000/400000  eps=0.235  episodes=  217  mean_return=540.000  mean_loss=5499.36521  mean_foundation=  8.0/52  lifetime_outcomes={'won': 79, 'stalled': 2, 'truncated': 136, 'other': 0}  rss= 2730.7MB  (4168s)
  EVAL  step   180000  win_rate=40.00%  mean_return=3375.512  mean_foundation= 28.1/52  mean_length=828.8  q0= 1168.1 vs g0=  481.4  (greedy, 200 fixed deals)
step   181000/400000  eps=0.231  episodes=  218  mean_return=980.000  mean_loss=5983.02946  mean_foundation= 10.0/52  lifetime_outcomes={'won': 79, 'stalled': 2, 'truncated': 137, 'other': 0}  rss= 2734.7MB  (4337s)
step   182000/400000  eps=0.227  episodes=  219  mean_return=1170.000  mean_loss=5451.06937  mean_foundation= 18.0/52  lifetime_outcomes={'won': 79, 'stalled': 2, 'truncated': 138, 'other': 0}  rss= 2738.8MB  (4341s)
step   183000/400000  eps=0.222  episodes=  220  mean_return=870.000  mean_loss=5463.52851  mean_foundation= 13.0/52  lifetime_outcomes={'won': 79, 'stalled': 2, 'truncated': 139, 'other': 0}  rss= 2744.8MB  (4345s)
step   184000/400000  eps=0.218  episodes=  221  mean_return=240.000  mean_loss=5458.86033  mean_foundation=  4.0/52  lifetime_outcomes={'won': 79, 'stalled': 2, 'truncated': 140, 'other': 0}  rss= 2746.8MB  (4349s)
step   185000/400000  eps=0.214  episodes=  223  mean_return=3803.435  mean_loss=5472.57917  mean_foundation= 28.0/52  lifetime_outcomes={'won': 80, 'stalled': 2, 'truncated': 141, 'other': 0}  rss= 2750.9MB  (4352s)
step   186000/400000  eps=0.210  episodes=  224  mean_return=1360.000  mean_loss=5429.15226  mean_foundation= 21.0/52  lifetime_outcomes={'won': 80, 'stalled': 2, 'truncated': 142, 'other': 0}  rss= 2754.9MB  (4356s)
step   187000/400000  eps=0.205  episodes=  225  mean_return=660.000  mean_loss=5705.72524  mean_foundation=  3.0/52  lifetime_outcomes={'won': 80, 'stalled': 2, 'truncated': 143, 'other': 0}  rss= 2758.9MB  (4360s)
step   188000/400000  eps=0.201  episodes=  226  mean_return=830.000  mean_loss=5545.97782  mean_foundation=  6.0/52  lifetime_outcomes={'won': 80, 'stalled': 2, 'truncated': 144, 'other': 0}  rss= 2763.0MB  (4363s)
step   189000/400000  eps=0.197  episodes=  227  mean_return=820.000  mean_loss=6002.51084  mean_foundation=  6.0/52  lifetime_outcomes={'won': 80, 'stalled': 2, 'truncated': 145, 'other': 0}  rss= 2767.0MB  (4368s)
step   190000/400000  eps=0.193  episodes=  229  mean_return=7043.800  mean_loss=5506.31175  mean_foundation= 52.0/52  lifetime_outcomes={'won': 82, 'stalled': 2, 'truncated': 145, 'other': 0}  rss= 2771.0MB  (4372s)
  EVAL  step   190000  win_rate=38.00%  mean_return=3230.495  mean_foundation= 27.4/52  mean_length=790.5  q0= 1134.8 vs g0=  517.8  (greedy, 200 fixed deals)
step   191000/400000  eps=0.188  episodes=  230  mean_return=960.000  mean_loss=5742.98945  mean_foundation=  8.0/52  lifetime_outcomes={'won': 82, 'stalled': 2, 'truncated': 146, 'other': 0}  rss= 2775.0MB  (4533s)
step   192000/400000  eps=0.184  episodes=  231  mean_return=1010.000  mean_loss=5363.47670  mean_foundation=  7.0/52  lifetime_outcomes={'won': 82, 'stalled': 2, 'truncated': 147, 'other': 0}  rss= 2779.1MB  (4537s)
step   193000/400000  eps=0.180  episodes=  232  mean_return=400.000  mean_loss=5267.20043  mean_foundation=  8.0/52  lifetime_outcomes={'won': 82, 'stalled': 2, 'truncated': 148, 'other': 0}  rss= 2783.1MB  (4541s)
step   194000/400000  eps=0.175  episodes=  233  mean_return=7043.830  mean_loss=5347.38829  mean_foundation= 52.0/52  lifetime_outcomes={'won': 83, 'stalled': 2, 'truncated': 148, 'other': 0}  rss= 2787.1MB  (4545s)
step   195000/400000  eps=0.171  episodes=  234  mean_return=850.000  mean_loss=5060.31065  mean_foundation=  3.0/52  lifetime_outcomes={'won': 83, 'stalled': 2, 'truncated': 149, 'other': 0}  rss= 2789.1MB  (4549s)
step   196000/400000  eps=0.167  episodes=  235  mean_return=1000.000  mean_loss=5121.82946  mean_foundation= 20.0/52  lifetime_outcomes={'won': 83, 'stalled': 2, 'truncated': 150, 'other': 0}  rss= 2795.1MB  (4552s)
step   197000/400000  eps=0.163  episodes=  236  mean_return=620.000  mean_loss=5112.12058  mean_foundation=  4.0/52  lifetime_outcomes={'won': 83, 'stalled': 2, 'truncated': 151, 'other': 0}  rss= 2797.2MB  (4557s)
step   198000/400000  eps=0.158  episodes=  237  mean_return=340.000  mean_loss=5116.51645  mean_foundation=  2.0/52  lifetime_outcomes={'won': 83, 'stalled': 2, 'truncated': 152, 'other': 0}  rss= 2801.7MB  (4563s)
step   199000/400000  eps=0.154  episodes=  238  mean_return=7045.230  mean_loss=5436.99103  mean_foundation= 52.0/52  lifetime_outcomes={'won': 84, 'stalled': 2, 'truncated': 152, 'other': 0}  rss= 2804.3MB  (4567s)
step   200000/400000  eps=0.150  episodes=  241  mean_return=4830.660  mean_loss=4915.67954  mean_foundation= 35.7/52  lifetime_outcomes={'won': 86, 'stalled': 2, 'truncated': 153, 'other': 0}  rss= 2806.4MB  (4570s)
  EVAL  step   200000  win_rate=30.00%  mean_return=2740.975  mean_foundation= 24.4/52  mean_length=822.6  q0= 1098.7 vs g0=  533.2  (greedy, 200 fixed deals)
step   201000/400000  eps=0.150  episodes=  242  mean_return=320.000  mean_loss=5212.22429  mean_foundation=  3.0/52  lifetime_outcomes={'won': 86, 'stalled': 2, 'truncated': 154, 'other': 0}  rss= 2806.4MB  (4741s)
step   202000/400000  eps=0.150  episodes=  243  mean_return=600.000  mean_loss=4892.57330  mean_foundation=  6.0/52  lifetime_outcomes={'won': 86, 'stalled': 2, 'truncated': 155, 'other': 0}  rss= 2806.4MB  (4745s)
step   203000/400000  eps=0.150  episodes=  244  mean_return=910.000  mean_loss=5078.49583  mean_foundation=  4.0/52  lifetime_outcomes={'won': 86, 'stalled': 2, 'truncated': 156, 'other': 0}  rss= 2806.4MB  (4749s)
step   204000/400000  eps=0.150  episodes=  245  mean_return=7045.090  mean_loss=5324.92800  mean_foundation= 52.0/52  lifetime_outcomes={'won': 87, 'stalled': 2, 'truncated': 156, 'other': 0}  rss= 2806.4MB  (4753s)
step   205000/400000  eps=0.150  episodes=  246  mean_return=1510.000  mean_loss=5026.50934  mean_foundation= 34.0/52  lifetime_outcomes={'won': 87, 'stalled': 2, 'truncated': 157, 'other': 0}  rss= 2806.4MB  (4757s)
step   206000/400000  eps=0.150  episodes=  247  mean_return=940.000  mean_loss=4779.86008  mean_foundation= 16.0/52  lifetime_outcomes={'won': 87, 'stalled': 2, 'truncated': 158, 'other': 0}  rss= 2806.4MB  (4761s)
step   207000/400000  eps=0.150  episodes=  248  mean_return=290.000  mean_loss=4847.98754  mean_foundation=  3.0/52  lifetime_outcomes={'won': 87, 'stalled': 2, 'truncated': 159, 'other': 0}  rss= 2806.4MB  (4765s)
step   208000/400000  eps=0.150  episodes=  250  mean_return=4002.510  mean_loss=5293.85290  mean_foundation= 34.5/52  lifetime_outcomes={'won': 88, 'stalled': 2, 'truncated': 160, 'other': 0}  rss= 2806.4MB  (4771s)
step   209000/400000  eps=0.150  episodes=  251  mean_return=1370.000  mean_loss=4907.21233  mean_foundation= 20.0/52  lifetime_outcomes={'won': 88, 'stalled': 2, 'truncated': 161, 'other': 0}  rss= 2806.4MB  (4775s)
step   210000/400000  eps=0.150  episodes=  252  mean_return=560.000  mean_loss=4753.39371  mean_foundation=  8.0/52  lifetime_outcomes={'won': 88, 'stalled': 2, 'truncated': 162, 'other': 0}  rss= 2806.4MB  (4778s)
  EVAL  step   210000  win_rate=39.00%  mean_return=3266.633  mean_foundation= 27.4/52  mean_length=771.7  q0= 1063.1 vs g0=  541.0  (greedy, 200 fixed deals)
step   211000/400000  eps=0.150  episodes=  253  mean_return=7044.860  mean_loss=5004.76416  mean_foundation= 52.0/52  lifetime_outcomes={'won': 89, 'stalled': 2, 'truncated': 162, 'other': 0}  rss= 2806.4MB  (4934s)
step   212000/400000  eps=0.150  episodes=  254  mean_return=590.000  mean_loss=4758.71871  mean_foundation=  2.0/52  lifetime_outcomes={'won': 89, 'stalled': 2, 'truncated': 163, 'other': 0}  rss= 2806.4MB  (4938s)
step   213000/400000  eps=0.150  episodes=  255  mean_return=370.000  mean_loss=4857.25386  mean_foundation=  4.0/52  lifetime_outcomes={'won': 89, 'stalled': 2, 'truncated': 164, 'other': 0}  rss= 2806.4MB  (4942s)
step   214000/400000  eps=0.150  episodes=  257  mean_return=4187.225  mean_loss=4737.17805  mean_foundation= 36.0/52  lifetime_outcomes={'won': 90, 'stalled': 2, 'truncated': 165, 'other': 0}  rss= 2806.4MB  (4946s)
step   215000/400000  eps=0.150  episodes=  258  mean_return=7046.570  mean_loss=4670.59522  mean_foundation= 52.0/52  lifetime_outcomes={'won': 91, 'stalled': 2, 'truncated': 165, 'other': 0}  rss= 2806.4MB  (4950s)
step   216000/400000  eps=0.150  episodes=  261  mean_return=4997.667  mean_loss=4985.78468  mean_foundation= 37.7/52  lifetime_outcomes={'won': 93, 'stalled': 2, 'truncated': 166, 'other': 0}  rss= 2806.4MB  (4954s)
step   217000/400000  eps=0.150  episodes=  262  mean_return=1390.000  mean_loss=4651.16662  mean_foundation= 21.0/52  lifetime_outcomes={'won': 93, 'stalled': 2, 'truncated': 167, 'other': 0}  rss= 2806.4MB  (4958s)
step   218000/400000  eps=0.150  episodes=  263  mean_return=630.000  mean_loss=4564.04981  mean_foundation= 14.0/52  lifetime_outcomes={'won': 93, 'stalled': 2, 'truncated': 168, 'other': 0}  rss= 2806.4MB  (4961s)
step   219000/400000  eps=0.150  episodes=  264  mean_return=690.000  mean_loss=4692.47126  mean_foundation= 10.0/52  lifetime_outcomes={'won': 93, 'stalled': 2, 'truncated': 169, 'other': 0}  rss= 2806.4MB  (4965s)
step   220000/400000  eps=0.150  episodes=  265  mean_return=850.000  mean_loss=4539.97968  mean_foundation=  7.0/52  lifetime_outcomes={'won': 93, 'stalled': 2, 'truncated': 170, 'other': 0}  rss= 2806.4MB  (4970s)
  EVAL  step   220000  win_rate=39.00%  mean_return=3297.749  mean_foundation= 27.9/52  mean_length=800.1  q0= 1017.4 vs g0=  502.6  (greedy, 200 fixed deals)
step   221000/400000  eps=0.150  episodes=  266  mean_return=590.000  mean_loss=4658.04360  mean_foundation=  5.0/52  lifetime_outcomes={'won': 93, 'stalled': 2, 'truncated': 171, 'other': 0}  rss= 2806.4MB  (5131s)
step   222000/400000  eps=0.150  episodes=  269  mean_return=4699.893  mean_loss=4086.42218  mean_foundation= 35.0/52  lifetime_outcomes={'won': 95, 'stalled': 3, 'truncated': 171, 'other': 0}  rss= 2806.4MB  (5134s)
step   223000/400000  eps=0.150  episodes=  270  mean_return=440.000  mean_loss=4314.15465  mean_foundation=  5.0/52  lifetime_outcomes={'won': 95, 'stalled': 3, 'truncated': 172, 'other': 0}  rss= 2806.4MB  (5138s)
step   224000/400000  eps=0.150  episodes=  271  mean_return=860.000  mean_loss=4401.12586  mean_foundation=  8.0/52  lifetime_outcomes={'won': 95, 'stalled': 3, 'truncated': 173, 'other': 0}  rss= 2806.4MB  (5141s)
step   225000/400000  eps=0.150  episodes=  272  mean_return=7046.540  mean_loss=4428.91867  mean_foundation= 52.0/52  lifetime_outcomes={'won': 96, 'stalled': 3, 'truncated': 173, 'other': 0}  rss= 2806.4MB  (5145s)
step   226000/400000  eps=0.150  episodes=  273  mean_return=1210.000  mean_loss=3958.75091  mean_foundation= 14.0/52  lifetime_outcomes={'won': 96, 'stalled': 3, 'truncated': 174, 'other': 0}  rss= 2806.4MB  (5149s)
step   227000/400000  eps=0.150  episodes=  275  mean_return=3988.740  mean_loss=4287.97425  mean_foundation= 31.0/52  lifetime_outcomes={'won': 97, 'stalled': 3, 'truncated': 175, 'other': 0}  rss= 2806.4MB  (5152s)
step   228000/400000  eps=0.150  episodes=  276  mean_return=7044.400  mean_loss=3914.42641  mean_foundation= 52.0/52  lifetime_outcomes={'won': 98, 'stalled': 3, 'truncated': 175, 'other': 0}  rss= 2806.4MB  (5156s)
step   229000/400000  eps=0.150  episodes=  278  mean_return=3681.240  mean_loss=4144.79261  mean_foundation= 28.0/52  lifetime_outcomes={'won': 99, 'stalled': 3, 'truncated': 176, 'other': 0}  rss= 2806.4MB  (5159s)
step   230000/400000  eps=0.150  episodes=  279  mean_return=7040.910  mean_loss=4055.08650  mean_foundation= 52.0/52  lifetime_outcomes={'won': 100, 'stalled': 3, 'truncated': 176, 'other': 0}  rss= 2806.4MB  (5163s)
  EVAL  step   230000  win_rate=37.00%  mean_return=3207.596  mean_foundation= 27.1/52  mean_length=815.4  q0= 1000.4 vs g0=  490.1  (greedy, 200 fixed deals)
step   231000/400000  eps=0.150  episodes=  280  mean_return=7002.920  mean_loss=4297.90915  mean_foundation= 52.0/52  lifetime_outcomes={'won': 101, 'stalled': 3, 'truncated': 176, 'other': 0}  rss= 2806.4MB  (5327s)
step   232000/400000  eps=0.150  episodes=  282  mean_return=7023.030  mean_loss=3955.72688  mean_foundation= 52.0/52  lifetime_outcomes={'won': 103, 'stalled': 3, 'truncated': 176, 'other': 0}  rss= 2806.4MB  (5331s)
step   233000/400000  eps=0.150  episodes=  283  mean_return=7043.440  mean_loss=3828.84307  mean_foundation= 52.0/52  lifetime_outcomes={'won': 104, 'stalled': 3, 'truncated': 176, 'other': 0}  rss= 2806.4MB  (5334s)
step   234000/400000  eps=0.150  episodes=  284  mean_return=740.000  mean_loss=3599.13178  mean_foundation=  6.0/52  lifetime_outcomes={'won': 104, 'stalled': 3, 'truncated': 177, 'other': 0}  rss= 2806.4MB  (5338s)
step   235000/400000  eps=0.150  episodes=  285  mean_return=330.000  mean_loss=3926.61990  mean_foundation=  4.0/52  lifetime_outcomes={'won': 104, 'stalled': 3, 'truncated': 178, 'other': 0}  rss= 2806.4MB  (5341s)
step   236000/400000  eps=0.150  episodes=  287  mean_return=3848.280  mean_loss=3678.11815  mean_foundation= 29.0/52  lifetime_outcomes={'won': 105, 'stalled': 3, 'truncated': 179, 'other': 0}  rss= 2806.4MB  (5345s)
step   237000/400000  eps=0.150  episodes=  288  mean_return=540.000  mean_loss=3713.45271  mean_foundation=  3.0/52  lifetime_outcomes={'won': 105, 'stalled': 3, 'truncated': 180, 'other': 0}  rss= 2806.4MB  (5350s)
step   238000/400000  eps=0.150  episodes=  289  mean_return=840.000  mean_loss=3674.17802  mean_foundation=  2.0/52  lifetime_outcomes={'won': 105, 'stalled': 3, 'truncated': 181, 'other': 0}  rss= 2806.4MB  (5355s)
step   239000/400000  eps=0.150  episodes=  290  mean_return=1010.000  mean_loss=3428.49021  mean_foundation= 17.0/52  lifetime_outcomes={'won': 105, 'stalled': 3, 'truncated': 182, 'other': 0}  rss= 2806.4MB  (5359s)
step   240000/400000  eps=0.150  episodes=  292  mean_return=7046.525  mean_loss=3595.31479  mean_foundation= 52.0/52  lifetime_outcomes={'won': 107, 'stalled': 3, 'truncated': 182, 'other': 0}  rss= 2806.4MB  (5363s)
  EVAL  step   240000  win_rate=38.00%  mean_return=3279.929  mean_foundation= 28.3/52  mean_length=807.1  q0=  966.3 vs g0=  493.1  (greedy, 200 fixed deals)
step   241000/400000  eps=0.150  episodes=  294  mean_return=3958.885  mean_loss=3714.49773  mean_foundation= 31.0/52  lifetime_outcomes={'won': 108, 'stalled': 3, 'truncated': 183, 'other': 0}  rss= 2806.4MB  (5552s)
step   242000/400000  eps=0.150  episodes=  295  mean_return=1000.000  mean_loss=3317.73525  mean_foundation=  9.0/52  lifetime_outcomes={'won': 108, 'stalled': 3, 'truncated': 184, 'other': 0}  rss= 2806.4MB  (5558s)
step   243000/400000  eps=0.150  episodes=  298  mean_return=7032.880  mean_loss=3569.45428  mean_foundation= 52.0/52  lifetime_outcomes={'won': 111, 'stalled': 3, 'truncated': 184, 'other': 0}  rss= 2806.4MB  (5564s)
step   244000/400000  eps=0.150  episodes=  299  mean_return=1270.000  mean_loss=3283.53378  mean_foundation=  9.0/52  lifetime_outcomes={'won': 111, 'stalled': 3, 'truncated': 185, 'other': 0}  rss= 2806.4MB  (5570s)
step   245000/400000  eps=0.150  episodes=  300  mean_return=7041.440  mean_loss=3683.55516  mean_foundation= 52.0/52  lifetime_outcomes={'won': 112, 'stalled': 3, 'truncated': 185, 'other': 0}  rss= 2806.4MB  (5576s)
step   246000/400000  eps=0.150  episodes=  301  mean_return=7044.280  mean_loss=3265.84950  mean_foundation= 52.0/52  lifetime_outcomes={'won': 113, 'stalled': 3, 'truncated': 185, 'other': 0}  rss= 2806.4MB  (5582s)
step   247000/400000  eps=0.150  episodes=  303  mean_return=4122.465  mean_loss=3427.51287  mean_foundation= 36.0/52  lifetime_outcomes={'won': 114, 'stalled': 3, 'truncated': 186, 'other': 0}  rss= 2806.4MB  (5587s)
step   248000/400000  eps=0.150  episodes=  304  mean_return=400.000  mean_loss=3443.98707  mean_foundation=  3.0/52  lifetime_outcomes={'won': 114, 'stalled': 3, 'truncated': 187, 'other': 0}  rss= 2806.4MB  (5594s)
step   249000/400000  eps=0.150  episodes=  305  mean_return=640.000  mean_loss=3404.79020  mean_foundation=  5.0/52  lifetime_outcomes={'won': 114, 'stalled': 3, 'truncated': 188, 'other': 0}  rss= 2806.4MB  (5600s)
step   250000/400000  eps=0.150  episodes=  306  mean_return=330.000  mean_loss=3283.64718  mean_foundation=  4.0/52  lifetime_outcomes={'won': 114, 'stalled': 3, 'truncated': 189, 'other': 0}  rss= 2806.4MB  (5604s)
  EVAL  step   250000  win_rate=39.50%  mean_return=3311.535  mean_foundation= 27.9/52  mean_length=776.5  q0=  941.1 vs g0=  555.6  (greedy, 200 fixed deals)
step   251000/400000  eps=0.150  episodes=  307  mean_return=7042.900  mean_loss=3329.01364  mean_foundation= 52.0/52  lifetime_outcomes={'won': 115, 'stalled': 3, 'truncated': 189, 'other': 0}  rss= 2806.4MB  (5818s)
step   252000/400000  eps=0.150  episodes=  308  mean_return=7043.040  mean_loss=3320.87164  mean_foundation= 52.0/52  lifetime_outcomes={'won': 116, 'stalled': 3, 'truncated': 189, 'other': 0}  rss= 2806.4MB  (5825s)
step   253000/400000  eps=0.150  episodes=  310  mean_return=3875.015  mean_loss=3304.71739  mean_foundation= 30.5/52  lifetime_outcomes={'won': 117, 'stalled': 4, 'truncated': 189, 'other': 0}  rss= 2806.4MB  (5832s)
step   254000/400000  eps=0.150  episodes=  311  mean_return=770.000  mean_loss=3211.56388  mean_foundation=  7.0/52  lifetime_outcomes={'won': 117, 'stalled': 4, 'truncated': 190, 'other': 0}  rss= 2806.4MB  (5838s)
step   255000/400000  eps=0.150  episodes=  313  mean_return=3786.650  mean_loss=3057.53941  mean_foundation= 27.0/52  lifetime_outcomes={'won': 118, 'stalled': 4, 'truncated': 191, 'other': 0}  rss= 2806.4MB  (5844s)
step   256000/400000  eps=0.150  episodes=  314  mean_return=7045.530  mean_loss=3050.56837  mean_foundation= 52.0/52  lifetime_outcomes={'won': 119, 'stalled': 4, 'truncated': 191, 'other': 0}  rss= 2806.4MB  (5850s)
step   257000/400000  eps=0.150  episodes=  316  mean_return=4272.845  mean_loss=3224.70109  mean_foundation= 41.5/52  lifetime_outcomes={'won': 120, 'stalled': 4, 'truncated': 192, 'other': 0}  rss= 2806.4MB  (5856s)
step   258000/400000  eps=0.150  episodes=  317  mean_return=1560.000  mean_loss=2949.58654  mean_foundation= 23.0/52  lifetime_outcomes={'won': 120, 'stalled': 4, 'truncated': 193, 'other': 0}  rss= 2806.4MB  (5863s)
step   259000/400000  eps=0.150  episodes=  318  mean_return=7047.000  mean_loss=3180.56653  mean_foundation= 52.0/52  lifetime_outcomes={'won': 121, 'stalled': 4, 'truncated': 193, 'other': 0}  rss= 2806.4MB  (5869s)
step   260000/400000  eps=0.150  episodes=  319  mean_return=1020.000  mean_loss=3079.10354  mean_foundation= 19.0/52  lifetime_outcomes={'won': 121, 'stalled': 4, 'truncated': 194, 'other': 0}  rss= 2806.4MB  (5875s)
  EVAL  step   260000  win_rate=39.50%  mean_return=3321.312  mean_foundation= 28.3/52  mean_length=783.8  q0=  917.5 vs g0=  542.4  (greedy, 200 fixed deals)
step   261000/400000  eps=0.150  episodes=  321  mean_return=4137.095  mean_loss=3125.02278  mean_foundation= 31.5/52  lifetime_outcomes={'won': 122, 'stalled': 4, 'truncated': 195, 'other': 0}  rss= 2806.4MB  (6142s)
step   262000/400000  eps=0.150  episodes=  322  mean_return=480.000  mean_loss=3353.43810  mean_foundation=  7.0/52  lifetime_outcomes={'won': 122, 'stalled': 4, 'truncated': 196, 'other': 0}  rss= 2806.4MB  (6150s)
step   263000/400000  eps=0.150  episodes=  323  mean_return=370.000  mean_loss=3278.43238  mean_foundation=  8.0/52  lifetime_outcomes={'won': 122, 'stalled': 4, 'truncated': 197, 'other': 0}  rss= 2806.4MB  (6157s)
step   264000/400000  eps=0.150  episodes=  324  mean_return=830.000  mean_loss=3277.39550  mean_foundation=  4.0/52  lifetime_outcomes={'won': 122, 'stalled': 4, 'truncated': 198, 'other': 0}  rss= 2806.4MB  (6165s)
step   265000/400000  eps=0.150  episodes=  325  mean_return=710.000  mean_loss=3275.64516  mean_foundation=  4.0/52  lifetime_outcomes={'won': 122, 'stalled': 4, 'truncated': 199, 'other': 0}  rss= 2806.4MB  (6172s)
step   266000/400000  eps=0.150  episodes=  326  mean_return=1080.000  mean_loss=2958.07592  mean_foundation=  9.0/52  lifetime_outcomes={'won': 122, 'stalled': 4, 'truncated': 200, 'other': 0}  rss= 2806.4MB  (6180s)
step   267000/400000  eps=0.150  episodes=  327  mean_return=7045.110  mean_loss=3076.78232  mean_foundation= 52.0/52  lifetime_outcomes={'won': 123, 'stalled': 4, 'truncated': 200, 'other': 0}  rss= 2806.4MB  (6186s)
step   268000/400000  eps=0.150  episodes=  328  mean_return=810.000  mean_loss=2974.17508  mean_foundation=  6.0/52  lifetime_outcomes={'won': 123, 'stalled': 4, 'truncated': 201, 'other': 0}  rss= 2806.4MB  (6194s)
step   269000/400000  eps=0.150  episodes=  330  mean_return=3797.375  mean_loss=3064.89426  mean_foundation= 30.5/52  lifetime_outcomes={'won': 124, 'stalled': 4, 'truncated': 202, 'other': 0}  rss= 2806.4MB  (6202s)
step   270000/400000  eps=0.150  episodes=  332  mean_return=7044.805  mean_loss=3068.94066  mean_foundation= 52.0/52  lifetime_outcomes={'won': 126, 'stalled': 4, 'truncated': 202, 'other': 0}  rss= 2806.4MB  (6208s)
  EVAL  step   270000  win_rate=42.50%  mean_return=3491.440  mean_foundation= 29.3/52  mean_length=766.0  q0=  876.6 vs g0=  525.5  (greedy, 200 fixed deals)
step   271000/400000  eps=0.150  episodes=  334  mean_return=7047.105  mean_loss=3164.40432  mean_foundation= 52.0/52  lifetime_outcomes={'won': 128, 'stalled': 4, 'truncated': 202, 'other': 0}  rss= 2806.4MB  (6492s)
step   272000/400000  eps=0.150  episodes=  335  mean_return=1360.000  mean_loss=3099.50594  mean_foundation= 19.0/52  lifetime_outcomes={'won': 128, 'stalled': 4, 'truncated': 203, 'other': 0}  rss= 2806.4MB  (6500s)
step   273000/400000  eps=0.150  episodes=  338  mean_return=7044.470  mean_loss=2967.52086  mean_foundation= 52.0/52  lifetime_outcomes={'won': 131, 'stalled': 4, 'truncated': 203, 'other': 0}  rss= 2806.4MB  (6508s)
step   274000/400000  eps=0.150  episodes=  339  mean_return=1600.000  mean_loss=3125.69224  mean_foundation= 28.0/52  lifetime_outcomes={'won': 131, 'stalled': 4, 'truncated': 204, 'other': 0}  rss= 2806.4MB  (6517s)
step   275000/400000  eps=0.150  episodes=  340  mean_return=1090.000  mean_loss=2930.97075  mean_foundation=  6.0/52  lifetime_outcomes={'won': 131, 'stalled': 4, 'truncated': 205, 'other': 0}  rss= 2806.4MB  (6525s)
step   276000/400000  eps=0.150  episodes=  341  mean_return=7044.690  mean_loss=2864.02918  mean_foundation= 52.0/52  lifetime_outcomes={'won': 132, 'stalled': 4, 'truncated': 205, 'other': 0}  rss= 2806.4MB  (6533s)
step   277000/400000  eps=0.150  episodes=  342  mean_return=980.000  mean_loss=2927.75021  mean_foundation=  9.0/52  lifetime_outcomes={'won': 132, 'stalled': 4, 'truncated': 206, 'other': 0}  rss= 2806.4MB  (6541s)
step   278000/400000  eps=0.150  episodes=  344  mean_return=3963.405  mean_loss=3069.38722  mean_foundation= 31.0/52  lifetime_outcomes={'won': 133, 'stalled': 4, 'truncated': 207, 'other': 0}  rss= 2806.4MB  (6548s)
step   279000/400000  eps=0.150  episodes=  345  mean_return=760.000  mean_loss=2777.55721  mean_foundation=  7.0/52  lifetime_outcomes={'won': 133, 'stalled': 4, 'truncated': 208, 'other': 0}  rss= 2806.4MB  (6557s)
step   280000/400000  eps=0.150  episodes=  346  mean_return=1190.000  mean_loss=2922.81420  mean_foundation= 16.0/52  lifetime_outcomes={'won': 133, 'stalled': 4, 'truncated': 209, 'other': 0}  rss= 2806.4MB  (6564s)
  EVAL  step   280000  win_rate=43.00%  mean_return=3519.358  mean_foundation= 28.6/52  mean_length=784.2  q0=  852.1 vs g0=  506.1  (greedy, 200 fixed deals)
step   281000/400000  eps=0.150  episodes=  347  mean_return=900.000  mean_loss=3013.43185  mean_foundation=  8.0/52  lifetime_outcomes={'won': 133, 'stalled': 4, 'truncated': 210, 'other': 0}  rss= 2806.4MB  (6802s)
step   282000/400000  eps=0.150  episodes=  348  mean_return=7041.370  mean_loss=2876.67350  mean_foundation= 52.0/52  lifetime_outcomes={'won': 134, 'stalled': 4, 'truncated': 210, 'other': 0}  rss= 2806.4MB  (6811s)
step   283000/400000  eps=0.150  episodes=  351  mean_return=7045.773  mean_loss=2965.26111  mean_foundation= 52.0/52  lifetime_outcomes={'won': 137, 'stalled': 4, 'truncated': 210, 'other': 0}  rss= 2806.4MB  (6820s)
step   284000/400000  eps=0.150  episodes=  353  mean_return=7045.350  mean_loss=2743.72458  mean_foundation= 52.0/52  lifetime_outcomes={'won': 139, 'stalled': 4, 'truncated': 210, 'other': 0}  rss= 2806.4MB  (6829s)
step   285000/400000  eps=0.150  episodes=  355  mean_return=7044.730  mean_loss=2940.79027  mean_foundation= 52.0/52  lifetime_outcomes={'won': 141, 'stalled': 4, 'truncated': 210, 'other': 0}  rss= 2806.4MB  (6838s)
step   286000/400000  eps=0.150  episodes=  356  mean_return= 70.000  mean_loss=2895.68963  mean_foundation=  2.0/52  lifetime_outcomes={'won': 141, 'stalled': 4, 'truncated': 211, 'other': 0}  rss= 2806.4MB  (6844s)
step   287000/400000  eps=0.150  episodes=  357  mean_return=530.000  mean_loss=2975.17349  mean_foundation=  5.0/52  lifetime_outcomes={'won': 141, 'stalled': 4, 'truncated': 212, 'other': 0}  rss= 2806.4MB  (6853s)
step   288000/400000  eps=0.150  episodes=  358  mean_return=7043.820  mean_loss=2795.72690  mean_foundation= 52.0/52  lifetime_outcomes={'won': 142, 'stalled': 4, 'truncated': 212, 'other': 0}  rss= 2806.4MB  (6862s)
step   289000/400000  eps=0.150  episodes=  359  mean_return=7042.530  mean_loss=3004.94427  mean_foundation= 52.0/52  lifetime_outcomes={'won': 143, 'stalled': 4, 'truncated': 212, 'other': 0}  rss= 2806.4MB  (6870s)
step   290000/400000  eps=0.150  episodes=  361  mean_return=3783.260  mean_loss=2832.97595  mean_foundation= 26.5/52  lifetime_outcomes={'won': 144, 'stalled': 4, 'truncated': 213, 'other': 0}  rss= 2806.4MB  (6880s)
  EVAL  step   290000  win_rate=42.00%  mean_return=3484.033  mean_foundation= 28.8/52  mean_length=776.7  q0=  844.1 vs g0=  539.9  (greedy, 200 fixed deals)
step   291000/400000  eps=0.150  episodes=  362  mean_return=1600.000  mean_loss=2802.26515  mean_foundation= 24.0/52  lifetime_outcomes={'won': 144, 'stalled': 4, 'truncated': 214, 'other': 0}  rss= 2806.4MB  (7167s)
step   292000/400000  eps=0.150  episodes=  363  mean_return=240.000  mean_loss=2613.91100  mean_foundation=  4.0/52  lifetime_outcomes={'won': 144, 'stalled': 4, 'truncated': 215, 'other': 0}  rss= 2806.4MB  (7171s)
step   293000/400000  eps=0.150  episodes=  364  mean_return=870.000  mean_loss=2752.84707  mean_foundation= 13.0/52  lifetime_outcomes={'won': 144, 'stalled': 4, 'truncated': 216, 'other': 0}  rss= 2806.4MB  (7175s)
step   294000/400000  eps=0.150  episodes=  365  mean_return=1130.000  mean_loss=2728.36598  mean_foundation= 12.0/52  lifetime_outcomes={'won': 144, 'stalled': 4, 'truncated': 217, 'other': 0}  rss= 2806.4MB  (7179s)
step   295000/400000  eps=0.150  episodes=  366  mean_return=1390.000  mean_loss=2606.35286  mean_foundation= 17.0/52  lifetime_outcomes={'won': 144, 'stalled': 4, 'truncated': 218, 'other': 0}  rss= 2806.4MB  (7183s)
step   296000/400000  eps=0.150  episodes=  367  mean_return=7045.580  mean_loss=2652.64229  mean_foundation= 52.0/52  lifetime_outcomes={'won': 145, 'stalled': 4, 'truncated': 218, 'other': 0}  rss= 2806.4MB  (7187s)
step   297000/400000  eps=0.150  episodes=  368  mean_return=940.000  mean_loss=2660.13471  mean_foundation=  8.0/52  lifetime_outcomes={'won': 145, 'stalled': 4, 'truncated': 219, 'other': 0}  rss= 2806.4MB  (7191s)
step   298000/400000  eps=0.150  episodes=  370  mean_return=3650.720  mean_loss=2857.47387  mean_foundation= 29.5/52  lifetime_outcomes={'won': 146, 'stalled': 4, 'truncated': 220, 'other': 0}  rss= 2806.4MB  (7195s)
step   299000/400000  eps=0.150  episodes=  371  mean_return=650.000  mean_loss=2636.08270  mean_foundation=  8.0/52  lifetime_outcomes={'won': 146, 'stalled': 4, 'truncated': 221, 'other': 0}  rss= 2806.4MB  (7199s)
step   300000/400000  eps=0.150  episodes=  372  mean_return=1100.000  mean_loss=2391.53202  mean_foundation= 13.0/52  lifetime_outcomes={'won': 146, 'stalled': 4, 'truncated': 222, 'other': 0}  rss= 2806.4MB  (7202s)
  EVAL  step   300000  win_rate=38.00%  mean_return=3217.375  mean_foundation= 27.2/52  mean_length=782.5  q0=  805.4 vs g0=  545.8  (greedy, 200 fixed deals)
step   301000/400000  eps=0.150  episodes=  374  mean_return=7025.965  mean_loss=2665.89847  mean_foundation= 52.0/52  lifetime_outcomes={'won': 148, 'stalled': 4, 'truncated': 222, 'other': 0}  rss= 2806.4MB  (7364s)
step   302000/400000  eps=0.150  episodes=  376  mean_return=7045.925  mean_loss=2627.01848  mean_foundation= 52.0/52  lifetime_outcomes={'won': 150, 'stalled': 4, 'truncated': 222, 'other': 0}  rss= 2806.4MB  (7368s)
step   303000/400000  eps=0.150  episodes=  377  mean_return=320.000  mean_loss=2611.20055  mean_foundation=  5.0/52  lifetime_outcomes={'won': 150, 'stalled': 4, 'truncated': 223, 'other': 0}  rss= 2806.4MB  (7372s)
step   304000/400000  eps=0.150  episodes=  378  mean_return=7040.080  mean_loss=2549.84485  mean_foundation= 52.0/52  lifetime_outcomes={'won': 151, 'stalled': 4, 'truncated': 223, 'other': 0}  rss= 2806.4MB  (7375s)
step   305000/400000  eps=0.150  episodes=  379  mean_return=250.000  mean_loss=2511.24330  mean_foundation=  3.0/52  lifetime_outcomes={'won': 151, 'stalled': 4, 'truncated': 224, 'other': 0}  rss= 2806.4MB  (7379s)
step   306000/400000  eps=0.150  episodes=  380  mean_return=990.000  mean_loss=2579.08703  mean_foundation=  6.0/52  lifetime_outcomes={'won': 151, 'stalled': 4, 'truncated': 225, 'other': 0}  rss= 2806.4MB  (7385s)
step   307000/400000  eps=0.150  episodes=  382  mean_return=3652.940  mean_loss=2575.92539  mean_foundation= 29.0/52  lifetime_outcomes={'won': 152, 'stalled': 4, 'truncated': 226, 'other': 0}  rss= 2806.4MB  (7392s)
step   308000/400000  eps=0.150  episodes=  383  mean_return=7045.120  mean_loss=2569.11343  mean_foundation= 52.0/52  lifetime_outcomes={'won': 153, 'stalled': 4, 'truncated': 226, 'other': 0}  rss= 2806.4MB  (7395s)
step   309000/400000  eps=0.150  episodes=  384  mean_return=1320.000  mean_loss=2512.02817  mean_foundation= 19.0/52  lifetime_outcomes={'won': 153, 'stalled': 4, 'truncated': 227, 'other': 0}  rss= 2806.4MB  (7399s)
step   310000/400000  eps=0.150  episodes=  385  mean_return=470.000  mean_loss=2461.17589  mean_foundation=  8.0/52  lifetime_outcomes={'won': 153, 'stalled': 4, 'truncated': 228, 'other': 0}  rss= 2806.4MB  (7403s)
  EVAL  step   310000  win_rate=40.50%  mean_return=3390.870  mean_foundation= 28.6/52  mean_length=783.0  q0=  770.4 vs g0=  527.1  (greedy, 200 fixed deals)
step   311000/400000  eps=0.150  episodes=  386  mean_return=700.000  mean_loss=2588.90528  mean_foundation=  7.0/52  lifetime_outcomes={'won': 153, 'stalled': 4, 'truncated': 229, 'other': 0}  rss= 2806.4MB  (7564s)
step   312000/400000  eps=0.150  episodes=  387  mean_return=910.000  mean_loss=2472.66118  mean_foundation=  8.0/52  lifetime_outcomes={'won': 153, 'stalled': 4, 'truncated': 230, 'other': 0}  rss= 2806.4MB  (7568s)
step   313000/400000  eps=0.150  episodes=  388  mean_return=1050.000  mean_loss=2499.63614  mean_foundation= 11.0/52  lifetime_outcomes={'won': 153, 'stalled': 4, 'truncated': 231, 'other': 0}  rss= 2806.4MB  (7572s)
step   314000/400000  eps=0.150  episodes=  389  mean_return=390.000  mean_loss=2549.36923  mean_foundation=  1.0/52  lifetime_outcomes={'won': 153, 'stalled': 4, 'truncated': 232, 'other': 0}  rss= 2806.4MB  (7577s)
step   315000/400000  eps=0.150  episodes=  390  mean_return=320.000  mean_loss=2377.86025  mean_foundation=  2.0/52  lifetime_outcomes={'won': 153, 'stalled': 4, 'truncated': 233, 'other': 0}  rss= 2806.4MB  (7583s)
step   316000/400000  eps=0.150  episodes=  391  mean_return=7043.430  mean_loss=2437.42888  mean_foundation= 52.0/52  lifetime_outcomes={'won': 154, 'stalled': 4, 'truncated': 233, 'other': 0}  rss= 2806.4MB  (7592s)
step   317000/400000  eps=0.150  episodes=  392  mean_return=180.000  mean_loss=2437.77036  mean_foundation=  2.0/52  lifetime_outcomes={'won': 154, 'stalled': 4, 'truncated': 234, 'other': 0}  rss= 2806.4MB  (7601s)
step   318000/400000  eps=0.150  episodes=  394  mean_return=3853.715  mean_loss=2377.61808  mean_foundation= 32.5/52  lifetime_outcomes={'won': 155, 'stalled': 4, 'truncated': 235, 'other': 0}  rss= 2806.4MB  (7609s)
step   319000/400000  eps=0.150  episodes=  396  mean_return=3858.230  mean_loss=2490.81559  mean_foundation= 29.5/52  lifetime_outcomes={'won': 156, 'stalled': 4, 'truncated': 236, 'other': 0}  rss= 2806.4MB  (7618s)
step   320000/400000  eps=0.150  episodes=  398  mean_return=7025.215  mean_loss=2493.11830  mean_foundation= 52.0/52  lifetime_outcomes={'won': 158, 'stalled': 4, 'truncated': 236, 'other': 0}  rss= 2806.4MB  (7625s)
  EVAL  step   320000  win_rate=39.50%  mean_return=3346.564  mean_foundation= 28.7/52  mean_length=788.6  q0=  743.1 vs g0=  524.1  (greedy, 200 fixed deals)
step   321000/400000  eps=0.150  episodes=  401  mean_return=7046.097  mean_loss=2456.37739  mean_foundation= 52.0/52  lifetime_outcomes={'won': 161, 'stalled': 4, 'truncated': 236, 'other': 0}  rss= 2806.4MB  (7918s)
step   322000/400000  eps=0.150  episodes=  402  mean_return=1750.000  mean_loss=2393.43967  mean_foundation= 32.0/52  lifetime_outcomes={'won': 161, 'stalled': 4, 'truncated': 237, 'other': 0}  rss= 2806.4MB  (7925s)
step   323000/400000  eps=0.150  episodes=  403  mean_return=620.000  mean_loss=2356.47735  mean_foundation=  5.0/52  lifetime_outcomes={'won': 161, 'stalled': 4, 'truncated': 238, 'other': 0}  rss= 2806.4MB  (7931s)
step   324000/400000  eps=0.150  episodes=  404  mean_return=1210.000  mean_loss=2503.80031  mean_foundation=  9.0/52  lifetime_outcomes={'won': 161, 'stalled': 4, 'truncated': 239, 'other': 0}  rss= 2806.4MB  (7939s)
step   325000/400000  eps=0.150  episodes=  405  mean_return=7003.530  mean_loss=2329.40068  mean_foundation= 52.0/52  lifetime_outcomes={'won': 162, 'stalled': 4, 'truncated': 239, 'other': 0}  rss= 2806.4MB  (7948s)
step   326000/400000  eps=0.150  episodes=  406  mean_return=670.000  mean_loss=2269.59392  mean_foundation=  5.0/52  lifetime_outcomes={'won': 162, 'stalled': 4, 'truncated': 240, 'other': 0}  rss= 2806.4MB  (7957s)
step   327000/400000  eps=0.150  episodes=  407  mean_return=580.000  mean_loss=2414.30350  mean_foundation=  2.0/52  lifetime_outcomes={'won': 162, 'stalled': 4, 'truncated': 241, 'other': 0}  rss= 2806.4MB  (7965s)
step   328000/400000  eps=0.150  episodes=  408  mean_return=7044.360  mean_loss=2459.20852  mean_foundation= 52.0/52  lifetime_outcomes={'won': 163, 'stalled': 4, 'truncated': 241, 'other': 0}  rss= 2806.4MB  (7974s)
step   329000/400000  eps=0.150  episodes=  409  mean_return=620.000  mean_loss=2397.41985  mean_foundation=  4.0/52  lifetime_outcomes={'won': 163, 'stalled': 4, 'truncated': 242, 'other': 0}  rss= 2806.4MB  (7982s)
step   330000/400000  eps=0.150  episodes=  410  mean_return=1260.000  mean_loss=2348.02465  mean_foundation=  9.0/52  lifetime_outcomes={'won': 163, 'stalled': 4, 'truncated': 243, 'other': 0}  rss= 2806.4MB  (7990s)
  EVAL  step   330000  win_rate=42.50%  mean_return=3488.590  mean_foundation= 28.6/52  mean_length=776.0  q0=  721.1 vs g0=  529.5  (greedy, 200 fixed deals)
step   331000/400000  eps=0.150  episodes=  412  mean_return=3987.430  mean_loss=2286.47453  mean_foundation= 29.5/52  lifetime_outcomes={'won': 164, 'stalled': 4, 'truncated': 244, 'other': 0}  rss= 2806.4MB  (8236s)
step   332000/400000  eps=0.150  episodes=  414  mean_return=7044.105  mean_loss=2378.37693  mean_foundation= 52.0/52  lifetime_outcomes={'won': 166, 'stalled': 4, 'truncated': 244, 'other': 0}  rss= 2806.4MB  (8245s)
step   333000/400000  eps=0.150  episodes=  415  mean_return=7045.900  mean_loss=2310.05828  mean_foundation= 52.0/52  lifetime_outcomes={'won': 167, 'stalled': 4, 'truncated': 244, 'other': 0}  rss= 2806.4MB  (8253s)
step   334000/400000  eps=0.150  episodes=  417  mean_return=4018.415  mean_loss=2304.59577  mean_foundation= 30.0/52  lifetime_outcomes={'won': 168, 'stalled': 4, 'truncated': 245, 'other': 0}  rss= 2806.4MB  (8262s)
step   335000/400000  eps=0.150  episodes=  418  mean_return=7042.870  mean_loss=2296.15399  mean_foundation= 52.0/52  lifetime_outcomes={'won': 169, 'stalled': 4, 'truncated': 245, 'other': 0}  rss= 2806.4MB  (8270s)
step   336000/400000  eps=0.150  episodes=  419  mean_return=430.000  mean_loss=2195.60322  mean_foundation=  1.0/52  lifetime_outcomes={'won': 169, 'stalled': 4, 'truncated': 246, 'other': 0}  rss= 2806.4MB  (8279s)
step   337000/400000  eps=0.150  episodes=  422  mean_return=5074.623  mean_loss=2445.39799  mean_foundation= 40.3/52  lifetime_outcomes={'won': 171, 'stalled': 4, 'truncated': 247, 'other': 0}  rss= 2806.4MB  (8287s)
step   338000/400000  eps=0.150  episodes=  423  mean_return=760.000  mean_loss=2289.91198  mean_foundation=  8.0/52  lifetime_outcomes={'won': 171, 'stalled': 4, 'truncated': 248, 'other': 0}  rss= 2806.4MB  (8293s)
step   339000/400000  eps=0.150  episodes=  424  mean_return=1090.000  mean_loss=2223.30739  mean_foundation= 15.0/52  lifetime_outcomes={'won': 171, 'stalled': 4, 'truncated': 249, 'other': 0}  rss= 2806.4MB  (8297s)
step   340000/400000  eps=0.150  episodes=  426  mean_return=7046.800  mean_loss=2222.11734  mean_foundation= 52.0/52  lifetime_outcomes={'won': 173, 'stalled': 4, 'truncated': 249, 'other': 0}  rss= 2806.4MB  (8301s)
  EVAL  step   340000  win_rate=38.00%  mean_return=3224.847  mean_foundation= 27.3/52  mean_length=800.3  q0=  691.3 vs g0=  526.1  (greedy, 200 fixed deals)
step   341000/400000  eps=0.150  episodes=  427  mean_return=7044.530  mean_loss=2293.99682  mean_foundation= 52.0/52  lifetime_outcomes={'won': 174, 'stalled': 4, 'truncated': 249, 'other': 0}  rss= 2806.4MB  (8466s)
step   342000/400000  eps=0.150  episodes=  429  mean_return=4061.865  mean_loss=2288.75097  mean_foundation= 30.5/52  lifetime_outcomes={'won': 175, 'stalled': 4, 'truncated': 250, 'other': 0}  rss= 2806.4MB  (8470s)
step   343000/400000  eps=0.150  episodes=  430  mean_return=7045.120  mean_loss=2346.96964  mean_foundation= 52.0/52  lifetime_outcomes={'won': 176, 'stalled': 4, 'truncated': 250, 'other': 0}  rss= 2806.4MB  (8474s)
step   344000/400000  eps=0.150  episodes=  432  mean_return=4145.950  mean_loss=2152.97601  mean_foundation= 38.0/52  lifetime_outcomes={'won': 177, 'stalled': 4, 'truncated': 251, 'other': 0}  rss= 2806.4MB  (8478s)
step   345000/400000  eps=0.150  episodes=  433  mean_return=420.000  mean_loss=2342.30363  mean_foundation=  5.0/52  lifetime_outcomes={'won': 177, 'stalled': 4, 'truncated': 252, 'other': 0}  rss= 2806.4MB  (8482s)
step   346000/400000  eps=0.150  episodes=  434  mean_return=640.000  mean_loss=2316.70277  mean_foundation=  4.0/52  lifetime_outcomes={'won': 177, 'stalled': 4, 'truncated': 253, 'other': 0}  rss= 2806.4MB  (8487s)
step   347000/400000  eps=0.150  episodes=  435  mean_return=1490.000  mean_loss=2111.66159  mean_foundation= 20.0/52  lifetime_outcomes={'won': 177, 'stalled': 4, 'truncated': 254, 'other': 0}  rss= 2806.4MB  (8491s)
step   348000/400000  eps=0.150  episodes=  436  mean_return=830.000  mean_loss=2297.57625  mean_foundation=  8.0/52  lifetime_outcomes={'won': 177, 'stalled': 4, 'truncated': 255, 'other': 0}  rss= 2806.4MB  (8495s)
step   349000/400000  eps=0.150  episodes=  438  mean_return=7025.000  mean_loss=2175.60124  mean_foundation= 52.0/52  lifetime_outcomes={'won': 179, 'stalled': 4, 'truncated': 255, 'other': 0}  rss= 2806.4MB  (8501s)
step   350000/400000  eps=0.150  episodes=  439  mean_return=7046.520  mean_loss=2208.98366  mean_foundation= 52.0/52  lifetime_outcomes={'won': 180, 'stalled': 4, 'truncated': 255, 'other': 0}  rss= 2806.4MB  (8505s)
  EVAL  step   350000  win_rate=40.00%  mean_return=3390.568  mean_foundation= 28.7/52  mean_length=778.2  q0=  686.9 vs g0=  522.8  (greedy, 200 fixed deals)
step   351000/400000  eps=0.150  episodes=  440  mean_return=660.000  mean_loss=2132.15492  mean_foundation= 10.0/52  lifetime_outcomes={'won': 180, 'stalled': 4, 'truncated': 256, 'other': 0}  rss= 2806.4MB  (8669s)
step   352000/400000  eps=0.150  episodes=  441  mean_return=260.000  mean_loss=2179.54596  mean_foundation=  5.0/52  lifetime_outcomes={'won': 180, 'stalled': 4, 'truncated': 257, 'other': 0}  rss= 2806.4MB  (8673s)
step   353000/400000  eps=0.150  episodes=  443  mean_return=3848.320  mean_loss=2201.51610  mean_foundation= 31.5/52  lifetime_outcomes={'won': 181, 'stalled': 4, 'truncated': 258, 'other': 0}  rss= 2806.4MB  (8677s)
step   354000/400000  eps=0.150  episodes=  444  mean_return=1250.000  mean_loss=2182.07809  mean_foundation= 17.0/52  lifetime_outcomes={'won': 181, 'stalled': 4, 'truncated': 259, 'other': 0}  rss= 2806.4MB  (8681s)
step   355000/400000  eps=0.150  episodes=  445  mean_return=630.000  mean_loss=2117.58710  mean_foundation=  4.0/52  lifetime_outcomes={'won': 181, 'stalled': 4, 'truncated': 260, 'other': 0}  rss= 2806.4MB  (8686s)
step   356000/400000  eps=0.150  episodes=  446  mean_return=1380.000  mean_loss=2126.84715  mean_foundation= 16.0/52  lifetime_outcomes={'won': 181, 'stalled': 4, 'truncated': 261, 'other': 0}  rss= 2806.4MB  (8690s)
step   357000/400000  eps=0.150  episodes=  447  mean_return=1240.000  mean_loss=2132.96768  mean_foundation= 15.0/52  lifetime_outcomes={'won': 181, 'stalled': 4, 'truncated': 262, 'other': 0}  rss= 2806.4MB  (8695s)
step   358000/400000  eps=0.150  episodes=  448  mean_return=1320.000  mean_loss=2233.37657  mean_foundation= 32.0/52  lifetime_outcomes={'won': 181, 'stalled': 4, 'truncated': 263, 'other': 0}  rss= 2806.4MB  (8699s)
step   359000/400000  eps=0.150  episodes=  450  mean_return=7046.125  mean_loss=2084.55967  mean_foundation= 52.0/52  lifetime_outcomes={'won': 183, 'stalled': 4, 'truncated': 263, 'other': 0}  rss= 2806.4MB  (8702s)
step   360000/400000  eps=0.150  episodes=  451  mean_return=7043.060  mean_loss=2085.06416  mean_foundation= 52.0/52  lifetime_outcomes={'won': 184, 'stalled': 4, 'truncated': 263, 'other': 0}  rss= 2806.4MB  (8707s)
  EVAL  step   360000  win_rate=37.00%  mean_return=3168.800  mean_foundation= 27.0/52  mean_length=800.0  q0=  666.5 vs g0=  538.3  (greedy, 200 fixed deals)
step   361000/400000  eps=0.150  episodes=  452  mean_return=920.000  mean_loss=2095.50137  mean_foundation= 14.0/52  lifetime_outcomes={'won': 184, 'stalled': 4, 'truncated': 264, 'other': 0}  rss= 2806.4MB  (8875s)
step   362000/400000  eps=0.150  episodes=  454  mean_return=3657.420  mean_loss=2112.55946  mean_foundation= 29.5/52  lifetime_outcomes={'won': 185, 'stalled': 4, 'truncated': 265, 'other': 0}  rss= 2806.4MB  (8879s)
step   363000/400000  eps=0.150  episodes=  455  mean_return=7003.500  mean_loss=2076.32171  mean_foundation= 52.0/52  lifetime_outcomes={'won': 186, 'stalled': 4, 'truncated': 265, 'other': 0}  rss= 2806.4MB  (8882s)
step   364000/400000  eps=0.150  episodes=  457  mean_return=7042.995  mean_loss=1919.65426  mean_foundation= 52.0/52  lifetime_outcomes={'won': 188, 'stalled': 4, 'truncated': 265, 'other': 0}  rss= 2806.4MB  (8886s)
step   365000/400000  eps=0.150  episodes=  458  mean_return=330.000  mean_loss=2084.56015  mean_foundation=  8.0/52  lifetime_outcomes={'won': 188, 'stalled': 4, 'truncated': 266, 'other': 0}  rss= 2806.4MB  (8889s)
step   366000/400000  eps=0.150  episodes=  459  mean_return=1420.000  mean_loss=2044.47511  mean_foundation= 14.0/52  lifetime_outcomes={'won': 188, 'stalled': 4, 'truncated': 267, 'other': 0}  rss= 2806.4MB  (8893s)
step   367000/400000  eps=0.150  episodes=  460  mean_return=570.000  mean_loss=2011.50990  mean_foundation=  4.0/52  lifetime_outcomes={'won': 188, 'stalled': 4, 'truncated': 268, 'other': 0}  rss= 2806.4MB  (8897s)
step   368000/400000  eps=0.150  episodes=  463  mean_return=7033.047  mean_loss=1966.74726  mean_foundation= 52.0/52  lifetime_outcomes={'won': 191, 'stalled': 4, 'truncated': 268, 'other': 0}  rss= 2806.4MB  (8901s)
step   369000/400000  eps=0.150  episodes=  464  mean_return=900.000  mean_loss=2074.58865  mean_foundation=  9.0/52  lifetime_outcomes={'won': 191, 'stalled': 4, 'truncated': 269, 'other': 0}  rss= 2806.4MB  (8905s)
step   370000/400000  eps=0.150  episodes=  465  mean_return=1550.000  mean_loss=2039.59123  mean_foundation= 30.0/52  lifetime_outcomes={'won': 191, 'stalled': 4, 'truncated': 270, 'other': 0}  rss= 2806.4MB  (8909s)
  EVAL  step   370000  win_rate=42.50%  mean_return=3518.578  mean_foundation= 29.0/52  mean_length=797.2  q0=  655.8 vs g0=  492.3  (greedy, 200 fixed deals)
step   371000/400000  eps=0.150  episodes=  466  mean_return=7005.260  mean_loss=2054.71359  mean_foundation= 52.0/52  lifetime_outcomes={'won': 192, 'stalled': 4, 'truncated': 270, 'other': 0}  rss= 2806.4MB  (9069s)
step   372000/400000  eps=0.150  episodes=  467  mean_return=250.000  mean_loss=2003.43614  mean_foundation=  1.0/52  lifetime_outcomes={'won': 192, 'stalled': 4, 'truncated': 271, 'other': 0}  rss= 2806.4MB  (9073s)
step   373000/400000  eps=0.150  episodes=  470  mean_return=5264.437  mean_loss=1952.77146  mean_foundation= 45.7/52  lifetime_outcomes={'won': 194, 'stalled': 4, 'truncated': 272, 'other': 0}  rss= 2806.4MB  (9077s)
step   374000/400000  eps=0.150  episodes=  472  mean_return=7045.010  mean_loss=2040.23795  mean_foundation= 52.0/52  lifetime_outcomes={'won': 196, 'stalled': 4, 'truncated': 272, 'other': 0}  rss= 2806.4MB  (9081s)
step   375000/400000  eps=0.150  episodes=  473  mean_return=7044.280  mean_loss=2017.75797  mean_foundation= 52.0/52  lifetime_outcomes={'won': 197, 'stalled': 4, 'truncated': 272, 'other': 0}  rss= 2806.4MB  (9085s)
step   376000/400000  eps=0.150  episodes=  475  mean_return=4222.520  mean_loss=2030.69192  mean_foundation= 35.0/52  lifetime_outcomes={'won': 198, 'stalled': 4, 'truncated': 273, 'other': 0}  rss= 2806.4MB  (9089s)
step   377000/400000  eps=0.150  episodes=  476  mean_return=7046.900  mean_loss=1989.68456  mean_foundation= 52.0/52  lifetime_outcomes={'won': 199, 'stalled': 4, 'truncated': 273, 'other': 0}  rss= 2806.4MB  (9094s)
step   378000/400000  eps=0.150  episodes=  477  mean_return=620.000  mean_loss=1912.03722  mean_foundation=  6.0/52  lifetime_outcomes={'won': 199, 'stalled': 4, 'truncated': 274, 'other': 0}  rss= 2806.4MB  (9098s)
step   379000/400000  eps=0.150  episodes=  478  mean_return=1350.000  mean_loss=2028.95190  mean_foundation= 17.0/52  lifetime_outcomes={'won': 199, 'stalled': 4, 'truncated': 275, 'other': 0}  rss= 2806.4MB  (9101s)
step   380000/400000  eps=0.150  episodes=  480  mean_return=3858.370  mean_loss=1904.19185  mean_foundation= 31.0/52  lifetime_outcomes={'won': 200, 'stalled': 4, 'truncated': 276, 'other': 0}  rss= 2806.4MB  (9105s)
  EVAL  step   380000  win_rate=37.00%  mean_return=3146.620  mean_foundation= 26.6/52  mean_length=793.0  q0=  643.9 vs g0=  530.9  (greedy, 200 fixed deals)
step   381000/400000  eps=0.150  episodes=  481  mean_return=7045.760  mean_loss=1943.95479  mean_foundation= 52.0/52  lifetime_outcomes={'won': 201, 'stalled': 4, 'truncated': 276, 'other': 0}  rss= 2806.4MB  (9270s)
step   382000/400000  eps=0.150  episodes=  482  mean_return=1440.000  mean_loss=1910.10853  mean_foundation= 22.0/52  lifetime_outcomes={'won': 201, 'stalled': 4, 'truncated': 277, 'other': 0}  rss= 2806.4MB  (9273s)
step   383000/400000  eps=0.150  episodes=  484  mean_return=4497.160  mean_loss=1933.02215  mean_foundation= 50.0/52  lifetime_outcomes={'won': 202, 'stalled': 4, 'truncated': 278, 'other': 0}  rss= 2806.4MB  (9277s)
step   384000/400000  eps=0.150  episodes=  485  mean_return=1610.000  mean_loss=1928.00998  mean_foundation= 37.0/52  lifetime_outcomes={'won': 202, 'stalled': 4, 'truncated': 279, 'other': 0}  rss= 2806.4MB  (9281s)
step   385000/400000  eps=0.150  episodes=  486  mean_return=500.000  mean_loss=1970.27050  mean_foundation= 11.0/52  lifetime_outcomes={'won': 202, 'stalled': 4, 'truncated': 280, 'other': 0}  rss= 2806.4MB  (9285s)
step   386000/400000  eps=0.150  episodes=  488  mean_return=7043.040  mean_loss=1849.58376  mean_foundation= 52.0/52  lifetime_outcomes={'won': 204, 'stalled': 4, 'truncated': 280, 'other': 0}  rss= 2806.4MB  (9289s)
step   387000/400000  eps=0.150  episodes=  489  mean_return=990.000  mean_loss=2091.30648  mean_foundation= 12.0/52  lifetime_outcomes={'won': 204, 'stalled': 4, 'truncated': 281, 'other': 0}  rss= 2806.4MB  (9293s)
step   388000/400000  eps=0.150  episodes=  490  mean_return=830.000  mean_loss=1901.49493  mean_foundation=  9.0/52  lifetime_outcomes={'won': 204, 'stalled': 4, 'truncated': 282, 'other': 0}  rss= 2806.4MB  (9297s)
step   389000/400000  eps=0.150  episodes=  491  mean_return=7045.870  mean_loss=1742.08227  mean_foundation= 52.0/52  lifetime_outcomes={'won': 205, 'stalled': 4, 'truncated': 282, 'other': 0}  rss= 2806.4MB  (9301s)
step   390000/400000  eps=0.150  episodes=  494  mean_return=4965.070  mean_loss=2030.26502  mean_foundation= 38.0/52  lifetime_outcomes={'won': 207, 'stalled': 4, 'truncated': 283, 'other': 0}  rss= 2806.4MB  (9305s)
  EVAL  step   390000  win_rate=42.50%  mean_return=3506.133  mean_foundation= 29.3/52  mean_length=761.8  q0=  632.0 vs g0=  543.1  (greedy, 200 fixed deals)
step   391000/400000  eps=0.150  episodes=  495  mean_return=970.000  mean_loss=1912.64632  mean_foundation=  5.0/52  lifetime_outcomes={'won': 207, 'stalled': 4, 'truncated': 284, 'other': 0}  rss= 2806.4MB  (9464s)
step   392000/400000  eps=0.150  episodes=  496  mean_return=680.000  mean_loss=1928.89753  mean_foundation= 13.0/52  lifetime_outcomes={'won': 207, 'stalled': 4, 'truncated': 285, 'other': 0}  rss= 2806.4MB  (9468s)
step   393000/400000  eps=0.150  episodes=  497  mean_return=1530.000  mean_loss=1721.72198  mean_foundation= 16.0/52  lifetime_outcomes={'won': 207, 'stalled': 4, 'truncated': 286, 'other': 0}  rss= 2806.4MB  (9472s)
step   394000/400000  eps=0.150  episodes=  498  mean_return=950.000  mean_loss=1864.34594  mean_foundation=  9.0/52  lifetime_outcomes={'won': 207, 'stalled': 4, 'truncated': 287, 'other': 0}  rss= 2806.4MB  (9476s)
step   395000/400000  eps=0.150  episodes=  499  mean_return=700.000  mean_loss=1865.83150  mean_foundation=  3.0/52  lifetime_outcomes={'won': 207, 'stalled': 4, 'truncated': 288, 'other': 0}  rss= 2806.4MB  (9480s)
step   396000/400000  eps=0.150  episodes=  500  mean_return=7007.600  mean_loss=1945.30536  mean_foundation= 52.0/52  lifetime_outcomes={'won': 208, 'stalled': 4, 'truncated': 288, 'other': 0}  rss= 2806.4MB  (9484s)
step   397000/400000  eps=0.150  episodes=  501  mean_return=1710.000  mean_loss=1852.86578  mean_foundation= 32.0/52  lifetime_outcomes={'won': 208, 'stalled': 4, 'truncated': 289, 'other': 0}  rss= 2806.4MB  (9489s)
step   398000/400000  eps=0.150  episodes=  502  mean_return=1300.000  mean_loss=1704.38989  mean_foundation= 22.0/52  lifetime_outcomes={'won': 208, 'stalled': 4, 'truncated': 290, 'other': 0}  rss= 2806.4MB  (9493s)
step   399000/400000  eps=0.150  episodes=  503  mean_return=1500.000  mean_loss=1919.95260  mean_foundation= 27.0/52  lifetime_outcomes={'won': 208, 'stalled': 4, 'truncated': 291, 'other': 0}  rss= 2806.4MB  (9497s)
step   400000/400000  eps=0.150  episodes=  505  mean_return=4131.285  mean_loss=1789.45340  mean_foundation= 39.0/52  lifetime_outcomes={'won': 209, 'stalled': 4, 'truncated': 292, 'other': 0}  rss= 2806.4MB  (9501s)
  EVAL  step   400000  win_rate=42.50%  mean_return=3509.746  mean_foundation= 29.1/52  mean_length=770.4  q0=  623.1 vs g0=  551.8  (greedy, 200 fixed deals)
done. saved final checkpoint to runs/033_dqfd_moredemo_epsfloor_loopbreaker_solvcurriculum_freshdemo_mse_seed1/checkpoint_final.pt
