run directory: runs/001_double_dqn_soft_nstep3
step     2000/500000  eps=0.991  episodes=    4  mean_return= 77.298  mean_loss=     nan  mean_foundation=  6.5/52  lifetime_outcomes={'won': 0, 'stalled': 1, 'truncated': 3, 'other': 0}  (1s)
step     4000/500000  eps=0.981  episodes=    8  mean_return= 94.250  mean_loss=     nan  mean_foundation= 10.2/52  lifetime_outcomes={'won': 0, 'stalled': 1, 'truncated': 7, 'other': 0}  (2s)
step     6000/500000  eps=0.972  episodes=   12  mean_return= 84.250  mean_loss= 0.45800  mean_foundation=  4.8/52  lifetime_outcomes={'won': 0, 'stalled': 1, 'truncated': 11, 'other': 0}  (5s)
step     8000/500000  eps=0.962  episodes=   16  mean_return= 75.572  mean_loss= 0.46014  mean_foundation=  8.0/52  lifetime_outcomes={'won': 0, 'stalled': 3, 'truncated': 13, 'other': 0}  (9s)
step    10000/500000  eps=0.953  episodes=   20  mean_return= 67.000  mean_loss= 0.52447  mean_foundation=  5.2/52  lifetime_outcomes={'won': 0, 'stalled': 3, 'truncated': 17, 'other': 0}  (14s)
step    12000/500000  eps=0.943  episodes=   25  mean_return= 69.122  mean_loss= 0.61244  mean_foundation=  6.0/52  lifetime_outcomes={'won': 0, 'stalled': 4, 'truncated': 21, 'other': 0}  (18s)
step    14000/500000  eps=0.933  episodes=   29  mean_return= 67.750  mean_loss= 0.65746  mean_foundation=  6.8/52  lifetime_outcomes={'won': 0, 'stalled': 4, 'truncated': 25, 'other': 0}  (25s)
step    16000/500000  eps=0.924  episodes=   33  mean_return= 74.813  mean_loss= 0.66899  mean_foundation=  8.5/52  lifetime_outcomes={'won': 0, 'stalled': 5, 'truncated': 28, 'other': 0}  (31s)
step    18000/500000  eps=0.914  episodes=   37  mean_return= 77.000  mean_loss= 0.63899  mean_foundation=  7.2/52  lifetime_outcomes={'won': 0, 'stalled': 5, 'truncated': 32, 'other': 0}  (38s)
step    20000/500000  eps=0.905  episodes=   41  mean_return= 79.250  mean_loss= 0.61319  mean_foundation=  7.5/52  lifetime_outcomes={'won': 0, 'stalled': 5, 'truncated': 36, 'other': 0}  (44s)
step    22000/500000  eps=0.895  episodes=   46  mean_return=106.774  mean_loss= 0.59872  mean_foundation= 12.6/52  lifetime_outcomes={'won': 0, 'stalled': 7, 'truncated': 39, 'other': 0}  (51s)
step    24000/500000  eps=0.886  episodes=   50  mean_return= 80.000  mean_loss= 0.60133  mean_foundation= 12.0/52  lifetime_outcomes={'won': 0, 'stalled': 7, 'truncated': 43, 'other': 0}  (57s)
step    26000/500000  eps=0.877  episodes=   54  mean_return= 62.000  mean_loss= 0.57904  mean_foundation=  7.2/52  lifetime_outcomes={'won': 0, 'stalled': 7, 'truncated': 47, 'other': 0}  (62s)
step    28000/500000  eps=0.867  episodes=   58  mean_return= 88.750  mean_loss= 0.57895  mean_foundation= 11.8/52  lifetime_outcomes={'won': 0, 'stalled': 7, 'truncated': 51, 'other': 0}  (67s)
step    30000/500000  eps=0.858  episodes=   62  mean_return= 72.750  mean_loss= 0.57134  mean_foundation=  5.0/52  lifetime_outcomes={'won': 0, 'stalled': 7, 'truncated': 55, 'other': 0}  (72s)
step    32000/500000  eps=0.848  episodes=   66  mean_return= 82.253  mean_loss= 0.56018  mean_foundation= 10.2/52  lifetime_outcomes={'won': 0, 'stalled': 8, 'truncated': 58, 'other': 0}  (76s)
step    34000/500000  eps=0.839  episodes=   70  mean_return= 91.250  mean_loss= 0.55660  mean_foundation=  9.5/52  lifetime_outcomes={'won': 0, 'stalled': 8, 'truncated': 62, 'other': 0}  (81s)
step    36000/500000  eps=0.829  episodes=   74  mean_return=106.500  mean_loss= 0.57740  mean_foundation= 14.2/52  lifetime_outcomes={'won': 0, 'stalled': 9, 'truncated': 65, 'other': 0}  (86s)
step    38000/500000  eps=0.820  episodes=   78  mean_return= 95.036  mean_loss= 0.57515  mean_foundation=  9.2/52  lifetime_outcomes={'won': 0, 'stalled': 10, 'truncated': 68, 'other': 0}  (91s)
step    40000/500000  eps=0.810  episodes=   83  mean_return= 93.534  mean_loss= 0.57519  mean_foundation= 11.0/52  lifetime_outcomes={'won': 0, 'stalled': 12, 'truncated': 71, 'other': 0}  (98s)
step    42000/500000  eps=0.800  episodes=   87  mean_return= 99.786  mean_loss= 0.58428  mean_foundation= 13.8/52  lifetime_outcomes={'won': 0, 'stalled': 13, 'truncated': 74, 'other': 0}  (103s)
step    44000/500000  eps=0.791  episodes=   91  mean_return= 73.510  mean_loss= 0.58432  mean_foundation= 10.0/52  lifetime_outcomes={'won': 0, 'stalled': 14, 'truncated': 77, 'other': 0}  (108s)
step    46000/500000  eps=0.781  episodes=   95  mean_return= 58.500  mean_loss= 0.58463  mean_foundation=  3.5/52  lifetime_outcomes={'won': 0, 'stalled': 14, 'truncated': 81, 'other': 0}  (113s)
step    48000/500000  eps=0.772  episodes=   99  mean_return= 64.250  mean_loss= 0.58240  mean_foundation=  5.0/52  lifetime_outcomes={'won': 0, 'stalled': 14, 'truncated': 85, 'other': 0}  (119s)
step    50000/500000  eps=0.762  episodes=  103  mean_return= 96.000  mean_loss= 0.59220  mean_foundation= 16.5/52  lifetime_outcomes={'won': 0, 'stalled': 14, 'truncated': 89, 'other': 0}  (126s)
step    52000/500000  eps=0.753  episodes=  107  mean_return= 91.750  mean_loss= 0.59351  mean_foundation= 10.8/52  lifetime_outcomes={'won': 0, 'stalled': 14, 'truncated': 93, 'other': 0}  (132s)
step    54000/500000  eps=0.744  episodes=  111  mean_return= 60.250  mean_loss= 0.58506  mean_foundation=  6.5/52  lifetime_outcomes={'won': 0, 'stalled': 14, 'truncated': 97, 'other': 0}  (136s)
step    56000/500000  eps=0.734  episodes=  115  mean_return=120.531  mean_loss= 0.59257  mean_foundation= 26.5/52  lifetime_outcomes={'won': 0, 'stalled': 15, 'truncated': 100, 'other': 0}  (141s)
step    58000/500000  eps=0.725  episodes=  119  mean_return= 93.787  mean_loss= 0.59608  mean_foundation= 10.5/52  lifetime_outcomes={'won': 0, 'stalled': 16, 'truncated': 103, 'other': 0}  (146s)
step    60000/500000  eps=0.715  episodes=  125  mean_return= 45.101  mean_loss= 0.60446  mean_foundation=  5.3/52  lifetime_outcomes={'won': 0, 'stalled': 18, 'truncated': 107, 'other': 0}  (152s)
step    62000/500000  eps=0.706  episodes=  129  mean_return= 57.002  mean_loss= 0.58111  mean_foundation=  6.0/52  lifetime_outcomes={'won': 0, 'stalled': 19, 'truncated': 110, 'other': 0}  (158s)
step    64000/500000  eps=0.696  episodes=  133  mean_return= 89.296  mean_loss= 0.58443  mean_foundation= 17.0/52  lifetime_outcomes={'won': 0, 'stalled': 20, 'truncated': 113, 'other': 0}  (165s)
step    66000/500000  eps=0.686  episodes=  137  mean_return= 77.509  mean_loss= 0.59446  mean_foundation=  8.5/52  lifetime_outcomes={'won': 0, 'stalled': 21, 'truncated': 116, 'other': 0}  (170s)
step    68000/500000  eps=0.677  episodes=  142  mean_return= 69.999  mean_loss= 0.61110  mean_foundation= 10.2/52  lifetime_outcomes={'won': 0, 'stalled': 23, 'truncated': 119, 'other': 0}  (175s)
step    70000/500000  eps=0.667  episodes=  146  mean_return= 79.500  mean_loss= 0.59272  mean_foundation=  7.5/52  lifetime_outcomes={'won': 0, 'stalled': 23, 'truncated': 123, 'other': 0}  (180s)
step    72000/500000  eps=0.658  episodes=  151  mean_return= 99.356  mean_loss= 0.59508  mean_foundation= 16.2/52  lifetime_outcomes={'won': 0, 'stalled': 26, 'truncated': 125, 'other': 0}  (185s)
step    74000/500000  eps=0.649  episodes=  155  mean_return= 86.814  mean_loss= 0.62170  mean_foundation= 12.2/52  lifetime_outcomes={'won': 0, 'stalled': 27, 'truncated': 128, 'other': 0}  (191s)
step    76000/500000  eps=0.639  episodes=  159  mean_return= 57.250  mean_loss= 0.59798  mean_foundation=  8.2/52  lifetime_outcomes={'won': 0, 'stalled': 27, 'truncated': 132, 'other': 0}  (198s)
step    78000/500000  eps=0.629  episodes=  163  mean_return= 88.031  mean_loss= 0.61100  mean_foundation= 13.2/52  lifetime_outcomes={'won': 0, 'stalled': 28, 'truncated': 135, 'other': 0}  (203s)
step    80000/500000  eps=0.620  episodes=  168  mean_return=117.512  mean_loss= 0.63731  mean_foundation= 23.4/52  lifetime_outcomes={'won': 1, 'stalled': 29, 'truncated': 138, 'other': 0}  (208s)
step    82000/500000  eps=0.611  episodes=  172  mean_return= 80.287  mean_loss= 0.61986  mean_foundation= 11.2/52  lifetime_outcomes={'won': 1, 'stalled': 30, 'truncated': 141, 'other': 0}  (214s)
step    84000/500000  eps=0.601  episodes=  176  mean_return= 67.507  mean_loss= 0.62398  mean_foundation=  9.2/52  lifetime_outcomes={'won': 1, 'stalled': 31, 'truncated': 144, 'other': 0}  (219s)
step    86000/500000  eps=0.592  episodes=  180  mean_return= 78.500  mean_loss= 0.62611  mean_foundation= 12.0/52  lifetime_outcomes={'won': 1, 'stalled': 31, 'truncated': 148, 'other': 0}  (224s)
step    88000/500000  eps=0.582  episodes=  184  mean_return= 87.509  mean_loss= 0.61413  mean_foundation= 17.2/52  lifetime_outcomes={'won': 1, 'stalled': 32, 'truncated': 151, 'other': 0}  (229s)
step    90000/500000  eps=0.573  episodes=  188  mean_return= 79.000  mean_loss= 0.62869  mean_foundation= 14.2/52  lifetime_outcomes={'won': 1, 'stalled': 32, 'truncated': 155, 'other': 0}  (235s)
step    92000/500000  eps=0.563  episodes=  192  mean_return= 78.000  mean_loss= 0.62482  mean_foundation= 13.0/52  lifetime_outcomes={'won': 1, 'stalled': 32, 'truncated': 159, 'other': 0}  (242s)
step    94000/500000  eps=0.554  episodes=  196  mean_return=125.531  mean_loss= 0.63597  mean_foundation= 29.2/52  lifetime_outcomes={'won': 2, 'stalled': 34, 'truncated': 160, 'other': 0}  (248s)
step    96000/500000  eps=0.544  episodes=  201  mean_return= 93.378  mean_loss= 0.64916  mean_foundation= 23.4/52  lifetime_outcomes={'won': 2, 'stalled': 36, 'truncated': 163, 'other': 0}  (255s)
step    98000/500000  eps=0.534  episodes=  205  mean_return= 67.250  mean_loss= 0.64954  mean_foundation=  7.0/52  lifetime_outcomes={'won': 2, 'stalled': 36, 'truncated': 167, 'other': 0}  (260s)
step   100000/500000  eps=0.525  episodes=  210  mean_return= 75.215  mean_loss= 0.64450  mean_foundation= 16.6/52  lifetime_outcomes={'won': 2, 'stalled': 39, 'truncated': 169, 'other': 0}  (266s)
step   102000/500000  eps=0.516  episodes=  214  mean_return=102.005  mean_loss= 0.64832  mean_foundation= 22.8/52  lifetime_outcomes={'won': 3, 'stalled': 39, 'truncated': 172, 'other': 0}  (274s)
step   104000/500000  eps=0.506  episodes=  220  mean_return= 75.950  mean_loss= 0.63852  mean_foundation= 11.7/52  lifetime_outcomes={'won': 3, 'stalled': 42, 'truncated': 175, 'other': 0}  (281s)
step   106000/500000  eps=0.497  episodes=  224  mean_return= 97.024  mean_loss= 0.64209  mean_foundation= 18.0/52  lifetime_outcomes={'won': 3, 'stalled': 43, 'truncated': 178, 'other': 0}  (289s)
step   108000/500000  eps=0.487  episodes=  228  mean_return= 66.000  mean_loss= 0.64184  mean_foundation=  7.0/52  lifetime_outcomes={'won': 3, 'stalled': 43, 'truncated': 182, 'other': 0}  (298s)
step   110000/500000  eps=0.478  episodes=  232  mean_return= 95.780  mean_loss= 0.64510  mean_foundation= 20.5/52  lifetime_outcomes={'won': 4, 'stalled': 44, 'truncated': 184, 'other': 0}  (306s)
step   112000/500000  eps=0.468  episodes=  236  mean_return= 84.540  mean_loss= 0.64823  mean_foundation= 14.5/52  lifetime_outcomes={'won': 4, 'stalled': 45, 'truncated': 187, 'other': 0}  (315s)
step   114000/500000  eps=0.459  episodes=  240  mean_return= 86.756  mean_loss= 0.65536  mean_foundation= 16.0/52  lifetime_outcomes={'won': 4, 'stalled': 46, 'truncated': 190, 'other': 0}  (326s)
step   116000/500000  eps=0.449  episodes=  245  mean_return= 74.392  mean_loss= 0.65343  mean_foundation= 10.8/52  lifetime_outcomes={'won': 4, 'stalled': 48, 'truncated': 193, 'other': 0}  (336s)
step   118000/500000  eps=0.440  episodes=  250  mean_return=107.941  mean_loss= 0.65394  mean_foundation= 23.0/52  lifetime_outcomes={'won': 4, 'stalled': 51, 'truncated': 195, 'other': 0}  (343s)
step   120000/500000  eps=0.430  episodes=  254  mean_return= 88.250  mean_loss= 0.66832  mean_foundation= 14.0/52  lifetime_outcomes={'won': 4, 'stalled': 51, 'truncated': 199, 'other': 0}  (350s)
step   122000/500000  eps=0.420  episodes=  259  mean_return= 73.422  mean_loss= 0.65003  mean_foundation= 16.6/52  lifetime_outcomes={'won': 4, 'stalled': 55, 'truncated': 200, 'other': 0}  (357s)
step   124000/500000  eps=0.411  episodes=  263  mean_return= 62.250  mean_loss= 0.66410  mean_foundation=  9.0/52  lifetime_outcomes={'won': 4, 'stalled': 55, 'truncated': 204, 'other': 0}  (366s)
step   126000/500000  eps=0.402  episodes=  268  mean_return= 82.791  mean_loss= 0.65948  mean_foundation= 14.8/52  lifetime_outcomes={'won': 4, 'stalled': 56, 'truncated': 208, 'other': 0}  (375s)
step   128000/500000  eps=0.392  episodes=  272  mean_return= 64.290  mean_loss= 0.67710  mean_foundation= 10.2/52  lifetime_outcomes={'won': 4, 'stalled': 57, 'truncated': 211, 'other': 0}  (382s)
step   130000/500000  eps=0.383  episodes=  277  mean_return= 41.237  mean_loss= 0.65434  mean_foundation=  5.0/52  lifetime_outcomes={'won': 4, 'stalled': 59, 'truncated': 214, 'other': 0}  (393s)
step   132000/500000  eps=0.373  episodes=  281  mean_return= 86.250  mean_loss= 0.67087  mean_foundation=  8.2/52  lifetime_outcomes={'won': 4, 'stalled': 59, 'truncated': 218, 'other': 0}  (404s)
step   134000/500000  eps=0.364  episodes=  286  mean_return= 74.117  mean_loss= 0.66275  mean_foundation= 11.2/52  lifetime_outcomes={'won': 4, 'stalled': 60, 'truncated': 222, 'other': 0}  (414s)
step   136000/500000  eps=0.354  episodes=  291  mean_return= 96.196  mean_loss= 0.67230  mean_foundation= 15.0/52  lifetime_outcomes={'won': 4, 'stalled': 63, 'truncated': 224, 'other': 0}  (427s)
step   138000/500000  eps=0.345  episodes=  296  mean_return= 97.406  mean_loss= 0.66110  mean_foundation= 21.6/52  lifetime_outcomes={'won': 4, 'stalled': 66, 'truncated': 226, 'other': 0}  (436s)
step   140000/500000  eps=0.335  episodes=  300  mean_return= 71.500  mean_loss= 0.64780  mean_foundation= 13.2/52  lifetime_outcomes={'won': 4, 'stalled': 66, 'truncated': 230, 'other': 0}  (447s)
step   142000/500000  eps=0.326  episodes=  304  mean_return= 95.506  mean_loss= 0.66991  mean_foundation= 17.5/52  lifetime_outcomes={'won': 4, 'stalled': 67, 'truncated': 233, 'other': 0}  (455s)
step   144000/500000  eps=0.316  episodes=  308  mean_return= 72.791  mean_loss= 0.64721  mean_foundation= 13.8/52  lifetime_outcomes={'won': 4, 'stalled': 68, 'truncated': 236, 'other': 0}  (466s)
step   146000/500000  eps=0.306  episodes=  312  mean_return= 91.000  mean_loss= 0.66448  mean_foundation= 14.2/52  lifetime_outcomes={'won': 4, 'stalled': 68, 'truncated': 240, 'other': 0}  (475s)
step   148000/500000  eps=0.297  episodes=  317  mean_return= 82.818  mean_loss= 0.65955  mean_foundation= 16.4/52  lifetime_outcomes={'won': 5, 'stalled': 70, 'truncated': 242, 'other': 0}  (483s)
step   150000/500000  eps=0.288  episodes=  322  mean_return= 71.937  mean_loss= 0.66973  mean_foundation= 10.6/52  lifetime_outcomes={'won': 5, 'stalled': 71, 'truncated': 246, 'other': 0}  (492s)
step   152000/500000  eps=0.278  episodes=  326  mean_return= 68.293  mean_loss= 0.65835  mean_foundation= 11.8/52  lifetime_outcomes={'won': 5, 'stalled': 73, 'truncated': 248, 'other': 0}  (505s)
step   154000/500000  eps=0.269  episodes=  330  mean_return= 63.269  mean_loss= 0.65849  mean_foundation=  8.2/52  lifetime_outcomes={'won': 5, 'stalled': 74, 'truncated': 251, 'other': 0}  (523s)
step   156000/500000  eps=0.259  episodes=  334  mean_return= 72.500  mean_loss= 0.63534  mean_foundation=  9.2/52  lifetime_outcomes={'won': 5, 'stalled': 74, 'truncated': 255, 'other': 0}  (536s)
step   158000/500000  eps=0.250  episodes=  338  mean_return= 66.250  mean_loss= 0.65054  mean_foundation= 11.5/52  lifetime_outcomes={'won': 5, 'stalled': 74, 'truncated': 259, 'other': 0}  (547s)
step   160000/500000  eps=0.240  episodes=  342  mean_return= 67.250  mean_loss= 0.66623  mean_foundation=  8.8/52  lifetime_outcomes={'won': 5, 'stalled': 74, 'truncated': 263, 'other': 0}  (561s)
step   162000/500000  eps=0.231  episodes=  347  mean_return= 58.791  mean_loss= 0.64648  mean_foundation=  7.2/52  lifetime_outcomes={'won': 5, 'stalled': 77, 'truncated': 265, 'other': 0}  (577s)
step   164000/500000  eps=0.221  episodes=  351  mean_return= 68.048  mean_loss= 0.64252  mean_foundation= 12.5/52  lifetime_outcomes={'won': 5, 'stalled': 78, 'truncated': 268, 'other': 0}  (587s)
step   166000/500000  eps=0.212  episodes=  356  mean_return= 53.581  mean_loss= 0.61478  mean_foundation= 11.6/52  lifetime_outcomes={'won': 5, 'stalled': 79, 'truncated': 272, 'other': 0}  (603s)
step   168000/500000  eps=0.202  episodes=  360  mean_return= 32.750  mean_loss= 0.63880  mean_foundation=  4.5/52  lifetime_outcomes={'won': 5, 'stalled': 79, 'truncated': 276, 'other': 0}  (617s)
step   170000/500000  eps=0.193  episodes=  365  mean_return= 64.343  mean_loss= 0.62636  mean_foundation=  9.2/52  lifetime_outcomes={'won': 5, 'stalled': 80, 'truncated': 280, 'other': 0}  (632s)
step   172000/500000  eps=0.183  episodes=  369  mean_return= 72.289  mean_loss= 0.63634  mean_foundation= 14.5/52  lifetime_outcomes={'won': 5, 'stalled': 81, 'truncated': 283, 'other': 0}  (644s)
step   174000/500000  eps=0.173  episodes=  373  mean_return= 64.315  mean_loss= 0.61675  mean_foundation=  9.8/52  lifetime_outcomes={'won': 5, 'stalled': 82, 'truncated': 286, 'other': 0}  (657s)
step   176000/500000  eps=0.164  episodes=  379  mean_return= 60.768  mean_loss= 0.62353  mean_foundation= 11.8/52  lifetime_outcomes={'won': 5, 'stalled': 85, 'truncated': 289, 'other': 0}  (668s)
step   178000/500000  eps=0.155  episodes=  383  mean_return= 31.564  mean_loss= 0.60582  mean_foundation=  8.2/52  lifetime_outcomes={'won': 5, 'stalled': 86, 'truncated': 292, 'other': 0}  (679s)
step   180000/500000  eps=0.145  episodes=  387  mean_return= 58.750  mean_loss= 0.59174  mean_foundation=  8.5/52  lifetime_outcomes={'won': 5, 'stalled': 86, 'truncated': 296, 'other': 0}  (689s)
step   182000/500000  eps=0.136  episodes=  392  mean_return= 43.958  mean_loss= 0.57960  mean_foundation=  8.0/52  lifetime_outcomes={'won': 5, 'stalled': 87, 'truncated': 300, 'other': 0}  (699s)
step   184000/500000  eps=0.126  episodes=  398  mean_return= 43.151  mean_loss= 0.59349  mean_foundation=  6.3/52  lifetime_outcomes={'won': 5, 'stalled': 91, 'truncated': 302, 'other': 0}  (711s)
step   186000/500000  eps=0.117  episodes=  402  mean_return= 37.830  mean_loss= 0.57833  mean_foundation=  5.8/52  lifetime_outcomes={'won': 5, 'stalled': 92, 'truncated': 305, 'other': 0}  (722s)
step   188000/500000  eps=0.107  episodes=  409  mean_return= 50.696  mean_loss= 0.58502  mean_foundation=  9.0/52  lifetime_outcomes={'won': 5, 'stalled': 96, 'truncated': 308, 'other': 0}  (732s)
step   190000/500000  eps=0.098  episodes=  414  mean_return= 59.185  mean_loss= 0.57258  mean_foundation=  8.0/52  lifetime_outcomes={'won': 5, 'stalled': 98, 'truncated': 311, 'other': 0}  (742s)
step   192000/500000  eps=0.088  episodes=  418  mean_return= 70.750  mean_loss= 0.57262  mean_foundation= 11.0/52  lifetime_outcomes={'won': 5, 'stalled': 98, 'truncated': 315, 'other': 0}  (748s)
step   194000/500000  eps=0.079  episodes=  422  mean_return= 56.076  mean_loss= 0.57083  mean_foundation=  8.5/52  lifetime_outcomes={'won': 5, 'stalled': 101, 'truncated': 316, 'other': 0}  (754s)
step   196000/500000  eps=0.069  episodes=  430  mean_return= 38.207  mean_loss= 0.56410  mean_foundation=  7.2/52  lifetime_outcomes={'won': 5, 'stalled': 106, 'truncated': 319, 'other': 0}  (760s)
step   198000/500000  eps=0.059  episodes=  434  mean_return= 54.250  mean_loss= 0.53882  mean_foundation=  5.0/52  lifetime_outcomes={'won': 5, 'stalled': 106, 'truncated': 323, 'other': 0}  (765s)
step   200000/500000  eps=0.050  episodes=  438  mean_return= 35.530  mean_loss= 0.54502  mean_foundation=  6.0/52  lifetime_outcomes={'won': 5, 'stalled': 107, 'truncated': 326, 'other': 0}  (772s)
step   202000/500000  eps=0.050  episodes=  443  mean_return= 35.364  mean_loss= 0.53797  mean_foundation=  4.6/52  lifetime_outcomes={'won': 5, 'stalled': 108, 'truncated': 330, 'other': 0}  (779s)
step   204000/500000  eps=0.050  episodes=  448  mean_return= 40.048  mean_loss= 0.53473  mean_foundation=  5.2/52  lifetime_outcomes={'won': 5, 'stalled': 110, 'truncated': 333, 'other': 0}  (784s)
step   206000/500000  eps=0.050  episodes=  452  mean_return=104.507  mean_loss= 0.51923  mean_foundation= 20.5/52  lifetime_outcomes={'won': 5, 'stalled': 112, 'truncated': 335, 'other': 0}  (791s)
step   208000/500000  eps=0.050  episodes=  460  mean_return= 45.738  mean_loss= 0.51624  mean_foundation=  6.9/52  lifetime_outcomes={'won': 5, 'stalled': 118, 'truncated': 337, 'other': 0}  (797s)
step   210000/500000  eps=0.050  episodes=  464  mean_return= 48.079  mean_loss= 0.51101  mean_foundation=  7.8/52  lifetime_outcomes={'won': 5, 'stalled': 120, 'truncated': 339, 'other': 0}  (804s)
step   212000/500000  eps=0.050  episodes=  470  mean_return= 35.477  mean_loss= 0.49279  mean_foundation=  6.0/52  lifetime_outcomes={'won': 5, 'stalled': 123, 'truncated': 342, 'other': 0}  (811s)
step   214000/500000  eps=0.050  episodes=  477  mean_return= 40.558  mean_loss= 0.50341  mean_foundation=  6.3/52  lifetime_outcomes={'won': 5, 'stalled': 127, 'truncated': 345, 'other': 0}  (817s)
step   216000/500000  eps=0.050  episodes=  482  mean_return= 23.954  mean_loss= 0.50336  mean_foundation=  4.2/52  lifetime_outcomes={'won': 5, 'stalled': 128, 'truncated': 349, 'other': 0}  (825s)
step   218000/500000  eps=0.050  episodes=  488  mean_return= 35.887  mean_loss= 0.48616  mean_foundation=  3.7/52  lifetime_outcomes={'won': 5, 'stalled': 132, 'truncated': 351, 'other': 0}  (831s)
step   220000/500000  eps=0.050  episodes=  493  mean_return= 44.567  mean_loss= 0.46957  mean_foundation=  2.8/52  lifetime_outcomes={'won': 5, 'stalled': 133, 'truncated': 355, 'other': 0}  (838s)
step   222000/500000  eps=0.050  episodes=  497  mean_return= 68.053  mean_loss= 0.46758  mean_foundation=  7.8/52  lifetime_outcomes={'won': 5, 'stalled': 135, 'truncated': 357, 'other': 0}  (845s)
step   224000/500000  eps=0.050  episodes=  501  mean_return= 40.000  mean_loss= 0.46837  mean_foundation=  4.5/52  lifetime_outcomes={'won': 5, 'stalled': 135, 'truncated': 361, 'other': 0}  (853s)
step   226000/500000  eps=0.050  episodes=  505  mean_return= 43.000  mean_loss= 0.45526  mean_foundation=  6.2/52  lifetime_outcomes={'won': 5, 'stalled': 135, 'truncated': 365, 'other': 0}  (860s)
step   228000/500000  eps=0.050  episodes=  509  mean_return= 28.250  mean_loss= 0.44138  mean_foundation=  2.0/52  lifetime_outcomes={'won': 5, 'stalled': 135, 'truncated': 369, 'other': 0}  (865s)
step   230000/500000  eps=0.050  episodes=  514  mean_return= 45.183  mean_loss= 0.41987  mean_foundation=  6.6/52  lifetime_outcomes={'won': 5, 'stalled': 136, 'truncated': 373, 'other': 0}  (871s)
step   232000/500000  eps=0.050  episodes=  522  mean_return= 42.345  mean_loss= 0.43601  mean_foundation=  6.6/52  lifetime_outcomes={'won': 5, 'stalled': 141, 'truncated': 376, 'other': 0}  (879s)
step   234000/500000  eps=0.050  episodes=  528  mean_return= 34.853  mean_loss= 0.43727  mean_foundation=  4.0/52  lifetime_outcomes={'won': 5, 'stalled': 145, 'truncated': 378, 'other': 0}  (887s)
step   236000/500000  eps=0.050  episodes=  534  mean_return= 51.314  mean_loss= 0.42703  mean_foundation=  8.3/52  lifetime_outcomes={'won': 5, 'stalled': 148, 'truncated': 381, 'other': 0}  (893s)
step   238000/500000  eps=0.050  episodes=  538  mean_return= 46.000  mean_loss= 0.42326  mean_foundation=  5.0/52  lifetime_outcomes={'won': 5, 'stalled': 148, 'truncated': 385, 'other': 0}  (899s)
step   240000/500000  eps=0.050  episodes=  542  mean_return= 34.608  mean_loss= 0.41578  mean_foundation=  3.5/52  lifetime_outcomes={'won': 5, 'stalled': 149, 'truncated': 388, 'other': 0}  (905s)
step   242000/500000  eps=0.050  episodes=  548  mean_return= 53.594  mean_loss= 0.42262  mean_foundation=  7.2/52  lifetime_outcomes={'won': 5, 'stalled': 151, 'truncated': 392, 'other': 0}  (912s)
step   244000/500000  eps=0.050  episodes=  553  mean_return= 73.043  mean_loss= 0.41630  mean_foundation= 14.6/52  lifetime_outcomes={'won': 5, 'stalled': 153, 'truncated': 395, 'other': 0}  (920s)
step   246000/500000  eps=0.050  episodes=  558  mean_return= 32.042  mean_loss= 0.42029  mean_foundation=  3.8/52  lifetime_outcomes={'won': 5, 'stalled': 155, 'truncated': 398, 'other': 0}  (925s)
step   248000/500000  eps=0.050  episodes=  563  mean_return= 42.387  mean_loss= 0.40923  mean_foundation=  5.8/52  lifetime_outcomes={'won': 5, 'stalled': 156, 'truncated': 402, 'other': 0}  (931s)
step   250000/500000  eps=0.050  episodes=  568  mean_return= 40.990  mean_loss= 0.40564  mean_foundation=  7.8/52  lifetime_outcomes={'won': 5, 'stalled': 157, 'truncated': 406, 'other': 0}  (937s)
step   252000/500000  eps=0.050  episodes=  573  mean_return= 30.621  mean_loss= 0.38570  mean_foundation=  4.4/52  lifetime_outcomes={'won': 5, 'stalled': 160, 'truncated': 408, 'other': 0}  (945s)
step   254000/500000  eps=0.050  episodes=  579  mean_return= 56.620  mean_loss= 0.40384  mean_foundation=  7.3/52  lifetime_outcomes={'won': 5, 'stalled': 163, 'truncated': 411, 'other': 0}  (953s)
step   256000/500000  eps=0.050  episodes=  585  mean_return= 64.829  mean_loss= 0.41332  mean_foundation=  9.7/52  lifetime_outcomes={'won': 5, 'stalled': 166, 'truncated': 414, 'other': 0}  (959s)
step   258000/500000  eps=0.050  episodes=  593  mean_return= 32.634  mean_loss= 0.39890  mean_foundation=  5.0/52  lifetime_outcomes={'won': 5, 'stalled': 172, 'truncated': 416, 'other': 0}  (965s)
step   260000/500000  eps=0.050  episodes=  597  mean_return= 30.000  mean_loss= 0.41127  mean_foundation=  3.5/52  lifetime_outcomes={'won': 5, 'stalled': 172, 'truncated': 420, 'other': 0}  (972s)
step   262000/500000  eps=0.050  episodes=  602  mean_return= 34.044  mean_loss= 0.41306  mean_foundation=  5.2/52  lifetime_outcomes={'won': 5, 'stalled': 174, 'truncated': 423, 'other': 0}  (979s)
step   264000/500000  eps=0.050  episodes=  608  mean_return= 55.481  mean_loss= 0.40120  mean_foundation=  6.3/52  lifetime_outcomes={'won': 5, 'stalled': 177, 'truncated': 426, 'other': 0}  (985s)
step   266000/500000  eps=0.050  episodes=  615  mean_return= 45.542  mean_loss= 0.40620  mean_foundation=  5.9/52  lifetime_outcomes={'won': 5, 'stalled': 181, 'truncated': 429, 'other': 0}  (991s)
step   268000/500000  eps=0.050  episodes=  620  mean_return= 28.193  mean_loss= 0.41544  mean_foundation=  3.0/52  lifetime_outcomes={'won': 5, 'stalled': 183, 'truncated': 432, 'other': 0}  (997s)
step   270000/500000  eps=0.050  episodes=  625  mean_return= 51.021  mean_loss= 0.41837  mean_foundation=  4.4/52  lifetime_outcomes={'won': 5, 'stalled': 185, 'truncated': 435, 'other': 0}  (1003s)
step   272000/500000  eps=0.050  episodes=  631  mean_return= 40.325  mean_loss= 0.43342  mean_foundation=  7.0/52  lifetime_outcomes={'won': 5, 'stalled': 188, 'truncated': 438, 'other': 0}  (1010s)
step   274000/500000  eps=0.050  episodes=  635  mean_return= 18.799  mean_loss= 0.43990  mean_foundation=  3.8/52  lifetime_outcomes={'won': 5, 'stalled': 189, 'truncated': 441, 'other': 0}  (1018s)
step   276000/500000  eps=0.050  episodes=  643  mean_return= 43.103  mean_loss= 0.44026  mean_foundation=  6.0/52  lifetime_outcomes={'won': 5, 'stalled': 195, 'truncated': 443, 'other': 0}  (1023s)
step   278000/500000  eps=0.050  episodes=  648  mean_return= 44.587  mean_loss= 0.44357  mean_foundation=  5.4/52  lifetime_outcomes={'won': 5, 'stalled': 196, 'truncated': 447, 'other': 0}  (1029s)
step   280000/500000  eps=0.050  episodes=  654  mean_return= 54.063  mean_loss= 0.44953  mean_foundation=  6.2/52  lifetime_outcomes={'won': 5, 'stalled': 200, 'truncated': 449, 'other': 0}  (1037s)
step   282000/500000  eps=0.050  episodes=  660  mean_return= 31.635  mean_loss= 0.46682  mean_foundation=  6.3/52  lifetime_outcomes={'won': 5, 'stalled': 203, 'truncated': 452, 'other': 0}  (1044s)
step   284000/500000  eps=0.050  episodes=  665  mean_return= 41.211  mean_loss= 0.45528  mean_foundation=  4.2/52  lifetime_outcomes={'won': 5, 'stalled': 205, 'truncated': 455, 'other': 0}  (1052s)
step   286000/500000  eps=0.050  episodes=  670  mean_return= 54.427  mean_loss= 0.47039  mean_foundation=  9.0/52  lifetime_outcomes={'won': 5, 'stalled': 207, 'truncated': 458, 'other': 0}  (1058s)
step   288000/500000  eps=0.050  episodes=  676  mean_return= 55.627  mean_loss= 0.48291  mean_foundation= 11.5/52  lifetime_outcomes={'won': 5, 'stalled': 209, 'truncated': 462, 'other': 0}  (1064s)
step   290000/500000  eps=0.050  episodes=  680  mean_return= 61.263  mean_loss= 0.48901  mean_foundation=  7.0/52  lifetime_outcomes={'won': 5, 'stalled': 210, 'truncated': 465, 'other': 0}  (1070s)
step   292000/500000  eps=0.050  episodes=  685  mean_return= 52.828  mean_loss= 0.50980  mean_foundation=  7.6/52  lifetime_outcomes={'won': 5, 'stalled': 212, 'truncated': 468, 'other': 0}  (1077s)
step   294000/500000  eps=0.050  episodes=  690  mean_return= 45.741  mean_loss= 0.48902  mean_foundation=  4.2/52  lifetime_outcomes={'won': 5, 'stalled': 213, 'truncated': 472, 'other': 0}  (1084s)
step   296000/500000  eps=0.050  episodes=  697  mean_return= 62.571  mean_loss= 0.52277  mean_foundation=  8.4/52  lifetime_outcomes={'won': 5, 'stalled': 217, 'truncated': 475, 'other': 0}  (1090s)
step   298000/500000  eps=0.050  episodes=  701  mean_return= 48.094  mean_loss= 0.50074  mean_foundation=  7.0/52  lifetime_outcomes={'won': 5, 'stalled': 218, 'truncated': 478, 'other': 0}  (1096s)
step   300000/500000  eps=0.050  episodes=  705  mean_return= 56.500  mean_loss= 0.52544  mean_foundation=  7.0/52  lifetime_outcomes={'won': 5, 'stalled': 218, 'truncated': 482, 'other': 0}  (1104s)
step   302000/500000  eps=0.050  episodes=  710  mean_return= 82.517  mean_loss= 0.53648  mean_foundation= 15.0/52  lifetime_outcomes={'won': 5, 'stalled': 219, 'truncated': 486, 'other': 0}  (1111s)
step   304000/500000  eps=0.050  episodes=  715  mean_return= 58.849  mean_loss= 0.57146  mean_foundation=  5.6/52  lifetime_outcomes={'won': 5, 'stalled': 221, 'truncated': 489, 'other': 0}  (1116s)
step   306000/500000  eps=0.050  episodes=  721  mean_return= 40.840  mean_loss= 0.55613  mean_foundation=  6.8/52  lifetime_outcomes={'won': 5, 'stalled': 224, 'truncated': 492, 'other': 0}  (1123s)
step   308000/500000  eps=0.050  episodes=  727  mean_return= 48.868  mean_loss= 0.54638  mean_foundation=  5.7/52  lifetime_outcomes={'won': 5, 'stalled': 228, 'truncated': 494, 'other': 0}  (1130s)
step   310000/500000  eps=0.050  episodes=  733  mean_return= 57.587  mean_loss= 0.54391  mean_foundation=  7.2/52  lifetime_outcomes={'won': 5, 'stalled': 230, 'truncated': 498, 'other': 0}  (1138s)
step   312000/500000  eps=0.050  episodes=  737  mean_return= 37.500  mean_loss= 0.56162  mean_foundation=  4.2/52  lifetime_outcomes={'won': 5, 'stalled': 230, 'truncated': 502, 'other': 0}  (1144s)
step   314000/500000  eps=0.050  episodes=  743  mean_return= 46.870  mean_loss= 0.57023  mean_foundation=  7.0/52  lifetime_outcomes={'won': 5, 'stalled': 234, 'truncated': 504, 'other': 0}  (1149s)
step   316000/500000  eps=0.050  episodes=  749  mean_return= 49.638  mean_loss= 0.58564  mean_foundation=  5.0/52  lifetime_outcomes={'won': 5, 'stalled': 238, 'truncated': 506, 'other': 0}  (1154s)
step   318000/500000  eps=0.050  episodes=  754  mean_return= 46.610  mean_loss= 0.60572  mean_foundation=  6.0/52  lifetime_outcomes={'won': 5, 'stalled': 240, 'truncated': 509, 'other': 0}  (1160s)
step   320000/500000  eps=0.050  episodes=  759  mean_return= 74.012  mean_loss= 0.62147  mean_foundation=  7.6/52  lifetime_outcomes={'won': 5, 'stalled': 242, 'truncated': 512, 'other': 0}  (1167s)
step   322000/500000  eps=0.050  episodes=  765  mean_return= 46.832  mean_loss= 0.62990  mean_foundation=  6.2/52  lifetime_outcomes={'won': 5, 'stalled': 245, 'truncated': 515, 'other': 0}  (1176s)
step   324000/500000  eps=0.050  episodes=  770  mean_return= 54.266  mean_loss= 0.63095  mean_foundation=  8.4/52  lifetime_outcomes={'won': 5, 'stalled': 248, 'truncated': 517, 'other': 0}  (1182s)
step   326000/500000  eps=0.050  episodes=  776  mean_return= 51.624  mean_loss= 0.66815  mean_foundation=  7.3/52  lifetime_outcomes={'won': 5, 'stalled': 251, 'truncated': 520, 'other': 0}  (1188s)
step   328000/500000  eps=0.050  episodes=  780  mean_return= 54.267  mean_loss= 0.65569  mean_foundation=  7.8/52  lifetime_outcomes={'won': 5, 'stalled': 252, 'truncated': 523, 'other': 0}  (1194s)
step   330000/500000  eps=0.050  episodes=  784  mean_return= 87.546  mean_loss= 0.68583  mean_foundation= 16.2/52  lifetime_outcomes={'won': 5, 'stalled': 254, 'truncated': 525, 'other': 0}  (1200s)
step   332000/500000  eps=0.050  episodes=  789  mean_return= 59.543  mean_loss= 0.69739  mean_foundation=  7.6/52  lifetime_outcomes={'won': 5, 'stalled': 255, 'truncated': 529, 'other': 0}  (1207s)
step   334000/500000  eps=0.050  episodes=  794  mean_return= 30.985  mean_loss= 0.68913  mean_foundation=  6.6/52  lifetime_outcomes={'won': 5, 'stalled': 256, 'truncated': 533, 'other': 0}  (1213s)
step   336000/500000  eps=0.050  episodes=  798  mean_return= 55.590  mean_loss= 0.71664  mean_foundation=  5.8/52  lifetime_outcomes={'won': 5, 'stalled': 257, 'truncated': 536, 'other': 0}  (1218s)
step   338000/500000  eps=0.050  episodes=  804  mean_return= 45.802  mean_loss= 0.70014  mean_foundation=  8.2/52  lifetime_outcomes={'won': 5, 'stalled': 259, 'truncated': 540, 'other': 0}  (1224s)
step   340000/500000  eps=0.050  episodes=  810  mean_return= 51.642  mean_loss= 0.73415  mean_foundation=  5.2/52  lifetime_outcomes={'won': 5, 'stalled': 262, 'truncated': 543, 'other': 0}  (1230s)
step   342000/500000  eps=0.050  episodes=  814  mean_return= 50.009  mean_loss= 0.71910  mean_foundation=  5.0/52  lifetime_outcomes={'won': 5, 'stalled': 263, 'truncated': 546, 'other': 0}  (1238s)
step   344000/500000  eps=0.050  episodes=  818  mean_return= 53.250  mean_loss= 0.72513  mean_foundation=  9.5/52  lifetime_outcomes={'won': 5, 'stalled': 263, 'truncated': 550, 'other': 0}  (1245s)
step   346000/500000  eps=0.050  episodes=  823  mean_return= 70.422  mean_loss= 0.72311  mean_foundation=  6.0/52  lifetime_outcomes={'won': 5, 'stalled': 266, 'truncated': 552, 'other': 0}  (1251s)
step   348000/500000  eps=0.050  episodes=  829  mean_return= 39.159  mean_loss= 0.73707  mean_foundation=  6.0/52  lifetime_outcomes={'won': 5, 'stalled': 269, 'truncated': 555, 'other': 0}  (1257s)
step   350000/500000  eps=0.050  episodes=  834  mean_return= 35.964  mean_loss= 0.72737  mean_foundation=  4.6/52  lifetime_outcomes={'won': 5, 'stalled': 270, 'truncated': 559, 'other': 0}  (1265s)
step   352000/500000  eps=0.050  episodes=  840  mean_return= 35.717  mean_loss= 0.76417  mean_foundation=  6.2/52  lifetime_outcomes={'won': 5, 'stalled': 274, 'truncated': 561, 'other': 0}  (1273s)
step   354000/500000  eps=0.050  episodes=  845  mean_return= 42.981  mean_loss= 0.76024  mean_foundation=  7.4/52  lifetime_outcomes={'won': 5, 'stalled': 275, 'truncated': 565, 'other': 0}  (1279s)
step   356000/500000  eps=0.050  episodes=  851  mean_return= 42.652  mean_loss= 0.73766  mean_foundation=  6.3/52  lifetime_outcomes={'won': 5, 'stalled': 278, 'truncated': 568, 'other': 0}  (1284s)
step   358000/500000  eps=0.050  episodes=  856  mean_return= 48.443  mean_loss= 0.74473  mean_foundation=  6.8/52  lifetime_outcomes={'won': 5, 'stalled': 280, 'truncated': 571, 'other': 0}  (1291s)
step   360000/500000  eps=0.050  episodes=  862  mean_return= 49.803  mean_loss= 0.72569  mean_foundation=  4.5/52  lifetime_outcomes={'won': 5, 'stalled': 282, 'truncated': 575, 'other': 0}  (1299s)
step   362000/500000  eps=0.050  episodes=  866  mean_return= 38.000  mean_loss= 0.76752  mean_foundation=  4.2/52  lifetime_outcomes={'won': 5, 'stalled': 282, 'truncated': 579, 'other': 0}  (1305s)
step   364000/500000  eps=0.050  episodes=  872  mean_return= 43.155  mean_loss= 0.76152  mean_foundation=  5.5/52  lifetime_outcomes={'won': 5, 'stalled': 285, 'truncated': 582, 'other': 0}  (1311s)
step   366000/500000  eps=0.050  episodes=  876  mean_return= 47.281  mean_loss= 0.78148  mean_foundation=  4.0/52  lifetime_outcomes={'won': 5, 'stalled': 286, 'truncated': 585, 'other': 0}  (1317s)
step   368000/500000  eps=0.050  episodes=  883  mean_return= 36.854  mean_loss= 0.77844  mean_foundation=  4.6/52  lifetime_outcomes={'won': 5, 'stalled': 290, 'truncated': 588, 'other': 0}  (1323s)
step   370000/500000  eps=0.050  episodes=  887  mean_return= 61.570  mean_loss= 0.83407  mean_foundation=  5.2/52  lifetime_outcomes={'won': 5, 'stalled': 291, 'truncated': 591, 'other': 0}  (1330s)
step   372000/500000  eps=0.050  episodes=  892  mean_return= 57.791  mean_loss= 0.83982  mean_foundation=  6.4/52  lifetime_outcomes={'won': 5, 'stalled': 292, 'truncated': 595, 'other': 0}  (1338s)
step   374000/500000  eps=0.050  episodes=  898  mean_return= 54.786  mean_loss= 0.85276  mean_foundation=  7.5/52  lifetime_outcomes={'won': 5, 'stalled': 294, 'truncated': 599, 'other': 0}  (1343s)
step   376000/500000  eps=0.050  episodes=  902  mean_return= 61.582  mean_loss= 0.88447  mean_foundation=  7.8/52  lifetime_outcomes={'won': 5, 'stalled': 295, 'truncated': 602, 'other': 0}  (1352s)
step   378000/500000  eps=0.050  episodes=  907  mean_return= 70.507  mean_loss= 0.95078  mean_foundation=  5.2/52  lifetime_outcomes={'won': 5, 'stalled': 296, 'truncated': 606, 'other': 0}  (1360s)
step   380000/500000  eps=0.050  episodes=  913  mean_return= 50.354  mean_loss= 0.94043  mean_foundation=  5.7/52  lifetime_outcomes={'won': 5, 'stalled': 299, 'truncated': 609, 'other': 0}  (1369s)
step   382000/500000  eps=0.050  episodes=  917  mean_return= 61.089  mean_loss= 0.90277  mean_foundation=  4.0/52  lifetime_outcomes={'won': 5, 'stalled': 300, 'truncated': 612, 'other': 0}  (1378s)
step   384000/500000  eps=0.050  episodes=  921  mean_return= 55.750  mean_loss= 0.94845  mean_foundation=  8.0/52  lifetime_outcomes={'won': 5, 'stalled': 300, 'truncated': 616, 'other': 0}  (1387s)
step   386000/500000  eps=0.050  episodes=  925  mean_return= 28.250  mean_loss= 0.95481  mean_foundation=  3.2/52  lifetime_outcomes={'won': 5, 'stalled': 300, 'truncated': 620, 'other': 0}  (1398s)
step   388000/500000  eps=0.050  episodes=  930  mean_return= 45.378  mean_loss= 0.97561  mean_foundation=  6.8/52  lifetime_outcomes={'won': 5, 'stalled': 301, 'truncated': 624, 'other': 0}  (1407s)
step   390000/500000  eps=0.050  episodes=  935  mean_return= 38.781  mean_loss= 0.94742  mean_foundation=  3.6/52  lifetime_outcomes={'won': 5, 'stalled': 302, 'truncated': 628, 'other': 0}  (1416s)
step   392000/500000  eps=0.050  episodes=  941  mean_return= 55.806  mean_loss= 0.99930  mean_foundation=  6.3/52  lifetime_outcomes={'won': 5, 'stalled': 304, 'truncated': 632, 'other': 0}  (1424s)
step   394000/500000  eps=0.050  episodes=  945  mean_return= 55.049  mean_loss= 0.97437  mean_foundation=  6.2/52  lifetime_outcomes={'won': 5, 'stalled': 305, 'truncated': 635, 'other': 0}  (1432s)
step   396000/500000  eps=0.050  episodes=  951  mean_return= 55.305  mean_loss= 0.99923  mean_foundation=  6.5/52  lifetime_outcomes={'won': 5, 'stalled': 308, 'truncated': 638, 'other': 0}  (1441s)
step   398000/500000  eps=0.050  episodes=  955  mean_return= 46.058  mean_loss= 0.98887  mean_foundation=  5.8/52  lifetime_outcomes={'won': 5, 'stalled': 309, 'truncated': 641, 'other': 0}  (1451s)
step   400000/500000  eps=0.050  episodes=  959  mean_return= 45.000  mean_loss= 1.01753  mean_foundation=  5.2/52  lifetime_outcomes={'won': 5, 'stalled': 309, 'truncated': 645, 'other': 0}  (1462s)
step   402000/500000  eps=0.050  episodes=  963  mean_return= 68.000  mean_loss= 1.02320  mean_foundation=  6.5/52  lifetime_outcomes={'won': 5, 'stalled': 309, 'truncated': 649, 'other': 0}  (1470s)
step   404000/500000  eps=0.050  episodes=  968  mean_return= 48.589  mean_loss= 1.00284  mean_foundation=  4.8/52  lifetime_outcomes={'won': 5, 'stalled': 310, 'truncated': 653, 'other': 0}  (1476s)
step   406000/500000  eps=0.050  episodes=  974  mean_return= 63.488  mean_loss= 1.03390  mean_foundation= 10.0/52  lifetime_outcomes={'won': 5, 'stalled': 313, 'truncated': 656, 'other': 0}  (1483s)
step   408000/500000  eps=0.050  episodes=  980  mean_return= 44.467  mean_loss= 1.04782  mean_foundation=  6.0/52  lifetime_outcomes={'won': 5, 'stalled': 316, 'truncated': 659, 'other': 0}  (1489s)
step   410000/500000  eps=0.050  episodes=  985  mean_return= 68.670  mean_loss= 1.07854  mean_foundation=  9.6/52  lifetime_outcomes={'won': 5, 'stalled': 319, 'truncated': 661, 'other': 0}  (1495s)
step   412000/500000  eps=0.050  episodes=  991  mean_return= 51.297  mean_loss= 1.07747  mean_foundation=  5.5/52  lifetime_outcomes={'won': 5, 'stalled': 321, 'truncated': 665, 'other': 0}  (1504s)
step   414000/500000  eps=0.050  episodes=  995  mean_return= 59.574  mean_loss= 1.06083  mean_foundation=  4.5/52  lifetime_outcomes={'won': 5, 'stalled': 323, 'truncated': 667, 'other': 0}  (1514s)
step   416000/500000  eps=0.050  episodes= 1001  mean_return= 45.962  mean_loss= 1.08783  mean_foundation=  4.7/52  lifetime_outcomes={'won': 5, 'stalled': 326, 'truncated': 670, 'other': 0}  (1521s)
step   418000/500000  eps=0.050  episodes= 1006  mean_return= 38.986  mean_loss= 1.10832  mean_foundation=  3.2/52  lifetime_outcomes={'won': 5, 'stalled': 327, 'truncated': 674, 'other': 0}  (1528s)
step   420000/500000  eps=0.050  episodes= 1010  mean_return= 55.285  mean_loss= 1.08677  mean_foundation=  5.8/52  lifetime_outcomes={'won': 5, 'stalled': 328, 'truncated': 677, 'other': 0}  (1535s)
step   422000/500000  eps=0.050  episodes= 1015  mean_return= 38.166  mean_loss= 1.08202  mean_foundation=  7.0/52  lifetime_outcomes={'won': 5, 'stalled': 329, 'truncated': 681, 'other': 0}  (1546s)
step   424000/500000  eps=0.050  episodes= 1021  mean_return= 53.499  mean_loss= 1.11104  mean_foundation=  7.7/52  lifetime_outcomes={'won': 5, 'stalled': 332, 'truncated': 684, 'other': 0}  (1559s)
step   426000/500000  eps=0.050  episodes= 1026  mean_return= 37.785  mean_loss= 1.07548  mean_foundation=  6.0/52  lifetime_outcomes={'won': 5, 'stalled': 333, 'truncated': 688, 'other': 0}  (1569s)
step   428000/500000  eps=0.050  episodes= 1031  mean_return= 40.622  mean_loss= 1.06477  mean_foundation=  2.8/52  lifetime_outcomes={'won': 5, 'stalled': 335, 'truncated': 691, 'other': 0}  (1577s)
step   430000/500000  eps=0.050  episodes= 1035  mean_return= 55.750  mean_loss= 1.06900  mean_foundation=  4.5/52  lifetime_outcomes={'won': 5, 'stalled': 335, 'truncated': 695, 'other': 0}  (1585s)
step   432000/500000  eps=0.050  episodes= 1040  mean_return= 26.457  mean_loss= 1.06822  mean_foundation=  3.8/52  lifetime_outcomes={'won': 5, 'stalled': 338, 'truncated': 697, 'other': 0}  (1590s)
step   434000/500000  eps=0.050  episodes= 1045  mean_return= 42.935  mean_loss= 1.12354  mean_foundation=  4.6/52  lifetime_outcomes={'won': 5, 'stalled': 339, 'truncated': 701, 'other': 0}  (1596s)
step   436000/500000  eps=0.050  episodes= 1050  mean_return= 47.988  mean_loss= 1.08069  mean_foundation=  8.0/52  lifetime_outcomes={'won': 5, 'stalled': 341, 'truncated': 704, 'other': 0}  (1601s)
step   438000/500000  eps=0.050  episodes= 1055  mean_return= 79.464  mean_loss= 1.11830  mean_foundation= 11.6/52  lifetime_outcomes={'won': 5, 'stalled': 344, 'truncated': 706, 'other': 0}  (1607s)
step   440000/500000  eps=0.050  episodes= 1061  mean_return= 32.156  mean_loss= 1.17954  mean_foundation=  5.3/52  lifetime_outcomes={'won': 5, 'stalled': 348, 'truncated': 708, 'other': 0}  (1612s)
step   442000/500000  eps=0.050  episodes= 1066  mean_return= 59.803  mean_loss= 1.26330  mean_foundation=  5.8/52  lifetime_outcomes={'won': 5, 'stalled': 350, 'truncated': 711, 'other': 0}  (1617s)
step   444000/500000  eps=0.050  episodes= 1072  mean_return= 48.140  mean_loss= 1.29986  mean_foundation=  6.7/52  lifetime_outcomes={'won': 5, 'stalled': 352, 'truncated': 715, 'other': 0}  (1623s)
step   446000/500000  eps=0.050  episodes= 1077  mean_return= 23.386  mean_loss= 1.22348  mean_foundation=  2.8/52  lifetime_outcomes={'won': 5, 'stalled': 353, 'truncated': 719, 'other': 0}  (1629s)
step   448000/500000  eps=0.050  episodes= 1081  mean_return= 43.750  mean_loss= 1.19762  mean_foundation=  6.2/52  lifetime_outcomes={'won': 5, 'stalled': 353, 'truncated': 723, 'other': 0}  (1635s)
step   450000/500000  eps=0.050  episodes= 1085  mean_return= 39.831  mean_loss= 1.29456  mean_foundation=  6.0/52  lifetime_outcomes={'won': 5, 'stalled': 354, 'truncated': 726, 'other': 0}  (1643s)
step   452000/500000  eps=0.050  episodes= 1090  mean_return= 63.964  mean_loss= 1.32712  mean_foundation=  8.2/52  lifetime_outcomes={'won': 5, 'stalled': 355, 'truncated': 730, 'other': 0}  (1658s)
step   454000/500000  eps=0.050  episodes= 1095  mean_return= 52.983  mean_loss= 1.31241  mean_foundation=  7.0/52  lifetime_outcomes={'won': 5, 'stalled': 356, 'truncated': 734, 'other': 0}  (1681s)
step   456000/500000  eps=0.050  episodes= 1100  mean_return= 53.822  mean_loss= 1.33915  mean_foundation=  6.8/52  lifetime_outcomes={'won': 5, 'stalled': 358, 'truncated': 737, 'other': 0}  (1693s)
step   458000/500000  eps=0.050  episodes= 1105  mean_return= 43.577  mean_loss= 1.42129  mean_foundation=  8.6/52  lifetime_outcomes={'won': 5, 'stalled': 360, 'truncated': 740, 'other': 0}  (1705s)
step   460000/500000  eps=0.050  episodes= 1110  mean_return= 50.598  mean_loss= 1.38116  mean_foundation=  5.8/52  lifetime_outcomes={'won': 5, 'stalled': 362, 'truncated': 743, 'other': 0}  (1716s)
step   462000/500000  eps=0.050  episodes= 1114  mean_return= 50.750  mean_loss= 1.42092  mean_foundation=  5.8/52  lifetime_outcomes={'won': 5, 'stalled': 362, 'truncated': 747, 'other': 0}  (1725s)
step   464000/500000  eps=0.050  episodes= 1120  mean_return= 42.891  mean_loss= 1.50227  mean_foundation=  8.2/52  lifetime_outcomes={'won': 5, 'stalled': 366, 'truncated': 749, 'other': 0}  (1733s)
step   466000/500000  eps=0.050  episodes= 1125  mean_return= 57.984  mean_loss= 1.55205  mean_foundation=  6.8/52  lifetime_outcomes={'won': 5, 'stalled': 367, 'truncated': 753, 'other': 0}  (1741s)
step   468000/500000  eps=0.050  episodes= 1130  mean_return= 48.785  mean_loss= 1.58885  mean_foundation=  6.4/52  lifetime_outcomes={'won': 5, 'stalled': 368, 'truncated': 757, 'other': 0}  (1749s)
step   470000/500000  eps=0.050  episodes= 1135  mean_return= 46.389  mean_loss= 1.60681  mean_foundation=  5.2/52  lifetime_outcomes={'won': 5, 'stalled': 369, 'truncated': 761, 'other': 0}  (1757s)
step   472000/500000  eps=0.050  episodes= 1139  mean_return= 34.318  mean_loss= 1.60970  mean_foundation=  4.0/52  lifetime_outcomes={'won': 5, 'stalled': 370, 'truncated': 764, 'other': 0}  (1766s)
step   474000/500000  eps=0.050  episodes= 1144  mean_return= 54.784  mean_loss= 1.63276  mean_foundation=  6.8/52  lifetime_outcomes={'won': 5, 'stalled': 371, 'truncated': 768, 'other': 0}  (1776s)
step   476000/500000  eps=0.050  episodes= 1151  mean_return= 41.530  mean_loss= 1.64373  mean_foundation=  4.0/52  lifetime_outcomes={'won': 5, 'stalled': 374, 'truncated': 772, 'other': 0}  (1785s)
step   478000/500000  eps=0.050  episodes= 1155  mean_return= 47.345  mean_loss= 1.64982  mean_foundation=  6.0/52  lifetime_outcomes={'won': 5, 'stalled': 375, 'truncated': 775, 'other': 0}  (1792s)
step   480000/500000  eps=0.050  episodes= 1160  mean_return= 68.952  mean_loss= 1.70201  mean_foundation=  6.2/52  lifetime_outcomes={'won': 5, 'stalled': 376, 'truncated': 779, 'other': 0}  (1798s)
step   482000/500000  eps=0.050  episodes= 1165  mean_return= 33.388  mean_loss= 1.64114  mean_foundation=  4.8/52  lifetime_outcomes={'won': 5, 'stalled': 377, 'truncated': 783, 'other': 0}  (1805s)
step   484000/500000  eps=0.050  episodes= 1169  mean_return= 51.815  mean_loss= 1.68107  mean_foundation=  5.2/52  lifetime_outcomes={'won': 5, 'stalled': 378, 'truncated': 786, 'other': 0}  (1811s)
step   486000/500000  eps=0.050  episodes= 1174  mean_return= 77.736  mean_loss= 1.65056  mean_foundation=  9.2/52  lifetime_outcomes={'won': 5, 'stalled': 379, 'truncated': 790, 'other': 0}  (1816s)
step   488000/500000  eps=0.050  episodes= 1178  mean_return= 39.750  mean_loss= 1.66497  mean_foundation=  5.0/52  lifetime_outcomes={'won': 5, 'stalled': 379, 'truncated': 794, 'other': 0}  (1822s)
step   490000/500000  eps=0.050  episodes= 1183  mean_return= 53.625  mean_loss= 1.63482  mean_foundation=  5.2/52  lifetime_outcomes={'won': 5, 'stalled': 381, 'truncated': 797, 'other': 0}  (1831s)
step   492000/500000  eps=0.050  episodes= 1187  mean_return= 71.000  mean_loss= 1.71395  mean_foundation=  5.0/52  lifetime_outcomes={'won': 5, 'stalled': 381, 'truncated': 801, 'other': 0}  (1839s)
step   494000/500000  eps=0.050  episodes= 1193  mean_return= 45.846  mean_loss= 1.67644  mean_foundation=  6.0/52  lifetime_outcomes={'won': 5, 'stalled': 384, 'truncated': 804, 'other': 0}  (1848s)
step   496000/500000  eps=0.050  episodes= 1198  mean_return= 55.181  mean_loss= 1.68844  mean_foundation=  7.0/52  lifetime_outcomes={'won': 5, 'stalled': 385, 'truncated': 808, 'other': 0}  (1856s)
step   498000/500000  eps=0.050  episodes= 1203  mean_return= 23.184  mean_loss= 1.70069  mean_foundation=  2.0/52  lifetime_outcomes={'won': 5, 'stalled': 386, 'truncated': 812, 'other': 0}  (1863s)
step   500000/500000  eps=0.050  episodes= 1208  mean_return= 75.980  mean_loss= 1.71081  mean_foundation=  7.2/52  lifetime_outcomes={'won': 5, 'stalled': 388, 'truncated': 815, 'other': 0}  (1869s)
done. saved final checkpoint to runs/001_double_dqn_soft_nstep3/checkpoint_final.pt
