step     2000/500000  eps=0.991  episodes=    4  mean_return= 77.298  mean_loss=     nan  mean_foundation=  6.5/52  lifetime_outcomes={'won': 0, 'stalled': 1, 'truncated': 3, 'other': 0}  (2s)
step     4000/500000  eps=0.981  episodes=    8  mean_return= 94.250  mean_loss=     nan  mean_foundation= 10.2/52  lifetime_outcomes={'won': 0, 'stalled': 1, 'truncated': 7, 'other': 0}  (4s)
step     6000/500000  eps=0.972  episodes=   12  mean_return= 87.014  mean_loss= 0.15338  mean_foundation=  5.0/52  lifetime_outcomes={'won': 0, 'stalled': 2, 'truncated': 10, 'other': 0}  (10s)
step     8000/500000  eps=0.962  episodes=   17  mean_return= 65.758  mean_loss= 0.18249  mean_foundation=  7.4/52  lifetime_outcomes={'won': 0, 'stalled': 4, 'truncated': 13, 'other': 0}  (19s)
step    10000/500000  eps=0.953  episodes=   21  mean_return= 79.289  mean_loss= 0.23351  mean_foundation=  5.2/52  lifetime_outcomes={'won': 0, 'stalled': 5, 'truncated': 16, 'other': 0}  (25s)
step    12000/500000  eps=0.943  episodes=   25  mean_return= 83.250  mean_loss= 0.30032  mean_foundation=  5.0/52  lifetime_outcomes={'won': 0, 'stalled': 5, 'truncated': 20, 'other': 0}  (33s)
step    14000/500000  eps=0.933  episodes=   29  mean_return= 89.750  mean_loss= 0.32787  mean_foundation=  7.0/52  lifetime_outcomes={'won': 0, 'stalled': 5, 'truncated': 24, 'other': 0}  (41s)
step    16000/500000  eps=0.924  episodes=   33  mean_return= 71.000  mean_loss= 0.35371  mean_foundation= 10.5/52  lifetime_outcomes={'won': 0, 'stalled': 5, 'truncated': 28, 'other': 0}  (49s)
step    18000/500000  eps=0.914  episodes=   37  mean_return= 83.750  mean_loss= 0.41997  mean_foundation=  9.5/52  lifetime_outcomes={'won': 0, 'stalled': 5, 'truncated': 32, 'other': 0}  (55s)
step    20000/500000  eps=0.905  episodes=   41  mean_return= 64.250  mean_loss= 0.44313  mean_foundation=  5.2/52  lifetime_outcomes={'won': 0, 'stalled': 5, 'truncated': 36, 'other': 0}  (62s)
step    22000/500000  eps=0.895  episodes=   45  mean_return= 88.750  mean_loss= 0.47384  mean_foundation=  7.8/52  lifetime_outcomes={'won': 0, 'stalled': 5, 'truncated': 40, 'other': 0}  (69s)
step    24000/500000  eps=0.886  episodes=   49  mean_return= 90.000  mean_loss= 0.54862  mean_foundation=  8.0/52  lifetime_outcomes={'won': 0, 'stalled': 5, 'truncated': 44, 'other': 0}  (74s)
step    26000/500000  eps=0.877  episodes=   53  mean_return= 65.500  mean_loss= 0.56605  mean_foundation=  4.2/52  lifetime_outcomes={'won': 0, 'stalled': 5, 'truncated': 48, 'other': 0}  (79s)
step    28000/500000  eps=0.867  episodes=   57  mean_return= 69.000  mean_loss= 0.61639  mean_foundation=  7.2/52  lifetime_outcomes={'won': 0, 'stalled': 5, 'truncated': 52, 'other': 0}  (83s)
step    30000/500000  eps=0.858  episodes=   61  mean_return= 78.750  mean_loss= 0.65623  mean_foundation=  7.0/52  lifetime_outcomes={'won': 0, 'stalled': 5, 'truncated': 56, 'other': 0}  (87s)
step    32000/500000  eps=0.848  episodes=   65  mean_return= 70.000  mean_loss= 0.68958  mean_foundation=  2.5/52  lifetime_outcomes={'won': 0, 'stalled': 5, 'truncated': 60, 'other': 0}  (91s)
step    34000/500000  eps=0.839  episodes=   69  mean_return= 78.750  mean_loss= 0.76897  mean_foundation=  5.5/52  lifetime_outcomes={'won': 0, 'stalled': 5, 'truncated': 64, 'other': 0}  (95s)
step    36000/500000  eps=0.829  episodes=   74  mean_return= 67.204  mean_loss= 0.82709  mean_foundation=  6.4/52  lifetime_outcomes={'won': 0, 'stalled': 7, 'truncated': 67, 'other': 0}  (101s)
step    38000/500000  eps=0.820  episodes=   78  mean_return= 83.750  mean_loss= 0.85465  mean_foundation=  5.0/52  lifetime_outcomes={'won': 0, 'stalled': 7, 'truncated': 71, 'other': 0}  (110s)
step    40000/500000  eps=0.810  episodes=   82  mean_return= 72.265  mean_loss= 0.99844  mean_foundation=  4.8/52  lifetime_outcomes={'won': 0, 'stalled': 8, 'truncated': 74, 'other': 0}  (118s)
step    42000/500000  eps=0.800  episodes=   86  mean_return= 88.250  mean_loss= 1.07301  mean_foundation=  8.0/52  lifetime_outcomes={'won': 0, 'stalled': 8, 'truncated': 78, 'other': 0}  (126s)
step    44000/500000  eps=0.791  episodes=   90  mean_return= 76.750  mean_loss= 1.10298  mean_foundation= 10.2/52  lifetime_outcomes={'won': 0, 'stalled': 8, 'truncated': 82, 'other': 0}  (134s)
step    46000/500000  eps=0.781  episodes=   94  mean_return= 59.518  mean_loss= 1.18277  mean_foundation=  5.5/52  lifetime_outcomes={'won': 0, 'stalled': 9, 'truncated': 85, 'other': 0}  (143s)
step    48000/500000  eps=0.772  episodes=   98  mean_return= 76.541  mean_loss= 1.20748  mean_foundation=  3.5/52  lifetime_outcomes={'won': 0, 'stalled': 11, 'truncated': 87, 'other': 0}  (149s)
step    50000/500000  eps=0.762  episodes=  103  mean_return= 83.501  mean_loss= 1.27234  mean_foundation=  5.6/52  lifetime_outcomes={'won': 0, 'stalled': 12, 'truncated': 91, 'other': 0}  (154s)
step    52000/500000  eps=0.753  episodes=  107  mean_return= 61.816  mean_loss= 1.31978  mean_foundation=  5.5/52  lifetime_outcomes={'won': 0, 'stalled': 13, 'truncated': 94, 'other': 0}  (159s)
step    54000/500000  eps=0.744  episodes=  111  mean_return= 67.750  mean_loss= 1.38562  mean_foundation=  8.2/52  lifetime_outcomes={'won': 0, 'stalled': 13, 'truncated': 98, 'other': 0}  (163s)
step    56000/500000  eps=0.734  episodes=  115  mean_return= 88.257  mean_loss= 1.47222  mean_foundation= 11.8/52  lifetime_outcomes={'won': 0, 'stalled': 14, 'truncated': 101, 'other': 0}  (173s)
step    58000/500000  eps=0.725  episodes=  119  mean_return= 81.000  mean_loss= 1.51923  mean_foundation=  7.0/52  lifetime_outcomes={'won': 0, 'stalled': 14, 'truncated': 105, 'other': 0}  (183s)
step    60000/500000  eps=0.715  episodes=  123  mean_return= 52.250  mean_loss= 1.56137  mean_foundation=  4.2/52  lifetime_outcomes={'won': 0, 'stalled': 14, 'truncated': 109, 'other': 0}  (193s)
step    62000/500000  eps=0.706  episodes=  127  mean_return= 54.000  mean_loss= 1.61547  mean_foundation=  4.2/52  lifetime_outcomes={'won': 0, 'stalled': 14, 'truncated': 113, 'other': 0}  (202s)
step    64000/500000  eps=0.696  episodes=  131  mean_return= 64.500  mean_loss= 1.73036  mean_foundation=  5.2/52  lifetime_outcomes={'won': 0, 'stalled': 14, 'truncated': 117, 'other': 0}  (210s)
step    66000/500000  eps=0.686  episodes=  135  mean_return= 73.500  mean_loss= 1.78989  mean_foundation=  3.2/52  lifetime_outcomes={'won': 0, 'stalled': 14, 'truncated': 121, 'other': 0}  (214s)
step    68000/500000  eps=0.677  episodes=  139  mean_return= 77.250  mean_loss= 1.91416  mean_foundation=  9.0/52  lifetime_outcomes={'won': 0, 'stalled': 14, 'truncated': 125, 'other': 0}  (219s)
step    70000/500000  eps=0.667  episodes=  143  mean_return= 84.500  mean_loss= 1.97549  mean_foundation=  7.2/52  lifetime_outcomes={'won': 0, 'stalled': 14, 'truncated': 129, 'other': 0}  (224s)
step    72000/500000  eps=0.658  episodes=  148  mean_return= 79.762  mean_loss= 1.97589  mean_foundation=  5.6/52  lifetime_outcomes={'won': 0, 'stalled': 16, 'truncated': 132, 'other': 0}  (229s)
step    74000/500000  eps=0.649  episodes=  152  mean_return= 79.770  mean_loss= 2.18098  mean_foundation=  8.8/52  lifetime_outcomes={'won': 0, 'stalled': 17, 'truncated': 135, 'other': 0}  (235s)
step    76000/500000  eps=0.639  episodes=  156  mean_return= 76.750  mean_loss= 2.15611  mean_foundation=  5.2/52  lifetime_outcomes={'won': 0, 'stalled': 17, 'truncated': 139, 'other': 0}  (240s)
step    78000/500000  eps=0.629  episodes=  160  mean_return= 61.519  mean_loss= 2.25357  mean_foundation=  4.0/52  lifetime_outcomes={'won': 0, 'stalled': 18, 'truncated': 142, 'other': 0}  (245s)
step    80000/500000  eps=0.620  episodes=  164  mean_return= 86.803  mean_loss= 2.47325  mean_foundation=  8.2/52  lifetime_outcomes={'won': 0, 'stalled': 20, 'truncated': 144, 'other': 0}  (251s)
step    82000/500000  eps=0.611  episodes=  169  mean_return= 64.334  mean_loss= 2.49902  mean_foundation=  6.2/52  lifetime_outcomes={'won': 0, 'stalled': 21, 'truncated': 148, 'other': 0}  (255s)
step    84000/500000  eps=0.601  episodes=  173  mean_return= 85.832  mean_loss= 2.59994  mean_foundation=  5.8/52  lifetime_outcomes={'won': 0, 'stalled': 22, 'truncated': 151, 'other': 0}  (260s)
step    86000/500000  eps=0.592  episodes=  178  mean_return= 72.351  mean_loss= 2.78369  mean_foundation=  3.8/52  lifetime_outcomes={'won': 0, 'stalled': 23, 'truncated': 155, 'other': 0}  (266s)
step    88000/500000  eps=0.582  episodes=  182  mean_return= 48.050  mean_loss= 2.72458  mean_foundation=  5.2/52  lifetime_outcomes={'won': 0, 'stalled': 25, 'truncated': 157, 'other': 0}  (271s)
step    90000/500000  eps=0.573  episodes=  186  mean_return= 55.258  mean_loss= 2.90309  mean_foundation=  7.2/52  lifetime_outcomes={'won': 0, 'stalled': 26, 'truncated': 160, 'other': 0}  (276s)
step    92000/500000  eps=0.563  episodes=  190  mean_return= 72.000  mean_loss= 2.91444  mean_foundation=  4.0/52  lifetime_outcomes={'won': 0, 'stalled': 26, 'truncated': 164, 'other': 0}  (281s)
step    94000/500000  eps=0.554  episodes=  195  mean_return= 74.338  mean_loss= 2.95580  mean_foundation=  4.6/52  lifetime_outcomes={'won': 0, 'stalled': 27, 'truncated': 168, 'other': 0}  (285s)
step    96000/500000  eps=0.544  episodes=  200  mean_return= 71.796  mean_loss= 3.15941  mean_foundation=  5.0/52  lifetime_outcomes={'won': 0, 'stalled': 29, 'truncated': 171, 'other': 0}  (290s)
step    98000/500000  eps=0.534  episodes=  204  mean_return= 85.255  mean_loss= 3.18445  mean_foundation=  3.0/52  lifetime_outcomes={'won': 0, 'stalled': 30, 'truncated': 174, 'other': 0}  (295s)
step   100000/500000  eps=0.525  episodes=  209  mean_return= 70.228  mean_loss= 3.25641  mean_foundation=  2.0/52  lifetime_outcomes={'won': 0, 'stalled': 34, 'truncated': 175, 'other': 0}  (299s)
step   102000/500000  eps=0.516  episodes=  213  mean_return= 98.794  mean_loss= 3.44343  mean_foundation=  5.2/52  lifetime_outcomes={'won': 0, 'stalled': 36, 'truncated': 177, 'other': 0}  (305s)
step   104000/500000  eps=0.506  episodes=  217  mean_return= 68.750  mean_loss= 3.69366  mean_foundation=  2.2/52  lifetime_outcomes={'won': 0, 'stalled': 36, 'truncated': 181, 'other': 0}  (310s)
step   106000/500000  eps=0.497  episodes=  222  mean_return= 83.716  mean_loss= 3.71599  mean_foundation=  6.2/52  lifetime_outcomes={'won': 0, 'stalled': 38, 'truncated': 184, 'other': 0}  (314s)
step   108000/500000  eps=0.487  episodes=  226  mean_return= 85.771  mean_loss= 3.79537  mean_foundation=  4.5/52  lifetime_outcomes={'won': 0, 'stalled': 39, 'truncated': 187, 'other': 0}  (319s)
step   110000/500000  eps=0.478  episodes=  230  mean_return= 75.810  mean_loss= 4.09592  mean_foundation=  6.0/52  lifetime_outcomes={'won': 0, 'stalled': 40, 'truncated': 190, 'other': 0}  (323s)
step   112000/500000  eps=0.468  episodes=  234  mean_return= 75.000  mean_loss= 4.14131  mean_foundation=  6.2/52  lifetime_outcomes={'won': 0, 'stalled': 40, 'truncated': 194, 'other': 0}  (327s)
step   114000/500000  eps=0.459  episodes=  238  mean_return= 80.538  mean_loss= 4.12832  mean_foundation=  8.5/52  lifetime_outcomes={'won': 0, 'stalled': 42, 'truncated': 196, 'other': 0}  (332s)
step   116000/500000  eps=0.449  episodes=  242  mean_return= 55.500  mean_loss= 4.51602  mean_foundation=  3.0/52  lifetime_outcomes={'won': 0, 'stalled': 42, 'truncated': 200, 'other': 0}  (337s)
step   118000/500000  eps=0.440  episodes=  246  mean_return= 81.500  mean_loss= 4.19378  mean_foundation=  5.5/52  lifetime_outcomes={'won': 0, 'stalled': 42, 'truncated': 204, 'other': 0}  (343s)
step   120000/500000  eps=0.430  episodes=  250  mean_return= 76.250  mean_loss= 4.39031  mean_foundation=  5.2/52  lifetime_outcomes={'won': 0, 'stalled': 42, 'truncated': 208, 'other': 0}  (349s)
step   122000/500000  eps=0.420  episodes=  255  mean_return= 73.715  mean_loss= 4.60037  mean_foundation=  7.2/52  lifetime_outcomes={'won': 0, 'stalled': 43, 'truncated': 212, 'other': 0}  (354s)
step   124000/500000  eps=0.411  episodes=  259  mean_return= 59.020  mean_loss= 4.69931  mean_foundation=  7.5/52  lifetime_outcomes={'won': 0, 'stalled': 44, 'truncated': 215, 'other': 0}  (359s)
step   126000/500000  eps=0.402  episodes=  263  mean_return= 48.816  mean_loss= 4.95650  mean_foundation=  5.8/52  lifetime_outcomes={'won': 0, 'stalled': 46, 'truncated': 217, 'other': 0}  (363s)
step   128000/500000  eps=0.392  episodes=  267  mean_return= 73.005  mean_loss= 5.08076  mean_foundation=  5.0/52  lifetime_outcomes={'won': 0, 'stalled': 47, 'truncated': 220, 'other': 0}  (368s)
step   130000/500000  eps=0.383  episodes=  271  mean_return= 64.750  mean_loss= 5.01790  mean_foundation=  2.8/52  lifetime_outcomes={'won': 0, 'stalled': 47, 'truncated': 224, 'other': 0}  (373s)
step   132000/500000  eps=0.373  episodes=  275  mean_return= 81.250  mean_loss= 4.95898  mean_foundation=  6.0/52  lifetime_outcomes={'won': 0, 'stalled': 47, 'truncated': 228, 'other': 0}  (378s)
step   134000/500000  eps=0.364  episodes=  280  mean_return= 88.542  mean_loss= 5.34862  mean_foundation=  3.8/52  lifetime_outcomes={'won': 0, 'stalled': 49, 'truncated': 231, 'other': 0}  (382s)
step   136000/500000  eps=0.354  episodes=  284  mean_return= 89.567  mean_loss= 5.48366  mean_foundation=  2.5/52  lifetime_outcomes={'won': 0, 'stalled': 51, 'truncated': 233, 'other': 0}  (388s)
step   138000/500000  eps=0.345  episodes=  289  mean_return= 89.770  mean_loss= 5.89614  mean_foundation=  8.2/52  lifetime_outcomes={'won': 0, 'stalled': 53, 'truncated': 236, 'other': 0}  (393s)
step   140000/500000  eps=0.335  episodes=  294  mean_return= 80.951  mean_loss= 5.98144  mean_foundation=  4.6/52  lifetime_outcomes={'won': 0, 'stalled': 56, 'truncated': 238, 'other': 0}  (398s)
step   142000/500000  eps=0.326  episodes=  298  mean_return= 79.500  mean_loss= 6.18532  mean_foundation=  5.2/52  lifetime_outcomes={'won': 0, 'stalled': 56, 'truncated': 242, 'other': 0}  (403s)
step   144000/500000  eps=0.316  episodes=  302  mean_return= 84.750  mean_loss= 6.53727  mean_foundation=  4.8/52  lifetime_outcomes={'won': 0, 'stalled': 56, 'truncated': 246, 'other': 0}  (408s)
step   146000/500000  eps=0.306  episodes=  306  mean_return= 68.750  mean_loss= 6.44814  mean_foundation=  6.5/52  lifetime_outcomes={'won': 0, 'stalled': 56, 'truncated': 250, 'other': 0}  (413s)
step   148000/500000  eps=0.297  episodes=  310  mean_return= 76.777  mean_loss= 6.52613  mean_foundation=  6.0/52  lifetime_outcomes={'won': 0, 'stalled': 58, 'truncated': 252, 'other': 0}  (419s)
step   150000/500000  eps=0.288  episodes=  314  mean_return= 75.752  mean_loss= 6.42625  mean_foundation=  8.0/52  lifetime_outcomes={'won': 0, 'stalled': 59, 'truncated': 255, 'other': 0}  (424s)
step   152000/500000  eps=0.278  episodes=  319  mean_return= 72.641  mean_loss= 6.90640  mean_foundation=  4.6/52  lifetime_outcomes={'won': 0, 'stalled': 63, 'truncated': 256, 'other': 0}  (429s)
step   154000/500000  eps=0.269  episodes=  323  mean_return= 76.794  mean_loss= 7.23599  mean_foundation=  3.2/52  lifetime_outcomes={'won': 0, 'stalled': 64, 'truncated': 259, 'other': 0}  (434s)
step   156000/500000  eps=0.259  episodes=  328  mean_return= 67.342  mean_loss= 7.16201  mean_foundation=  3.8/52  lifetime_outcomes={'won': 0, 'stalled': 67, 'truncated': 261, 'other': 0}  (440s)
step   158000/500000  eps=0.250  episodes=  332  mean_return= 62.272  mean_loss= 7.21542  mean_foundation=  4.2/52  lifetime_outcomes={'won': 0, 'stalled': 70, 'truncated': 262, 'other': 0}  (445s)
step   160000/500000  eps=0.240  episodes=  338  mean_return= 67.965  mean_loss= 7.55221  mean_foundation=  5.5/52  lifetime_outcomes={'won': 0, 'stalled': 73, 'truncated': 265, 'other': 0}  (451s)
step   162000/500000  eps=0.231  episodes=  342  mean_return= 59.083  mean_loss= 7.82011  mean_foundation=  3.2/52  lifetime_outcomes={'won': 0, 'stalled': 75, 'truncated': 267, 'other': 0}  (459s)
step   164000/500000  eps=0.221  episodes=  347  mean_return= 75.330  mean_loss= 7.77573  mean_foundation=  4.0/52  lifetime_outcomes={'won': 0, 'stalled': 77, 'truncated': 270, 'other': 0}  (465s)
step   166000/500000  eps=0.212  episodes=  352  mean_return= 66.595  mean_loss= 7.86497  mean_foundation=  5.0/52  lifetime_outcomes={'won': 0, 'stalled': 79, 'truncated': 273, 'other': 0}  (472s)
step   168000/500000  eps=0.202  episodes=  356  mean_return= 65.866  mean_loss= 8.21114  mean_foundation=  9.2/52  lifetime_outcomes={'won': 0, 'stalled': 82, 'truncated': 274, 'other': 0}  (479s)
step   170000/500000  eps=0.193  episodes=  360  mean_return= 63.000  mean_loss= 8.27095  mean_foundation=  5.2/52  lifetime_outcomes={'won': 0, 'stalled': 82, 'truncated': 278, 'other': 0}  (484s)
step   172000/500000  eps=0.183  episodes=  365  mean_return= 57.577  mean_loss= 8.53886  mean_foundation=  5.4/52  lifetime_outcomes={'won': 0, 'stalled': 84, 'truncated': 281, 'other': 0}  (489s)
step   174000/500000  eps=0.173  episodes=  370  mean_return= 74.153  mean_loss= 8.57286  mean_foundation=  5.8/52  lifetime_outcomes={'won': 0, 'stalled': 85, 'truncated': 285, 'other': 0}  (495s)
step   176000/500000  eps=0.164  episodes=  374  mean_return= 66.571  mean_loss= 8.38694  mean_foundation=  5.2/52  lifetime_outcomes={'won': 0, 'stalled': 86, 'truncated': 288, 'other': 0}  (501s)
step   178000/500000  eps=0.155  episodes=  379  mean_return= 82.579  mean_loss= 8.49851  mean_foundation=  6.0/52  lifetime_outcomes={'won': 0, 'stalled': 87, 'truncated': 292, 'other': 0}  (507s)
step   180000/500000  eps=0.145  episodes=  384  mean_return= 48.207  mean_loss= 8.62400  mean_foundation=  4.2/52  lifetime_outcomes={'won': 0, 'stalled': 90, 'truncated': 294, 'other': 0}  (512s)
step   182000/500000  eps=0.136  episodes=  388  mean_return= 69.258  mean_loss= 9.11482  mean_foundation=  6.0/52  lifetime_outcomes={'won': 0, 'stalled': 91, 'truncated': 297, 'other': 0}  (518s)
step   184000/500000  eps=0.126  episodes=  393  mean_return= 33.333  mean_loss= 9.07978  mean_foundation=  3.2/52  lifetime_outcomes={'won': 0, 'stalled': 93, 'truncated': 300, 'other': 0}  (523s)
step   186000/500000  eps=0.117  episodes=  397  mean_return= 41.500  mean_loss= 9.05053  mean_foundation=  5.8/52  lifetime_outcomes={'won': 0, 'stalled': 93, 'truncated': 304, 'other': 0}  (530s)
step   188000/500000  eps=0.107  episodes=  401  mean_return= 67.039  mean_loss= 8.62663  mean_foundation=  2.5/52  lifetime_outcomes={'won': 0, 'stalled': 94, 'truncated': 307, 'other': 0}  (536s)
step   190000/500000  eps=0.098  episodes=  406  mean_return= 55.766  mean_loss= 9.17308  mean_foundation=  4.6/52  lifetime_outcomes={'won': 0, 'stalled': 97, 'truncated': 309, 'other': 0}  (541s)
step   192000/500000  eps=0.088  episodes=  412  mean_return= 51.342  mean_loss= 9.46962  mean_foundation=  6.2/52  lifetime_outcomes={'won': 0, 'stalled': 100, 'truncated': 312, 'other': 0}  (547s)
step   194000/500000  eps=0.079  episodes=  417  mean_return= 39.419  mean_loss= 9.66722  mean_foundation=  5.2/52  lifetime_outcomes={'won': 0, 'stalled': 103, 'truncated': 314, 'other': 0}  (552s)
step   196000/500000  eps=0.069  episodes=  421  mean_return= 62.284  mean_loss= 9.52982  mean_foundation=  5.2/52  lifetime_outcomes={'won': 0, 'stalled': 104, 'truncated': 317, 'other': 0}  (558s)
step   198000/500000  eps=0.059  episodes=  427  mean_return= 49.971  mean_loss= 9.98267  mean_foundation=  5.8/52  lifetime_outcomes={'won': 0, 'stalled': 108, 'truncated': 319, 'other': 0}  (567s)
step   200000/500000  eps=0.050  episodes=  432  mean_return= 47.409  mean_loss= 9.76567  mean_foundation=  4.4/52  lifetime_outcomes={'won': 0, 'stalled': 110, 'truncated': 322, 'other': 0}  (579s)
step   202000/500000  eps=0.050  episodes=  437  mean_return= 65.051  mean_loss=10.32040  mean_foundation=  5.8/52  lifetime_outcomes={'won': 0, 'stalled': 113, 'truncated': 324, 'other': 0}  (589s)
step   204000/500000  eps=0.050  episodes=  442  mean_return= 52.413  mean_loss=10.31781  mean_foundation=  4.4/52  lifetime_outcomes={'won': 0, 'stalled': 116, 'truncated': 326, 'other': 0}  (600s)
step   206000/500000  eps=0.050  episodes=  447  mean_return= 52.779  mean_loss=10.33050  mean_foundation=  6.8/52  lifetime_outcomes={'won': 0, 'stalled': 118, 'truncated': 329, 'other': 0}  (610s)
step   208000/500000  eps=0.050  episodes=  453  mean_return= 64.181  mean_loss=10.74891  mean_foundation=  7.2/52  lifetime_outcomes={'won': 0, 'stalled': 121, 'truncated': 332, 'other': 0}  (618s)
step   210000/500000  eps=0.050  episodes=  457  mean_return= 82.500  mean_loss=10.83326  mean_foundation=  6.8/52  lifetime_outcomes={'won': 0, 'stalled': 121, 'truncated': 336, 'other': 0}  (625s)
step   212000/500000  eps=0.050  episodes=  463  mean_return= 60.635  mean_loss=10.97677  mean_foundation=  4.8/52  lifetime_outcomes={'won': 0, 'stalled': 124, 'truncated': 339, 'other': 0}  (630s)
step   214000/500000  eps=0.050  episodes=  467  mean_return= 74.284  mean_loss=11.25573  mean_foundation=  5.0/52  lifetime_outcomes={'won': 0, 'stalled': 125, 'truncated': 342, 'other': 0}  (635s)
step   216000/500000  eps=0.050  episodes=  472  mean_return= 48.401  mean_loss=11.51635  mean_foundation=  7.6/52  lifetime_outcomes={'won': 0, 'stalled': 127, 'truncated': 345, 'other': 0}  (641s)
step   218000/500000  eps=0.050  episodes=  477  mean_return= 57.125  mean_loss=11.74440  mean_foundation=  3.4/52  lifetime_outcomes={'won': 0, 'stalled': 129, 'truncated': 348, 'other': 0}  (646s)
step   220000/500000  eps=0.050  episodes=  481  mean_return= 39.086  mean_loss=11.89998  mean_foundation=  4.8/52  lifetime_outcomes={'won': 0, 'stalled': 131, 'truncated': 350, 'other': 0}  (651s)
step   222000/500000  eps=0.050  episodes=  488  mean_return= 42.252  mean_loss=12.21633  mean_foundation=  4.3/52  lifetime_outcomes={'won': 0, 'stalled': 136, 'truncated': 352, 'other': 0}  (656s)
step   224000/500000  eps=0.050  episodes=  493  mean_return= 34.657  mean_loss=12.26849  mean_foundation=  1.6/52  lifetime_outcomes={'won': 0, 'stalled': 138, 'truncated': 355, 'other': 0}  (662s)
step   226000/500000  eps=0.050  episodes=  498  mean_return= 67.979  mean_loss=12.66824  mean_foundation=  4.6/52  lifetime_outcomes={'won': 0, 'stalled': 139, 'truncated': 359, 'other': 0}  (668s)
step   228000/500000  eps=0.050  episodes=  503  mean_return= 61.542  mean_loss=12.37157  mean_foundation=  4.8/52  lifetime_outcomes={'won': 0, 'stalled': 140, 'truncated': 363, 'other': 0}  (673s)
step   230000/500000  eps=0.050  episodes=  508  mean_return= 44.012  mean_loss=12.42611  mean_foundation=  2.8/52  lifetime_outcomes={'won': 0, 'stalled': 143, 'truncated': 365, 'other': 0}  (678s)
step   232000/500000  eps=0.050  episodes=  512  mean_return= 50.082  mean_loss=12.68691  mean_foundation=  5.0/52  lifetime_outcomes={'won': 0, 'stalled': 145, 'truncated': 367, 'other': 0}  (683s)
step   234000/500000  eps=0.050  episodes=  519  mean_return= 42.271  mean_loss=12.75029  mean_foundation=  3.9/52  lifetime_outcomes={'won': 0, 'stalled': 149, 'truncated': 370, 'other': 0}  (688s)
step   236000/500000  eps=0.050  episodes=  524  mean_return= 61.775  mean_loss=12.25704  mean_foundation=  3.4/52  lifetime_outcomes={'won': 0, 'stalled': 150, 'truncated': 374, 'other': 0}  (696s)
step   238000/500000  eps=0.050  episodes=  528  mean_return= 28.326  mean_loss=11.65668  mean_foundation=  3.2/52  lifetime_outcomes={'won': 0, 'stalled': 151, 'truncated': 377, 'other': 0}  (702s)
step   240000/500000  eps=0.050  episodes=  536  mean_return= 48.846  mean_loss=11.62050  mean_foundation=  4.6/52  lifetime_outcomes={'won': 0, 'stalled': 157, 'truncated': 379, 'other': 0}  (707s)
step   242000/500000  eps=0.050  episodes=  542  mean_return= 41.193  mean_loss=11.85405  mean_foundation=  2.3/52  lifetime_outcomes={'won': 0, 'stalled': 161, 'truncated': 381, 'other': 0}  (714s)
step   244000/500000  eps=0.050  episodes=  548  mean_return= 58.112  mean_loss=11.94086  mean_foundation=  3.5/52  lifetime_outcomes={'won': 0, 'stalled': 163, 'truncated': 385, 'other': 0}  (721s)
step   246000/500000  eps=0.050  episodes=  552  mean_return= 63.069  mean_loss=11.46093  mean_foundation=  3.5/52  lifetime_outcomes={'won': 0, 'stalled': 165, 'truncated': 387, 'other': 0}  (726s)
step   248000/500000  eps=0.050  episodes=  556  mean_return= 69.250  mean_loss=12.17314  mean_foundation=  5.0/52  lifetime_outcomes={'won': 0, 'stalled': 165, 'truncated': 391, 'other': 0}  (732s)
step   250000/500000  eps=0.050  episodes=  563  mean_return= 56.826  mean_loss=12.30396  mean_foundation=  4.0/52  lifetime_outcomes={'won': 0, 'stalled': 169, 'truncated': 394, 'other': 0}  (738s)
step   252000/500000  eps=0.050  episodes=  569  mean_return= 41.693  mean_loss=12.41442  mean_foundation=  2.8/52  lifetime_outcomes={'won': 0, 'stalled': 172, 'truncated': 397, 'other': 0}  (744s)
step   254000/500000  eps=0.050  episodes=  575  mean_return= 49.628  mean_loss=13.29421  mean_foundation=  2.7/52  lifetime_outcomes={'won': 0, 'stalled': 176, 'truncated': 399, 'other': 0}  (750s)
step   256000/500000  eps=0.050  episodes=  580  mean_return= 45.816  mean_loss=13.88038  mean_foundation=  3.6/52  lifetime_outcomes={'won': 0, 'stalled': 178, 'truncated': 402, 'other': 0}  (755s)
step   258000/500000  eps=0.050  episodes=  585  mean_return= 57.445  mean_loss=13.87095  mean_foundation=  4.2/52  lifetime_outcomes={'won': 0, 'stalled': 180, 'truncated': 405, 'other': 0}  (761s)
step   260000/500000  eps=0.050  episodes=  592  mean_return= 42.526  mean_loss=15.29514  mean_foundation=  4.9/52  lifetime_outcomes={'won': 0, 'stalled': 183, 'truncated': 409, 'other': 0}  (768s)
step   262000/500000  eps=0.050  episodes=  596  mean_return= 38.090  mean_loss=15.38279  mean_foundation=  2.0/52  lifetime_outcomes={'won': 0, 'stalled': 184, 'truncated': 412, 'other': 0}  (774s)
step   264000/500000  eps=0.050  episodes=  600  mean_return= 61.500  mean_loss=16.05690  mean_foundation=  3.5/52  lifetime_outcomes={'won': 0, 'stalled': 184, 'truncated': 416, 'other': 0}  (780s)
step   266000/500000  eps=0.050  episodes=  606  mean_return= 59.329  mean_loss=17.35289  mean_foundation=  4.0/52  lifetime_outcomes={'won': 0, 'stalled': 188, 'truncated': 418, 'other': 0}  (786s)
step   268000/500000  eps=0.050  episodes=  612  mean_return= 52.329  mean_loss=16.79943  mean_foundation=  5.0/52  lifetime_outcomes={'won': 0, 'stalled': 191, 'truncated': 421, 'other': 0}  (792s)
step   270000/500000  eps=0.050  episodes=  618  mean_return= 38.295  mean_loss=16.58423  mean_foundation=  4.7/52  lifetime_outcomes={'won': 0, 'stalled': 194, 'truncated': 424, 'other': 0}  (798s)
step   272000/500000  eps=0.050  episodes=  622  mean_return= 53.250  mean_loss=17.09956  mean_foundation=  2.8/52  lifetime_outcomes={'won': 0, 'stalled': 194, 'truncated': 428, 'other': 0}  (804s)
step   274000/500000  eps=0.050  episodes=  628  mean_return= 32.330  mean_loss=18.15047  mean_foundation=  3.3/52  lifetime_outcomes={'won': 0, 'stalled': 198, 'truncated': 430, 'other': 0}  (809s)
step   276000/500000  eps=0.050  episodes=  633  mean_return= 29.259  mean_loss=18.05256  mean_foundation=  4.6/52  lifetime_outcomes={'won': 0, 'stalled': 201, 'truncated': 432, 'other': 0}  (814s)
step   278000/500000  eps=0.050  episodes=  638  mean_return= 32.792  mean_loss=17.94898  mean_foundation=  2.4/52  lifetime_outcomes={'won': 0, 'stalled': 203, 'truncated': 435, 'other': 0}  (820s)
step   280000/500000  eps=0.050  episodes=  644  mean_return= 37.318  mean_loss=17.83460  mean_foundation=  4.5/52  lifetime_outcomes={'won': 0, 'stalled': 207, 'truncated': 437, 'other': 0}  (827s)
step   282000/500000  eps=0.050  episodes=  650  mean_return= 55.484  mean_loss=19.42835  mean_foundation=  3.2/52  lifetime_outcomes={'won': 0, 'stalled': 212, 'truncated': 438, 'other': 0}  (832s)
step   284000/500000  eps=0.050  episodes=  657  mean_return= 36.447  mean_loss=20.86737  mean_foundation=  3.3/52  lifetime_outcomes={'won': 0, 'stalled': 217, 'truncated': 440, 'other': 0}  (837s)
step   286000/500000  eps=0.050  episodes=  663  mean_return= 35.033  mean_loss=24.13894  mean_foundation=  5.0/52  lifetime_outcomes={'won': 0, 'stalled': 220, 'truncated': 443, 'other': 0}  (843s)
step   288000/500000  eps=0.050  episodes=  670  mean_return= 49.096  mean_loss=25.27838  mean_foundation=  3.3/52  lifetime_outcomes={'won': 0, 'stalled': 223, 'truncated': 447, 'other': 0}  (849s)
step   290000/500000  eps=0.050  episodes=  675  mean_return= 41.060  mean_loss=27.10614  mean_foundation=  2.6/52  lifetime_outcomes={'won': 0, 'stalled': 225, 'truncated': 450, 'other': 0}  (855s)
step   292000/500000  eps=0.050  episodes=  683  mean_return= 36.994  mean_loss=29.84755  mean_foundation=  3.6/52  lifetime_outcomes={'won': 0, 'stalled': 230, 'truncated': 453, 'other': 0}  (860s)
step   294000/500000  eps=0.050  episodes=  689  mean_return= 50.969  mean_loss=33.19729  mean_foundation=  3.0/52  lifetime_outcomes={'won': 0, 'stalled': 233, 'truncated': 456, 'other': 0}  (865s)
step   296000/500000  eps=0.050  episodes=  693  mean_return= 63.750  mean_loss=35.93292  mean_foundation=  4.8/52  lifetime_outcomes={'won': 0, 'stalled': 233, 'truncated': 460, 'other': 0}  (870s)
step   298000/500000  eps=0.050  episodes=  700  mean_return= 36.277  mean_loss=39.89009  mean_foundation=  3.9/52  lifetime_outcomes={'won': 0, 'stalled': 237, 'truncated': 463, 'other': 0}  (876s)
step   300000/500000  eps=0.050  episodes=  705  mean_return= 51.808  mean_loss=43.74096  mean_foundation=  4.8/52  lifetime_outcomes={'won': 0, 'stalled': 240, 'truncated': 465, 'other': 0}  (883s)
step   302000/500000  eps=0.050  episodes=  710  mean_return= 44.274  mean_loss=48.67474  mean_foundation=  4.2/52  lifetime_outcomes={'won': 0, 'stalled': 243, 'truncated': 467, 'other': 0}  (888s)
step   304000/500000  eps=0.050  episodes=  717  mean_return= 43.517  mean_loss=52.42062  mean_foundation=  2.6/52  lifetime_outcomes={'won': 0, 'stalled': 247, 'truncated': 470, 'other': 0}  (893s)
step   306000/500000  eps=0.050  episodes=  723  mean_return= 35.830  mean_loss=61.21831  mean_foundation=  4.3/52  lifetime_outcomes={'won': 0, 'stalled': 251, 'truncated': 472, 'other': 0}  (899s)
step   308000/500000  eps=0.050  episodes=  728  mean_return= 43.426  mean_loss=65.35113  mean_foundation=  4.0/52  lifetime_outcomes={'won': 0, 'stalled': 254, 'truncated': 474, 'other': 0}  (905s)
step   310000/500000  eps=0.050  episodes=  732  mean_return= 40.314  mean_loss=70.42462  mean_foundation=  3.0/52  lifetime_outcomes={'won': 0, 'stalled': 255, 'truncated': 477, 'other': 0}  (912s)
step   312000/500000  eps=0.050  episodes=  738  mean_return= 34.999  mean_loss=74.76592  mean_foundation=  3.7/52  lifetime_outcomes={'won': 0, 'stalled': 258, 'truncated': 480, 'other': 0}  (919s)
step   314000/500000  eps=0.050  episodes=  745  mean_return= 42.941  mean_loss=82.28020  mean_foundation=  4.1/52  lifetime_outcomes={'won': 0, 'stalled': 262, 'truncated': 483, 'other': 0}  (930s)
step   316000/500000  eps=0.050  episodes=  749  mean_return= 49.500  mean_loss=96.68054  mean_foundation=  2.2/52  lifetime_outcomes={'won': 0, 'stalled': 262, 'truncated': 487, 'other': 0}  (939s)
step   318000/500000  eps=0.050  episodes=  753  mean_return= 51.250  mean_loss=110.30606  mean_foundation=  5.0/52  lifetime_outcomes={'won': 0, 'stalled': 262, 'truncated': 491, 'other': 0}  (952s)
step   320000/500000  eps=0.050  episodes=  757  mean_return= 23.562  mean_loss=112.35836  mean_foundation=  2.5/52  lifetime_outcomes={'won': 0, 'stalled': 263, 'truncated': 494, 'other': 0}  (961s)
step   322000/500000  eps=0.050  episodes=  761  mean_return= 53.500  mean_loss=123.92425  mean_foundation=  3.8/52  lifetime_outcomes={'won': 0, 'stalled': 264, 'truncated': 497, 'other': 0}  (973s)
step   324000/500000  eps=0.050  episodes=  766  mean_return= 31.420  mean_loss=139.47538  mean_foundation=  3.4/52  lifetime_outcomes={'won': 0, 'stalled': 266, 'truncated': 500, 'other': 0}  (983s)
step   326000/500000  eps=0.050  episodes=  770  mean_return= 56.503  mean_loss=141.07531  mean_foundation=  4.8/52  lifetime_outcomes={'won': 0, 'stalled': 267, 'truncated': 503, 'other': 0}  (993s)
step   328000/500000  eps=0.050  episodes=  774  mean_return= 62.750  mean_loss=144.67481  mean_foundation=  2.5/52  lifetime_outcomes={'won': 0, 'stalled': 267, 'truncated': 507, 'other': 0}  (999s)
step   330000/500000  eps=0.050  episodes=  779  mean_return= 41.788  mean_loss=165.36180  mean_foundation=  3.0/52  lifetime_outcomes={'won': 0, 'stalled': 269, 'truncated': 510, 'other': 0}  (1004s)
step   332000/500000  eps=0.050  episodes=  785  mean_return= 42.642  mean_loss=179.72746  mean_foundation=  2.7/52  lifetime_outcomes={'won': 0, 'stalled': 273, 'truncated': 512, 'other': 0}  (1010s)
step   334000/500000  eps=0.050  episodes=  789  mean_return= 58.019  mean_loss=181.76954  mean_foundation=  2.5/52  lifetime_outcomes={'won': 0, 'stalled': 274, 'truncated': 515, 'other': 0}  (1015s)
step   336000/500000  eps=0.050  episodes=  794  mean_return= 23.425  mean_loss=186.52908  mean_foundation=  4.0/52  lifetime_outcomes={'won': 0, 'stalled': 276, 'truncated': 518, 'other': 0}  (1021s)
step   338000/500000  eps=0.050  episodes=  799  mean_return= 57.977  mean_loss=200.71896  mean_foundation=  3.6/52  lifetime_outcomes={'won': 0, 'stalled': 277, 'truncated': 522, 'other': 0}  (1027s)
step   340000/500000  eps=0.050  episodes=  808  mean_return= 36.869  mean_loss=199.45777  mean_foundation=  3.2/52  lifetime_outcomes={'won': 0, 'stalled': 283, 'truncated': 525, 'other': 0}  (1033s)
step   342000/500000  eps=0.050  episodes=  813  mean_return= 55.402  mean_loss=211.27988  mean_foundation=  2.8/52  lifetime_outcomes={'won': 0, 'stalled': 287, 'truncated': 526, 'other': 0}  (1039s)
step   344000/500000  eps=0.050  episodes=  818  mean_return= 55.436  mean_loss=221.00551  mean_foundation=  5.6/52  lifetime_outcomes={'won': 0, 'stalled': 289, 'truncated': 529, 'other': 0}  (1044s)
step   346000/500000  eps=0.050  episodes=  822  mean_return= 39.009  mean_loss=244.96920  mean_foundation=  1.0/52  lifetime_outcomes={'won': 0, 'stalled': 290, 'truncated': 532, 'other': 0}  (1049s)
step   348000/500000  eps=0.050  episodes=  827  mean_return= 43.984  mean_loss=249.33315  mean_foundation=  3.6/52  lifetime_outcomes={'won': 0, 'stalled': 291, 'truncated': 536, 'other': 0}  (1054s)
step   350000/500000  eps=0.050  episodes=  833  mean_return= 24.685  mean_loss=260.22642  mean_foundation=  3.0/52  lifetime_outcomes={'won': 0, 'stalled': 294, 'truncated': 539, 'other': 0}  (1059s)
step   352000/500000  eps=0.050  episodes=  840  mean_return= 29.959  mean_loss=283.01735  mean_foundation=  2.9/52  lifetime_outcomes={'won': 0, 'stalled': 298, 'truncated': 542, 'other': 0}  (1064s)
step   354000/500000  eps=0.050  episodes=  844  mean_return= 55.097  mean_loss=300.52252  mean_foundation=  4.8/52  lifetime_outcomes={'won': 0, 'stalled': 299, 'truncated': 545, 'other': 0}  (1070s)
step   356000/500000  eps=0.050  episodes=  850  mean_return= 38.660  mean_loss=307.21510  mean_foundation=  2.8/52  lifetime_outcomes={'won': 0, 'stalled': 302, 'truncated': 548, 'other': 0}  (1076s)
step   358000/500000  eps=0.050  episodes=  854  mean_return= 45.250  mean_loss=321.83967  mean_foundation=  4.5/52  lifetime_outcomes={'won': 0, 'stalled': 302, 'truncated': 552, 'other': 0}  (1081s)
step   360000/500000  eps=0.050  episodes=  860  mean_return= 28.793  mean_loss=321.77924  mean_foundation=  2.2/52  lifetime_outcomes={'won': 0, 'stalled': 305, 'truncated': 555, 'other': 0}  (1086s)
step   362000/500000  eps=0.050  episodes=  867  mean_return= 42.858  mean_loss=350.77231  mean_foundation=  3.1/52  lifetime_outcomes={'won': 0, 'stalled': 309, 'truncated': 558, 'other': 0}  (1092s)
step   364000/500000  eps=0.050  episodes=  873  mean_return= 21.151  mean_loss=339.72565  mean_foundation=  1.7/52  lifetime_outcomes={'won': 0, 'stalled': 312, 'truncated': 561, 'other': 0}  (1098s)
step   366000/500000  eps=0.050  episodes=  878  mean_return= 39.621  mean_loss=356.41378  mean_foundation=  4.0/52  lifetime_outcomes={'won': 0, 'stalled': 314, 'truncated': 564, 'other': 0}  (1104s)
step   368000/500000  eps=0.050  episodes=  883  mean_return= 32.448  mean_loss=344.62937  mean_foundation=  3.4/52  lifetime_outcomes={'won': 0, 'stalled': 317, 'truncated': 566, 'other': 0}  (1109s)
step   370000/500000  eps=0.050  episodes=  889  mean_return= 47.503  mean_loss=374.49208  mean_foundation=  3.7/52  lifetime_outcomes={'won': 0, 'stalled': 320, 'truncated': 569, 'other': 0}  (1114s)
step   372000/500000  eps=0.050  episodes=  894  mean_return= 43.611  mean_loss=401.63921  mean_foundation=  2.4/52  lifetime_outcomes={'won': 0, 'stalled': 322, 'truncated': 572, 'other': 0}  (1121s)
step   374000/500000  eps=0.050  episodes=  899  mean_return= 39.734  mean_loss=404.05714  mean_foundation=  3.6/52  lifetime_outcomes={'won': 0, 'stalled': 323, 'truncated': 576, 'other': 0}  (1126s)
step   376000/500000  eps=0.050  episodes=  905  mean_return= 47.658  mean_loss=444.69879  mean_foundation=  5.8/52  lifetime_outcomes={'won': 0, 'stalled': 326, 'truncated': 579, 'other': 0}  (1131s)
step   378000/500000  eps=0.050  episodes=  909  mean_return= 39.609  mean_loss=480.45333  mean_foundation=  2.0/52  lifetime_outcomes={'won': 0, 'stalled': 327, 'truncated': 582, 'other': 0}  (1136s)
step   380000/500000  eps=0.050  episodes=  914  mean_return= 51.560  mean_loss=532.26896  mean_foundation=  4.2/52  lifetime_outcomes={'won': 0, 'stalled': 328, 'truncated': 586, 'other': 0}  (1142s)
step   382000/500000  eps=0.050  episodes=  921  mean_return= 40.823  mean_loss=548.81984  mean_foundation=  4.1/52  lifetime_outcomes={'won': 0, 'stalled': 331, 'truncated': 590, 'other': 0}  (1148s)
step   384000/500000  eps=0.050  episodes=  927  mean_return= 31.682  mean_loss=577.66337  mean_foundation=  2.7/52  lifetime_outcomes={'won': 0, 'stalled': 334, 'truncated': 593, 'other': 0}  (1153s)
step   386000/500000  eps=0.050  episodes=  933  mean_return= 31.816  mean_loss=634.02560  mean_foundation=  3.8/52  lifetime_outcomes={'won': 0, 'stalled': 337, 'truncated': 596, 'other': 0}  (1159s)
step   388000/500000  eps=0.050  episodes=  941  mean_return= 38.543  mean_loss=607.65457  mean_foundation=  3.9/52  lifetime_outcomes={'won': 0, 'stalled': 343, 'truncated': 598, 'other': 0}  (1165s)
step   390000/500000  eps=0.050  episodes=  946  mean_return= 43.186  mean_loss=626.98260  mean_foundation=  2.0/52  lifetime_outcomes={'won': 0, 'stalled': 344, 'truncated': 602, 'other': 0}  (1170s)
step   392000/500000  eps=0.050  episodes=  952  mean_return= 35.811  mean_loss=643.52656  mean_foundation=  2.7/52  lifetime_outcomes={'won': 0, 'stalled': 347, 'truncated': 605, 'other': 0}  (1176s)
step   394000/500000  eps=0.050  episodes=  956  mean_return= 42.500  mean_loss=658.49465  mean_foundation=  5.2/52  lifetime_outcomes={'won': 0, 'stalled': 347, 'truncated': 609, 'other': 0}  (1182s)
step   396000/500000  eps=0.050  episodes=  961  mean_return= 33.405  mean_loss=671.46089  mean_foundation=  4.0/52  lifetime_outcomes={'won': 0, 'stalled': 349, 'truncated': 612, 'other': 0}  (1188s)
step   398000/500000  eps=0.050  episodes=  967  mean_return= 33.026  mean_loss=699.80963  mean_foundation=  3.2/52  lifetime_outcomes={'won': 0, 'stalled': 352, 'truncated': 615, 'other': 0}  (1194s)
step   400000/500000  eps=0.050  episodes=  971  mean_return= 40.750  mean_loss=712.63137  mean_foundation=  3.5/52  lifetime_outcomes={'won': 0, 'stalled': 352, 'truncated': 619, 'other': 0}  (1199s)
step   402000/500000  eps=0.050  episodes=  975  mean_return= 49.793  mean_loss=736.16918  mean_foundation=  3.5/52  lifetime_outcomes={'won': 0, 'stalled': 353, 'truncated': 622, 'other': 0}  (1205s)
step   404000/500000  eps=0.050  episodes=  979  mean_return= 18.750  mean_loss=776.91684  mean_foundation=  2.5/52  lifetime_outcomes={'won': 0, 'stalled': 353, 'truncated': 626, 'other': 0}  (1212s)
step   406000/500000  eps=0.050  episodes=  983  mean_return= 50.750  mean_loss=823.54332  mean_foundation=  2.0/52  lifetime_outcomes={'won': 0, 'stalled': 353, 'truncated': 630, 'other': 0}  (1219s)
step   408000/500000  eps=0.050  episodes=  991  mean_return= 25.447  mean_loss=918.33172  mean_foundation=  2.4/52  lifetime_outcomes={'won': 0, 'stalled': 357, 'truncated': 634, 'other': 0}  (1225s)
step   410000/500000  eps=0.050  episodes=  995  mean_return= 43.009  mean_loss=960.09019  mean_foundation=  2.2/52  lifetime_outcomes={'won': 0, 'stalled': 358, 'truncated': 637, 'other': 0}  (1231s)
step   412000/500000  eps=0.050  episodes= 1001  mean_return= 39.527  mean_loss=975.59334  mean_foundation=  3.8/52  lifetime_outcomes={'won': 0, 'stalled': 361, 'truncated': 640, 'other': 0}  (1236s)
step   414000/500000  eps=0.050  episodes= 1008  mean_return= 36.459  mean_loss=1049.31881  mean_foundation=  3.0/52  lifetime_outcomes={'won': 0, 'stalled': 366, 'truncated': 642, 'other': 0}  (1241s)
step   416000/500000  eps=0.050  episodes= 1014  mean_return= 34.461  mean_loss=1117.57112  mean_foundation=  3.3/52  lifetime_outcomes={'won': 0, 'stalled': 368, 'truncated': 646, 'other': 0}  (1247s)
step   418000/500000  eps=0.050  episodes= 1021  mean_return= 38.593  mean_loss=1124.87041  mean_foundation=  3.3/52  lifetime_outcomes={'won': 0, 'stalled': 372, 'truncated': 649, 'other': 0}  (1253s)
step   420000/500000  eps=0.050  episodes= 1027  mean_return= 37.174  mean_loss=1177.24431  mean_foundation=  1.8/52  lifetime_outcomes={'won': 0, 'stalled': 376, 'truncated': 651, 'other': 0}  (1259s)
step   422000/500000  eps=0.050  episodes= 1039  mean_return= 29.730  mean_loss=1196.01879  mean_foundation=  2.0/52  lifetime_outcomes={'won': 0, 'stalled': 386, 'truncated': 653, 'other': 0}  (1264s)
step   424000/500000  eps=0.050  episodes= 1044  mean_return= 25.829  mean_loss=1214.36284  mean_foundation=  2.2/52  lifetime_outcomes={'won': 0, 'stalled': 388, 'truncated': 656, 'other': 0}  (1270s)
step   426000/500000  eps=0.050  episodes= 1049  mean_return= 33.740  mean_loss=1261.87024  mean_foundation=  2.0/52  lifetime_outcomes={'won': 0, 'stalled': 389, 'truncated': 660, 'other': 0}  (1277s)
step   428000/500000  eps=0.050  episodes= 1053  mean_return= 41.327  mean_loss=1269.44544  mean_foundation=  3.0/52  lifetime_outcomes={'won': 0, 'stalled': 390, 'truncated': 663, 'other': 0}  (1283s)
step   430000/500000  eps=0.050  episodes= 1059  mean_return= 42.156  mean_loss=1237.03673  mean_foundation=  3.2/52  lifetime_outcomes={'won': 0, 'stalled': 395, 'truncated': 664, 'other': 0}  (1289s)
step   432000/500000  eps=0.050  episodes= 1065  mean_return= 32.967  mean_loss=1298.27683  mean_foundation=  2.0/52  lifetime_outcomes={'won': 0, 'stalled': 398, 'truncated': 667, 'other': 0}  (1296s)
step   434000/500000  eps=0.050  episodes= 1070  mean_return= 37.224  mean_loss=1327.44930  mean_foundation=  3.8/52  lifetime_outcomes={'won': 0, 'stalled': 400, 'truncated': 670, 'other': 0}  (1306s)
step   436000/500000  eps=0.050  episodes= 1074  mean_return= 33.072  mean_loss=1345.84117  mean_foundation=  2.0/52  lifetime_outcomes={'won': 0, 'stalled': 402, 'truncated': 672, 'other': 0}  (1313s)
step   438000/500000  eps=0.050  episodes= 1084  mean_return= 28.863  mean_loss=1373.43614  mean_foundation=  2.8/52  lifetime_outcomes={'won': 0, 'stalled': 409, 'truncated': 675, 'other': 0}  (1322s)
step   440000/500000  eps=0.050  episodes= 1089  mean_return= 40.635  mean_loss=1421.48810  mean_foundation=  2.4/52  lifetime_outcomes={'won': 0, 'stalled': 412, 'truncated': 677, 'other': 0}  (1330s)
step   442000/500000  eps=0.050  episodes= 1097  mean_return= 27.107  mean_loss=1465.08481  mean_foundation=  2.5/52  lifetime_outcomes={'won': 0, 'stalled': 418, 'truncated': 679, 'other': 0}  (1340s)
step   444000/500000  eps=0.050  episodes= 1101  mean_return= 32.835  mean_loss=1432.49034  mean_foundation=  2.5/52  lifetime_outcomes={'won': 0, 'stalled': 420, 'truncated': 681, 'other': 0}  (1350s)
step   446000/500000  eps=0.050  episodes= 1105  mean_return= 25.750  mean_loss=1466.66818  mean_foundation=  4.2/52  lifetime_outcomes={'won': 0, 'stalled': 420, 'truncated': 685, 'other': 0}  (1358s)
step   448000/500000  eps=0.050  episodes= 1112  mean_return= 36.824  mean_loss=1587.22201  mean_foundation=  2.9/52  lifetime_outcomes={'won': 0, 'stalled': 423, 'truncated': 689, 'other': 0}  (1364s)
step   450000/500000  eps=0.050  episodes= 1117  mean_return= 40.044  mean_loss=1592.69238  mean_foundation=  2.0/52  lifetime_outcomes={'won': 0, 'stalled': 425, 'truncated': 692, 'other': 0}  (1369s)
step   452000/500000  eps=0.050  episodes= 1123  mean_return= 34.786  mean_loss=1711.64269  mean_foundation=  5.3/52  lifetime_outcomes={'won': 0, 'stalled': 427, 'truncated': 696, 'other': 0}  (1375s)
step   454000/500000  eps=0.050  episodes= 1129  mean_return= 19.485  mean_loss=1758.80885  mean_foundation=  1.8/52  lifetime_outcomes={'won': 0, 'stalled': 430, 'truncated': 699, 'other': 0}  (1381s)
step   456000/500000  eps=0.050  episodes= 1134  mean_return= 40.865  mean_loss=1710.63265  mean_foundation=  3.0/52  lifetime_outcomes={'won': 0, 'stalled': 433, 'truncated': 701, 'other': 0}  (1386s)
step   458000/500000  eps=0.050  episodes= 1140  mean_return= 31.961  mean_loss=1799.97942  mean_foundation=  3.2/52  lifetime_outcomes={'won': 0, 'stalled': 435, 'truncated': 705, 'other': 0}  (1391s)
step   460000/500000  eps=0.050  episodes= 1146  mean_return= 40.314  mean_loss=1818.95365  mean_foundation=  2.7/52  lifetime_outcomes={'won': 0, 'stalled': 438, 'truncated': 708, 'other': 0}  (1396s)
step   462000/500000  eps=0.050  episodes= 1154  mean_return= 36.286  mean_loss=1884.10739  mean_foundation=  1.6/52  lifetime_outcomes={'won': 0, 'stalled': 444, 'truncated': 710, 'other': 0}  (1402s)
step   464000/500000  eps=0.050  episodes= 1160  mean_return= 28.193  mean_loss=1938.63104  mean_foundation=  1.7/52  lifetime_outcomes={'won': 0, 'stalled': 448, 'truncated': 712, 'other': 0}  (1408s)
step   466000/500000  eps=0.050  episodes= 1171  mean_return= 44.057  mean_loss=2004.59769  mean_foundation=  2.6/52  lifetime_outcomes={'won': 0, 'stalled': 457, 'truncated': 714, 'other': 0}  (1413s)
step   468000/500000  eps=0.050  episodes= 1177  mean_return= 30.510  mean_loss=2143.93988  mean_foundation=  2.5/52  lifetime_outcomes={'won': 0, 'stalled': 460, 'truncated': 717, 'other': 0}  (1418s)
step   470000/500000  eps=0.050  episodes= 1181  mean_return= 30.250  mean_loss=2185.22285  mean_foundation=  2.5/52  lifetime_outcomes={'won': 0, 'stalled': 460, 'truncated': 721, 'other': 0}  (1423s)
step   472000/500000  eps=0.050  episodes= 1188  mean_return= 42.136  mean_loss=2317.83247  mean_foundation=  2.4/52  lifetime_outcomes={'won': 0, 'stalled': 465, 'truncated': 723, 'other': 0}  (1429s)
step   474000/500000  eps=0.050  episodes= 1194  mean_return= 26.373  mean_loss=2386.09390  mean_foundation=  1.8/52  lifetime_outcomes={'won': 0, 'stalled': 468, 'truncated': 726, 'other': 0}  (1434s)
step   476000/500000  eps=0.050  episodes= 1199  mean_return= 41.622  mean_loss=2478.66483  mean_foundation=  2.2/52  lifetime_outcomes={'won': 0, 'stalled': 470, 'truncated': 729, 'other': 0}  (1439s)
step   478000/500000  eps=0.050  episodes= 1207  mean_return= 27.723  mean_loss=2450.68310  mean_foundation=  1.9/52  lifetime_outcomes={'won': 0, 'stalled': 475, 'truncated': 732, 'other': 0}  (1444s)
step   480000/500000  eps=0.050  episodes= 1213  mean_return= 29.339  mean_loss=2449.16811  mean_foundation=  2.8/52  lifetime_outcomes={'won': 0, 'stalled': 478, 'truncated': 735, 'other': 0}  (1449s)
step   482000/500000  eps=0.050  episodes= 1222  mean_return= 33.876  mean_loss=2472.63752  mean_foundation=  2.7/52  lifetime_outcomes={'won': 0, 'stalled': 484, 'truncated': 738, 'other': 0}  (1455s)
step   484000/500000  eps=0.050  episodes= 1226  mean_return= 25.750  mean_loss=2428.83492  mean_foundation=  2.2/52  lifetime_outcomes={'won': 0, 'stalled': 484, 'truncated': 742, 'other': 0}  (1460s)
step   486000/500000  eps=0.050  episodes= 1233  mean_return= 36.278  mean_loss=2395.16929  mean_foundation=  1.7/52  lifetime_outcomes={'won': 0, 'stalled': 490, 'truncated': 743, 'other': 0}  (1467s)
step   488000/500000  eps=0.050  episodes= 1238  mean_return= 40.468  mean_loss=2417.12524  mean_foundation=  3.6/52  lifetime_outcomes={'won': 0, 'stalled': 492, 'truncated': 746, 'other': 0}  (1472s)
step   490000/500000  eps=0.050  episodes= 1243  mean_return= 29.554  mean_loss=2345.69017  mean_foundation=  2.2/52  lifetime_outcomes={'won': 0, 'stalled': 494, 'truncated': 749, 'other': 0}  (1477s)
step   492000/500000  eps=0.050  episodes= 1250  mean_return= 35.453  mean_loss=2325.38546  mean_foundation=  3.9/52  lifetime_outcomes={'won': 0, 'stalled': 498, 'truncated': 752, 'other': 0}  (1482s)
step   494000/500000  eps=0.050  episodes= 1256  mean_return= 21.140  mean_loss=2282.27070  mean_foundation=  2.0/52  lifetime_outcomes={'won': 0, 'stalled': 502, 'truncated': 754, 'other': 0}  (1488s)
