=== train_resilient: attempt 1 ===
run directory: runs/011_double_dqn_soft_nstep3_per_bc_finetune (resuming from step 0)
step     1000/400000  eps=0.995  episodes=    2  mean_return= 69.000  mean_loss=     nan  mean_foundation=  4.5/52  lifetime_outcomes={'won': 0, 'stalled': 0, 'truncated': 2, 'other': 0}  rss=  914.7MB  (1s)
step     2000/400000  eps=0.991  episodes=    4  mean_return= 63.500  mean_loss=     nan  mean_foundation=  3.5/52  lifetime_outcomes={'won': 0, 'stalled': 0, 'truncated': 4, 'other': 0}  rss=  932.5MB  (1s)
step     3000/400000  eps=0.986  episodes=    6  mean_return= 41.000  mean_loss=     nan  mean_foundation=  8.0/52  lifetime_outcomes={'won': 0, 'stalled': 0, 'truncated': 6, 'other': 0}  rss=  942.9MB  (2s)
step     4000/400000  eps=0.981  episodes=    8  mean_return= 97.518  mean_loss=     nan  mean_foundation=  8.5/52  lifetime_outcomes={'won': 0, 'stalled': 1, 'truncated': 7, 'other': 0}  rss=  955.4MB  (2s)
step     5000/400000  eps=0.976  episodes=   10  mean_return= 74.000  mean_loss= 4.20027  mean_foundation=  8.0/52  lifetime_outcomes={'won': 0, 'stalled': 1, 'truncated': 9, 'other': 0}  rss= 1233.0MB  (3s)
step     6000/400000  eps=0.972  episodes=   12  mean_return= 73.500  mean_loss= 2.34711  mean_foundation= 10.0/52  lifetime_outcomes={'won': 0, 'stalled': 1, 'truncated': 11, 'other': 0}  rss= 1244.2MB  (6s)
step     7000/400000  eps=0.967  episodes=   14  mean_return= 30.000  mean_loss= 1.95250  mean_foundation=  6.0/52  lifetime_outcomes={'won': 0, 'stalled': 1, 'truncated': 13, 'other': 0}  rss= 1254.2MB  (8s)
step     8000/400000  eps=0.962  episodes=   16  mean_return= 53.051  mean_loss= 1.55851  mean_foundation=  4.5/52  lifetime_outcomes={'won': 0, 'stalled': 2, 'truncated': 14, 'other': 0}  rss= 1265.4MB  (11s)
step     9000/400000  eps=0.957  episodes=   18  mean_return= 60.500  mean_loss= 1.22037  mean_foundation=  4.0/52  lifetime_outcomes={'won': 0, 'stalled': 2, 'truncated': 16, 'other': 0}  rss= 1277.9MB  (13s)
step    10000/400000  eps=0.953  episodes=   20  mean_return=101.042  mean_loss= 1.10098  mean_foundation= 15.5/52  lifetime_outcomes={'won': 0, 'stalled': 3, 'truncated': 17, 'other': 0}  rss= 1287.9MB  (15s)
  EVAL  step    10000  win_rate=0.00%  mean_return= 28.010  mean_foundation=  2.6/52  mean_length=500.0  (greedy, 100 fixed deals)
step    11000/400000  eps=0.948  episodes=   22  mean_return= 69.500  mean_loss= 1.07014  mean_foundation=  8.5/52  lifetime_outcomes={'won': 0, 'stalled': 3, 'truncated': 19, 'other': 0}  rss= 1303.4MB  (62s)
step    12000/400000  eps=0.943  episodes=   24  mean_return= 95.500  mean_loss= 0.99406  mean_foundation= 13.0/52  lifetime_outcomes={'won': 0, 'stalled': 3, 'truncated': 21, 'other': 0}  rss= 1307.5MB  (64s)
step    13000/400000  eps=0.938  episodes=   26  mean_return=101.039  mean_loss= 1.02123  mean_foundation= 12.5/52  lifetime_outcomes={'won': 0, 'stalled': 5, 'truncated': 21, 'other': 0}  rss= 1311.5MB  (67s)
step    14000/400000  eps=0.933  episodes=   28  mean_return=106.500  mean_loss= 1.04728  mean_foundation= 15.5/52  lifetime_outcomes={'won': 0, 'stalled': 5, 'truncated': 23, 'other': 0}  rss= 1313.5MB  (69s)
step    15000/400000  eps=0.929  episodes=   30  mean_return= 82.016  mean_loss= 1.00086  mean_foundation= 14.0/52  lifetime_outcomes={'won': 0, 'stalled': 6, 'truncated': 24, 'other': 0}  rss= 1319.5MB  (72s)
step    16000/400000  eps=0.924  episodes=   32  mean_return=117.034  mean_loss= 1.02141  mean_foundation= 20.0/52  lifetime_outcomes={'won': 0, 'stalled': 7, 'truncated': 25, 'other': 0}  rss= 1321.5MB  (74s)
step    17000/400000  eps=0.919  episodes=   34  mean_return= 51.500  mean_loss= 1.02228  mean_foundation= 12.0/52  lifetime_outcomes={'won': 0, 'stalled': 7, 'truncated': 27, 'other': 0}  rss= 1327.5MB  (77s)
step    18000/400000  eps=0.914  episodes=   37  mean_return= 90.890  mean_loss= 1.00265  mean_foundation= 10.0/52  lifetime_outcomes={'won': 0, 'stalled': 8, 'truncated': 29, 'other': 0}  rss= 1331.5MB  (80s)
step    19000/400000  eps=0.910  episodes=   39  mean_return= 76.500  mean_loss= 0.97297  mean_foundation=  9.5/52  lifetime_outcomes={'won': 0, 'stalled': 8, 'truncated': 31, 'other': 0}  rss= 1333.6MB  (82s)
step    20000/400000  eps=0.905  episodes=   41  mean_return= 76.054  mean_loss= 0.97880  mean_foundation= 11.5/52  lifetime_outcomes={'won': 0, 'stalled': 9, 'truncated': 32, 'other': 0}  rss= 1339.6MB  (85s)
  EVAL  step    20000  win_rate=0.00%  mean_return= 27.980  mean_foundation=  2.4/52  mean_length=500.0  (greedy, 100 fixed deals)
step    21000/400000  eps=0.900  episodes=   43  mean_return= 71.500  mean_loss= 1.01263  mean_foundation=  9.0/52  lifetime_outcomes={'won': 0, 'stalled': 9, 'truncated': 34, 'other': 0}  rss= 1341.6MB  (129s)
step    22000/400000  eps=0.895  episodes=   45  mean_return= 55.507  mean_loss= 0.95840  mean_foundation=  9.5/52  lifetime_outcomes={'won': 0, 'stalled': 10, 'truncated': 35, 'other': 0}  rss= 1347.6MB  (132s)
step    23000/400000  eps=0.891  episodes=   47  mean_return=124.515  mean_loss= 0.97899  mean_foundation= 18.0/52  lifetime_outcomes={'won': 0, 'stalled': 11, 'truncated': 36, 'other': 0}  rss= 1349.7MB  (134s)
step    24000/400000  eps=0.886  episodes=   49  mean_return= 69.604  mean_loss= 0.94923  mean_foundation=  7.5/52  lifetime_outcomes={'won': 0, 'stalled': 12, 'truncated': 37, 'other': 0}  rss= 1353.7MB  (137s)
step    25000/400000  eps=0.881  episodes=   51  mean_return= 72.500  mean_loss= 0.95120  mean_foundation= 12.0/52  lifetime_outcomes={'won': 0, 'stalled': 12, 'truncated': 39, 'other': 0}  rss= 1357.7MB  (140s)
step    26000/400000  eps=0.877  episodes=   53  mean_return= 44.000  mean_loss= 0.95092  mean_foundation=  6.5/52  lifetime_outcomes={'won': 0, 'stalled': 12, 'truncated': 41, 'other': 0}  rss= 1361.7MB  (142s)
step    27000/400000  eps=0.872  episodes=   56  mean_return=100.904  mean_loss= 0.94854  mean_foundation= 18.0/52  lifetime_outcomes={'won': 0, 'stalled': 13, 'truncated': 43, 'other': 0}  rss= 1367.7MB  (145s)
step    28000/400000  eps=0.867  episodes=   58  mean_return= 53.012  mean_loss= 0.96192  mean_foundation=  7.5/52  lifetime_outcomes={'won': 0, 'stalled': 14, 'truncated': 44, 'other': 0}  rss= 1369.9MB  (148s)
step    29000/400000  eps=0.862  episodes=   61  mean_return= 78.323  mean_loss= 0.91756  mean_foundation= 12.0/52  lifetime_outcomes={'won': 0, 'stalled': 16, 'truncated': 45, 'other': 0}  rss= 1376.1MB  (150s)
step    30000/400000  eps=0.858  episodes=   63  mean_return= 68.000  mean_loss= 0.92873  mean_foundation=  4.0/52  lifetime_outcomes={'won': 0, 'stalled': 16, 'truncated': 47, 'other': 0}  rss= 1378.1MB  (153s)
  EVAL  step    30000  win_rate=0.00%  mean_return= 27.820  mean_foundation=  2.4/52  mean_length=500.0  (greedy, 100 fixed deals)
step    31000/400000  eps=0.853  episodes=   65  mean_return= 68.000  mean_loss= 0.94288  mean_foundation=  5.0/52  lifetime_outcomes={'won': 0, 'stalled': 16, 'truncated': 49, 'other': 0}  rss= 1382.2MB  (197s)
step    32000/400000  eps=0.848  episodes=   67  mean_return= 73.500  mean_loss= 0.96030  mean_foundation= 12.0/52  lifetime_outcomes={'won': 0, 'stalled': 16, 'truncated': 51, 'other': 0}  rss= 1386.4MB  (199s)
step    33000/400000  eps=0.843  episodes=   69  mean_return= 74.000  mean_loss= 0.93995  mean_foundation=  8.5/52  lifetime_outcomes={'won': 0, 'stalled': 16, 'truncated': 53, 'other': 0}  rss= 1390.4MB  (202s)
step    34000/400000  eps=0.839  episodes=   71  mean_return=112.591  mean_loss= 0.90891  mean_foundation= 17.5/52  lifetime_outcomes={'won': 0, 'stalled': 18, 'truncated': 53, 'other': 0}  rss= 1396.5MB  (205s)
step    35000/400000  eps=0.834  episodes=   73  mean_return= 72.000  mean_loss= 0.94991  mean_foundation= 14.5/52  lifetime_outcomes={'won': 0, 'stalled': 18, 'truncated': 55, 'other': 0}  rss= 1398.5MB  (207s)
step    36000/400000  eps=0.829  episodes=   75  mean_return= 92.051  mean_loss= 0.94496  mean_foundation=  7.0/52  lifetime_outcomes={'won': 0, 'stalled': 19, 'truncated': 56, 'other': 0}  rss= 1402.5MB  (210s)
step    37000/400000  eps=0.824  episodes=   77  mean_return=102.527  mean_loss= 0.90082  mean_foundation= 19.5/52  lifetime_outcomes={'won': 0, 'stalled': 20, 'truncated': 57, 'other': 0}  rss= 1406.7MB  (213s)
step    38000/400000  eps=0.820  episodes=   79  mean_return= 79.000  mean_loss= 0.89905  mean_foundation= 13.5/52  lifetime_outcomes={'won': 0, 'stalled': 20, 'truncated': 59, 'other': 0}  rss= 1410.7MB  (215s)
step    39000/400000  eps=0.815  episodes=   81  mean_return= 68.000  mean_loss= 0.88902  mean_foundation= 11.0/52  lifetime_outcomes={'won': 0, 'stalled': 20, 'truncated': 61, 'other': 0}  rss= 1414.9MB  (218s)
step    40000/400000  eps=0.810  episodes=   83  mean_return=105.515  mean_loss= 0.87935  mean_foundation= 14.5/52  lifetime_outcomes={'won': 0, 'stalled': 22, 'truncated': 61, 'other': 0}  rss= 1419.0MB  (220s)
  EVAL  step    40000  win_rate=0.00%  mean_return= 27.730  mean_foundation=  2.4/52  mean_length=500.0  (greedy, 100 fixed deals)
step    41000/400000  eps=0.805  episodes=   86  mean_return=108.226  mean_loss= 0.89855  mean_foundation= 18.7/52  lifetime_outcomes={'won': 0, 'stalled': 23, 'truncated': 63, 'other': 0}  rss= 1423.0MB  (266s)
step    42000/400000  eps=0.800  episodes=   88  mean_return=125.012  mean_loss= 0.87274  mean_foundation= 23.0/52  lifetime_outcomes={'won': 0, 'stalled': 24, 'truncated': 64, 'other': 0}  rss= 1427.0MB  (269s)
step    43000/400000  eps=0.796  episodes=   90  mean_return= 67.012  mean_loss= 0.87313  mean_foundation= 10.0/52  lifetime_outcomes={'won': 0, 'stalled': 25, 'truncated': 65, 'other': 0}  rss= 1431.1MB  (272s)
step    44000/400000  eps=0.791  episodes=   92  mean_return=117.558  mean_loss= 0.89164  mean_foundation= 17.0/52  lifetime_outcomes={'won': 0, 'stalled': 26, 'truncated': 66, 'other': 0}  rss= 1435.1MB  (275s)
step    45000/400000  eps=0.786  episodes=   94  mean_return= 94.560  mean_loss= 0.84232  mean_foundation= 17.5/52  lifetime_outcomes={'won': 0, 'stalled': 27, 'truncated': 67, 'other': 0}  rss= 1439.1MB  (278s)
step    46000/400000  eps=0.781  episodes=   97  mean_return= 50.221  mean_loss= 0.83616  mean_foundation=  7.3/52  lifetime_outcomes={'won': 0, 'stalled': 28, 'truncated': 69, 'other': 0}  rss= 1441.1MB  (282s)
step    47000/400000  eps=0.777  episodes=   99  mean_return= 97.558  mean_loss= 0.84635  mean_foundation=  9.5/52  lifetime_outcomes={'won': 0, 'stalled': 29, 'truncated': 70, 'other': 0}  rss= 1447.2MB  (284s)
step    48000/400000  eps=0.772  episodes=  101  mean_return= 65.000  mean_loss= 0.85747  mean_foundation= 13.0/52  lifetime_outcomes={'won': 0, 'stalled': 29, 'truncated': 72, 'other': 0}  rss= 1449.2MB  (287s)
step    49000/400000  eps=0.767  episodes=  103  mean_return= 55.000  mean_loss= 0.83681  mean_foundation=  7.0/52  lifetime_outcomes={'won': 0, 'stalled': 29, 'truncated': 74, 'other': 0}  rss= 1455.2MB  (290s)
step    50000/400000  eps=0.762  episodes=  105  mean_return= 68.020  mean_loss= 0.81359  mean_foundation=  8.5/52  lifetime_outcomes={'won': 0, 'stalled': 30, 'truncated': 75, 'other': 0}  rss= 1459.2MB  (293s)
  EVAL  step    50000  win_rate=0.00%  mean_return= 27.280  mean_foundation=  2.4/52  mean_length=500.0  (greedy, 100 fixed deals)
step    51000/400000  eps=0.758  episodes=  107  mean_return= 63.577  mean_loss= 0.83048  mean_foundation=  5.0/52  lifetime_outcomes={'won': 0, 'stalled': 31, 'truncated': 76, 'other': 0}  rss= 1465.5MB  (338s)
step    52000/400000  eps=0.753  episodes=  109  mean_return= 72.000  mean_loss= 0.81388  mean_foundation=  7.5/52  lifetime_outcomes={'won': 0, 'stalled': 31, 'truncated': 78, 'other': 0}  rss= 1471.6MB  (341s)
step    53000/400000  eps=0.748  episodes=  112  mean_return=107.618  mean_loss= 0.80759  mean_foundation= 22.0/52  lifetime_outcomes={'won': 0, 'stalled': 33, 'truncated': 79, 'other': 0}  rss= 1473.6MB  (344s)
step    54000/400000  eps=0.744  episodes=  114  mean_return= 23.000  mean_loss= 0.81501  mean_foundation=  3.0/52  lifetime_outcomes={'won': 0, 'stalled': 33, 'truncated': 81, 'other': 0}  rss= 1479.6MB  (346s)
step    55000/400000  eps=0.739  episodes=  116  mean_return= 51.500  mean_loss= 0.78301  mean_foundation=  6.5/52  lifetime_outcomes={'won': 0, 'stalled': 33, 'truncated': 83, 'other': 0}  rss= 1481.6MB  (349s)
step    56000/400000  eps=0.734  episodes=  118  mean_return= 55.500  mean_loss= 0.81019  mean_foundation=  8.0/52  lifetime_outcomes={'won': 0, 'stalled': 33, 'truncated': 85, 'other': 0}  rss= 1487.7MB  (352s)
step    57000/400000  eps=0.729  episodes=  120  mean_return=111.000  mean_loss= 0.79322  mean_foundation= 22.0/52  lifetime_outcomes={'won': 0, 'stalled': 33, 'truncated': 87, 'other': 0}  rss= 1491.7MB  (355s)
step    58000/400000  eps=0.725  episodes=  122  mean_return= 85.500  mean_loss= 0.81879  mean_foundation= 10.0/52  lifetime_outcomes={'won': 0, 'stalled': 33, 'truncated': 89, 'other': 0}  rss= 1493.7MB  (357s)
step    59000/400000  eps=0.720  episodes=  125  mean_return= 96.929  mean_loss= 0.79629  mean_foundation= 14.3/52  lifetime_outcomes={'won': 0, 'stalled': 35, 'truncated': 90, 'other': 0}  rss= 1499.7MB  (360s)
step    60000/400000  eps=0.715  episodes=  127  mean_return= 67.500  mean_loss= 0.75728  mean_foundation=  6.5/52  lifetime_outcomes={'won': 0, 'stalled': 35, 'truncated': 92, 'other': 0}  rss= 1501.7MB  (363s)
  EVAL  step    60000  win_rate=0.00%  mean_return= 27.130  mean_foundation=  2.4/52  mean_length=500.0  (greedy, 100 fixed deals)
step    61000/400000  eps=0.710  episodes=  129  mean_return= 73.015  mean_loss= 0.76147  mean_foundation=  7.5/52  lifetime_outcomes={'won': 0, 'stalled': 36, 'truncated': 93, 'other': 0}  rss= 1507.8MB  (408s)
step    62000/400000  eps=0.706  episodes=  131  mean_return= 84.681  mean_loss= 0.76214  mean_foundation= 12.5/52  lifetime_outcomes={'won': 0, 'stalled': 38, 'truncated': 93, 'other': 0}  rss= 1509.8MB  (411s)
step    63000/400000  eps=0.701  episodes=  134  mean_return= 71.567  mean_loss= 0.75293  mean_foundation= 13.0/52  lifetime_outcomes={'won': 0, 'stalled': 39, 'truncated': 95, 'other': 0}  rss= 1513.8MB  (413s)
step    64000/400000  eps=0.696  episodes=  137  mean_return= 62.650  mean_loss= 0.75038  mean_foundation= 13.0/52  lifetime_outcomes={'won': 0, 'stalled': 41, 'truncated': 96, 'other': 0}  rss= 1517.8MB  (416s)
step    65000/400000  eps=0.691  episodes=  140  mean_return=120.328  mean_loss= 0.75386  mean_foundation= 27.3/52  lifetime_outcomes={'won': 0, 'stalled': 43, 'truncated': 97, 'other': 0}  rss= 1521.9MB  (419s)
step    66000/400000  eps=0.686  episodes=  142  mean_return= 95.151  mean_loss= 0.75588  mean_foundation=  9.0/52  lifetime_outcomes={'won': 0, 'stalled': 45, 'truncated': 97, 'other': 0}  rss= 1527.9MB  (422s)
step    67000/400000  eps=0.682  episodes=  144  mean_return= 66.047  mean_loss= 0.76080  mean_foundation=  8.0/52  lifetime_outcomes={'won': 0, 'stalled': 46, 'truncated': 98, 'other': 0}  rss= 1529.9MB  (424s)
step    68000/400000  eps=0.677  episodes=  146  mean_return=101.515  mean_loss= 0.74462  mean_foundation= 27.0/52  lifetime_outcomes={'won': 1, 'stalled': 46, 'truncated': 99, 'other': 0}  rss= 1533.9MB  (427s)
step    69000/400000  eps=0.672  episodes=  149  mean_return= 73.516  mean_loss= 0.71541  mean_foundation=  8.0/52  lifetime_outcomes={'won': 1, 'stalled': 47, 'truncated': 101, 'other': 0}  rss= 1537.9MB  (430s)
step    70000/400000  eps=0.667  episodes=  151  mean_return= 78.000  mean_loss= 0.73203  mean_foundation= 16.0/52  lifetime_outcomes={'won': 1, 'stalled': 47, 'truncated': 103, 'other': 0}  rss= 1541.9MB  (433s)
  EVAL  step    70000  win_rate=0.00%  mean_return= 26.930  mean_foundation=  2.4/52  mean_length=500.0  (greedy, 100 fixed deals)
step    71000/400000  eps=0.663  episodes=  153  mean_return=102.544  mean_loss= 0.71367  mean_foundation= 25.5/52  lifetime_outcomes={'won': 1, 'stalled': 48, 'truncated': 104, 'other': 0}  rss= 1546.0MB  (476s)
step    72000/400000  eps=0.658  episodes=  155  mean_return= 74.077  mean_loss= 0.70439  mean_foundation= 12.0/52  lifetime_outcomes={'won': 1, 'stalled': 49, 'truncated': 105, 'other': 0}  rss= 1550.0MB  (478s)
step    73000/400000  eps=0.653  episodes=  157  mean_return= 88.581  mean_loss= 0.73418  mean_foundation= 13.0/52  lifetime_outcomes={'won': 1, 'stalled': 50, 'truncated': 106, 'other': 0}  rss= 1554.0MB  (481s)
step    74000/400000  eps=0.649  episodes=  159  mean_return= 47.000  mean_loss= 0.71501  mean_foundation=  7.0/52  lifetime_outcomes={'won': 1, 'stalled': 50, 'truncated': 108, 'other': 0}  rss= 1558.1MB  (484s)
step    75000/400000  eps=0.644  episodes=  162  mean_return=116.210  mean_loss= 0.70383  mean_foundation= 17.7/52  lifetime_outcomes={'won': 1, 'stalled': 52, 'truncated': 109, 'other': 0}  rss= 1562.1MB  (486s)
step    76000/400000  eps=0.639  episodes=  164  mean_return= 31.000  mean_loss= 0.68018  mean_foundation=  6.5/52  lifetime_outcomes={'won': 1, 'stalled': 52, 'truncated': 111, 'other': 0}  rss= 1566.1MB  (489s)
step    77000/400000  eps=0.634  episodes=  166  mean_return=141.524  mean_loss= 0.68591  mean_foundation= 37.0/52  lifetime_outcomes={'won': 2, 'stalled': 52, 'truncated': 112, 'other': 0}  rss= 1570.1MB  (492s)
step    78000/400000  eps=0.629  episodes=  168  mean_return=103.000  mean_loss= 0.68426  mean_foundation= 21.0/52  lifetime_outcomes={'won': 2, 'stalled': 52, 'truncated': 114, 'other': 0}  rss= 1572.1MB  (494s)
step    79000/400000  eps=0.625  episodes=  170  mean_return= 87.027  mean_loss= 0.68906  mean_foundation=  7.0/52  lifetime_outcomes={'won': 2, 'stalled': 53, 'truncated': 115, 'other': 0}  rss= 1578.2MB  (497s)
step    80000/400000  eps=0.620  episodes=  172  mean_return=103.597  mean_loss= 0.67277  mean_foundation= 20.5/52  lifetime_outcomes={'won': 2, 'stalled': 55, 'truncated': 115, 'other': 0}  rss= 1580.2MB  (500s)
  EVAL  step    80000  win_rate=0.00%  mean_return= 26.930  mean_foundation=  2.4/52  mean_length=500.0  (greedy, 100 fixed deals)
step    81000/400000  eps=0.615  episodes=  174  mean_return= 47.000  mean_loss= 0.69569  mean_foundation=  4.5/52  lifetime_outcomes={'won': 2, 'stalled': 55, 'truncated': 117, 'other': 0}  rss= 1586.2MB  (546s)
step    82000/400000  eps=0.611  episodes=  176  mean_return=102.000  mean_loss= 0.68296  mean_foundation= 22.5/52  lifetime_outcomes={'won': 2, 'stalled': 55, 'truncated': 119, 'other': 0}  rss= 1590.3MB  (549s)
step    83000/400000  eps=0.606  episodes=  179  mean_return=119.918  mean_loss= 0.66304  mean_foundation= 24.7/52  lifetime_outcomes={'won': 2, 'stalled': 57, 'truncated': 120, 'other': 0}  rss= 1594.3MB  (552s)
step    84000/400000  eps=0.601  episodes=  181  mean_return= 47.000  mean_loss= 0.68275  mean_foundation=  6.5/52  lifetime_outcomes={'won': 2, 'stalled': 57, 'truncated': 122, 'other': 0}  rss= 1598.3MB  (555s)
step    85000/400000  eps=0.596  episodes=  183  mean_return= 68.000  mean_loss= 0.65165  mean_foundation= 10.0/52  lifetime_outcomes={'won': 2, 'stalled': 57, 'truncated': 124, 'other': 0}  rss= 1600.3MB  (557s)
step    86000/400000  eps=0.592  episodes=  185  mean_return= 89.500  mean_loss= 0.67120  mean_foundation= 17.5/52  lifetime_outcomes={'won': 2, 'stalled': 57, 'truncated': 126, 'other': 0}  rss= 1606.3MB  (560s)
step    87000/400000  eps=0.587  episodes=  188  mean_return=104.978  mean_loss= 0.66842  mean_foundation= 17.0/52  lifetime_outcomes={'won': 2, 'stalled': 59, 'truncated': 127, 'other': 0}  rss= 1608.3MB  (563s)
step    88000/400000  eps=0.582  episodes=  190  mean_return= 51.059  mean_loss= 0.65975  mean_foundation=  4.0/52  lifetime_outcomes={'won': 2, 'stalled': 60, 'truncated': 128, 'other': 0}  rss= 1614.4MB  (566s)
step    89000/400000  eps=0.577  episodes=  192  mean_return= 49.000  mean_loss= 0.64997  mean_foundation=  9.0/52  lifetime_outcomes={'won': 2, 'stalled': 60, 'truncated': 130, 'other': 0}  rss= 1618.4MB  (569s)
step    90000/400000  eps=0.573  episodes=  194  mean_return=134.624  mean_loss= 0.63558  mean_foundation= 34.0/52  lifetime_outcomes={'won': 2, 'stalled': 62, 'truncated': 130, 'other': 0}  rss= 1620.4MB  (572s)
  EVAL  step    90000  win_rate=0.00%  mean_return= 27.060  mean_foundation=  2.4/52  mean_length=500.0  (greedy, 100 fixed deals)
step    91000/400000  eps=0.568  episodes=  196  mean_return= 59.500  mean_loss= 0.63861  mean_foundation=  9.0/52  lifetime_outcomes={'won': 2, 'stalled': 62, 'truncated': 132, 'other': 0}  rss= 1626.4MB  (618s)
step    92000/400000  eps=0.563  episodes=  199  mean_return=118.894  mean_loss= 0.63821  mean_foundation= 32.3/52  lifetime_outcomes={'won': 3, 'stalled': 63, 'truncated': 133, 'other': 0}  rss= 1628.5MB  (621s)
step    93000/400000  eps=0.558  episodes=  201  mean_return=112.652  mean_loss= 0.62570  mean_foundation= 22.5/52  lifetime_outcomes={'won': 3, 'stalled': 65, 'truncated': 133, 'other': 0}  rss= 1634.5MB  (624s)
step    94000/400000  eps=0.554  episodes=  204  mean_return= 78.626  mean_loss= 0.61461  mean_foundation= 14.0/52  lifetime_outcomes={'won': 3, 'stalled': 67, 'truncated': 134, 'other': 0}  rss= 1636.5MB  (626s)
step    95000/400000  eps=0.549  episodes=  206  mean_return= 94.500  mean_loss= 0.57864  mean_foundation= 22.5/52  lifetime_outcomes={'won': 3, 'stalled': 67, 'truncated': 136, 'other': 0}  rss= 1640.5MB  (629s)
step    96000/400000  eps=0.544  episodes=  208  mean_return= 54.009  mean_loss= 0.59734  mean_foundation=  8.5/52  lifetime_outcomes={'won': 3, 'stalled': 68, 'truncated': 137, 'other': 0}  rss= 1644.6MB  (632s)
step    97000/400000  eps=0.539  episodes=  211  mean_return=101.573  mean_loss= 0.60450  mean_foundation= 19.7/52  lifetime_outcomes={'won': 3, 'stalled': 69, 'truncated': 139, 'other': 0}  rss= 1648.6MB  (635s)
step    98000/400000  eps=0.534  episodes=  213  mean_return=109.001  mean_loss= 0.60826  mean_foundation= 27.0/52  lifetime_outcomes={'won': 3, 'stalled': 70, 'truncated': 140, 'other': 0}  rss= 1652.7MB  (638s)
step    99000/400000  eps=0.530  episodes=  215  mean_return= 74.000  mean_loss= 0.59920  mean_foundation=  7.5/52  lifetime_outcomes={'won': 3, 'stalled': 70, 'truncated': 142, 'other': 0}  rss= 1655.0MB  (641s)
step   100000/400000  eps=0.525  episodes=  217  mean_return=128.612  mean_loss= 0.59402  mean_foundation= 31.0/52  lifetime_outcomes={'won': 3, 'stalled': 71, 'truncated': 143, 'other': 0}  rss= 1656.6MB  (644s)
  EVAL  step   100000  win_rate=0.00%  mean_return= 27.010  mean_foundation=  2.4/52  mean_length=500.0  (greedy, 100 fixed deals)
step   101000/400000  eps=0.520  episodes=  220  mean_return= 79.926  mean_loss= 0.59125  mean_foundation= 12.0/52  lifetime_outcomes={'won': 3, 'stalled': 73, 'truncated': 144, 'other': 0}  rss= 1656.6MB  (688s)
step   102000/400000  eps=0.516  episodes=  223  mean_return=150.006  mean_loss= 0.60210  mean_foundation= 42.0/52  lifetime_outcomes={'won': 5, 'stalled': 74, 'truncated': 144, 'other': 0}  rss= 1656.6MB  (690s)
step   103000/400000  eps=0.511  episodes=  225  mean_return= 66.000  mean_loss= 0.58951  mean_foundation=  6.0/52  lifetime_outcomes={'won': 5, 'stalled': 74, 'truncated': 146, 'other': 0}  rss= 1656.6MB  (693s)
step   104000/400000  eps=0.506  episodes=  227  mean_return= 90.000  mean_loss= 0.57914  mean_foundation=  6.5/52  lifetime_outcomes={'won': 5, 'stalled': 74, 'truncated': 148, 'other': 0}  rss= 1656.6MB  (696s)
step   105000/400000  eps=0.501  episodes=  229  mean_return=108.000  mean_loss= 0.58974  mean_foundation= 20.5/52  lifetime_outcomes={'won': 5, 'stalled': 74, 'truncated': 150, 'other': 0}  rss= 1656.6MB  (699s)
step   106000/400000  eps=0.497  episodes=  231  mean_return=124.011  mean_loss= 0.59870  mean_foundation= 29.5/52  lifetime_outcomes={'won': 5, 'stalled': 75, 'truncated': 151, 'other': 0}  rss= 1656.6MB  (702s)
step   107000/400000  eps=0.492  episodes=  233  mean_return= 38.000  mean_loss= 0.56218  mean_foundation=  6.0/52  lifetime_outcomes={'won': 5, 'stalled': 75, 'truncated': 153, 'other': 0}  rss= 1656.6MB  (705s)
step   108000/400000  eps=0.487  episodes=  235  mean_return=108.031  mean_loss= 0.56754  mean_foundation= 25.5/52  lifetime_outcomes={'won': 5, 'stalled': 76, 'truncated': 154, 'other': 0}  rss= 1656.6MB  (708s)
step   109000/400000  eps=0.482  episodes=  237  mean_return=103.059  mean_loss= 0.55722  mean_foundation= 28.5/52  lifetime_outcomes={'won': 6, 'stalled': 76, 'truncated': 155, 'other': 0}  rss= 1656.6MB  (711s)
step   110000/400000  eps=0.478  episodes=  240  mean_return=110.940  mean_loss= 0.55041  mean_foundation= 27.7/52  lifetime_outcomes={'won': 6, 'stalled': 78, 'truncated': 156, 'other': 0}  rss= 1656.6MB  (713s)
  EVAL  step   110000  win_rate=0.00%  mean_return= 27.010  mean_foundation=  2.4/52  mean_length=500.0  (greedy, 100 fixed deals)
step   111000/400000  eps=0.473  episodes=  242  mean_return= 88.000  mean_loss= 0.54716  mean_foundation= 16.0/52  lifetime_outcomes={'won': 6, 'stalled': 78, 'truncated': 158, 'other': 0}  rss= 1656.6MB  (762s)
step   112000/400000  eps=0.468  episodes=  244  mean_return= 93.500  mean_loss= 0.54464  mean_foundation= 21.5/52  lifetime_outcomes={'won': 6, 'stalled': 78, 'truncated': 160, 'other': 0}  rss= 1656.6MB  (765s)
step   113000/400000  eps=0.463  episodes=  246  mean_return= 86.521  mean_loss= 0.54096  mean_foundation= 14.0/52  lifetime_outcomes={'won': 6, 'stalled': 79, 'truncated': 161, 'other': 0}  rss= 1656.6MB  (768s)
step   114000/400000  eps=0.459  episodes=  248  mean_return= 86.041  mean_loss= 0.53802  mean_foundation= 21.0/52  lifetime_outcomes={'won': 6, 'stalled': 80, 'truncated': 162, 'other': 0}  rss= 1656.6MB  (771s)
step   115000/400000  eps=0.454  episodes=  250  mean_return= 45.000  mean_loss= 0.55015  mean_foundation=  7.5/52  lifetime_outcomes={'won': 6, 'stalled': 80, 'truncated': 164, 'other': 0}  rss= 1656.6MB  (774s)
step   116000/400000  eps=0.449  episodes=  252  mean_return= 43.000  mean_loss= 0.55155  mean_foundation=  8.5/52  lifetime_outcomes={'won': 6, 'stalled': 80, 'truncated': 166, 'other': 0}  rss= 1656.6MB  (777s)
step   117000/400000  eps=0.444  episodes=  254  mean_return=141.011  mean_loss= 0.51060  mean_foundation= 34.0/52  lifetime_outcomes={'won': 7, 'stalled': 80, 'truncated': 167, 'other': 0}  rss= 1656.6MB  (780s)
step   118000/400000  eps=0.440  episodes=  257  mean_return= 53.306  mean_loss= 0.52438  mean_foundation=  6.7/52  lifetime_outcomes={'won': 7, 'stalled': 81, 'truncated': 169, 'other': 0}  rss= 1656.6MB  (782s)
step   119000/400000  eps=0.435  episodes=  259  mean_return= 87.000  mean_loss= 0.51994  mean_foundation= 14.5/52  lifetime_outcomes={'won': 7, 'stalled': 81, 'truncated': 171, 'other': 0}  rss= 1656.6MB  (785s)
step   120000/400000  eps=0.430  episodes=  261  mean_return= 76.567  mean_loss= 0.50908  mean_foundation= 19.5/52  lifetime_outcomes={'won': 7, 'stalled': 82, 'truncated': 172, 'other': 0}  rss= 1656.6MB  (788s)
  EVAL  step   120000  win_rate=0.00%  mean_return= 26.810  mean_foundation=  2.4/52  mean_length=500.0  (greedy, 100 fixed deals)
step   121000/400000  eps=0.425  episodes=  263  mean_return= 51.000  mean_loss= 0.50032  mean_foundation=  3.5/52  lifetime_outcomes={'won': 7, 'stalled': 82, 'truncated': 174, 'other': 0}  rss= 1656.6MB  (834s)
step   122000/400000  eps=0.420  episodes=  265  mean_return= 77.107  mean_loss= 0.50506  mean_foundation= 19.5/52  lifetime_outcomes={'won': 7, 'stalled': 83, 'truncated': 175, 'other': 0}  rss= 1656.6MB  (837s)
step   123000/400000  eps=0.416  episodes=  267  mean_return= 95.516  mean_loss= 0.49668  mean_foundation= 16.0/52  lifetime_outcomes={'won': 7, 'stalled': 84, 'truncated': 176, 'other': 0}  rss= 1656.6MB  (840s)
step   124000/400000  eps=0.411  episodes=  269  mean_return=110.500  mean_loss= 0.50370  mean_foundation= 21.0/52  lifetime_outcomes={'won': 7, 'stalled': 84, 'truncated': 178, 'other': 0}  rss= 1656.6MB  (843s)
step   125000/400000  eps=0.406  episodes=  271  mean_return=117.500  mean_loss= 0.52100  mean_foundation= 24.5/52  lifetime_outcomes={'won': 7, 'stalled': 84, 'truncated': 180, 'other': 0}  rss= 1656.6MB  (846s)
step   126000/400000  eps=0.402  episodes=  273  mean_return= 33.500  mean_loss= 0.49552  mean_foundation=  6.5/52  lifetime_outcomes={'won': 7, 'stalled': 84, 'truncated': 182, 'other': 0}  rss= 1656.6MB  (849s)
step   127000/400000  eps=0.397  episodes=  275  mean_return= 87.000  mean_loss= 0.48333  mean_foundation= 14.5/52  lifetime_outcomes={'won': 7, 'stalled': 84, 'truncated': 184, 'other': 0}  rss= 1656.6MB  (852s)
step   128000/400000  eps=0.392  episodes=  277  mean_return=116.500  mean_loss= 0.48687  mean_foundation= 27.0/52  lifetime_outcomes={'won': 7, 'stalled': 84, 'truncated': 186, 'other': 0}  rss= 1656.6MB  (855s)
step   129000/400000  eps=0.387  episodes=  279  mean_return=114.500  mean_loss= 0.48752  mean_foundation= 32.0/52  lifetime_outcomes={'won': 7, 'stalled': 84, 'truncated': 188, 'other': 0}  rss= 1656.6MB  (858s)
step   130000/400000  eps=0.383  episodes=  281  mean_return= 42.000  mean_loss= 0.46365  mean_foundation=  9.0/52  lifetime_outcomes={'won': 7, 'stalled': 84, 'truncated': 190, 'other': 0}  rss= 1656.6MB  (861s)
  EVAL  step   130000  win_rate=0.00%  mean_return= 26.970  mean_foundation=  2.4/52  mean_length=500.0  (greedy, 100 fixed deals)
step   131000/400000  eps=0.378  episodes=  284  mean_return= 84.235  mean_loss= 0.46669  mean_foundation= 18.0/52  lifetime_outcomes={'won': 7, 'stalled': 85, 'truncated': 192, 'other': 0}  rss= 1656.6MB  (905s)
step   132000/400000  eps=0.373  episodes=  286  mean_return= 76.651  mean_loss= 0.47635  mean_foundation= 19.0/52  lifetime_outcomes={'won': 7, 'stalled': 86, 'truncated': 193, 'other': 0}  rss= 1656.6MB  (908s)
step   133000/400000  eps=0.368  episodes=  289  mean_return= 73.174  mean_loss= 0.46121  mean_foundation= 12.0/52  lifetime_outcomes={'won': 7, 'stalled': 87, 'truncated': 195, 'other': 0}  rss= 1656.6MB  (911s)
step   134000/400000  eps=0.364  episodes=  291  mean_return= 56.500  mean_loss= 0.47421  mean_foundation= 11.5/52  lifetime_outcomes={'won': 7, 'stalled': 87, 'truncated': 197, 'other': 0}  rss= 1656.6MB  (914s)
step   135000/400000  eps=0.359  episodes=  293  mean_return= 88.000  mean_loss= 0.45734  mean_foundation= 21.0/52  lifetime_outcomes={'won': 7, 'stalled': 87, 'truncated': 199, 'other': 0}  rss= 1656.6MB  (917s)
step   136000/400000  eps=0.354  episodes=  295  mean_return= 83.500  mean_loss= 0.45245  mean_foundation= 11.5/52  lifetime_outcomes={'won': 7, 'stalled': 87, 'truncated': 201, 'other': 0}  rss= 1656.6MB  (920s)
step   137000/400000  eps=0.349  episodes=  297  mean_return= 60.500  mean_loss= 0.44554  mean_foundation= 13.0/52  lifetime_outcomes={'won': 7, 'stalled': 87, 'truncated': 203, 'other': 0}  rss= 1656.6MB  (923s)
step   138000/400000  eps=0.345  episodes=  299  mean_return= 71.047  mean_loss= 0.44756  mean_foundation= 11.0/52  lifetime_outcomes={'won': 7, 'stalled': 88, 'truncated': 204, 'other': 0}  rss= 1656.6MB  (926s)
step   139000/400000  eps=0.340  episodes=  301  mean_return=108.500  mean_loss= 0.44654  mean_foundation= 23.5/52  lifetime_outcomes={'won': 7, 'stalled': 88, 'truncated': 206, 'other': 0}  rss= 1656.6MB  (929s)
step   140000/400000  eps=0.335  episodes=  303  mean_return=105.000  mean_loss= 0.45108  mean_foundation= 17.5/52  lifetime_outcomes={'won': 7, 'stalled': 88, 'truncated': 208, 'other': 0}  rss= 1656.6MB  (932s)
  EVAL  step   140000  win_rate=0.00%  mean_return= 26.820  mean_foundation=  2.4/52  mean_length=500.0  (greedy, 100 fixed deals)
step   141000/400000  eps=0.330  episodes=  305  mean_return= 88.500  mean_loss= 0.43545  mean_foundation= 11.0/52  lifetime_outcomes={'won': 7, 'stalled': 88, 'truncated': 210, 'other': 0}  rss= 1656.6MB  (974s)
step   142000/400000  eps=0.326  episodes=  307  mean_return= 72.000  mean_loss= 0.42791  mean_foundation= 15.0/52  lifetime_outcomes={'won': 7, 'stalled': 88, 'truncated': 212, 'other': 0}  rss= 1656.6MB  (976s)
step   143000/400000  eps=0.321  episodes=  309  mean_return= 68.129  mean_loss= 0.43886  mean_foundation= 13.5/52  lifetime_outcomes={'won': 7, 'stalled': 89, 'truncated': 213, 'other': 0}  rss= 1656.6MB  (979s)
step   144000/400000  eps=0.316  episodes=  311  mean_return= 65.000  mean_loss= 0.42384  mean_foundation= 10.5/52  lifetime_outcomes={'won': 7, 'stalled': 89, 'truncated': 215, 'other': 0}  rss= 1656.6MB  (982s)
step   145000/400000  eps=0.311  episodes=  313  mean_return= 54.500  mean_loss= 0.41148  mean_foundation=  7.5/52  lifetime_outcomes={'won': 7, 'stalled': 89, 'truncated': 217, 'other': 0}  rss= 1656.6MB  (986s)
step   146000/400000  eps=0.306  episodes=  315  mean_return= 61.000  mean_loss= 0.41301  mean_foundation=  8.5/52  lifetime_outcomes={'won': 7, 'stalled': 89, 'truncated': 219, 'other': 0}  rss= 1656.6MB  (989s)
step   147000/400000  eps=0.302  episodes=  317  mean_return= 99.000  mean_loss= 0.40919  mean_foundation=  9.5/52  lifetime_outcomes={'won': 7, 'stalled': 89, 'truncated': 221, 'other': 0}  rss= 1656.6MB  (992s)
step   148000/400000  eps=0.297  episodes=  319  mean_return= 94.000  mean_loss= 0.39462  mean_foundation= 17.0/52  lifetime_outcomes={'won': 7, 'stalled': 89, 'truncated': 223, 'other': 0}  rss= 1656.6MB  (995s)
step   149000/400000  eps=0.292  episodes=  321  mean_return=139.511  mean_loss= 0.39484  mean_foundation= 34.5/52  lifetime_outcomes={'won': 8, 'stalled': 89, 'truncated': 224, 'other': 0}  rss= 1656.6MB  (998s)
step   150000/400000  eps=0.288  episodes=  323  mean_return= 91.006  mean_loss= 0.41379  mean_foundation= 20.5/52  lifetime_outcomes={'won': 8, 'stalled': 90, 'truncated': 225, 'other': 0}  rss= 1656.6MB  (1001s)
  EVAL  step   150000  win_rate=0.00%  mean_return= 26.820  mean_foundation=  2.4/52  mean_length=500.0  (greedy, 100 fixed deals)
step   151000/400000  eps=0.283  episodes=  325  mean_return= 68.000  mean_loss= 0.39182  mean_foundation= 10.5/52  lifetime_outcomes={'won': 8, 'stalled': 90, 'truncated': 227, 'other': 0}  rss= 1656.6MB  (1050s)
step   152000/400000  eps=0.278  episodes=  327  mean_return= 83.000  mean_loss= 0.39399  mean_foundation= 11.0/52  lifetime_outcomes={'won': 8, 'stalled': 90, 'truncated': 229, 'other': 0}  rss= 1656.6MB  (1053s)
step   153000/400000  eps=0.273  episodes=  329  mean_return= 32.000  mean_loss= 0.38877  mean_foundation=  4.5/52  lifetime_outcomes={'won': 8, 'stalled': 90, 'truncated': 231, 'other': 0}  rss= 1656.6MB  (1057s)
step   154000/400000  eps=0.269  episodes=  331  mean_return= 69.500  mean_loss= 0.39770  mean_foundation= 10.0/52  lifetime_outcomes={'won': 8, 'stalled': 90, 'truncated': 233, 'other': 0}  rss= 1656.6MB  (1061s)
step   155000/400000  eps=0.264  episodes=  334  mean_return= 88.542  mean_loss= 0.39553  mean_foundation= 19.0/52  lifetime_outcomes={'won': 8, 'stalled': 91, 'truncated': 235, 'other': 0}  rss= 1656.6MB  (1064s)
step   156000/400000  eps=0.259  episodes=  336  mean_return= 52.500  mean_loss= 0.38577  mean_foundation=  5.5/52  lifetime_outcomes={'won': 8, 'stalled': 91, 'truncated': 237, 'other': 0}  rss= 1656.6MB  (1067s)
step   157000/400000  eps=0.254  episodes=  338  mean_return= 51.500  mean_loss= 0.36833  mean_foundation=  9.0/52  lifetime_outcomes={'won': 8, 'stalled': 91, 'truncated': 239, 'other': 0}  rss= 1656.6MB  (1070s)
step   158000/400000  eps=0.250  episodes=  341  mean_return= 50.354  mean_loss= 0.38019  mean_foundation=  8.7/52  lifetime_outcomes={'won': 8, 'stalled': 93, 'truncated': 240, 'other': 0}  rss= 1656.6MB  (1073s)
step   159000/400000  eps=0.245  episodes=  343  mean_return= 85.500  mean_loss= 0.37852  mean_foundation= 11.0/52  lifetime_outcomes={'won': 8, 'stalled': 93, 'truncated': 242, 'other': 0}  rss= 1656.6MB  (1076s)
step   160000/400000  eps=0.240  episodes=  345  mean_return= 60.500  mean_loss= 0.37095  mean_foundation=  6.0/52  lifetime_outcomes={'won': 8, 'stalled': 93, 'truncated': 244, 'other': 0}  rss= 1656.6MB  (1079s)
  EVAL  step   160000  win_rate=0.00%  mean_return= 26.550  mean_foundation=  2.5/52  mean_length=500.0  (greedy, 100 fixed deals)
step   161000/400000  eps=0.235  episodes=  347  mean_return= 85.000  mean_loss= 0.35415  mean_foundation= 13.0/52  lifetime_outcomes={'won': 8, 'stalled': 93, 'truncated': 246, 'other': 0}  rss= 1656.6MB  (1124s)
step   162000/400000  eps=0.231  episodes=  349  mean_return= 80.500  mean_loss= 0.36576  mean_foundation= 11.0/52  lifetime_outcomes={'won': 8, 'stalled': 93, 'truncated': 248, 'other': 0}  rss= 1656.6MB  (1127s)
step   163000/400000  eps=0.226  episodes=  351  mean_return=107.000  mean_loss= 0.35729  mean_foundation= 17.5/52  lifetime_outcomes={'won': 8, 'stalled': 93, 'truncated': 250, 'other': 0}  rss= 1656.6MB  (1130s)
step   164000/400000  eps=0.221  episodes=  353  mean_return= 76.000  mean_loss= 0.36638  mean_foundation= 11.5/52  lifetime_outcomes={'won': 8, 'stalled': 93, 'truncated': 252, 'other': 0}  rss= 1656.6MB  (1133s)
step   165000/400000  eps=0.216  episodes=  355  mean_return= 68.500  mean_loss= 0.35273  mean_foundation=  9.0/52  lifetime_outcomes={'won': 8, 'stalled': 93, 'truncated': 254, 'other': 0}  rss= 1656.6MB  (1136s)
step   166000/400000  eps=0.212  episodes=  357  mean_return= 42.000  mean_loss= 0.35053  mean_foundation= 10.0/52  lifetime_outcomes={'won': 8, 'stalled': 93, 'truncated': 256, 'other': 0}  rss= 1656.6MB  (1139s)
step   167000/400000  eps=0.207  episodes=  359  mean_return=110.500  mean_loss= 0.34208  mean_foundation= 21.0/52  lifetime_outcomes={'won': 8, 'stalled': 93, 'truncated': 258, 'other': 0}  rss= 1656.6MB  (1142s)
step   168000/400000  eps=0.202  episodes=  361  mean_return=108.088  mean_loss= 0.35066  mean_foundation= 23.5/52  lifetime_outcomes={'won': 8, 'stalled': 94, 'truncated': 259, 'other': 0}  rss= 1656.6MB  (1145s)
step   169000/400000  eps=0.197  episodes=  363  mean_return= 61.000  mean_loss= 0.33464  mean_foundation=  9.0/52  lifetime_outcomes={'won': 8, 'stalled': 94, 'truncated': 261, 'other': 0}  rss= 1656.6MB  (1148s)
step   170000/400000  eps=0.193  episodes=  365  mean_return= 79.000  mean_loss= 0.34597  mean_foundation= 14.5/52  lifetime_outcomes={'won': 8, 'stalled': 94, 'truncated': 263, 'other': 0}  rss= 1656.6MB  (1151s)
  EVAL  step   170000  win_rate=0.00%  mean_return= 27.390  mean_foundation=  2.8/52  mean_length=500.0  (greedy, 100 fixed deals)
step   171000/400000  eps=0.188  episodes=  367  mean_return= 81.000  mean_loss= 0.34230  mean_foundation= 14.0/52  lifetime_outcomes={'won': 8, 'stalled': 94, 'truncated': 265, 'other': 0}  rss= 1656.6MB  (1194s)
step   172000/400000  eps=0.183  episodes=  369  mean_return= 81.500  mean_loss= 0.33558  mean_foundation= 14.5/52  lifetime_outcomes={'won': 8, 'stalled': 94, 'truncated': 267, 'other': 0}  rss= 1656.6MB  (1197s)
step   173000/400000  eps=0.178  episodes=  371  mean_return= 54.000  mean_loss= 0.32999  mean_foundation=  9.5/52  lifetime_outcomes={'won': 8, 'stalled': 94, 'truncated': 269, 'other': 0}  rss= 1656.6MB  (1200s)
step   174000/400000  eps=0.173  episodes=  373  mean_return= 60.500  mean_loss= 0.31741  mean_foundation=  8.5/52  lifetime_outcomes={'won': 8, 'stalled': 94, 'truncated': 271, 'other': 0}  rss= 1656.6MB  (1203s)
step   175000/400000  eps=0.169  episodes=  375  mean_return= 71.500  mean_loss= 0.33449  mean_foundation= 12.0/52  lifetime_outcomes={'won': 8, 'stalled': 94, 'truncated': 273, 'other': 0}  rss= 1656.6MB  (1205s)
step   176000/400000  eps=0.164  episodes=  377  mean_return= 37.000  mean_loss= 0.31955  mean_foundation=  2.5/52  lifetime_outcomes={'won': 8, 'stalled': 94, 'truncated': 275, 'other': 0}  rss= 1656.6MB  (1208s)
step   177000/400000  eps=0.159  episodes=  379  mean_return=123.500  mean_loss= 0.31655  mean_foundation= 29.0/52  lifetime_outcomes={'won': 8, 'stalled': 94, 'truncated': 277, 'other': 0}  rss= 1656.6MB  (1211s)
step   178000/400000  eps=0.155  episodes=  381  mean_return= 56.000  mean_loss= 0.32633  mean_foundation=  6.5/52  lifetime_outcomes={'won': 8, 'stalled': 94, 'truncated': 279, 'other': 0}  rss= 1656.6MB  (1214s)
step   179000/400000  eps=0.150  episodes=  383  mean_return= 72.000  mean_loss= 0.31988  mean_foundation=  9.5/52  lifetime_outcomes={'won': 8, 'stalled': 94, 'truncated': 281, 'other': 0}  rss= 1656.6MB  (1217s)
step   180000/400000  eps=0.145  episodes=  385  mean_return= 53.500  mean_loss= 0.31629  mean_foundation=  4.0/52  lifetime_outcomes={'won': 8, 'stalled': 94, 'truncated': 283, 'other': 0}  rss= 1656.6MB  (1220s)
  EVAL  step   180000  win_rate=0.00%  mean_return= 26.929  mean_foundation=  2.8/52  mean_length=491.5  (greedy, 100 fixed deals)
step   181000/400000  eps=0.140  episodes=  387  mean_return= 25.500  mean_loss= 0.30825  mean_foundation=  8.5/52  lifetime_outcomes={'won': 8, 'stalled': 94, 'truncated': 285, 'other': 0}  rss= 1656.6MB  (1265s)
step   182000/400000  eps=0.136  episodes=  389  mean_return= 76.500  mean_loss= 0.29792  mean_foundation=  7.0/52  lifetime_outcomes={'won': 8, 'stalled': 94, 'truncated': 287, 'other': 0}  rss= 1656.6MB  (1269s)
step   183000/400000  eps=0.131  episodes=  391  mean_return= 46.500  mean_loss= 0.30544  mean_foundation=  4.5/52  lifetime_outcomes={'won': 8, 'stalled': 94, 'truncated': 289, 'other': 0}  rss= 1656.6MB  (1272s)
step   184000/400000  eps=0.126  episodes=  393  mean_return= 84.037  mean_loss= 0.30440  mean_foundation= 12.0/52  lifetime_outcomes={'won': 8, 'stalled': 95, 'truncated': 290, 'other': 0}  rss= 1656.6MB  (1275s)
step   185000/400000  eps=0.121  episodes=  395  mean_return= 69.500  mean_loss= 0.29718  mean_foundation=  7.0/52  lifetime_outcomes={'won': 8, 'stalled': 95, 'truncated': 292, 'other': 0}  rss= 1656.6MB  (1279s)
step   186000/400000  eps=0.117  episodes=  397  mean_return= 72.000  mean_loss= 0.29549  mean_foundation= 10.0/52  lifetime_outcomes={'won': 8, 'stalled': 95, 'truncated': 294, 'other': 0}  rss= 1656.6MB  (1282s)
step   187000/400000  eps=0.112  episodes=  399  mean_return= 60.500  mean_loss= 0.28602  mean_foundation=  8.5/52  lifetime_outcomes={'won': 8, 'stalled': 95, 'truncated': 296, 'other': 0}  rss= 1656.6MB  (1285s)
step   188000/400000  eps=0.107  episodes=  401  mean_return= 19.000  mean_loss= 0.29467  mean_foundation=  2.0/52  lifetime_outcomes={'won': 8, 'stalled': 95, 'truncated': 298, 'other': 0}  rss= 1656.6MB  (1288s)
step   189000/400000  eps=0.102  episodes=  403  mean_return= 79.000  mean_loss= 0.27951  mean_foundation=  9.5/52  lifetime_outcomes={'won': 8, 'stalled': 95, 'truncated': 300, 'other': 0}  rss= 1656.6MB  (1291s)
step   190000/400000  eps=0.098  episodes=  405  mean_return= 92.531  mean_loss= 0.27797  mean_foundation= 13.0/52  lifetime_outcomes={'won': 8, 'stalled': 96, 'truncated': 301, 'other': 0}  rss= 1656.6MB  (1294s)
  EVAL  step   190000  win_rate=0.00%  mean_return= 27.831  mean_foundation=  3.3/52  mean_length=478.9  (greedy, 100 fixed deals)
step   191000/400000  eps=0.093  episodes=  407  mean_return= 60.000  mean_loss= 0.27482  mean_foundation= 10.5/52  lifetime_outcomes={'won': 8, 'stalled': 96, 'truncated': 303, 'other': 0}  rss= 1656.6MB  (1338s)
step   192000/400000  eps=0.088  episodes=  409  mean_return= 28.000  mean_loss= 0.28517  mean_foundation=  6.0/52  lifetime_outcomes={'won': 8, 'stalled': 96, 'truncated': 305, 'other': 0}  rss= 1656.6MB  (1341s)
step   193000/400000  eps=0.083  episodes=  411  mean_return= 46.000  mean_loss= 0.27015  mean_foundation=  4.0/52  lifetime_outcomes={'won': 8, 'stalled': 96, 'truncated': 307, 'other': 0}  rss= 1656.6MB  (1345s)
step   194000/400000  eps=0.079  episodes=  413  mean_return= 56.528  mean_loss= 0.26280  mean_foundation=  9.5/52  lifetime_outcomes={'won': 8, 'stalled': 97, 'truncated': 308, 'other': 0}  rss= 1656.6MB  (1348s)
step   195000/400000  eps=0.074  episodes=  416  mean_return= 62.309  mean_loss= 0.25479  mean_foundation= 14.3/52  lifetime_outcomes={'won': 8, 'stalled': 98, 'truncated': 310, 'other': 0}  rss= 1656.6MB  (1351s)
step   196000/400000  eps=0.069  episodes=  418  mean_return= 38.000  mean_loss= 0.25445  mean_foundation=  6.0/52  lifetime_outcomes={'won': 8, 'stalled': 98, 'truncated': 312, 'other': 0}  rss= 1656.6MB  (1354s)
step   197000/400000  eps=0.064  episodes=  420  mean_return= 48.500  mean_loss= 0.25048  mean_foundation=  1.5/52  lifetime_outcomes={'won': 8, 'stalled': 98, 'truncated': 314, 'other': 0}  rss= 1656.6MB  (1358s)
step   198000/400000  eps=0.059  episodes=  422  mean_return= 66.500  mean_loss= 0.25022  mean_foundation=  9.5/52  lifetime_outcomes={'won': 8, 'stalled': 98, 'truncated': 316, 'other': 0}  rss= 1656.6MB  (1361s)
step   199000/400000  eps=0.055  episodes=  424  mean_return= 28.500  mean_loss= 0.24913  mean_foundation=  1.5/52  lifetime_outcomes={'won': 8, 'stalled': 98, 'truncated': 318, 'other': 0}  rss= 1656.6MB  (1364s)
step   200000/400000  eps=0.050  episodes=  426  mean_return= 50.000  mean_loss= 0.24964  mean_foundation=  8.0/52  lifetime_outcomes={'won': 8, 'stalled': 98, 'truncated': 320, 'other': 0}  rss= 1656.6MB  (1367s)
  EVAL  step   200000  win_rate=0.00%  mean_return= 27.465  mean_foundation=  3.7/52  mean_length=435.4  (greedy, 100 fixed deals)
step   201000/400000  eps=0.050  episodes=  429  mean_return= 56.311  mean_loss= 0.24468  mean_foundation= 11.7/52  lifetime_outcomes={'won': 8, 'stalled': 99, 'truncated': 322, 'other': 0}  rss= 1656.6MB  (1409s)
step   202000/400000  eps=0.050  episodes=  432  mean_return= 66.320  mean_loss= 0.24126  mean_foundation= 18.3/52  lifetime_outcomes={'won': 8, 'stalled': 101, 'truncated': 323, 'other': 0}  rss= 1656.6MB  (1412s)
step   203000/400000  eps=0.050  episodes=  435  mean_return= 42.587  mean_loss= 0.23545  mean_foundation=  4.7/52  lifetime_outcomes={'won': 8, 'stalled': 102, 'truncated': 325, 'other': 0}  rss= 1656.6MB  (1416s)
step   204000/400000  eps=0.050  episodes=  437  mean_return= 29.216  mean_loss= 0.22934  mean_foundation=  4.5/52  lifetime_outcomes={'won': 8, 'stalled': 103, 'truncated': 326, 'other': 0}  rss= 1656.6MB  (1419s)
step   205000/400000  eps=0.050  episodes=  440  mean_return= 20.646  mean_loss= 0.23205  mean_foundation=  2.7/52  lifetime_outcomes={'won': 8, 'stalled': 104, 'truncated': 328, 'other': 0}  rss= 1656.6MB  (1423s)
step   206000/400000  eps=0.050  episodes=  444  mean_return= 35.961  mean_loss= 0.22349  mean_foundation=  6.2/52  lifetime_outcomes={'won': 8, 'stalled': 107, 'truncated': 329, 'other': 0}  rss= 1656.6MB  (1426s)
step   207000/400000  eps=0.050  episodes=  446  mean_return= 42.595  mean_loss= 0.23389  mean_foundation=  8.0/52  lifetime_outcomes={'won': 8, 'stalled': 108, 'truncated': 330, 'other': 0}  rss= 1656.6MB  (1429s)
step   208000/400000  eps=0.050  episodes=  448  mean_return= 25.000  mean_loss= 0.21883  mean_foundation=  3.0/52  lifetime_outcomes={'won': 8, 'stalled': 108, 'truncated': 332, 'other': 0}  rss= 1656.6MB  (1432s)
step   209000/400000  eps=0.050  episodes=  451  mean_return= 28.270  mean_loss= 0.22020  mean_foundation=  5.3/52  lifetime_outcomes={'won': 8, 'stalled': 109, 'truncated': 334, 'other': 0}  rss= 1656.6MB  (1435s)
step   210000/400000  eps=0.050  episodes=  455  mean_return= 37.706  mean_loss= 0.21713  mean_foundation=  5.5/52  lifetime_outcomes={'won': 8, 'stalled': 111, 'truncated': 336, 'other': 0}  rss= 1656.6MB  (1438s)
  EVAL  step   210000  win_rate=0.00%  mean_return= 27.850  mean_foundation=  4.1/52  mean_length=400.6  (greedy, 100 fixed deals)
step   211000/400000  eps=0.050  episodes=  457  mean_return= 41.000  mean_loss= 0.21340  mean_foundation=  6.5/52  lifetime_outcomes={'won': 8, 'stalled': 111, 'truncated': 338, 'other': 0}  rss= 1656.6MB  (1474s)
step   212000/400000  eps=0.050  episodes=  460  mean_return= 52.651  mean_loss= 0.21125  mean_foundation=  8.0/52  lifetime_outcomes={'won': 8, 'stalled': 114, 'truncated': 338, 'other': 0}  rss= 1656.6MB  (1477s)
step   213000/400000  eps=0.050  episodes=  462  mean_return= 57.000  mean_loss= 0.21410  mean_foundation= 10.0/52  lifetime_outcomes={'won': 8, 'stalled': 114, 'truncated': 340, 'other': 0}  rss= 1656.6MB  (1480s)
step   214000/400000  eps=0.050  episodes=  465  mean_return= 84.685  mean_loss= 0.21043  mean_foundation= 13.3/52  lifetime_outcomes={'won': 8, 'stalled': 116, 'truncated': 341, 'other': 0}  rss= 1656.6MB  (1483s)
step   215000/400000  eps=0.050  episodes=  468  mean_return= 38.731  mean_loss= 0.21485  mean_foundation=  5.7/52  lifetime_outcomes={'won': 8, 'stalled': 118, 'truncated': 342, 'other': 0}  rss= 1656.6MB  (1486s)
step   216000/400000  eps=0.050  episodes=  471  mean_return= 58.708  mean_loss= 0.20086  mean_foundation=  9.0/52  lifetime_outcomes={'won': 8, 'stalled': 120, 'truncated': 343, 'other': 0}  rss= 1656.6MB  (1489s)
step   217000/400000  eps=0.050  episodes=  473  mean_return= 58.000  mean_loss= 0.19849  mean_foundation=  8.0/52  lifetime_outcomes={'won': 8, 'stalled': 120, 'truncated': 345, 'other': 0}  rss= 1656.6MB  (1492s)
step   218000/400000  eps=0.050  episodes=  475  mean_return= 37.507  mean_loss= 0.19717  mean_foundation=  3.0/52  lifetime_outcomes={'won': 8, 'stalled': 121, 'truncated': 346, 'other': 0}  rss= 1656.6MB  (1496s)
step   219000/400000  eps=0.050  episodes=  478  mean_return= 49.644  mean_loss= 0.19367  mean_foundation=  8.3/52  lifetime_outcomes={'won': 8, 'stalled': 122, 'truncated': 348, 'other': 0}  rss= 1656.6MB  (1499s)
step   220000/400000  eps=0.050  episodes=  481  mean_return= 18.342  mean_loss= 0.19196  mean_foundation=  2.0/52  lifetime_outcomes={'won': 8, 'stalled': 124, 'truncated': 349, 'other': 0}  rss= 1656.6MB  (1502s)
  EVAL  step   220000  win_rate=0.00%  mean_return= 26.385  mean_foundation=  4.6/52  mean_length=335.9  (greedy, 100 fixed deals)
step   221000/400000  eps=0.050  episodes=  486  mean_return= 41.969  mean_loss= 0.19788  mean_foundation=  7.2/52  lifetime_outcomes={'won': 8, 'stalled': 128, 'truncated': 350, 'other': 0}  rss= 1656.6MB  (1533s)
step   222000/400000  eps=0.050  episodes=  491  mean_return= 57.574  mean_loss= 0.18807  mean_foundation= 10.8/52  lifetime_outcomes={'won': 8, 'stalled': 133, 'truncated': 350, 'other': 0}  rss= 1656.6MB  (1536s)
step   223000/400000  eps=0.050  episodes=  493  mean_return= 37.003  mean_loss= 0.18331  mean_foundation=  5.0/52  lifetime_outcomes={'won': 8, 'stalled': 134, 'truncated': 351, 'other': 0}  rss= 1656.6MB  (1539s)
step   224000/400000  eps=0.050  episodes=  496  mean_return= 62.426  mean_loss= 0.19000  mean_foundation= 11.0/52  lifetime_outcomes={'won': 8, 'stalled': 137, 'truncated': 351, 'other': 0}  rss= 1656.6MB  (1542s)
step   225000/400000  eps=0.050  episodes=  502  mean_return= 37.118  mean_loss= 0.17884  mean_foundation=  8.2/52  lifetime_outcomes={'won': 8, 'stalled': 141, 'truncated': 353, 'other': 0}  rss= 1656.6MB  (1545s)
step   226000/400000  eps=0.050  episodes=  506  mean_return= 49.555  mean_loss= 0.18107  mean_foundation=  8.5/52  lifetime_outcomes={'won': 8, 'stalled': 144, 'truncated': 354, 'other': 0}  rss= 1656.6MB  (1548s)
step   227000/400000  eps=0.050  episodes=  509  mean_return= 64.271  mean_loss= 0.17061  mean_foundation= 11.3/52  lifetime_outcomes={'won': 8, 'stalled': 145, 'truncated': 356, 'other': 0}  rss= 1656.6MB  (1551s)
step   228000/400000  eps=0.050  episodes=  517  mean_return= 32.247  mean_loss= 0.17833  mean_foundation=  6.1/52  lifetime_outcomes={'won': 8, 'stalled': 153, 'truncated': 356, 'other': 0}  rss= 1656.6MB  (1554s)
step   229000/400000  eps=0.050  episodes=  519  mean_return= 23.041  mean_loss= 0.17410  mean_foundation=  8.5/52  lifetime_outcomes={'won': 8, 'stalled': 154, 'truncated': 357, 'other': 0}  rss= 1656.6MB  (1558s)
step   230000/400000  eps=0.050  episodes=  527  mean_return= 45.991  mean_loss= 0.16636  mean_foundation= 10.5/52  lifetime_outcomes={'won': 8, 'stalled': 162, 'truncated': 357, 'other': 0}  rss= 1656.6MB  (1561s)
  EVAL  step   230000  win_rate=0.00%  mean_return= 23.427  mean_foundation=  5.4/52  mean_length=203.5  (greedy, 100 fixed deals)
step   231000/400000  eps=0.050  episodes=  534  mean_return= 22.578  mean_loss= 0.16868  mean_foundation=  4.9/52  lifetime_outcomes={'won': 8, 'stalled': 168, 'truncated': 358, 'other': 0}  rss= 1656.6MB  (1581s)
step   232000/400000  eps=0.050  episodes=  539  mean_return= 37.411  mean_loss= 0.16268  mean_foundation=  7.6/52  lifetime_outcomes={'won': 8, 'stalled': 172, 'truncated': 359, 'other': 0}  rss= 1656.6MB  (1584s)
step   233000/400000  eps=0.050  episodes=  548  mean_return= 27.214  mean_loss= 0.16721  mean_foundation=  6.2/52  lifetime_outcomes={'won': 8, 'stalled': 180, 'truncated': 360, 'other': 0}  rss= 1656.6MB  (1587s)
step   234000/400000  eps=0.050  episodes=  556  mean_return= 31.622  mean_loss= 0.16232  mean_foundation=  7.4/52  lifetime_outcomes={'won': 8, 'stalled': 188, 'truncated': 360, 'other': 0}  rss= 1656.6MB  (1590s)
step   235000/400000  eps=0.050  episodes=  562  mean_return= 35.167  mean_loss= 0.16350  mean_foundation=  6.2/52  lifetime_outcomes={'won': 8, 'stalled': 193, 'truncated': 361, 'other': 0}  rss= 1656.6MB  (1594s)
step   236000/400000  eps=0.050  episodes=  564  mean_return= 14.500  mean_loss= 0.15572  mean_foundation=  5.0/52  lifetime_outcomes={'won': 8, 'stalled': 193, 'truncated': 363, 'other': 0}  rss= 1656.6MB  (1597s)
step   237000/400000  eps=0.050  episodes=  569  mean_return= 31.688  mean_loss= 0.15472  mean_foundation=  4.8/52  lifetime_outcomes={'won': 8, 'stalled': 198, 'truncated': 363, 'other': 0}  rss= 1656.6MB  (1600s)
step   238000/400000  eps=0.050  episodes=  579  mean_return= 29.974  mean_loss= 0.15675  mean_foundation=  6.6/52  lifetime_outcomes={'won': 8, 'stalled': 207, 'truncated': 364, 'other': 0}  rss= 1656.6MB  (1603s)
step   239000/400000  eps=0.050  episodes=  581  mean_return= 54.000  mean_loss= 0.15629  mean_foundation=  7.0/52  lifetime_outcomes={'won': 8, 'stalled': 207, 'truncated': 366, 'other': 0}  rss= 1656.6MB  (1607s)
step   240000/400000  eps=0.050  episodes=  588  mean_return= 39.978  mean_loss= 0.15235  mean_foundation= 10.1/52  lifetime_outcomes={'won': 8, 'stalled': 214, 'truncated': 366, 'other': 0}  rss= 1656.6MB  (1610s)
  EVAL  step   240000  win_rate=0.00%  mean_return= 20.086  mean_foundation=  5.2/52  mean_length=194.4  (greedy, 100 fixed deals)
step   241000/400000  eps=0.050  episodes=  598  mean_return= 28.805  mean_loss= 0.15038  mean_foundation=  7.4/52  lifetime_outcomes={'won': 8, 'stalled': 224, 'truncated': 366, 'other': 0}  rss= 1656.6MB  (1628s)
step   242000/400000  eps=0.050  episodes=  609  mean_return= 32.372  mean_loss= 0.15334  mean_foundation=  7.9/52  lifetime_outcomes={'won': 8, 'stalled': 235, 'truncated': 366, 'other': 0}  rss= 1656.6MB  (1631s)
step   243000/400000  eps=0.050  episodes=  616  mean_return= 32.281  mean_loss= 0.15394  mean_foundation=  8.1/52  lifetime_outcomes={'won': 8, 'stalled': 241, 'truncated': 367, 'other': 0}  rss= 1656.6MB  (1634s)
step   244000/400000  eps=0.050  episodes=  619  mean_return= 34.317  mean_loss= 0.14770  mean_foundation=  6.3/52  lifetime_outcomes={'won': 8, 'stalled': 242, 'truncated': 369, 'other': 0}  rss= 1656.6MB  (1637s)
step   245000/400000  eps=0.050  episodes=  629  mean_return= 30.403  mean_loss= 0.14853  mean_foundation=  6.5/52  lifetime_outcomes={'won': 8, 'stalled': 252, 'truncated': 369, 'other': 0}  rss= 1656.6MB  (1641s)
step   246000/400000  eps=0.050  episodes=  635  mean_return= 35.167  mean_loss= 0.14183  mean_foundation=  7.8/52  lifetime_outcomes={'won': 8, 'stalled': 257, 'truncated': 370, 'other': 0}  rss= 1656.6MB  (1644s)
step   247000/400000  eps=0.050  episodes=  643  mean_return= 24.374  mean_loss= 0.14647  mean_foundation=  6.4/52  lifetime_outcomes={'won': 8, 'stalled': 264, 'truncated': 371, 'other': 0}  rss= 1656.6MB  (1647s)
step   248000/400000  eps=0.050  episodes=  654  mean_return= 20.379  mean_loss= 0.14459  mean_foundation=  6.4/52  lifetime_outcomes={'won': 8, 'stalled': 275, 'truncated': 371, 'other': 0}  rss= 1656.6MB  (1650s)
step   249000/400000  eps=0.050  episodes=  664  mean_return= 25.082  mean_loss= 0.14428  mean_foundation=  5.7/52  lifetime_outcomes={'won': 8, 'stalled': 285, 'truncated': 371, 'other': 0}  rss= 1656.6MB  (1653s)
step   250000/400000  eps=0.050  episodes=  672  mean_return= 28.501  mean_loss= 0.13779  mean_foundation=  9.9/52  lifetime_outcomes={'won': 8, 'stalled': 292, 'truncated': 372, 'other': 0}  rss= 1656.6MB  (1656s)
  EVAL  step   250000  win_rate=0.00%  mean_return= 16.020  mean_foundation=  6.4/52  mean_length= 91.0  (greedy, 100 fixed deals)
step   251000/400000  eps=0.050  episodes=  684  mean_return= 23.751  mean_loss= 0.14424  mean_foundation=  5.9/52  lifetime_outcomes={'won': 8, 'stalled': 304, 'truncated': 372, 'other': 0}  rss= 1659.0MB  (1666s)
step   252000/400000  eps=0.050  episodes=  696  mean_return= 28.084  mean_loss= 0.13711  mean_foundation=  8.1/52  lifetime_outcomes={'won': 8, 'stalled': 316, 'truncated': 372, 'other': 0}  rss= 1659.0MB  (1669s)
step   253000/400000  eps=0.050  episodes=  709  mean_return= 26.158  mean_loss= 0.13936  mean_foundation=  7.0/52  lifetime_outcomes={'won': 8, 'stalled': 329, 'truncated': 372, 'other': 0}  rss= 1659.0MB  (1672s)
step   254000/400000  eps=0.050  episodes=  723  mean_return= 24.430  mean_loss= 0.13740  mean_foundation=  8.1/52  lifetime_outcomes={'won': 8, 'stalled': 343, 'truncated': 372, 'other': 0}  rss= 1659.0MB  (1674s)
step   255000/400000  eps=0.050  episodes=  740  mean_return= 19.410  mean_loss= 0.13553  mean_foundation=  6.1/52  lifetime_outcomes={'won': 8, 'stalled': 360, 'truncated': 372, 'other': 0}  rss= 1659.0MB  (1677s)
step   256000/400000  eps=0.050  episodes=  750  mean_return= 15.037  mean_loss= 0.13052  mean_foundation=  5.6/52  lifetime_outcomes={'won': 8, 'stalled': 370, 'truncated': 372, 'other': 0}  rss= 1659.0MB  (1680s)
step   257000/400000  eps=0.050  episodes=  762  mean_return= 24.143  mean_loss= 0.13240  mean_foundation=  6.3/52  lifetime_outcomes={'won': 8, 'stalled': 381, 'truncated': 373, 'other': 0}  rss= 1659.0MB  (1683s)
step   258000/400000  eps=0.050  episodes=  776  mean_return= 26.355  mean_loss= 0.13277  mean_foundation=  8.9/52  lifetime_outcomes={'won': 8, 'stalled': 395, 'truncated': 373, 'other': 0}  rss= 1659.0MB  (1686s)
step   259000/400000  eps=0.050  episodes=  789  mean_return= 20.546  mean_loss= 0.12926  mean_foundation=  6.8/52  lifetime_outcomes={'won': 8, 'stalled': 408, 'truncated': 373, 'other': 0}  rss= 1659.0MB  (1689s)
step   260000/400000  eps=0.050  episodes=  803  mean_return= 14.427  mean_loss= 0.12642  mean_foundation=  5.2/52  lifetime_outcomes={'won': 8, 'stalled': 422, 'truncated': 373, 'other': 0}  rss= 1659.0MB  (1692s)
  EVAL  step   260000  win_rate=0.00%  mean_return=  9.500  mean_foundation=  5.0/52  mean_length= 61.1  (greedy, 100 fixed deals)
step   261000/400000  eps=0.050  episodes=  817  mean_return= 24.068  mean_loss= 0.12398  mean_foundation=  6.6/52  lifetime_outcomes={'won': 8, 'stalled': 436, 'truncated': 373, 'other': 0}  rss= 1659.2MB  (1699s)
step   262000/400000  eps=0.050  episodes=  834  mean_return= 14.177  mean_loss= 0.13247  mean_foundation=  5.4/52  lifetime_outcomes={'won': 8, 'stalled': 453, 'truncated': 373, 'other': 0}  rss= 1659.2MB  (1702s)
step   263000/400000  eps=0.050  episodes=  849  mean_return= 12.801  mean_loss= 0.12639  mean_foundation=  5.2/52  lifetime_outcomes={'won': 8, 'stalled': 468, 'truncated': 373, 'other': 0}  rss= 1659.2MB  (1705s)
step   264000/400000  eps=0.050  episodes=  863  mean_return= 18.292  mean_loss= 0.12573  mean_foundation=  6.2/52  lifetime_outcomes={'won': 8, 'stalled': 482, 'truncated': 373, 'other': 0}  rss= 1659.2MB  (1709s)
step   265000/400000  eps=0.050  episodes=  879  mean_return= 13.873  mean_loss= 0.12418  mean_foundation=  5.0/52  lifetime_outcomes={'won': 8, 'stalled': 498, 'truncated': 373, 'other': 0}  rss= 1659.2MB  (1712s)
step   266000/400000  eps=0.050  episodes=  895  mean_return= 15.125  mean_loss= 0.12764  mean_foundation=  5.1/52  lifetime_outcomes={'won': 8, 'stalled': 514, 'truncated': 373, 'other': 0}  rss= 1659.2MB  (1715s)
step   267000/400000  eps=0.050  episodes=  912  mean_return= 13.531  mean_loss= 0.12440  mean_foundation=  4.9/52  lifetime_outcomes={'won': 8, 'stalled': 531, 'truncated': 373, 'other': 0}  rss= 1659.2MB  (1718s)
step   268000/400000  eps=0.050  episodes=  925  mean_return= 19.694  mean_loss= 0.12214  mean_foundation=  6.7/52  lifetime_outcomes={'won': 8, 'stalled': 544, 'truncated': 373, 'other': 0}  rss= 1659.2MB  (1722s)
step   269000/400000  eps=0.050  episodes=  937  mean_return= 16.916  mean_loss= 0.13013  mean_foundation=  5.2/52  lifetime_outcomes={'won': 8, 'stalled': 556, 'truncated': 373, 'other': 0}  rss= 1659.2MB  (1725s)
step   270000/400000  eps=0.050  episodes=  949  mean_return= 16.171  mean_loss= 0.12211  mean_foundation=  5.8/52  lifetime_outcomes={'won': 8, 'stalled': 568, 'truncated': 373, 'other': 0}  rss= 1659.2MB  (1728s)
  EVAL  step   270000  win_rate=0.00%  mean_return=  9.368  mean_foundation=  5.0/52  mean_length= 52.7  (greedy, 100 fixed deals)
step   271000/400000  eps=0.050  episodes=  967  mean_return= 14.779  mean_loss= 0.12804  mean_foundation=  5.6/52  lifetime_outcomes={'won': 8, 'stalled': 586, 'truncated': 373, 'other': 0}  rss= 1659.2MB  (1735s)
step   272000/400000  eps=0.050  episodes=  982  mean_return= 17.998  mean_loss= 0.13325  mean_foundation=  5.0/52  lifetime_outcomes={'won': 8, 'stalled': 601, 'truncated': 373, 'other': 0}  rss= 1659.2MB  (1738s)
step   273000/400000  eps=0.050  episodes=  997  mean_return= 21.267  mean_loss= 0.13150  mean_foundation=  7.0/52  lifetime_outcomes={'won': 8, 'stalled': 616, 'truncated': 373, 'other': 0}  rss= 1659.2MB  (1741s)
step   274000/400000  eps=0.050  episodes= 1011  mean_return= 16.647  mean_loss= 0.13121  mean_foundation=  4.9/52  lifetime_outcomes={'won': 8, 'stalled': 630, 'truncated': 373, 'other': 0}  rss= 1659.2MB  (1744s)
step   275000/400000  eps=0.050  episodes= 1025  mean_return= 17.785  mean_loss= 0.13464  mean_foundation=  6.4/52  lifetime_outcomes={'won': 8, 'stalled': 644, 'truncated': 373, 'other': 0}  rss= 1659.2MB  (1747s)
step   276000/400000  eps=0.050  episodes= 1039  mean_return= 18.144  mean_loss= 0.13757  mean_foundation=  7.1/52  lifetime_outcomes={'won': 8, 'stalled': 658, 'truncated': 373, 'other': 0}  rss= 1659.2MB  (1751s)
step   277000/400000  eps=0.050  episodes= 1052  mean_return= 21.772  mean_loss= 0.13093  mean_foundation=  6.8/52  lifetime_outcomes={'won': 8, 'stalled': 671, 'truncated': 373, 'other': 0}  rss= 1659.2MB  (1755s)
step   278000/400000  eps=0.050  episodes= 1068  mean_return= 14.376  mean_loss= 0.13883  mean_foundation=  5.4/52  lifetime_outcomes={'won': 8, 'stalled': 687, 'truncated': 373, 'other': 0}  rss= 1659.2MB  (1758s)
step   279000/400000  eps=0.050  episodes= 1081  mean_return= 20.463  mean_loss= 0.14399  mean_foundation=  5.9/52  lifetime_outcomes={'won': 8, 'stalled': 700, 'truncated': 373, 'other': 0}  rss= 1659.2MB  (1762s)
step   280000/400000  eps=0.050  episodes= 1088  mean_return= 31.714  mean_loss= 0.14583  mean_foundation=  7.6/52  lifetime_outcomes={'won': 8, 'stalled': 706, 'truncated': 374, 'other': 0}  rss= 1659.2MB  (1765s)
  EVAL  step   280000  win_rate=0.00%  mean_return= 11.886  mean_foundation=  5.6/52  mean_length= 55.1  (greedy, 100 fixed deals)
step   281000/400000  eps=0.050  episodes= 1104  mean_return= 16.251  mean_loss= 0.14131  mean_foundation=  5.4/52  lifetime_outcomes={'won': 8, 'stalled': 722, 'truncated': 374, 'other': 0}  rss= 1659.2MB  (1774s)
step   282000/400000  eps=0.050  episodes= 1117  mean_return= 25.079  mean_loss= 0.13763  mean_foundation=  7.1/52  lifetime_outcomes={'won': 8, 'stalled': 735, 'truncated': 374, 'other': 0}  rss= 1659.2MB  (1778s)
step   283000/400000  eps=0.050  episodes= 1132  mean_return= 17.998  mean_loss= 0.14452  mean_foundation=  6.1/52  lifetime_outcomes={'won': 8, 'stalled': 750, 'truncated': 374, 'other': 0}  rss= 1659.2MB  (1781s)
step   284000/400000  eps=0.050  episodes= 1146  mean_return= 19.142  mean_loss= 0.14824  mean_foundation=  5.9/52  lifetime_outcomes={'won': 8, 'stalled': 764, 'truncated': 374, 'other': 0}  rss= 1659.2MB  (1785s)
step   285000/400000  eps=0.050  episodes= 1164  mean_return= 12.393  mean_loss= 0.14757  mean_foundation=  3.8/52  lifetime_outcomes={'won': 8, 'stalled': 782, 'truncated': 374, 'other': 0}  rss= 1659.2MB  (1788s)
step   286000/400000  eps=0.050  episodes= 1177  mean_return= 24.079  mean_loss= 0.14361  mean_foundation=  8.8/52  lifetime_outcomes={'won': 8, 'stalled': 795, 'truncated': 374, 'other': 0}  rss= 1659.2MB  (1791s)
step   287000/400000  eps=0.050  episodes= 1190  mean_return= 18.085  mean_loss= 0.16038  mean_foundation=  5.8/52  lifetime_outcomes={'won': 8, 'stalled': 808, 'truncated': 374, 'other': 0}  rss= 1659.2MB  (1794s)
step   288000/400000  eps=0.050  episodes= 1200  mean_return= 35.884  mean_loss= 0.16058  mean_foundation=  9.8/52  lifetime_outcomes={'won': 8, 'stalled': 818, 'truncated': 374, 'other': 0}  rss= 1659.2MB  (1798s)
step   289000/400000  eps=0.050  episodes= 1214  mean_return= 14.574  mean_loss= 0.15659  mean_foundation=  5.3/52  lifetime_outcomes={'won': 8, 'stalled': 832, 'truncated': 374, 'other': 0}  rss= 1659.2MB  (1801s)
step   290000/400000  eps=0.050  episodes= 1227  mean_return= 26.386  mean_loss= 0.17130  mean_foundation=  7.5/52  lifetime_outcomes={'won': 8, 'stalled': 845, 'truncated': 374, 'other': 0}  rss= 1659.2MB  (1804s)
  EVAL  step   290000  win_rate=0.00%  mean_return= 15.722  mean_foundation=  6.1/52  mean_length= 59.5  (greedy, 100 fixed deals)
step   291000/400000  eps=0.050  episodes= 1240  mean_return= 25.387  mean_loss= 0.17367  mean_foundation=  7.3/52  lifetime_outcomes={'won': 8, 'stalled': 858, 'truncated': 374, 'other': 0}  rss= 1659.2MB  (1812s)
step   292000/400000  eps=0.050  episodes= 1249  mean_return= 23.126  mean_loss= 0.17232  mean_foundation=  6.0/52  lifetime_outcomes={'won': 8, 'stalled': 867, 'truncated': 374, 'other': 0}  rss= 1659.2MB  (1815s)
step   293000/400000  eps=0.050  episodes= 1257  mean_return= 37.360  mean_loss= 0.17529  mean_foundation=  8.8/52  lifetime_outcomes={'won': 8, 'stalled': 874, 'truncated': 375, 'other': 0}  rss= 1659.2MB  (1818s)
step   294000/400000  eps=0.050  episodes= 1264  mean_return= 33.138  mean_loss= 0.18761  mean_foundation=  8.1/52  lifetime_outcomes={'won': 8, 'stalled': 880, 'truncated': 376, 'other': 0}  rss= 1659.2MB  (1822s)
step   295000/400000  eps=0.050  episodes= 1272  mean_return= 15.007  mean_loss= 0.19008  mean_foundation=  4.4/52  lifetime_outcomes={'won': 8, 'stalled': 887, 'truncated': 377, 'other': 0}  rss= 1659.2MB  (1825s)
step   296000/400000  eps=0.050  episodes= 1277  mean_return= 39.206  mean_loss= 0.18285  mean_foundation= 10.2/52  lifetime_outcomes={'won': 8, 'stalled': 891, 'truncated': 378, 'other': 0}  rss= 1659.2MB  (1828s)
step   297000/400000  eps=0.050  episodes= 1286  mean_return= 27.887  mean_loss= 0.19256  mean_foundation=  5.8/52  lifetime_outcomes={'won': 8, 'stalled': 900, 'truncated': 378, 'other': 0}  rss= 1659.2MB  (1831s)
step   298000/400000  eps=0.050  episodes= 1292  mean_return= 47.509  mean_loss= 0.20042  mean_foundation= 11.8/52  lifetime_outcomes={'won': 8, 'stalled': 905, 'truncated': 379, 'other': 0}  rss= 1659.2MB  (1834s)
step   299000/400000  eps=0.050  episodes= 1299  mean_return= 44.275  mean_loss= 0.19973  mean_foundation= 12.3/52  lifetime_outcomes={'won': 8, 'stalled': 911, 'truncated': 380, 'other': 0}  rss= 1659.2MB  (1837s)
step   300000/400000  eps=0.050  episodes= 1308  mean_return= 19.223  mean_loss= 0.20239  mean_foundation=  5.4/52  lifetime_outcomes={'won': 8, 'stalled': 919, 'truncated': 381, 'other': 0}  rss= 1659.2MB  (1841s)
  EVAL  step   300000  win_rate=0.00%  mean_return= 20.687  mean_foundation=  6.6/52  mean_length=113.8  (greedy, 100 fixed deals)
step   301000/400000  eps=0.050  episodes= 1318  mean_return= 28.105  mean_loss= 0.21051  mean_foundation=  6.7/52  lifetime_outcomes={'won': 8, 'stalled': 929, 'truncated': 381, 'other': 0}  rss= 1659.2MB  (1853s)
step   302000/400000  eps=0.050  episodes= 1325  mean_return= 25.429  mean_loss= 0.20797  mean_foundation=  6.9/52  lifetime_outcomes={'won': 8, 'stalled': 935, 'truncated': 382, 'other': 0}  rss= 1659.2MB  (1856s)
step   303000/400000  eps=0.050  episodes= 1332  mean_return= 41.860  mean_loss= 0.20003  mean_foundation=  7.7/52  lifetime_outcomes={'won': 8, 'stalled': 942, 'truncated': 382, 'other': 0}  rss= 1659.2MB  (1859s)
step   304000/400000  eps=0.050  episodes= 1338  mean_return= 20.198  mean_loss= 0.20945  mean_foundation=  3.7/52  lifetime_outcomes={'won': 8, 'stalled': 947, 'truncated': 383, 'other': 0}  rss= 1659.2MB  (1863s)
step   305000/400000  eps=0.050  episodes= 1344  mean_return= 31.365  mean_loss= 0.23214  mean_foundation=  6.5/52  lifetime_outcomes={'won': 8, 'stalled': 952, 'truncated': 384, 'other': 0}  rss= 1659.2MB  (1866s)
step   306000/400000  eps=0.050  episodes= 1348  mean_return= 31.224  mean_loss= 0.23068  mean_foundation=  9.0/52  lifetime_outcomes={'won': 8, 'stalled': 954, 'truncated': 386, 'other': 0}  rss= 1659.2MB  (1869s)
step   307000/400000  eps=0.050  episodes= 1356  mean_return= 27.336  mean_loss= 0.23035  mean_foundation=  6.9/52  lifetime_outcomes={'won': 8, 'stalled': 962, 'truncated': 386, 'other': 0}  rss= 1659.2MB  (1872s)
step   308000/400000  eps=0.050  episodes= 1367  mean_return= 25.004  mean_loss= 0.23785  mean_foundation=  6.0/52  lifetime_outcomes={'won': 8, 'stalled': 973, 'truncated': 386, 'other': 0}  rss= 1659.2MB  (1875s)
step   309000/400000  eps=0.050  episodes= 1372  mean_return= 17.856  mean_loss= 0.23650  mean_foundation=  6.0/52  lifetime_outcomes={'won': 8, 'stalled': 977, 'truncated': 387, 'other': 0}  rss= 1659.2MB  (1878s)
step   310000/400000  eps=0.050  episodes= 1378  mean_return= 31.118  mean_loss= 0.24745  mean_foundation=  7.2/52  lifetime_outcomes={'won': 8, 'stalled': 981, 'truncated': 389, 'other': 0}  rss= 1659.2MB  (1881s)
  EVAL  step   310000  win_rate=0.00%  mean_return= 20.549  mean_foundation=  7.0/52  mean_length= 91.4  (greedy, 100 fixed deals)
step   311000/400000  eps=0.050  episodes= 1384  mean_return= 26.529  mean_loss= 0.24520  mean_foundation=  6.7/52  lifetime_outcomes={'won': 8, 'stalled': 986, 'truncated': 390, 'other': 0}  rss= 1659.2MB  (1892s)
step   312000/400000  eps=0.050  episodes= 1389  mean_return= 48.966  mean_loss= 0.24007  mean_foundation=  9.2/52  lifetime_outcomes={'won': 8, 'stalled': 989, 'truncated': 392, 'other': 0}  rss= 1659.2MB  (1895s)
step   313000/400000  eps=0.050  episodes= 1401  mean_return= 26.589  mean_loss= 0.26674  mean_foundation=  7.1/52  lifetime_outcomes={'won': 8, 'stalled': 1001, 'truncated': 392, 'other': 0}  rss= 1659.2MB  (1898s)
step   314000/400000  eps=0.050  episodes= 1407  mean_return= 27.843  mean_loss= 0.24383  mean_foundation=  7.2/52  lifetime_outcomes={'won': 8, 'stalled': 1006, 'truncated': 393, 'other': 0}  rss= 1659.2MB  (1901s)
step   315000/400000  eps=0.050  episodes= 1413  mean_return= 34.679  mean_loss= 0.26704  mean_foundation=  9.0/52  lifetime_outcomes={'won': 8, 'stalled': 1011, 'truncated': 394, 'other': 0}  rss= 1659.2MB  (1904s)
step   316000/400000  eps=0.050  episodes= 1420  mean_return= 37.583  mean_loss= 0.25533  mean_foundation= 12.0/52  lifetime_outcomes={'won': 9, 'stalled': 1017, 'truncated': 394, 'other': 0}  rss= 1659.2MB  (1907s)
step   317000/400000  eps=0.050  episodes= 1426  mean_return= 36.628  mean_loss= 0.26388  mean_foundation=  6.8/52  lifetime_outcomes={'won': 9, 'stalled': 1021, 'truncated': 396, 'other': 0}  rss= 1659.2MB  (1910s)
step   318000/400000  eps=0.050  episodes= 1435  mean_return= 28.110  mean_loss= 0.28102  mean_foundation=  9.3/52  lifetime_outcomes={'won': 9, 'stalled': 1030, 'truncated': 396, 'other': 0}  rss= 1659.2MB  (1913s)
step   319000/400000  eps=0.050  episodes= 1443  mean_return= 41.248  mean_loss= 0.26790  mean_foundation=  8.1/52  lifetime_outcomes={'won': 9, 'stalled': 1037, 'truncated': 397, 'other': 0}  rss= 1659.2MB  (1916s)
step   320000/400000  eps=0.050  episodes= 1448  mean_return= 19.858  mean_loss= 0.26611  mean_foundation=  7.0/52  lifetime_outcomes={'won': 9, 'stalled': 1041, 'truncated': 398, 'other': 0}  rss= 1659.2MB  (1919s)
  EVAL  step   320000  win_rate=0.00%  mean_return= 19.431  mean_foundation=  6.9/52  mean_length= 99.8  (greedy, 100 fixed deals)
step   321000/400000  eps=0.050  episodes= 1454  mean_return= 36.290  mean_loss= 0.26440  mean_foundation=  9.0/52  lifetime_outcomes={'won': 9, 'stalled': 1045, 'truncated': 400, 'other': 0}  rss= 1661.3MB  (1929s)
step   322000/400000  eps=0.050  episodes= 1456  mean_return= 30.224  mean_loss= 0.28236  mean_foundation=  5.5/52  lifetime_outcomes={'won': 9, 'stalled': 1046, 'truncated': 401, 'other': 0}  rss= 1661.3MB  (1932s)
step   323000/400000  eps=0.050  episodes= 1465  mean_return= 23.730  mean_loss= 0.28171  mean_foundation=  7.2/52  lifetime_outcomes={'won': 9, 'stalled': 1053, 'truncated': 403, 'other': 0}  rss= 1661.3MB  (1935s)
step   324000/400000  eps=0.050  episodes= 1474  mean_return= 20.665  mean_loss= 0.29567  mean_foundation=  6.3/52  lifetime_outcomes={'won': 9, 'stalled': 1061, 'truncated': 404, 'other': 0}  rss= 1661.3MB  (1938s)
step   325000/400000  eps=0.050  episodes= 1481  mean_return= 25.860  mean_loss= 0.30705  mean_foundation=  7.4/52  lifetime_outcomes={'won': 9, 'stalled': 1067, 'truncated': 405, 'other': 0}  rss= 1661.3MB  (1941s)
step   326000/400000  eps=0.050  episodes= 1487  mean_return= 36.201  mean_loss= 0.29755  mean_foundation= 10.5/52  lifetime_outcomes={'won': 9, 'stalled': 1073, 'truncated': 405, 'other': 0}  rss= 1661.3MB  (1945s)
step   327000/400000  eps=0.050  episodes= 1490  mean_return= 46.650  mean_loss= 0.30773  mean_foundation= 10.3/52  lifetime_outcomes={'won': 9, 'stalled': 1074, 'truncated': 407, 'other': 0}  rss= 1661.3MB  (1948s)
step   328000/400000  eps=0.050  episodes= 1492  mean_return= 27.000  mean_loss= 0.30499  mean_foundation=  7.5/52  lifetime_outcomes={'won': 9, 'stalled': 1074, 'truncated': 409, 'other': 0}  rss= 1661.3MB  (1951s)
step   329000/400000  eps=0.050  episodes= 1502  mean_return= 33.489  mean_loss= 0.29044  mean_foundation=  8.1/52  lifetime_outcomes={'won': 9, 'stalled': 1084, 'truncated': 409, 'other': 0}  rss= 1661.3MB  (1954s)
step   330000/400000  eps=0.050  episodes= 1508  mean_return= 43.530  mean_loss= 0.28681  mean_foundation= 11.2/52  lifetime_outcomes={'won': 9, 'stalled': 1089, 'truncated': 410, 'other': 0}  rss= 1661.3MB  (1958s)
  EVAL  step   330000  win_rate=0.00%  mean_return= 20.131  mean_foundation=  6.7/52  mean_length=100.2  (greedy, 100 fixed deals)
step   331000/400000  eps=0.050  episodes= 1513  mean_return= 32.225  mean_loss= 0.28975  mean_foundation= 11.2/52  lifetime_outcomes={'won': 9, 'stalled': 1093, 'truncated': 411, 'other': 0}  rss= 1661.3MB  (1969s)
step   332000/400000  eps=0.050  episodes= 1523  mean_return= 19.902  mean_loss= 0.29658  mean_foundation=  5.5/52  lifetime_outcomes={'won': 9, 'stalled': 1102, 'truncated': 412, 'other': 0}  rss= 1661.3MB  (1972s)
step   333000/400000  eps=0.050  episodes= 1531  mean_return= 28.331  mean_loss= 0.30262  mean_foundation=  6.6/52  lifetime_outcomes={'won': 9, 'stalled': 1109, 'truncated': 413, 'other': 0}  rss= 1661.3MB  (1975s)
step   334000/400000  eps=0.050  episodes= 1535  mean_return= 44.072  mean_loss= 0.27359  mean_foundation= 12.8/52  lifetime_outcomes={'won': 9, 'stalled': 1112, 'truncated': 414, 'other': 0}  rss= 1661.3MB  (1979s)
step   335000/400000  eps=0.050  episodes= 1539  mean_return= 41.713  mean_loss= 0.27800  mean_foundation= 10.8/52  lifetime_outcomes={'won': 9, 'stalled': 1114, 'truncated': 416, 'other': 0}  rss= 1661.3MB  (1982s)
step   336000/400000  eps=0.050  episodes= 1546  mean_return= 31.414  mean_loss= 0.28801  mean_foundation=  8.0/52  lifetime_outcomes={'won': 9, 'stalled': 1120, 'truncated': 417, 'other': 0}  rss= 1661.3MB  (1985s)
step   337000/400000  eps=0.050  episodes= 1552  mean_return= 17.867  mean_loss= 0.29272  mean_foundation=  4.7/52  lifetime_outcomes={'won': 9, 'stalled': 1125, 'truncated': 418, 'other': 0}  rss= 1661.3MB  (1988s)
step   338000/400000  eps=0.050  episodes= 1559  mean_return= 32.118  mean_loss= 0.26986  mean_foundation=  5.9/52  lifetime_outcomes={'won': 9, 'stalled': 1131, 'truncated': 419, 'other': 0}  rss= 1661.3MB  (1991s)
step   339000/400000  eps=0.050  episodes= 1569  mean_return= 37.319  mean_loss= 0.27467  mean_foundation= 10.4/52  lifetime_outcomes={'won': 9, 'stalled': 1141, 'truncated': 419, 'other': 0}  rss= 1661.3MB  (1995s)
step   340000/400000  eps=0.050  episodes= 1575  mean_return= 22.503  mean_loss= 0.27989  mean_foundation=  6.0/52  lifetime_outcomes={'won': 9, 'stalled': 1146, 'truncated': 420, 'other': 0}  rss= 1661.3MB  (1998s)
  EVAL  step   340000  win_rate=0.00%  mean_return= 21.556  mean_foundation=  6.6/52  mean_length=115.0  (greedy, 100 fixed deals)
step   341000/400000  eps=0.050  episodes= 1582  mean_return= 36.693  mean_loss= 0.28661  mean_foundation=  6.9/52  lifetime_outcomes={'won': 9, 'stalled': 1152, 'truncated': 421, 'other': 0}  rss= 1661.3MB  (2010s)
step   342000/400000  eps=0.050  episodes= 1585  mean_return= 41.778  mean_loss= 0.27957  mean_foundation= 10.3/52  lifetime_outcomes={'won': 9, 'stalled': 1155, 'truncated': 421, 'other': 0}  rss= 1661.3MB  (2014s)
step   343000/400000  eps=0.050  episodes= 1594  mean_return= 49.653  mean_loss= 0.28792  mean_foundation= 13.1/52  lifetime_outcomes={'won': 9, 'stalled': 1164, 'truncated': 421, 'other': 0}  rss= 1661.3MB  (2017s)
step   344000/400000  eps=0.050  episodes= 1602  mean_return= 33.846  mean_loss= 0.26329  mean_foundation=  8.4/52  lifetime_outcomes={'won': 9, 'stalled': 1171, 'truncated': 422, 'other': 0}  rss= 1661.3MB  (2020s)
step   345000/400000  eps=0.050  episodes= 1610  mean_return= 33.898  mean_loss= 0.27975  mean_foundation=  7.8/52  lifetime_outcomes={'won': 9, 'stalled': 1179, 'truncated': 422, 'other': 0}  rss= 1661.3MB  (2023s)
step   346000/400000  eps=0.050  episodes= 1622  mean_return= 33.736  mean_loss= 0.27493  mean_foundation=  9.7/52  lifetime_outcomes={'won': 9, 'stalled': 1191, 'truncated': 422, 'other': 0}  rss= 1661.3MB  (2027s)
step   347000/400000  eps=0.050  episodes= 1631  mean_return= 41.469  mean_loss= 0.26778  mean_foundation= 12.1/52  lifetime_outcomes={'won': 9, 'stalled': 1200, 'truncated': 422, 'other': 0}  rss= 1661.3MB  (2030s)
step   348000/400000  eps=0.050  episodes= 1635  mean_return= 24.799  mean_loss= 0.25717  mean_foundation=  6.2/52  lifetime_outcomes={'won': 9, 'stalled': 1203, 'truncated': 423, 'other': 0}  rss= 1661.3MB  (2033s)
step   349000/400000  eps=0.050  episodes= 1642  mean_return= 41.226  mean_loss= 0.24571  mean_foundation= 10.0/52  lifetime_outcomes={'won': 9, 'stalled': 1208, 'truncated': 425, 'other': 0}  rss= 1661.3MB  (2036s)
step   350000/400000  eps=0.050  episodes= 1649  mean_return= 36.430  mean_loss= 0.25014  mean_foundation=  8.7/52  lifetime_outcomes={'won': 9, 'stalled': 1214, 'truncated': 426, 'other': 0}  rss= 1661.3MB  (2039s)
  EVAL  step   350000  win_rate=0.00%  mean_return= 22.458  mean_foundation=  6.4/52  mean_length=152.6  (greedy, 100 fixed deals)
step   351000/400000  eps=0.050  episodes= 1652  mean_return= 25.445  mean_loss= 0.25641  mean_foundation=  7.3/52  lifetime_outcomes={'won': 9, 'stalled': 1216, 'truncated': 427, 'other': 0}  rss= 1661.3MB  (2056s)
step   352000/400000  eps=0.050  episodes= 1659  mean_return= 32.101  mean_loss= 0.24818  mean_foundation=  8.7/52  lifetime_outcomes={'won': 9, 'stalled': 1222, 'truncated': 428, 'other': 0}  rss= 1661.3MB  (2059s)
step   353000/400000  eps=0.050  episodes= 1665  mean_return= 16.992  mean_loss= 0.24256  mean_foundation=  4.7/52  lifetime_outcomes={'won': 9, 'stalled': 1227, 'truncated': 429, 'other': 0}  rss= 1661.3MB  (2062s)
step   354000/400000  eps=0.050  episodes= 1672  mean_return= 24.441  mean_loss= 0.24253  mean_foundation=  6.0/52  lifetime_outcomes={'won': 9, 'stalled': 1233, 'truncated': 430, 'other': 0}  rss= 1661.3MB  (2065s)
step   355000/400000  eps=0.050  episodes= 1679  mean_return= 14.863  mean_loss= 0.23868  mean_foundation=  4.3/52  lifetime_outcomes={'won': 9, 'stalled': 1239, 'truncated': 431, 'other': 0}  rss= 1661.3MB  (2068s)
step   356000/400000  eps=0.050  episodes= 1683  mean_return= 47.462  mean_loss= 0.22703  mean_foundation=  9.0/52  lifetime_outcomes={'won': 9, 'stalled': 1241, 'truncated': 433, 'other': 0}  rss= 1661.3MB  (2072s)
step   357000/400000  eps=0.050  episodes= 1690  mean_return= 28.916  mean_loss= 0.24156  mean_foundation=  9.0/52  lifetime_outcomes={'won': 9, 'stalled': 1248, 'truncated': 433, 'other': 0}  rss= 1661.3MB  (2075s)
step   358000/400000  eps=0.050  episodes= 1698  mean_return= 29.453  mean_loss= 0.22538  mean_foundation=  8.4/52  lifetime_outcomes={'won': 9, 'stalled': 1254, 'truncated': 435, 'other': 0}  rss= 1661.3MB  (2078s)
step   359000/400000  eps=0.050  episodes= 1704  mean_return= 35.184  mean_loss= 0.22953  mean_foundation=  7.8/52  lifetime_outcomes={'won': 9, 'stalled': 1259, 'truncated': 436, 'other': 0}  rss= 1661.3MB  (2081s)
step   360000/400000  eps=0.050  episodes= 1709  mean_return= 17.836  mean_loss= 0.21059  mean_foundation=  5.0/52  lifetime_outcomes={'won': 9, 'stalled': 1263, 'truncated': 437, 'other': 0}  rss= 1661.3MB  (2085s)
  EVAL  step   360000  win_rate=0.00%  mean_return= 22.844  mean_foundation=  6.5/52  mean_length=166.3  (greedy, 100 fixed deals)
step   361000/400000  eps=0.050  episodes= 1713  mean_return= 32.719  mean_loss= 0.22317  mean_foundation=  8.0/52  lifetime_outcomes={'won': 9, 'stalled': 1265, 'truncated': 439, 'other': 0}  rss= 1661.3MB  (2101s)
step   362000/400000  eps=0.050  episodes= 1717  mean_return= 35.974  mean_loss= 0.20578  mean_foundation=  6.2/52  lifetime_outcomes={'won': 9, 'stalled': 1268, 'truncated': 440, 'other': 0}  rss= 1661.3MB  (2104s)
step   363000/400000  eps=0.050  episodes= 1725  mean_return= 27.247  mean_loss= 0.20162  mean_foundation=  6.8/52  lifetime_outcomes={'won': 9, 'stalled': 1275, 'truncated': 441, 'other': 0}  rss= 1661.3MB  (2108s)
step   364000/400000  eps=0.050  episodes= 1732  mean_return= 44.608  mean_loss= 0.20440  mean_foundation= 10.9/52  lifetime_outcomes={'won': 9, 'stalled': 1282, 'truncated': 441, 'other': 0}  rss= 1661.3MB  (2111s)
step   365000/400000  eps=0.050  episodes= 1741  mean_return= 38.974  mean_loss= 0.20110  mean_foundation=  8.0/52  lifetime_outcomes={'won': 9, 'stalled': 1290, 'truncated': 442, 'other': 0}  rss= 1661.3MB  (2114s)
step   366000/400000  eps=0.050  episodes= 1743  mean_return= 39.000  mean_loss= 0.19167  mean_foundation=  7.0/52  lifetime_outcomes={'won': 9, 'stalled': 1290, 'truncated': 444, 'other': 0}  rss= 1661.3MB  (2117s)
step   367000/400000  eps=0.050  episodes= 1748  mean_return= 29.046  mean_loss= 0.19503  mean_foundation=  6.2/52  lifetime_outcomes={'won': 9, 'stalled': 1294, 'truncated': 445, 'other': 0}  rss= 1661.3MB  (2120s)
step   368000/400000  eps=0.050  episodes= 1752  mean_return= 39.731  mean_loss= 0.18055  mean_foundation=  6.2/52  lifetime_outcomes={'won': 9, 'stalled': 1296, 'truncated': 447, 'other': 0}  rss= 1661.3MB  (2123s)
step   369000/400000  eps=0.050  episodes= 1759  mean_return= 29.986  mean_loss= 0.18607  mean_foundation=  7.1/52  lifetime_outcomes={'won': 9, 'stalled': 1302, 'truncated': 448, 'other': 0}  rss= 1661.3MB  (2126s)
step   370000/400000  eps=0.050  episodes= 1762  mean_return= 27.647  mean_loss= 0.17873  mean_foundation=  6.0/52  lifetime_outcomes={'won': 9, 'stalled': 1303, 'truncated': 450, 'other': 0}  rss= 1661.3MB  (2129s)
  EVAL  step   370000  win_rate=0.00%  mean_return= 21.471  mean_foundation=  5.6/52  mean_length=209.7  (greedy, 100 fixed deals)
step   371000/400000  eps=0.050  episodes= 1766  mean_return= 35.823  mean_loss= 0.16432  mean_foundation=  7.0/52  lifetime_outcomes={'won': 9, 'stalled': 1306, 'truncated': 451, 'other': 0}  rss= 1661.3MB  (2149s)
step   372000/400000  eps=0.050  episodes= 1769  mean_return= 52.978  mean_loss= 0.18210  mean_foundation= 11.3/52  lifetime_outcomes={'won': 9, 'stalled': 1307, 'truncated': 453, 'other': 0}  rss= 1661.3MB  (2152s)
step   373000/400000  eps=0.050  episodes= 1771  mean_return= 46.500  mean_loss= 0.17442  mean_foundation=  9.5/52  lifetime_outcomes={'won': 9, 'stalled': 1307, 'truncated': 455, 'other': 0}  rss= 1661.3MB  (2155s)
step   374000/400000  eps=0.050  episodes= 1775  mean_return= 20.717  mean_loss= 0.16095  mean_foundation=  4.8/52  lifetime_outcomes={'won': 9, 'stalled': 1309, 'truncated': 457, 'other': 0}  rss= 1661.3MB  (2158s)
step   375000/400000  eps=0.050  episodes= 1779  mean_return= 27.247  mean_loss= 0.15824  mean_foundation=  3.8/52  lifetime_outcomes={'won': 9, 'stalled': 1312, 'truncated': 458, 'other': 0}  rss= 1661.3MB  (2160s)
step   376000/400000  eps=0.050  episodes= 1784  mean_return= 41.618  mean_loss= 0.16769  mean_foundation=  8.8/52  lifetime_outcomes={'won': 9, 'stalled': 1317, 'truncated': 458, 'other': 0}  rss= 1661.3MB  (2163s)
step   377000/400000  eps=0.050  episodes= 1788  mean_return= 19.208  mean_loss= 0.15534  mean_foundation=  5.8/52  lifetime_outcomes={'won': 9, 'stalled': 1319, 'truncated': 460, 'other': 0}  rss= 1661.3MB  (2166s)
step   378000/400000  eps=0.050  episodes= 1796  mean_return= 24.133  mean_loss= 0.15815  mean_foundation=  5.5/52  lifetime_outcomes={'won': 9, 'stalled': 1326, 'truncated': 461, 'other': 0}  rss= 1661.3MB  (2169s)
step   379000/400000  eps=0.050  episodes= 1798  mean_return= 26.500  mean_loss= 0.15103  mean_foundation=  7.0/52  lifetime_outcomes={'won': 9, 'stalled': 1326, 'truncated': 463, 'other': 0}  rss= 1661.3MB  (2172s)
step   380000/400000  eps=0.050  episodes= 1801  mean_return= 72.105  mean_loss= 0.14537  mean_foundation= 19.0/52  lifetime_outcomes={'won': 9, 'stalled': 1328, 'truncated': 464, 'other': 0}  rss= 1661.3MB  (2175s)
  EVAL  step   380000  win_rate=0.00%  mean_return= 24.267  mean_foundation=  6.0/52  mean_length=233.2  (greedy, 100 fixed deals)
step   381000/400000  eps=0.050  episodes= 1807  mean_return= 37.634  mean_loss= 0.15953  mean_foundation=  9.5/52  lifetime_outcomes={'won': 9, 'stalled': 1333, 'truncated': 465, 'other': 0}  rss= 1661.3MB  (2197s)
step   382000/400000  eps=0.050  episodes= 1810  mean_return= 26.651  mean_loss= 0.14396  mean_foundation=  3.7/52  lifetime_outcomes={'won': 9, 'stalled': 1334, 'truncated': 467, 'other': 0}  rss= 1661.3MB  (2200s)
step   383000/400000  eps=0.050  episodes= 1814  mean_return= 48.734  mean_loss= 0.14483  mean_foundation= 10.0/52  lifetime_outcomes={'won': 9, 'stalled': 1337, 'truncated': 468, 'other': 0}  rss= 1661.3MB  (2203s)
step   384000/400000  eps=0.050  episodes= 1817  mean_return= 38.437  mean_loss= 0.14328  mean_foundation=  8.3/52  lifetime_outcomes={'won': 9, 'stalled': 1339, 'truncated': 469, 'other': 0}  rss= 1661.3MB  (2207s)
step   385000/400000  eps=0.050  episodes= 1821  mean_return= 39.983  mean_loss= 0.14145  mean_foundation=  4.5/52  lifetime_outcomes={'won': 9, 'stalled': 1341, 'truncated': 471, 'other': 0}  rss= 1661.3MB  (2210s)
step   386000/400000  eps=0.050  episodes= 1826  mean_return= 34.573  mean_loss= 0.13890  mean_foundation=  5.4/52  lifetime_outcomes={'won': 9, 'stalled': 1344, 'truncated': 473, 'other': 0}  rss= 1661.3MB  (2213s)
step   387000/400000  eps=0.050  episodes= 1828  mean_return= 63.058  mean_loss= 0.14021  mean_foundation= 11.0/52  lifetime_outcomes={'won': 9, 'stalled': 1345, 'truncated': 474, 'other': 0}  rss= 1661.3MB  (2216s)
step   388000/400000  eps=0.050  episodes= 1831  mean_return= 52.370  mean_loss= 0.13508  mean_foundation=  9.0/52  lifetime_outcomes={'won': 9, 'stalled': 1347, 'truncated': 475, 'other': 0}  rss= 1661.3MB  (2220s)
step   389000/400000  eps=0.050  episodes= 1834  mean_return= 29.312  mean_loss= 0.13403  mean_foundation=  4.7/52  lifetime_outcomes={'won': 9, 'stalled': 1348, 'truncated': 477, 'other': 0}  rss= 1661.3MB  (2223s)
step   390000/400000  eps=0.050  episodes= 1840  mean_return= 21.628  mean_loss= 0.13476  mean_foundation=  3.7/52  lifetime_outcomes={'won': 9, 'stalled': 1352, 'truncated': 479, 'other': 0}  rss= 1661.3MB  (2226s)
  EVAL  step   390000  win_rate=0.00%  mean_return= 24.379  mean_foundation=  4.3/52  mean_length=371.2  (greedy, 100 fixed deals)
step   391000/400000  eps=0.050  episodes= 1844  mean_return= 27.035  mean_loss= 0.12608  mean_foundation=  3.5/52  lifetime_outcomes={'won': 9, 'stalled': 1355, 'truncated': 480, 'other': 0}  rss= 1661.3MB  (2260s)
step   392000/400000  eps=0.050  episodes= 1847  mean_return= 36.034  mean_loss= 0.12887  mean_foundation=  8.0/52  lifetime_outcomes={'won': 9, 'stalled': 1357, 'truncated': 481, 'other': 0}  rss= 1661.3MB  (2263s)
step   393000/400000  eps=0.050  episodes= 1850  mean_return= 19.647  mean_loss= 0.13009  mean_foundation=  5.0/52  lifetime_outcomes={'won': 9, 'stalled': 1358, 'truncated': 483, 'other': 0}  rss= 1661.3MB  (2266s)
step   394000/400000  eps=0.050  episodes= 1854  mean_return= 38.948  mean_loss= 0.12405  mean_foundation=  9.0/52  lifetime_outcomes={'won': 9, 'stalled': 1361, 'truncated': 484, 'other': 0}  rss= 1661.3MB  (2269s)
step   395000/400000  eps=0.050  episodes= 1861  mean_return= 37.290  mean_loss= 0.12430  mean_foundation=  7.4/52  lifetime_outcomes={'won': 9, 'stalled': 1367, 'truncated': 485, 'other': 0}  rss= 1661.3MB  (2273s)
step   396000/400000  eps=0.050  episodes= 1865  mean_return= 34.822  mean_loss= 0.12108  mean_foundation=  5.5/52  lifetime_outcomes={'won': 9, 'stalled': 1370, 'truncated': 486, 'other': 0}  rss= 1661.3MB  (2276s)
step   397000/400000  eps=0.050  episodes= 1867  mean_return= 52.000  mean_loss= 0.12350  mean_foundation=  7.0/52  lifetime_outcomes={'won': 9, 'stalled': 1370, 'truncated': 488, 'other': 0}  rss= 1661.3MB  (2279s)
step   398000/400000  eps=0.050  episodes= 1869  mean_return= 34.000  mean_loss= 0.11386  mean_foundation=  4.5/52  lifetime_outcomes={'won': 9, 'stalled': 1370, 'truncated': 490, 'other': 0}  rss= 1661.3MB  (2282s)
step   399000/400000  eps=0.050  episodes= 1873  mean_return= 52.159  mean_loss= 0.11216  mean_foundation= 11.2/52  lifetime_outcomes={'won': 9, 'stalled': 1372, 'truncated': 492, 'other': 0}  rss= 1661.3MB  (2286s)
step   400000/400000  eps=0.050  episodes= 1876  mean_return= 26.132  mean_loss= 0.11219  mean_foundation=  4.7/52  lifetime_outcomes={'won': 9, 'stalled': 1374, 'truncated': 493, 'other': 0}  rss= 1661.3MB  (2289s)
  EVAL  step   400000  win_rate=0.00%  mean_return= 22.305  mean_foundation=  4.0/52  mean_length=335.3  (greedy, 100 fixed deals)
done. saved final checkpoint to runs/011_double_dqn_soft_nstep3_per_bc_finetune/checkpoint_final.pt
=== train_resilient: training completed successfully ===
