run directory: runs/010_double_dqn_soft_nstep3_per_slow_eps
step     2000/600000  eps=0.994  episodes=    4  mean_return= 75.272  mean_loss=     nan  mean_foundation=  6.8/52  lifetime_outcomes={'won': 0, 'stalled': 1, 'truncated': 3, 'other': 0}  rss=  918.0MB  (1s)
step     4000/600000  eps=0.987  episodes=    8  mean_return= 80.311  mean_loss=     nan  mean_foundation=  7.2/52  lifetime_outcomes={'won': 0, 'stalled': 3, 'truncated': 5, 'other': 0}  rss=  935.5MB  (2s)
step     6000/600000  eps=0.981  episodes=   12  mean_return= 88.000  mean_loss= 0.44919  mean_foundation= 14.0/52  lifetime_outcomes={'won': 0, 'stalled': 3, 'truncated': 9, 'other': 0}  rss= 1231.2MB  (5s)
step     8000/600000  eps=0.975  episodes=   17  mean_return= 86.334  mean_loss= 0.44682  mean_foundation=  8.6/52  lifetime_outcomes={'won': 0, 'stalled': 4, 'truncated': 13, 'other': 0}  rss= 1247.9MB  (10s)
step    10000/600000  eps=0.968  episodes=   21  mean_return= 64.022  mean_loss= 0.52116  mean_foundation=  7.2/52  lifetime_outcomes={'won': 0, 'stalled': 5, 'truncated': 16, 'other': 0}  rss= 1261.5MB  (15s)
step    12000/600000  eps=0.962  episodes=   25  mean_return= 85.533  mean_loss= 0.54224  mean_foundation=  9.8/52  lifetime_outcomes={'won': 0, 'stalled': 6, 'truncated': 19, 'other': 0}  rss= 1281.3MB  (19s)
step    14000/600000  eps=0.956  episodes=   30  mean_return= 51.808  mean_loss= 0.52805  mean_foundation=  7.0/52  lifetime_outcomes={'won': 0, 'stalled': 8, 'truncated': 22, 'other': 0}  rss= 1287.4MB  (24s)
step    16000/600000  eps=0.949  episodes=   34  mean_return= 77.532  mean_loss= 0.54146  mean_foundation=  9.5/52  lifetime_outcomes={'won': 0, 'stalled': 11, 'truncated': 23, 'other': 0}  rss= 1296.7MB  (29s)
step    18000/600000  eps=0.943  episodes=   38  mean_return= 73.000  mean_loss= 0.57880  mean_foundation=  6.2/52  lifetime_outcomes={'won': 0, 'stalled': 11, 'truncated': 27, 'other': 0}  rss= 1309.0MB  (33s)
step    20000/600000  eps=0.937  episodes=   42  mean_return= 84.260  mean_loss= 0.58117  mean_foundation=  8.8/52  lifetime_outcomes={'won': 0, 'stalled': 12, 'truncated': 30, 'other': 0}  rss= 1317.5MB  (38s)
  EVAL  step    20000  win_rate=0.00%  mean_return= 25.629  mean_foundation=  3.8/52  mean_length=371.1  (greedy, 20 fixed deals)
step    22000/600000  eps=0.930  episodes=   46  mean_return= 85.259  mean_loss= 0.58235  mean_foundation=  6.8/52  lifetime_outcomes={'won': 0, 'stalled': 13, 'truncated': 33, 'other': 0}  rss= 1333.3MB  (49s)
step    24000/600000  eps=0.924  episodes=   51  mean_return= 63.132  mean_loss= 0.59562  mean_foundation=  5.6/52  lifetime_outcomes={'won': 0, 'stalled': 14, 'truncated': 37, 'other': 0}  rss= 1339.9MB  (54s)
step    26000/600000  eps=0.918  episodes=   55  mean_return= 79.520  mean_loss= 0.60314  mean_foundation=  6.5/52  lifetime_outcomes={'won': 0, 'stalled': 15, 'truncated': 40, 'other': 0}  rss= 1348.0MB  (60s)
step    28000/600000  eps=0.911  episodes=   60  mean_return= 68.416  mean_loss= 0.60925  mean_foundation=  7.4/52  lifetime_outcomes={'won': 0, 'stalled': 17, 'truncated': 43, 'other': 0}  rss= 1356.0MB  (65s)
step    30000/600000  eps=0.905  episodes=   64  mean_return= 65.259  mean_loss= 0.61942  mean_foundation=  8.5/52  lifetime_outcomes={'won': 0, 'stalled': 18, 'truncated': 46, 'other': 0}  rss= 1364.1MB  (70s)
step    32000/600000  eps=0.899  episodes=   68  mean_return= 86.270  mean_loss= 0.62405  mean_foundation=  8.0/52  lifetime_outcomes={'won': 0, 'stalled': 19, 'truncated': 49, 'other': 0}  rss= 1372.1MB  (75s)
step    34000/600000  eps=0.892  episodes=   73  mean_return= 79.324  mean_loss= 0.63742  mean_foundation=  8.0/52  lifetime_outcomes={'won': 0, 'stalled': 20, 'truncated': 53, 'other': 0}  rss= 1382.2MB  (80s)
step    36000/600000  eps=0.886  episodes=   77  mean_return= 81.250  mean_loss= 0.63380  mean_foundation=  7.0/52  lifetime_outcomes={'won': 0, 'stalled': 20, 'truncated': 57, 'other': 0}  rss= 1388.2MB  (86s)
step    38000/600000  eps=0.880  episodes=   81  mean_return= 56.015  mean_loss= 0.61502  mean_foundation=  5.5/52  lifetime_outcomes={'won': 0, 'stalled': 21, 'truncated': 60, 'other': 0}  rss= 1396.3MB  (91s)
step    40000/600000  eps=0.873  episodes=   85  mean_return= 96.275  mean_loss= 0.62711  mean_foundation= 10.0/52  lifetime_outcomes={'won': 0, 'stalled': 23, 'truncated': 62, 'other': 0}  rss= 1404.4MB  (98s)
  EVAL  step    40000  win_rate=0.00%  mean_return= 32.685  mean_foundation=  5.0/52  mean_length=414.7  (greedy, 20 fixed deals)
step    42000/600000  eps=0.867  episodes=   89  mean_return= 63.803  mean_loss= 0.62240  mean_foundation=  8.2/52  lifetime_outcomes={'won': 0, 'stalled': 24, 'truncated': 65, 'other': 0}  rss= 1417.0MB  (113s)
step    44000/600000  eps=0.861  episodes=   94  mean_return= 44.976  mean_loss= 0.63924  mean_foundation=  7.4/52  lifetime_outcomes={'won': 0, 'stalled': 26, 'truncated': 68, 'other': 0}  rss= 1425.1MB  (119s)
step    46000/600000  eps=0.854  episodes=   98  mean_return= 95.049  mean_loss= 0.61840  mean_foundation= 12.8/52  lifetime_outcomes={'won': 0, 'stalled': 27, 'truncated': 71, 'other': 0}  rss= 1431.1MB  (124s)
step    48000/600000  eps=0.848  episodes=  102  mean_return= 96.500  mean_loss= 0.62744  mean_foundation= 17.8/52  lifetime_outcomes={'won': 0, 'stalled': 27, 'truncated': 75, 'other': 0}  rss= 1439.2MB  (129s)
step    50000/600000  eps=0.842  episodes=  107  mean_return= 73.517  mean_loss= 0.64339  mean_foundation=  5.0/52  lifetime_outcomes={'won': 0, 'stalled': 28, 'truncated': 79, 'other': 0}  rss= 1449.2MB  (134s)
step    52000/600000  eps=0.835  episodes=  111  mean_return= 88.000  mean_loss= 0.61831  mean_foundation= 11.5/52  lifetime_outcomes={'won': 0, 'stalled': 28, 'truncated': 83, 'other': 0}  rss= 1457.3MB  (140s)
step    54000/600000  eps=0.829  episodes=  115  mean_return= 89.069  mean_loss= 0.61369  mean_foundation=  9.8/52  lifetime_outcomes={'won': 0, 'stalled': 29, 'truncated': 86, 'other': 0}  rss= 1465.4MB  (145s)
step    56000/600000  eps=0.823  episodes=  119  mean_return= 68.500  mean_loss= 0.62625  mean_foundation=  7.0/52  lifetime_outcomes={'won': 0, 'stalled': 29, 'truncated': 90, 'other': 0}  rss= 1473.6MB  (150s)
step    58000/600000  eps=0.816  episodes=  124  mean_return= 55.018  mean_loss= 0.61687  mean_foundation=  4.6/52  lifetime_outcomes={'won': 0, 'stalled': 31, 'truncated': 93, 'other': 0}  rss= 1479.6MB  (156s)
step    60000/600000  eps=0.810  episodes=  128  mean_return= 63.250  mean_loss= 0.62467  mean_foundation=  5.0/52  lifetime_outcomes={'won': 0, 'stalled': 31, 'truncated': 97, 'other': 0}  rss= 1487.7MB  (161s)
  EVAL  step    60000  win_rate=0.00%  mean_return= 25.937  mean_foundation=  3.5/52  mean_length=413.4  (greedy, 20 fixed deals)
step    62000/600000  eps=0.804  episodes=  132  mean_return= 75.500  mean_loss= 0.62409  mean_foundation=  9.5/52  lifetime_outcomes={'won': 0, 'stalled': 31, 'truncated': 101, 'other': 0}  rss= 1500.3MB  (173s)
step    64000/600000  eps=0.797  episodes=  136  mean_return= 76.764  mean_loss= 0.61403  mean_foundation=  9.0/52  lifetime_outcomes={'won': 0, 'stalled': 32, 'truncated': 104, 'other': 0}  rss= 1508.5MB  (179s)
step    66000/600000  eps=0.791  episodes=  140  mean_return= 74.500  mean_loss= 0.60889  mean_foundation=  4.8/52  lifetime_outcomes={'won': 0, 'stalled': 32, 'truncated': 108, 'other': 0}  rss= 1518.5MB  (184s)
step    68000/600000  eps=0.785  episodes=  144  mean_return= 75.500  mean_loss= 0.59654  mean_foundation=  3.8/52  lifetime_outcomes={'won': 0, 'stalled': 32, 'truncated': 112, 'other': 0}  rss= 1524.6MB  (190s)
step    70000/600000  eps=0.778  episodes=  150  mean_return= 51.777  mean_loss= 0.60442  mean_foundation=  8.5/52  lifetime_outcomes={'won': 0, 'stalled': 35, 'truncated': 115, 'other': 0}  rss= 1532.6MB  (195s)
step    72000/600000  eps=0.772  episodes=  154  mean_return= 61.836  mean_loss= 0.58870  mean_foundation= 10.5/52  lifetime_outcomes={'won': 0, 'stalled': 36, 'truncated': 118, 'other': 0}  rss= 1540.7MB  (200s)
step    74000/600000  eps=0.766  episodes=  158  mean_return= 73.001  mean_loss= 0.59865  mean_foundation= 10.8/52  lifetime_outcomes={'won': 0, 'stalled': 37, 'truncated': 121, 'other': 0}  rss= 1548.8MB  (205s)
step    76000/600000  eps=0.759  episodes=  164  mean_return= 78.593  mean_loss= 0.60963  mean_foundation=  8.5/52  lifetime_outcomes={'won': 0, 'stalled': 40, 'truncated': 124, 'other': 0}  rss= 1556.8MB  (211s)
step    78000/600000  eps=0.753  episodes=  168  mean_return=101.000  mean_loss= 0.59899  mean_foundation= 19.0/52  lifetime_outcomes={'won': 0, 'stalled': 40, 'truncated': 128, 'other': 0}  rss= 1562.8MB  (216s)
step    80000/600000  eps=0.747  episodes=  172  mean_return= 69.000  mean_loss= 0.59840  mean_foundation=  8.5/52  lifetime_outcomes={'won': 0, 'stalled': 40, 'truncated': 132, 'other': 0}  rss= 1570.9MB  (222s)
  EVAL  step    80000  win_rate=0.00%  mean_return= 25.495  mean_foundation=  3.5/52  mean_length=454.6  (greedy, 20 fixed deals)
step    82000/600000  eps=0.740  episodes=  176  mean_return= 93.750  mean_loss= 0.58098  mean_foundation= 10.2/52  lifetime_outcomes={'won': 0, 'stalled': 40, 'truncated': 136, 'other': 0}  rss= 1581.0MB  (236s)
step    84000/600000  eps=0.734  episodes=  180  mean_return= 85.505  mean_loss= 0.57911  mean_foundation= 13.0/52  lifetime_outcomes={'won': 0, 'stalled': 41, 'truncated': 139, 'other': 0}  rss= 1589.0MB  (242s)
step    86000/600000  eps=0.728  episodes=  184  mean_return= 77.260  mean_loss= 0.57390  mean_foundation=  7.8/52  lifetime_outcomes={'won': 0, 'stalled': 42, 'truncated': 142, 'other': 0}  rss= 1597.1MB  (247s)
step    88000/600000  eps=0.721  episodes=  188  mean_return= 79.544  mean_loss= 0.56479  mean_foundation= 10.2/52  lifetime_outcomes={'won': 0, 'stalled': 43, 'truncated': 145, 'other': 0}  rss= 1605.2MB  (252s)
step    90000/600000  eps=0.715  episodes=  192  mean_return= 63.250  mean_loss= 0.57152  mean_foundation=  7.2/52  lifetime_outcomes={'won': 0, 'stalled': 43, 'truncated': 149, 'other': 0}  rss= 1611.2MB  (257s)
step    92000/600000  eps=0.709  episodes=  196  mean_return= 97.000  mean_loss= 0.54670  mean_foundation= 11.5/52  lifetime_outcomes={'won': 0, 'stalled': 43, 'truncated': 153, 'other': 0}  rss= 1619.3MB  (262s)
step    94000/600000  eps=0.702  episodes=  200  mean_return= 69.764  mean_loss= 0.53915  mean_foundation=  7.5/52  lifetime_outcomes={'won': 0, 'stalled': 44, 'truncated': 156, 'other': 0}  rss= 1627.3MB  (267s)
step    96000/600000  eps=0.696  episodes=  204  mean_return= 63.765  mean_loss= 0.53596  mean_foundation=  8.5/52  lifetime_outcomes={'won': 0, 'stalled': 45, 'truncated': 159, 'other': 0}  rss= 1635.4MB  (272s)
step    98000/600000  eps=0.690  episodes=  209  mean_return= 75.964  mean_loss= 0.54432  mean_foundation=  9.0/52  lifetime_outcomes={'won': 0, 'stalled': 47, 'truncated': 162, 'other': 0}  rss= 1643.5MB  (277s)
step   100000/600000  eps=0.683  episodes=  213  mean_return= 97.750  mean_loss= 0.52631  mean_foundation= 11.5/52  lifetime_outcomes={'won': 0, 'stalled': 47, 'truncated': 166, 'other': 0}  rss= 1647.6MB  (283s)
  EVAL  step   100000  win_rate=0.00%  mean_return= 22.373  mean_foundation=  2.6/52  mean_length=476.7  (greedy, 20 fixed deals)
step   102000/600000  eps=0.677  episodes=  219  mean_return= 47.156  mean_loss= 0.53141  mean_foundation=  6.7/52  lifetime_outcomes={'won': 0, 'stalled': 49, 'truncated': 170, 'other': 0}  rss= 1647.6MB  (298s)
step   104000/600000  eps=0.671  episodes=  223  mean_return= 99.270  mean_loss= 0.52466  mean_foundation= 17.5/52  lifetime_outcomes={'won': 0, 'stalled': 50, 'truncated': 173, 'other': 0}  rss= 1647.6MB  (303s)
step   106000/600000  eps=0.664  episodes=  227  mean_return= 80.818  mean_loss= 0.51058  mean_foundation= 11.5/52  lifetime_outcomes={'won': 0, 'stalled': 52, 'truncated': 175, 'other': 0}  rss= 1647.6MB  (309s)
step   108000/600000  eps=0.658  episodes=  231  mean_return= 53.750  mean_loss= 0.51523  mean_foundation=  9.5/52  lifetime_outcomes={'won': 0, 'stalled': 52, 'truncated': 179, 'other': 0}  rss= 1647.6MB  (314s)
step   110000/600000  eps=0.652  episodes=  236  mean_return= 82.328  mean_loss= 0.52123  mean_foundation= 14.6/52  lifetime_outcomes={'won': 0, 'stalled': 53, 'truncated': 183, 'other': 0}  rss= 1647.6MB  (320s)
step   112000/600000  eps=0.645  episodes=  240  mean_return=115.250  mean_loss= 0.49756  mean_foundation= 14.0/52  lifetime_outcomes={'won': 0, 'stalled': 53, 'truncated': 187, 'other': 0}  rss= 1647.6MB  (326s)
step   114000/600000  eps=0.639  episodes=  244  mean_return= 81.023  mean_loss= 0.51950  mean_foundation= 10.5/52  lifetime_outcomes={'won': 0, 'stalled': 54, 'truncated': 190, 'other': 0}  rss= 1647.6MB  (331s)
step   116000/600000  eps=0.633  episodes=  248  mean_return= 46.250  mean_loss= 0.50608  mean_foundation=  7.5/52  lifetime_outcomes={'won': 0, 'stalled': 54, 'truncated': 194, 'other': 0}  rss= 1647.6MB  (336s)
step   118000/600000  eps=0.626  episodes=  252  mean_return= 82.068  mean_loss= 0.48731  mean_foundation= 11.2/52  lifetime_outcomes={'won': 0, 'stalled': 56, 'truncated': 196, 'other': 0}  rss= 1647.6MB  (342s)
step   120000/600000  eps=0.620  episodes=  257  mean_return= 70.511  mean_loss= 0.47959  mean_foundation=  9.2/52  lifetime_outcomes={'won': 0, 'stalled': 57, 'truncated': 200, 'other': 0}  rss= 1647.6MB  (347s)
  EVAL  step   120000  win_rate=0.00%  mean_return= 26.519  mean_foundation=  3.0/52  mean_length=431.3  (greedy, 20 fixed deals)
step   122000/600000  eps=0.614  episodes=  261  mean_return= 74.750  mean_loss= 0.48473  mean_foundation= 10.0/52  lifetime_outcomes={'won': 0, 'stalled': 57, 'truncated': 204, 'other': 0}  rss= 1647.6MB  (360s)
step   124000/600000  eps=0.607  episodes=  265  mean_return=101.750  mean_loss= 0.48733  mean_foundation= 10.0/52  lifetime_outcomes={'won': 0, 'stalled': 57, 'truncated': 208, 'other': 0}  rss= 1647.6MB  (365s)
step   126000/600000  eps=0.601  episodes=  269  mean_return= 67.076  mean_loss= 0.49016  mean_foundation= 12.0/52  lifetime_outcomes={'won': 0, 'stalled': 58, 'truncated': 211, 'other': 0}  rss= 1647.6MB  (371s)
step   128000/600000  eps=0.595  episodes=  273  mean_return= 86.750  mean_loss= 0.46440  mean_foundation= 11.2/52  lifetime_outcomes={'won': 0, 'stalled': 58, 'truncated': 215, 'other': 0}  rss= 1647.6MB  (377s)
step   130000/600000  eps=0.588  episodes=  277  mean_return= 49.787  mean_loss= 0.46174  mean_foundation=  5.2/52  lifetime_outcomes={'won': 0, 'stalled': 59, 'truncated': 218, 'other': 0}  rss= 1647.6MB  (383s)
step   132000/600000  eps=0.582  episodes=  282  mean_return= 82.137  mean_loss= 0.46873  mean_foundation= 10.6/52  lifetime_outcomes={'won': 0, 'stalled': 60, 'truncated': 222, 'other': 0}  rss= 1647.6MB  (389s)
step   134000/600000  eps=0.576  episodes=  286  mean_return= 74.750  mean_loss= 0.45906  mean_foundation= 10.5/52  lifetime_outcomes={'won': 0, 'stalled': 60, 'truncated': 226, 'other': 0}  rss= 1647.6MB  (396s)
step   136000/600000  eps=0.569  episodes=  290  mean_return= 71.803  mean_loss= 0.43968  mean_foundation= 14.0/52  lifetime_outcomes={'won': 0, 'stalled': 61, 'truncated': 229, 'other': 0}  rss= 1647.8MB  (402s)
step   138000/600000  eps=0.563  episodes=  294  mean_return= 94.250  mean_loss= 0.45859  mean_foundation= 14.8/52  lifetime_outcomes={'won': 0, 'stalled': 61, 'truncated': 233, 'other': 0}  rss= 1647.8MB  (408s)
step   140000/600000  eps=0.557  episodes=  298  mean_return= 97.500  mean_loss= 0.42696  mean_foundation= 13.0/52  lifetime_outcomes={'won': 0, 'stalled': 61, 'truncated': 237, 'other': 0}  rss= 1648.0MB  (414s)
  EVAL  step   140000  win_rate=0.00%  mean_return= 29.465  mean_foundation=  3.8/52  mean_length=434.8  (greedy, 20 fixed deals)
step   142000/600000  eps=0.550  episodes=  302  mean_return= 69.012  mean_loss= 0.43093  mean_foundation=  8.5/52  lifetime_outcomes={'won': 0, 'stalled': 62, 'truncated': 240, 'other': 0}  rss= 1648.1MB  (428s)
step   144000/600000  eps=0.544  episodes=  306  mean_return= 68.750  mean_loss= 0.42382  mean_foundation= 10.5/52  lifetime_outcomes={'won': 0, 'stalled': 62, 'truncated': 244, 'other': 0}  rss= 1648.1MB  (434s)
step   146000/600000  eps=0.538  episodes=  310  mean_return= 73.516  mean_loss= 0.42819  mean_foundation=  7.2/52  lifetime_outcomes={'won': 0, 'stalled': 63, 'truncated': 247, 'other': 0}  rss= 1648.1MB  (439s)
step   148000/600000  eps=0.531  episodes=  314  mean_return= 65.000  mean_loss= 0.41850  mean_foundation=  7.8/52  lifetime_outcomes={'won': 0, 'stalled': 63, 'truncated': 251, 'other': 0}  rss= 1648.1MB  (445s)
step   150000/600000  eps=0.525  episodes=  318  mean_return= 69.250  mean_loss= 0.41886  mean_foundation=  8.0/52  lifetime_outcomes={'won': 0, 'stalled': 63, 'truncated': 255, 'other': 0}  rss= 1648.1MB  (450s)
step   152000/600000  eps=0.519  episodes=  323  mean_return= 90.721  mean_loss= 0.41504  mean_foundation= 16.4/52  lifetime_outcomes={'won': 0, 'stalled': 64, 'truncated': 259, 'other': 0}  rss= 1648.1MB  (456s)
step   154000/600000  eps=0.512  episodes=  327  mean_return= 87.000  mean_loss= 0.39908  mean_foundation= 11.0/52  lifetime_outcomes={'won': 0, 'stalled': 64, 'truncated': 263, 'other': 0}  rss= 1648.1MB  (461s)
step   156000/600000  eps=0.506  episodes=  332  mean_return= 85.217  mean_loss= 0.40632  mean_foundation= 17.6/52  lifetime_outcomes={'won': 0, 'stalled': 67, 'truncated': 265, 'other': 0}  rss= 1648.1MB  (468s)
step   158000/600000  eps=0.500  episodes=  336  mean_return= 69.000  mean_loss= 0.39523  mean_foundation=  7.0/52  lifetime_outcomes={'won': 0, 'stalled': 67, 'truncated': 269, 'other': 0}  rss= 1648.1MB  (474s)
step   160000/600000  eps=0.493  episodes=  340  mean_return= 89.057  mean_loss= 0.39700  mean_foundation= 19.5/52  lifetime_outcomes={'won': 0, 'stalled': 69, 'truncated': 271, 'other': 0}  rss= 1648.1MB  (481s)
  EVAL  step   160000  win_rate=0.00%  mean_return= 27.016  mean_foundation=  2.8/52  mean_length=434.2  (greedy, 20 fixed deals)
step   162000/600000  eps=0.487  episodes=  344  mean_return= 82.768  mean_loss= 0.38886  mean_foundation= 15.0/52  lifetime_outcomes={'won': 0, 'stalled': 70, 'truncated': 274, 'other': 0}  rss= 1648.1MB  (495s)
step   164000/600000  eps=0.481  episodes=  348  mean_return= 67.256  mean_loss= 0.39255  mean_foundation=  6.5/52  lifetime_outcomes={'won': 0, 'stalled': 71, 'truncated': 277, 'other': 0}  rss= 1648.1MB  (500s)
step   166000/600000  eps=0.474  episodes=  352  mean_return=124.500  mean_loss= 0.38256  mean_foundation= 21.8/52  lifetime_outcomes={'won': 0, 'stalled': 71, 'truncated': 281, 'other': 0}  rss= 1648.1MB  (505s)
step   168000/600000  eps=0.468  episodes=  357  mean_return= 99.148  mean_loss= 0.38055  mean_foundation= 15.8/52  lifetime_outcomes={'won': 0, 'stalled': 72, 'truncated': 285, 'other': 0}  rss= 1648.1MB  (511s)
step   170000/600000  eps=0.462  episodes=  361  mean_return= 76.513  mean_loss= 0.37422  mean_foundation= 10.8/52  lifetime_outcomes={'won': 0, 'stalled': 73, 'truncated': 288, 'other': 0}  rss= 1648.1MB  (516s)
step   172000/600000  eps=0.455  episodes=  365  mean_return= 73.275  mean_loss= 0.37825  mean_foundation=  6.0/52  lifetime_outcomes={'won': 0, 'stalled': 74, 'truncated': 291, 'other': 0}  rss= 1648.1MB  (522s)
step   174000/600000  eps=0.449  episodes=  370  mean_return= 76.333  mean_loss= 0.37752  mean_foundation= 14.2/52  lifetime_outcomes={'won': 0, 'stalled': 75, 'truncated': 295, 'other': 0}  rss= 1648.1MB  (527s)
step   176000/600000  eps=0.443  episodes=  374  mean_return= 85.060  mean_loss= 0.37678  mean_foundation= 13.5/52  lifetime_outcomes={'won': 0, 'stalled': 77, 'truncated': 297, 'other': 0}  rss= 1648.1MB  (533s)
step   178000/600000  eps=0.436  episodes=  378  mean_return= 79.775  mean_loss= 0.37986  mean_foundation=  7.0/52  lifetime_outcomes={'won': 0, 'stalled': 78, 'truncated': 300, 'other': 0}  rss= 1648.1MB  (540s)
step   180000/600000  eps=0.430  episodes=  383  mean_return= 61.938  mean_loss= 0.36023  mean_foundation=  8.0/52  lifetime_outcomes={'won': 0, 'stalled': 79, 'truncated': 304, 'other': 0}  rss= 1648.1MB  (547s)
  EVAL  step   180000  win_rate=0.00%  mean_return= 25.637  mean_foundation=  2.9/52  mean_length=413.3  (greedy, 20 fixed deals)
step   182000/600000  eps=0.424  episodes=  387  mean_return= 83.000  mean_loss= 0.35480  mean_foundation= 14.2/52  lifetime_outcomes={'won': 0, 'stalled': 79, 'truncated': 308, 'other': 0}  rss= 1648.1MB  (561s)
step   184000/600000  eps=0.417  episodes=  391  mean_return= 80.573  mean_loss= 0.35554  mean_foundation= 12.5/52  lifetime_outcomes={'won': 0, 'stalled': 80, 'truncated': 311, 'other': 0}  rss= 1648.1MB  (566s)
step   186000/600000  eps=0.411  episodes=  395  mean_return= 85.000  mean_loss= 0.35058  mean_foundation= 16.0/52  lifetime_outcomes={'won': 0, 'stalled': 80, 'truncated': 315, 'other': 0}  rss= 1648.1MB  (572s)
step   188000/600000  eps=0.405  episodes=  399  mean_return= 70.518  mean_loss= 0.35562  mean_foundation= 12.2/52  lifetime_outcomes={'won': 0, 'stalled': 81, 'truncated': 318, 'other': 0}  rss= 1648.1MB  (578s)
step   190000/600000  eps=0.398  episodes=  404  mean_return= 82.727  mean_loss= 0.33840  mean_foundation=  8.6/52  lifetime_outcomes={'won': 0, 'stalled': 82, 'truncated': 322, 'other': 0}  rss= 1648.1MB  (584s)
step   192000/600000  eps=0.392  episodes=  408  mean_return= 86.505  mean_loss= 0.34312  mean_foundation= 15.8/52  lifetime_outcomes={'won': 0, 'stalled': 83, 'truncated': 325, 'other': 0}  rss= 1648.1MB  (590s)
step   194000/600000  eps=0.386  episodes=  412  mean_return= 61.508  mean_loss= 0.33450  mean_foundation=  5.2/52  lifetime_outcomes={'won': 0, 'stalled': 84, 'truncated': 328, 'other': 0}  rss= 1648.1MB  (596s)
step   196000/600000  eps=0.379  episodes=  416  mean_return= 43.500  mean_loss= 0.34340  mean_foundation=  3.2/52  lifetime_outcomes={'won': 0, 'stalled': 84, 'truncated': 332, 'other': 0}  rss= 1648.1MB  (602s)
step   198000/600000  eps=0.373  episodes=  420  mean_return= 91.501  mean_loss= 0.33498  mean_foundation= 18.8/52  lifetime_outcomes={'won': 0, 'stalled': 85, 'truncated': 335, 'other': 0}  rss= 1648.1MB  (608s)
step   200000/600000  eps=0.367  episodes=  425  mean_return= 63.590  mean_loss= 0.32092  mean_foundation=  9.0/52  lifetime_outcomes={'won': 0, 'stalled': 87, 'truncated': 338, 'other': 0}  rss= 1648.1MB  (615s)
  EVAL  step   200000  win_rate=0.00%  mean_return= 28.173  mean_foundation=  2.6/52  mean_length=476.6  (greedy, 20 fixed deals)
step   202000/600000  eps=0.360  episodes=  429  mean_return=106.778  mean_loss= 0.32976  mean_foundation= 20.8/52  lifetime_outcomes={'won': 0, 'stalled': 88, 'truncated': 341, 'other': 0}  rss= 1648.1MB  (631s)
step   204000/600000  eps=0.354  episodes=  433  mean_return= 63.250  mean_loss= 0.32430  mean_foundation= 12.2/52  lifetime_outcomes={'won': 0, 'stalled': 88, 'truncated': 345, 'other': 0}  rss= 1648.1MB  (637s)
step   206000/600000  eps=0.348  episodes=  437  mean_return= 54.533  mean_loss= 0.31640  mean_foundation=  8.5/52  lifetime_outcomes={'won': 0, 'stalled': 89, 'truncated': 348, 'other': 0}  rss= 1648.1MB  (643s)
step   208000/600000  eps=0.341  episodes=  442  mean_return= 77.992  mean_loss= 0.32413  mean_foundation=  8.8/52  lifetime_outcomes={'won': 0, 'stalled': 91, 'truncated': 351, 'other': 0}  rss= 1648.1MB  (649s)
step   210000/600000  eps=0.335  episodes=  448  mean_return= 61.624  mean_loss= 0.32725  mean_foundation=  9.0/52  lifetime_outcomes={'won': 0, 'stalled': 94, 'truncated': 354, 'other': 0}  rss= 1648.1MB  (655s)
step   212000/600000  eps=0.329  episodes=  452  mean_return= 55.000  mean_loss= 0.30749  mean_foundation=  6.8/52  lifetime_outcomes={'won': 0, 'stalled': 94, 'truncated': 358, 'other': 0}  rss= 1648.1MB  (661s)
step   214000/600000  eps=0.322  episodes=  456  mean_return= 87.299  mean_loss= 0.31898  mean_foundation= 16.2/52  lifetime_outcomes={'won': 0, 'stalled': 95, 'truncated': 361, 'other': 0}  rss= 1648.1MB  (667s)
step   216000/600000  eps=0.316  episodes=  460  mean_return= 98.517  mean_loss= 0.30784  mean_foundation= 17.8/52  lifetime_outcomes={'won': 1, 'stalled': 95, 'truncated': 364, 'other': 0}  rss= 1648.1MB  (675s)
step   218000/600000  eps=0.310  episodes=  464  mean_return= 90.500  mean_loss= 0.30772  mean_foundation= 12.8/52  lifetime_outcomes={'won': 1, 'stalled': 95, 'truncated': 368, 'other': 0}  rss= 1648.1MB  (681s)
step   220000/600000  eps=0.303  episodes=  468  mean_return= 69.010  mean_loss= 0.32325  mean_foundation= 14.5/52  lifetime_outcomes={'won': 1, 'stalled': 96, 'truncated': 371, 'other': 0}  rss= 1648.1MB  (686s)
  EVAL  step   220000  win_rate=0.00%  mean_return= 26.645  mean_foundation=  3.0/52  mean_length=454.9  (greedy, 20 fixed deals)
step   222000/600000  eps=0.297  episodes=  472  mean_return= 56.250  mean_loss= 0.30160  mean_foundation=  5.8/52  lifetime_outcomes={'won': 1, 'stalled': 96, 'truncated': 375, 'other': 0}  rss= 1648.1MB  (700s)
step   224000/600000  eps=0.291  episodes=  476  mean_return= 89.500  mean_loss= 0.29672  mean_foundation= 16.5/52  lifetime_outcomes={'won': 1, 'stalled': 96, 'truncated': 379, 'other': 0}  rss= 1648.1MB  (706s)
step   226000/600000  eps=0.284  episodes=  481  mean_return= 48.390  mean_loss= 0.29213  mean_foundation=  6.4/52  lifetime_outcomes={'won': 1, 'stalled': 97, 'truncated': 383, 'other': 0}  rss= 1648.1MB  (712s)
step   228000/600000  eps=0.278  episodes=  485  mean_return= 43.039  mean_loss= 0.28662  mean_foundation=  5.5/52  lifetime_outcomes={'won': 1, 'stalled': 98, 'truncated': 386, 'other': 0}  rss= 1648.1MB  (718s)
step   230000/600000  eps=0.272  episodes=  489  mean_return= 79.509  mean_loss= 0.29108  mean_foundation= 14.2/52  lifetime_outcomes={'won': 1, 'stalled': 99, 'truncated': 389, 'other': 0}  rss= 1648.1MB  (725s)
step   232000/600000  eps=0.265  episodes=  494  mean_return= 63.539  mean_loss= 0.28651  mean_foundation=  8.6/52  lifetime_outcomes={'won': 1, 'stalled': 101, 'truncated': 392, 'other': 0}  rss= 1648.1MB  (730s)
step   234000/600000  eps=0.259  episodes=  499  mean_return= 86.579  mean_loss= 0.28010  mean_foundation= 17.2/52  lifetime_outcomes={'won': 1, 'stalled': 103, 'truncated': 395, 'other': 0}  rss= 1648.1MB  (736s)
step   236000/600000  eps=0.253  episodes=  503  mean_return= 87.250  mean_loss= 0.27783  mean_foundation= 14.0/52  lifetime_outcomes={'won': 1, 'stalled': 103, 'truncated': 399, 'other': 0}  rss= 1648.1MB  (742s)
step   238000/600000  eps=0.246  episodes=  508  mean_return= 46.068  mean_loss= 0.28574  mean_foundation=  9.2/52  lifetime_outcomes={'won': 1, 'stalled': 107, 'truncated': 400, 'other': 0}  rss= 1648.1MB  (749s)
step   240000/600000  eps=0.240  episodes=  512  mean_return= 93.750  mean_loss= 0.27809  mean_foundation= 18.5/52  lifetime_outcomes={'won': 1, 'stalled': 107, 'truncated': 404, 'other': 0}  rss= 1648.1MB  (756s)
  EVAL  step   240000  win_rate=0.00%  mean_return= 29.573  mean_foundation=  2.5/52  mean_length=477.4  (greedy, 20 fixed deals)
step   242000/600000  eps=0.234  episodes=  517  mean_return= 98.562  mean_loss= 0.28463  mean_foundation= 20.4/52  lifetime_outcomes={'won': 1, 'stalled': 108, 'truncated': 408, 'other': 0}  rss= 1648.1MB  (771s)
step   244000/600000  eps=0.227  episodes=  521  mean_return= 60.033  mean_loss= 0.28057  mean_foundation=  7.8/52  lifetime_outcomes={'won': 1, 'stalled': 110, 'truncated': 410, 'other': 0}  rss= 1648.1MB  (777s)
step   246000/600000  eps=0.221  episodes=  526  mean_return= 58.355  mean_loss= 0.28139  mean_foundation=  7.4/52  lifetime_outcomes={'won': 1, 'stalled': 113, 'truncated': 412, 'other': 0}  rss= 1648.1MB  (784s)
step   248000/600000  eps=0.215  episodes=  530  mean_return= 83.513  mean_loss= 0.27495  mean_foundation=  9.5/52  lifetime_outcomes={'won': 1, 'stalled': 114, 'truncated': 415, 'other': 0}  rss= 1648.1MB  (790s)
step   250000/600000  eps=0.208  episodes=  534  mean_return= 83.000  mean_loss= 0.27763  mean_foundation= 10.0/52  lifetime_outcomes={'won': 1, 'stalled': 114, 'truncated': 419, 'other': 0}  rss= 1648.1MB  (796s)
step   252000/600000  eps=0.202  episodes=  538  mean_return= 39.074  mean_loss= 0.27851  mean_foundation=  4.2/52  lifetime_outcomes={'won': 1, 'stalled': 115, 'truncated': 422, 'other': 0}  rss= 1648.1MB  (802s)
step   254000/600000  eps=0.196  episodes=  543  mean_return= 68.740  mean_loss= 0.26850  mean_foundation=  4.8/52  lifetime_outcomes={'won': 1, 'stalled': 116, 'truncated': 426, 'other': 0}  rss= 1648.1MB  (809s)
step   256000/600000  eps=0.189  episodes=  548  mean_return= 69.978  mean_loss= 0.27149  mean_foundation= 13.6/52  lifetime_outcomes={'won': 1, 'stalled': 118, 'truncated': 429, 'other': 0}  rss= 1648.1MB  (815s)
step   258000/600000  eps=0.183  episodes=  553  mean_return= 46.223  mean_loss= 0.26163  mean_foundation=  7.0/52  lifetime_outcomes={'won': 1, 'stalled': 121, 'truncated': 431, 'other': 0}  rss= 1648.1MB  (822s)
step   260000/600000  eps=0.177  episodes=  557  mean_return= 51.750  mean_loss= 0.26205  mean_foundation=  5.8/52  lifetime_outcomes={'won': 1, 'stalled': 121, 'truncated': 435, 'other': 0}  rss= 1648.1MB  (829s)
  EVAL  step   260000  win_rate=0.00%  mean_return= 31.042  mean_foundation=  2.1/52  mean_length=457.9  (greedy, 20 fixed deals)
step   262000/600000  eps=0.170  episodes=  562  mean_return= 53.792  mean_loss= 0.25662  mean_foundation=  7.2/52  lifetime_outcomes={'won': 1, 'stalled': 122, 'truncated': 439, 'other': 0}  rss= 1648.1MB  (843s)
step   264000/600000  eps=0.164  episodes=  567  mean_return= 60.610  mean_loss= 0.26134  mean_foundation= 10.6/52  lifetime_outcomes={'won': 1, 'stalled': 125, 'truncated': 441, 'other': 0}  rss= 1648.1MB  (849s)
step   266000/600000  eps=0.158  episodes=  572  mean_return= 89.668  mean_loss= 0.26455  mean_foundation= 16.0/52  lifetime_outcomes={'won': 1, 'stalled': 128, 'truncated': 443, 'other': 0}  rss= 1648.1MB  (855s)
step   268000/600000  eps=0.151  episodes=  577  mean_return= 73.768  mean_loss= 0.25516  mean_foundation= 15.0/52  lifetime_outcomes={'won': 1, 'stalled': 129, 'truncated': 447, 'other': 0}  rss= 1648.1MB  (862s)
step   270000/600000  eps=0.145  episodes=  581  mean_return= 84.759  mean_loss= 0.25412  mean_foundation= 13.5/52  lifetime_outcomes={'won': 1, 'stalled': 130, 'truncated': 450, 'other': 0}  rss= 1648.1MB  (868s)
step   272000/600000  eps=0.139  episodes=  587  mean_return= 46.616  mean_loss= 0.24898  mean_foundation=  8.5/52  lifetime_outcomes={'won': 1, 'stalled': 132, 'truncated': 454, 'other': 0}  rss= 1648.1MB  (874s)
step   274000/600000  eps=0.132  episodes=  593  mean_return= 36.500  mean_loss= 0.25034  mean_foundation=  4.7/52  lifetime_outcomes={'won': 1, 'stalled': 137, 'truncated': 455, 'other': 0}  rss= 1648.1MB  (881s)
step   276000/600000  eps=0.126  episodes=  598  mean_return= 75.601  mean_loss= 0.24466  mean_foundation= 15.4/52  lifetime_outcomes={'won': 1, 'stalled': 139, 'truncated': 458, 'other': 0}  rss= 1648.1MB  (888s)
step   278000/600000  eps=0.120  episodes=  602  mean_return= 49.810  mean_loss= 0.23824  mean_foundation=  6.5/52  lifetime_outcomes={'won': 1, 'stalled': 141, 'truncated': 460, 'other': 0}  rss= 1648.1MB  (894s)
step   280000/600000  eps=0.113  episodes=  607  mean_return= 59.778  mean_loss= 0.24053  mean_foundation=  8.0/52  lifetime_outcomes={'won': 1, 'stalled': 142, 'truncated': 464, 'other': 0}  rss= 1648.1MB  (901s)
  EVAL  step   280000  win_rate=0.00%  mean_return= 31.750  mean_foundation=  3.0/52  mean_length=500.0  (greedy, 20 fixed deals)
step   282000/600000  eps=0.107  episodes=  612  mean_return= 69.572  mean_loss= 0.24021  mean_foundation= 12.4/52  lifetime_outcomes={'won': 1, 'stalled': 144, 'truncated': 467, 'other': 0}  rss= 1648.1MB  (915s)
step   284000/600000  eps=0.101  episodes=  616  mean_return= 55.326  mean_loss= 0.25110  mean_foundation=  7.0/52  lifetime_outcomes={'won': 1, 'stalled': 146, 'truncated': 469, 'other': 0}  rss= 1648.1MB  (921s)
step   286000/600000  eps=0.094  episodes=  620  mean_return= 77.291  mean_loss= 0.23100  mean_foundation= 13.5/52  lifetime_outcomes={'won': 1, 'stalled': 148, 'truncated': 471, 'other': 0}  rss= 1648.1MB  (927s)
step   288000/600000  eps=0.088  episodes=  626  mean_return= 58.105  mean_loss= 0.23197  mean_foundation=  8.8/52  lifetime_outcomes={'won': 1, 'stalled': 150, 'truncated': 475, 'other': 0}  rss= 1648.1MB  (933s)
step   290000/600000  eps=0.082  episodes=  631  mean_return= 59.388  mean_loss= 0.22962  mean_foundation=  8.6/52  lifetime_outcomes={'won': 1, 'stalled': 153, 'truncated': 477, 'other': 0}  rss= 1648.1MB  (940s)
step   292000/600000  eps=0.075  episodes=  635  mean_return= 72.861  mean_loss= 0.23111  mean_foundation= 16.0/52  lifetime_outcomes={'won': 1, 'stalled': 156, 'truncated': 478, 'other': 0}  rss= 1648.1MB  (947s)
step   294000/600000  eps=0.069  episodes=  641  mean_return= 60.255  mean_loss= 0.22535  mean_foundation=  9.2/52  lifetime_outcomes={'won': 1, 'stalled': 158, 'truncated': 482, 'other': 0}  rss= 1648.1MB  (954s)
step   296000/600000  eps=0.063  episodes=  646  mean_return= 47.652  mean_loss= 0.22680  mean_foundation=  6.4/52  lifetime_outcomes={'won': 1, 'stalled': 160, 'truncated': 485, 'other': 0}  rss= 1648.1MB  (961s)
step   298000/600000  eps=0.056  episodes=  651  mean_return= 54.170  mean_loss= 0.23268  mean_foundation=  6.2/52  lifetime_outcomes={'won': 1, 'stalled': 161, 'truncated': 489, 'other': 0}  rss= 1648.1MB  (968s)
step   300000/600000  eps=0.050  episodes=  656  mean_return= 58.584  mean_loss= 0.22649  mean_foundation=  5.4/52  lifetime_outcomes={'won': 1, 'stalled': 162, 'truncated': 493, 'other': 0}  rss= 1648.1MB  (974s)
  EVAL  step   300000  win_rate=0.00%  mean_return= 28.922  mean_foundation=  2.3/52  mean_length=477.7  (greedy, 20 fixed deals)
step   302000/600000  eps=0.050  episodes=  661  mean_return= 69.809  mean_loss= 0.22653  mean_foundation=  8.2/52  lifetime_outcomes={'won': 1, 'stalled': 165, 'truncated': 495, 'other': 0}  rss= 1648.1MB  (995s)
step   304000/600000  eps=0.050  episodes=  666  mean_return= 50.850  mean_loss= 0.21772  mean_foundation=  7.8/52  lifetime_outcomes={'won': 1, 'stalled': 168, 'truncated': 497, 'other': 0}  rss= 1648.1MB  (1006s)
step   306000/600000  eps=0.050  episodes=  671  mean_return= 69.569  mean_loss= 0.22122  mean_foundation= 12.8/52  lifetime_outcomes={'won': 1, 'stalled': 169, 'truncated': 501, 'other': 0}  rss= 1648.1MB  (1021s)
step   308000/600000  eps=0.050  episodes=  676  mean_return= 58.167  mean_loss= 0.21631  mean_foundation=  7.8/52  lifetime_outcomes={'won': 1, 'stalled': 170, 'truncated': 505, 'other': 0}  rss= 1648.1MB  (1032s)
step   310000/600000  eps=0.050  episodes=  682  mean_return= 33.576  mean_loss= 0.21637  mean_foundation=  4.5/52  lifetime_outcomes={'won': 1, 'stalled': 174, 'truncated': 507, 'other': 0}  rss= 1648.1MB  (1038s)
step   312000/600000  eps=0.050  episodes=  688  mean_return= 44.451  mean_loss= 0.22231  mean_foundation=  5.2/52  lifetime_outcomes={'won': 1, 'stalled': 176, 'truncated': 511, 'other': 0}  rss= 1648.1MB  (1045s)
step   314000/600000  eps=0.050  episodes=  693  mean_return= 53.011  mean_loss= 0.21808  mean_foundation=  5.4/52  lifetime_outcomes={'won': 1, 'stalled': 178, 'truncated': 514, 'other': 0}  rss= 1648.1MB  (1051s)
step   316000/600000  eps=0.050  episodes=  700  mean_return= 52.116  mean_loss= 0.21462  mean_foundation=  5.7/52  lifetime_outcomes={'won': 1, 'stalled': 182, 'truncated': 517, 'other': 0}  rss= 1648.1MB  (1058s)
step   318000/600000  eps=0.050  episodes=  706  mean_return= 58.350  mean_loss= 0.20273  mean_foundation=  8.2/52  lifetime_outcomes={'won': 1, 'stalled': 185, 'truncated': 520, 'other': 0}  rss= 1648.1MB  (1064s)
step   320000/600000  eps=0.050  episodes=  712  mean_return= 57.330  mean_loss= 0.20585  mean_foundation=  5.3/52  lifetime_outcomes={'won': 1, 'stalled': 188, 'truncated': 523, 'other': 0}  rss= 1648.1MB  (1072s)
  EVAL  step   320000  win_rate=0.00%  mean_return= 38.422  mean_foundation=  4.0/52  mean_length=477.9  (greedy, 20 fixed deals)
step   322000/600000  eps=0.050  episodes=  716  mean_return= 47.000  mean_loss= 0.21209  mean_foundation=  3.8/52  lifetime_outcomes={'won': 1, 'stalled': 188, 'truncated': 527, 'other': 0}  rss= 1648.1MB  (1088s)
step   324000/600000  eps=0.050  episodes=  720  mean_return= 46.090  mean_loss= 0.21771  mean_foundation=  8.8/52  lifetime_outcomes={'won': 1, 'stalled': 189, 'truncated': 530, 'other': 0}  rss= 1648.1MB  (1094s)
step   326000/600000  eps=0.050  episodes=  727  mean_return= 67.233  mean_loss= 0.21494  mean_foundation=  8.7/52  lifetime_outcomes={'won': 1, 'stalled': 192, 'truncated': 534, 'other': 0}  rss= 1648.1MB  (1100s)
step   328000/600000  eps=0.050  episodes=  732  mean_return= 78.199  mean_loss= 0.21303  mean_foundation= 10.8/52  lifetime_outcomes={'won': 1, 'stalled': 195, 'truncated': 536, 'other': 0}  rss= 1648.1MB  (1107s)
step   330000/600000  eps=0.050  episodes=  738  mean_return= 47.703  mean_loss= 0.20533  mean_foundation=  7.0/52  lifetime_outcomes={'won': 1, 'stalled': 199, 'truncated': 538, 'other': 0}  rss= 1648.1MB  (1113s)
step   332000/600000  eps=0.050  episodes=  743  mean_return= 53.971  mean_loss= 0.20209  mean_foundation=  4.6/52  lifetime_outcomes={'won': 1, 'stalled': 200, 'truncated': 542, 'other': 0}  rss= 1648.1MB  (1119s)
step   334000/600000  eps=0.050  episodes=  747  mean_return= 75.006  mean_loss= 0.20338  mean_foundation= 15.0/52  lifetime_outcomes={'won': 1, 'stalled': 201, 'truncated': 545, 'other': 0}  rss= 1648.1MB  (1126s)
step   336000/600000  eps=0.050  episodes=  752  mean_return= 44.406  mean_loss= 0.20119  mean_foundation=  7.6/52  lifetime_outcomes={'won': 1, 'stalled': 203, 'truncated': 548, 'other': 0}  rss= 1648.1MB  (1133s)
step   338000/600000  eps=0.050  episodes=  756  mean_return= 52.250  mean_loss= 0.20986  mean_foundation=  4.0/52  lifetime_outcomes={'won': 1, 'stalled': 203, 'truncated': 552, 'other': 0}  rss= 1648.1MB  (1139s)
step   340000/600000  eps=0.050  episodes=  761  mean_return= 61.047  mean_loss= 0.19840  mean_foundation=  5.6/52  lifetime_outcomes={'won': 1, 'stalled': 205, 'truncated': 555, 'other': 0}  rss= 1648.1MB  (1146s)
  EVAL  step   340000  win_rate=0.00%  mean_return= 34.300  mean_foundation=  3.6/52  mean_length=500.0  (greedy, 20 fixed deals)
step   342000/600000  eps=0.050  episodes=  768  mean_return= 50.245  mean_loss= 0.19721  mean_foundation=  7.7/52  lifetime_outcomes={'won': 1, 'stalled': 208, 'truncated': 559, 'other': 0}  rss= 1648.1MB  (1161s)
step   344000/600000  eps=0.050  episodes=  775  mean_return= 48.855  mean_loss= 0.19819  mean_foundation=  5.9/52  lifetime_outcomes={'won': 1, 'stalled': 213, 'truncated': 561, 'other': 0}  rss= 1648.1MB  (1169s)
step   346000/600000  eps=0.050  episodes=  779  mean_return= 57.082  mean_loss= 0.19625  mean_foundation=  8.5/52  lifetime_outcomes={'won': 1, 'stalled': 214, 'truncated': 564, 'other': 0}  rss= 1648.1MB  (1175s)
step   348000/600000  eps=0.050  episodes=  787  mean_return= 65.073  mean_loss= 0.19767  mean_foundation= 11.4/52  lifetime_outcomes={'won': 1, 'stalled': 218, 'truncated': 568, 'other': 0}  rss= 1648.1MB  (1186s)
step   350000/600000  eps=0.050  episodes=  793  mean_return= 58.501  mean_loss= 0.19917  mean_foundation=  6.7/52  lifetime_outcomes={'won': 1, 'stalled': 221, 'truncated': 571, 'other': 0}  rss= 1648.1MB  (1199s)
step   352000/600000  eps=0.050  episodes=  798  mean_return= 66.284  mean_loss= 0.19711  mean_foundation= 11.4/52  lifetime_outcomes={'won': 1, 'stalled': 224, 'truncated': 573, 'other': 0}  rss= 1648.1MB  (1214s)
step   354000/600000  eps=0.050  episodes=  805  mean_return= 41.509  mean_loss= 0.20983  mean_foundation=  5.1/52  lifetime_outcomes={'won': 1, 'stalled': 227, 'truncated': 577, 'other': 0}  rss= 1648.1MB  (1234s)
step   356000/600000  eps=0.050  episodes=  811  mean_return= 68.670  mean_loss= 0.20359  mean_foundation= 12.0/52  lifetime_outcomes={'won': 1, 'stalled': 230, 'truncated': 580, 'other': 0}  rss= 1648.1MB  (1250s)
step   358000/600000  eps=0.050  episodes=  815  mean_return= 25.000  mean_loss= 0.19862  mean_foundation=  3.8/52  lifetime_outcomes={'won': 1, 'stalled': 230, 'truncated': 584, 'other': 0}  rss= 1648.1MB  (1263s)
step   360000/600000  eps=0.050  episodes=  820  mean_return= 23.853  mean_loss= 0.19625  mean_foundation=  4.2/52  lifetime_outcomes={'won': 1, 'stalled': 232, 'truncated': 587, 'other': 0}  rss= 1648.1MB  (1276s)
  EVAL  step   360000  win_rate=0.00%  mean_return= 32.193  mean_foundation=  4.0/52  mean_length=457.1  (greedy, 20 fixed deals)
step   362000/600000  eps=0.050  episodes=  825  mean_return= 48.784  mean_loss= 0.19490  mean_foundation=  5.4/52  lifetime_outcomes={'won': 1, 'stalled': 234, 'truncated': 590, 'other': 0}  rss= 1648.1MB  (1303s)
step   364000/600000  eps=0.050  episodes=  829  mean_return= 35.500  mean_loss= 0.19293  mean_foundation=  3.8/52  lifetime_outcomes={'won': 1, 'stalled': 234, 'truncated': 594, 'other': 0}  rss= 1648.1MB  (1315s)
step   366000/600000  eps=0.050  episodes=  835  mean_return= 31.201  mean_loss= 0.19099  mean_foundation=  4.7/52  lifetime_outcomes={'won': 1, 'stalled': 237, 'truncated': 597, 'other': 0}  rss= 1648.1MB  (1322s)
step   368000/600000  eps=0.050  episodes=  841  mean_return= 50.627  mean_loss= 0.18571  mean_foundation=  5.0/52  lifetime_outcomes={'won': 1, 'stalled': 240, 'truncated': 600, 'other': 0}  rss= 1648.1MB  (1328s)
step   370000/600000  eps=0.050  episodes=  847  mean_return= 66.978  mean_loss= 0.18947  mean_foundation=  7.7/52  lifetime_outcomes={'won': 1, 'stalled': 244, 'truncated': 602, 'other': 0}  rss= 1648.1MB  (1335s)
step   372000/600000  eps=0.050  episodes=  852  mean_return= 57.011  mean_loss= 0.18276  mean_foundation=  8.0/52  lifetime_outcomes={'won': 1, 'stalled': 246, 'truncated': 605, 'other': 0}  rss= 1648.1MB  (1341s)
step   374000/600000  eps=0.050  episodes=  856  mean_return= 73.000  mean_loss= 0.18932  mean_foundation= 10.5/52  lifetime_outcomes={'won': 1, 'stalled': 246, 'truncated': 609, 'other': 0}  rss= 1648.1MB  (1354s)
step   376000/600000  eps=0.050  episodes=  861  mean_return= 40.476  mean_loss= 0.18860  mean_foundation=  6.6/52  lifetime_outcomes={'won': 1, 'stalled': 248, 'truncated': 612, 'other': 0}  rss= 1648.1MB  (1367s)
step   378000/600000  eps=0.050  episodes=  865  mean_return= 51.750  mean_loss= 0.18915  mean_foundation=  5.8/52  lifetime_outcomes={'won': 1, 'stalled': 248, 'truncated': 616, 'other': 0}  rss= 1648.1MB  (1380s)
step   380000/600000  eps=0.050  episodes=  872  mean_return= 41.995  mean_loss= 0.18510  mean_foundation=  5.3/52  lifetime_outcomes={'won': 1, 'stalled': 252, 'truncated': 619, 'other': 0}  rss= 1648.1MB  (1393s)
  EVAL  step   380000  win_rate=0.00%  mean_return= 29.886  mean_foundation=  3.6/52  mean_length=414.1  (greedy, 20 fixed deals)
step   382000/600000  eps=0.050  episodes=  877  mean_return= 34.786  mean_loss= 0.18481  mean_foundation=  5.4/52  lifetime_outcomes={'won': 1, 'stalled': 253, 'truncated': 623, 'other': 0}  rss= 1648.1MB  (1423s)
step   384000/600000  eps=0.050  episodes=  882  mean_return= 52.204  mean_loss= 0.17802  mean_foundation=  8.0/52  lifetime_outcomes={'won': 1, 'stalled': 256, 'truncated': 625, 'other': 0}  rss= 1648.1MB  (1439s)
step   386000/600000  eps=0.050  episodes=  886  mean_return= 54.750  mean_loss= 0.17668  mean_foundation=  7.2/52  lifetime_outcomes={'won': 1, 'stalled': 256, 'truncated': 629, 'other': 0}  rss= 1648.1MB  (1454s)
step   388000/600000  eps=0.050  episodes=  891  mean_return= 75.822  mean_loss= 0.17656  mean_foundation= 10.2/52  lifetime_outcomes={'won': 1, 'stalled': 258, 'truncated': 632, 'other': 0}  rss= 1648.1MB  (1470s)
step   390000/600000  eps=0.050  episodes=  896  mean_return= 49.590  mean_loss= 0.17303  mean_foundation=  4.6/52  lifetime_outcomes={'won': 1, 'stalled': 259, 'truncated': 636, 'other': 0}  rss= 1648.1MB  (1485s)
step   392000/600000  eps=0.050  episodes=  901  mean_return= 44.984  mean_loss= 0.17326  mean_foundation=  6.6/52  lifetime_outcomes={'won': 1, 'stalled': 260, 'truncated': 640, 'other': 0}  rss= 1648.1MB  (1499s)
step   394000/600000  eps=0.050  episodes=  906  mean_return= 57.146  mean_loss= 0.17371  mean_foundation=  6.6/52  lifetime_outcomes={'won': 1, 'stalled': 261, 'truncated': 644, 'other': 0}  rss= 1648.1MB  (1514s)
step   396000/600000  eps=0.050  episodes=  911  mean_return= 59.277  mean_loss= 0.17040  mean_foundation=  7.4/52  lifetime_outcomes={'won': 1, 'stalled': 264, 'truncated': 646, 'other': 0}  rss= 1648.1MB  (1526s)
step   398000/600000  eps=0.050  episodes=  915  mean_return= 69.000  mean_loss= 0.18055  mean_foundation=  6.8/52  lifetime_outcomes={'won': 1, 'stalled': 264, 'truncated': 650, 'other': 0}  rss= 1648.1MB  (1536s)
step   400000/600000  eps=0.050  episodes=  920  mean_return= 63.353  mean_loss= 0.17583  mean_foundation=  7.4/52  lifetime_outcomes={'won': 1, 'stalled': 265, 'truncated': 654, 'other': 0}  rss= 1648.1MB  (1552s)
  EVAL  step   400000  win_rate=0.00%  mean_return= 34.921  mean_foundation=  3.5/52  mean_length=479.1  (greedy, 20 fixed deals)
step   402000/600000  eps=0.050  episodes=  924  mean_return= 84.544  mean_loss= 0.17066  mean_foundation= 11.8/52  lifetime_outcomes={'won': 1, 'stalled': 266, 'truncated': 657, 'other': 0}  rss= 1648.1MB  (1571s)
step   404000/600000  eps=0.050  episodes=  931  mean_return= 41.096  mean_loss= 0.16672  mean_foundation=  7.0/52  lifetime_outcomes={'won': 1, 'stalled': 269, 'truncated': 661, 'other': 0}  rss= 1648.1MB  (1577s)
step   406000/600000  eps=0.050  episodes=  937  mean_return= 40.531  mean_loss= 0.16767  mean_foundation=  4.0/52  lifetime_outcomes={'won': 1, 'stalled': 272, 'truncated': 664, 'other': 0}  rss= 1648.1MB  (1584s)
step   408000/600000  eps=0.050  episodes=  944  mean_return= 44.251  mean_loss= 0.16862  mean_foundation=  5.0/52  lifetime_outcomes={'won': 1, 'stalled': 277, 'truncated': 666, 'other': 0}  rss= 1648.1MB  (1590s)
step   410000/600000  eps=0.050  episodes=  948  mean_return= 44.106  mean_loss= 0.16723  mean_foundation=  2.8/52  lifetime_outcomes={'won': 1, 'stalled': 278, 'truncated': 669, 'other': 0}  rss= 1648.1MB  (1596s)
step   412000/600000  eps=0.050  episodes=  954  mean_return= 44.971  mean_loss= 0.17750  mean_foundation=  8.0/52  lifetime_outcomes={'won': 1, 'stalled': 280, 'truncated': 673, 'other': 0}  rss= 1648.1MB  (1603s)
step   414000/600000  eps=0.050  episodes=  958  mean_return= 53.529  mean_loss= 0.16459  mean_foundation=  5.8/52  lifetime_outcomes={'won': 1, 'stalled': 281, 'truncated': 676, 'other': 0}  rss= 1648.1MB  (1611s)
step   416000/600000  eps=0.050  episodes=  965  mean_return= 44.804  mean_loss= 0.17348  mean_foundation=  6.9/52  lifetime_outcomes={'won': 1, 'stalled': 284, 'truncated': 680, 'other': 0}  rss= 1648.1MB  (1617s)
step   418000/600000  eps=0.050  episodes=  969  mean_return= 67.549  mean_loss= 0.16682  mean_foundation=  6.0/52  lifetime_outcomes={'won': 1, 'stalled': 285, 'truncated': 683, 'other': 0}  rss= 1648.1MB  (1623s)
step   420000/600000  eps=0.050  episodes=  974  mean_return= 55.602  mean_loss= 0.16414  mean_foundation=  9.6/52  lifetime_outcomes={'won': 1, 'stalled': 287, 'truncated': 686, 'other': 0}  rss= 1648.1MB  (1631s)
  EVAL  step   420000  win_rate=0.00%  mean_return= 35.093  mean_foundation=  3.8/52  mean_length=457.4  (greedy, 20 fixed deals)
step   422000/600000  eps=0.050  episodes=  978  mean_return= 62.250  mean_loss= 0.17662  mean_foundation=  8.5/52  lifetime_outcomes={'won': 1, 'stalled': 287, 'truncated': 690, 'other': 0}  rss= 1648.1MB  (1657s)
step   424000/600000  eps=0.050  episodes=  984  mean_return= 46.813  mean_loss= 0.16987  mean_foundation=  6.0/52  lifetime_outcomes={'won': 1, 'stalled': 289, 'truncated': 694, 'other': 0}  rss= 1648.1MB  (1672s)
step   426000/600000  eps=0.050  episodes=  988  mean_return= 47.843  mean_loss= 0.16854  mean_foundation=  3.0/52  lifetime_outcomes={'won': 1, 'stalled': 291, 'truncated': 696, 'other': 0}  rss= 1648.1MB  (1685s)
step   428000/600000  eps=0.050  episodes=  992  mean_return= 80.000  mean_loss= 0.16434  mean_foundation= 13.2/52  lifetime_outcomes={'won': 1, 'stalled': 291, 'truncated': 700, 'other': 0}  rss= 1648.1MB  (1692s)
step   430000/600000  eps=0.050  episodes=  998  mean_return= 41.646  mean_loss= 0.16043  mean_foundation=  5.2/52  lifetime_outcomes={'won': 1, 'stalled': 293, 'truncated': 704, 'other': 0}  rss= 1648.1MB  (1698s)
step   432000/600000  eps=0.050  episodes= 1003  mean_return= 80.574  mean_loss= 0.16384  mean_foundation= 12.8/52  lifetime_outcomes={'won': 1, 'stalled': 294, 'truncated': 708, 'other': 0}  rss= 1648.1MB  (1703s)
step   434000/600000  eps=0.050  episodes= 1009  mean_return= 54.507  mean_loss= 0.16575  mean_foundation=  6.2/52  lifetime_outcomes={'won': 1, 'stalled': 297, 'truncated': 711, 'other': 0}  rss= 1648.1MB  (1710s)
step   436000/600000  eps=0.050  episodes= 1014  mean_return= 34.835  mean_loss= 0.16475  mean_foundation=  5.6/52  lifetime_outcomes={'won': 1, 'stalled': 299, 'truncated': 714, 'other': 0}  rss= 1648.1MB  (1716s)
step   438000/600000  eps=0.050  episodes= 1018  mean_return= 40.000  mean_loss= 0.16118  mean_foundation=  5.0/52  lifetime_outcomes={'won': 1, 'stalled': 299, 'truncated': 718, 'other': 0}  rss= 1648.1MB  (1722s)
step   440000/600000  eps=0.050  episodes= 1024  mean_return= 45.303  mean_loss= 0.16248  mean_foundation=  5.0/52  lifetime_outcomes={'won': 1, 'stalled': 301, 'truncated': 722, 'other': 0}  rss= 1648.1MB  (1729s)
  EVAL  step   440000  win_rate=0.00%  mean_return= 31.455  mean_foundation=  4.2/52  mean_length=395.3  (greedy, 20 fixed deals)
step   442000/600000  eps=0.050  episodes= 1029  mean_return= 68.361  mean_loss= 0.15891  mean_foundation=  6.8/52  lifetime_outcomes={'won': 1, 'stalled': 302, 'truncated': 726, 'other': 0}  rss= 1648.1MB  (1744s)
step   444000/600000  eps=0.050  episodes= 1034  mean_return= 35.410  mean_loss= 0.15985  mean_foundation=  4.6/52  lifetime_outcomes={'won': 1, 'stalled': 304, 'truncated': 729, 'other': 0}  rss= 1648.1MB  (1750s)
step   446000/600000  eps=0.050  episodes= 1038  mean_return= 55.103  mean_loss= 0.15875  mean_foundation=  6.2/52  lifetime_outcomes={'won': 1, 'stalled': 305, 'truncated': 732, 'other': 0}  rss= 1648.1MB  (1757s)
step   448000/600000  eps=0.050  episodes= 1044  mean_return= 30.783  mean_loss= 0.15907  mean_foundation=  4.2/52  lifetime_outcomes={'won': 1, 'stalled': 308, 'truncated': 735, 'other': 0}  rss= 1648.1MB  (1763s)
step   450000/600000  eps=0.050  episodes= 1049  mean_return= 71.062  mean_loss= 0.15308  mean_foundation=  5.8/52  lifetime_outcomes={'won': 1, 'stalled': 311, 'truncated': 737, 'other': 0}  rss= 1648.1MB  (1770s)
step   452000/600000  eps=0.050  episodes= 1056  mean_return= 37.818  mean_loss= 0.15657  mean_foundation=  5.0/52  lifetime_outcomes={'won': 1, 'stalled': 314, 'truncated': 741, 'other': 0}  rss= 1652.8MB  (1777s)
step   454000/600000  eps=0.050  episodes= 1062  mean_return= 49.352  mean_loss= 0.14913  mean_foundation=  6.8/52  lifetime_outcomes={'won': 1, 'stalled': 317, 'truncated': 744, 'other': 0}  rss= 1652.8MB  (1784s)
step   456000/600000  eps=0.050  episodes= 1068  mean_return= 40.156  mean_loss= 0.15001  mean_foundation=  7.2/52  lifetime_outcomes={'won': 1, 'stalled': 320, 'truncated': 747, 'other': 0}  rss= 1652.8MB  (1790s)
step   458000/600000  eps=0.050  episodes= 1074  mean_return= 39.802  mean_loss= 0.15386  mean_foundation=  4.3/52  lifetime_outcomes={'won': 1, 'stalled': 322, 'truncated': 751, 'other': 0}  rss= 1652.8MB  (1797s)
step   460000/600000  eps=0.050  episodes= 1079  mean_return= 90.789  mean_loss= 0.15285  mean_foundation= 11.2/52  lifetime_outcomes={'won': 1, 'stalled': 324, 'truncated': 754, 'other': 0}  rss= 1652.8MB  (1804s)
  EVAL  step   460000  win_rate=0.00%  mean_return= 38.137  mean_foundation=  4.0/52  mean_length=413.1  (greedy, 20 fixed deals)
step   462000/600000  eps=0.050  episodes= 1083  mean_return= 59.356  mean_loss= 0.15865  mean_foundation=  5.5/52  lifetime_outcomes={'won': 1, 'stalled': 325, 'truncated': 757, 'other': 0}  rss= 1652.8MB  (1818s)
step   464000/600000  eps=0.050  episodes= 1089  mean_return= 48.140  mean_loss= 0.15751  mean_foundation=  4.7/52  lifetime_outcomes={'won': 1, 'stalled': 327, 'truncated': 761, 'other': 0}  rss= 1652.8MB  (1825s)
step   466000/600000  eps=0.050  episodes= 1093  mean_return= 73.302  mean_loss= 0.15455  mean_foundation=  8.5/52  lifetime_outcomes={'won': 1, 'stalled': 328, 'truncated': 764, 'other': 0}  rss= 1652.8MB  (1831s)
step   468000/600000  eps=0.050  episodes= 1098  mean_return= 38.375  mean_loss= 0.15191  mean_foundation=  3.2/52  lifetime_outcomes={'won': 1, 'stalled': 329, 'truncated': 768, 'other': 0}  rss= 1652.8MB  (1837s)
step   470000/600000  eps=0.050  episodes= 1104  mean_return= 40.662  mean_loss= 0.14902  mean_foundation=  6.5/52  lifetime_outcomes={'won': 1, 'stalled': 332, 'truncated': 771, 'other': 0}  rss= 1652.8MB  (1845s)
step   472000/600000  eps=0.050  episodes= 1109  mean_return= 40.611  mean_loss= 0.15164  mean_foundation=  4.4/52  lifetime_outcomes={'won': 1, 'stalled': 334, 'truncated': 774, 'other': 0}  rss= 1652.8MB  (1851s)
step   474000/600000  eps=0.050  episodes= 1116  mean_return= 39.244  mean_loss= 0.14961  mean_foundation=  6.0/52  lifetime_outcomes={'won': 1, 'stalled': 338, 'truncated': 777, 'other': 0}  rss= 1652.8MB  (1858s)
step   476000/600000  eps=0.050  episodes= 1121  mean_return= 38.586  mean_loss= 0.15699  mean_foundation=  3.8/52  lifetime_outcomes={'won': 1, 'stalled': 340, 'truncated': 780, 'other': 0}  rss= 1652.8MB  (1864s)
step   478000/600000  eps=0.050  episodes= 1125  mean_return= 27.107  mean_loss= 0.15394  mean_foundation=  4.5/52  lifetime_outcomes={'won': 1, 'stalled': 342, 'truncated': 782, 'other': 0}  rss= 1652.8MB  (1871s)
step   480000/600000  eps=0.050  episodes= 1131  mean_return= 37.433  mean_loss= 0.15718  mean_foundation=  5.3/52  lifetime_outcomes={'won': 1, 'stalled': 344, 'truncated': 786, 'other': 0}  rss= 1652.8MB  (1877s)
  EVAL  step   480000  win_rate=0.00%  mean_return= 32.550  mean_foundation=  3.6/52  mean_length=500.0  (greedy, 20 fixed deals)
step   482000/600000  eps=0.050  episodes= 1135  mean_return= 32.607  mean_loss= 0.15407  mean_foundation=  5.0/52  lifetime_outcomes={'won': 1, 'stalled': 346, 'truncated': 788, 'other': 0}  rss= 1652.8MB  (1892s)
step   484000/600000  eps=0.050  episodes= 1142  mean_return= 54.817  mean_loss= 0.15033  mean_foundation=  6.3/52  lifetime_outcomes={'won': 1, 'stalled': 349, 'truncated': 792, 'other': 0}  rss= 1652.8MB  (1898s)
step   486000/600000  eps=0.050  episodes= 1147  mean_return= 67.653  mean_loss= 0.15740  mean_foundation= 11.4/52  lifetime_outcomes={'won': 1, 'stalled': 351, 'truncated': 795, 'other': 0}  rss= 1652.8MB  (1904s)
step   488000/600000  eps=0.050  episodes= 1152  mean_return= 62.144  mean_loss= 0.15655  mean_foundation=  5.8/52  lifetime_outcomes={'won': 1, 'stalled': 352, 'truncated': 799, 'other': 0}  rss= 1652.8MB  (1910s)
step   490000/600000  eps=0.050  episodes= 1156  mean_return= 62.500  mean_loss= 0.15781  mean_foundation=  6.0/52  lifetime_outcomes={'won': 1, 'stalled': 352, 'truncated': 803, 'other': 0}  rss= 1652.8MB  (1917s)
step   492000/600000  eps=0.050  episodes= 1161  mean_return= 30.642  mean_loss= 0.15700  mean_foundation=  5.0/52  lifetime_outcomes={'won': 1, 'stalled': 355, 'truncated': 805, 'other': 0}  rss= 1652.8MB  (1923s)
step   494000/600000  eps=0.050  episodes= 1167  mean_return= 44.941  mean_loss= 0.15687  mean_foundation=  4.0/52  lifetime_outcomes={'won': 1, 'stalled': 357, 'truncated': 809, 'other': 0}  rss= 1652.8MB  (1929s)
step   496000/600000  eps=0.050  episodes= 1171  mean_return= 55.040  mean_loss= 0.16623  mean_foundation=  2.8/52  lifetime_outcomes={'won': 1, 'stalled': 359, 'truncated': 811, 'other': 0}  rss= 1652.8MB  (1935s)
step   498000/600000  eps=0.050  episodes= 1176  mean_return= 50.980  mean_loss= 0.16693  mean_foundation=  4.4/52  lifetime_outcomes={'won': 1, 'stalled': 360, 'truncated': 815, 'other': 0}  rss= 1652.8MB  (1942s)
step   500000/600000  eps=0.050  episodes= 1182  mean_return= 68.179  mean_loss= 0.16843  mean_foundation=  7.3/52  lifetime_outcomes={'won': 1, 'stalled': 363, 'truncated': 818, 'other': 0}  rss= 1652.8MB  (1948s)
  EVAL  step   500000  win_rate=0.00%  mean_return= 37.244  mean_foundation=  4.8/52  mean_length=456.1  (greedy, 20 fixed deals)
step   502000/600000  eps=0.050  episodes= 1187  mean_return= 48.001  mean_loss= 0.16974  mean_foundation=  6.6/52  lifetime_outcomes={'won': 1, 'stalled': 365, 'truncated': 821, 'other': 0}  rss= 1652.8MB  (1962s)
step   504000/600000  eps=0.050  episodes= 1192  mean_return= 51.594  mean_loss= 0.16674  mean_foundation=  5.2/52  lifetime_outcomes={'won': 1, 'stalled': 367, 'truncated': 824, 'other': 0}  rss= 1652.8MB  (1969s)
step   506000/600000  eps=0.050  episodes= 1196  mean_return= 50.581  mean_loss= 0.16046  mean_foundation=  7.8/52  lifetime_outcomes={'won': 1, 'stalled': 368, 'truncated': 827, 'other': 0}  rss= 1652.8MB  (1975s)
step   508000/600000  eps=0.050  episodes= 1201  mean_return= 88.383  mean_loss= 0.16746  mean_foundation= 14.4/52  lifetime_outcomes={'won': 1, 'stalled': 370, 'truncated': 830, 'other': 0}  rss= 1652.8MB  (1982s)
step   510000/600000  eps=0.050  episodes= 1210  mean_return= 46.190  mean_loss= 0.17165  mean_foundation=  5.8/52  lifetime_outcomes={'won': 1, 'stalled': 376, 'truncated': 833, 'other': 0}  rss= 1652.8MB  (1988s)
step   512000/600000  eps=0.050  episodes= 1215  mean_return= 43.853  mean_loss= 0.17823  mean_foundation=  6.6/52  lifetime_outcomes={'won': 1, 'stalled': 378, 'truncated': 836, 'other': 0}  rss= 1652.8MB  (1996s)
step   514000/600000  eps=0.050  episodes= 1219  mean_return= 45.750  mean_loss= 0.17243  mean_foundation=  6.0/52  lifetime_outcomes={'won': 1, 'stalled': 378, 'truncated': 840, 'other': 0}  rss= 1652.8MB  (2002s)
step   516000/600000  eps=0.050  episodes= 1224  mean_return= 72.813  mean_loss= 0.16920  mean_foundation=  8.0/52  lifetime_outcomes={'won': 1, 'stalled': 380, 'truncated': 843, 'other': 0}  rss= 1652.8MB  (2009s)
step   518000/600000  eps=0.050  episodes= 1228  mean_return= 79.500  mean_loss= 0.17686  mean_foundation= 11.5/52  lifetime_outcomes={'won': 1, 'stalled': 380, 'truncated': 847, 'other': 0}  rss= 1652.8MB  (2016s)
step   520000/600000  eps=0.050  episodes= 1234  mean_return= 48.141  mean_loss= 0.17550  mean_foundation=  8.2/52  lifetime_outcomes={'won': 1, 'stalled': 383, 'truncated': 850, 'other': 0}  rss= 1652.8MB  (2022s)
  EVAL  step   520000  win_rate=0.00%  mean_return= 40.209  mean_foundation=  5.5/52  mean_length=391.4  (greedy, 20 fixed deals)
step   522000/600000  eps=0.050  episodes= 1239  mean_return= 77.233  mean_loss= 0.17916  mean_foundation=  6.6/52  lifetime_outcomes={'won': 1, 'stalled': 385, 'truncated': 853, 'other': 0}  rss= 1652.8MB  (2036s)
step   524000/600000  eps=0.050  episodes= 1243  mean_return= 80.755  mean_loss= 0.18088  mean_foundation= 14.5/52  lifetime_outcomes={'won': 1, 'stalled': 386, 'truncated': 856, 'other': 0}  rss= 1652.8MB  (2042s)
step   526000/600000  eps=0.050  episodes= 1248  mean_return= 53.974  mean_loss= 0.17379  mean_foundation=  5.0/52  lifetime_outcomes={'won': 1, 'stalled': 387, 'truncated': 860, 'other': 0}  rss= 1652.8MB  (2048s)
step   528000/600000  eps=0.050  episodes= 1253  mean_return= 53.788  mean_loss= 0.17583  mean_foundation=  7.4/52  lifetime_outcomes={'won': 1, 'stalled': 389, 'truncated': 863, 'other': 0}  rss= 1652.8MB  (2055s)
step   530000/600000  eps=0.050  episodes= 1258  mean_return= 57.978  mean_loss= 0.17303  mean_foundation=  6.8/52  lifetime_outcomes={'won': 1, 'stalled': 392, 'truncated': 865, 'other': 0}  rss= 1652.8MB  (2062s)
step   532000/600000  eps=0.050  episodes= 1263  mean_return= 67.003  mean_loss= 0.17621  mean_foundation=  9.6/52  lifetime_outcomes={'won': 1, 'stalled': 394, 'truncated': 868, 'other': 0}  rss= 1652.8MB  (2069s)
step   534000/600000  eps=0.050  episodes= 1268  mean_return= 32.385  mean_loss= 0.17206  mean_foundation=  5.6/52  lifetime_outcomes={'won': 1, 'stalled': 395, 'truncated': 872, 'other': 0}  rss= 1652.8MB  (2075s)
step   536000/600000  eps=0.050  episodes= 1272  mean_return= 55.834  mean_loss= 0.17331  mean_foundation=  6.2/52  lifetime_outcomes={'won': 1, 'stalled': 397, 'truncated': 874, 'other': 0}  rss= 1652.8MB  (2081s)
step   538000/600000  eps=0.050  episodes= 1278  mean_return= 50.519  mean_loss= 0.17994  mean_foundation=  6.3/52  lifetime_outcomes={'won': 1, 'stalled': 400, 'truncated': 877, 'other': 0}  rss= 1652.8MB  (2088s)
step   540000/600000  eps=0.050  episodes= 1283  mean_return= 54.363  mean_loss= 0.17022  mean_foundation=  5.2/52  lifetime_outcomes={'won': 1, 'stalled': 401, 'truncated': 881, 'other': 0}  rss= 1652.8MB  (2095s)
  EVAL  step   540000  win_rate=0.00%  mean_return= 32.466  mean_foundation=  3.5/52  mean_length=434.3  (greedy, 20 fixed deals)
step   542000/600000  eps=0.050  episodes= 1287  mean_return= 52.750  mean_loss= 0.17727  mean_foundation=  6.2/52  lifetime_outcomes={'won': 1, 'stalled': 401, 'truncated': 885, 'other': 0}  rss= 1652.8MB  (2110s)
step   544000/600000  eps=0.050  episodes= 1293  mean_return= 55.309  mean_loss= 0.17558  mean_foundation=  8.5/52  lifetime_outcomes={'won': 1, 'stalled': 404, 'truncated': 888, 'other': 0}  rss= 1652.8MB  (2116s)
step   546000/600000  eps=0.050  episodes= 1297  mean_return= 60.835  mean_loss= 0.16481  mean_foundation=  7.2/52  lifetime_outcomes={'won': 1, 'stalled': 405, 'truncated': 891, 'other': 0}  rss= 1652.8MB  (2122s)
step   548000/600000  eps=0.050  episodes= 1302  mean_return= 32.602  mean_loss= 0.17173  mean_foundation=  5.0/52  lifetime_outcomes={'won': 1, 'stalled': 407, 'truncated': 894, 'other': 0}  rss= 1652.8MB  (2128s)
step   550000/600000  eps=0.050  episodes= 1306  mean_return= 62.750  mean_loss= 0.17029  mean_foundation=  6.8/52  lifetime_outcomes={'won': 1, 'stalled': 407, 'truncated': 898, 'other': 0}  rss= 1652.8MB  (2134s)
step   552000/600000  eps=0.050  episodes= 1310  mean_return= 43.750  mean_loss= 0.17410  mean_foundation=  4.5/52  lifetime_outcomes={'won': 1, 'stalled': 407, 'truncated': 902, 'other': 0}  rss= 1652.8MB  (2141s)
step   554000/600000  eps=0.050  episodes= 1316  mean_return= 54.623  mean_loss= 0.16248  mean_foundation=  4.3/52  lifetime_outcomes={'won': 1, 'stalled': 410, 'truncated': 905, 'other': 0}  rss= 1652.8MB  (2147s)
step   556000/600000  eps=0.050  episodes= 1320  mean_return= 55.757  mean_loss= 0.17286  mean_foundation=  5.5/52  lifetime_outcomes={'won': 1, 'stalled': 411, 'truncated': 908, 'other': 0}  rss= 1652.8MB  (2153s)
step   558000/600000  eps=0.050  episodes= 1326  mean_return= 36.025  mean_loss= 0.17201  mean_foundation=  4.2/52  lifetime_outcomes={'won': 1, 'stalled': 415, 'truncated': 910, 'other': 0}  rss= 1652.8MB  (2161s)
step   560000/600000  eps=0.050  episodes= 1330  mean_return= 77.750  mean_loss= 0.16975  mean_foundation=  6.5/52  lifetime_outcomes={'won': 1, 'stalled': 415, 'truncated': 914, 'other': 0}  rss= 1652.8MB  (2167s)
  EVAL  step   560000  win_rate=0.00%  mean_return= 34.894  mean_foundation=  4.2/52  mean_length=456.2  (greedy, 20 fixed deals)
step   562000/600000  eps=0.050  episodes= 1334  mean_return= 64.500  mean_loss= 0.16703  mean_foundation=  5.8/52  lifetime_outcomes={'won': 1, 'stalled': 415, 'truncated': 918, 'other': 0}  rss= 1652.8MB  (2181s)
step   564000/600000  eps=0.050  episodes= 1339  mean_return= 74.403  mean_loss= 0.17034  mean_foundation=  8.6/52  lifetime_outcomes={'won': 1, 'stalled': 417, 'truncated': 921, 'other': 0}  rss= 1652.8MB  (2187s)
step   566000/600000  eps=0.050  episodes= 1343  mean_return= 56.000  mean_loss= 0.16563  mean_foundation=  4.0/52  lifetime_outcomes={'won': 1, 'stalled': 417, 'truncated': 925, 'other': 0}  rss= 1652.8MB  (2192s)
step   568000/600000  eps=0.050  episodes= 1350  mean_return= 42.244  mean_loss= 0.16458  mean_foundation=  5.1/52  lifetime_outcomes={'won': 1, 'stalled': 420, 'truncated': 929, 'other': 0}  rss= 1652.8MB  (2198s)
step   570000/600000  eps=0.050  episodes= 1355  mean_return= 64.247  mean_loss= 0.16826  mean_foundation=  7.4/52  lifetime_outcomes={'won': 1, 'stalled': 422, 'truncated': 932, 'other': 0}  rss= 1652.8MB  (2205s)
step   572000/600000  eps=0.050  episodes= 1360  mean_return= 54.554  mean_loss= 0.17016  mean_foundation=  4.4/52  lifetime_outcomes={'won': 1, 'stalled': 423, 'truncated': 936, 'other': 0}  rss= 1652.8MB  (2212s)
step   574000/600000  eps=0.050  episodes= 1364  mean_return= 43.091  mean_loss= 0.16238  mean_foundation=  4.8/52  lifetime_outcomes={'won': 1, 'stalled': 425, 'truncated': 938, 'other': 0}  rss= 1652.8MB  (2219s)
step   576000/600000  eps=0.050  episodes= 1371  mean_return= 51.822  mean_loss= 0.15406  mean_foundation=  5.6/52  lifetime_outcomes={'won': 1, 'stalled': 428, 'truncated': 942, 'other': 0}  rss= 1652.8MB  (2226s)
step   578000/600000  eps=0.050  episodes= 1377  mean_return= 71.811  mean_loss= 0.17005  mean_foundation=  8.3/52  lifetime_outcomes={'won': 1, 'stalled': 431, 'truncated': 945, 'other': 0}  rss= 1652.8MB  (2232s)
step   580000/600000  eps=0.050  episodes= 1381  mean_return= 78.000  mean_loss= 0.16306  mean_foundation=  9.5/52  lifetime_outcomes={'won': 1, 'stalled': 431, 'truncated': 949, 'other': 0}  rss= 1652.8MB  (2239s)
  EVAL  step   580000  win_rate=0.00%  mean_return= 37.022  mean_foundation=  3.4/52  mean_length=477.9  (greedy, 20 fixed deals)
step   582000/600000  eps=0.050  episodes= 1385  mean_return= 66.000  mean_loss= 0.17273  mean_foundation=  5.8/52  lifetime_outcomes={'won': 1, 'stalled': 431, 'truncated': 953, 'other': 0}  rss= 1652.8MB  (2254s)
step   584000/600000  eps=0.050  episodes= 1389  mean_return= 84.537  mean_loss= 0.16945  mean_foundation=  8.8/52  lifetime_outcomes={'won': 1, 'stalled': 432, 'truncated': 956, 'other': 0}  rss= 1652.8MB  (2261s)
step   586000/600000  eps=0.050  episodes= 1393  mean_return= 41.250  mean_loss= 0.16526  mean_foundation=  3.5/52  lifetime_outcomes={'won': 1, 'stalled': 432, 'truncated': 960, 'other': 0}  rss= 1652.8MB  (2268s)
step   588000/600000  eps=0.050  episodes= 1398  mean_return= 65.439  mean_loss= 0.17286  mean_foundation=  7.2/52  lifetime_outcomes={'won': 1, 'stalled': 435, 'truncated': 962, 'other': 0}  rss= 1652.8MB  (2274s)
step   590000/600000  eps=0.050  episodes= 1403  mean_return= 58.762  mean_loss= 0.15811  mean_foundation=  8.2/52  lifetime_outcomes={'won': 1, 'stalled': 436, 'truncated': 966, 'other': 0}  rss= 1652.8MB  (2280s)
step   592000/600000  eps=0.050  episodes= 1407  mean_return= 48.500  mean_loss= 0.16473  mean_foundation=  4.8/52  lifetime_outcomes={'won': 1, 'stalled': 436, 'truncated': 970, 'other': 0}  rss= 1652.8MB  (2287s)
step   594000/600000  eps=0.050  episodes= 1411  mean_return= 81.250  mean_loss= 0.16060  mean_foundation=  8.5/52  lifetime_outcomes={'won': 1, 'stalled': 436, 'truncated': 974, 'other': 0}  rss= 1652.8MB  (2295s)
step   596000/600000  eps=0.050  episodes= 1418  mean_return= 51.413  mean_loss= 0.16988  mean_foundation=  5.7/52  lifetime_outcomes={'won': 1, 'stalled': 442, 'truncated': 975, 'other': 0}  rss= 1652.8MB  (2301s)
step   598000/600000  eps=0.050  episodes= 1423  mean_return= 60.587  mean_loss= 0.16549  mean_foundation=  5.6/52  lifetime_outcomes={'won': 1, 'stalled': 443, 'truncated': 979, 'other': 0}  rss= 1652.8MB  (2307s)
step   600000/600000  eps=0.050  episodes= 1429  mean_return= 48.227  mean_loss= 0.16226  mean_foundation=  5.3/52  lifetime_outcomes={'won': 1, 'stalled': 448, 'truncated': 980, 'other': 0}  rss= 1652.8MB  (2314s)
  EVAL  step   600000  win_rate=0.00%  mean_return= 34.950  mean_foundation=  3.6/52  mean_length=500.0  (greedy, 20 fixed deals)
done. saved final checkpoint to runs/010_double_dqn_soft_nstep3_per_slow_eps/checkpoint_final.pt
