=== train_resilient: attempt 1 ===
run directory: runs/016_double_dqn_soft_nstep3_per_bc_wide_finetune (resuming from step 0)
step     1000/400000  eps=0.995  episodes=    1  mean_return=1660.000  mean_loss=     nan  mean_foundation=  3.0/52  lifetime_outcomes={'won': 0, 'stalled': 0, 'truncated': 1, 'other': 0}  rss=  920.0MB  (1s)
step     2000/400000  eps=0.991  episodes=    2  mean_return=440.000  mean_loss=     nan  mean_foundation=  1.0/52  lifetime_outcomes={'won': 0, 'stalled': 0, 'truncated': 2, 'other': 0}  rss=  940.6MB  (1s)
step     3000/400000  eps=0.986  episodes=    3  mean_return=1530.000  mean_loss=     nan  mean_foundation=  9.0/52  lifetime_outcomes={'won': 0, 'stalled': 0, 'truncated': 3, 'other': 0}  rss=  953.4MB  (2s)
step     4000/400000  eps=0.981  episodes=    4  mean_return=1750.000  mean_loss=     nan  mean_foundation= 15.0/52  lifetime_outcomes={'won': 0, 'stalled': 0, 'truncated': 4, 'other': 0}  rss=  967.3MB  (3s)
step     5000/400000  eps=0.976  episodes=    5  mean_return=1700.000  mean_loss= 7.13404  mean_foundation=  9.0/52  lifetime_outcomes={'won': 0, 'stalled': 0, 'truncated': 5, 'other': 0}  rss= 1244.4MB  (4s)
step     6000/400000  eps=0.972  episodes=    6  mean_return=1800.000  mean_loss= 6.43009  mean_foundation= 19.0/52  lifetime_outcomes={'won': 0, 'stalled': 0, 'truncated': 6, 'other': 0}  rss= 1258.2MB  (8s)
step     7000/400000  eps=0.967  episodes=    7  mean_return=229.460  mean_loss= 6.12889  mean_foundation=  2.0/52  lifetime_outcomes={'won': 0, 'stalled': 1, 'truncated': 6, 'other': 0}  rss= 1272.9MB  (11s)
step     8000/400000  eps=0.962  episodes=    8  mean_return=1210.000  mean_loss= 5.75313  mean_foundation=  5.0/52  lifetime_outcomes={'won': 0, 'stalled': 1, 'truncated': 7, 'other': 0}  rss= 1285.9MB  (15s)
step     9000/400000  eps=0.957  episodes=    9  mean_return=1670.000  mean_loss= 5.34005  mean_foundation= 11.0/52  lifetime_outcomes={'won': 0, 'stalled': 1, 'truncated': 8, 'other': 0}  rss= 1289.9MB  (19s)
step    10000/400000  eps=0.953  episodes=   10  mean_return=1330.000  mean_loss= 5.47156  mean_foundation= 10.0/52  lifetime_outcomes={'won': 0, 'stalled': 1, 'truncated': 9, 'other': 0}  rss= 1294.0MB  (22s)
  EVAL  step    10000  win_rate=0.00%  mean_return=340.900  mean_foundation=  2.5/52  mean_length=1000.0  (greedy, 100 fixed deals)
step    11000/400000  eps=0.948  episodes=   11  mean_return=1750.000  mean_loss= 5.51520  mean_foundation=  7.0/52  lifetime_outcomes={'won': 0, 'stalled': 1, 'truncated': 10, 'other': 0}  rss= 1321.1MB  (114s)
step    12000/400000  eps=0.943  episodes=   12  mean_return=1300.000  mean_loss= 5.27618  mean_foundation=  9.0/52  lifetime_outcomes={'won': 0, 'stalled': 1, 'truncated': 11, 'other': 0}  rss= 1324.1MB  (118s)
step    13000/400000  eps=0.938  episodes=   13  mean_return=1510.000  mean_loss= 5.33204  mean_foundation= 18.0/52  lifetime_outcomes={'won': 0, 'stalled': 1, 'truncated': 12, 'other': 0}  rss= 1328.1MB  (121s)
step    14000/400000  eps=0.933  episodes=   14  mean_return=1900.000  mean_loss= 5.30104  mean_foundation= 33.0/52  lifetime_outcomes={'won': 0, 'stalled': 1, 'truncated': 13, 'other': 0}  rss= 1330.1MB  (125s)
step    15000/400000  eps=0.929  episodes=   15  mean_return=1390.000  mean_loss= 5.02208  mean_foundation=  5.0/52  lifetime_outcomes={'won': 0, 'stalled': 1, 'truncated': 14, 'other': 0}  rss= 1336.2MB  (129s)
step    16000/400000  eps=0.924  episodes=   16  mean_return=1890.000  mean_loss= 4.87714  mean_foundation= 36.0/52  lifetime_outcomes={'won': 0, 'stalled': 1, 'truncated': 15, 'other': 0}  rss= 1338.2MB  (133s)
step    17000/400000  eps=0.919  episodes=   17  mean_return=240.000  mean_loss= 4.93606  mean_foundation=  1.0/52  lifetime_outcomes={'won': 0, 'stalled': 1, 'truncated': 16, 'other': 0}  rss= 1344.4MB  (137s)
step    18000/400000  eps=0.914  episodes=   18  mean_return=810.000  mean_loss= 4.90218  mean_foundation=  2.0/52  lifetime_outcomes={'won': 0, 'stalled': 1, 'truncated': 17, 'other': 0}  rss= 1348.4MB  (140s)
step    19000/400000  eps=0.910  episodes=   19  mean_return=1820.000  mean_loss= 4.71063  mean_foundation= 30.0/52  lifetime_outcomes={'won': 0, 'stalled': 1, 'truncated': 18, 'other': 0}  rss= 1350.4MB  (144s)
step    20000/400000  eps=0.905  episodes=   20  mean_return=340.000  mean_loss= 4.70201  mean_foundation=  3.0/52  lifetime_outcomes={'won': 0, 'stalled': 1, 'truncated': 19, 'other': 0}  rss= 1356.4MB  (148s)
  EVAL  step    20000  win_rate=0.00%  mean_return=344.600  mean_foundation=  2.5/52  mean_length=1000.0  (greedy, 100 fixed deals)
step    21000/400000  eps=0.900  episodes=   21  mean_return=790.000  mean_loss= 4.43520  mean_foundation=  5.0/52  lifetime_outcomes={'won': 0, 'stalled': 1, 'truncated': 20, 'other': 0}  rss= 1358.5MB  (239s)
step    22000/400000  eps=0.895  episodes=   22  mean_return=680.000  mean_loss= 4.37474  mean_foundation=  9.0/52  lifetime_outcomes={'won': 0, 'stalled': 1, 'truncated': 21, 'other': 0}  rss= 1364.5MB  (243s)
step    23000/400000  eps=0.891  episodes=   23  mean_return=2030.000  mean_loss= 4.69227  mean_foundation= 48.0/52  lifetime_outcomes={'won': 0, 'stalled': 1, 'truncated': 22, 'other': 0}  rss= 1366.5MB  (247s)
step    24000/400000  eps=0.886  episodes=   24  mean_return=2040.000  mean_loss= 4.61932  mean_foundation= 47.0/52  lifetime_outcomes={'won': 0, 'stalled': 1, 'truncated': 23, 'other': 0}  rss= 1370.5MB  (251s)
step    25000/400000  eps=0.881  episodes=   25  mean_return=900.000  mean_loss= 4.41902  mean_foundation=  8.0/52  lifetime_outcomes={'won': 0, 'stalled': 1, 'truncated': 24, 'other': 0}  rss= 1374.5MB  (254s)
step    26000/400000  eps=0.877  episodes=   26  mean_return=870.000  mean_loss= 4.48322  mean_foundation= 14.0/52  lifetime_outcomes={'won': 0, 'stalled': 1, 'truncated': 25, 'other': 0}  rss= 1378.5MB  (258s)
step    27000/400000  eps=0.872  episodes=   27  mean_return=1990.000  mean_loss= 4.25926  mean_foundation= 44.0/52  lifetime_outcomes={'won': 0, 'stalled': 1, 'truncated': 26, 'other': 0}  rss= 1384.5MB  (262s)
step    28000/400000  eps=0.867  episodes=   28  mean_return=460.000  mean_loss= 4.14339  mean_foundation=  3.0/52  lifetime_outcomes={'won': 0, 'stalled': 1, 'truncated': 27, 'other': 0}  rss= 1386.5MB  (266s)
step    29000/400000  eps=0.862  episodes=   29  mean_return=360.000  mean_loss= 4.24983  mean_foundation=  9.0/52  lifetime_outcomes={'won': 0, 'stalled': 1, 'truncated': 28, 'other': 0}  rss= 1392.5MB  (269s)
step    30000/400000  eps=0.858  episodes=   30  mean_return=1420.000  mean_loss= 4.00835  mean_foundation= 19.0/52  lifetime_outcomes={'won': 0, 'stalled': 1, 'truncated': 29, 'other': 0}  rss= 1394.5MB  (273s)
  EVAL  step    30000  win_rate=0.00%  mean_return=342.600  mean_foundation=  2.5/52  mean_length=1000.0  (greedy, 100 fixed deals)
step    31000/400000  eps=0.853  episodes=   31  mean_return=470.000  mean_loss= 3.93921  mean_foundation=  1.0/52  lifetime_outcomes={'won': 0, 'stalled': 1, 'truncated': 30, 'other': 0}  rss= 1399.2MB  (364s)
step    32000/400000  eps=0.848  episodes=   32  mean_return=680.000  mean_loss= 3.80002  mean_foundation=  1.0/52  lifetime_outcomes={'won': 0, 'stalled': 1, 'truncated': 31, 'other': 0}  rss= 1403.5MB  (368s)
step    33000/400000  eps=0.843  episodes=   33  mean_return=590.000  mean_loss= 3.81789  mean_foundation=  1.0/52  lifetime_outcomes={'won': 0, 'stalled': 1, 'truncated': 32, 'other': 0}  rss= 1407.6MB  (372s)
step    34000/400000  eps=0.839  episodes=   34  mean_return=320.000  mean_loss= 3.76578  mean_foundation=  4.0/52  lifetime_outcomes={'won': 0, 'stalled': 1, 'truncated': 33, 'other': 0}  rss= 1413.6MB  (376s)
step    35000/400000  eps=0.834  episodes=   36  mean_return=4281.375  mean_loss= 3.80662  mean_foundation= 34.0/52  lifetime_outcomes={'won': 1, 'stalled': 1, 'truncated': 34, 'other': 0}  rss= 1415.6MB  (380s)
step    36000/400000  eps=0.829  episodes=   37  mean_return=2040.000  mean_loss= 5.38846  mean_foundation= 40.0/52  lifetime_outcomes={'won': 1, 'stalled': 1, 'truncated': 35, 'other': 0}  rss= 1419.6MB  (384s)
step    37000/400000  eps=0.824  episodes=   38  mean_return=1130.000  mean_loss= 5.67460  mean_foundation=  7.0/52  lifetime_outcomes={'won': 1, 'stalled': 1, 'truncated': 36, 'other': 0}  rss= 1423.6MB  (388s)
step    38000/400000  eps=0.820  episodes=   39  mean_return=1890.000  mean_loss= 5.61331  mean_foundation= 30.0/52  lifetime_outcomes={'won': 1, 'stalled': 1, 'truncated': 37, 'other': 0}  rss= 1427.6MB  (391s)
step    39000/400000  eps=0.815  episodes=   40  mean_return=740.000  mean_loss= 5.45018  mean_foundation=  3.0/52  lifetime_outcomes={'won': 1, 'stalled': 1, 'truncated': 38, 'other': 0}  rss= 1431.6MB  (395s)
step    40000/400000  eps=0.810  episodes=   41  mean_return=950.000  mean_loss= 5.27567  mean_foundation= 16.0/52  lifetime_outcomes={'won': 1, 'stalled': 1, 'truncated': 39, 'other': 0}  rss= 1435.6MB  (399s)
  EVAL  step    40000  win_rate=0.00%  mean_return=253.200  mean_foundation=  1.9/52  mean_length=1000.0  (greedy, 100 fixed deals)
step    41000/400000  eps=0.805  episodes=   42  mean_return=330.000  mean_loss= 5.53151  mean_foundation=  3.0/52  lifetime_outcomes={'won': 1, 'stalled': 1, 'truncated': 40, 'other': 0}  rss= 1439.6MB  (489s)
step    42000/400000  eps=0.800  episodes=   43  mean_return=1820.000  mean_loss= 5.52561  mean_foundation= 12.0/52  lifetime_outcomes={'won': 1, 'stalled': 1, 'truncated': 41, 'other': 0}  rss= 1443.6MB  (493s)
step    43000/400000  eps=0.796  episodes=   44  mean_return=480.000  mean_loss= 5.24190  mean_foundation=  6.0/52  lifetime_outcomes={'won': 1, 'stalled': 1, 'truncated': 42, 'other': 0}  rss= 1447.6MB  (496s)
step    44000/400000  eps=0.791  episodes=   45  mean_return=1690.000  mean_loss= 5.41229  mean_foundation= 30.0/52  lifetime_outcomes={'won': 1, 'stalled': 1, 'truncated': 43, 'other': 0}  rss= 1451.6MB  (500s)
step    45000/400000  eps=0.786  episodes=   46  mean_return=380.000  mean_loss= 5.15699  mean_foundation=  1.0/52  lifetime_outcomes={'won': 1, 'stalled': 1, 'truncated': 44, 'other': 0}  rss= 1455.8MB  (504s)
step    46000/400000  eps=0.781  episodes=   47  mean_return=660.000  mean_loss= 5.33589  mean_foundation= 10.0/52  lifetime_outcomes={'won': 1, 'stalled': 1, 'truncated': 45, 'other': 0}  rss= 1457.8MB  (508s)
step    47000/400000  eps=0.777  episodes=   48  mean_return=780.000  mean_loss= 5.31972  mean_foundation=  8.0/52  lifetime_outcomes={'won': 1, 'stalled': 1, 'truncated': 46, 'other': 0}  rss= 1463.8MB  (511s)
step    48000/400000  eps=0.772  episodes=   49  mean_return=180.000  mean_loss= 5.15308  mean_foundation=  4.0/52  lifetime_outcomes={'won': 1, 'stalled': 1, 'truncated': 47, 'other': 0}  rss= 1465.8MB  (515s)
step    49000/400000  eps=0.767  episodes=   50  mean_return=1290.000  mean_loss= 5.10067  mean_foundation= 10.0/52  lifetime_outcomes={'won': 1, 'stalled': 1, 'truncated': 48, 'other': 0}  rss= 1471.8MB  (519s)
step    50000/400000  eps=0.762  episodes=   51  mean_return=1160.000  mean_loss= 4.96975  mean_foundation= 12.0/52  lifetime_outcomes={'won': 1, 'stalled': 1, 'truncated': 49, 'other': 0}  rss= 1475.8MB  (523s)
  EVAL  step    50000  win_rate=0.00%  mean_return=236.200  mean_foundation=  1.3/52  mean_length=1000.0  (greedy, 100 fixed deals)
step    51000/400000  eps=0.758  episodes=   52  mean_return=2020.000  mean_loss= 4.95707  mean_foundation= 42.0/52  lifetime_outcomes={'won': 1, 'stalled': 1, 'truncated': 50, 'other': 0}  rss= 1477.8MB  (617s)
step    52000/400000  eps=0.753  episodes=   53  mean_return=2030.000  mean_loss= 4.71958  mean_foundation= 47.0/52  lifetime_outcomes={'won': 1, 'stalled': 1, 'truncated': 51, 'other': 0}  rss= 1483.8MB  (621s)
step    53000/400000  eps=0.748  episodes=   54  mean_return=980.000  mean_loss= 4.97422  mean_foundation= 10.0/52  lifetime_outcomes={'won': 1, 'stalled': 1, 'truncated': 52, 'other': 0}  rss= 1485.8MB  (625s)
step    54000/400000  eps=0.744  episodes=   55  mean_return=2020.000  mean_loss= 4.89548  mean_foundation= 44.0/52  lifetime_outcomes={'won': 1, 'stalled': 1, 'truncated': 53, 'other': 0}  rss= 1491.8MB  (628s)
step    55000/400000  eps=0.739  episodes=   56  mean_return=490.000  mean_loss= 4.56169  mean_foundation= 10.0/52  lifetime_outcomes={'won': 1, 'stalled': 1, 'truncated': 54, 'other': 0}  rss= 1493.8MB  (632s)
step    56000/400000  eps=0.734  episodes=   57  mean_return=490.000  mean_loss= 4.71844  mean_foundation=  4.0/52  lifetime_outcomes={'won': 1, 'stalled': 1, 'truncated': 55, 'other': 0}  rss= 1499.8MB  (636s)
step    57000/400000  eps=0.729  episodes=   58  mean_return=1150.000  mean_loss= 4.37767  mean_foundation= 12.0/52  lifetime_outcomes={'won': 1, 'stalled': 1, 'truncated': 56, 'other': 0}  rss= 1503.8MB  (640s)
step    58000/400000  eps=0.725  episodes=   59  mean_return=700.000  mean_loss= 4.33587  mean_foundation=  7.0/52  lifetime_outcomes={'won': 1, 'stalled': 1, 'truncated': 57, 'other': 0}  rss= 1505.8MB  (644s)
step    59000/400000  eps=0.720  episodes=   60  mean_return=950.000  mean_loss= 4.45587  mean_foundation=  7.0/52  lifetime_outcomes={'won': 1, 'stalled': 1, 'truncated': 58, 'other': 0}  rss= 1511.8MB  (648s)
step    60000/400000  eps=0.715  episodes=   61  mean_return=860.000  mean_loss= 4.50415  mean_foundation=  7.0/52  lifetime_outcomes={'won': 1, 'stalled': 1, 'truncated': 59, 'other': 0}  rss= 1513.8MB  (652s)
  EVAL  step    60000  win_rate=0.00%  mean_return=355.300  mean_foundation=  3.0/52  mean_length=1000.0  (greedy, 100 fixed deals)
step    61000/400000  eps=0.710  episodes=   62  mean_return=1600.000  mean_loss= 4.43365  mean_foundation= 27.0/52  lifetime_outcomes={'won': 1, 'stalled': 1, 'truncated': 60, 'other': 0}  rss= 1519.8MB  (743s)
step    62000/400000  eps=0.706  episodes=   63  mean_return=480.000  mean_loss= 4.37872  mean_foundation=  4.0/52  lifetime_outcomes={'won': 1, 'stalled': 1, 'truncated': 61, 'other': 0}  rss= 1521.8MB  (747s)
step    63000/400000  eps=0.701  episodes=   64  mean_return=680.000  mean_loss= 4.39740  mean_foundation=  7.0/52  lifetime_outcomes={'won': 1, 'stalled': 1, 'truncated': 62, 'other': 0}  rss= 1525.8MB  (751s)
step    64000/400000  eps=0.696  episodes=   65  mean_return=7044.310  mean_loss= 4.72093  mean_foundation= 52.0/52  lifetime_outcomes={'won': 2, 'stalled': 1, 'truncated': 62, 'other': 0}  rss= 1529.8MB  (754s)
step    65000/400000  eps=0.691  episodes=   66  mean_return=1100.000  mean_loss= 5.03276  mean_foundation=  5.0/52  lifetime_outcomes={'won': 2, 'stalled': 1, 'truncated': 63, 'other': 0}  rss= 1533.8MB  (758s)
step    66000/400000  eps=0.686  episodes=   67  mean_return=1270.000  mean_loss= 4.99949  mean_foundation= 17.0/52  lifetime_outcomes={'won': 2, 'stalled': 1, 'truncated': 64, 'other': 0}  rss= 1539.8MB  (762s)
step    67000/400000  eps=0.682  episodes=   68  mean_return=430.000  mean_loss= 4.67672  mean_foundation=  3.0/52  lifetime_outcomes={'won': 2, 'stalled': 1, 'truncated': 65, 'other': 0}  rss= 1541.8MB  (766s)
step    68000/400000  eps=0.677  episodes=   69  mean_return=690.000  mean_loss= 5.11215  mean_foundation=  5.0/52  lifetime_outcomes={'won': 2, 'stalled': 1, 'truncated': 66, 'other': 0}  rss= 1545.8MB  (770s)
step    69000/400000  eps=0.672  episodes=   71  mean_return=7043.800  mean_loss= 5.40410  mean_foundation= 52.0/52  lifetime_outcomes={'won': 4, 'stalled': 1, 'truncated': 66, 'other': 0}  rss= 1549.8MB  (774s)
step    70000/400000  eps=0.667  episodes=   73  mean_return=7045.470  mean_loss= 6.55521  mean_foundation= 52.0/52  lifetime_outcomes={'won': 6, 'stalled': 1, 'truncated': 66, 'other': 0}  rss= 1553.8MB  (778s)
  EVAL  step    70000  win_rate=0.00%  mean_return=351.700  mean_foundation=  4.0/52  mean_length=1000.0  (greedy, 100 fixed deals)
step    71000/400000  eps=0.663  episodes=   74  mean_return=1040.000  mean_loss= 7.50864  mean_foundation=  9.0/52  lifetime_outcomes={'won': 6, 'stalled': 1, 'truncated': 67, 'other': 0}  rss= 1557.8MB  (876s)
step    72000/400000  eps=0.658  episodes=   75  mean_return=870.000  mean_loss= 7.08807  mean_foundation=  5.0/52  lifetime_outcomes={'won': 6, 'stalled': 1, 'truncated': 68, 'other': 0}  rss= 1561.8MB  (881s)
step    73000/400000  eps=0.653  episodes=   76  mean_return=900.000  mean_loss= 6.86269  mean_foundation= 10.0/52  lifetime_outcomes={'won': 6, 'stalled': 1, 'truncated': 69, 'other': 0}  rss= 1565.8MB  (885s)
step    74000/400000  eps=0.649  episodes=   78  mean_return=7043.600  mean_loss= 7.39274  mean_foundation= 52.0/52  lifetime_outcomes={'won': 8, 'stalled': 1, 'truncated': 69, 'other': 0}  rss= 1569.8MB  (889s)
step    75000/400000  eps=0.644  episodes=   79  mean_return=1450.000  mean_loss= 7.83594  mean_foundation= 22.0/52  lifetime_outcomes={'won': 8, 'stalled': 1, 'truncated': 70, 'other': 0}  rss= 1573.8MB  (893s)
step    76000/400000  eps=0.639  episodes=   82  mean_return=7046.333  mean_loss= 8.16290  mean_foundation= 52.0/52  lifetime_outcomes={'won': 11, 'stalled': 1, 'truncated': 70, 'other': 0}  rss= 1577.8MB  (897s)
step    77000/400000  eps=0.634  episodes=   84  mean_return=7046.060  mean_loss= 9.37434  mean_foundation= 52.0/52  lifetime_outcomes={'won': 13, 'stalled': 1, 'truncated': 70, 'other': 0}  rss= 1581.8MB  (901s)
step    78000/400000  eps=0.629  episodes=   85  mean_return=7044.520  mean_loss=10.41060  mean_foundation= 52.0/52  lifetime_outcomes={'won': 14, 'stalled': 1, 'truncated': 70, 'other': 0}  rss= 1583.8MB  (905s)
step    79000/400000  eps=0.625  episodes=   86  mean_return=700.000  mean_loss=10.28392  mean_foundation= 13.0/52  lifetime_outcomes={'won': 14, 'stalled': 1, 'truncated': 71, 'other': 0}  rss= 1589.8MB  (909s)
step    80000/400000  eps=0.620  episodes=   88  mean_return=3883.140  mean_loss= 9.92292  mean_foundation= 30.0/52  lifetime_outcomes={'won': 15, 'stalled': 1, 'truncated': 72, 'other': 0}  rss= 1591.8MB  (913s)
  EVAL  step    80000  win_rate=0.00%  mean_return=387.000  mean_foundation=  4.3/52  mean_length=1000.0  (greedy, 100 fixed deals)
step    81000/400000  eps=0.615  episodes=   90  mean_return=7043.950  mean_loss=10.25086  mean_foundation= 52.0/52  lifetime_outcomes={'won': 17, 'stalled': 1, 'truncated': 72, 'other': 0}  rss= 1597.8MB  (1004s)
step    82000/400000  eps=0.611  episodes=   91  mean_return=1620.000  mean_loss=10.90494  mean_foundation= 30.0/52  lifetime_outcomes={'won': 17, 'stalled': 1, 'truncated': 73, 'other': 0}  rss= 1601.8MB  (1008s)
step    83000/400000  eps=0.606  episodes=   93  mean_return=7044.755  mean_loss=11.01640  mean_foundation= 52.0/52  lifetime_outcomes={'won': 19, 'stalled': 1, 'truncated': 73, 'other': 0}  rss= 1605.9MB  (1012s)
step    84000/400000  eps=0.601  episodes=   94  mean_return=1060.000  mean_loss=11.50315  mean_foundation=  8.0/52  lifetime_outcomes={'won': 19, 'stalled': 1, 'truncated': 74, 'other': 0}  rss= 1610.4MB  (1016s)
step    85000/400000  eps=0.596  episodes=   95  mean_return=7046.520  mean_loss=11.38099  mean_foundation= 52.0/52  lifetime_outcomes={'won': 20, 'stalled': 1, 'truncated': 74, 'other': 0}  rss= 1612.4MB  (1020s)
step    86000/400000  eps=0.592  episodes=   98  mean_return=5037.703  mean_loss=11.19939  mean_foundation= 37.3/52  lifetime_outcomes={'won': 22, 'stalled': 1, 'truncated': 75, 'other': 0}  rss= 1618.4MB  (1024s)
step    87000/400000  eps=0.587  episodes=   99  mean_return=1080.000  mean_loss=12.13136  mean_foundation= 17.0/52  lifetime_outcomes={'won': 22, 'stalled': 1, 'truncated': 76, 'other': 0}  rss= 1620.4MB  (1028s)
step    88000/400000  eps=0.582  episodes=  100  mean_return=7043.810  mean_loss=11.55216  mean_foundation= 52.0/52  lifetime_outcomes={'won': 23, 'stalled': 1, 'truncated': 76, 'other': 0}  rss= 1626.4MB  (1033s)
step    89000/400000  eps=0.577  episodes=  101  mean_return=1340.000  mean_loss=11.13099  mean_foundation= 13.0/52  lifetime_outcomes={'won': 23, 'stalled': 1, 'truncated': 77, 'other': 0}  rss= 1630.4MB  (1037s)
step    90000/400000  eps=0.573  episodes=  102  mean_return=550.000  mean_loss=11.54260  mean_foundation=  5.0/52  lifetime_outcomes={'won': 23, 'stalled': 1, 'truncated': 78, 'other': 0}  rss= 1632.4MB  (1041s)
  EVAL  step    90000  win_rate=0.00%  mean_return=361.900  mean_foundation=  3.4/52  mean_length=1000.0  (greedy, 100 fixed deals)
step    91000/400000  eps=0.568  episodes=  103  mean_return=1050.000  mean_loss=11.78095  mean_foundation= 16.0/52  lifetime_outcomes={'won': 23, 'stalled': 1, 'truncated': 79, 'other': 0}  rss= 1638.4MB  (1133s)
step    92000/400000  eps=0.563  episodes=  105  mean_return=7043.715  mean_loss=10.94873  mean_foundation= 52.0/52  lifetime_outcomes={'won': 25, 'stalled': 1, 'truncated': 79, 'other': 0}  rss= 1640.4MB  (1137s)
step    93000/400000  eps=0.558  episodes=  106  mean_return=1550.000  mean_loss=11.76853  mean_foundation= 32.0/52  lifetime_outcomes={'won': 25, 'stalled': 1, 'truncated': 80, 'other': 0}  rss= 1646.4MB  (1142s)
step    94000/400000  eps=0.554  episodes=  107  mean_return=310.000  mean_loss=10.98618  mean_foundation=  5.0/52  lifetime_outcomes={'won': 25, 'stalled': 1, 'truncated': 81, 'other': 0}  rss= 1648.4MB  (1146s)
step    95000/400000  eps=0.549  episodes=  108  mean_return=150.000  mean_loss=10.99226  mean_foundation=  4.0/52  lifetime_outcomes={'won': 25, 'stalled': 1, 'truncated': 82, 'other': 0}  rss= 1652.4MB  (1150s)
step    96000/400000  eps=0.544  episodes=  109  mean_return=270.000  mean_loss=11.00620  mean_foundation=  4.0/52  lifetime_outcomes={'won': 25, 'stalled': 1, 'truncated': 83, 'other': 0}  rss= 1656.4MB  (1154s)
step    97000/400000  eps=0.539  episodes=  110  mean_return=800.000  mean_loss=10.65346  mean_foundation= 14.0/52  lifetime_outcomes={'won': 25, 'stalled': 1, 'truncated': 84, 'other': 0}  rss= 1660.5MB  (1158s)
step    98000/400000  eps=0.534  episodes=  111  mean_return=7045.900  mean_loss=10.60878  mean_foundation= 52.0/52  lifetime_outcomes={'won': 26, 'stalled': 1, 'truncated': 84, 'other': 0}  rss= 1664.5MB  (1162s)
step    99000/400000  eps=0.530  episodes=  113  mean_return=4122.755  mean_loss=10.53036  mean_foundation= 33.5/52  lifetime_outcomes={'won': 27, 'stalled': 1, 'truncated': 85, 'other': 0}  rss= 1667.2MB  (1166s)
step   100000/400000  eps=0.525  episodes=  114  mean_return=950.000  mean_loss=10.52954  mean_foundation=  3.0/52  lifetime_outcomes={'won': 27, 'stalled': 1, 'truncated': 86, 'other': 0}  rss= 1668.9MB  (1171s)
  EVAL  step   100000  win_rate=0.00%  mean_return=353.200  mean_foundation=  3.2/52  mean_length=1000.0  (greedy, 100 fixed deals)
step   101000/400000  eps=0.520  episodes=  115  mean_return=1070.000  mean_loss=10.64409  mean_foundation= 13.0/52  lifetime_outcomes={'won': 27, 'stalled': 1, 'truncated': 87, 'other': 0}  rss= 1674.4MB  (1260s)
step   102000/400000  eps=0.516  episodes=  116  mean_return=450.000  mean_loss=10.78994  mean_foundation=  2.0/52  lifetime_outcomes={'won': 27, 'stalled': 1, 'truncated': 88, 'other': 0}  rss= 1674.4MB  (1264s)
step   103000/400000  eps=0.511  episodes=  117  mean_return=1030.000  mean_loss= 9.83779  mean_foundation= 15.0/52  lifetime_outcomes={'won': 27, 'stalled': 1, 'truncated': 89, 'other': 0}  rss= 1674.4MB  (1268s)
step   104000/400000  eps=0.506  episodes=  118  mean_return=7042.730  mean_loss=10.64564  mean_foundation= 52.0/52  lifetime_outcomes={'won': 28, 'stalled': 1, 'truncated': 89, 'other': 0}  rss= 1674.4MB  (1272s)
step   105000/400000  eps=0.501  episodes=  120  mean_return=3703.015  mean_loss=10.45638  mean_foundation= 27.5/52  lifetime_outcomes={'won': 29, 'stalled': 1, 'truncated': 90, 'other': 0}  rss= 1674.4MB  (1276s)
step   106000/400000  eps=0.497  episodes=  121  mean_return=1110.000  mean_loss=10.92843  mean_foundation= 19.0/52  lifetime_outcomes={'won': 29, 'stalled': 1, 'truncated': 91, 'other': 0}  rss= 1674.4MB  (1281s)
step   107000/400000  eps=0.492  episodes=  122  mean_return=7042.250  mean_loss=10.50875  mean_foundation= 52.0/52  lifetime_outcomes={'won': 30, 'stalled': 1, 'truncated': 91, 'other': 0}  rss= 1674.4MB  (1285s)
step   108000/400000  eps=0.487  episodes=  123  mean_return=7041.380  mean_loss=11.38678  mean_foundation= 52.0/52  lifetime_outcomes={'won': 31, 'stalled': 1, 'truncated': 91, 'other': 0}  rss= 1674.4MB  (1289s)
step   109000/400000  eps=0.482  episodes=  124  mean_return=980.000  mean_loss=10.76586  mean_foundation=  4.0/52  lifetime_outcomes={'won': 31, 'stalled': 1, 'truncated': 92, 'other': 0}  rss= 1674.4MB  (1293s)
step   110000/400000  eps=0.478  episodes=  125  mean_return=260.000  mean_loss=10.62872  mean_foundation=  3.0/52  lifetime_outcomes={'won': 31, 'stalled': 1, 'truncated': 93, 'other': 0}  rss= 1674.4MB  (1297s)
  EVAL  step   110000  win_rate=0.00%  mean_return=342.900  mean_foundation=  4.7/52  mean_length=1000.0  (greedy, 100 fixed deals)
step   111000/400000  eps=0.473  episodes=  127  mean_return=4102.440  mean_loss=10.49910  mean_foundation= 30.0/52  lifetime_outcomes={'won': 32, 'stalled': 1, 'truncated': 94, 'other': 0}  rss= 1674.4MB  (1398s)
step   112000/400000  eps=0.468  episodes=  128  mean_return=380.000  mean_loss=11.02982  mean_foundation= 10.0/52  lifetime_outcomes={'won': 32, 'stalled': 1, 'truncated': 95, 'other': 0}  rss= 1674.4MB  (1402s)
step   113000/400000  eps=0.463  episodes=  129  mean_return=1220.000  mean_loss=10.58973  mean_foundation= 15.0/52  lifetime_outcomes={'won': 32, 'stalled': 1, 'truncated': 96, 'other': 0}  rss= 1674.4MB  (1406s)
step   114000/400000  eps=0.459  episodes=  130  mean_return=7041.310  mean_loss=10.65470  mean_foundation= 52.0/52  lifetime_outcomes={'won': 33, 'stalled': 1, 'truncated': 96, 'other': 0}  rss= 1674.4MB  (1411s)
step   115000/400000  eps=0.454  episodes=  131  mean_return=1450.000  mean_loss=10.76588  mean_foundation=  9.0/52  lifetime_outcomes={'won': 33, 'stalled': 1, 'truncated': 97, 'other': 0}  rss= 1674.4MB  (1415s)
step   116000/400000  eps=0.449  episodes=  132  mean_return=7046.380  mean_loss=11.08237  mean_foundation= 52.0/52  lifetime_outcomes={'won': 34, 'stalled': 1, 'truncated': 97, 'other': 0}  rss= 1674.4MB  (1419s)
step   117000/400000  eps=0.444  episodes=  134  mean_return=4111.630  mean_loss=10.44182  mean_foundation= 28.0/52  lifetime_outcomes={'won': 35, 'stalled': 1, 'truncated': 98, 'other': 0}  rss= 1674.4MB  (1424s)
step   118000/400000  eps=0.440  episodes=  135  mean_return=610.000  mean_loss=10.59824  mean_foundation=  2.0/52  lifetime_outcomes={'won': 35, 'stalled': 1, 'truncated': 99, 'other': 0}  rss= 1674.4MB  (1428s)
step   119000/400000  eps=0.435  episodes=  136  mean_return=850.000  mean_loss=10.68365  mean_foundation= 14.0/52  lifetime_outcomes={'won': 35, 'stalled': 1, 'truncated': 100, 'other': 0}  rss= 1674.4MB  (1432s)
step   120000/400000  eps=0.430  episodes=  137  mean_return=7046.070  mean_loss=10.64736  mean_foundation= 52.0/52  lifetime_outcomes={'won': 36, 'stalled': 1, 'truncated': 100, 'other': 0}  rss= 1674.4MB  (1436s)
  EVAL  step   120000  win_rate=0.00%  mean_return=360.600  mean_foundation=  4.2/52  mean_length=1000.0  (greedy, 100 fixed deals)
step   121000/400000  eps=0.425  episodes=  138  mean_return=1410.000  mean_loss=10.45559  mean_foundation= 24.0/52  lifetime_outcomes={'won': 36, 'stalled': 1, 'truncated': 101, 'other': 0}  rss= 1674.4MB  (1529s)
step   122000/400000  eps=0.420  episodes=  139  mean_return=640.000  mean_loss=10.41726  mean_foundation=  2.0/52  lifetime_outcomes={'won': 36, 'stalled': 1, 'truncated': 102, 'other': 0}  rss= 1674.4MB  (1533s)
step   123000/400000  eps=0.416  episodes=  140  mean_return=370.000  mean_loss=10.80849  mean_foundation=  2.0/52  lifetime_outcomes={'won': 36, 'stalled': 1, 'truncated': 103, 'other': 0}  rss= 1674.4MB  (1538s)
step   124000/400000  eps=0.411  episodes=  141  mean_return=910.000  mean_loss=10.70736  mean_foundation=  8.0/52  lifetime_outcomes={'won': 36, 'stalled': 1, 'truncated': 104, 'other': 0}  rss= 1674.4MB  (1542s)
step   125000/400000  eps=0.406  episodes=  142  mean_return=2020.000  mean_loss=10.44822  mean_foundation= 49.0/52  lifetime_outcomes={'won': 36, 'stalled': 1, 'truncated': 105, 'other': 0}  rss= 1674.4MB  (1546s)
step   126000/400000  eps=0.402  episodes=  143  mean_return=590.000  mean_loss=10.12913  mean_foundation=  4.0/52  lifetime_outcomes={'won': 36, 'stalled': 1, 'truncated': 106, 'other': 0}  rss= 1674.4MB  (1551s)
step   127000/400000  eps=0.397  episodes=  144  mean_return=710.000  mean_loss= 9.90902  mean_foundation=  4.0/52  lifetime_outcomes={'won': 36, 'stalled': 1, 'truncated': 107, 'other': 0}  rss= 1674.4MB  (1555s)
step   128000/400000  eps=0.392  episodes=  146  mean_return=3918.190  mean_loss=10.24950  mean_foundation= 28.0/52  lifetime_outcomes={'won': 37, 'stalled': 1, 'truncated': 108, 'other': 0}  rss= 1674.4MB  (1559s)
step   129000/400000  eps=0.387  episodes=  147  mean_return=920.000  mean_loss=10.42671  mean_foundation=  8.0/52  lifetime_outcomes={'won': 37, 'stalled': 1, 'truncated': 109, 'other': 0}  rss= 1674.4MB  (1564s)
step   130000/400000  eps=0.383  episodes=  149  mean_return=7043.360  mean_loss= 9.89765  mean_foundation= 52.0/52  lifetime_outcomes={'won': 39, 'stalled': 1, 'truncated': 109, 'other': 0}  rss= 1674.4MB  (1568s)
  EVAL  step   130000  win_rate=0.00%  mean_return=334.300  mean_foundation=  3.8/52  mean_length=1000.0  (greedy, 100 fixed deals)
step   131000/400000  eps=0.378  episodes=  150  mean_return=820.000  mean_loss=10.43538  mean_foundation=  9.0/52  lifetime_outcomes={'won': 39, 'stalled': 1, 'truncated': 110, 'other': 0}  rss= 1674.4MB  (1663s)
step   132000/400000  eps=0.373  episodes=  151  mean_return=1070.000  mean_loss=10.08112  mean_foundation= 16.0/52  lifetime_outcomes={'won': 39, 'stalled': 1, 'truncated': 111, 'other': 0}  rss= 1674.4MB  (1667s)
step   133000/400000  eps=0.368  episodes=  152  mean_return=7044.720  mean_loss=10.43813  mean_foundation= 52.0/52  lifetime_outcomes={'won': 40, 'stalled': 1, 'truncated': 111, 'other': 0}  rss= 1674.4MB  (1671s)
step   134000/400000  eps=0.364  episodes=  153  mean_return=470.000  mean_loss=10.05416  mean_foundation=  7.0/52  lifetime_outcomes={'won': 40, 'stalled': 1, 'truncated': 112, 'other': 0}  rss= 1674.4MB  (1676s)
step   135000/400000  eps=0.359  episodes=  154  mean_return=1500.000  mean_loss=10.09043  mean_foundation= 12.0/52  lifetime_outcomes={'won': 40, 'stalled': 1, 'truncated': 113, 'other': 0}  rss= 1674.4MB  (1680s)
step   136000/400000  eps=0.354  episodes=  155  mean_return=900.000  mean_loss= 9.95341  mean_foundation=  2.0/52  lifetime_outcomes={'won': 40, 'stalled': 1, 'truncated': 114, 'other': 0}  rss= 1674.4MB  (1684s)
step   137000/400000  eps=0.349  episodes=  156  mean_return=230.000  mean_loss= 9.62245  mean_foundation=  5.0/52  lifetime_outcomes={'won': 40, 'stalled': 1, 'truncated': 115, 'other': 0}  rss= 1674.4MB  (1688s)
step   138000/400000  eps=0.345  episodes=  157  mean_return=250.000  mean_loss=10.09555  mean_foundation=  4.0/52  lifetime_outcomes={'won': 40, 'stalled': 1, 'truncated': 116, 'other': 0}  rss= 1674.4MB  (1693s)
step   139000/400000  eps=0.340  episodes=  158  mean_return=7041.970  mean_loss= 9.31037  mean_foundation= 52.0/52  lifetime_outcomes={'won': 41, 'stalled': 1, 'truncated': 116, 'other': 0}  rss= 1674.4MB  (1697s)
step   140000/400000  eps=0.335  episodes=  160  mean_return=3602.225  mean_loss= 9.53218  mean_foundation= 29.5/52  lifetime_outcomes={'won': 42, 'stalled': 1, 'truncated': 117, 'other': 0}  rss= 1674.4MB  (1701s)
  EVAL  step   140000  win_rate=0.00%  mean_return=280.400  mean_foundation=  3.1/52  mean_length=1000.0  (greedy, 100 fixed deals)
step   141000/400000  eps=0.330  episodes=  161  mean_return=1650.000  mean_loss= 8.99620  mean_foundation= 23.0/52  lifetime_outcomes={'won': 42, 'stalled': 1, 'truncated': 118, 'other': 0}  rss= 1674.4MB  (1795s)
step   142000/400000  eps=0.326  episodes=  163  mean_return=7043.835  mean_loss= 9.83945  mean_foundation= 52.0/52  lifetime_outcomes={'won': 44, 'stalled': 1, 'truncated': 118, 'other': 0}  rss= 1674.4MB  (1799s)
step   143000/400000  eps=0.321  episodes=  164  mean_return=7045.190  mean_loss= 9.70255  mean_foundation= 52.0/52  lifetime_outcomes={'won': 45, 'stalled': 1, 'truncated': 118, 'other': 0}  rss= 1674.4MB  (1803s)
step   144000/400000  eps=0.316  episodes=  165  mean_return=7042.240  mean_loss= 9.52034  mean_foundation= 52.0/52  lifetime_outcomes={'won': 46, 'stalled': 1, 'truncated': 118, 'other': 0}  rss= 1674.4MB  (1808s)
step   145000/400000  eps=0.311  episodes=  167  mean_return=4262.970  mean_loss= 9.63933  mean_foundation= 38.0/52  lifetime_outcomes={'won': 47, 'stalled': 1, 'truncated': 119, 'other': 0}  rss= 1674.4MB  (1812s)
step   146000/400000  eps=0.306  episodes=  169  mean_return=7044.250  mean_loss=10.07101  mean_foundation= 52.0/52  lifetime_outcomes={'won': 49, 'stalled': 1, 'truncated': 119, 'other': 0}  rss= 1674.4MB  (1816s)
step   147000/400000  eps=0.302  episodes=  170  mean_return=1120.000  mean_loss= 9.88882  mean_foundation= 19.0/52  lifetime_outcomes={'won': 49, 'stalled': 1, 'truncated': 120, 'other': 0}  rss= 1674.4MB  (1821s)
step   148000/400000  eps=0.297  episodes=  171  mean_return=960.000  mean_loss= 9.77048  mean_foundation=  9.0/52  lifetime_outcomes={'won': 49, 'stalled': 1, 'truncated': 121, 'other': 0}  rss= 1674.4MB  (1825s)
step   149000/400000  eps=0.292  episodes=  172  mean_return=440.000  mean_loss=10.00290  mean_foundation=  6.0/52  lifetime_outcomes={'won': 49, 'stalled': 1, 'truncated': 122, 'other': 0}  rss= 1674.4MB  (1830s)
step   150000/400000  eps=0.288  episodes=  174  mean_return=3609.520  mean_loss=10.35875  mean_foundation= 26.0/52  lifetime_outcomes={'won': 50, 'stalled': 2, 'truncated': 122, 'other': 0}  rss= 1674.4MB  (1834s)
  EVAL  step   150000  win_rate=0.00%  mean_return=327.700  mean_foundation=  3.8/52  mean_length=1000.0  (greedy, 100 fixed deals)
step   151000/400000  eps=0.283  episodes=  175  mean_return=7041.960  mean_loss= 9.27358  mean_foundation= 52.0/52  lifetime_outcomes={'won': 51, 'stalled': 2, 'truncated': 122, 'other': 0}  rss= 1674.4MB  (1929s)
step   152000/400000  eps=0.278  episodes=  176  mean_return=1300.000  mean_loss= 9.87313  mean_foundation= 18.0/52  lifetime_outcomes={'won': 51, 'stalled': 2, 'truncated': 123, 'other': 0}  rss= 1674.4MB  (1933s)
step   153000/400000  eps=0.273  episodes=  177  mean_return=620.000  mean_loss=10.12460  mean_foundation=  3.0/52  lifetime_outcomes={'won': 51, 'stalled': 2, 'truncated': 124, 'other': 0}  rss= 1674.4MB  (1938s)
step   154000/400000  eps=0.269  episodes=  178  mean_return=380.000  mean_loss= 9.35768  mean_foundation=  1.0/52  lifetime_outcomes={'won': 51, 'stalled': 2, 'truncated': 125, 'other': 0}  rss= 1674.4MB  (1942s)
step   155000/400000  eps=0.264  episodes=  179  mean_return=520.000  mean_loss= 9.58188  mean_foundation=  4.0/52  lifetime_outcomes={'won': 51, 'stalled': 2, 'truncated': 126, 'other': 0}  rss= 1674.4MB  (1946s)
step   156000/400000  eps=0.259  episodes=  180  mean_return=1060.000  mean_loss= 9.04261  mean_foundation= 10.0/52  lifetime_outcomes={'won': 51, 'stalled': 2, 'truncated': 127, 'other': 0}  rss= 1674.4MB  (1951s)
step   157000/400000  eps=0.254  episodes=  181  mean_return=7042.610  mean_loss= 9.28941  mean_foundation= 52.0/52  lifetime_outcomes={'won': 52, 'stalled': 2, 'truncated': 127, 'other': 0}  rss= 1674.4MB  (1955s)
step   158000/400000  eps=0.250  episodes=  182  mean_return=7042.120  mean_loss= 9.51325  mean_foundation= 52.0/52  lifetime_outcomes={'won': 53, 'stalled': 2, 'truncated': 127, 'other': 0}  rss= 1674.4MB  (1959s)
step   159000/400000  eps=0.245  episodes=  183  mean_return=810.000  mean_loss= 9.34890  mean_foundation=  7.0/52  lifetime_outcomes={'won': 53, 'stalled': 2, 'truncated': 128, 'other': 0}  rss= 1674.4MB  (1964s)
step   160000/400000  eps=0.240  episodes=  184  mean_return=780.000  mean_loss= 9.18738  mean_foundation= 11.0/52  lifetime_outcomes={'won': 53, 'stalled': 2, 'truncated': 129, 'other': 0}  rss= 1674.4MB  (1968s)
  EVAL  step   160000  win_rate=0.00%  mean_return=290.989  mean_foundation=  5.6/52  mean_length=981.1  (greedy, 100 fixed deals)
step   161000/400000  eps=0.235  episodes=  185  mean_return=710.000  mean_loss= 9.31012  mean_foundation=  3.0/52  lifetime_outcomes={'won': 53, 'stalled': 2, 'truncated': 130, 'other': 0}  rss= 1674.4MB  (2066s)
step   162000/400000  eps=0.231  episodes=  187  mean_return=3921.245  mean_loss= 9.37055  mean_foundation= 30.0/52  lifetime_outcomes={'won': 54, 'stalled': 2, 'truncated': 131, 'other': 0}  rss= 1674.4MB  (2071s)
step   163000/400000  eps=0.226  episodes=  188  mean_return=740.000  mean_loss= 8.83534  mean_foundation= 10.0/52  lifetime_outcomes={'won': 54, 'stalled': 2, 'truncated': 132, 'other': 0}  rss= 1674.4MB  (2075s)
step   164000/400000  eps=0.221  episodes=  189  mean_return=7044.110  mean_loss= 8.80943  mean_foundation= 52.0/52  lifetime_outcomes={'won': 55, 'stalled': 2, 'truncated': 132, 'other': 0}  rss= 1674.4MB  (2080s)
step   165000/400000  eps=0.216  episodes=  190  mean_return=1940.000  mean_loss= 8.90810  mean_foundation= 42.0/52  lifetime_outcomes={'won': 55, 'stalled': 2, 'truncated': 133, 'other': 0}  rss= 1674.4MB  (2084s)
step   166000/400000  eps=0.212  episodes=  191  mean_return=1670.000  mean_loss= 8.69632  mean_foundation= 30.0/52  lifetime_outcomes={'won': 55, 'stalled': 2, 'truncated': 134, 'other': 0}  rss= 1674.4MB  (2089s)
step   167000/400000  eps=0.207  episodes=  192  mean_return=830.000  mean_loss= 8.95705  mean_foundation=  9.0/52  lifetime_outcomes={'won': 55, 'stalled': 2, 'truncated': 135, 'other': 0}  rss= 1674.4MB  (2094s)
step   168000/400000  eps=0.202  episodes=  193  mean_return=1200.000  mean_loss= 8.53918  mean_foundation= 17.0/52  lifetime_outcomes={'won': 55, 'stalled': 2, 'truncated': 136, 'other': 0}  rss= 1674.4MB  (2098s)
step   169000/400000  eps=0.197  episodes=  194  mean_return=1160.000  mean_loss= 8.81431  mean_foundation= 23.0/52  lifetime_outcomes={'won': 55, 'stalled': 2, 'truncated': 137, 'other': 0}  rss= 1674.4MB  (2103s)
step   170000/400000  eps=0.193  episodes=  195  mean_return=1120.000  mean_loss= 8.32305  mean_foundation= 13.0/52  lifetime_outcomes={'won': 55, 'stalled': 2, 'truncated': 138, 'other': 0}  rss= 1674.4MB  (2107s)
  EVAL  step   170000  win_rate=0.00%  mean_return=246.500  mean_foundation=  3.6/52  mean_length=1000.0  (greedy, 100 fixed deals)
step   171000/400000  eps=0.188  episodes=  196  mean_return=7040.620  mean_loss= 8.20763  mean_foundation= 52.0/52  lifetime_outcomes={'won': 56, 'stalled': 2, 'truncated': 138, 'other': 0}  rss= 1674.4MB  (2201s)
step   172000/400000  eps=0.183  episodes=  197  mean_return=1800.000  mean_loss= 8.26820  mean_foundation= 28.0/52  lifetime_outcomes={'won': 56, 'stalled': 2, 'truncated': 139, 'other': 0}  rss= 1674.4MB  (2206s)
step   173000/400000  eps=0.178  episodes=  198  mean_return=410.000  mean_loss= 8.26140  mean_foundation=  8.0/52  lifetime_outcomes={'won': 56, 'stalled': 2, 'truncated': 140, 'other': 0}  rss= 1674.4MB  (2210s)
step   174000/400000  eps=0.173  episodes=  199  mean_return=960.000  mean_loss= 7.99708  mean_foundation=  5.0/52  lifetime_outcomes={'won': 56, 'stalled': 2, 'truncated': 141, 'other': 0}  rss= 1674.4MB  (2215s)
step   175000/400000  eps=0.169  episodes=  200  mean_return=790.000  mean_loss= 8.08020  mean_foundation=  7.0/52  lifetime_outcomes={'won': 56, 'stalled': 2, 'truncated': 142, 'other': 0}  rss= 1674.4MB  (2219s)
step   176000/400000  eps=0.164  episodes=  202  mean_return=7044.910  mean_loss= 7.46257  mean_foundation= 52.0/52  lifetime_outcomes={'won': 58, 'stalled': 2, 'truncated': 142, 'other': 0}  rss= 1674.4MB  (2224s)
step   177000/400000  eps=0.159  episodes=  203  mean_return=7045.000  mean_loss= 7.30479  mean_foundation= 52.0/52  lifetime_outcomes={'won': 59, 'stalled': 2, 'truncated': 142, 'other': 0}  rss= 1674.4MB  (2229s)
step   178000/400000  eps=0.155  episodes=  204  mean_return=1650.000  mean_loss= 7.28856  mean_foundation= 24.0/52  lifetime_outcomes={'won': 59, 'stalled': 2, 'truncated': 143, 'other': 0}  rss= 1674.4MB  (2233s)
step   179000/400000  eps=0.150  episodes=  205  mean_return=1310.000  mean_loss= 7.10503  mean_foundation= 18.0/52  lifetime_outcomes={'won': 59, 'stalled': 2, 'truncated': 144, 'other': 0}  rss= 1674.4MB  (2238s)
step   180000/400000  eps=0.145  episodes=  206  mean_return=1340.000  mean_loss= 7.12764  mean_foundation= 11.0/52  lifetime_outcomes={'won': 59, 'stalled': 2, 'truncated': 145, 'other': 0}  rss= 1674.4MB  (2242s)
  EVAL  step   180000  win_rate=0.00%  mean_return=253.400  mean_foundation=  2.9/52  mean_length=1000.0  (greedy, 100 fixed deals)
step   181000/400000  eps=0.140  episodes=  207  mean_return=810.000  mean_loss= 7.22227  mean_foundation= 10.0/52  lifetime_outcomes={'won': 59, 'stalled': 2, 'truncated': 146, 'other': 0}  rss= 1674.4MB  (2336s)
step   182000/400000  eps=0.136  episodes=  208  mean_return=210.000  mean_loss= 6.79317  mean_foundation=  7.0/52  lifetime_outcomes={'won': 59, 'stalled': 2, 'truncated': 147, 'other': 0}  rss= 1674.4MB  (2340s)
step   183000/400000  eps=0.131  episodes=  209  mean_return=1030.000  mean_loss= 6.60464  mean_foundation=  7.0/52  lifetime_outcomes={'won': 59, 'stalled': 2, 'truncated': 148, 'other': 0}  rss= 1674.4MB  (2345s)
step   184000/400000  eps=0.126  episodes=  211  mean_return=4042.190  mean_loss= 6.48455  mean_foundation= 30.5/52  lifetime_outcomes={'won': 60, 'stalled': 2, 'truncated': 149, 'other': 0}  rss= 1674.4MB  (2349s)
step   185000/400000  eps=0.121  episodes=  212  mean_return=1060.000  mean_loss= 6.38417  mean_foundation= 10.0/52  lifetime_outcomes={'won': 60, 'stalled': 2, 'truncated': 150, 'other': 0}  rss= 1674.4MB  (2354s)
step   186000/400000  eps=0.117  episodes=  213  mean_return=1810.000  mean_loss= 6.39956  mean_foundation= 39.0/52  lifetime_outcomes={'won': 60, 'stalled': 2, 'truncated': 151, 'other': 0}  rss= 1674.4MB  (2358s)
step   187000/400000  eps=0.112  episodes=  214  mean_return=340.000  mean_loss= 6.00062  mean_foundation=  4.0/52  lifetime_outcomes={'won': 60, 'stalled': 2, 'truncated': 152, 'other': 0}  rss= 1674.4MB  (2363s)
step   188000/400000  eps=0.107  episodes=  215  mean_return=490.000  mean_loss= 6.12215  mean_foundation=  7.0/52  lifetime_outcomes={'won': 60, 'stalled': 2, 'truncated': 153, 'other': 0}  rss= 1674.4MB  (2367s)
step   189000/400000  eps=0.102  episodes=  216  mean_return=1070.000  mean_loss= 6.00591  mean_foundation= 15.0/52  lifetime_outcomes={'won': 60, 'stalled': 2, 'truncated': 154, 'other': 0}  rss= 1674.4MB  (2372s)
step   190000/400000  eps=0.098  episodes=  217  mean_return=1340.000  mean_loss= 5.95905  mean_foundation=  8.0/52  lifetime_outcomes={'won': 60, 'stalled': 2, 'truncated': 155, 'other': 0}  rss= 1674.4MB  (2376s)
  EVAL  step   190000  win_rate=0.00%  mean_return=258.300  mean_foundation=  5.5/52  mean_length=1000.0  (greedy, 100 fixed deals)
step   191000/400000  eps=0.093  episodes=  218  mean_return=810.000  mean_loss= 5.63446  mean_foundation=  7.0/52  lifetime_outcomes={'won': 60, 'stalled': 2, 'truncated': 156, 'other': 0}  rss= 1674.4MB  (2479s)
step   192000/400000  eps=0.088  episodes=  219  mean_return=930.000  mean_loss= 5.94051  mean_foundation= 14.0/52  lifetime_outcomes={'won': 60, 'stalled': 2, 'truncated': 157, 'other': 0}  rss= 1674.4MB  (2484s)
step   193000/400000  eps=0.083  episodes=  220  mean_return=430.000  mean_loss= 5.76026  mean_foundation=  4.0/52  lifetime_outcomes={'won': 60, 'stalled': 2, 'truncated': 158, 'other': 0}  rss= 1674.4MB  (2488s)
step   194000/400000  eps=0.079  episodes=  221  mean_return=610.000  mean_loss= 5.39689  mean_foundation=  4.0/52  lifetime_outcomes={'won': 60, 'stalled': 2, 'truncated': 159, 'other': 0}  rss= 1674.4MB  (2493s)
step   195000/400000  eps=0.074  episodes=  222  mean_return=7040.730  mean_loss= 5.67587  mean_foundation= 52.0/52  lifetime_outcomes={'won': 61, 'stalled': 2, 'truncated': 159, 'other': 0}  rss= 1674.4MB  (2497s)
step   196000/400000  eps=0.069  episodes=  223  mean_return=770.000  mean_loss= 5.53699  mean_foundation=  8.0/52  lifetime_outcomes={'won': 61, 'stalled': 2, 'truncated': 160, 'other': 0}  rss= 1674.4MB  (2502s)
step   197000/400000  eps=0.064  episodes=  224  mean_return=650.000  mean_loss= 5.40265  mean_foundation=  7.0/52  lifetime_outcomes={'won': 61, 'stalled': 2, 'truncated': 161, 'other': 0}  rss= 1674.4MB  (2506s)
step   198000/400000  eps=0.059  episodes=  225  mean_return=360.000  mean_loss= 5.28326  mean_foundation=  8.0/52  lifetime_outcomes={'won': 61, 'stalled': 2, 'truncated': 162, 'other': 0}  rss= 1674.4MB  (2511s)
step   199000/400000  eps=0.055  episodes=  226  mean_return=900.000  mean_loss= 5.07592  mean_foundation= 16.0/52  lifetime_outcomes={'won': 61, 'stalled': 2, 'truncated': 163, 'other': 0}  rss= 1674.4MB  (2515s)
step   200000/400000  eps=0.050  episodes=  227  mean_return=500.000  mean_loss= 5.10593  mean_foundation=  3.0/52  lifetime_outcomes={'won': 61, 'stalled': 2, 'truncated': 164, 'other': 0}  rss= 1674.4MB  (2520s)
  EVAL  step   200000  win_rate=0.00%  mean_return=297.800  mean_foundation=  3.9/52  mean_length=1000.0  (greedy, 100 fixed deals)
step   201000/400000  eps=0.050  episodes=  228  mean_return=7043.510  mean_loss= 5.09299  mean_foundation= 52.0/52  lifetime_outcomes={'won': 62, 'stalled': 2, 'truncated': 164, 'other': 0}  rss= 1674.4MB  (2617s)
step   202000/400000  eps=0.050  episodes=  229  mean_return=960.000  mean_loss= 4.72335  mean_foundation=  8.0/52  lifetime_outcomes={'won': 62, 'stalled': 2, 'truncated': 165, 'other': 0}  rss= 1674.4MB  (2622s)
step   203000/400000  eps=0.050  episodes=  230  mean_return=450.000  mean_loss= 5.10845  mean_foundation=  7.0/52  lifetime_outcomes={'won': 62, 'stalled': 2, 'truncated': 166, 'other': 0}  rss= 1674.4MB  (2627s)
step   204000/400000  eps=0.050  episodes=  231  mean_return=440.000  mean_loss= 4.93450  mean_foundation=  8.0/52  lifetime_outcomes={'won': 62, 'stalled': 2, 'truncated': 167, 'other': 0}  rss= 1674.4MB  (2631s)
step   205000/400000  eps=0.050  episodes=  232  mean_return=750.000  mean_loss= 4.89892  mean_foundation=  7.0/52  lifetime_outcomes={'won': 62, 'stalled': 2, 'truncated': 168, 'other': 0}  rss= 1674.4MB  (2636s)
step   206000/400000  eps=0.050  episodes=  233  mean_return=1020.000  mean_loss= 4.63265  mean_foundation=  9.0/52  lifetime_outcomes={'won': 62, 'stalled': 2, 'truncated': 169, 'other': 0}  rss= 1674.4MB  (2641s)
step   207000/400000  eps=0.050  episodes=  234  mean_return=280.000  mean_loss= 4.51470  mean_foundation=  2.0/52  lifetime_outcomes={'won': 62, 'stalled': 2, 'truncated': 170, 'other': 0}  rss= 1674.4MB  (2645s)
step   208000/400000  eps=0.050  episodes=  235  mean_return=530.000  mean_loss= 4.68432  mean_foundation=  9.0/52  lifetime_outcomes={'won': 62, 'stalled': 2, 'truncated': 171, 'other': 0}  rss= 1674.4MB  (2650s)
step   209000/400000  eps=0.050  episodes=  236  mean_return=1100.000  mean_loss= 4.57055  mean_foundation= 17.0/52  lifetime_outcomes={'won': 62, 'stalled': 2, 'truncated': 172, 'other': 0}  rss= 1674.4MB  (2654s)
step   210000/400000  eps=0.050  episodes=  237  mean_return=830.000  mean_loss= 4.30476  mean_foundation=  7.0/52  lifetime_outcomes={'won': 62, 'stalled': 2, 'truncated': 173, 'other': 0}  rss= 1674.4MB  (2659s)
  EVAL  step   210000  win_rate=0.00%  mean_return=288.500  mean_foundation=  4.2/52  mean_length=1000.0  (greedy, 100 fixed deals)
step   211000/400000  eps=0.050  episodes=  238  mean_return=110.000  mean_loss= 4.44284  mean_foundation=  2.0/52  lifetime_outcomes={'won': 62, 'stalled': 2, 'truncated': 174, 'other': 0}  rss= 1674.4MB  (2758s)
step   212000/400000  eps=0.050  episodes=  239  mean_return=350.000  mean_loss= 4.49763  mean_foundation=  6.0/52  lifetime_outcomes={'won': 62, 'stalled': 2, 'truncated': 175, 'other': 0}  rss= 1674.4MB  (2763s)
step   213000/400000  eps=0.050  episodes=  240  mean_return=670.000  mean_loss= 4.17618  mean_foundation=  4.0/52  lifetime_outcomes={'won': 62, 'stalled': 2, 'truncated': 176, 'other': 0}  rss= 1674.4MB  (2768s)
step   214000/400000  eps=0.050  episodes=  241  mean_return=700.000  mean_loss= 4.20906  mean_foundation=  6.0/52  lifetime_outcomes={'won': 62, 'stalled': 2, 'truncated': 177, 'other': 0}  rss= 1674.4MB  (2772s)
step   215000/400000  eps=0.050  episodes=  242  mean_return=390.000  mean_loss= 4.19302  mean_foundation=  5.0/52  lifetime_outcomes={'won': 62, 'stalled': 2, 'truncated': 178, 'other': 0}  rss= 1674.4MB  (2777s)
step   216000/400000  eps=0.050  episodes=  243  mean_return=800.000  mean_loss= 4.20163  mean_foundation=  6.0/52  lifetime_outcomes={'won': 62, 'stalled': 2, 'truncated': 179, 'other': 0}  rss= 1674.4MB  (2782s)
step   217000/400000  eps=0.050  episodes=  244  mean_return=1050.000  mean_loss= 3.97967  mean_foundation= 18.0/52  lifetime_outcomes={'won': 62, 'stalled': 2, 'truncated': 180, 'other': 0}  rss= 1674.4MB  (2786s)
step   218000/400000  eps=0.050  episodes=  245  mean_return=830.000  mean_loss= 3.70860  mean_foundation=  5.0/52  lifetime_outcomes={'won': 62, 'stalled': 2, 'truncated': 181, 'other': 0}  rss= 1674.4MB  (2791s)
step   219000/400000  eps=0.050  episodes=  246  mean_return=730.000  mean_loss= 3.91794  mean_foundation= 10.0/52  lifetime_outcomes={'won': 62, 'stalled': 2, 'truncated': 182, 'other': 0}  rss= 1674.4MB  (2795s)
step   220000/400000  eps=0.050  episodes=  247  mean_return=190.000  mean_loss= 3.71175  mean_foundation=  4.0/52  lifetime_outcomes={'won': 62, 'stalled': 2, 'truncated': 183, 'other': 0}  rss= 1674.4MB  (2800s)
  EVAL  step   220000  win_rate=0.00%  mean_return=270.000  mean_foundation=  4.7/52  mean_length=1000.0  (greedy, 100 fixed deals)
step   221000/400000  eps=0.050  episodes=  248  mean_return=490.000  mean_loss= 3.61058  mean_foundation=  3.0/52  lifetime_outcomes={'won': 62, 'stalled': 2, 'truncated': 184, 'other': 0}  rss= 1674.4MB  (2898s)
step   222000/400000  eps=0.050  episodes=  249  mean_return=1130.000  mean_loss= 3.59671  mean_foundation= 12.0/52  lifetime_outcomes={'won': 62, 'stalled': 2, 'truncated': 185, 'other': 0}  rss= 1674.4MB  (2902s)
step   223000/400000  eps=0.050  episodes=  250  mean_return=570.000  mean_loss= 3.65443  mean_foundation=  7.0/52  lifetime_outcomes={'won': 62, 'stalled': 2, 'truncated': 186, 'other': 0}  rss= 1674.4MB  (2907s)
step   224000/400000  eps=0.050  episodes=  251  mean_return=490.000  mean_loss= 3.52099  mean_foundation=  5.0/52  lifetime_outcomes={'won': 62, 'stalled': 2, 'truncated': 187, 'other': 0}  rss= 1674.4MB  (2911s)
step   225000/400000  eps=0.050  episodes=  252  mean_return=660.000  mean_loss= 3.27701  mean_foundation= 14.0/52  lifetime_outcomes={'won': 62, 'stalled': 2, 'truncated': 188, 'other': 0}  rss= 1674.4MB  (2915s)
step   226000/400000  eps=0.050  episodes=  253  mean_return=910.000  mean_loss= 3.41724  mean_foundation=  9.0/52  lifetime_outcomes={'won': 62, 'stalled': 2, 'truncated': 189, 'other': 0}  rss= 1674.4MB  (2919s)
step   227000/400000  eps=0.050  episodes=  254  mean_return=2010.000  mean_loss= 3.48579  mean_foundation= 48.0/52  lifetime_outcomes={'won': 62, 'stalled': 2, 'truncated': 190, 'other': 0}  rss= 1674.4MB  (2924s)
step   228000/400000  eps=0.050  episodes=  255  mean_return=240.000  mean_loss= 3.32919  mean_foundation=  5.0/52  lifetime_outcomes={'won': 62, 'stalled': 2, 'truncated': 191, 'other': 0}  rss= 1674.4MB  (2928s)
step   229000/400000  eps=0.050  episodes=  256  mean_return=1980.000  mean_loss= 3.31944  mean_foundation= 46.0/52  lifetime_outcomes={'won': 62, 'stalled': 2, 'truncated': 192, 'other': 0}  rss= 1674.4MB  (2933s)
step   230000/400000  eps=0.050  episodes=  257  mean_return=460.000  mean_loss= 3.39500  mean_foundation=  7.0/52  lifetime_outcomes={'won': 62, 'stalled': 2, 'truncated': 193, 'other': 0}  rss= 1674.4MB  (2937s)
  EVAL  step   230000  win_rate=0.00%  mean_return=287.700  mean_foundation=  4.2/52  mean_length=1000.0  (greedy, 100 fixed deals)
step   231000/400000  eps=0.050  episodes=  258  mean_return=200.000  mean_loss= 3.22165  mean_foundation=  5.0/52  lifetime_outcomes={'won': 62, 'stalled': 2, 'truncated': 194, 'other': 0}  rss= 1674.4MB  (3035s)
step   232000/400000  eps=0.050  episodes=  259  mean_return=240.000  mean_loss= 3.31372  mean_foundation=  5.0/52  lifetime_outcomes={'won': 62, 'stalled': 2, 'truncated': 195, 'other': 0}  rss= 1674.4MB  (3040s)
step   233000/400000  eps=0.050  episodes=  260  mean_return=450.000  mean_loss= 3.09255  mean_foundation=  6.0/52  lifetime_outcomes={'won': 62, 'stalled': 2, 'truncated': 196, 'other': 0}  rss= 1674.4MB  (3045s)
step   234000/400000  eps=0.050  episodes=  261  mean_return=320.000  mean_loss= 3.07214  mean_foundation=  7.0/52  lifetime_outcomes={'won': 62, 'stalled': 2, 'truncated': 197, 'other': 0}  rss= 1674.4MB  (3049s)
step   235000/400000  eps=0.050  episodes=  262  mean_return=500.000  mean_loss= 2.98403  mean_foundation=  7.0/52  lifetime_outcomes={'won': 62, 'stalled': 2, 'truncated': 198, 'other': 0}  rss= 1674.4MB  (3054s)
step   236000/400000  eps=0.050  episodes=  263  mean_return=700.000  mean_loss= 2.88089  mean_foundation=  8.0/52  lifetime_outcomes={'won': 62, 'stalled': 2, 'truncated': 199, 'other': 0}  rss= 1674.4MB  (3059s)
step   237000/400000  eps=0.050  episodes=  264  mean_return=690.000  mean_loss= 2.88822  mean_foundation= 12.0/52  lifetime_outcomes={'won': 62, 'stalled': 2, 'truncated': 200, 'other': 0}  rss= 1674.4MB  (3063s)
step   238000/400000  eps=0.050  episodes=  265  mean_return=380.000  mean_loss= 3.01173  mean_foundation=  6.0/52  lifetime_outcomes={'won': 62, 'stalled': 2, 'truncated': 201, 'other': 0}  rss= 1674.4MB  (3068s)
step   239000/400000  eps=0.050  episodes=  266  mean_return=140.000  mean_loss= 2.90513  mean_foundation=  4.0/52  lifetime_outcomes={'won': 62, 'stalled': 2, 'truncated': 202, 'other': 0}  rss= 1674.4MB  (3072s)
step   240000/400000  eps=0.050  episodes=  267  mean_return=1250.000  mean_loss= 2.87726  mean_foundation= 18.0/52  lifetime_outcomes={'won': 62, 'stalled': 2, 'truncated': 203, 'other': 0}  rss= 1674.4MB  (3077s)
  EVAL  step   240000  win_rate=0.00%  mean_return=223.100  mean_foundation=  3.8/52  mean_length=1000.0  (greedy, 100 fixed deals)
step   241000/400000  eps=0.050  episodes=  268  mean_return=430.000  mean_loss= 2.68388  mean_foundation= 10.0/52  lifetime_outcomes={'won': 62, 'stalled': 2, 'truncated': 204, 'other': 0}  rss= 1674.4MB  (3169s)
step   242000/400000  eps=0.050  episodes=  269  mean_return=860.000  mean_loss= 2.71441  mean_foundation= 11.0/52  lifetime_outcomes={'won': 62, 'stalled': 2, 'truncated': 205, 'other': 0}  rss= 1674.4MB  (3174s)
step   243000/400000  eps=0.050  episodes=  270  mean_return=890.000  mean_loss= 2.58001  mean_foundation= 10.0/52  lifetime_outcomes={'won': 62, 'stalled': 2, 'truncated': 206, 'other': 0}  rss= 1674.4MB  (3178s)
step   244000/400000  eps=0.050  episodes=  271  mean_return=120.000  mean_loss= 2.43057  mean_foundation=  2.0/52  lifetime_outcomes={'won': 62, 'stalled': 2, 'truncated': 207, 'other': 0}  rss= 1674.4MB  (3183s)
step   245000/400000  eps=0.050  episodes=  272  mean_return=1340.000  mean_loss= 2.44151  mean_foundation= 17.0/52  lifetime_outcomes={'won': 62, 'stalled': 2, 'truncated': 208, 'other': 0}  rss= 1674.4MB  (3187s)
step   246000/400000  eps=0.050  episodes=  273  mean_return=600.000  mean_loss= 2.34700  mean_foundation=  9.0/52  lifetime_outcomes={'won': 62, 'stalled': 2, 'truncated': 209, 'other': 0}  rss= 1674.4MB  (3192s)
step   247000/400000  eps=0.050  episodes=  274  mean_return=710.000  mean_loss= 2.31374  mean_foundation=  7.0/52  lifetime_outcomes={'won': 62, 'stalled': 2, 'truncated': 210, 'other': 0}  rss= 1674.4MB  (3196s)
step   248000/400000  eps=0.050  episodes=  275  mean_return=720.000  mean_loss= 2.17428  mean_foundation=  4.0/52  lifetime_outcomes={'won': 62, 'stalled': 2, 'truncated': 211, 'other': 0}  rss= 1674.4MB  (3201s)
step   249000/400000  eps=0.050  episodes=  276  mean_return=780.000  mean_loss= 2.24062  mean_foundation= 14.0/52  lifetime_outcomes={'won': 62, 'stalled': 2, 'truncated': 212, 'other': 0}  rss= 1674.4MB  (3206s)
step   250000/400000  eps=0.050  episodes=  277  mean_return=220.000  mean_loss= 2.24182  mean_foundation=  2.0/52  lifetime_outcomes={'won': 62, 'stalled': 2, 'truncated': 213, 'other': 0}  rss= 1674.4MB  (3210s)
  EVAL  step   250000  win_rate=0.00%  mean_return=247.900  mean_foundation=  3.9/52  mean_length=1000.0  (greedy, 100 fixed deals)
step   251000/400000  eps=0.050  episodes=  278  mean_return=1050.000  mean_loss= 2.08117  mean_foundation= 15.0/52  lifetime_outcomes={'won': 62, 'stalled': 2, 'truncated': 214, 'other': 0}  rss= 1674.4MB  (3308s)
step   252000/400000  eps=0.050  episodes=  279  mean_return=480.000  mean_loss= 2.03425  mean_foundation=  4.0/52  lifetime_outcomes={'won': 62, 'stalled': 2, 'truncated': 215, 'other': 0}  rss= 1674.4MB  (3313s)
step   253000/400000  eps=0.050  episodes=  280  mean_return=520.000  mean_loss= 2.07843  mean_foundation= 13.0/52  lifetime_outcomes={'won': 62, 'stalled': 2, 'truncated': 216, 'other': 0}  rss= 1674.4MB  (3318s)
step   254000/400000  eps=0.050  episodes=  281  mean_return=460.000  mean_loss= 1.98714  mean_foundation=  3.0/52  lifetime_outcomes={'won': 62, 'stalled': 2, 'truncated': 217, 'other': 0}  rss= 1674.4MB  (3322s)
step   255000/400000  eps=0.050  episodes=  282  mean_return=360.000  mean_loss= 2.11273  mean_foundation=  3.0/52  lifetime_outcomes={'won': 62, 'stalled': 2, 'truncated': 218, 'other': 0}  rss= 1674.4MB  (3327s)
step   256000/400000  eps=0.050  episodes=  283  mean_return=540.000  mean_loss= 2.07725  mean_foundation= 10.0/52  lifetime_outcomes={'won': 62, 'stalled': 2, 'truncated': 219, 'other': 0}  rss= 1674.4MB  (3331s)
step   257000/400000  eps=0.050  episodes=  284  mean_return=490.000  mean_loss= 2.03757  mean_foundation=  3.0/52  lifetime_outcomes={'won': 62, 'stalled': 2, 'truncated': 220, 'other': 0}  rss= 1674.4MB  (3336s)
step   258000/400000  eps=0.050  episodes=  285  mean_return=570.000  mean_loss= 1.97375  mean_foundation=  3.0/52  lifetime_outcomes={'won': 62, 'stalled': 2, 'truncated': 221, 'other': 0}  rss= 1674.4MB  (3340s)
step   259000/400000  eps=0.050  episodes=  286  mean_return=1300.000  mean_loss= 2.12612  mean_foundation= 16.0/52  lifetime_outcomes={'won': 62, 'stalled': 2, 'truncated': 222, 'other': 0}  rss= 1674.4MB  (3345s)
step   260000/400000  eps=0.050  episodes=  287  mean_return=530.000  mean_loss= 2.04602  mean_foundation= 15.0/52  lifetime_outcomes={'won': 62, 'stalled': 2, 'truncated': 223, 'other': 0}  rss= 1674.4MB  (3349s)
  EVAL  step   260000  win_rate=0.00%  mean_return=213.900  mean_foundation=  4.2/52  mean_length=1000.0  (greedy, 100 fixed deals)
step   261000/400000  eps=0.050  episodes=  289  mean_return=459.765  mean_loss= 2.00231  mean_foundation=  9.0/52  lifetime_outcomes={'won': 62, 'stalled': 3, 'truncated': 224, 'other': 0}  rss= 1674.4MB  (3448s)
step   262000/400000  eps=0.050  episodes=  290  mean_return=410.000  mean_loss= 2.01772  mean_foundation=  3.0/52  lifetime_outcomes={'won': 62, 'stalled': 3, 'truncated': 225, 'other': 0}  rss= 1674.4MB  (3452s)
step   263000/400000  eps=0.050  episodes=  291  mean_return=550.000  mean_loss= 1.94513  mean_foundation= 12.0/52  lifetime_outcomes={'won': 62, 'stalled': 3, 'truncated': 226, 'other': 0}  rss= 1674.4MB  (3457s)
step   264000/400000  eps=0.050  episodes=  292  mean_return=680.000  mean_loss= 2.00329  mean_foundation= 12.0/52  lifetime_outcomes={'won': 62, 'stalled': 3, 'truncated': 227, 'other': 0}  rss= 1674.4MB  (3461s)
step   265000/400000  eps=0.050  episodes=  293  mean_return=1210.000  mean_loss= 1.97456  mean_foundation= 21.0/52  lifetime_outcomes={'won': 62, 'stalled': 3, 'truncated': 228, 'other': 0}  rss= 1674.4MB  (3466s)
step   266000/400000  eps=0.050  episodes=  294  mean_return=950.000  mean_loss= 1.83467  mean_foundation= 15.0/52  lifetime_outcomes={'won': 62, 'stalled': 3, 'truncated': 229, 'other': 0}  rss= 1674.4MB  (3471s)
step   267000/400000  eps=0.050  episodes=  295  mean_return=160.000  mean_loss= 1.89287  mean_foundation=  2.0/52  lifetime_outcomes={'won': 62, 'stalled': 3, 'truncated': 230, 'other': 0}  rss= 1674.4MB  (3475s)
step   268000/400000  eps=0.050  episodes=  296  mean_return=720.000  mean_loss= 1.84520  mean_foundation=  4.0/52  lifetime_outcomes={'won': 62, 'stalled': 3, 'truncated': 231, 'other': 0}  rss= 1674.4MB  (3480s)
step   269000/400000  eps=0.050  episodes=  297  mean_return=270.000  mean_loss= 1.76393  mean_foundation=  7.0/52  lifetime_outcomes={'won': 62, 'stalled': 3, 'truncated': 232, 'other': 0}  rss= 1674.4MB  (3485s)
step   270000/400000  eps=0.050  episodes=  298  mean_return=610.000  mean_loss= 1.73566  mean_foundation=  7.0/52  lifetime_outcomes={'won': 62, 'stalled': 3, 'truncated': 233, 'other': 0}  rss= 1674.4MB  (3489s)
  EVAL  step   270000  win_rate=0.00%  mean_return=218.800  mean_foundation=  3.7/52  mean_length=1000.0  (greedy, 100 fixed deals)
step   271000/400000  eps=0.050  episodes=  299  mean_return=620.000  mean_loss= 1.64263  mean_foundation=  9.0/52  lifetime_outcomes={'won': 62, 'stalled': 3, 'truncated': 234, 'other': 0}  rss= 1674.4MB  (3586s)
step   272000/400000  eps=0.050  episodes=  300  mean_return=720.000  mean_loss= 1.62807  mean_foundation=  9.0/52  lifetime_outcomes={'won': 62, 'stalled': 3, 'truncated': 235, 'other': 0}  rss= 1674.4MB  (3591s)
step   273000/400000  eps=0.050  episodes=  301  mean_return=1980.000  mean_loss= 1.67489  mean_foundation= 46.0/52  lifetime_outcomes={'won': 62, 'stalled': 3, 'truncated': 236, 'other': 0}  rss= 1674.4MB  (3595s)
step   274000/400000  eps=0.050  episodes=  302  mean_return=610.000  mean_loss= 1.66306  mean_foundation= 10.0/52  lifetime_outcomes={'won': 62, 'stalled': 3, 'truncated': 237, 'other': 0}  rss= 1674.4MB  (3600s)
step   275000/400000  eps=0.050  episodes=  303  mean_return=300.000  mean_loss= 1.60835  mean_foundation=  2.0/52  lifetime_outcomes={'won': 62, 'stalled': 3, 'truncated': 238, 'other': 0}  rss= 1674.4MB  (3604s)
step   276000/400000  eps=0.050  episodes=  304  mean_return=990.000  mean_loss= 1.46908  mean_foundation= 14.0/52  lifetime_outcomes={'won': 62, 'stalled': 3, 'truncated': 239, 'other': 0}  rss= 1674.4MB  (3609s)
step   277000/400000  eps=0.050  episodes=  305  mean_return=880.000  mean_loss= 1.39573  mean_foundation=  8.0/52  lifetime_outcomes={'won': 62, 'stalled': 3, 'truncated': 240, 'other': 0}  rss= 1674.4MB  (3613s)
step   278000/400000  eps=0.050  episodes=  306  mean_return=790.000  mean_loss= 1.38874  mean_foundation=  8.0/52  lifetime_outcomes={'won': 62, 'stalled': 3, 'truncated': 241, 'other': 0}  rss= 1674.4MB  (3618s)
step   279000/400000  eps=0.050  episodes=  307  mean_return=1180.000  mean_loss= 1.27974  mean_foundation= 13.0/52  lifetime_outcomes={'won': 62, 'stalled': 3, 'truncated': 242, 'other': 0}  rss= 1674.4MB  (3622s)
step   280000/400000  eps=0.050  episodes=  308  mean_return=270.000  mean_loss= 1.32122  mean_foundation=  7.0/52  lifetime_outcomes={'won': 62, 'stalled': 3, 'truncated': 243, 'other': 0}  rss= 1674.4MB  (3627s)
  EVAL  step   280000  win_rate=0.00%  mean_return=235.300  mean_foundation=  3.0/52  mean_length=1000.0  (greedy, 100 fixed deals)
step   281000/400000  eps=0.050  episodes=  309  mean_return=1250.000  mean_loss= 1.34529  mean_foundation=  7.0/52  lifetime_outcomes={'won': 62, 'stalled': 3, 'truncated': 244, 'other': 0}  rss= 1674.4MB  (3724s)
step   282000/400000  eps=0.050  episodes=  310  mean_return=910.000  mean_loss= 1.37199  mean_foundation=  9.0/52  lifetime_outcomes={'won': 62, 'stalled': 3, 'truncated': 245, 'other': 0}  rss= 1674.4MB  (3728s)
step   283000/400000  eps=0.050  episodes=  311  mean_return=450.000  mean_loss= 1.39926  mean_foundation=  3.0/52  lifetime_outcomes={'won': 62, 'stalled': 3, 'truncated': 246, 'other': 0}  rss= 1674.4MB  (3733s)
step   284000/400000  eps=0.050  episodes=  312  mean_return=1160.000  mean_loss= 1.39682  mean_foundation=  9.0/52  lifetime_outcomes={'won': 62, 'stalled': 3, 'truncated': 247, 'other': 0}  rss= 1674.4MB  (3738s)
step   285000/400000  eps=0.050  episodes=  313  mean_return=7041.220  mean_loss= 1.41267  mean_foundation= 52.0/52  lifetime_outcomes={'won': 63, 'stalled': 3, 'truncated': 247, 'other': 0}  rss= 1674.4MB  (3742s)
step   286000/400000  eps=0.050  episodes=  314  mean_return=1840.000  mean_loss= 1.39904  mean_foundation= 42.0/52  lifetime_outcomes={'won': 63, 'stalled': 3, 'truncated': 248, 'other': 0}  rss= 1674.4MB  (3747s)
step   287000/400000  eps=0.050  episodes=  315  mean_return=1700.000  mean_loss= 1.34354  mean_foundation= 20.0/52  lifetime_outcomes={'won': 63, 'stalled': 3, 'truncated': 249, 'other': 0}  rss= 1674.4MB  (3751s)
step   288000/400000  eps=0.050  episodes=  316  mean_return=750.000  mean_loss= 1.33496  mean_foundation= 11.0/52  lifetime_outcomes={'won': 63, 'stalled': 3, 'truncated': 250, 'other': 0}  rss= 1674.4MB  (3756s)
step   289000/400000  eps=0.050  episodes=  317  mean_return=350.000  mean_loss= 1.24357  mean_foundation=  8.0/52  lifetime_outcomes={'won': 63, 'stalled': 3, 'truncated': 251, 'other': 0}  rss= 1674.4MB  (3761s)
step   290000/400000  eps=0.050  episodes=  318  mean_return=140.000  mean_loss= 1.24678  mean_foundation=  3.0/52  lifetime_outcomes={'won': 63, 'stalled': 3, 'truncated': 252, 'other': 0}  rss= 1674.4MB  (3765s)
  EVAL  step   290000  win_rate=0.00%  mean_return=227.700  mean_foundation=  3.8/52  mean_length=1000.0  (greedy, 100 fixed deals)
step   291000/400000  eps=0.050  episodes=  319  mean_return=1300.000  mean_loss= 1.27991  mean_foundation=  8.0/52  lifetime_outcomes={'won': 63, 'stalled': 3, 'truncated': 253, 'other': 0}  rss= 1674.4MB  (3860s)
step   292000/400000  eps=0.050  episodes=  320  mean_return=440.000  mean_loss= 1.23821  mean_foundation=  6.0/52  lifetime_outcomes={'won': 63, 'stalled': 3, 'truncated': 254, 'other': 0}  rss= 1674.4MB  (3865s)
step   293000/400000  eps=0.050  episodes=  321  mean_return=950.000  mean_loss= 1.29212  mean_foundation= 11.0/52  lifetime_outcomes={'won': 63, 'stalled': 3, 'truncated': 255, 'other': 0}  rss= 1674.4MB  (3869s)
step   294000/400000  eps=0.050  episodes=  322  mean_return=1640.000  mean_loss= 1.33627  mean_foundation= 30.0/52  lifetime_outcomes={'won': 63, 'stalled': 3, 'truncated': 256, 'other': 0}  rss= 1674.4MB  (3874s)
step   295000/400000  eps=0.050  episodes=  323  mean_return=980.000  mean_loss= 1.29713  mean_foundation= 14.0/52  lifetime_outcomes={'won': 63, 'stalled': 3, 'truncated': 257, 'other': 0}  rss= 1674.4MB  (3878s)
step   296000/400000  eps=0.050  episodes=  324  mean_return=500.000  mean_loss= 1.28293  mean_foundation=  7.0/52  lifetime_outcomes={'won': 63, 'stalled': 3, 'truncated': 258, 'other': 0}  rss= 1674.4MB  (3883s)
step   297000/400000  eps=0.050  episodes=  325  mean_return=320.000  mean_loss= 1.26446  mean_foundation=  5.0/52  lifetime_outcomes={'won': 63, 'stalled': 3, 'truncated': 259, 'other': 0}  rss= 1674.4MB  (3887s)
step   298000/400000  eps=0.050  episodes=  326  mean_return=710.000  mean_loss= 1.25618  mean_foundation= 13.0/52  lifetime_outcomes={'won': 63, 'stalled': 3, 'truncated': 260, 'other': 0}  rss= 1674.4MB  (3891s)
step   299000/400000  eps=0.050  episodes=  327  mean_return=600.000  mean_loss= 1.26114  mean_foundation=  5.0/52  lifetime_outcomes={'won': 63, 'stalled': 3, 'truncated': 261, 'other': 0}  rss= 1674.4MB  (3896s)
step   300000/400000  eps=0.050  episodes=  328  mean_return=730.000  mean_loss= 1.24699  mean_foundation=  5.0/52  lifetime_outcomes={'won': 63, 'stalled': 3, 'truncated': 262, 'other': 0}  rss= 1674.4MB  (3901s)
  EVAL  step   300000  win_rate=0.00%  mean_return=309.800  mean_foundation=  4.2/52  mean_length=1000.0  (greedy, 100 fixed deals)
step   301000/400000  eps=0.050  episodes=  329  mean_return=990.000  mean_loss= 1.30991  mean_foundation=  9.0/52  lifetime_outcomes={'won': 63, 'stalled': 3, 'truncated': 263, 'other': 0}  rss= 1674.4MB  (3997s)
step   302000/400000  eps=0.050  episodes=  330  mean_return=420.000  mean_loss= 1.33520  mean_foundation=  4.0/52  lifetime_outcomes={'won': 63, 'stalled': 3, 'truncated': 264, 'other': 0}  rss= 1674.4MB  (4002s)
step   303000/400000  eps=0.050  episodes=  331  mean_return= 70.000  mean_loss= 1.32438  mean_foundation=  3.0/52  lifetime_outcomes={'won': 63, 'stalled': 3, 'truncated': 265, 'other': 0}  rss= 1674.4MB  (4006s)
step   304000/400000  eps=0.050  episodes=  332  mean_return=1010.000  mean_loss= 1.26156  mean_foundation= 10.0/52  lifetime_outcomes={'won': 63, 'stalled': 3, 'truncated': 266, 'other': 0}  rss= 1674.4MB  (4011s)
step   305000/400000  eps=0.050  episodes=  333  mean_return=990.000  mean_loss= 1.36342  mean_foundation=  5.0/52  lifetime_outcomes={'won': 63, 'stalled': 3, 'truncated': 267, 'other': 0}  rss= 1674.4MB  (4016s)
step   306000/400000  eps=0.050  episodes=  334  mean_return=120.000  mean_loss= 1.37321  mean_foundation=  2.0/52  lifetime_outcomes={'won': 63, 'stalled': 3, 'truncated': 268, 'other': 0}  rss= 1674.4MB  (4020s)
step   307000/400000  eps=0.050  episodes=  335  mean_return=1470.000  mean_loss= 1.43505  mean_foundation= 19.0/52  lifetime_outcomes={'won': 63, 'stalled': 3, 'truncated': 269, 'other': 0}  rss= 1674.4MB  (4025s)
step   308000/400000  eps=0.050  episodes=  336  mean_return=700.000  mean_loss= 1.42213  mean_foundation=  6.0/52  lifetime_outcomes={'won': 63, 'stalled': 3, 'truncated': 270, 'other': 0}  rss= 1674.4MB  (4029s)
step   309000/400000  eps=0.050  episodes=  337  mean_return=290.000  mean_loss= 1.42570  mean_foundation= 12.0/52  lifetime_outcomes={'won': 63, 'stalled': 3, 'truncated': 271, 'other': 0}  rss= 1674.4MB  (4034s)
step   310000/400000  eps=0.050  episodes=  338  mean_return=410.000  mean_loss= 1.35481  mean_foundation= 10.0/52  lifetime_outcomes={'won': 63, 'stalled': 3, 'truncated': 272, 'other': 0}  rss= 1674.4MB  (4039s)
  EVAL  step   310000  win_rate=0.00%  mean_return=263.700  mean_foundation=  4.0/52  mean_length=1000.0  (greedy, 100 fixed deals)
step   311000/400000  eps=0.050  episodes=  339  mean_return=750.000  mean_loss= 1.39129  mean_foundation=  8.0/52  lifetime_outcomes={'won': 63, 'stalled': 3, 'truncated': 273, 'other': 0}  rss= 1674.4MB  (4132s)
step   312000/400000  eps=0.050  episodes=  340  mean_return=1490.000  mean_loss= 1.51984  mean_foundation= 18.0/52  lifetime_outcomes={'won': 63, 'stalled': 3, 'truncated': 274, 'other': 0}  rss= 1674.4MB  (4137s)
step   313000/400000  eps=0.050  episodes=  341  mean_return=200.000  mean_loss= 1.47333  mean_foundation=  3.0/52  lifetime_outcomes={'won': 63, 'stalled': 3, 'truncated': 275, 'other': 0}  rss= 1674.4MB  (4142s)
step   314000/400000  eps=0.050  episodes=  342  mean_return=1140.000  mean_loss= 1.54704  mean_foundation=  7.0/52  lifetime_outcomes={'won': 63, 'stalled': 3, 'truncated': 276, 'other': 0}  rss= 1674.4MB  (4146s)
step   315000/400000  eps=0.050  episodes=  343  mean_return=780.000  mean_loss= 1.57849  mean_foundation=  7.0/52  lifetime_outcomes={'won': 63, 'stalled': 3, 'truncated': 277, 'other': 0}  rss= 1674.4MB  (4151s)
step   316000/400000  eps=0.050  episodes=  344  mean_return=730.000  mean_loss= 1.57608  mean_foundation= 14.0/52  lifetime_outcomes={'won': 63, 'stalled': 3, 'truncated': 278, 'other': 0}  rss= 1674.4MB  (4155s)
step   317000/400000  eps=0.050  episodes=  345  mean_return=1040.000  mean_loss= 1.75532  mean_foundation=  7.0/52  lifetime_outcomes={'won': 63, 'stalled': 3, 'truncated': 279, 'other': 0}  rss= 1674.4MB  (4160s)
step   318000/400000  eps=0.050  episodes=  346  mean_return=380.000  mean_loss= 1.63293  mean_foundation=  3.0/52  lifetime_outcomes={'won': 63, 'stalled': 3, 'truncated': 280, 'other': 0}  rss= 1674.4MB  (4165s)
step   319000/400000  eps=0.050  episodes=  347  mean_return=1160.000  mean_loss= 1.82129  mean_foundation= 10.0/52  lifetime_outcomes={'won': 63, 'stalled': 3, 'truncated': 281, 'other': 0}  rss= 1674.4MB  (4169s)
step   320000/400000  eps=0.050  episodes=  348  mean_return=1120.000  mean_loss= 1.89044  mean_foundation= 11.0/52  lifetime_outcomes={'won': 63, 'stalled': 3, 'truncated': 282, 'other': 0}  rss= 1674.4MB  (4174s)
  EVAL  step   320000  win_rate=0.00%  mean_return=186.600  mean_foundation=  3.7/52  mean_length=1000.0  (greedy, 100 fixed deals)
step   321000/400000  eps=0.050  episodes=  349  mean_return=350.000  mean_loss= 1.84077  mean_foundation=  2.0/52  lifetime_outcomes={'won': 63, 'stalled': 3, 'truncated': 283, 'other': 0}  rss= 1674.4MB  (4266s)
step   322000/400000  eps=0.050  episodes=  350  mean_return=680.000  mean_loss= 1.85739  mean_foundation=  8.0/52  lifetime_outcomes={'won': 63, 'stalled': 3, 'truncated': 284, 'other': 0}  rss= 1674.4MB  (4271s)
step   323000/400000  eps=0.050  episodes=  351  mean_return=840.000  mean_loss= 1.93058  mean_foundation= 12.0/52  lifetime_outcomes={'won': 63, 'stalled': 3, 'truncated': 285, 'other': 0}  rss= 1674.4MB  (4276s)
step   324000/400000  eps=0.050  episodes=  352  mean_return=610.000  mean_loss= 1.80000  mean_foundation= 10.0/52  lifetime_outcomes={'won': 63, 'stalled': 3, 'truncated': 286, 'other': 0}  rss= 1674.4MB  (4280s)
step   325000/400000  eps=0.050  episodes=  353  mean_return=390.000  mean_loss= 1.94404  mean_foundation=  2.0/52  lifetime_outcomes={'won': 63, 'stalled': 3, 'truncated': 287, 'other': 0}  rss= 1674.4MB  (4285s)
step   326000/400000  eps=0.050  episodes=  354  mean_return=350.000  mean_loss= 1.95214  mean_foundation=  6.0/52  lifetime_outcomes={'won': 63, 'stalled': 3, 'truncated': 288, 'other': 0}  rss= 1674.4MB  (4289s)
step   327000/400000  eps=0.050  episodes=  355  mean_return=1150.000  mean_loss= 1.89431  mean_foundation=  6.0/52  lifetime_outcomes={'won': 63, 'stalled': 3, 'truncated': 289, 'other': 0}  rss= 1674.4MB  (4294s)
step   328000/400000  eps=0.050  episodes=  356  mean_return=750.000  mean_loss= 2.04771  mean_foundation=  4.0/52  lifetime_outcomes={'won': 63, 'stalled': 3, 'truncated': 290, 'other': 0}  rss= 1674.4MB  (4298s)
step   329000/400000  eps=0.050  episodes=  357  mean_return=1120.000  mean_loss= 2.00511  mean_foundation= 13.0/52  lifetime_outcomes={'won': 63, 'stalled': 3, 'truncated': 291, 'other': 0}  rss= 1674.4MB  (4303s)
step   330000/400000  eps=0.050  episodes=  358  mean_return=270.000  mean_loss= 2.20195  mean_foundation=  3.0/52  lifetime_outcomes={'won': 63, 'stalled': 3, 'truncated': 292, 'other': 0}  rss= 1674.4MB  (4307s)
  EVAL  step   330000  win_rate=0.00%  mean_return=237.100  mean_foundation=  3.4/52  mean_length=1000.0  (greedy, 100 fixed deals)
step   331000/400000  eps=0.050  episodes=  359  mean_return=650.000  mean_loss= 2.01217  mean_foundation=  6.0/52  lifetime_outcomes={'won': 63, 'stalled': 3, 'truncated': 293, 'other': 0}  rss= 1674.4MB  (4398s)
step   332000/400000  eps=0.050  episodes=  360  mean_return=250.000  mean_loss= 2.27274  mean_foundation=  2.0/52  lifetime_outcomes={'won': 63, 'stalled': 3, 'truncated': 294, 'other': 0}  rss= 1674.4MB  (4402s)
step   333000/400000  eps=0.050  episodes=  361  mean_return=460.000  mean_loss= 2.29123  mean_foundation=  3.0/52  lifetime_outcomes={'won': 63, 'stalled': 3, 'truncated': 295, 'other': 0}  rss= 1674.4MB  (4407s)
step   334000/400000  eps=0.050  episodes=  362  mean_return=490.000  mean_loss= 2.36912  mean_foundation=  3.0/52  lifetime_outcomes={'won': 63, 'stalled': 3, 'truncated': 296, 'other': 0}  rss= 1674.4MB  (4411s)
step   335000/400000  eps=0.050  episodes=  363  mean_return= 70.000  mean_loss= 2.38764  mean_foundation=  1.0/52  lifetime_outcomes={'won': 63, 'stalled': 3, 'truncated': 297, 'other': 0}  rss= 1674.4MB  (4416s)
step   336000/400000  eps=0.050  episodes=  364  mean_return=940.000  mean_loss= 2.45678  mean_foundation= 12.0/52  lifetime_outcomes={'won': 63, 'stalled': 3, 'truncated': 298, 'other': 0}  rss= 1674.4MB  (4420s)
step   337000/400000  eps=0.050  episodes=  365  mean_return=1370.000  mean_loss= 2.67219  mean_foundation= 20.0/52  lifetime_outcomes={'won': 63, 'stalled': 3, 'truncated': 299, 'other': 0}  rss= 1674.4MB  (4425s)
step   338000/400000  eps=0.050  episodes=  366  mean_return=700.000  mean_loss= 2.77760  mean_foundation= 10.0/52  lifetime_outcomes={'won': 63, 'stalled': 3, 'truncated': 300, 'other': 0}  rss= 1674.4MB  (4429s)
step   339000/400000  eps=0.050  episodes=  367  mean_return=170.000  mean_loss= 2.93220  mean_foundation=  3.0/52  lifetime_outcomes={'won': 63, 'stalled': 3, 'truncated': 301, 'other': 0}  rss= 1674.4MB  (4434s)
step   340000/400000  eps=0.050  episodes=  368  mean_return=580.000  mean_loss= 2.94009  mean_foundation=  6.0/52  lifetime_outcomes={'won': 63, 'stalled': 3, 'truncated': 302, 'other': 0}  rss= 1674.4MB  (4439s)
  EVAL  step   340000  win_rate=0.00%  mean_return=208.400  mean_foundation=  2.4/52  mean_length=1000.0  (greedy, 100 fixed deals)
step   341000/400000  eps=0.050  episodes=  369  mean_return=780.000  mean_loss= 2.97928  mean_foundation=  7.0/52  lifetime_outcomes={'won': 63, 'stalled': 3, 'truncated': 303, 'other': 0}  rss= 1674.4MB  (4530s)
step   342000/400000  eps=0.050  episodes=  370  mean_return=380.000  mean_loss= 2.97363  mean_foundation=  3.0/52  lifetime_outcomes={'won': 63, 'stalled': 3, 'truncated': 304, 'other': 0}  rss= 1674.4MB  (4535s)
step   343000/400000  eps=0.050  episodes=  371  mean_return=800.000  mean_loss= 2.96376  mean_foundation=  5.0/52  lifetime_outcomes={'won': 63, 'stalled': 3, 'truncated': 305, 'other': 0}  rss= 1674.4MB  (4539s)
step   344000/400000  eps=0.050  episodes=  372  mean_return=570.000  mean_loss= 2.84350  mean_foundation=  7.0/52  lifetime_outcomes={'won': 63, 'stalled': 3, 'truncated': 306, 'other': 0}  rss= 1674.4MB  (4544s)
step   345000/400000  eps=0.050  episodes=  373  mean_return=540.000  mean_loss= 2.94765  mean_foundation=  3.0/52  lifetime_outcomes={'won': 63, 'stalled': 3, 'truncated': 307, 'other': 0}  rss= 1674.4MB  (4548s)
step   346000/400000  eps=0.050  episodes=  374  mean_return=960.000  mean_loss= 2.84882  mean_foundation= 10.0/52  lifetime_outcomes={'won': 63, 'stalled': 3, 'truncated': 308, 'other': 0}  rss= 1674.4MB  (4553s)
step   347000/400000  eps=0.050  episodes=  375  mean_return=460.000  mean_loss= 2.85639  mean_foundation=  3.0/52  lifetime_outcomes={'won': 63, 'stalled': 3, 'truncated': 309, 'other': 0}  rss= 1674.4MB  (4557s)
step   348000/400000  eps=0.050  episodes=  376  mean_return=800.000  mean_loss= 3.00738  mean_foundation=  5.0/52  lifetime_outcomes={'won': 63, 'stalled': 3, 'truncated': 310, 'other': 0}  rss= 1674.4MB  (4562s)
step   349000/400000  eps=0.050  episodes=  377  mean_return=1350.000  mean_loss= 2.87947  mean_foundation= 21.0/52  lifetime_outcomes={'won': 63, 'stalled': 3, 'truncated': 311, 'other': 0}  rss= 1674.4MB  (4566s)
step   350000/400000  eps=0.050  episodes=  378  mean_return=1390.000  mean_loss= 3.08896  mean_foundation= 17.0/52  lifetime_outcomes={'won': 63, 'stalled': 3, 'truncated': 312, 'other': 0}  rss= 1674.4MB  (4571s)
  EVAL  step   350000  win_rate=0.00%  mean_return=257.900  mean_foundation=  2.8/52  mean_length=1000.0  (greedy, 100 fixed deals)
step   351000/400000  eps=0.050  episodes=  379  mean_return=1400.000  mean_loss= 2.99390  mean_foundation= 19.0/52  lifetime_outcomes={'won': 63, 'stalled': 3, 'truncated': 313, 'other': 0}  rss= 1674.4MB  (4662s)
step   352000/400000  eps=0.050  episodes=  380  mean_return=700.000  mean_loss= 3.03609  mean_foundation=  2.0/52  lifetime_outcomes={'won': 63, 'stalled': 3, 'truncated': 314, 'other': 0}  rss= 1674.4MB  (4666s)
step   353000/400000  eps=0.050  episodes=  381  mean_return=570.000  mean_loss= 3.07612  mean_foundation=  3.0/52  lifetime_outcomes={'won': 63, 'stalled': 3, 'truncated': 315, 'other': 0}  rss= 1674.4MB  (4671s)
step   354000/400000  eps=0.050  episodes=  382  mean_return=1430.000  mean_loss= 3.07612  mean_foundation= 25.0/52  lifetime_outcomes={'won': 63, 'stalled': 3, 'truncated': 316, 'other': 0}  rss= 1674.4MB  (4675s)
step   355000/400000  eps=0.050  episodes=  383  mean_return=780.000  mean_loss= 3.25234  mean_foundation= 10.0/52  lifetime_outcomes={'won': 63, 'stalled': 3, 'truncated': 317, 'other': 0}  rss= 1674.4MB  (4680s)
step   356000/400000  eps=0.050  episodes=  384  mean_return=560.000  mean_loss= 3.14163  mean_foundation=  8.0/52  lifetime_outcomes={'won': 63, 'stalled': 3, 'truncated': 318, 'other': 0}  rss= 1674.4MB  (4685s)
step   357000/400000  eps=0.050  episodes=  385  mean_return=680.000  mean_loss= 3.07788  mean_foundation=  6.0/52  lifetime_outcomes={'won': 63, 'stalled': 3, 'truncated': 319, 'other': 0}  rss= 1674.4MB  (4689s)
step   358000/400000  eps=0.050  episodes=  386  mean_return=530.000  mean_loss= 2.78775  mean_foundation=  4.0/52  lifetime_outcomes={'won': 63, 'stalled': 3, 'truncated': 320, 'other': 0}  rss= 1674.4MB  (4694s)
step   359000/400000  eps=0.050  episodes=  387  mean_return=290.000  mean_loss= 2.88387  mean_foundation=  1.0/52  lifetime_outcomes={'won': 63, 'stalled': 3, 'truncated': 321, 'other': 0}  rss= 1674.4MB  (4698s)
step   360000/400000  eps=0.050  episodes=  388  mean_return=1140.000  mean_loss= 2.74356  mean_foundation= 10.0/52  lifetime_outcomes={'won': 63, 'stalled': 3, 'truncated': 322, 'other': 0}  rss= 1674.4MB  (4703s)
  EVAL  step   360000  win_rate=0.00%  mean_return=291.600  mean_foundation=  3.3/52  mean_length=1000.0  (greedy, 100 fixed deals)
step   361000/400000  eps=0.050  episodes=  389  mean_return=1040.000  mean_loss= 2.95611  mean_foundation=  8.0/52  lifetime_outcomes={'won': 63, 'stalled': 3, 'truncated': 323, 'other': 0}  rss= 1674.4MB  (4795s)
step   362000/400000  eps=0.050  episodes=  390  mean_return=460.000  mean_loss= 2.81736  mean_foundation= 12.0/52  lifetime_outcomes={'won': 63, 'stalled': 3, 'truncated': 324, 'other': 0}  rss= 1674.4MB  (4800s)
step   363000/400000  eps=0.050  episodes=  391  mean_return=550.000  mean_loss= 2.76998  mean_foundation=  7.0/52  lifetime_outcomes={'won': 63, 'stalled': 3, 'truncated': 325, 'other': 0}  rss= 1674.4MB  (4804s)
step   364000/400000  eps=0.050  episodes=  392  mean_return=600.000  mean_loss= 2.76588  mean_foundation=  3.0/52  lifetime_outcomes={'won': 63, 'stalled': 3, 'truncated': 326, 'other': 0}  rss= 1674.4MB  (4809s)
step   365000/400000  eps=0.050  episodes=  393  mean_return=170.000  mean_loss= 2.80380  mean_foundation=  1.0/52  lifetime_outcomes={'won': 63, 'stalled': 3, 'truncated': 327, 'other': 0}  rss= 1674.4MB  (4813s)
step   366000/400000  eps=0.050  episodes=  394  mean_return=480.000  mean_loss= 2.75281  mean_foundation=  9.0/52  lifetime_outcomes={'won': 63, 'stalled': 3, 'truncated': 328, 'other': 0}  rss= 1674.4MB  (4818s)
step   367000/400000  eps=0.050  episodes=  395  mean_return=650.000  mean_loss= 2.53881  mean_foundation=  9.0/52  lifetime_outcomes={'won': 63, 'stalled': 3, 'truncated': 329, 'other': 0}  rss= 1674.4MB  (4822s)
step   368000/400000  eps=0.050  episodes=  396  mean_return=1730.000  mean_loss= 2.58782  mean_foundation= 31.0/52  lifetime_outcomes={'won': 63, 'stalled': 3, 'truncated': 330, 'other': 0}  rss= 1674.4MB  (4827s)
step   369000/400000  eps=0.050  episodes=  397  mean_return=610.000  mean_loss= 2.99325  mean_foundation=  4.0/52  lifetime_outcomes={'won': 63, 'stalled': 3, 'truncated': 331, 'other': 0}  rss= 1674.4MB  (4831s)
step   370000/400000  eps=0.050  episodes=  398  mean_return= 50.000  mean_loss= 2.71649  mean_foundation=  0.0/52  lifetime_outcomes={'won': 63, 'stalled': 3, 'truncated': 332, 'other': 0}  rss= 1674.4MB  (4835s)
  EVAL  step   370000  win_rate=0.00%  mean_return=268.800  mean_foundation=  2.9/52  mean_length=1000.0  (greedy, 100 fixed deals)
step   371000/400000  eps=0.050  episodes=  399  mean_return=1330.000  mean_loss= 2.73309  mean_foundation= 16.0/52  lifetime_outcomes={'won': 63, 'stalled': 3, 'truncated': 333, 'other': 0}  rss= 1674.4MB  (4928s)
step   372000/400000  eps=0.050  episodes=  400  mean_return=180.000  mean_loss= 2.81297  mean_foundation=  4.0/52  lifetime_outcomes={'won': 63, 'stalled': 3, 'truncated': 334, 'other': 0}  rss= 1674.4MB  (4933s)
step   373000/400000  eps=0.050  episodes=  401  mean_return=100.000  mean_loss= 2.64086  mean_foundation=  1.0/52  lifetime_outcomes={'won': 63, 'stalled': 3, 'truncated': 335, 'other': 0}  rss= 1674.4MB  (4937s)
step   374000/400000  eps=0.050  episodes=  402  mean_return=600.000  mean_loss= 2.53549  mean_foundation=  7.0/52  lifetime_outcomes={'won': 63, 'stalled': 3, 'truncated': 336, 'other': 0}  rss= 1674.4MB  (4942s)
step   375000/400000  eps=0.050  episodes=  403  mean_return=760.000  mean_loss= 2.57370  mean_foundation= 12.0/52  lifetime_outcomes={'won': 63, 'stalled': 3, 'truncated': 337, 'other': 0}  rss= 1674.4MB  (4946s)
step   376000/400000  eps=0.050  episodes=  404  mean_return=790.000  mean_loss= 2.50227  mean_foundation=  6.0/52  lifetime_outcomes={'won': 63, 'stalled': 3, 'truncated': 338, 'other': 0}  rss= 1674.4MB  (4951s)
step   377000/400000  eps=0.050  episodes=  405  mean_return=240.000  mean_loss= 2.48736  mean_foundation=  6.0/52  lifetime_outcomes={'won': 63, 'stalled': 3, 'truncated': 339, 'other': 0}  rss= 1674.4MB  (4955s)
step   378000/400000  eps=0.050  episodes=  406  mean_return=330.000  mean_loss= 2.41346  mean_foundation=  9.0/52  lifetime_outcomes={'won': 63, 'stalled': 3, 'truncated': 340, 'other': 0}  rss= 1674.4MB  (4960s)
step   379000/400000  eps=0.050  episodes=  407  mean_return=700.000  mean_loss= 2.50566  mean_foundation=  8.0/52  lifetime_outcomes={'won': 63, 'stalled': 3, 'truncated': 341, 'other': 0}  rss= 1674.4MB  (4965s)
step   380000/400000  eps=0.050  episodes=  408  mean_return=1530.000  mean_loss= 2.44639  mean_foundation= 29.0/52  lifetime_outcomes={'won': 63, 'stalled': 3, 'truncated': 342, 'other': 0}  rss= 1674.4MB  (4969s)
  EVAL  step   380000  win_rate=0.00%  mean_return=258.800  mean_foundation=  2.5/52  mean_length=1000.0  (greedy, 100 fixed deals)
step   381000/400000  eps=0.050  episodes=  409  mean_return=1620.000  mean_loss= 2.48665  mean_foundation= 20.0/52  lifetime_outcomes={'won': 63, 'stalled': 3, 'truncated': 343, 'other': 0}  rss= 1674.4MB  (5063s)
step   382000/400000  eps=0.050  episodes=  410  mean_return=470.000  mean_loss= 2.64354  mean_foundation=  3.0/52  lifetime_outcomes={'won': 63, 'stalled': 3, 'truncated': 344, 'other': 0}  rss= 1674.4MB  (5067s)
step   383000/400000  eps=0.050  episodes=  411  mean_return=1000.000  mean_loss= 2.57654  mean_foundation= 12.0/52  lifetime_outcomes={'won': 63, 'stalled': 3, 'truncated': 345, 'other': 0}  rss= 1674.4MB  (5072s)
step   384000/400000  eps=0.050  episodes=  412  mean_return=470.000  mean_loss= 2.41218  mean_foundation=  3.0/52  lifetime_outcomes={'won': 63, 'stalled': 3, 'truncated': 346, 'other': 0}  rss= 1674.4MB  (5076s)
step   385000/400000  eps=0.050  episodes=  413  mean_return=1220.000  mean_loss= 2.47739  mean_foundation= 13.0/52  lifetime_outcomes={'won': 63, 'stalled': 3, 'truncated': 347, 'other': 0}  rss= 1674.4MB  (5080s)
step   386000/400000  eps=0.050  episodes=  414  mean_return=1690.000  mean_loss= 2.48865  mean_foundation= 33.0/52  lifetime_outcomes={'won': 63, 'stalled': 3, 'truncated': 348, 'other': 0}  rss= 1674.4MB  (5085s)
step   387000/400000  eps=0.050  episodes=  415  mean_return=870.000  mean_loss= 2.25559  mean_foundation=  6.0/52  lifetime_outcomes={'won': 63, 'stalled': 3, 'truncated': 349, 'other': 0}  rss= 1674.4MB  (5089s)
step   388000/400000  eps=0.050  episodes=  416  mean_return=710.000  mean_loss= 2.12928  mean_foundation=  3.0/52  lifetime_outcomes={'won': 63, 'stalled': 3, 'truncated': 350, 'other': 0}  rss= 1674.4MB  (5094s)
step   389000/400000  eps=0.050  episodes=  417  mean_return=540.000  mean_loss= 2.22836  mean_foundation= 10.0/52  lifetime_outcomes={'won': 63, 'stalled': 3, 'truncated': 351, 'other': 0}  rss= 1674.4MB  (5098s)
step   390000/400000  eps=0.050  episodes=  418  mean_return=950.000  mean_loss= 2.02910  mean_foundation=  8.0/52  lifetime_outcomes={'won': 63, 'stalled': 3, 'truncated': 352, 'other': 0}  rss= 1674.4MB  (5103s)
  EVAL  step   390000  win_rate=0.00%  mean_return=248.300  mean_foundation=  2.6/52  mean_length=1000.0  (greedy, 100 fixed deals)
step   391000/400000  eps=0.050  episodes=  419  mean_return=1550.000  mean_loss= 2.27060  mean_foundation= 34.0/52  lifetime_outcomes={'won': 63, 'stalled': 3, 'truncated': 353, 'other': 0}  rss= 1674.4MB  (5195s)
step   392000/400000  eps=0.050  episodes=  420  mean_return=220.000  mean_loss= 2.12713  mean_foundation=  2.0/52  lifetime_outcomes={'won': 63, 'stalled': 3, 'truncated': 354, 'other': 0}  rss= 1674.4MB  (5200s)
step   393000/400000  eps=0.050  episodes=  421  mean_return=890.000  mean_loss= 2.25511  mean_foundation= 14.0/52  lifetime_outcomes={'won': 63, 'stalled': 3, 'truncated': 355, 'other': 0}  rss= 1674.4MB  (5204s)
step   394000/400000  eps=0.050  episodes=  422  mean_return=500.000  mean_loss= 2.14162  mean_foundation=  7.0/52  lifetime_outcomes={'won': 63, 'stalled': 3, 'truncated': 356, 'other': 0}  rss= 1674.4MB  (5209s)
step   395000/400000  eps=0.050  episodes=  423  mean_return=1010.000  mean_loss= 2.13451  mean_foundation=  9.0/52  lifetime_outcomes={'won': 63, 'stalled': 3, 'truncated': 357, 'other': 0}  rss= 1674.4MB  (5214s)
step   396000/400000  eps=0.050  episodes=  424  mean_return=610.000  mean_loss= 2.22669  mean_foundation= 14.0/52  lifetime_outcomes={'won': 63, 'stalled': 3, 'truncated': 358, 'other': 0}  rss= 1674.4MB  (5218s)
step   397000/400000  eps=0.050  episodes=  425  mean_return=780.000  mean_loss= 2.11549  mean_foundation=  8.0/52  lifetime_outcomes={'won': 63, 'stalled': 3, 'truncated': 359, 'other': 0}  rss= 1674.4MB  (5223s)
step   398000/400000  eps=0.050  episodes=  426  mean_return=670.000  mean_loss= 1.98424  mean_foundation=  3.0/52  lifetime_outcomes={'won': 63, 'stalled': 3, 'truncated': 360, 'other': 0}  rss= 1674.4MB  (5227s)
step   399000/400000  eps=0.050  episodes=  427  mean_return=1040.000  mean_loss= 2.11462  mean_foundation= 10.0/52  lifetime_outcomes={'won': 63, 'stalled': 3, 'truncated': 361, 'other': 0}  rss= 1674.4MB  (5232s)
step   400000/400000  eps=0.050  episodes=  428  mean_return=710.000  mean_loss= 2.15920  mean_foundation=  7.0/52  lifetime_outcomes={'won': 63, 'stalled': 3, 'truncated': 362, 'other': 0}  rss= 1674.4MB  (5237s)
  EVAL  step   400000  win_rate=0.00%  mean_return=269.400  mean_foundation=  3.1/52  mean_length=1000.0  (greedy, 100 fixed deals)
done. saved final checkpoint to runs/016_double_dqn_soft_nstep3_per_bc_wide_finetune/checkpoint_final.pt
=== train_resilient: training completed successfully ===
