run directory: runs/008_double_dqn_soft_nstep3_per_no_undo
step     2000/500000  eps=0.991  episodes=    4  mean_return= 67.250  mean_loss=     nan  mean_foundation=  4.0/52  lifetime_outcomes={'won': 0, 'stalled': 0, 'truncated': 4, 'other': 0}  rss=  920.2MB  (1s)
step     4000/500000  eps=0.981  episodes=    8  mean_return= 64.009  mean_loss=     nan  mean_foundation=  9.2/52  lifetime_outcomes={'won': 0, 'stalled': 1, 'truncated': 7, 'other': 0}  rss=  937.7MB  (2s)
step     6000/500000  eps=0.972  episodes=   12  mean_return= 48.500  mean_loss= 0.36938  mean_foundation=  5.0/52  lifetime_outcomes={'won': 0, 'stalled': 1, 'truncated': 11, 'other': 0}  rss= 1228.5MB  (5s)
step     8000/500000  eps=0.962  episodes=   16  mean_return= 63.250  mean_loss= 0.35901  mean_foundation=  3.0/52  lifetime_outcomes={'won': 0, 'stalled': 1, 'truncated': 15, 'other': 0}  rss= 1245.3MB  (9s)
step    10000/500000  eps=0.953  episodes=   20  mean_return= 51.363  mean_loss= 0.46940  mean_foundation=  4.8/52  lifetime_outcomes={'won': 0, 'stalled': 2, 'truncated': 18, 'other': 0}  rss= 1258.9MB  (14s)
step    12000/500000  eps=0.943  episodes=   24  mean_return= 64.000  mean_loss= 0.43598  mean_foundation=  4.5/52  lifetime_outcomes={'won': 0, 'stalled': 2, 'truncated': 22, 'other': 0}  rss= 1278.8MB  (18s)
step    14000/500000  eps=0.933  episodes=   29  mean_return= 55.514  mean_loss= 0.40492  mean_foundation=  8.2/52  lifetime_outcomes={'won': 0, 'stalled': 3, 'truncated': 26, 'other': 0}  rss= 1285.2MB  (23s)
step    16000/500000  eps=0.924  episodes=   33  mean_return= 59.250  mean_loss= 0.40456  mean_foundation=  4.2/52  lifetime_outcomes={'won': 0, 'stalled': 3, 'truncated': 30, 'other': 0}  rss= 1293.9MB  (27s)
step    18000/500000  eps=0.914  episodes=   37  mean_return= 48.750  mean_loss= 0.40059  mean_foundation=  7.8/52  lifetime_outcomes={'won': 0, 'stalled': 3, 'truncated': 34, 'other': 0}  rss= 1306.3MB  (32s)
step    20000/500000  eps=0.905  episodes=   41  mean_return= 80.500  mean_loss= 0.40052  mean_foundation=  9.0/52  lifetime_outcomes={'won': 0, 'stalled': 3, 'truncated': 38, 'other': 0}  rss= 1314.9MB  (37s)
  EVAL  step    20000  win_rate=0.00%  mean_return= 28.262  mean_foundation=  3.5/52  mean_length=438.0  (greedy, 20 fixed deals)
step    22000/500000  eps=0.895  episodes=   45  mean_return= 63.776  mean_loss= 0.41154  mean_foundation=  7.2/52  lifetime_outcomes={'won': 0, 'stalled': 4, 'truncated': 41, 'other': 0}  rss= 1330.1MB  (50s)
step    24000/500000  eps=0.886  episodes=   49  mean_return= 74.250  mean_loss= 0.42697  mean_foundation=  5.2/52  lifetime_outcomes={'won': 0, 'stalled': 4, 'truncated': 45, 'other': 0}  rss= 1336.4MB  (55s)
step    26000/500000  eps=0.877  episodes=   53  mean_return= 95.507  mean_loss= 0.44737  mean_foundation=  9.2/52  lifetime_outcomes={'won': 0, 'stalled': 5, 'truncated': 48, 'other': 0}  rss= 1344.5MB  (59s)
step    28000/500000  eps=0.867  episodes=   57  mean_return= 64.542  mean_loss= 0.43579  mean_foundation=  9.2/52  lifetime_outcomes={'won': 0, 'stalled': 6, 'truncated': 51, 'other': 0}  rss= 1352.6MB  (64s)
step    30000/500000  eps=0.858  episodes=   62  mean_return= 89.356  mean_loss= 0.44959  mean_foundation=  8.2/52  lifetime_outcomes={'won': 0, 'stalled': 9, 'truncated': 53, 'other': 0}  rss= 1360.6MB  (69s)
step    32000/500000  eps=0.848  episodes=   66  mean_return= 84.555  mean_loss= 0.45945  mean_foundation=  8.5/52  lifetime_outcomes={'won': 0, 'stalled': 11, 'truncated': 55, 'other': 0}  rss= 1368.7MB  (74s)
step    34000/500000  eps=0.839  episodes=   70  mean_return= 70.000  mean_loss= 0.45545  mean_foundation=  8.0/52  lifetime_outcomes={'won': 0, 'stalled': 11, 'truncated': 59, 'other': 0}  rss= 1378.8MB  (79s)
step    36000/500000  eps=0.829  episodes=   74  mean_return= 40.750  mean_loss= 0.45919  mean_foundation=  4.0/52  lifetime_outcomes={'won': 0, 'stalled': 11, 'truncated': 63, 'other': 0}  rss= 1384.9MB  (84s)
step    38000/500000  eps=0.820  episodes=   78  mean_return= 39.500  mean_loss= 0.44695  mean_foundation=  4.2/52  lifetime_outcomes={'won': 0, 'stalled': 11, 'truncated': 67, 'other': 0}  rss= 1392.9MB  (89s)
step    40000/500000  eps=0.810  episodes=   84  mean_return= 89.970  mean_loss= 0.47466  mean_foundation= 12.5/52  lifetime_outcomes={'won': 0, 'stalled': 15, 'truncated': 69, 'other': 0}  rss= 1401.0MB  (94s)
  EVAL  step    40000  win_rate=0.00%  mean_return= 27.171  mean_foundation=  2.7/52  mean_length=479.1  (greedy, 20 fixed deals)
step    42000/500000  eps=0.800  episodes=   88  mean_return= 94.295  mean_loss= 0.47077  mean_foundation=  7.5/52  lifetime_outcomes={'won': 0, 'stalled': 17, 'truncated': 71, 'other': 0}  rss= 1409.0MB  (106s)
step    44000/500000  eps=0.791  episodes=   93  mean_return= 77.016  mean_loss= 0.48256  mean_foundation=  5.6/52  lifetime_outcomes={'won': 0, 'stalled': 19, 'truncated': 74, 'other': 0}  rss= 1417.3MB  (111s)
step    46000/500000  eps=0.781  episodes=   97  mean_return= 60.500  mean_loss= 0.47280  mean_foundation=  8.5/52  lifetime_outcomes={'won': 0, 'stalled': 19, 'truncated': 78, 'other': 0}  rss= 1423.7MB  (117s)
step    48000/500000  eps=0.772  episodes=  102  mean_return= 87.521  mean_loss= 0.46584  mean_foundation=  9.4/52  lifetime_outcomes={'won': 0, 'stalled': 20, 'truncated': 82, 'other': 0}  rss= 1431.8MB  (122s)
step    50000/500000  eps=0.762  episodes=  106  mean_return= 89.005  mean_loss= 0.48221  mean_foundation= 12.0/52  lifetime_outcomes={'won': 0, 'stalled': 21, 'truncated': 85, 'other': 0}  rss= 1442.0MB  (127s)
step    52000/500000  eps=0.753  episodes=  110  mean_return= 65.558  mean_loss= 0.48246  mean_foundation=  8.2/52  lifetime_outcomes={'won': 0, 'stalled': 23, 'truncated': 87, 'other': 0}  rss= 1450.3MB  (132s)
step    54000/500000  eps=0.744  episodes=  115  mean_return= 66.373  mean_loss= 0.48553  mean_foundation=  8.2/52  lifetime_outcomes={'won': 0, 'stalled': 24, 'truncated': 91, 'other': 0}  rss= 1458.4MB  (137s)
step    56000/500000  eps=0.734  episodes=  119  mean_return= 80.760  mean_loss= 0.47988  mean_foundation=  7.0/52  lifetime_outcomes={'won': 0, 'stalled': 26, 'truncated': 93, 'other': 0}  rss= 1466.5MB  (142s)
step    58000/500000  eps=0.725  episodes=  123  mean_return= 83.043  mean_loss= 0.47729  mean_foundation=  6.2/52  lifetime_outcomes={'won': 0, 'stalled': 27, 'truncated': 96, 'other': 0}  rss= 1472.5MB  (147s)
step    60000/500000  eps=0.715  episodes=  128  mean_return= 69.532  mean_loss= 0.47609  mean_foundation=  4.8/52  lifetime_outcomes={'won': 0, 'stalled': 28, 'truncated': 100, 'other': 0}  rss= 1480.6MB  (152s)
  EVAL  step    60000  win_rate=0.00%  mean_return= 29.750  mean_foundation=  2.2/52  mean_length=500.0  (greedy, 20 fixed deals)
step    62000/500000  eps=0.706  episodes=  133  mean_return= 50.631  mean_loss= 0.48850  mean_foundation=  6.8/52  lifetime_outcomes={'won': 0, 'stalled': 30, 'truncated': 103, 'other': 0}  rss= 1492.9MB  (165s)
step    64000/500000  eps=0.696  episodes=  137  mean_return= 78.500  mean_loss= 0.46778  mean_foundation=  8.0/52  lifetime_outcomes={'won': 0, 'stalled': 30, 'truncated': 107, 'other': 0}  rss= 1501.0MB  (171s)
step    66000/500000  eps=0.686  episodes=  141  mean_return= 92.250  mean_loss= 0.46270  mean_foundation= 10.0/52  lifetime_outcomes={'won': 0, 'stalled': 30, 'truncated': 111, 'other': 0}  rss= 1511.1MB  (176s)
step    68000/500000  eps=0.677  episodes=  145  mean_return= 60.326  mean_loss= 0.47427  mean_foundation=  4.0/52  lifetime_outcomes={'won': 0, 'stalled': 32, 'truncated': 113, 'other': 0}  rss= 1517.1MB  (181s)
step    70000/500000  eps=0.667  episodes=  149  mean_return=102.500  mean_loss= 0.47330  mean_foundation= 13.5/52  lifetime_outcomes={'won': 0, 'stalled': 32, 'truncated': 117, 'other': 0}  rss= 1525.2MB  (186s)
step    72000/500000  eps=0.658  episodes=  153  mean_return= 58.500  mean_loss= 0.46148  mean_foundation=  5.2/52  lifetime_outcomes={'won': 0, 'stalled': 32, 'truncated': 121, 'other': 0}  rss= 1533.2MB  (191s)
step    74000/500000  eps=0.649  episodes=  158  mean_return= 80.520  mean_loss= 0.47205  mean_foundation=  9.6/52  lifetime_outcomes={'won': 0, 'stalled': 33, 'truncated': 125, 'other': 0}  rss= 1541.3MB  (196s)
step    76000/500000  eps=0.639  episodes=  162  mean_return= 64.250  mean_loss= 0.45912  mean_foundation= 10.2/52  lifetime_outcomes={'won': 0, 'stalled': 33, 'truncated': 129, 'other': 0}  rss= 1549.4MB  (201s)
step    78000/500000  eps=0.629  episodes=  166  mean_return= 94.302  mean_loss= 0.44997  mean_foundation= 12.8/52  lifetime_outcomes={'won': 0, 'stalled': 34, 'truncated': 132, 'other': 0}  rss= 1555.4MB  (207s)
step    80000/500000  eps=0.620  episodes=  170  mean_return= 64.763  mean_loss= 0.44673  mean_foundation=  9.0/52  lifetime_outcomes={'won': 0, 'stalled': 35, 'truncated': 135, 'other': 0}  rss= 1563.5MB  (212s)
  EVAL  step    80000  win_rate=0.00%  mean_return= 31.064  mean_foundation=  3.0/52  mean_length=435.9  (greedy, 20 fixed deals)
step    82000/500000  eps=0.611  episodes=  174  mean_return= 69.750  mean_loss= 0.44047  mean_foundation=  5.0/52  lifetime_outcomes={'won': 0, 'stalled': 35, 'truncated': 139, 'other': 0}  rss= 1573.5MB  (223s)
step    84000/500000  eps=0.601  episodes=  178  mean_return= 64.750  mean_loss= 0.43185  mean_foundation=  5.8/52  lifetime_outcomes={'won': 0, 'stalled': 35, 'truncated': 143, 'other': 0}  rss= 1581.6MB  (228s)
step    86000/500000  eps=0.592  episodes=  183  mean_return= 78.340  mean_loss= 0.43981  mean_foundation=  5.2/52  lifetime_outcomes={'won': 0, 'stalled': 37, 'truncated': 146, 'other': 0}  rss= 1589.6MB  (233s)
step    88000/500000  eps=0.582  episodes=  187  mean_return= 61.500  mean_loss= 0.43583  mean_foundation=  7.8/52  lifetime_outcomes={'won': 0, 'stalled': 37, 'truncated': 150, 'other': 0}  rss= 1597.7MB  (239s)
step    90000/500000  eps=0.573  episodes=  191  mean_return= 71.557  mean_loss= 0.41786  mean_foundation= 10.0/52  lifetime_outcomes={'won': 0, 'stalled': 39, 'truncated': 152, 'other': 0}  rss= 1603.8MB  (244s)
step    92000/500000  eps=0.563  episodes=  195  mean_return= 66.500  mean_loss= 0.43469  mean_foundation= 13.8/52  lifetime_outcomes={'won': 0, 'stalled': 39, 'truncated': 156, 'other': 0}  rss= 1611.8MB  (249s)
step    94000/500000  eps=0.554  episodes=  199  mean_return= 78.750  mean_loss= 0.42298  mean_foundation=  7.2/52  lifetime_outcomes={'won': 0, 'stalled': 39, 'truncated': 160, 'other': 0}  rss= 1619.9MB  (254s)
step    96000/500000  eps=0.544  episodes=  203  mean_return= 66.512  mean_loss= 0.41322  mean_foundation= 10.5/52  lifetime_outcomes={'won': 0, 'stalled': 41, 'truncated': 162, 'other': 0}  rss= 1628.0MB  (258s)
step    98000/500000  eps=0.534  episodes=  208  mean_return= 52.214  mean_loss= 0.40881  mean_foundation=  4.6/52  lifetime_outcomes={'won': 0, 'stalled': 43, 'truncated': 165, 'other': 0}  rss= 1636.1MB  (264s)
step   100000/500000  eps=0.525  episodes=  212  mean_return= 68.500  mean_loss= 0.41321  mean_foundation=  6.5/52  lifetime_outcomes={'won': 0, 'stalled': 43, 'truncated': 169, 'other': 0}  rss= 1640.4MB  (269s)
  EVAL  step   100000  win_rate=0.00%  mean_return= 29.931  mean_foundation=  4.5/52  mean_length=369.7  (greedy, 20 fixed deals)
step   102000/500000  eps=0.516  episodes=  217  mean_return= 58.562  mean_loss= 0.40245  mean_foundation=  4.4/52  lifetime_outcomes={'won': 0, 'stalled': 45, 'truncated': 172, 'other': 0}  rss= 1640.4MB  (280s)
step   104000/500000  eps=0.506  episodes=  223  mean_return= 64.653  mean_loss= 0.39637  mean_foundation= 12.3/52  lifetime_outcomes={'won': 0, 'stalled': 49, 'truncated': 174, 'other': 0}  rss= 1640.4MB  (286s)
step   106000/500000  eps=0.497  episodes=  227  mean_return= 65.000  mean_loss= 0.39782  mean_foundation=  8.8/52  lifetime_outcomes={'won': 0, 'stalled': 49, 'truncated': 178, 'other': 0}  rss= 1640.4MB  (291s)
step   108000/500000  eps=0.487  episodes=  231  mean_return= 54.000  mean_loss= 0.38506  mean_foundation=  6.5/52  lifetime_outcomes={'won': 0, 'stalled': 49, 'truncated': 182, 'other': 0}  rss= 1640.4MB  (297s)
step   110000/500000  eps=0.478  episodes=  236  mean_return= 75.629  mean_loss= 0.39081  mean_foundation= 11.0/52  lifetime_outcomes={'won': 0, 'stalled': 53, 'truncated': 183, 'other': 0}  rss= 1640.4MB  (303s)
step   112000/500000  eps=0.468  episodes=  240  mean_return= 62.000  mean_loss= 0.38593  mean_foundation=  8.8/52  lifetime_outcomes={'won': 0, 'stalled': 53, 'truncated': 187, 'other': 0}  rss= 1640.4MB  (308s)
step   114000/500000  eps=0.459  episodes=  244  mean_return= 87.250  mean_loss= 0.38325  mean_foundation=  9.0/52  lifetime_outcomes={'won': 0, 'stalled': 53, 'truncated': 191, 'other': 0}  rss= 1640.4MB  (313s)
step   116000/500000  eps=0.449  episodes=  249  mean_return= 91.568  mean_loss= 0.36976  mean_foundation= 22.8/52  lifetime_outcomes={'won': 0, 'stalled': 54, 'truncated': 195, 'other': 0}  rss= 1640.4MB  (319s)
step   118000/500000  eps=0.440  episodes=  253  mean_return= 80.500  mean_loss= 0.37554  mean_foundation=  7.8/52  lifetime_outcomes={'won': 0, 'stalled': 54, 'truncated': 199, 'other': 0}  rss= 1640.4MB  (324s)
step   120000/500000  eps=0.430  episodes=  257  mean_return= 67.000  mean_loss= 0.37119  mean_foundation=  7.8/52  lifetime_outcomes={'won': 0, 'stalled': 54, 'truncated': 203, 'other': 0}  rss= 1640.4MB  (330s)
  EVAL  step   120000  win_rate=0.00%  mean_return= 27.890  mean_foundation=  1.9/52  mean_length=409.8  (greedy, 20 fixed deals)
step   122000/500000  eps=0.420  episodes=  261  mean_return= 50.750  mean_loss= 0.37619  mean_foundation=  5.0/52  lifetime_outcomes={'won': 0, 'stalled': 54, 'truncated': 207, 'other': 0}  rss= 1640.4MB  (342s)
step   124000/500000  eps=0.411  episodes=  265  mean_return= 78.258  mean_loss= 0.36728  mean_foundation= 14.8/52  lifetime_outcomes={'won': 0, 'stalled': 55, 'truncated': 210, 'other': 0}  rss= 1640.4MB  (347s)
step   126000/500000  eps=0.402  episodes=  269  mean_return= 52.262  mean_loss= 0.35621  mean_foundation=  3.8/52  lifetime_outcomes={'won': 0, 'stalled': 56, 'truncated': 213, 'other': 0}  rss= 1640.4MB  (353s)
step   128000/500000  eps=0.392  episodes=  273  mean_return= 70.000  mean_loss= 0.34688  mean_foundation=  9.8/52  lifetime_outcomes={'won': 0, 'stalled': 56, 'truncated': 217, 'other': 0}  rss= 1640.4MB  (359s)
step   130000/500000  eps=0.383  episodes=  277  mean_return= 82.751  mean_loss= 0.34694  mean_foundation= 14.8/52  lifetime_outcomes={'won': 0, 'stalled': 57, 'truncated': 220, 'other': 0}  rss= 1640.4MB  (365s)
step   132000/500000  eps=0.373  episodes=  281  mean_return= 78.833  mean_loss= 0.34467  mean_foundation= 15.8/52  lifetime_outcomes={'won': 0, 'stalled': 59, 'truncated': 222, 'other': 0}  rss= 1640.4MB  (370s)
step   134000/500000  eps=0.364  episodes=  286  mean_return= 87.345  mean_loss= 0.34503  mean_foundation= 13.6/52  lifetime_outcomes={'won': 0, 'stalled': 61, 'truncated': 225, 'other': 0}  rss= 1640.4MB  (376s)
step   136000/500000  eps=0.354  episodes=  290  mean_return= 59.000  mean_loss= 0.33425  mean_foundation=  9.5/52  lifetime_outcomes={'won': 0, 'stalled': 61, 'truncated': 229, 'other': 0}  rss= 1640.4MB  (382s)
step   138000/500000  eps=0.345  episodes=  294  mean_return= 59.500  mean_loss= 0.33735  mean_foundation=  4.5/52  lifetime_outcomes={'won': 0, 'stalled': 61, 'truncated': 233, 'other': 0}  rss= 1640.4MB  (387s)
step   140000/500000  eps=0.335  episodes=  298  mean_return= 50.068  mean_loss= 0.33090  mean_foundation=  8.8/52  lifetime_outcomes={'won': 0, 'stalled': 62, 'truncated': 236, 'other': 0}  rss= 1640.4MB  (393s)
  EVAL  step   140000  win_rate=0.00%  mean_return= 26.872  mean_foundation=  2.0/52  mean_length=477.6  (greedy, 20 fixed deals)
step   142000/500000  eps=0.326  episodes=  303  mean_return= 71.523  mean_loss= 0.32293  mean_foundation= 13.0/52  lifetime_outcomes={'won': 0, 'stalled': 63, 'truncated': 240, 'other': 0}  rss= 1640.4MB  (406s)
step   144000/500000  eps=0.316  episodes=  307  mean_return= 59.056  mean_loss= 0.31949  mean_foundation=  6.2/52  lifetime_outcomes={'won': 0, 'stalled': 64, 'truncated': 243, 'other': 0}  rss= 1640.4MB  (412s)
step   146000/500000  eps=0.306  episodes=  313  mean_return= 74.649  mean_loss= 0.32223  mean_foundation= 10.7/52  lifetime_outcomes={'won': 0, 'stalled': 66, 'truncated': 247, 'other': 0}  rss= 1640.4MB  (417s)
step   148000/500000  eps=0.297  episodes=  317  mean_return= 62.022  mean_loss= 0.31582  mean_foundation=  8.2/52  lifetime_outcomes={'won': 0, 'stalled': 67, 'truncated': 250, 'other': 0}  rss= 1640.4MB  (423s)
step   150000/500000  eps=0.288  episodes=  321  mean_return= 62.500  mean_loss= 0.31023  mean_foundation= 11.2/52  lifetime_outcomes={'won': 0, 'stalled': 67, 'truncated': 254, 'other': 0}  rss= 1640.4MB  (428s)
step   152000/500000  eps=0.278  episodes=  326  mean_return= 89.801  mean_loss= 0.31780  mean_foundation= 17.2/52  lifetime_outcomes={'won': 0, 'stalled': 71, 'truncated': 255, 'other': 0}  rss= 1640.4MB  (434s)
step   154000/500000  eps=0.269  episodes=  331  mean_return= 40.418  mean_loss= 0.31203  mean_foundation=  6.4/52  lifetime_outcomes={'won': 0, 'stalled': 73, 'truncated': 258, 'other': 0}  rss= 1640.4MB  (440s)
step   156000/500000  eps=0.259  episodes=  336  mean_return= 79.131  mean_loss= 0.29906  mean_foundation=  9.6/52  lifetime_outcomes={'won': 0, 'stalled': 74, 'truncated': 262, 'other': 0}  rss= 1640.4MB  (445s)
step   158000/500000  eps=0.250  episodes=  340  mean_return= 52.072  mean_loss= 0.30061  mean_foundation=  8.0/52  lifetime_outcomes={'won': 0, 'stalled': 75, 'truncated': 265, 'other': 0}  rss= 1640.4MB  (451s)
step   160000/500000  eps=0.240  episodes=  345  mean_return= 84.143  mean_loss= 0.29113  mean_foundation= 13.6/52  lifetime_outcomes={'won': 0, 'stalled': 76, 'truncated': 269, 'other': 0}  rss= 1640.4MB  (457s)
  EVAL  step   160000  win_rate=0.00%  mean_return= 28.594  mean_foundation=  2.3/52  mean_length=455.8  (greedy, 20 fixed deals)
step   162000/500000  eps=0.231  episodes=  349  mean_return= 95.349  mean_loss= 0.28842  mean_foundation= 15.8/52  lifetime_outcomes={'won': 0, 'stalled': 78, 'truncated': 271, 'other': 0}  rss= 1640.4MB  (469s)
step   164000/500000  eps=0.221  episodes=  353  mean_return= 36.250  mean_loss= 0.29785  mean_foundation=  4.8/52  lifetime_outcomes={'won': 0, 'stalled': 78, 'truncated': 275, 'other': 0}  rss= 1640.4MB  (475s)
step   166000/500000  eps=0.212  episodes=  358  mean_return= 17.139  mean_loss= 0.27942  mean_foundation=  2.6/52  lifetime_outcomes={'won': 0, 'stalled': 79, 'truncated': 279, 'other': 0}  rss= 1640.4MB  (480s)
step   168000/500000  eps=0.202  episodes=  362  mean_return= 63.009  mean_loss= 0.28218  mean_foundation=  8.2/52  lifetime_outcomes={'won': 0, 'stalled': 80, 'truncated': 282, 'other': 0}  rss= 1640.4MB  (485s)
step   170000/500000  eps=0.193  episodes=  366  mean_return= 88.783  mean_loss= 0.28049  mean_foundation= 13.8/52  lifetime_outcomes={'won': 0, 'stalled': 81, 'truncated': 285, 'other': 0}  rss= 1640.4MB  (491s)
step   172000/500000  eps=0.183  episodes=  372  mean_return= 43.987  mean_loss= 0.26889  mean_foundation=  6.7/52  lifetime_outcomes={'won': 0, 'stalled': 85, 'truncated': 287, 'other': 0}  rss= 1640.4MB  (496s)
step   174000/500000  eps=0.173  episodes=  377  mean_return= 58.167  mean_loss= 0.27879  mean_foundation=  7.2/52  lifetime_outcomes={'won': 0, 'stalled': 87, 'truncated': 290, 'other': 0}  rss= 1640.4MB  (501s)
step   176000/500000  eps=0.164  episodes=  381  mean_return= 59.017  mean_loss= 0.25857  mean_foundation=  9.5/52  lifetime_outcomes={'won': 0, 'stalled': 88, 'truncated': 293, 'other': 0}  rss= 1640.4MB  (507s)
step   178000/500000  eps=0.155  episodes=  385  mean_return= 71.500  mean_loss= 0.26282  mean_foundation=  9.5/52  lifetime_outcomes={'won': 0, 'stalled': 88, 'truncated': 297, 'other': 0}  rss= 1640.4MB  (513s)
step   180000/500000  eps=0.145  episodes=  389  mean_return= 60.750  mean_loss= 0.26456  mean_foundation=  7.5/52  lifetime_outcomes={'won': 0, 'stalled': 88, 'truncated': 301, 'other': 0}  rss= 1640.4MB  (519s)
  EVAL  step   180000  win_rate=0.00%  mean_return= 22.722  mean_foundation=  1.6/52  mean_length=478.1  (greedy, 20 fixed deals)
step   182000/500000  eps=0.136  episodes=  394  mean_return= 45.210  mean_loss= 0.25746  mean_foundation=  6.0/52  lifetime_outcomes={'won': 0, 'stalled': 90, 'truncated': 304, 'other': 0}  rss= 1640.4MB  (532s)
step   184000/500000  eps=0.126  episodes=  398  mean_return= 56.523  mean_loss= 0.26550  mean_foundation=  9.8/52  lifetime_outcomes={'won': 0, 'stalled': 92, 'truncated': 306, 'other': 0}  rss= 1640.4MB  (538s)
step   186000/500000  eps=0.117  episodes=  403  mean_return= 47.169  mean_loss= 0.25731  mean_foundation=  8.2/52  lifetime_outcomes={'won': 0, 'stalled': 94, 'truncated': 309, 'other': 0}  rss= 1640.4MB  (543s)
step   188000/500000  eps=0.107  episodes=  407  mean_return= 74.586  mean_loss= 0.25197  mean_foundation=  9.2/52  lifetime_outcomes={'won': 0, 'stalled': 95, 'truncated': 312, 'other': 0}  rss= 1640.4MB  (549s)
step   190000/500000  eps=0.098  episodes=  411  mean_return= 90.750  mean_loss= 0.25234  mean_foundation= 14.8/52  lifetime_outcomes={'won': 0, 'stalled': 95, 'truncated': 316, 'other': 0}  rss= 1640.4MB  (555s)
step   192000/500000  eps=0.088  episodes=  416  mean_return= 70.921  mean_loss= 0.25091  mean_foundation=  9.8/52  lifetime_outcomes={'won': 0, 'stalled': 97, 'truncated': 319, 'other': 0}  rss= 1640.4MB  (561s)
step   194000/500000  eps=0.079  episodes=  420  mean_return= 46.250  mean_loss= 0.25127  mean_foundation=  6.8/52  lifetime_outcomes={'won': 0, 'stalled': 97, 'truncated': 323, 'other': 0}  rss= 1640.4MB  (567s)
step   196000/500000  eps=0.069  episodes=  424  mean_return= 42.292  mean_loss= 0.24526  mean_foundation=  8.8/52  lifetime_outcomes={'won': 0, 'stalled': 98, 'truncated': 326, 'other': 0}  rss= 1640.4MB  (573s)
step   198000/500000  eps=0.059  episodes=  428  mean_return= 53.760  mean_loss= 0.24451  mean_foundation=  8.5/52  lifetime_outcomes={'won': 0, 'stalled': 99, 'truncated': 329, 'other': 0}  rss= 1640.4MB  (579s)
step   200000/500000  eps=0.050  episodes=  433  mean_return= 53.999  mean_loss= 0.25014  mean_foundation=  8.2/52  lifetime_outcomes={'won': 0, 'stalled': 101, 'truncated': 332, 'other': 0}  rss= 1640.4MB  (585s)
  EVAL  step   200000  win_rate=0.00%  mean_return= 30.143  mean_foundation=  2.2/52  mean_length=457.1  (greedy, 20 fixed deals)
step   202000/500000  eps=0.050  episodes=  437  mean_return= 42.500  mean_loss= 0.24394  mean_foundation=  6.0/52  lifetime_outcomes={'won': 0, 'stalled': 101, 'truncated': 336, 'other': 0}  rss= 1640.4MB  (598s)
step   204000/500000  eps=0.050  episodes=  441  mean_return= 43.250  mean_loss= 0.23556  mean_foundation=  6.8/52  lifetime_outcomes={'won': 0, 'stalled': 101, 'truncated': 340, 'other': 0}  rss= 1640.4MB  (604s)
step   206000/500000  eps=0.050  episodes=  445  mean_return= 82.250  mean_loss= 0.23587  mean_foundation= 13.8/52  lifetime_outcomes={'won': 0, 'stalled': 101, 'truncated': 344, 'other': 0}  rss= 1640.4MB  (610s)
step   208000/500000  eps=0.050  episodes=  450  mean_return= 56.224  mean_loss= 0.22533  mean_foundation=  6.8/52  lifetime_outcomes={'won': 0, 'stalled': 103, 'truncated': 347, 'other': 0}  rss= 1640.4MB  (616s)
step   210000/500000  eps=0.050  episodes=  455  mean_return= 46.178  mean_loss= 0.23830  mean_foundation=  5.2/52  lifetime_outcomes={'won': 0, 'stalled': 104, 'truncated': 351, 'other': 0}  rss= 1640.4MB  (622s)
step   212000/500000  eps=0.050  episodes=  460  mean_return= 40.652  mean_loss= 0.23397  mean_foundation=  5.8/52  lifetime_outcomes={'won': 0, 'stalled': 106, 'truncated': 354, 'other': 0}  rss= 1640.4MB  (628s)
step   214000/500000  eps=0.050  episodes=  464  mean_return= 47.000  mean_loss= 0.23240  mean_foundation=  4.0/52  lifetime_outcomes={'won': 0, 'stalled': 106, 'truncated': 358, 'other': 0}  rss= 1640.4MB  (634s)
step   216000/500000  eps=0.050  episodes=  468  mean_return= 43.750  mean_loss= 0.22515  mean_foundation=  5.2/52  lifetime_outcomes={'won': 0, 'stalled': 106, 'truncated': 362, 'other': 0}  rss= 1640.4MB  (640s)
step   218000/500000  eps=0.050  episodes=  476  mean_return= 45.981  mean_loss= 0.22860  mean_foundation=  5.1/52  lifetime_outcomes={'won': 0, 'stalled': 111, 'truncated': 365, 'other': 0}  rss= 1640.4MB  (646s)
step   220000/500000  eps=0.050  episodes=  481  mean_return= 47.362  mean_loss= 0.22748  mean_foundation=  6.6/52  lifetime_outcomes={'won': 0, 'stalled': 113, 'truncated': 368, 'other': 0}  rss= 1640.4MB  (652s)
  EVAL  step   220000  win_rate=0.00%  mean_return= 31.150  mean_foundation=  2.9/52  mean_length=500.0  (greedy, 20 fixed deals)
step   222000/500000  eps=0.050  episodes=  486  mean_return= 56.065  mean_loss= 0.22118  mean_foundation= 11.8/52  lifetime_outcomes={'won': 0, 'stalled': 116, 'truncated': 370, 'other': 0}  rss= 1644.9MB  (665s)
step   224000/500000  eps=0.050  episodes=  490  mean_return= 27.000  mean_loss= 0.22446  mean_foundation=  3.5/52  lifetime_outcomes={'won': 0, 'stalled': 116, 'truncated': 374, 'other': 0}  rss= 1644.9MB  (671s)
step   226000/500000  eps=0.050  episodes=  495  mean_return= 61.803  mean_loss= 0.21845  mean_foundation=  5.8/52  lifetime_outcomes={'won': 0, 'stalled': 118, 'truncated': 377, 'other': 0}  rss= 1644.9MB  (677s)
step   228000/500000  eps=0.050  episodes=  500  mean_return= 52.926  mean_loss= 0.22485  mean_foundation=  5.8/52  lifetime_outcomes={'won': 0, 'stalled': 119, 'truncated': 381, 'other': 0}  rss= 1644.9MB  (683s)
step   230000/500000  eps=0.050  episodes=  505  mean_return= 51.677  mean_loss= 0.21726  mean_foundation=  8.0/52  lifetime_outcomes={'won': 0, 'stalled': 121, 'truncated': 384, 'other': 0}  rss= 1644.9MB  (689s)
step   232000/500000  eps=0.050  episodes=  510  mean_return= 36.563  mean_loss= 0.21858  mean_foundation=  4.4/52  lifetime_outcomes={'won': 0, 'stalled': 122, 'truncated': 388, 'other': 0}  rss= 1644.9MB  (695s)
step   234000/500000  eps=0.050  episodes=  516  mean_return= 39.960  mean_loss= 0.22302  mean_foundation=  4.3/52  lifetime_outcomes={'won': 0, 'stalled': 125, 'truncated': 391, 'other': 0}  rss= 1644.9MB  (702s)
step   236000/500000  eps=0.050  episodes=  520  mean_return= 23.803  mean_loss= 0.21920  mean_foundation=  3.0/52  lifetime_outcomes={'won': 0, 'stalled': 126, 'truncated': 394, 'other': 0}  rss= 1644.9MB  (709s)
step   238000/500000  eps=0.050  episodes=  526  mean_return= 54.963  mean_loss= 0.21312  mean_foundation=  6.7/52  lifetime_outcomes={'won': 0, 'stalled': 130, 'truncated': 396, 'other': 0}  rss= 1644.9MB  (715s)
step   240000/500000  eps=0.050  episodes=  530  mean_return= 51.017  mean_loss= 0.21808  mean_foundation=  7.0/52  lifetime_outcomes={'won': 0, 'stalled': 131, 'truncated': 399, 'other': 0}  rss= 1644.9MB  (721s)
  EVAL  step   240000  win_rate=0.00%  mean_return= 34.164  mean_foundation=  3.1/52  mean_length=436.6  (greedy, 20 fixed deals)
step   242000/500000  eps=0.050  episodes=  536  mean_return= 41.482  mean_loss= 0.22238  mean_foundation=  5.2/52  lifetime_outcomes={'won': 0, 'stalled': 134, 'truncated': 402, 'other': 0}  rss= 1644.9MB  (734s)
step   244000/500000  eps=0.050  episodes=  540  mean_return= 68.750  mean_loss= 0.22025  mean_foundation=  9.2/52  lifetime_outcomes={'won': 0, 'stalled': 134, 'truncated': 406, 'other': 0}  rss= 1644.9MB  (740s)
step   246000/500000  eps=0.050  episodes=  544  mean_return= 46.500  mean_loss= 0.22455  mean_foundation=  6.2/52  lifetime_outcomes={'won': 0, 'stalled': 134, 'truncated': 410, 'other': 0}  rss= 1644.9MB  (746s)
step   248000/500000  eps=0.050  episodes=  548  mean_return= 59.250  mean_loss= 0.22273  mean_foundation=  5.5/52  lifetime_outcomes={'won': 0, 'stalled': 134, 'truncated': 414, 'other': 0}  rss= 1644.9MB  (753s)
step   250000/500000  eps=0.050  episodes=  553  mean_return= 58.243  mean_loss= 0.22044  mean_foundation=  5.0/52  lifetime_outcomes={'won': 0, 'stalled': 136, 'truncated': 417, 'other': 0}  rss= 1644.9MB  (761s)
step   252000/500000  eps=0.050  episodes=  557  mean_return= 67.500  mean_loss= 0.22357  mean_foundation=  8.2/52  lifetime_outcomes={'won': 0, 'stalled': 136, 'truncated': 421, 'other': 0}  rss= 1644.9MB  (770s)
step   254000/500000  eps=0.050  episodes=  561  mean_return= 55.500  mean_loss= 0.22146  mean_foundation=  4.5/52  lifetime_outcomes={'won': 0, 'stalled': 136, 'truncated': 425, 'other': 0}  rss= 1644.9MB  (780s)
step   256000/500000  eps=0.050  episodes=  568  mean_return= 49.588  mean_loss= 0.22339  mean_foundation=  8.1/52  lifetime_outcomes={'won': 0, 'stalled': 141, 'truncated': 427, 'other': 0}  rss= 1644.9MB  (787s)
step   258000/500000  eps=0.050  episodes=  572  mean_return= 64.500  mean_loss= 0.22041  mean_foundation=  9.5/52  lifetime_outcomes={'won': 0, 'stalled': 141, 'truncated': 431, 'other': 0}  rss= 1644.9MB  (795s)
step   260000/500000  eps=0.050  episodes=  576  mean_return= 48.007  mean_loss= 0.20983  mean_foundation=  7.8/52  lifetime_outcomes={'won': 0, 'stalled': 142, 'truncated': 434, 'other': 0}  rss= 1644.9MB  (804s)
  EVAL  step   260000  win_rate=0.00%  mean_return= 32.500  mean_foundation=  2.6/52  mean_length=500.0  (greedy, 20 fixed deals)
step   262000/500000  eps=0.050  episodes=  581  mean_return= 47.147  mean_loss= 0.20037  mean_foundation=  4.8/52  lifetime_outcomes={'won': 0, 'stalled': 143, 'truncated': 438, 'other': 0}  rss= 1644.9MB  (824s)
step   264000/500000  eps=0.050  episodes=  586  mean_return= 30.035  mean_loss= 0.20372  mean_foundation=  4.4/52  lifetime_outcomes={'won': 0, 'stalled': 145, 'truncated': 441, 'other': 0}  rss= 1644.9MB  (832s)
step   266000/500000  eps=0.050  episodes=  590  mean_return= 58.255  mean_loss= 0.20666  mean_foundation= 10.0/52  lifetime_outcomes={'won': 0, 'stalled': 146, 'truncated': 444, 'other': 0}  rss= 1644.9MB  (839s)
step   268000/500000  eps=0.050  episodes=  594  mean_return= 57.750  mean_loss= 0.20396  mean_foundation=  7.5/52  lifetime_outcomes={'won': 0, 'stalled': 147, 'truncated': 447, 'other': 0}  rss= 1644.9MB  (846s)
step   270000/500000  eps=0.050  episodes=  598  mean_return= 64.750  mean_loss= 0.21046  mean_foundation=  6.8/52  lifetime_outcomes={'won': 0, 'stalled': 147, 'truncated': 451, 'other': 0}  rss= 1644.9MB  (857s)
step   272000/500000  eps=0.050  episodes=  602  mean_return= 28.750  mean_loss= 0.19795  mean_foundation=  2.5/52  lifetime_outcomes={'won': 0, 'stalled': 147, 'truncated': 455, 'other': 0}  rss= 1644.9MB  (864s)
step   274000/500000  eps=0.050  episodes=  607  mean_return= 57.564  mean_loss= 0.19991  mean_foundation=  6.8/52  lifetime_outcomes={'won': 0, 'stalled': 148, 'truncated': 459, 'other': 0}  rss= 1644.9MB  (873s)
step   276000/500000  eps=0.050  episodes=  611  mean_return= 66.250  mean_loss= 0.20250  mean_foundation=  7.8/52  lifetime_outcomes={'won': 0, 'stalled': 148, 'truncated': 463, 'other': 0}  rss= 1644.9MB  (881s)
step   278000/500000  eps=0.050  episodes=  615  mean_return= 79.539  mean_loss= 0.20228  mean_foundation= 10.5/52  lifetime_outcomes={'won': 0, 'stalled': 150, 'truncated': 465, 'other': 0}  rss= 1644.9MB  (888s)
step   280000/500000  eps=0.050  episodes=  619  mean_return= 43.767  mean_loss= 0.19286  mean_foundation=  5.0/52  lifetime_outcomes={'won': 0, 'stalled': 151, 'truncated': 468, 'other': 0}  rss= 1644.9MB  (897s)
  EVAL  step   280000  win_rate=0.00%  mean_return= 31.043  mean_foundation=  2.8/52  mean_length=457.4  (greedy, 20 fixed deals)
step   282000/500000  eps=0.050  episodes=  625  mean_return= 62.306  mean_loss= 0.20530  mean_foundation=  5.5/52  lifetime_outcomes={'won': 0, 'stalled': 153, 'truncated': 472, 'other': 0}  rss= 1644.9MB  (911s)
step   284000/500000  eps=0.050  episodes=  632  mean_return= 42.413  mean_loss= 0.20192  mean_foundation=  5.4/52  lifetime_outcomes={'won': 0, 'stalled': 158, 'truncated': 474, 'other': 0}  rss= 1644.9MB  (918s)
step   286000/500000  eps=0.050  episodes=  637  mean_return= 60.010  mean_loss= 0.19369  mean_foundation=  7.2/52  lifetime_outcomes={'won': 0, 'stalled': 160, 'truncated': 477, 'other': 0}  rss= 1644.9MB  (924s)
step   288000/500000  eps=0.050  episodes=  643  mean_return= 54.230  mean_loss= 0.20064  mean_foundation=  6.8/52  lifetime_outcomes={'won': 0, 'stalled': 164, 'truncated': 479, 'other': 0}  rss= 1644.9MB  (933s)
step   290000/500000  eps=0.050  episodes=  650  mean_return= 59.526  mean_loss= 0.19510  mean_foundation=  7.9/52  lifetime_outcomes={'won': 0, 'stalled': 167, 'truncated': 483, 'other': 0}  rss= 1644.9MB  (940s)
step   292000/500000  eps=0.050  episodes=  657  mean_return= 37.555  mean_loss= 0.19105  mean_foundation=  4.4/52  lifetime_outcomes={'won': 0, 'stalled': 171, 'truncated': 486, 'other': 0}  rss= 1649.3MB  (948s)
step   294000/500000  eps=0.050  episodes=  661  mean_return= 29.500  mean_loss= 0.18579  mean_foundation=  4.5/52  lifetime_outcomes={'won': 0, 'stalled': 171, 'truncated': 490, 'other': 0}  rss= 1649.3MB  (956s)
step   296000/500000  eps=0.050  episodes=  665  mean_return= 63.750  mean_loss= 0.19130  mean_foundation=  6.0/52  lifetime_outcomes={'won': 0, 'stalled': 171, 'truncated': 494, 'other': 0}  rss= 1649.3MB  (962s)
step   298000/500000  eps=0.050  episodes=  669  mean_return= 60.587  mean_loss= 0.18998  mean_foundation=  9.5/52  lifetime_outcomes={'won': 0, 'stalled': 172, 'truncated': 497, 'other': 0}  rss= 1649.3MB  (968s)
step   300000/500000  eps=0.050  episodes=  673  mean_return= 25.250  mean_loss= 0.17268  mean_foundation=  1.8/52  lifetime_outcomes={'won': 0, 'stalled': 172, 'truncated': 501, 'other': 0}  rss= 1649.3MB  (978s)
  EVAL  step   300000  win_rate=0.00%  mean_return= 32.364  mean_foundation=  2.8/52  mean_length=435.9  (greedy, 20 fixed deals)
step   302000/500000  eps=0.050  episodes=  679  mean_return= 46.479  mean_loss= 0.18607  mean_foundation=  7.5/52  lifetime_outcomes={'won': 0, 'stalled': 175, 'truncated': 504, 'other': 0}  rss= 1649.3MB  (994s)
step   304000/500000  eps=0.050  episodes=  683  mean_return= 62.757  mean_loss= 0.17763  mean_foundation=  8.8/52  lifetime_outcomes={'won': 0, 'stalled': 176, 'truncated': 507, 'other': 0}  rss= 1649.3MB  (1001s)
step   306000/500000  eps=0.050  episodes=  687  mean_return= 63.000  mean_loss= 0.18408  mean_foundation=  5.8/52  lifetime_outcomes={'won': 0, 'stalled': 176, 'truncated': 511, 'other': 0}  rss= 1649.3MB  (1008s)
step   308000/500000  eps=0.050  episodes=  692  mean_return= 35.419  mean_loss= 0.18161  mean_foundation=  4.4/52  lifetime_outcomes={'won': 0, 'stalled': 178, 'truncated': 514, 'other': 0}  rss= 1649.3MB  (1018s)
step   310000/500000  eps=0.050  episodes=  698  mean_return= 63.973  mean_loss= 0.18185  mean_foundation=  9.5/52  lifetime_outcomes={'won': 0, 'stalled': 180, 'truncated': 518, 'other': 0}  rss= 1649.3MB  (1025s)
step   312000/500000  eps=0.050  episodes=  702  mean_return= 65.250  mean_loss= 0.17298  mean_foundation=  6.5/52  lifetime_outcomes={'won': 0, 'stalled': 180, 'truncated': 522, 'other': 0}  rss= 1649.3MB  (1031s)
step   314000/500000  eps=0.050  episodes=  706  mean_return= 59.564  mean_loss= 0.18108  mean_foundation=  6.8/52  lifetime_outcomes={'won': 0, 'stalled': 181, 'truncated': 525, 'other': 0}  rss= 1649.3MB  (1038s)
step   316000/500000  eps=0.050  episodes=  712  mean_return= 25.974  mean_loss= 0.17462  mean_foundation=  2.5/52  lifetime_outcomes={'won': 0, 'stalled': 183, 'truncated': 529, 'other': 0}  rss= 1649.3MB  (1044s)
step   318000/500000  eps=0.050  episodes=  717  mean_return= 37.741  mean_loss= 0.17116  mean_foundation=  4.0/52  lifetime_outcomes={'won': 0, 'stalled': 185, 'truncated': 532, 'other': 0}  rss= 1649.3MB  (1051s)
step   320000/500000  eps=0.050  episodes=  721  mean_return= 60.751  mean_loss= 0.17304  mean_foundation=  4.5/52  lifetime_outcomes={'won': 0, 'stalled': 186, 'truncated': 535, 'other': 0}  rss= 1649.3MB  (1058s)
  EVAL  step   320000  win_rate=0.00%  mean_return= 33.986  mean_foundation=  4.5/52  mean_length=414.5  (greedy, 20 fixed deals)
step   322000/500000  eps=0.050  episodes=  725  mean_return= 57.310  mean_loss= 0.17278  mean_foundation=  7.0/52  lifetime_outcomes={'won': 0, 'stalled': 187, 'truncated': 538, 'other': 0}  rss= 1649.3MB  (1071s)
step   324000/500000  eps=0.050  episodes=  732  mean_return= 35.830  mean_loss= 0.16125  mean_foundation=  5.1/52  lifetime_outcomes={'won': 0, 'stalled': 190, 'truncated': 542, 'other': 0}  rss= 1649.3MB  (1077s)
step   326000/500000  eps=0.050  episodes=  737  mean_return= 40.424  mean_loss= 0.17247  mean_foundation=  6.4/52  lifetime_outcomes={'won': 0, 'stalled': 192, 'truncated': 545, 'other': 0}  rss= 1649.3MB  (1083s)
step   328000/500000  eps=0.050  episodes=  742  mean_return= 32.977  mean_loss= 0.16972  mean_foundation=  3.6/52  lifetime_outcomes={'won': 0, 'stalled': 193, 'truncated': 549, 'other': 0}  rss= 1649.3MB  (1090s)
step   330000/500000  eps=0.050  episodes=  748  mean_return= 36.889  mean_loss= 0.17437  mean_foundation=  5.3/52  lifetime_outcomes={'won': 0, 'stalled': 196, 'truncated': 552, 'other': 0}  rss= 1649.3MB  (1096s)
step   332000/500000  eps=0.050  episodes=  752  mean_return= 58.000  mean_loss= 0.16890  mean_foundation=  4.5/52  lifetime_outcomes={'won': 0, 'stalled': 196, 'truncated': 556, 'other': 0}  rss= 1649.3MB  (1103s)
step   334000/500000  eps=0.050  episodes=  757  mean_return= 37.367  mean_loss= 0.16413  mean_foundation=  4.8/52  lifetime_outcomes={'won': 0, 'stalled': 197, 'truncated': 560, 'other': 0}  rss= 1649.3MB  (1110s)
step   336000/500000  eps=0.050  episodes=  762  mean_return= 55.224  mean_loss= 0.16243  mean_foundation=  6.2/52  lifetime_outcomes={'won': 0, 'stalled': 199, 'truncated': 563, 'other': 0}  rss= 1649.3MB  (1116s)
step   338000/500000  eps=0.050  episodes=  767  mean_return= 52.338  mean_loss= 0.15845  mean_foundation=  5.6/52  lifetime_outcomes={'won': 0, 'stalled': 200, 'truncated': 567, 'other': 0}  rss= 1649.3MB  (1122s)
step   340000/500000  eps=0.050  episodes=  772  mean_return= 55.604  mean_loss= 0.15917  mean_foundation= 10.4/52  lifetime_outcomes={'won': 0, 'stalled': 202, 'truncated': 570, 'other': 0}  rss= 1649.3MB  (1129s)
  EVAL  step   340000  win_rate=0.00%  mean_return= 35.894  mean_foundation=  3.4/52  mean_length=456.4  (greedy, 20 fixed deals)
step   342000/500000  eps=0.050  episodes=  777  mean_return= 48.214  mean_loss= 0.16515  mean_foundation=  9.4/52  lifetime_outcomes={'won': 0, 'stalled': 204, 'truncated': 573, 'other': 0}  rss= 1649.3MB  (1143s)
step   344000/500000  eps=0.050  episodes=  784  mean_return= 55.274  mean_loss= 0.16725  mean_foundation=  6.9/52  lifetime_outcomes={'won': 0, 'stalled': 209, 'truncated': 575, 'other': 0}  rss= 1649.3MB  (1148s)
step   346000/500000  eps=0.050  episodes=  789  mean_return= 46.241  mean_loss= 0.15972  mean_foundation=  7.0/52  lifetime_outcomes={'won': 0, 'stalled': 213, 'truncated': 576, 'other': 0}  rss= 1649.3MB  (1154s)
step   348000/500000  eps=0.050  episodes=  794  mean_return= 59.964  mean_loss= 0.16227  mean_foundation=  8.0/52  lifetime_outcomes={'won': 0, 'stalled': 214, 'truncated': 580, 'other': 0}  rss= 1649.3MB  (1160s)
step   350000/500000  eps=0.050  episodes=  798  mean_return= 45.000  mean_loss= 0.15952  mean_foundation=  6.8/52  lifetime_outcomes={'won': 0, 'stalled': 214, 'truncated': 584, 'other': 0}  rss= 1649.3MB  (1166s)
step   352000/500000  eps=0.050  episodes=  804  mean_return= 49.856  mean_loss= 0.15841  mean_foundation=  5.3/52  lifetime_outcomes={'won': 0, 'stalled': 218, 'truncated': 586, 'other': 0}  rss= 1649.3MB  (1172s)
step   354000/500000  eps=0.050  episodes=  808  mean_return= 62.000  mean_loss= 0.15564  mean_foundation=  4.0/52  lifetime_outcomes={'won': 0, 'stalled': 218, 'truncated': 590, 'other': 0}  rss= 1649.3MB  (1179s)
step   356000/500000  eps=0.050  episodes=  812  mean_return= 74.250  mean_loss= 0.16418  mean_foundation=  8.0/52  lifetime_outcomes={'won': 0, 'stalled': 218, 'truncated': 594, 'other': 0}  rss= 1649.3MB  (1185s)
step   358000/500000  eps=0.050  episodes=  817  mean_return= 52.383  mean_loss= 0.15812  mean_foundation=  7.0/52  lifetime_outcomes={'won': 0, 'stalled': 219, 'truncated': 598, 'other': 0}  rss= 1649.3MB  (1191s)
step   360000/500000  eps=0.050  episodes=  822  mean_return= 60.251  mean_loss= 0.15820  mean_foundation=  7.6/52  lifetime_outcomes={'won': 0, 'stalled': 221, 'truncated': 601, 'other': 0}  rss= 1649.3MB  (1197s)
  EVAL  step   360000  win_rate=0.00%  mean_return= 31.972  mean_foundation=  2.4/52  mean_length=478.3  (greedy, 20 fixed deals)
step   362000/500000  eps=0.050  episodes=  826  mean_return= 52.250  mean_loss= 0.15337  mean_foundation=  6.8/52  lifetime_outcomes={'won': 0, 'stalled': 221, 'truncated': 605, 'other': 0}  rss= 1649.3MB  (1210s)
step   364000/500000  eps=0.050  episodes=  831  mean_return= 27.607  mean_loss= 0.15392  mean_foundation=  2.6/52  lifetime_outcomes={'won': 0, 'stalled': 223, 'truncated': 608, 'other': 0}  rss= 1649.3MB  (1216s)
step   366000/500000  eps=0.050  episodes=  838  mean_return= 46.711  mean_loss= 0.15734  mean_foundation=  7.7/52  lifetime_outcomes={'won': 0, 'stalled': 227, 'truncated': 611, 'other': 0}  rss= 1649.3MB  (1222s)
step   368000/500000  eps=0.050  episodes=  842  mean_return= 63.750  mean_loss= 0.15383  mean_foundation=  6.2/52  lifetime_outcomes={'won': 0, 'stalled': 227, 'truncated': 615, 'other': 0}  rss= 1649.3MB  (1228s)
step   370000/500000  eps=0.050  episodes=  846  mean_return= 50.000  mean_loss= 0.14785  mean_foundation=  5.8/52  lifetime_outcomes={'won': 0, 'stalled': 227, 'truncated': 619, 'other': 0}  rss= 1649.3MB  (1235s)
step   372000/500000  eps=0.050  episodes=  852  mean_return= 37.454  mean_loss= 0.14572  mean_foundation=  4.2/52  lifetime_outcomes={'won': 0, 'stalled': 229, 'truncated': 623, 'other': 0}  rss= 1649.3MB  (1242s)
step   374000/500000  eps=0.050  episodes=  856  mean_return= 61.511  mean_loss= 0.15341  mean_foundation=  9.0/52  lifetime_outcomes={'won': 0, 'stalled': 230, 'truncated': 626, 'other': 0}  rss= 1649.3MB  (1250s)
step   376000/500000  eps=0.050  episodes=  860  mean_return= 50.000  mean_loss= 0.15119  mean_foundation=  6.5/52  lifetime_outcomes={'won': 0, 'stalled': 230, 'truncated': 630, 'other': 0}  rss= 1649.3MB  (1256s)
step   378000/500000  eps=0.050  episodes=  864  mean_return= 59.000  mean_loss= 0.13678  mean_foundation=  6.8/52  lifetime_outcomes={'won': 0, 'stalled': 230, 'truncated': 634, 'other': 0}  rss= 1649.3MB  (1263s)
step   380000/500000  eps=0.050  episodes=  869  mean_return= 57.188  mean_loss= 0.13538  mean_foundation=  7.8/52  lifetime_outcomes={'won': 0, 'stalled': 232, 'truncated': 637, 'other': 0}  rss= 1649.3MB  (1269s)
  EVAL  step   380000  win_rate=0.00%  mean_return= 36.221  mean_foundation=  3.1/52  mean_length=479.1  (greedy, 20 fixed deals)
step   382000/500000  eps=0.050  episodes=  874  mean_return= 62.847  mean_loss= 0.13946  mean_foundation=  6.0/52  lifetime_outcomes={'won': 0, 'stalled': 234, 'truncated': 640, 'other': 0}  rss= 1649.3MB  (1285s)
step   384000/500000  eps=0.050  episodes=  880  mean_return= 62.808  mean_loss= 0.14274  mean_foundation=  6.8/52  lifetime_outcomes={'won': 0, 'stalled': 236, 'truncated': 644, 'other': 0}  rss= 1649.3MB  (1292s)
step   386000/500000  eps=0.050  episodes=  884  mean_return= 43.500  mean_loss= 0.13987  mean_foundation=  5.0/52  lifetime_outcomes={'won': 0, 'stalled': 236, 'truncated': 648, 'other': 0}  rss= 1649.3MB  (1298s)
step   388000/500000  eps=0.050  episodes=  889  mean_return= 52.242  mean_loss= 0.13610  mean_foundation=  5.8/52  lifetime_outcomes={'won': 0, 'stalled': 238, 'truncated': 651, 'other': 0}  rss= 1649.3MB  (1304s)
step   390000/500000  eps=0.050  episodes=  895  mean_return= 37.638  mean_loss= 0.13415  mean_foundation=  5.2/52  lifetime_outcomes={'won': 0, 'stalled': 240, 'truncated': 655, 'other': 0}  rss= 1649.3MB  (1311s)
step   392000/500000  eps=0.050  episodes=  899  mean_return= 42.750  mean_loss= 0.13300  mean_foundation=  4.8/52  lifetime_outcomes={'won': 0, 'stalled': 240, 'truncated': 659, 'other': 0}  rss= 1649.3MB  (1323s)
step   394000/500000  eps=0.050  episodes=  905  mean_return= 37.810  mean_loss= 0.12762  mean_foundation=  5.8/52  lifetime_outcomes={'won': 0, 'stalled': 242, 'truncated': 663, 'other': 0}  rss= 1649.3MB  (1336s)
step   396000/500000  eps=0.050  episodes=  910  mean_return= 31.407  mean_loss= 0.12780  mean_foundation=  4.6/52  lifetime_outcomes={'won': 0, 'stalled': 244, 'truncated': 666, 'other': 0}  rss= 1649.3MB  (1348s)
step   398000/500000  eps=0.050  episodes=  914  mean_return= 62.289  mean_loss= 0.12981  mean_foundation=  6.8/52  lifetime_outcomes={'won': 0, 'stalled': 247, 'truncated': 667, 'other': 0}  rss= 1649.3MB  (1362s)
step   400000/500000  eps=0.050  episodes=  918  mean_return= 40.500  mean_loss= 0.12789  mean_foundation=  5.2/52  lifetime_outcomes={'won': 0, 'stalled': 247, 'truncated': 671, 'other': 0}  rss= 1649.3MB  (1368s)
  EVAL  step   400000  win_rate=0.00%  mean_return= 28.700  mean_foundation=  2.5/52  mean_length=500.0  (greedy, 20 fixed deals)
step   402000/500000  eps=0.050  episodes=  924  mean_return= 52.496  mean_loss= 0.12499  mean_foundation= 11.0/52  lifetime_outcomes={'won': 0, 'stalled': 250, 'truncated': 674, 'other': 0}  rss= 1649.3MB  (1383s)
step   404000/500000  eps=0.050  episodes=  929  mean_return= 30.376  mean_loss= 0.11826  mean_foundation=  2.8/52  lifetime_outcomes={'won': 0, 'stalled': 251, 'truncated': 678, 'other': 0}  rss= 1649.3MB  (1388s)
step   406000/500000  eps=0.050  episodes=  933  mean_return= 80.099  mean_loss= 0.11856  mean_foundation=  9.8/52  lifetime_outcomes={'won': 0, 'stalled': 252, 'truncated': 681, 'other': 0}  rss= 1649.3MB  (1394s)
step   408000/500000  eps=0.050  episodes=  939  mean_return= 54.275  mean_loss= 0.11858  mean_foundation=  8.7/52  lifetime_outcomes={'won': 0, 'stalled': 254, 'truncated': 685, 'other': 0}  rss= 1649.3MB  (1400s)
step   410000/500000  eps=0.050  episodes=  943  mean_return= 64.083  mean_loss= 0.12206  mean_foundation=  9.2/52  lifetime_outcomes={'won': 0, 'stalled': 255, 'truncated': 688, 'other': 0}  rss= 1649.3MB  (1406s)
step   412000/500000  eps=0.050  episodes=  950  mean_return= 46.373  mean_loss= 0.12701  mean_foundation=  5.1/52  lifetime_outcomes={'won': 0, 'stalled': 258, 'truncated': 692, 'other': 0}  rss= 1649.3MB  (1413s)
step   414000/500000  eps=0.050  episodes=  956  mean_return= 36.546  mean_loss= 0.11914  mean_foundation=  5.2/52  lifetime_outcomes={'won': 0, 'stalled': 263, 'truncated': 693, 'other': 0}  rss= 1649.3MB  (1419s)
step   416000/500000  eps=0.050  episodes=  960  mean_return= 35.290  mean_loss= 0.11674  mean_foundation=  5.2/52  lifetime_outcomes={'won': 0, 'stalled': 264, 'truncated': 696, 'other': 0}  rss= 1649.3MB  (1425s)
step   418000/500000  eps=0.050  episodes=  965  mean_return= 48.908  mean_loss= 0.11944  mean_foundation=  6.8/52  lifetime_outcomes={'won': 0, 'stalled': 266, 'truncated': 699, 'other': 0}  rss= 1649.3MB  (1432s)
step   420000/500000  eps=0.050  episodes=  969  mean_return= 46.112  mean_loss= 0.11709  mean_foundation=  6.0/52  lifetime_outcomes={'won': 0, 'stalled': 268, 'truncated': 701, 'other': 0}  rss= 1649.3MB  (1441s)
  EVAL  step   420000  win_rate=0.00%  mean_return= 33.344  mean_foundation=  3.2/52  mean_length=456.6  (greedy, 20 fixed deals)
step   422000/500000  eps=0.050  episodes=  974  mean_return= 66.377  mean_loss= 0.12545  mean_foundation=  6.8/52  lifetime_outcomes={'won': 0, 'stalled': 269, 'truncated': 705, 'other': 0}  rss= 1649.3MB  (1472s)
step   424000/500000  eps=0.050  episodes=  978  mean_return= 39.500  mean_loss= 0.11332  mean_foundation=  4.8/52  lifetime_outcomes={'won': 0, 'stalled': 269, 'truncated': 709, 'other': 0}  rss= 1649.3MB  (1485s)
step   426000/500000  eps=0.050  episodes=  983  mean_return= 53.387  mean_loss= 0.12008  mean_foundation=  6.0/52  lifetime_outcomes={'won': 0, 'stalled': 270, 'truncated': 713, 'other': 0}  rss= 1649.3MB  (1491s)
step   428000/500000  eps=0.050  episodes=  987  mean_return= 51.000  mean_loss= 0.11195  mean_foundation=  6.5/52  lifetime_outcomes={'won': 0, 'stalled': 270, 'truncated': 717, 'other': 0}  rss= 1649.3MB  (1498s)
step   430000/500000  eps=0.050  episodes=  992  mean_return= 42.384  mean_loss= 0.11591  mean_foundation=  5.8/52  lifetime_outcomes={'won': 0, 'stalled': 271, 'truncated': 721, 'other': 0}  rss= 1649.3MB  (1504s)
step   432000/500000  eps=0.050  episodes=  999  mean_return= 40.549  mean_loss= 0.11385  mean_foundation=  4.0/52  lifetime_outcomes={'won': 0, 'stalled': 275, 'truncated': 724, 'other': 0}  rss= 1649.3MB  (1511s)
step   434000/500000  eps=0.050  episodes= 1003  mean_return= 49.501  mean_loss= 0.11674  mean_foundation=  7.2/52  lifetime_outcomes={'won': 0, 'stalled': 276, 'truncated': 727, 'other': 0}  rss= 1649.3MB  (1518s)
step   436000/500000  eps=0.050  episodes= 1008  mean_return= 37.259  mean_loss= 0.11628  mean_foundation=  5.4/52  lifetime_outcomes={'won': 0, 'stalled': 278, 'truncated': 730, 'other': 0}  rss= 1649.3MB  (1524s)
step   438000/500000  eps=0.050  episodes= 1014  mean_return= 44.124  mean_loss= 0.11897  mean_foundation=  4.3/52  lifetime_outcomes={'won': 0, 'stalled': 281, 'truncated': 733, 'other': 0}  rss= 1649.3MB  (1531s)
step   440000/500000  eps=0.050  episodes= 1019  mean_return= 26.387  mean_loss= 0.12031  mean_foundation=  2.4/52  lifetime_outcomes={'won': 0, 'stalled': 282, 'truncated': 737, 'other': 0}  rss= 1649.3MB  (1538s)
  EVAL  step   440000  win_rate=0.00%  mean_return= 29.550  mean_foundation=  2.5/52  mean_length=500.0  (greedy, 20 fixed deals)
step   442000/500000  eps=0.050  episodes= 1023  mean_return= 71.083  mean_loss= 0.11664  mean_foundation=  6.8/52  lifetime_outcomes={'won': 0, 'stalled': 283, 'truncated': 740, 'other': 0}  rss= 1649.3MB  (1552s)
step   444000/500000  eps=0.050  episodes= 1027  mean_return= 43.000  mean_loss= 0.11343  mean_foundation=  3.8/52  lifetime_outcomes={'won': 0, 'stalled': 283, 'truncated': 744, 'other': 0}  rss= 1649.3MB  (1559s)
step   446000/500000  eps=0.050  episodes= 1031  mean_return= 66.785  mean_loss= 0.11556  mean_foundation=  6.5/52  lifetime_outcomes={'won': 0, 'stalled': 284, 'truncated': 747, 'other': 0}  rss= 1649.3MB  (1577s)
step   448000/500000  eps=0.050  episodes= 1037  mean_return= 44.446  mean_loss= 0.11361  mean_foundation=  2.8/52  lifetime_outcomes={'won': 0, 'stalled': 286, 'truncated': 751, 'other': 0}  rss= 1649.3MB  (1594s)
step   450000/500000  eps=0.050  episodes= 1042  mean_return= 42.571  mean_loss= 0.11375  mean_foundation=  7.8/52  lifetime_outcomes={'won': 0, 'stalled': 287, 'truncated': 755, 'other': 0}  rss= 1649.3MB  (1608s)
step   452000/500000  eps=0.050  episodes= 1046  mean_return= 73.805  mean_loss= 0.10957  mean_foundation= 10.0/52  lifetime_outcomes={'won': 0, 'stalled': 288, 'truncated': 758, 'other': 0}  rss= 1649.3MB  (1614s)
step   454000/500000  eps=0.050  episodes= 1051  mean_return= 53.386  mean_loss= 0.10801  mean_foundation=  6.0/52  lifetime_outcomes={'won': 0, 'stalled': 289, 'truncated': 762, 'other': 0}  rss= 1649.3MB  (1620s)
step   456000/500000  eps=0.050  episodes= 1056  mean_return= 47.987  mean_loss= 0.11244  mean_foundation=  3.8/52  lifetime_outcomes={'won': 0, 'stalled': 290, 'truncated': 766, 'other': 0}  rss= 1649.3MB  (1626s)
step   458000/500000  eps=0.050  episodes= 1060  mean_return= 64.750  mean_loss= 0.11258  mean_foundation=  7.2/52  lifetime_outcomes={'won': 0, 'stalled': 290, 'truncated': 770, 'other': 0}  rss= 1649.3MB  (1632s)
step   460000/500000  eps=0.050  episodes= 1065  mean_return= 74.638  mean_loss= 0.11101  mean_foundation= 10.4/52  lifetime_outcomes={'won': 0, 'stalled': 292, 'truncated': 773, 'other': 0}  rss= 1649.3MB  (1640s)
  EVAL  step   460000  win_rate=0.00%  mean_return= 33.844  mean_foundation=  3.4/52  mean_length=455.7  (greedy, 20 fixed deals)
step   462000/500000  eps=0.050  episodes= 1071  mean_return= 51.327  mean_loss= 0.10838  mean_foundation=  5.7/52  lifetime_outcomes={'won': 0, 'stalled': 295, 'truncated': 776, 'other': 0}  rss= 1649.3MB  (1654s)
step   464000/500000  eps=0.050  episodes= 1076  mean_return= 83.809  mean_loss= 0.11496  mean_foundation= 10.4/52  lifetime_outcomes={'won': 0, 'stalled': 297, 'truncated': 779, 'other': 0}  rss= 1649.3MB  (1661s)
step   466000/500000  eps=0.050  episodes= 1083  mean_return= 50.829  mean_loss= 0.11302  mean_foundation=  5.0/52  lifetime_outcomes={'won': 0, 'stalled': 301, 'truncated': 782, 'other': 0}  rss= 1649.3MB  (1676s)
step   468000/500000  eps=0.050  episodes= 1088  mean_return= 36.628  mean_loss= 0.11685  mean_foundation=  4.4/52  lifetime_outcomes={'won': 0, 'stalled': 303, 'truncated': 785, 'other': 0}  rss= 1649.3MB  (1687s)
step   470000/500000  eps=0.050  episodes= 1092  mean_return= 36.500  mean_loss= 0.11387  mean_foundation=  5.0/52  lifetime_outcomes={'won': 0, 'stalled': 303, 'truncated': 789, 'other': 0}  rss= 1649.3MB  (1700s)
step   472000/500000  eps=0.050  episodes= 1097  mean_return= 48.373  mean_loss= 0.11373  mean_foundation=  4.0/52  lifetime_outcomes={'won': 0, 'stalled': 304, 'truncated': 793, 'other': 0}  rss= 1649.3MB  (1712s)
step   474000/500000  eps=0.050  episodes= 1102  mean_return= 42.985  mean_loss= 0.11695  mean_foundation=  4.8/52  lifetime_outcomes={'won': 0, 'stalled': 305, 'truncated': 797, 'other': 0}  rss= 1649.3MB  (1719s)
step   476000/500000  eps=0.050  episodes= 1106  mean_return= 63.763  mean_loss= 0.11705  mean_foundation=  4.0/52  lifetime_outcomes={'won': 0, 'stalled': 307, 'truncated': 799, 'other': 0}  rss= 1649.3MB  (1725s)
step   478000/500000  eps=0.050  episodes= 1110  mean_return= 71.750  mean_loss= 0.12109  mean_foundation=  7.8/52  lifetime_outcomes={'won': 0, 'stalled': 307, 'truncated': 803, 'other': 0}  rss= 1649.3MB  (1731s)
step   480000/500000  eps=0.050  episodes= 1116  mean_return= 53.189  mean_loss= 0.11383  mean_foundation=  6.0/52  lifetime_outcomes={'won': 0, 'stalled': 310, 'truncated': 806, 'other': 0}  rss= 1649.3MB  (1738s)
  EVAL  step   480000  win_rate=0.00%  mean_return= 36.922  mean_foundation=  3.4/52  mean_length=478.6  (greedy, 20 fixed deals)
step   482000/500000  eps=0.050  episodes= 1122  mean_return= 37.977  mean_loss= 0.11208  mean_foundation=  4.0/52  lifetime_outcomes={'won': 0, 'stalled': 312, 'truncated': 810, 'other': 0}  rss= 1649.3MB  (1752s)
step   484000/500000  eps=0.050  episodes= 1126  mean_return= 50.750  mean_loss= 0.11846  mean_foundation=  3.8/52  lifetime_outcomes={'won': 0, 'stalled': 312, 'truncated': 814, 'other': 0}  rss= 1649.3MB  (1759s)
step   486000/500000  eps=0.050  episodes= 1130  mean_return= 66.329  mean_loss= 0.11413  mean_foundation=  5.5/52  lifetime_outcomes={'won': 0, 'stalled': 313, 'truncated': 817, 'other': 0}  rss= 1649.3MB  (1765s)
step   488000/500000  eps=0.050  episodes= 1136  mean_return= 30.778  mean_loss= 0.11681  mean_foundation=  3.5/52  lifetime_outcomes={'won': 0, 'stalled': 315, 'truncated': 821, 'other': 0}  rss= 1649.3MB  (1772s)
step   490000/500000  eps=0.050  episodes= 1141  mean_return= 53.443  mean_loss= 0.11559  mean_foundation=  4.0/52  lifetime_outcomes={'won': 0, 'stalled': 317, 'truncated': 824, 'other': 0}  rss= 1649.3MB  (1781s)
step   492000/500000  eps=0.050  episodes= 1149  mean_return= 35.361  mean_loss= 0.11938  mean_foundation=  4.0/52  lifetime_outcomes={'won': 0, 'stalled': 322, 'truncated': 827, 'other': 0}  rss= 1649.3MB  (1788s)
step   494000/500000  eps=0.050  episodes= 1154  mean_return= 50.409  mean_loss= 0.12443  mean_foundation=  4.2/52  lifetime_outcomes={'won': 0, 'stalled': 325, 'truncated': 829, 'other': 0}  rss= 1649.3MB  (1795s)
step   496000/500000  eps=0.050  episodes= 1159  mean_return= 38.186  mean_loss= 0.11667  mean_foundation=  1.8/52  lifetime_outcomes={'won': 0, 'stalled': 326, 'truncated': 833, 'other': 0}  rss= 1649.3MB  (1801s)
step   498000/500000  eps=0.050  episodes= 1163  mean_return= 50.250  mean_loss= 0.11315  mean_foundation=  4.5/52  lifetime_outcomes={'won': 0, 'stalled': 326, 'truncated': 837, 'other': 0}  rss= 1649.3MB  (1809s)
step   500000/500000  eps=0.050  episodes= 1167  mean_return= 60.750  mean_loss= 0.11353  mean_foundation=  6.5/52  lifetime_outcomes={'won': 0, 'stalled': 326, 'truncated': 841, 'other': 0}  rss= 1649.3MB  (1817s)
  EVAL  step   500000  win_rate=0.00%  mean_return= 30.573  mean_foundation=  2.3/52  mean_length=477.4  (greedy, 20 fixed deals)
done. saved final checkpoint to runs/008_double_dqn_soft_nstep3_per_no_undo/checkpoint_final.pt
