run directory: runs/028_dqfd_moredemo_epsfloor_loopbreaker_solvcurriculum_foundramp
eval: using 1000-seed battery from runs/eval_corpus.jsonl (first 200 of them per eval pass) instead of the fixed 900000+i range
DQfD: building 100000 permanent demo transitions from runs/curriculum_wins.jsonl
DQfD: loaded 100000 demo transitions into the permanent replay-buffer region
solvable-seed pool: loaded 1578 ground-truth-solvable seeds from runs/solvable_corpus.jsonl, used for fresh-deal resets over first 100000 steps
step     1000/400000  eps=0.996  episodes=    1  mean_return=431.429  mean_loss=     nan  mean_foundation=  3.0/52  lifetime_outcomes={'won': 0, 'stalled': 0, 'truncated': 1, 'other': 0}  rss= 1604.6MB  (2s)
step     2000/400000  eps=0.992  episodes=    2  mean_return=1836.190  mean_loss=     nan  mean_foundation=  6.0/52  lifetime_outcomes={'won': 0, 'stalled': 0, 'truncated': 2, 'other': 0}  rss= 1622.4MB  (3s)
step     3000/400000  eps=0.987  episodes=    3  mean_return=1301.429  mean_loss=     nan  mean_foundation= 11.0/52  lifetime_outcomes={'won': 0, 'stalled': 0, 'truncated': 3, 'other': 0}  rss= 1633.1MB  (4s)
step     4000/400000  eps=0.983  episodes=    4  mean_return=1598.571  mean_loss=     nan  mean_foundation=  4.0/52  lifetime_outcomes={'won': 0, 'stalled': 0, 'truncated': 4, 'other': 0}  rss= 1639.4MB  (5s)
step     5000/400000  eps=0.979  episodes=    5  mean_return=1840.952  mean_loss=48.18228  mean_foundation=  6.0/52  lifetime_outcomes={'won': 0, 'stalled': 0, 'truncated': 5, 'other': 0}  rss= 1968.1MB  (6s)
step     6000/400000  eps=0.975  episodes=    6  mean_return=720.000  mean_loss=60.39551  mean_foundation=  9.0/52  lifetime_outcomes={'won': 0, 'stalled': 0, 'truncated': 6, 'other': 0}  rss= 1980.7MB  (9s)
step     7000/400000  eps=0.970  episodes=    7  mean_return=542.381  mean_loss=82.56180  mean_foundation=  4.0/52  lifetime_outcomes={'won': 0, 'stalled': 0, 'truncated': 7, 'other': 0}  rss= 1986.7MB  (12s)
step     8000/400000  eps=0.966  episodes=    8  mean_return=2065.714  mean_loss=89.73133  mean_foundation=  7.0/52  lifetime_outcomes={'won': 0, 'stalled': 0, 'truncated': 8, 'other': 0}  rss= 1990.0MB  (15s)
step     9000/400000  eps=0.962  episodes=    9  mean_return=1038.571  mean_loss=93.09042  mean_foundation= 10.0/52  lifetime_outcomes={'won': 0, 'stalled': 0, 'truncated': 9, 'other': 0}  rss= 2003.7MB  (18s)
step    10000/400000  eps=0.958  episodes=   10  mean_return=524.762  mean_loss=96.02892  mean_foundation=  5.0/52  lifetime_outcomes={'won': 0, 'stalled': 0, 'truncated': 10, 'other': 0}  rss= 2005.8MB  (21s)
  EVAL  step    10000  win_rate=30.50%  mean_return=3092.867  mean_foundation= 24.4/52  mean_length=805.6  (greedy, 200 fixed deals)
step    11000/400000  eps=0.953  episodes=   11  mean_return=2016.667  mean_loss=96.31718  mean_foundation=  7.0/52  lifetime_outcomes={'won': 0, 'stalled': 0, 'truncated': 11, 'other': 0}  rss= 2044.3MB  (186s)
step    12000/400000  eps=0.949  episodes=   12  mean_return=799.048  mean_loss=90.46284  mean_foundation= 11.0/52  lifetime_outcomes={'won': 0, 'stalled': 0, 'truncated': 12, 'other': 0}  rss= 2044.3MB  (189s)
step    13000/400000  eps=0.945  episodes=   13  mean_return=561.429  mean_loss=91.48314  mean_foundation= 10.0/52  lifetime_outcomes={'won': 0, 'stalled': 0, 'truncated': 13, 'other': 0}  rss= 2045.1MB  (192s)
step    14000/400000  eps=0.941  episodes=   14  mean_return=217.619  mean_loss=88.88923  mean_foundation=  3.0/52  lifetime_outcomes={'won': 0, 'stalled': 0, 'truncated': 14, 'other': 0}  rss= 2049.1MB  (195s)
step    15000/400000  eps=0.936  episodes=   15  mean_return=1710.000  mean_loss=88.97841  mean_foundation=  3.0/52  lifetime_outcomes={'won': 0, 'stalled': 0, 'truncated': 15, 'other': 0}  rss= 2053.1MB  (198s)
step    16000/400000  eps=0.932  episodes=   16  mean_return=955.238  mean_loss=87.18003  mean_foundation=  7.0/52  lifetime_outcomes={'won': 0, 'stalled': 0, 'truncated': 16, 'other': 0}  rss= 2057.1MB  (201s)
step    17000/400000  eps=0.928  episodes=   17  mean_return=2285.714  mean_loss=87.27131  mean_foundation= 25.0/52  lifetime_outcomes={'won': 0, 'stalled': 0, 'truncated': 17, 'other': 0}  rss= 2061.1MB  (204s)
step    18000/400000  eps=0.923  episodes=   18  mean_return=1427.143  mean_loss=82.85142  mean_foundation=  5.0/52  lifetime_outcomes={'won': 0, 'stalled': 0, 'truncated': 18, 'other': 0}  rss= 2065.1MB  (207s)
step    19000/400000  eps=0.919  episodes=   19  mean_return=2825.714  mean_loss=83.76131  mean_foundation= 41.0/52  lifetime_outcomes={'won': 0, 'stalled': 0, 'truncated': 19, 'other': 0}  rss= 2069.1MB  (210s)
step    20000/400000  eps=0.915  episodes=   20  mean_return=867.619  mean_loss=83.58739  mean_foundation= 11.0/52  lifetime_outcomes={'won': 0, 'stalled': 0, 'truncated': 20, 'other': 0}  rss= 2073.2MB  (213s)
  EVAL  step    20000  win_rate=33.50%  mean_return=3291.103  mean_foundation= 25.5/52  mean_length=790.4  (greedy, 200 fixed deals)
step    21000/400000  eps=0.911  episodes=   21  mean_return=1127.143  mean_loss=78.92506  mean_foundation= 10.0/52  lifetime_outcomes={'won': 0, 'stalled': 0, 'truncated': 21, 'other': 0}  rss= 2081.8MB  (382s)
step    22000/400000  eps=0.906  episodes=   22  mean_return=2699.524  mean_loss=78.69446  mean_foundation= 41.0/52  lifetime_outcomes={'won': 0, 'stalled': 0, 'truncated': 22, 'other': 0}  rss= 2085.8MB  (385s)
step    23000/400000  eps=0.902  episodes=   23  mean_return=2081.905  mean_loss=78.41792  mean_foundation= 24.0/52  lifetime_outcomes={'won': 0, 'stalled': 0, 'truncated': 23, 'other': 0}  rss= 2090.0MB  (388s)
step    24000/400000  eps=0.898  episodes=   24  mean_return=934.762  mean_loss=76.65661  mean_foundation=  3.0/52  lifetime_outcomes={'won': 0, 'stalled': 0, 'truncated': 24, 'other': 0}  rss= 2094.0MB  (391s)
step    25000/400000  eps=0.894  episodes=   25  mean_return=1609.048  mean_loss=75.94158  mean_foundation= 12.0/52  lifetime_outcomes={'won': 0, 'stalled': 0, 'truncated': 25, 'other': 0}  rss= 2098.0MB  (394s)
step    26000/400000  eps=0.889  episodes=   26  mean_return=2859.048  mean_loss=73.91202  mean_foundation= 47.0/52  lifetime_outcomes={'won': 0, 'stalled': 0, 'truncated': 26, 'other': 0}  rss= 2100.0MB  (397s)
step    27000/400000  eps=0.885  episodes=   27  mean_return=1884.286  mean_loss=73.32220  mean_foundation= 17.0/52  lifetime_outcomes={'won': 0, 'stalled': 0, 'truncated': 27, 'other': 0}  rss= 2106.1MB  (400s)
step    28000/400000  eps=0.881  episodes=   28  mean_return=2926.667  mean_loss=70.84720  mean_foundation= 45.0/52  lifetime_outcomes={'won': 0, 'stalled': 0, 'truncated': 28, 'other': 0}  rss= 2108.1MB  (402s)
step    29000/400000  eps=0.877  episodes=   29  mean_return=7975.526  mean_loss=73.90111  mean_foundation= 52.0/52  lifetime_outcomes={'won': 1, 'stalled': 0, 'truncated': 28, 'other': 0}  rss= 2114.1MB  (405s)
step    30000/400000  eps=0.873  episodes=   30  mean_return=1355.714  mean_loss=72.32746  mean_foundation= 19.0/52  lifetime_outcomes={'won': 1, 'stalled': 0, 'truncated': 29, 'other': 0}  rss= 2118.1MB  (409s)
  EVAL  step    30000  win_rate=28.00%  mean_return=2888.095  mean_foundation= 23.0/52  mean_length=817.1  (greedy, 200 fixed deals)
step    31000/400000  eps=0.868  episodes=   31  mean_return=950.000  mean_loss=69.27017  mean_foundation=  3.0/52  lifetime_outcomes={'won': 1, 'stalled': 0, 'truncated': 30, 'other': 0}  rss= 2122.1MB  (575s)
step    32000/400000  eps=0.864  episodes=   32  mean_return=230.476  mean_loss=70.39546  mean_foundation=  3.0/52  lifetime_outcomes={'won': 1, 'stalled': 0, 'truncated': 31, 'other': 0}  rss= 2126.2MB  (578s)
step    33000/400000  eps=0.860  episodes=   33  mean_return=7918.785  mean_loss=68.90318  mean_foundation= 52.0/52  lifetime_outcomes={'won': 2, 'stalled': 0, 'truncated': 31, 'other': 0}  rss= 2128.3MB  (581s)
step    34000/400000  eps=0.855  episodes=   34  mean_return=2800.476  mean_loss=68.12256  mean_foundation= 43.0/52  lifetime_outcomes={'won': 2, 'stalled': 0, 'truncated': 32, 'other': 0}  rss= 2134.3MB  (584s)
step    35000/400000  eps=0.851  episodes=   35  mean_return=1237.143  mean_loss=68.20965  mean_foundation= 10.0/52  lifetime_outcomes={'won': 2, 'stalled': 0, 'truncated': 33, 'other': 0}  rss= 2136.3MB  (587s)
step    36000/400000  eps=0.847  episodes=   36  mean_return=7885.347  mean_loss=68.38707  mean_foundation= 52.0/52  lifetime_outcomes={'won': 3, 'stalled': 0, 'truncated': 33, 'other': 0}  rss= 2142.4MB  (590s)
step    37000/400000  eps=0.843  episodes=   37  mean_return=2890.476  mean_loss=66.32093  mean_foundation= 44.0/52  lifetime_outcomes={'won': 3, 'stalled': 0, 'truncated': 34, 'other': 0}  rss= 2144.4MB  (593s)
step    38000/400000  eps=0.839  episodes=   38  mean_return=657.619  mean_loss=64.58660  mean_foundation=  7.0/52  lifetime_outcomes={'won': 3, 'stalled': 0, 'truncated': 35, 'other': 0}  rss= 2148.4MB  (596s)
step    39000/400000  eps=0.834  episodes=   39  mean_return=2915.238  mean_loss=66.94143  mean_foundation= 44.0/52  lifetime_outcomes={'won': 3, 'stalled': 0, 'truncated': 36, 'other': 0}  rss= 2154.4MB  (600s)
step    40000/400000  eps=0.830  episodes=   40  mean_return=1211.905  mean_loss=64.92041  mean_foundation= 14.0/52  lifetime_outcomes={'won': 3, 'stalled': 0, 'truncated': 37, 'other': 0}  rss= 2156.4MB  (603s)
  EVAL  step    40000  win_rate=6.00%  mean_return=1689.675  mean_foundation= 17.1/52  mean_length=973.7  (greedy, 200 fixed deals)
step    41000/400000  eps=0.826  episodes=   41  mean_return=2210.476  mean_loss=63.00511  mean_foundation= 28.0/52  lifetime_outcomes={'won': 3, 'stalled': 0, 'truncated': 38, 'other': 0}  rss= 2162.4MB  (795s)
step    42000/400000  eps=0.822  episodes=   42  mean_return=7722.730  mean_loss=63.30783  mean_foundation= 52.0/52  lifetime_outcomes={'won': 4, 'stalled': 0, 'truncated': 38, 'other': 0}  rss= 2164.4MB  (798s)
step    43000/400000  eps=0.817  episodes=   43  mean_return=1041.905  mean_loss=62.92264  mean_foundation=  4.0/52  lifetime_outcomes={'won': 4, 'stalled': 0, 'truncated': 39, 'other': 0}  rss= 2168.6MB  (801s)
step    44000/400000  eps=0.813  episodes=   44  mean_return=868.571  mean_loss=61.26641  mean_foundation=  2.0/52  lifetime_outcomes={'won': 4, 'stalled': 0, 'truncated': 40, 'other': 0}  rss= 2172.6MB  (804s)
step    45000/400000  eps=0.809  episodes=   46  mean_return=7900.603  mean_loss=59.64793  mean_foundation= 52.0/52  lifetime_outcomes={'won': 6, 'stalled': 0, 'truncated': 40, 'other': 0}  rss= 2176.6MB  (807s)
step    46000/400000  eps=0.804  episodes=   47  mean_return=7939.675  mean_loss=59.84498  mean_foundation= 52.0/52  lifetime_outcomes={'won': 7, 'stalled': 0, 'truncated': 40, 'other': 0}  rss= 2180.7MB  (810s)
step    47000/400000  eps=0.800  episodes=   48  mean_return=7863.290  mean_loss=59.00310  mean_foundation= 52.0/52  lifetime_outcomes={'won': 8, 'stalled': 0, 'truncated': 40, 'other': 0}  rss= 2184.7MB  (813s)
step    48000/400000  eps=0.796  episodes=   50  mean_return=7895.184  mean_loss=58.80079  mean_foundation= 52.0/52  lifetime_outcomes={'won': 10, 'stalled': 0, 'truncated': 40, 'other': 0}  rss= 2190.8MB  (816s)
step    49000/400000  eps=0.792  episodes=   51  mean_return=1818.095  mean_loss=56.86581  mean_foundation= 16.0/52  lifetime_outcomes={'won': 10, 'stalled': 0, 'truncated': 41, 'other': 0}  rss= 2192.8MB  (819s)
step    50000/400000  eps=0.787  episodes=   52  mean_return=7973.386  mean_loss=57.58748  mean_foundation= 52.0/52  lifetime_outcomes={'won': 11, 'stalled': 0, 'truncated': 41, 'other': 0}  rss= 2196.8MB  (822s)
  EVAL  step    50000  win_rate=16.50%  mean_return=2313.500  mean_foundation= 20.2/52  mean_length=951.9  (greedy, 200 fixed deals)
step    51000/400000  eps=0.783  episodes=   54  mean_return=423.126  mean_loss=55.85233  mean_foundation=  8.0/52  lifetime_outcomes={'won': 11, 'stalled': 1, 'truncated': 42, 'other': 0}  rss= 2207.6MB  (1011s)
step    52000/400000  eps=0.779  episodes=   55  mean_return=1355.238  mean_loss=54.30579  mean_foundation= 14.0/52  lifetime_outcomes={'won': 11, 'stalled': 1, 'truncated': 43, 'other': 0}  rss= 2211.6MB  (1014s)
step    53000/400000  eps=0.775  episodes=   56  mean_return=7852.624  mean_loss=54.84187  mean_foundation= 52.0/52  lifetime_outcomes={'won': 12, 'stalled': 1, 'truncated': 43, 'other': 0}  rss= 2213.7MB  (1017s)
step    54000/400000  eps=0.770  episodes=   58  mean_return=4928.739  mean_loss=53.70445  mean_foundation= 41.0/52  lifetime_outcomes={'won': 13, 'stalled': 1, 'truncated': 44, 'other': 0}  rss= 2219.7MB  (1020s)
step    55000/400000  eps=0.766  episodes=   59  mean_return=7908.439  mean_loss=55.01895  mean_foundation= 52.0/52  lifetime_outcomes={'won': 14, 'stalled': 1, 'truncated': 44, 'other': 0}  rss= 2223.7MB  (1023s)
step    56000/400000  eps=0.762  episodes=   61  mean_return=7905.470  mean_loss=54.54495  mean_foundation= 52.0/52  lifetime_outcomes={'won': 16, 'stalled': 1, 'truncated': 44, 'other': 0}  rss= 2227.7MB  (1026s)
step    57000/400000  eps=0.758  episodes=   62  mean_return=7896.251  mean_loss=51.02847  mean_foundation= 52.0/52  lifetime_outcomes={'won': 17, 'stalled': 1, 'truncated': 44, 'other': 0}  rss= 2231.8MB  (1029s)
step    58000/400000  eps=0.754  episodes=   63  mean_return=590.476  mean_loss=51.35499  mean_foundation= 11.0/52  lifetime_outcomes={'won': 17, 'stalled': 1, 'truncated': 45, 'other': 0}  rss= 2235.9MB  (1032s)
step    59000/400000  eps=0.749  episodes=   64  mean_return=1379.524  mean_loss=50.73938  mean_foundation= 13.0/52  lifetime_outcomes={'won': 17, 'stalled': 1, 'truncated': 46, 'other': 0}  rss= 2239.9MB  (1035s)
step    60000/400000  eps=0.745  episodes=   65  mean_return=1125.238  mean_loss=50.50757  mean_foundation= 10.0/52  lifetime_outcomes={'won': 17, 'stalled': 1, 'truncated': 47, 'other': 0}  rss= 2241.9MB  (1038s)
  EVAL  step    60000  win_rate=30.50%  mean_return=3099.118  mean_foundation= 23.5/52  mean_length=847.7  (greedy, 200 fixed deals)
step    61000/400000  eps=0.741  episodes=   67  mean_return=7969.150  mean_loss=49.87972  mean_foundation= 52.0/52  lifetime_outcomes={'won': 19, 'stalled': 1, 'truncated': 47, 'other': 0}  rss= 2247.9MB  (1204s)
step    62000/400000  eps=0.736  episodes=   68  mean_return=7946.415  mean_loss=51.04228  mean_foundation= 52.0/52  lifetime_outcomes={'won': 20, 'stalled': 1, 'truncated': 47, 'other': 0}  rss= 2251.9MB  (1207s)
step    63000/400000  eps=0.732  episodes=   70  mean_return=7921.315  mean_loss=50.20209  mean_foundation= 52.0/52  lifetime_outcomes={'won': 22, 'stalled': 1, 'truncated': 47, 'other': 0}  rss= 2255.9MB  (1210s)
step    64000/400000  eps=0.728  episodes=   71  mean_return=7967.707  mean_loss=50.66054  mean_foundation= 52.0/52  lifetime_outcomes={'won': 23, 'stalled': 1, 'truncated': 47, 'other': 0}  rss= 2260.0MB  (1213s)
step    65000/400000  eps=0.724  episodes=   72  mean_return=7913.919  mean_loss=50.24380  mean_foundation= 52.0/52  lifetime_outcomes={'won': 24, 'stalled': 1, 'truncated': 47, 'other': 0}  rss= 2262.0MB  (1216s)
step    66000/400000  eps=0.720  episodes=   73  mean_return=7882.412  mean_loss=49.16716  mean_foundation= 52.0/52  lifetime_outcomes={'won': 25, 'stalled': 1, 'truncated': 47, 'other': 0}  rss= 2268.0MB  (1219s)
step    67000/400000  eps=0.715  episodes=   74  mean_return=529.048  mean_loss=48.43839  mean_foundation=  6.0/52  lifetime_outcomes={'won': 25, 'stalled': 1, 'truncated': 48, 'other': 0}  rss= 2270.0MB  (1223s)
step    68000/400000  eps=0.711  episodes=   76  mean_return=7949.435  mean_loss=48.06310  mean_foundation= 52.0/52  lifetime_outcomes={'won': 27, 'stalled': 1, 'truncated': 48, 'other': 0}  rss= 2276.0MB  (1226s)
step    69000/400000  eps=0.707  episodes=   77  mean_return=760.476  mean_loss=47.52097  mean_foundation=  3.0/52  lifetime_outcomes={'won': 27, 'stalled': 1, 'truncated': 49, 'other': 0}  rss= 2278.0MB  (1229s)
step    70000/400000  eps=0.703  episodes=   79  mean_return=7810.818  mean_loss=47.28443  mean_foundation= 52.0/52  lifetime_outcomes={'won': 29, 'stalled': 1, 'truncated': 49, 'other': 0}  rss= 2282.0MB  (1232s)
  EVAL  step    70000  win_rate=26.50%  mean_return=2896.184  mean_foundation= 22.1/52  mean_length=896.1  (greedy, 200 fixed deals)
step    71000/400000  eps=0.698  episodes=   80  mean_return=7961.268  mean_loss=47.92250  mean_foundation= 52.0/52  lifetime_outcomes={'won': 30, 'stalled': 1, 'truncated': 49, 'other': 0}  rss= 2288.1MB  (1413s)
step    72000/400000  eps=0.694  episodes=   81  mean_return=960.476  mean_loss=46.16322  mean_foundation=  5.0/52  lifetime_outcomes={'won': 30, 'stalled': 1, 'truncated': 50, 'other': 0}  rss= 2290.1MB  (1416s)
step    73000/400000  eps=0.690  episodes=   82  mean_return=950.476  mean_loss=46.32749  mean_foundation=  2.0/52  lifetime_outcomes={'won': 30, 'stalled': 1, 'truncated': 51, 'other': 0}  rss= 2296.1MB  (1419s)
step    74000/400000  eps=0.685  episodes=   84  mean_return=4756.250  mean_loss=45.44424  mean_foundation= 34.0/52  lifetime_outcomes={'won': 31, 'stalled': 1, 'truncated': 52, 'other': 0}  rss= 2298.1MB  (1423s)
step    75000/400000  eps=0.681  episodes=   85  mean_return=7980.940  mean_loss=45.93744  mean_foundation= 52.0/52  lifetime_outcomes={'won': 32, 'stalled': 1, 'truncated': 52, 'other': 0}  rss= 2304.1MB  (1426s)
step    76000/400000  eps=0.677  episodes=   86  mean_return=441.429  mean_loss=46.49769  mean_foundation=  2.0/52  lifetime_outcomes={'won': 32, 'stalled': 1, 'truncated': 53, 'other': 0}  rss= 2306.1MB  (1429s)
step    77000/400000  eps=0.673  episodes=   87  mean_return=1061.429  mean_loss=45.85687  mean_foundation= 16.0/52  lifetime_outcomes={'won': 32, 'stalled': 1, 'truncated': 54, 'other': 0}  rss= 2310.2MB  (1432s)
step    78000/400000  eps=0.668  episodes=   89  mean_return=4548.278  mean_loss=44.68234  mean_foundation= 32.0/52  lifetime_outcomes={'won': 33, 'stalled': 1, 'truncated': 55, 'other': 0}  rss= 2314.2MB  (1435s)
step    79000/400000  eps=0.664  episodes=   90  mean_return=1969.048  mean_loss=42.69178  mean_foundation= 30.0/52  lifetime_outcomes={'won': 33, 'stalled': 1, 'truncated': 56, 'other': 0}  rss= 2318.2MB  (1438s)
step    80000/400000  eps=0.660  episodes=   91  mean_return=546.667  mean_loss=43.82036  mean_foundation=  6.0/52  lifetime_outcomes={'won': 33, 'stalled': 1, 'truncated': 57, 'other': 0}  rss= 2322.2MB  (1441s)
  EVAL  step    80000  win_rate=31.00%  mean_return=3149.706  mean_foundation= 23.9/52  mean_length=825.8  (greedy, 200 fixed deals)
step    81000/400000  eps=0.656  episodes=   92  mean_return=7896.273  mean_loss=43.01536  mean_foundation= 52.0/52  lifetime_outcomes={'won': 34, 'stalled': 1, 'truncated': 57, 'other': 0}  rss= 2326.2MB  (1606s)
step    82000/400000  eps=0.651  episodes=   93  mean_return=1753.810  mean_loss=42.17704  mean_foundation= 21.0/52  lifetime_outcomes={'won': 34, 'stalled': 1, 'truncated': 58, 'other': 0}  rss= 2330.2MB  (1609s)
step    83000/400000  eps=0.647  episodes=   94  mean_return=7941.660  mean_loss=42.83349  mean_foundation= 52.0/52  lifetime_outcomes={'won': 35, 'stalled': 1, 'truncated': 58, 'other': 0}  rss= 2334.3MB  (1612s)
step    84000/400000  eps=0.643  episodes=   96  mean_return=4214.172  mean_loss=43.63531  mean_foundation= 27.0/52  lifetime_outcomes={'won': 36, 'stalled': 1, 'truncated': 59, 'other': 0}  rss= 2338.3MB  (1615s)
step    85000/400000  eps=0.639  episodes=   97  mean_return=442.381  mean_loss=42.83657  mean_foundation=  2.0/52  lifetime_outcomes={'won': 36, 'stalled': 1, 'truncated': 60, 'other': 0}  rss= 2342.3MB  (1618s)
step    86000/400000  eps=0.635  episodes=   98  mean_return=637.619  mean_loss=42.43521  mean_foundation=  6.0/52  lifetime_outcomes={'won': 36, 'stalled': 1, 'truncated': 61, 'other': 0}  rss= 2346.3MB  (1622s)
step    87000/400000  eps=0.630  episodes=   99  mean_return=1070.000  mean_loss=41.76723  mean_foundation=  8.0/52  lifetime_outcomes={'won': 36, 'stalled': 1, 'truncated': 62, 'other': 0}  rss= 2350.3MB  (1625s)
step    88000/400000  eps=0.626  episodes=  100  mean_return=317.619  mean_loss=42.32359  mean_foundation=  3.0/52  lifetime_outcomes={'won': 36, 'stalled': 1, 'truncated': 63, 'other': 0}  rss= 2354.3MB  (1628s)
step    89000/400000  eps=0.622  episodes=  102  mean_return=4108.749  mean_loss=40.28696  mean_foundation= 26.5/52  lifetime_outcomes={'won': 37, 'stalled': 1, 'truncated': 64, 'other': 0}  rss= 2358.4MB  (1631s)
step    90000/400000  eps=0.617  episodes=  103  mean_return=7918.586  mean_loss=40.22888  mean_foundation= 52.0/52  lifetime_outcomes={'won': 38, 'stalled': 1, 'truncated': 64, 'other': 0}  rss= 2362.4MB  (1634s)
  EVAL  step    90000  win_rate=28.00%  mean_return=2966.552  mean_foundation= 22.8/52  mean_length=862.2  (greedy, 200 fixed deals)
step    91000/400000  eps=0.613  episodes=  105  mean_return=4501.062  mean_loss=40.54218  mean_foundation= 30.5/52  lifetime_outcomes={'won': 39, 'stalled': 1, 'truncated': 65, 'other': 0}  rss= 2366.4MB  (1803s)
step    92000/400000  eps=0.609  episodes=  106  mean_return=835.714  mean_loss=39.76959  mean_foundation=  3.0/52  lifetime_outcomes={'won': 39, 'stalled': 1, 'truncated': 66, 'other': 0}  rss= 2368.4MB  (1807s)
step    93000/400000  eps=0.605  episodes=  107  mean_return=7924.025  mean_loss=39.50577  mean_foundation= 52.0/52  lifetime_outcomes={'won': 40, 'stalled': 1, 'truncated': 66, 'other': 0}  rss= 2374.4MB  (1810s)
step    94000/400000  eps=0.601  episodes=  108  mean_return=1550.952  mean_loss=38.89850  mean_foundation= 14.0/52  lifetime_outcomes={'won': 40, 'stalled': 1, 'truncated': 67, 'other': 0}  rss= 2378.4MB  (1813s)
step    95000/400000  eps=0.596  episodes=  109  mean_return=595.238  mean_loss=39.21751  mean_foundation=  4.0/52  lifetime_outcomes={'won': 40, 'stalled': 1, 'truncated': 68, 'other': 0}  rss= 2382.5MB  (1816s)
step    96000/400000  eps=0.592  episodes=  111  mean_return=4873.242  mean_loss=37.91973  mean_foundation= 36.0/52  lifetime_outcomes={'won': 41, 'stalled': 1, 'truncated': 69, 'other': 0}  rss= 2386.5MB  (1819s)
step    97000/400000  eps=0.588  episodes=  113  mean_return=7965.884  mean_loss=39.23648  mean_foundation= 52.0/52  lifetime_outcomes={'won': 43, 'stalled': 1, 'truncated': 69, 'other': 0}  rss= 2388.5MB  (1822s)
step    98000/400000  eps=0.584  episodes=  114  mean_return=8023.090  mean_loss=39.23573  mean_foundation= 52.0/52  lifetime_outcomes={'won': 44, 'stalled': 1, 'truncated': 69, 'other': 0}  rss= 2394.5MB  (1825s)
step    99000/400000  eps=0.579  episodes=  115  mean_return=1484.286  mean_loss=37.87625  mean_foundation= 10.0/52  lifetime_outcomes={'won': 44, 'stalled': 1, 'truncated': 70, 'other': 0}  rss= 2396.5MB  (1829s)
step   100000/400000  eps=0.575  episodes=  116  mean_return=928.095  mean_loss=37.03291  mean_foundation= 11.0/52  lifetime_outcomes={'won': 44, 'stalled': 1, 'truncated': 71, 'other': 0}  rss= 2402.6MB  (1832s)
  EVAL  step   100000  win_rate=22.50%  mean_return=2610.146  mean_foundation= 20.8/52  mean_length=898.5  (greedy, 200 fixed deals)
step   101000/400000  eps=0.571  episodes=  118  mean_return=7896.214  mean_loss=37.61480  mean_foundation= 52.0/52  lifetime_outcomes={'won': 46, 'stalled': 1, 'truncated': 71, 'other': 0}  rss= 2406.7MB  (2018s)
step   102000/400000  eps=0.567  episodes=  120  mean_return=7842.246  mean_loss=36.70774  mean_foundation= 52.0/52  lifetime_outcomes={'won': 48, 'stalled': 1, 'truncated': 71, 'other': 0}  rss= 2410.8MB  (2021s)
step   103000/400000  eps=0.562  episodes=  121  mean_return=7850.190  mean_loss=38.58504  mean_foundation= 52.0/52  lifetime_outcomes={'won': 49, 'stalled': 1, 'truncated': 71, 'other': 0}  rss= 2414.8MB  (2024s)
step   104000/400000  eps=0.558  episodes=  123  mean_return=7838.777  mean_loss=37.91695  mean_foundation= 52.0/52  lifetime_outcomes={'won': 51, 'stalled': 1, 'truncated': 71, 'other': 0}  rss= 2416.8MB  (2027s)
step   105000/400000  eps=0.554  episodes=  124  mean_return=7987.697  mean_loss=37.67635  mean_foundation= 52.0/52  lifetime_outcomes={'won': 52, 'stalled': 1, 'truncated': 71, 'other': 0}  rss= 2422.8MB  (2031s)
step   106000/400000  eps=0.549  episodes=  125  mean_return=1085.714  mean_loss=36.60257  mean_foundation=  6.0/52  lifetime_outcomes={'won': 52, 'stalled': 1, 'truncated': 72, 'other': 0}  rss= 2424.8MB  (2034s)
step   107000/400000  eps=0.545  episodes=  126  mean_return=918.571  mean_loss=35.80722  mean_foundation=  2.0/52  lifetime_outcomes={'won': 52, 'stalled': 1, 'truncated': 73, 'other': 0}  rss= 2428.9MB  (2037s)
step   108000/400000  eps=0.541  episodes=  128  mean_return=4207.872  mean_loss=36.40264  mean_foundation= 27.5/52  lifetime_outcomes={'won': 53, 'stalled': 1, 'truncated': 74, 'other': 0}  rss= 2432.9MB  (2040s)
step   109000/400000  eps=0.537  episodes=  129  mean_return=7984.912  mean_loss=36.03016  mean_foundation= 52.0/52  lifetime_outcomes={'won': 54, 'stalled': 1, 'truncated': 74, 'other': 0}  rss= 2436.9MB  (2044s)
step   110000/400000  eps=0.532  episodes=  132  mean_return=2861.330  mean_loss=35.24535  mean_foundation= 21.0/52  lifetime_outcomes={'won': 55, 'stalled': 2, 'truncated': 75, 'other': 0}  rss= 2440.9MB  (2047s)
  EVAL  step   110000  win_rate=24.00%  mean_return=2774.477  mean_foundation= 22.0/52  mean_length=912.3  (greedy, 200 fixed deals)
step   111000/400000  eps=0.528  episodes=  133  mean_return=627.619  mean_loss=36.13971  mean_foundation=  6.0/52  lifetime_outcomes={'won': 55, 'stalled': 2, 'truncated': 76, 'other': 0}  rss= 2445.0MB  (2226s)
step   112000/400000  eps=0.524  episodes=  134  mean_return=562.857  mean_loss=36.12478  mean_foundation=  5.0/52  lifetime_outcomes={'won': 55, 'stalled': 2, 'truncated': 77, 'other': 0}  rss= 2451.0MB  (2229s)
step   113000/400000  eps=0.520  episodes=  135  mean_return=988.571  mean_loss=35.49352  mean_foundation=  9.0/52  lifetime_outcomes={'won': 55, 'stalled': 2, 'truncated': 78, 'other': 0}  rss= 2453.1MB  (2232s)
step   114000/400000  eps=0.516  episodes=  136  mean_return=1203.810  mean_loss=35.93629  mean_foundation=  3.0/52  lifetime_outcomes={'won': 55, 'stalled': 2, 'truncated': 79, 'other': 0}  rss= 2457.1MB  (2235s)
step   115000/400000  eps=0.511  episodes=  137  mean_return=7890.020  mean_loss=34.56824  mean_foundation= 52.0/52  lifetime_outcomes={'won': 56, 'stalled': 2, 'truncated': 79, 'other': 0}  rss= 2461.1MB  (2239s)
step   116000/400000  eps=0.507  episodes=  138  mean_return=961.905  mean_loss=34.16610  mean_foundation=  9.0/52  lifetime_outcomes={'won': 56, 'stalled': 2, 'truncated': 80, 'other': 0}  rss= 2465.1MB  (2242s)
step   117000/400000  eps=0.503  episodes=  139  mean_return=1307.619  mean_loss=34.86095  mean_foundation= 13.0/52  lifetime_outcomes={'won': 56, 'stalled': 2, 'truncated': 81, 'other': 0}  rss= 2469.1MB  (2245s)
step   118000/400000  eps=0.499  episodes=  141  mean_return=4231.002  mean_loss=33.54797  mean_foundation= 30.0/52  lifetime_outcomes={'won': 57, 'stalled': 2, 'truncated': 82, 'other': 0}  rss= 2473.1MB  (2249s)
step   119000/400000  eps=0.494  episodes=  143  mean_return=7992.265  mean_loss=34.60501  mean_foundation= 52.0/52  lifetime_outcomes={'won': 59, 'stalled': 2, 'truncated': 82, 'other': 0}  rss= 2477.1MB  (2252s)
step   120000/400000  eps=0.490  episodes=  144  mean_return=7903.228  mean_loss=34.50818  mean_foundation= 52.0/52  lifetime_outcomes={'won': 60, 'stalled': 2, 'truncated': 82, 'other': 0}  rss= 2481.2MB  (2255s)
  EVAL  step   120000  win_rate=30.50%  mean_return=3175.297  mean_foundation= 24.5/52  mean_length=879.6  (greedy, 200 fixed deals)
step   121000/400000  eps=0.486  episodes=  145  mean_return=7862.462  mean_loss=31.43687  mean_foundation= 52.0/52  lifetime_outcomes={'won': 61, 'stalled': 2, 'truncated': 82, 'other': 0}  rss= 2491.9MB  (2436s)
step   122000/400000  eps=0.482  episodes=  147  mean_return=4236.563  mean_loss=31.98014  mean_foundation= 27.0/52  lifetime_outcomes={'won': 62, 'stalled': 2, 'truncated': 83, 'other': 0}  rss= 2495.9MB  (2440s)
step   123000/400000  eps=0.477  episodes=  148  mean_return=7962.373  mean_loss=32.09594  mean_foundation= 52.0/52  lifetime_outcomes={'won': 63, 'stalled': 2, 'truncated': 83, 'other': 0}  rss= 2499.9MB  (2443s)
step   124000/400000  eps=0.473  episodes=  149  mean_return=622.857  mean_loss=32.74888  mean_foundation=  5.0/52  lifetime_outcomes={'won': 63, 'stalled': 2, 'truncated': 84, 'other': 0}  rss= 2501.9MB  (2446s)
step   125000/400000  eps=0.469  episodes=  150  mean_return=776.190  mean_loss=32.13071  mean_foundation=  7.0/52  lifetime_outcomes={'won': 63, 'stalled': 2, 'truncated': 85, 'other': 0}  rss= 2508.0MB  (2449s)
step   126000/400000  eps=0.465  episodes=  151  mean_return=600.952  mean_loss=32.13748  mean_foundation= 10.0/52  lifetime_outcomes={'won': 63, 'stalled': 2, 'truncated': 86, 'other': 0}  rss= 2512.0MB  (2452s)
step   127000/400000  eps=0.460  episodes=  152  mean_return=950.000  mean_loss=31.62237  mean_foundation=  3.0/52  lifetime_outcomes={'won': 63, 'stalled': 2, 'truncated': 87, 'other': 0}  rss= 2516.0MB  (2456s)
step   128000/400000  eps=0.456  episodes=  153  mean_return=1255.714  mean_loss=30.01775  mean_foundation=  9.0/52  lifetime_outcomes={'won': 63, 'stalled': 2, 'truncated': 88, 'other': 0}  rss= 2520.0MB  (2459s)
step   129000/400000  eps=0.452  episodes=  154  mean_return=822.857  mean_loss=30.42915  mean_foundation=  7.0/52  lifetime_outcomes={'won': 63, 'stalled': 2, 'truncated': 89, 'other': 0}  rss= 2524.0MB  (2462s)
step   130000/400000  eps=0.448  episodes=  155  mean_return=772.381  mean_loss=29.99843  mean_foundation=  7.0/52  lifetime_outcomes={'won': 63, 'stalled': 2, 'truncated': 90, 'other': 0}  rss= 2528.0MB  (2466s)
  EVAL  step   130000  win_rate=18.00%  mean_return=2395.612  mean_foundation= 19.7/52  mean_length=936.5  (greedy, 200 fixed deals)
step   131000/400000  eps=0.443  episodes=  156  mean_return=1960.476  mean_loss=30.44962  mean_foundation= 32.0/52  lifetime_outcomes={'won': 63, 'stalled': 2, 'truncated': 91, 'other': 0}  rss= 2530.0MB  (2651s)
step   132000/400000  eps=0.439  episodes=  157  mean_return=1192.857  mean_loss=30.12459  mean_foundation= 13.0/52  lifetime_outcomes={'won': 63, 'stalled': 2, 'truncated': 92, 'other': 0}  rss= 2536.1MB  (2654s)
step   133000/400000  eps=0.435  episodes=  158  mean_return=394.286  mean_loss=30.26177  mean_foundation=  2.0/52  lifetime_outcomes={'won': 63, 'stalled': 2, 'truncated': 93, 'other': 0}  rss= 2540.1MB  (2657s)
step   134000/400000  eps=0.430  episodes=  160  mean_return=4658.744  mean_loss=28.57732  mean_foundation= 34.5/52  lifetime_outcomes={'won': 64, 'stalled': 2, 'truncated': 94, 'other': 0}  rss= 2544.1MB  (2661s)
step   135000/400000  eps=0.426  episodes=  162  mean_return=4440.844  mean_loss=28.72702  mean_foundation= 34.0/52  lifetime_outcomes={'won': 65, 'stalled': 2, 'truncated': 95, 'other': 0}  rss= 2548.1MB  (2664s)
step   136000/400000  eps=0.422  episodes=  163  mean_return=1400.476  mean_loss=28.44550  mean_foundation= 17.0/52  lifetime_outcomes={'won': 65, 'stalled': 2, 'truncated': 96, 'other': 0}  rss= 2550.1MB  (2667s)
step   137000/400000  eps=0.418  episodes=  164  mean_return=780.476  mean_loss=28.02491  mean_foundation= 15.0/52  lifetime_outcomes={'won': 65, 'stalled': 2, 'truncated': 97, 'other': 0}  rss= 2556.1MB  (2670s)
step   138000/400000  eps=0.414  episodes=  165  mean_return=822.381  mean_loss=27.42020  mean_foundation=  9.0/52  lifetime_outcomes={'won': 65, 'stalled': 2, 'truncated': 98, 'other': 0}  rss= 2558.1MB  (2674s)
step   139000/400000  eps=0.409  episodes=  167  mean_return=491.084  mean_loss=28.37163  mean_foundation=  4.0/52  lifetime_outcomes={'won': 65, 'stalled': 3, 'truncated': 99, 'other': 0}  rss= 2564.2MB  (2677s)
step   140000/400000  eps=0.405  episodes=  168  mean_return=1262.857  mean_loss=27.57367  mean_foundation= 11.0/52  lifetime_outcomes={'won': 65, 'stalled': 3, 'truncated': 100, 'other': 0}  rss= 2566.2MB  (2680s)
  EVAL  step   140000  win_rate=34.00%  mean_return=3340.589  mean_foundation= 25.4/52  mean_length=804.4  (greedy, 200 fixed deals)
step   141000/400000  eps=0.401  episodes=  169  mean_return=7948.114  mean_loss=27.00172  mean_foundation= 52.0/52  lifetime_outcomes={'won': 66, 'stalled': 3, 'truncated': 100, 'other': 0}  rss= 2570.2MB  (2844s)
step   142000/400000  eps=0.397  episodes=  170  mean_return=1176.190  mean_loss=27.21412  mean_foundation=  4.0/52  lifetime_outcomes={'won': 66, 'stalled': 3, 'truncated': 101, 'other': 0}  rss= 2574.2MB  (2848s)
step   143000/400000  eps=0.392  episodes=  171  mean_return=785.714  mean_loss=27.08538  mean_foundation=  3.0/52  lifetime_outcomes={'won': 66, 'stalled': 3, 'truncated': 102, 'other': 0}  rss= 2578.2MB  (2851s)
step   144000/400000  eps=0.388  episodes=  172  mean_return=1214.762  mean_loss=27.06952  mean_foundation= 20.0/52  lifetime_outcomes={'won': 66, 'stalled': 3, 'truncated': 103, 'other': 0}  rss= 2584.2MB  (2854s)
step   145000/400000  eps=0.384  episodes=  173  mean_return=690.000  mean_loss=26.49507  mean_foundation=  7.0/52  lifetime_outcomes={'won': 66, 'stalled': 3, 'truncated': 104, 'other': 0}  rss= 2586.2MB  (2858s)
step   146000/400000  eps=0.380  episodes=  174  mean_return=903.810  mean_loss=25.39201  mean_foundation= 12.0/52  lifetime_outcomes={'won': 66, 'stalled': 3, 'truncated': 105, 'other': 0}  rss= 2590.2MB  (2861s)
step   147000/400000  eps=0.375  episodes=  176  mean_return=7931.518  mean_loss=25.12771  mean_foundation= 52.0/52  lifetime_outcomes={'won': 68, 'stalled': 3, 'truncated': 105, 'other': 0}  rss= 2594.2MB  (2864s)
step   148000/400000  eps=0.371  episodes=  178  mean_return=7890.316  mean_loss=24.90484  mean_foundation= 52.0/52  lifetime_outcomes={'won': 70, 'stalled': 3, 'truncated': 105, 'other': 0}  rss= 2598.3MB  (2868s)
step   149000/400000  eps=0.367  episodes=  179  mean_return=7858.036  mean_loss=26.50788  mean_foundation= 52.0/52  lifetime_outcomes={'won': 71, 'stalled': 3, 'truncated': 105, 'other': 0}  rss= 2602.3MB  (2871s)
step   150000/400000  eps=0.363  episodes=  180  mean_return=811.905  mean_loss=25.73934  mean_foundation=  5.0/52  lifetime_outcomes={'won': 71, 'stalled': 3, 'truncated': 106, 'other': 0}  rss= 2606.3MB  (2874s)
  EVAL  step   150000  win_rate=33.00%  mean_return=3284.696  mean_foundation= 25.4/52  mean_length=833.7  (greedy, 200 fixed deals)
step   151000/400000  eps=0.358  episodes=  181  mean_return=881.905  mean_loss=24.55219  mean_foundation=  5.0/52  lifetime_outcomes={'won': 71, 'stalled': 3, 'truncated': 107, 'other': 0}  rss= 2610.3MB  (3041s)
step   152000/400000  eps=0.354  episodes=  183  mean_return=4288.072  mean_loss=24.16798  mean_foundation= 27.5/52  lifetime_outcomes={'won': 72, 'stalled': 3, 'truncated': 108, 'other': 0}  rss= 2614.3MB  (3045s)
step   153000/400000  eps=0.350  episodes=  185  mean_return=7853.309  mean_loss=24.32954  mean_foundation= 52.0/52  lifetime_outcomes={'won': 74, 'stalled': 3, 'truncated': 108, 'other': 0}  rss= 2618.4MB  (3048s)
step   154000/400000  eps=0.346  episodes=  186  mean_return=7926.632  mean_loss=24.80524  mean_foundation= 52.0/52  lifetime_outcomes={'won': 75, 'stalled': 3, 'truncated': 108, 'other': 0}  rss= 2622.4MB  (3052s)
step   155000/400000  eps=0.341  episodes=  187  mean_return=978.571  mean_loss=23.44862  mean_foundation= 10.0/52  lifetime_outcomes={'won': 75, 'stalled': 3, 'truncated': 109, 'other': 0}  rss= 2626.4MB  (3055s)
step   156000/400000  eps=0.337  episodes=  189  mean_return=4622.193  mean_loss=24.57403  mean_foundation= 32.5/52  lifetime_outcomes={'won': 76, 'stalled': 3, 'truncated': 110, 'other': 0}  rss= 2630.4MB  (3059s)
step   157000/400000  eps=0.333  episodes=  190  mean_return=311.429  mean_loss=23.75294  mean_foundation= 14.0/52  lifetime_outcomes={'won': 76, 'stalled': 3, 'truncated': 111, 'other': 0}  rss= 2634.4MB  (3062s)
step   158000/400000  eps=0.329  episodes=  191  mean_return=685.238  mean_loss=23.30338  mean_foundation=  7.0/52  lifetime_outcomes={'won': 76, 'stalled': 3, 'truncated': 112, 'other': 0}  rss= 2638.4MB  (3065s)
step   159000/400000  eps=0.324  episodes=  192  mean_return=1123.810  mean_loss=22.81170  mean_foundation= 13.0/52  lifetime_outcomes={'won': 76, 'stalled': 3, 'truncated': 113, 'other': 0}  rss= 2642.4MB  (3069s)
step   160000/400000  eps=0.320  episodes=  193  mean_return=1849.524  mean_loss=22.59634  mean_foundation= 22.0/52  lifetime_outcomes={'won': 76, 'stalled': 3, 'truncated': 114, 'other': 0}  rss= 2646.5MB  (3072s)
  EVAL  step   160000  win_rate=27.50%  mean_return=2892.331  mean_foundation= 23.5/52  mean_length=825.7  (greedy, 200 fixed deals)
step   161000/400000  eps=0.316  episodes=  195  mean_return=693.380  mean_loss=23.12912  mean_foundation= 11.0/52  lifetime_outcomes={'won': 76, 'stalled': 4, 'truncated': 115, 'other': 0}  rss= 2650.5MB  (3239s)
step   162000/400000  eps=0.311  episodes=  196  mean_return=7870.142  mean_loss=22.09995  mean_foundation= 52.0/52  lifetime_outcomes={'won': 77, 'stalled': 4, 'truncated': 115, 'other': 0}  rss= 2654.5MB  (3242s)
step   163000/400000  eps=0.307  episodes=  198  mean_return=4632.916  mean_loss=21.93624  mean_foundation= 33.0/52  lifetime_outcomes={'won': 78, 'stalled': 4, 'truncated': 116, 'other': 0}  rss= 2656.5MB  (3246s)
step   164000/400000  eps=0.303  episodes=  199  mean_return=7964.213  mean_loss=23.21119  mean_foundation= 52.0/52  lifetime_outcomes={'won': 79, 'stalled': 4, 'truncated': 116, 'other': 0}  rss= 2662.6MB  (3249s)
step   165000/400000  eps=0.299  episodes=  201  mean_return=4372.501  mean_loss=22.03406  mean_foundation= 30.0/52  lifetime_outcomes={'won': 80, 'stalled': 4, 'truncated': 117, 'other': 0}  rss= 2666.6MB  (3253s)
step   166000/400000  eps=0.295  episodes=  202  mean_return=7909.144  mean_loss=21.47817  mean_foundation= 52.0/52  lifetime_outcomes={'won': 81, 'stalled': 4, 'truncated': 117, 'other': 0}  rss= 2670.6MB  (3256s)
step   167000/400000  eps=0.290  episodes=  203  mean_return=953.810  mean_loss=22.39984  mean_foundation=  8.0/52  lifetime_outcomes={'won': 81, 'stalled': 4, 'truncated': 118, 'other': 0}  rss= 2674.6MB  (3260s)
step   168000/400000  eps=0.286  episodes=  204  mean_return=747.619  mean_loss=21.93126  mean_foundation=  7.0/52  lifetime_outcomes={'won': 81, 'stalled': 4, 'truncated': 119, 'other': 0}  rss= 2676.6MB  (3263s)
step   169000/400000  eps=0.282  episodes=  207  mean_return=7880.945  mean_loss=21.32466  mean_foundation= 52.0/52  lifetime_outcomes={'won': 84, 'stalled': 4, 'truncated': 119, 'other': 0}  rss= 2682.6MB  (3267s)
step   170000/400000  eps=0.278  episodes=  208  mean_return=1661.905  mean_loss=20.78977  mean_foundation= 16.0/52  lifetime_outcomes={'won': 84, 'stalled': 4, 'truncated': 120, 'other': 0}  rss= 2684.6MB  (3270s)
  EVAL  step   170000  win_rate=6.50%  mean_return=1750.465  mean_foundation= 17.6/52  mean_length=979.5  (greedy, 200 fixed deals)
step   171000/400000  eps=0.273  episodes=  209  mean_return=7981.250  mean_loss=22.07545  mean_foundation= 52.0/52  lifetime_outcomes={'won': 85, 'stalled': 4, 'truncated': 120, 'other': 0}  rss= 2690.6MB  (3460s)
step   172000/400000  eps=0.269  episodes=  210  mean_return=7863.677  mean_loss=21.29498  mean_foundation= 52.0/52  lifetime_outcomes={'won': 86, 'stalled': 4, 'truncated': 120, 'other': 0}  rss= 2692.7MB  (3463s)
step   173000/400000  eps=0.265  episodes=  211  mean_return=395.238  mean_loss=21.26879  mean_foundation=  8.0/52  lifetime_outcomes={'won': 86, 'stalled': 4, 'truncated': 121, 'other': 0}  rss= 2696.7MB  (3467s)
step   174000/400000  eps=0.261  episodes=  212  mean_return=945.238  mean_loss=20.55431  mean_foundation= 14.0/52  lifetime_outcomes={'won': 86, 'stalled': 4, 'truncated': 122, 'other': 0}  rss= 2700.7MB  (3470s)
step   175000/400000  eps=0.256  episodes=  213  mean_return=412.381  mean_loss=19.77529  mean_foundation=  6.0/52  lifetime_outcomes={'won': 86, 'stalled': 4, 'truncated': 123, 'other': 0}  rss= 2704.8MB  (3474s)
step   176000/400000  eps=0.252  episodes=  214  mean_return=626.667  mean_loss=20.80007  mean_foundation=  8.0/52  lifetime_outcomes={'won': 86, 'stalled': 4, 'truncated': 124, 'other': 0}  rss= 2710.8MB  (3478s)
step   177000/400000  eps=0.248  episodes=  215  mean_return=704.286  mean_loss=20.46066  mean_foundation=  8.0/52  lifetime_outcomes={'won': 86, 'stalled': 4, 'truncated': 125, 'other': 0}  rss= 2712.8MB  (3481s)
step   178000/400000  eps=0.244  episodes=  216  mean_return=939.048  mean_loss=19.67301  mean_foundation= 13.0/52  lifetime_outcomes={'won': 86, 'stalled': 4, 'truncated': 126, 'other': 0}  rss= 2716.8MB  (3485s)
step   179000/400000  eps=0.239  episodes=  217  mean_return=1112.381  mean_loss=18.60028  mean_foundation= 14.0/52  lifetime_outcomes={'won': 86, 'stalled': 4, 'truncated': 127, 'other': 0}  rss= 2720.9MB  (3488s)
step   180000/400000  eps=0.235  episodes=  219  mean_return=4174.463  mean_loss=19.05634  mean_foundation= 31.0/52  lifetime_outcomes={'won': 87, 'stalled': 4, 'truncated': 128, 'other': 0}  rss= 2724.9MB  (3492s)
  EVAL  step   180000  win_rate=13.00%  mean_return=2123.191  mean_foundation= 19.5/52  mean_length=950.7  (greedy, 200 fixed deals)
step   181000/400000  eps=0.231  episodes=  220  mean_return=7943.635  mean_loss=20.24796  mean_foundation= 52.0/52  lifetime_outcomes={'won': 88, 'stalled': 4, 'truncated': 128, 'other': 0}  rss= 2728.9MB  (3679s)
step   182000/400000  eps=0.227  episodes=  221  mean_return=893.810  mean_loss=19.72979  mean_foundation=  6.0/52  lifetime_outcomes={'won': 88, 'stalled': 4, 'truncated': 129, 'other': 0}  rss= 2732.9MB  (3682s)
step   183000/400000  eps=0.222  episodes=  222  mean_return=1463.333  mean_loss=18.87406  mean_foundation= 18.0/52  lifetime_outcomes={'won': 88, 'stalled': 4, 'truncated': 130, 'other': 0}  rss= 2739.0MB  (3686s)
step   184000/400000  eps=0.218  episodes=  223  mean_return=2443.333  mean_loss=18.36481  mean_foundation= 42.0/52  lifetime_outcomes={'won': 88, 'stalled': 4, 'truncated': 131, 'other': 0}  rss= 2741.0MB  (3689s)
step   185000/400000  eps=0.214  episodes=  224  mean_return=1531.905  mean_loss=19.06833  mean_foundation= 19.0/52  lifetime_outcomes={'won': 88, 'stalled': 4, 'truncated': 132, 'other': 0}  rss= 2745.0MB  (3693s)
step   186000/400000  eps=0.210  episodes=  225  mean_return=189.524  mean_loss=18.47267  mean_foundation=  4.0/52  lifetime_outcomes={'won': 88, 'stalled': 4, 'truncated': 133, 'other': 0}  rss= 2749.0MB  (3697s)
step   187000/400000  eps=0.205  episodes=  226  mean_return=7948.014  mean_loss=18.14312  mean_foundation= 52.0/52  lifetime_outcomes={'won': 89, 'stalled': 4, 'truncated': 133, 'other': 0}  rss= 2753.0MB  (3700s)
step   188000/400000  eps=0.201  episodes=  227  mean_return=586.190  mean_loss=17.49571  mean_foundation=  7.0/52  lifetime_outcomes={'won': 89, 'stalled': 4, 'truncated': 134, 'other': 0}  rss= 2757.1MB  (3704s)
step   189000/400000  eps=0.197  episodes=  228  mean_return=484.286  mean_loss=17.74035  mean_foundation=  8.0/52  lifetime_outcomes={'won': 89, 'stalled': 4, 'truncated': 135, 'other': 0}  rss= 2761.1MB  (3707s)
step   190000/400000  eps=0.193  episodes=  230  mean_return=4582.944  mean_loss=17.61068  mean_foundation= 31.0/52  lifetime_outcomes={'won': 90, 'stalled': 4, 'truncated': 136, 'other': 0}  rss= 2765.1MB  (3711s)
  EVAL  step   190000  win_rate=30.00%  mean_return=3122.816  mean_foundation= 24.8/52  mean_length=854.9  (greedy, 200 fixed deals)
step   191000/400000  eps=0.188  episodes=  231  mean_return=771.429  mean_loss=17.45268  mean_foundation= 14.0/52  lifetime_outcomes={'won': 90, 'stalled': 4, 'truncated': 137, 'other': 0}  rss= 2769.1MB  (3883s)
step   192000/400000  eps=0.184  episodes=  232  mean_return=1148.095  mean_loss=17.76838  mean_foundation= 21.0/52  lifetime_outcomes={'won': 90, 'stalled': 4, 'truncated': 138, 'other': 0}  rss= 2773.2MB  (3887s)
step   193000/400000  eps=0.180  episodes=  234  mean_return=720.752  mean_loss=17.46083  mean_foundation=  7.5/52  lifetime_outcomes={'won': 90, 'stalled': 5, 'truncated': 139, 'other': 0}  rss= 2777.2MB  (3890s)
step   194000/400000  eps=0.175  episodes=  235  mean_return=1307.619  mean_loss=17.01527  mean_foundation= 14.0/52  lifetime_outcomes={'won': 90, 'stalled': 5, 'truncated': 140, 'other': 0}  rss= 2781.2MB  (3894s)
step   195000/400000  eps=0.171  episodes=  237  mean_return=7950.590  mean_loss=17.10943  mean_foundation= 52.0/52  lifetime_outcomes={'won': 92, 'stalled': 5, 'truncated': 140, 'other': 0}  rss= 2783.2MB  (3897s)
step   196000/400000  eps=0.167  episodes=  238  mean_return=155.714  mean_loss=16.44466  mean_foundation=  6.0/52  lifetime_outcomes={'won': 92, 'stalled': 5, 'truncated': 141, 'other': 0}  rss= 2789.2MB  (3901s)
step   197000/400000  eps=0.163  episodes=  239  mean_return=431.905  mean_loss=16.63426  mean_foundation=  6.0/52  lifetime_outcomes={'won': 92, 'stalled': 5, 'truncated': 142, 'other': 0}  rss= 2791.3MB  (3904s)
step   198000/400000  eps=0.158  episodes=  240  mean_return=331.905  mean_loss=16.28274  mean_foundation=  8.0/52  lifetime_outcomes={'won': 92, 'stalled': 5, 'truncated': 143, 'other': 0}  rss= 2795.8MB  (3908s)
step   199000/400000  eps=0.154  episodes=  241  mean_return=7928.580  mean_loss=16.02893  mean_foundation= 52.0/52  lifetime_outcomes={'won': 93, 'stalled': 5, 'truncated': 143, 'other': 0}  rss= 2798.4MB  (3911s)
step   200000/400000  eps=0.150  episodes=  243  mean_return=7956.509  mean_loss=15.79349  mean_foundation= 52.0/52  lifetime_outcomes={'won': 95, 'stalled': 5, 'truncated': 143, 'other': 0}  rss= 2800.5MB  (3915s)
  EVAL  step   200000  win_rate=27.00%  mean_return=2917.087  mean_foundation= 23.4/52  mean_length=874.9  (greedy, 200 fixed deals)
step   201000/400000  eps=0.150  episodes=  244  mean_return=536.190  mean_loss=16.16870  mean_foundation=  8.0/52  lifetime_outcomes={'won': 95, 'stalled': 5, 'truncated': 144, 'other': 0}  rss= 2800.5MB  (4092s)
step   202000/400000  eps=0.150  episodes=  245  mean_return=1427.143  mean_loss=15.86615  mean_foundation= 14.0/52  lifetime_outcomes={'won': 95, 'stalled': 5, 'truncated': 145, 'other': 0}  rss= 2800.5MB  (4096s)
step   203000/400000  eps=0.150  episodes=  247  mean_return=7936.107  mean_loss=16.86566  mean_foundation= 52.0/52  lifetime_outcomes={'won': 97, 'stalled': 5, 'truncated': 145, 'other': 0}  rss= 2800.5MB  (4099s)
step   204000/400000  eps=0.150  episodes=  249  mean_return=4136.741  mean_loss=15.99135  mean_foundation= 28.5/52  lifetime_outcomes={'won': 98, 'stalled': 5, 'truncated': 146, 'other': 0}  rss= 2800.5MB  (4103s)
step   205000/400000  eps=0.150  episodes=  250  mean_return=590.476  mean_loss=16.15233  mean_foundation= 11.0/52  lifetime_outcomes={'won': 98, 'stalled': 5, 'truncated': 147, 'other': 0}  rss= 2800.5MB  (4106s)
step   206000/400000  eps=0.150  episodes=  251  mean_return=490.000  mean_loss=15.89721  mean_foundation=  5.0/52  lifetime_outcomes={'won': 98, 'stalled': 5, 'truncated': 148, 'other': 0}  rss= 2800.5MB  (4110s)
step   207000/400000  eps=0.150  episodes=  252  mean_return=7948.105  mean_loss=15.53853  mean_foundation= 52.0/52  lifetime_outcomes={'won': 99, 'stalled': 5, 'truncated': 148, 'other': 0}  rss= 2800.5MB  (4113s)
step   208000/400000  eps=0.150  episodes=  253  mean_return=1162.857  mean_loss=15.35048  mean_foundation=  7.0/52  lifetime_outcomes={'won': 99, 'stalled': 5, 'truncated': 149, 'other': 0}  rss= 2800.5MB  (4117s)
step   209000/400000  eps=0.150  episodes=  254  mean_return=1463.810  mean_loss=15.71229  mean_foundation= 10.0/52  lifetime_outcomes={'won': 99, 'stalled': 5, 'truncated': 150, 'other': 0}  rss= 2800.5MB  (4120s)
step   210000/400000  eps=0.150  episodes=  255  mean_return= 61.905  mean_loss=14.99226  mean_foundation=  2.0/52  lifetime_outcomes={'won': 99, 'stalled': 5, 'truncated': 151, 'other': 0}  rss= 2800.5MB  (4123s)
  EVAL  step   210000  win_rate=32.50%  mean_return=3256.115  mean_foundation= 24.9/52  mean_length=853.8  (greedy, 200 fixed deals)
step   211000/400000  eps=0.150  episodes=  256  mean_return=570.952  mean_loss=15.20905  mean_foundation=  6.0/52  lifetime_outcomes={'won': 99, 'stalled': 5, 'truncated': 152, 'other': 0}  rss= 2800.5MB  (4291s)
step   212000/400000  eps=0.150  episodes=  257  mean_return=1248.571  mean_loss=15.01054  mean_foundation= 14.0/52  lifetime_outcomes={'won': 99, 'stalled': 5, 'truncated': 153, 'other': 0}  rss= 2800.5MB  (4294s)
step   213000/400000  eps=0.150  episodes=  258  mean_return=1235.238  mean_loss=15.36846  mean_foundation=  9.0/52  lifetime_outcomes={'won': 99, 'stalled': 5, 'truncated': 154, 'other': 0}  rss= 2800.5MB  (4298s)
step   214000/400000  eps=0.150  episodes=  259  mean_return=956.190  mean_loss=14.90890  mean_foundation=  9.0/52  lifetime_outcomes={'won': 99, 'stalled': 5, 'truncated': 155, 'other': 0}  rss= 2800.5MB  (4301s)
step   215000/400000  eps=0.150  episodes=  261  mean_return=4230.122  mean_loss=15.13690  mean_foundation= 29.5/52  lifetime_outcomes={'won': 100, 'stalled': 5, 'truncated': 156, 'other': 0}  rss= 2800.5MB  (4305s)
step   216000/400000  eps=0.150  episodes=  262  mean_return=606.667  mean_loss=14.92247  mean_foundation=  4.0/52  lifetime_outcomes={'won': 100, 'stalled': 5, 'truncated': 157, 'other': 0}  rss= 2800.5MB  (4309s)
step   217000/400000  eps=0.150  episodes=  263  mean_return=1372.857  mean_loss=14.59069  mean_foundation= 13.0/52  lifetime_outcomes={'won': 100, 'stalled': 5, 'truncated': 158, 'other': 0}  rss= 2800.5MB  (4312s)
step   218000/400000  eps=0.150  episodes=  264  mean_return=525.238  mean_loss=15.14335  mean_foundation=  2.0/52  lifetime_outcomes={'won': 100, 'stalled': 5, 'truncated': 159, 'other': 0}  rss= 2800.5MB  (4316s)
step   219000/400000  eps=0.150  episodes=  265  mean_return=7948.247  mean_loss=14.35050  mean_foundation= 52.0/52  lifetime_outcomes={'won': 101, 'stalled': 5, 'truncated': 159, 'other': 0}  rss= 2800.5MB  (4319s)
step   220000/400000  eps=0.150  episodes=  267  mean_return=4622.683  mean_loss=14.36787  mean_foundation= 34.0/52  lifetime_outcomes={'won': 102, 'stalled': 5, 'truncated': 160, 'other': 0}  rss= 2800.5MB  (4323s)
  EVAL  step   220000  win_rate=27.00%  mean_return=2922.456  mean_foundation= 23.0/52  mean_length=889.4  (greedy, 200 fixed deals)
step   221000/400000  eps=0.150  episodes=  268  mean_return=756.667  mean_loss=14.17040  mean_foundation=  9.0/52  lifetime_outcomes={'won': 102, 'stalled': 5, 'truncated': 161, 'other': 0}  rss= 2800.5MB  (4504s)
step   222000/400000  eps=0.150  episodes=  269  mean_return=703.333  mean_loss=13.84774  mean_foundation=  8.0/52  lifetime_outcomes={'won': 102, 'stalled': 5, 'truncated': 162, 'other': 0}  rss= 2800.5MB  (4508s)
step   223000/400000  eps=0.150  episodes=  270  mean_return=140.952  mean_loss=14.15456  mean_foundation=  1.0/52  lifetime_outcomes={'won': 102, 'stalled': 5, 'truncated': 163, 'other': 0}  rss= 2800.5MB  (4511s)
step   224000/400000  eps=0.150  episodes=  271  mean_return=7916.616  mean_loss=14.10886  mean_foundation= 52.0/52  lifetime_outcomes={'won': 103, 'stalled': 5, 'truncated': 163, 'other': 0}  rss= 2800.5MB  (4515s)
step   225000/400000  eps=0.150  episodes=  272  mean_return=1059.048  mean_loss=13.99253  mean_foundation= 14.0/52  lifetime_outcomes={'won': 103, 'stalled': 5, 'truncated': 164, 'other': 0}  rss= 2800.5MB  (4518s)
step   226000/400000  eps=0.150  episodes=  273  mean_return=1387.143  mean_loss=14.23242  mean_foundation= 12.0/52  lifetime_outcomes={'won': 103, 'stalled': 5, 'truncated': 165, 'other': 0}  rss= 2800.5MB  (4522s)
step   227000/400000  eps=0.150  episodes=  274  mean_return=1160.952  mean_loss=13.75204  mean_foundation= 12.0/52  lifetime_outcomes={'won': 103, 'stalled': 5, 'truncated': 166, 'other': 0}  rss= 2800.5MB  (4525s)
step   228000/400000  eps=0.150  episodes=  276  mean_return=7923.288  mean_loss=13.72083  mean_foundation= 52.0/52  lifetime_outcomes={'won': 105, 'stalled': 5, 'truncated': 166, 'other': 0}  rss= 2800.5MB  (4529s)
step   229000/400000  eps=0.150  episodes=  277  mean_return=870.952  mean_loss=13.60202  mean_foundation= 10.0/52  lifetime_outcomes={'won': 105, 'stalled': 5, 'truncated': 167, 'other': 0}  rss= 2800.5MB  (4532s)
step   230000/400000  eps=0.150  episodes=  279  mean_return=4433.180  mean_loss=13.19740  mean_foundation= 29.5/52  lifetime_outcomes={'won': 106, 'stalled': 5, 'truncated': 168, 'other': 0}  rss= 2800.5MB  (4536s)
  EVAL  step   230000  win_rate=31.50%  mean_return=3197.381  mean_foundation= 24.6/52  mean_length=843.6  (greedy, 200 fixed deals)
step   231000/400000  eps=0.150  episodes=  280  mean_return=8007.260  mean_loss=12.91514  mean_foundation= 52.0/52  lifetime_outcomes={'won': 107, 'stalled': 5, 'truncated': 168, 'other': 0}  rss= 2800.5MB  (4715s)
step   232000/400000  eps=0.150  episodes=  281  mean_return=1785.238  mean_loss=12.91699  mean_foundation= 25.0/52  lifetime_outcomes={'won': 107, 'stalled': 5, 'truncated': 169, 'other': 0}  rss= 2800.5MB  (4719s)
step   233000/400000  eps=0.150  episodes=  284  mean_return=7922.510  mean_loss=13.10235  mean_foundation= 52.0/52  lifetime_outcomes={'won': 110, 'stalled': 5, 'truncated': 169, 'other': 0}  rss= 2800.5MB  (4722s)
step   234000/400000  eps=0.150  episodes=  285  mean_return=264.286  mean_loss=13.05095  mean_foundation=  4.0/52  lifetime_outcomes={'won': 110, 'stalled': 5, 'truncated': 170, 'other': 0}  rss= 2800.5MB  (4726s)
step   235000/400000  eps=0.150  episodes=  286  mean_return=7727.827  mean_loss=13.02647  mean_foundation= 52.0/52  lifetime_outcomes={'won': 111, 'stalled': 5, 'truncated': 170, 'other': 0}  rss= 2800.5MB  (4729s)
step   236000/400000  eps=0.150  episodes=  288  mean_return=7907.727  mean_loss=12.68651  mean_foundation= 52.0/52  lifetime_outcomes={'won': 113, 'stalled': 5, 'truncated': 170, 'other': 0}  rss= 2800.5MB  (4733s)
step   237000/400000  eps=0.150  episodes=  290  mean_return=7974.035  mean_loss=12.53549  mean_foundation= 52.0/52  lifetime_outcomes={'won': 115, 'stalled': 5, 'truncated': 170, 'other': 0}  rss= 2800.5MB  (4736s)
step   238000/400000  eps=0.150  episodes=  291  mean_return=1712.381  mean_loss=12.39992  mean_foundation= 22.0/52  lifetime_outcomes={'won': 115, 'stalled': 5, 'truncated': 171, 'other': 0}  rss= 2800.5MB  (4740s)
step   239000/400000  eps=0.150  episodes=  292  mean_return=780.476  mean_loss=11.42013  mean_foundation=  6.0/52  lifetime_outcomes={'won': 115, 'stalled': 5, 'truncated': 172, 'other': 0}  rss= 2800.5MB  (4743s)
step   240000/400000  eps=0.150  episodes=  293  mean_return=678.571  mean_loss=12.10804  mean_foundation= 11.0/52  lifetime_outcomes={'won': 115, 'stalled': 5, 'truncated': 173, 'other': 0}  rss= 2800.5MB  (4747s)
  EVAL  step   240000  win_rate=29.50%  mean_return=3024.197  mean_foundation= 23.8/52  mean_length=841.5  (greedy, 200 fixed deals)
step   241000/400000  eps=0.150  episodes=  294  mean_return=1270.952  mean_loss=12.15938  mean_foundation=  9.0/52  lifetime_outcomes={'won': 115, 'stalled': 5, 'truncated': 174, 'other': 0}  rss= 2800.5MB  (4916s)
step   242000/400000  eps=0.150  episodes=  296  mean_return=7912.572  mean_loss=12.05200  mean_foundation= 52.0/52  lifetime_outcomes={'won': 117, 'stalled': 5, 'truncated': 174, 'other': 0}  rss= 2800.5MB  (4920s)
step   243000/400000  eps=0.150  episodes=  297  mean_return=555.714  mean_loss=11.57891  mean_foundation=  6.0/52  lifetime_outcomes={'won': 117, 'stalled': 5, 'truncated': 175, 'other': 0}  rss= 2800.5MB  (4924s)
step   244000/400000  eps=0.150  episodes=  299  mean_return=4374.367  mean_loss=11.63518  mean_foundation= 31.0/52  lifetime_outcomes={'won': 118, 'stalled': 5, 'truncated': 176, 'other': 0}  rss= 2800.5MB  (4928s)
step   245000/400000  eps=0.150  episodes=  300  mean_return=1536.190  mean_loss=11.41803  mean_foundation= 13.0/52  lifetime_outcomes={'won': 118, 'stalled': 5, 'truncated': 177, 'other': 0}  rss= 2800.5MB  (4932s)
step   246000/400000  eps=0.150  episodes=  301  mean_return=1822.381  mean_loss=11.09675  mean_foundation= 27.0/52  lifetime_outcomes={'won': 118, 'stalled': 5, 'truncated': 178, 'other': 0}  rss= 2800.5MB  (4935s)
step   247000/400000  eps=0.150  episodes=  302  mean_return=1887.143  mean_loss=10.77508  mean_foundation= 22.0/52  lifetime_outcomes={'won': 118, 'stalled': 5, 'truncated': 179, 'other': 0}  rss= 2800.5MB  (4939s)
step   248000/400000  eps=0.150  episodes=  303  mean_return=1053.810  mean_loss=10.60955  mean_foundation= 12.0/52  lifetime_outcomes={'won': 118, 'stalled': 5, 'truncated': 180, 'other': 0}  rss= 2800.5MB  (4942s)
step   249000/400000  eps=0.150  episodes=  305  mean_return=7979.441  mean_loss=10.51822  mean_foundation= 52.0/52  lifetime_outcomes={'won': 120, 'stalled': 5, 'truncated': 180, 'other': 0}  rss= 2800.5MB  (4946s)
step   250000/400000  eps=0.150  episodes=  307  mean_return=7939.243  mean_loss=10.80371  mean_foundation= 52.0/52  lifetime_outcomes={'won': 122, 'stalled': 5, 'truncated': 180, 'other': 0}  rss= 2800.5MB  (4949s)
  EVAL  step   250000  win_rate=13.50%  mean_return=2130.987  mean_foundation= 19.7/52  mean_length=953.0  (greedy, 200 fixed deals)
step   251000/400000  eps=0.150  episodes=  308  mean_return=808.571  mean_loss=10.62571  mean_foundation=  5.0/52  lifetime_outcomes={'won': 122, 'stalled': 5, 'truncated': 181, 'other': 0}  rss= 2800.5MB  (5149s)
step   252000/400000  eps=0.150  episodes=  309  mean_return=445.238  mean_loss=10.34851  mean_foundation=  4.0/52  lifetime_outcomes={'won': 122, 'stalled': 5, 'truncated': 182, 'other': 0}  rss= 2800.5MB  (5152s)
step   253000/400000  eps=0.150  episodes=  310  mean_return=1153.333  mean_loss=10.27725  mean_foundation= 12.0/52  lifetime_outcomes={'won': 122, 'stalled': 5, 'truncated': 183, 'other': 0}  rss= 2800.5MB  (5156s)
step   254000/400000  eps=0.150  episodes=  311  mean_return=600.000  mean_loss=10.42693  mean_foundation=  4.0/52  lifetime_outcomes={'won': 122, 'stalled': 5, 'truncated': 184, 'other': 0}  rss= 2800.5MB  (5159s)
step   255000/400000  eps=0.150  episodes=  312  mean_return=7867.820  mean_loss=10.26505  mean_foundation= 52.0/52  lifetime_outcomes={'won': 123, 'stalled': 5, 'truncated': 184, 'other': 0}  rss= 2800.5MB  (5163s)
step   256000/400000  eps=0.150  episodes=  314  mean_return=7907.141  mean_loss=10.31779  mean_foundation= 52.0/52  lifetime_outcomes={'won': 125, 'stalled': 5, 'truncated': 184, 'other': 0}  rss= 2800.5MB  (5167s)
step   257000/400000  eps=0.150  episodes=  316  mean_return=4640.289  mean_loss= 9.75849  mean_foundation= 32.5/52  lifetime_outcomes={'won': 126, 'stalled': 5, 'truncated': 185, 'other': 0}  rss= 2800.5MB  (5170s)
step   258000/400000  eps=0.150  episodes=  317  mean_return=956.190  mean_loss= 9.39101  mean_foundation= 11.0/52  lifetime_outcomes={'won': 126, 'stalled': 5, 'truncated': 186, 'other': 0}  rss= 2800.5MB  (5174s)
step   259000/400000  eps=0.150  episodes=  318  mean_return=581.429  mean_loss= 9.48467  mean_foundation=  2.0/52  lifetime_outcomes={'won': 126, 'stalled': 5, 'truncated': 187, 'other': 0}  rss= 2800.5MB  (5178s)
step   260000/400000  eps=0.150  episodes=  319  mean_return=7873.709  mean_loss= 9.42757  mean_foundation= 52.0/52  lifetime_outcomes={'won': 127, 'stalled': 5, 'truncated': 187, 'other': 0}  rss= 2800.5MB  (5181s)
  EVAL  step   260000  win_rate=30.50%  mean_return=3118.337  mean_foundation= 23.9/52  mean_length=841.8  (greedy, 200 fixed deals)
step   261000/400000  eps=0.150  episodes=  320  mean_return=782.381  mean_loss= 9.18180  mean_foundation= 12.0/52  lifetime_outcomes={'won': 127, 'stalled': 5, 'truncated': 188, 'other': 0}  rss= 2800.5MB  (5347s)
step   262000/400000  eps=0.150  episodes=  321  mean_return=468.095  mean_loss= 9.05482  mean_foundation=  5.0/52  lifetime_outcomes={'won': 127, 'stalled': 5, 'truncated': 189, 'other': 0}  rss= 2800.5MB  (5350s)
step   263000/400000  eps=0.150  episodes=  323  mean_return=4772.737  mean_loss= 9.16371  mean_foundation= 36.0/52  lifetime_outcomes={'won': 128, 'stalled': 5, 'truncated': 190, 'other': 0}  rss= 2800.5MB  (5354s)
step   264000/400000  eps=0.150  episodes=  324  mean_return=8049.709  mean_loss= 8.71384  mean_foundation= 52.0/52  lifetime_outcomes={'won': 129, 'stalled': 5, 'truncated': 190, 'other': 0}  rss= 2800.5MB  (5358s)
step   265000/400000  eps=0.150  episodes=  325  mean_return=1479.524  mean_loss= 8.71439  mean_foundation= 21.0/52  lifetime_outcomes={'won': 129, 'stalled': 5, 'truncated': 191, 'other': 0}  rss= 2800.5MB  (5361s)
step   266000/400000  eps=0.150  episodes=  326  mean_return=7988.737  mean_loss= 9.10366  mean_foundation= 52.0/52  lifetime_outcomes={'won': 130, 'stalled': 5, 'truncated': 191, 'other': 0}  rss= 2800.5MB  (5365s)
step   267000/400000  eps=0.150  episodes=  327  mean_return=644.286  mean_loss= 8.42760  mean_foundation=  7.0/52  lifetime_outcomes={'won': 130, 'stalled': 5, 'truncated': 192, 'other': 0}  rss= 2800.5MB  (5368s)
step   268000/400000  eps=0.150  episodes=  328  mean_return=993.333  mean_loss= 8.33134  mean_foundation= 11.0/52  lifetime_outcomes={'won': 130, 'stalled': 5, 'truncated': 193, 'other': 0}  rss= 2800.5MB  (5371s)
step   269000/400000  eps=0.150  episodes=  329  mean_return=567.143  mean_loss= 8.58202  mean_foundation=  1.0/52  lifetime_outcomes={'won': 130, 'stalled': 5, 'truncated': 194, 'other': 0}  rss= 2800.5MB  (5375s)
step   270000/400000  eps=0.150  episodes=  330  mean_return=1665.714  mean_loss= 8.10139  mean_foundation= 25.0/52  lifetime_outcomes={'won': 130, 'stalled': 5, 'truncated': 195, 'other': 0}  rss= 2800.5MB  (5379s)
  EVAL  step   270000  win_rate=21.50%  mean_return=2613.948  mean_foundation= 21.8/52  mean_length=934.5  (greedy, 200 fixed deals)
step   271000/400000  eps=0.150  episodes=  331  mean_return=530.000  mean_loss= 8.26851  mean_foundation= 11.0/52  lifetime_outcomes={'won': 130, 'stalled': 5, 'truncated': 196, 'other': 0}  rss= 2800.5MB  (5561s)
step   272000/400000  eps=0.150  episodes=  332  mean_return=1755.714  mean_loss= 8.23735  mean_foundation= 21.0/52  lifetime_outcomes={'won': 130, 'stalled': 5, 'truncated': 197, 'other': 0}  rss= 2800.5MB  (5565s)
step   273000/400000  eps=0.150  episodes=  333  mean_return=1856.667  mean_loss= 7.91964  mean_foundation= 27.0/52  lifetime_outcomes={'won': 130, 'stalled': 5, 'truncated': 198, 'other': 0}  rss= 2800.5MB  (5568s)
step   274000/400000  eps=0.150  episodes=  334  mean_return=896.190  mean_loss= 8.19497  mean_foundation=  5.0/52  lifetime_outcomes={'won': 130, 'stalled': 5, 'truncated': 199, 'other': 0}  rss= 2800.5MB  (5572s)
step   275000/400000  eps=0.150  episodes=  336  mean_return=4109.904  mean_loss= 7.64217  mean_foundation= 30.0/52  lifetime_outcomes={'won': 131, 'stalled': 5, 'truncated': 200, 'other': 0}  rss= 2800.5MB  (5575s)
step   276000/400000  eps=0.150  episodes=  337  mean_return=549.524  mean_loss= 7.73148  mean_foundation=  5.0/52  lifetime_outcomes={'won': 131, 'stalled': 5, 'truncated': 201, 'other': 0}  rss= 2800.5MB  (5579s)
step   277000/400000  eps=0.150  episodes=  338  mean_return=1266.667  mean_loss= 7.46146  mean_foundation= 15.0/52  lifetime_outcomes={'won': 131, 'stalled': 5, 'truncated': 202, 'other': 0}  rss= 2800.5MB  (5582s)
step   278000/400000  eps=0.150  episodes=  339  mean_return=150.000  mean_loss= 7.47862  mean_foundation=  0.0/52  lifetime_outcomes={'won': 131, 'stalled': 5, 'truncated': 203, 'other': 0}  rss= 2800.5MB  (5586s)
step   279000/400000  eps=0.150  episodes=  341  mean_return=4327.450  mean_loss= 7.79690  mean_foundation= 27.5/52  lifetime_outcomes={'won': 132, 'stalled': 5, 'truncated': 204, 'other': 0}  rss= 2800.5MB  (5589s)
step   280000/400000  eps=0.150  episodes=  342  mean_return=7953.097  mean_loss= 7.41352  mean_foundation= 52.0/52  lifetime_outcomes={'won': 133, 'stalled': 5, 'truncated': 204, 'other': 0}  rss= 2800.5MB  (5593s)
  EVAL  step   280000  win_rate=31.00%  mean_return=3209.141  mean_foundation= 25.6/52  mean_length=854.7  (greedy, 200 fixed deals)
step   281000/400000  eps=0.150  episodes=  343  mean_return=1348.095  mean_loss= 7.26075  mean_foundation=  8.0/52  lifetime_outcomes={'won': 133, 'stalled': 5, 'truncated': 205, 'other': 0}  rss= 2800.5MB  (5765s)
step   282000/400000  eps=0.150  episodes=  344  mean_return=1040.000  mean_loss= 7.52217  mean_foundation=  6.0/52  lifetime_outcomes={'won': 133, 'stalled': 5, 'truncated': 206, 'other': 0}  rss= 2800.5MB  (5768s)
step   283000/400000  eps=0.150  episodes=  347  mean_return=5567.333  mean_loss= 7.50234  mean_foundation= 37.0/52  lifetime_outcomes={'won': 135, 'stalled': 5, 'truncated': 207, 'other': 0}  rss= 2800.5MB  (5772s)
step   284000/400000  eps=0.150  episodes=  348  mean_return=841.905  mean_loss= 7.02905  mean_foundation=  7.0/52  lifetime_outcomes={'won': 135, 'stalled': 5, 'truncated': 208, 'other': 0}  rss= 2800.5MB  (5775s)
step   285000/400000  eps=0.150  episodes=  349  mean_return=7919.286  mean_loss= 7.38567  mean_foundation= 52.0/52  lifetime_outcomes={'won': 136, 'stalled': 5, 'truncated': 208, 'other': 0}  rss= 2800.5MB  (5778s)
step   286000/400000  eps=0.150  episodes=  350  mean_return=1398.095  mean_loss= 7.25562  mean_foundation= 18.0/52  lifetime_outcomes={'won': 136, 'stalled': 5, 'truncated': 209, 'other': 0}  rss= 2800.5MB  (5782s)
step   287000/400000  eps=0.150  episodes=  351  mean_return=213.810  mean_loss= 7.36438  mean_foundation=  2.0/52  lifetime_outcomes={'won': 136, 'stalled': 5, 'truncated': 210, 'other': 0}  rss= 2800.5MB  (5785s)
step   288000/400000  eps=0.150  episodes=  352  mean_return=283.810  mean_loss= 7.12041  mean_foundation=  2.0/52  lifetime_outcomes={'won': 136, 'stalled': 5, 'truncated': 211, 'other': 0}  rss= 2800.5MB  (5789s)
step   289000/400000  eps=0.150  episodes=  353  mean_return=643.333  mean_loss= 7.07842  mean_foundation= 10.0/52  lifetime_outcomes={'won': 136, 'stalled': 5, 'truncated': 212, 'other': 0}  rss= 2800.5MB  (5792s)
step   290000/400000  eps=0.150  episodes=  354  mean_return=340.476  mean_loss= 6.74658  mean_foundation=  3.0/52  lifetime_outcomes={'won': 136, 'stalled': 5, 'truncated': 213, 'other': 0}  rss= 2800.5MB  (5795s)
  EVAL  step   290000  win_rate=35.00%  mean_return=3427.166  mean_foundation= 26.2/52  mean_length=817.9  (greedy, 200 fixed deals)
step   291000/400000  eps=0.150  episodes=  355  mean_return=844.762  mean_loss= 6.93944  mean_foundation=  7.0/52  lifetime_outcomes={'won': 136, 'stalled': 5, 'truncated': 214, 'other': 0}  rss= 2800.5MB  (5964s)
step   292000/400000  eps=0.150  episodes=  357  mean_return=4140.120  mean_loss= 6.78216  mean_foundation= 28.5/52  lifetime_outcomes={'won': 137, 'stalled': 5, 'truncated': 215, 'other': 0}  rss= 2800.5MB  (5968s)
step   293000/400000  eps=0.150  episodes=  358  mean_return=612.381  mean_loss= 6.83593  mean_foundation=  3.0/52  lifetime_outcomes={'won': 137, 'stalled': 5, 'truncated': 216, 'other': 0}  rss= 2800.5MB  (5971s)
step   294000/400000  eps=0.150  episodes=  359  mean_return=1211.905  mean_loss= 6.49542  mean_foundation= 12.0/52  lifetime_outcomes={'won': 137, 'stalled': 5, 'truncated': 217, 'other': 0}  rss= 2800.5MB  (5975s)
step   295000/400000  eps=0.150  episodes=  360  mean_return=724.286  mean_loss= 6.38780  mean_foundation=  9.0/52  lifetime_outcomes={'won': 137, 'stalled': 5, 'truncated': 218, 'other': 0}  rss= 2800.5MB  (5978s)
step   296000/400000  eps=0.150  episodes=  361  mean_return=542.857  mean_loss= 6.27144  mean_foundation= 12.0/52  lifetime_outcomes={'won': 137, 'stalled': 5, 'truncated': 219, 'other': 0}  rss= 2800.5MB  (5982s)
step   297000/400000  eps=0.150  episodes=  362  mean_return=7962.385  mean_loss= 6.44940  mean_foundation= 52.0/52  lifetime_outcomes={'won': 138, 'stalled': 5, 'truncated': 219, 'other': 0}  rss= 2800.5MB  (5985s)
step   298000/400000  eps=0.150  episodes=  363  mean_return=1276.190  mean_loss= 6.22792  mean_foundation= 12.0/52  lifetime_outcomes={'won': 138, 'stalled': 5, 'truncated': 220, 'other': 0}  rss= 2800.5MB  (5989s)
step   299000/400000  eps=0.150  episodes=  364  mean_return=1210.476  mean_loss= 6.09912  mean_foundation= 16.0/52  lifetime_outcomes={'won': 138, 'stalled': 5, 'truncated': 221, 'other': 0}  rss= 2800.5MB  (5992s)
step   300000/400000  eps=0.150  episodes=  365  mean_return=500.000  mean_loss= 6.25868  mean_foundation=  0.0/52  lifetime_outcomes={'won': 138, 'stalled': 5, 'truncated': 222, 'other': 0}  rss= 2800.5MB  (5996s)
  EVAL  step   300000  win_rate=29.00%  mean_return=3068.394  mean_foundation= 24.1/52  mean_length=891.0  (greedy, 200 fixed deals)
step   301000/400000  eps=0.150  episodes=  367  mean_return=4595.409  mean_loss= 6.06776  mean_foundation= 30.0/52  lifetime_outcomes={'won': 139, 'stalled': 5, 'truncated': 223, 'other': 0}  rss= 2800.5MB  (6179s)
step   302000/400000  eps=0.150  episodes=  368  mean_return=7972.839  mean_loss= 6.17397  mean_foundation= 52.0/52  lifetime_outcomes={'won': 140, 'stalled': 5, 'truncated': 223, 'other': 0}  rss= 2800.5MB  (6183s)
step   303000/400000  eps=0.150  episodes=  369  mean_return=7980.368  mean_loss= 6.17774  mean_foundation= 52.0/52  lifetime_outcomes={'won': 141, 'stalled': 5, 'truncated': 223, 'other': 0}  rss= 2800.5MB  (6186s)
step   304000/400000  eps=0.150  episodes=  370  mean_return=786.667  mean_loss= 6.00220  mean_foundation=  7.0/52  lifetime_outcomes={'won': 141, 'stalled': 5, 'truncated': 224, 'other': 0}  rss= 2800.5MB  (6190s)
step   305000/400000  eps=0.150  episodes=  372  mean_return=4694.165  mean_loss= 5.93972  mean_foundation= 34.5/52  lifetime_outcomes={'won': 142, 'stalled': 5, 'truncated': 225, 'other': 0}  rss= 2800.5MB  (6193s)
step   306000/400000  eps=0.150  episodes=  373  mean_return=7960.150  mean_loss= 5.72677  mean_foundation= 52.0/52  lifetime_outcomes={'won': 143, 'stalled': 5, 'truncated': 225, 'other': 0}  rss= 2800.5MB  (6197s)
step   307000/400000  eps=0.150  episodes=  374  mean_return=765.714  mean_loss= 5.84100  mean_foundation=  7.0/52  lifetime_outcomes={'won': 143, 'stalled': 5, 'truncated': 226, 'other': 0}  rss= 2800.5MB  (6200s)
step   308000/400000  eps=0.150  episodes=  376  mean_return=4244.014  mean_loss= 5.82508  mean_foundation= 26.5/52  lifetime_outcomes={'won': 144, 'stalled': 5, 'truncated': 227, 'other': 0}  rss= 2800.5MB  (6204s)
step   309000/400000  eps=0.150  episodes=  377  mean_return=236.667  mean_loss= 5.66572  mean_foundation=  5.0/52  lifetime_outcomes={'won': 144, 'stalled': 5, 'truncated': 228, 'other': 0}  rss= 2800.5MB  (6207s)
step   310000/400000  eps=0.150  episodes=  378  mean_return=920.476  mean_loss= 5.45185  mean_foundation= 11.0/52  lifetime_outcomes={'won': 144, 'stalled': 5, 'truncated': 229, 'other': 0}  rss= 2800.5MB  (6211s)
  EVAL  step   310000  win_rate=26.50%  mean_return=2939.354  mean_foundation= 24.0/52  mean_length=891.5  (greedy, 200 fixed deals)
step   311000/400000  eps=0.150  episodes=  379  mean_return=2553.333  mean_loss= 5.83559  mean_foundation= 38.0/52  lifetime_outcomes={'won': 144, 'stalled': 5, 'truncated': 230, 'other': 0}  rss= 2800.5MB  (6390s)
step   312000/400000  eps=0.150  episodes=  380  mean_return=7903.985  mean_loss= 5.61526  mean_foundation= 52.0/52  lifetime_outcomes={'won': 145, 'stalled': 5, 'truncated': 230, 'other': 0}  rss= 2800.5MB  (6394s)
step   313000/400000  eps=0.150  episodes=  381  mean_return=581.905  mean_loss= 5.42815  mean_foundation= 11.0/52  lifetime_outcomes={'won': 145, 'stalled': 5, 'truncated': 231, 'other': 0}  rss= 2800.5MB  (6397s)
step   314000/400000  eps=0.150  episodes=  382  mean_return=914.286  mean_loss= 5.13783  mean_foundation=  8.0/52  lifetime_outcomes={'won': 145, 'stalled': 5, 'truncated': 232, 'other': 0}  rss= 2800.5MB  (6401s)
step   315000/400000  eps=0.150  episodes=  384  mean_return=7969.674  mean_loss= 5.16766  mean_foundation= 52.0/52  lifetime_outcomes={'won': 147, 'stalled': 5, 'truncated': 232, 'other': 0}  rss= 2800.5MB  (6405s)
step   316000/400000  eps=0.150  episodes=  385  mean_return=986.667  mean_loss= 5.33639  mean_foundation=  9.0/52  lifetime_outcomes={'won': 147, 'stalled': 5, 'truncated': 233, 'other': 0}  rss= 2800.5MB  (6408s)
step   317000/400000  eps=0.150  episodes=  388  mean_return=7938.276  mean_loss= 5.23379  mean_foundation= 52.0/52  lifetime_outcomes={'won': 150, 'stalled': 5, 'truncated': 233, 'other': 0}  rss= 2800.5MB  (6412s)
step   318000/400000  eps=0.150  episodes=  389  mean_return=632.857  mean_loss= 5.31438  mean_foundation=  3.0/52  lifetime_outcomes={'won': 150, 'stalled': 5, 'truncated': 234, 'other': 0}  rss= 2800.5MB  (6416s)
step   319000/400000  eps=0.150  episodes=  390  mean_return=1462.381  mean_loss= 4.99347  mean_foundation= 19.0/52  lifetime_outcomes={'won': 150, 'stalled': 5, 'truncated': 235, 'other': 0}  rss= 2800.5MB  (6419s)
step   320000/400000  eps=0.150  episodes=  391  mean_return=866.190  mean_loss= 5.06434  mean_foundation=  9.0/52  lifetime_outcomes={'won': 150, 'stalled': 5, 'truncated': 236, 'other': 0}  rss= 2800.5MB  (6423s)
  EVAL  step   320000  win_rate=28.50%  mean_return=3067.881  mean_foundation= 25.2/52  mean_length=888.5  (greedy, 200 fixed deals)
step   321000/400000  eps=0.150  episodes=  392  mean_return=1121.429  mean_loss= 5.20604  mean_foundation= 12.0/52  lifetime_outcomes={'won': 150, 'stalled': 5, 'truncated': 237, 'other': 0}  rss= 2800.5MB  (6601s)
step   322000/400000  eps=0.150  episodes=  393  mean_return=910.952  mean_loss= 4.84904  mean_foundation=  7.0/52  lifetime_outcomes={'won': 150, 'stalled': 5, 'truncated': 238, 'other': 0}  rss= 2800.5MB  (6604s)
step   323000/400000  eps=0.150  episodes=  394  mean_return=2465.238  mean_loss= 4.94406  mean_foundation= 39.0/52  lifetime_outcomes={'won': 150, 'stalled': 5, 'truncated': 239, 'other': 0}  rss= 2800.5MB  (6608s)
step   324000/400000  eps=0.150  episodes=  396  mean_return=7858.589  mean_loss= 4.81927  mean_foundation= 52.0/52  lifetime_outcomes={'won': 152, 'stalled': 5, 'truncated': 239, 'other': 0}  rss= 2800.5MB  (6611s)
step   325000/400000  eps=0.150  episodes=  397  mean_return=7877.083  mean_loss= 5.00526  mean_foundation= 52.0/52  lifetime_outcomes={'won': 153, 'stalled': 5, 'truncated': 239, 'other': 0}  rss= 2800.5MB  (6615s)
step   326000/400000  eps=0.150  episodes=  398  mean_return=1236.190  mean_loss= 4.77950  mean_foundation= 14.0/52  lifetime_outcomes={'won': 153, 'stalled': 5, 'truncated': 240, 'other': 0}  rss= 2800.5MB  (6618s)
step   327000/400000  eps=0.150  episodes=  401  mean_return=5962.274  mean_loss= 4.69444  mean_foundation= 44.7/52  lifetime_outcomes={'won': 155, 'stalled': 5, 'truncated': 241, 'other': 0}  rss= 2800.5MB  (6622s)
step   328000/400000  eps=0.150  episodes=  402  mean_return=883.333  mean_loss= 4.62584  mean_foundation=  7.0/52  lifetime_outcomes={'won': 155, 'stalled': 5, 'truncated': 242, 'other': 0}  rss= 2800.5MB  (6625s)
step   329000/400000  eps=0.150  episodes=  403  mean_return=7980.265  mean_loss= 4.90584  mean_foundation= 52.0/52  lifetime_outcomes={'won': 156, 'stalled': 5, 'truncated': 242, 'other': 0}  rss= 2800.5MB  (6629s)
step   330000/400000  eps=0.150  episodes=  404  mean_return=1271.429  mean_loss= 4.60699  mean_foundation= 13.0/52  lifetime_outcomes={'won': 156, 'stalled': 5, 'truncated': 243, 'other': 0}  rss= 2800.5MB  (6632s)
  EVAL  step   330000  win_rate=21.50%  mean_return=2692.135  mean_foundation= 23.3/52  mean_length=913.4  (greedy, 200 fixed deals)
step   331000/400000  eps=0.150  episodes=  405  mean_return=928.571  mean_loss= 4.79785  mean_foundation=  7.0/52  lifetime_outcomes={'won': 156, 'stalled': 5, 'truncated': 244, 'other': 0}  rss= 2800.5MB  (6813s)
step   332000/400000  eps=0.150  episodes=  406  mean_return=338.571  mean_loss= 4.55748  mean_foundation=  3.0/52  lifetime_outcomes={'won': 156, 'stalled': 5, 'truncated': 245, 'other': 0}  rss= 2800.5MB  (6816s)
step   333000/400000  eps=0.150  episodes=  407  mean_return=528.095  mean_loss= 4.57273  mean_foundation=  5.0/52  lifetime_outcomes={'won': 156, 'stalled': 5, 'truncated': 246, 'other': 0}  rss= 2800.5MB  (6820s)
step   334000/400000  eps=0.150  episodes=  408  mean_return=7923.888  mean_loss= 4.46195  mean_foundation= 52.0/52  lifetime_outcomes={'won': 157, 'stalled': 5, 'truncated': 246, 'other': 0}  rss= 2800.5MB  (6824s)
step   335000/400000  eps=0.150  episodes=  409  mean_return=7879.023  mean_loss= 4.50755  mean_foundation= 52.0/52  lifetime_outcomes={'won': 158, 'stalled': 5, 'truncated': 246, 'other': 0}  rss= 2800.5MB  (6827s)
step   336000/400000  eps=0.150  episodes=  411  mean_return=4487.215  mean_loss= 4.46706  mean_foundation= 32.0/52  lifetime_outcomes={'won': 159, 'stalled': 5, 'truncated': 247, 'other': 0}  rss= 2800.5MB  (6831s)
step   337000/400000  eps=0.150  episodes=  412  mean_return=242.857  mean_loss= 4.54771  mean_foundation=  5.0/52  lifetime_outcomes={'won': 159, 'stalled': 5, 'truncated': 248, 'other': 0}  rss= 2800.5MB  (6834s)
step   338000/400000  eps=0.150  episodes=  413  mean_return=1016.667  mean_loss= 4.35094  mean_foundation= 15.0/52  lifetime_outcomes={'won': 159, 'stalled': 5, 'truncated': 249, 'other': 0}  rss= 2800.5MB  (6838s)
step   339000/400000  eps=0.150  episodes=  414  mean_return=1258.571  mean_loss= 4.53112  mean_foundation=  8.0/52  lifetime_outcomes={'won': 159, 'stalled': 5, 'truncated': 250, 'other': 0}  rss= 2800.5MB  (6842s)
step   340000/400000  eps=0.150  episodes=  415  mean_return= 20.000  mean_loss= 4.28475  mean_foundation=  2.0/52  lifetime_outcomes={'won': 159, 'stalled': 5, 'truncated': 251, 'other': 0}  rss= 2800.5MB  (6845s)
  EVAL  step   340000  win_rate=32.00%  mean_return=3241.985  mean_foundation= 25.4/52  mean_length=828.4  (greedy, 200 fixed deals)
step   341000/400000  eps=0.150  episodes=  416  mean_return=7861.748  mean_loss= 4.11569  mean_foundation= 52.0/52  lifetime_outcomes={'won': 160, 'stalled': 5, 'truncated': 251, 'other': 0}  rss= 2800.5MB  (7011s)
step   342000/400000  eps=0.150  episodes=  417  mean_return=791.905  mean_loss= 4.31252  mean_foundation=  4.0/52  lifetime_outcomes={'won': 160, 'stalled': 5, 'truncated': 252, 'other': 0}  rss= 2800.5MB  (7014s)
step   343000/400000  eps=0.150  episodes=  418  mean_return=619.048  mean_loss= 4.30382  mean_foundation=  3.0/52  lifetime_outcomes={'won': 160, 'stalled': 5, 'truncated': 253, 'other': 0}  rss= 2800.5MB  (7018s)
step   344000/400000  eps=0.150  episodes=  419  mean_return=1536.667  mean_loss= 4.30575  mean_foundation= 16.0/52  lifetime_outcomes={'won': 160, 'stalled': 5, 'truncated': 254, 'other': 0}  rss= 2800.5MB  (7021s)
step   345000/400000  eps=0.150  episodes=  420  mean_return=391.429  mean_loss= 4.14043  mean_foundation=  6.0/52  lifetime_outcomes={'won': 160, 'stalled': 5, 'truncated': 255, 'other': 0}  rss= 2800.5MB  (7024s)
step   346000/400000  eps=0.150  episodes=  421  mean_return=1749.524  mean_loss= 4.28774  mean_foundation= 18.0/52  lifetime_outcomes={'won': 160, 'stalled': 5, 'truncated': 256, 'other': 0}  rss= 2800.5MB  (7028s)
step   347000/400000  eps=0.150  episodes=  422  mean_return=975.238  mean_loss= 4.13653  mean_foundation= 11.0/52  lifetime_outcomes={'won': 160, 'stalled': 5, 'truncated': 257, 'other': 0}  rss= 2800.5MB  (7032s)
step   348000/400000  eps=0.150  episodes=  423  mean_return=1534.762  mean_loss= 4.03005  mean_foundation= 13.0/52  lifetime_outcomes={'won': 160, 'stalled': 5, 'truncated': 258, 'other': 0}  rss= 2800.5MB  (7035s)
step   349000/400000  eps=0.150  episodes=  424  mean_return=1321.905  mean_loss= 3.97104  mean_foundation= 10.0/52  lifetime_outcomes={'won': 160, 'stalled': 5, 'truncated': 259, 'other': 0}  rss= 2800.5MB  (7039s)
step   350000/400000  eps=0.150  episodes=  426  mean_return=4281.614  mean_loss= 4.10439  mean_foundation= 29.5/52  lifetime_outcomes={'won': 161, 'stalled': 5, 'truncated': 260, 'other': 0}  rss= 2800.5MB  (7042s)
  EVAL  step   350000  win_rate=32.00%  mean_return=3306.765  mean_foundation= 26.0/52  mean_length=860.4  (greedy, 200 fixed deals)
step   351000/400000  eps=0.150  episodes=  427  mean_return=804.762  mean_loss= 3.89250  mean_foundation= 12.0/52  lifetime_outcomes={'won': 161, 'stalled': 5, 'truncated': 261, 'other': 0}  rss= 2800.5MB  (7217s)
step   352000/400000  eps=0.150  episodes=  429  mean_return=7905.239  mean_loss= 3.88040  mean_foundation= 52.0/52  lifetime_outcomes={'won': 163, 'stalled': 5, 'truncated': 261, 'other': 0}  rss= 2800.5MB  (7220s)
step   353000/400000  eps=0.150  episodes=  430  mean_return=2125.714  mean_loss= 3.83690  mean_foundation= 30.0/52  lifetime_outcomes={'won': 163, 'stalled': 5, 'truncated': 262, 'other': 0}  rss= 2800.5MB  (7223s)
step   354000/400000  eps=0.150  episodes=  431  mean_return=1034.286  mean_loss= 3.79966  mean_foundation= 12.0/52  lifetime_outcomes={'won': 163, 'stalled': 5, 'truncated': 263, 'other': 0}  rss= 2800.5MB  (7227s)
step   355000/400000  eps=0.150  episodes=  432  mean_return=474.286  mean_loss= 3.89113  mean_foundation=  8.0/52  lifetime_outcomes={'won': 163, 'stalled': 5, 'truncated': 264, 'other': 0}  rss= 2800.5MB  (7230s)
step   356000/400000  eps=0.150  episodes=  434  mean_return=7899.191  mean_loss= 3.75199  mean_foundation= 52.0/52  lifetime_outcomes={'won': 165, 'stalled': 5, 'truncated': 264, 'other': 0}  rss= 2800.5MB  (7234s)
step   357000/400000  eps=0.150  episodes=  435  mean_return=7747.252  mean_loss= 3.56154  mean_foundation= 52.0/52  lifetime_outcomes={'won': 166, 'stalled': 5, 'truncated': 264, 'other': 0}  rss= 2800.5MB  (7237s)
step   358000/400000  eps=0.150  episodes=  436  mean_return=1324.286  mean_loss= 3.55423  mean_foundation=  9.0/52  lifetime_outcomes={'won': 166, 'stalled': 5, 'truncated': 265, 'other': 0}  rss= 2800.5MB  (7241s)
step   359000/400000  eps=0.150  episodes=  437  mean_return=847.143  mean_loss= 3.66645  mean_foundation= 17.0/52  lifetime_outcomes={'won': 166, 'stalled': 5, 'truncated': 266, 'other': 0}  rss= 2800.5MB  (7244s)
step   360000/400000  eps=0.150  episodes=  438  mean_return=784.286  mean_loss= 3.57765  mean_foundation=  8.0/52  lifetime_outcomes={'won': 166, 'stalled': 5, 'truncated': 267, 'other': 0}  rss= 2800.5MB  (7248s)
  EVAL  step   360000  win_rate=14.00%  mean_return=2197.331  mean_foundation= 20.1/52  mean_length=948.8  (greedy, 200 fixed deals)
step   361000/400000  eps=0.150  episodes=  440  mean_return=4596.912  mean_loss= 3.73682  mean_foundation= 36.0/52  lifetime_outcomes={'won': 167, 'stalled': 5, 'truncated': 268, 'other': 0}  rss= 2800.5MB  (7436s)
step   362000/400000  eps=0.150  episodes=  442  mean_return=7948.445  mean_loss= 3.58899  mean_foundation= 52.0/52  lifetime_outcomes={'won': 169, 'stalled': 5, 'truncated': 268, 'other': 0}  rss= 2800.5MB  (7439s)
step   363000/400000  eps=0.150  episodes=  443  mean_return=7818.820  mean_loss= 3.45929  mean_foundation= 52.0/52  lifetime_outcomes={'won': 170, 'stalled': 5, 'truncated': 268, 'other': 0}  rss= 2800.5MB  (7443s)
step   364000/400000  eps=0.150  episodes=  444  mean_return=1384.286  mean_loss= 3.47905  mean_foundation= 15.0/52  lifetime_outcomes={'won': 170, 'stalled': 5, 'truncated': 269, 'other': 0}  rss= 2800.5MB  (7446s)
step   365000/400000  eps=0.150  episodes=  446  mean_return=7840.166  mean_loss= 3.41553  mean_foundation= 52.0/52  lifetime_outcomes={'won': 172, 'stalled': 5, 'truncated': 269, 'other': 0}  rss= 2800.5MB  (7450s)
step   366000/400000  eps=0.150  episodes=  447  mean_return=2430.952  mean_loss= 3.38389  mean_foundation= 39.0/52  lifetime_outcomes={'won': 172, 'stalled': 5, 'truncated': 270, 'other': 0}  rss= 2800.5MB  (7453s)
step   367000/400000  eps=0.150  episodes=  448  mean_return=7896.528  mean_loss= 3.34258  mean_foundation= 52.0/52  lifetime_outcomes={'won': 173, 'stalled': 5, 'truncated': 270, 'other': 0}  rss= 2800.5MB  (7457s)
step   368000/400000  eps=0.150  episodes=  449  mean_return=436.667  mean_loss= 3.26475  mean_foundation=  4.0/52  lifetime_outcomes={'won': 173, 'stalled': 5, 'truncated': 271, 'other': 0}  rss= 2800.5MB  (7460s)
step   369000/400000  eps=0.150  episodes=  450  mean_return=691.429  mean_loss= 3.23061  mean_foundation=  6.0/52  lifetime_outcomes={'won': 173, 'stalled': 5, 'truncated': 272, 'other': 0}  rss= 2800.5MB  (7464s)
step   370000/400000  eps=0.150  episodes=  452  mean_return=7901.246  mean_loss= 3.30914  mean_foundation= 52.0/52  lifetime_outcomes={'won': 175, 'stalled': 5, 'truncated': 272, 'other': 0}  rss= 2800.5MB  (7467s)
  EVAL  step   370000  win_rate=33.50%  mean_return=3356.958  mean_foundation= 26.1/52  mean_length=838.9  (greedy, 200 fixed deals)
step   371000/400000  eps=0.150  episodes=  453  mean_return=7874.531  mean_loss= 3.26296  mean_foundation= 52.0/52  lifetime_outcomes={'won': 176, 'stalled': 5, 'truncated': 272, 'other': 0}  rss= 2807.1MB  (7631s)
step   372000/400000  eps=0.150  episodes=  454  mean_return=246.667  mean_loss= 3.27659  mean_foundation=  4.0/52  lifetime_outcomes={'won': 176, 'stalled': 5, 'truncated': 273, 'other': 0}  rss= 2807.1MB  (7634s)
step   373000/400000  eps=0.150  episodes=  456  mean_return=4621.122  mean_loss= 3.18504  mean_foundation= 31.5/52  lifetime_outcomes={'won': 177, 'stalled': 5, 'truncated': 274, 'other': 0}  rss= 2807.1MB  (7638s)
step   374000/400000  eps=0.150  episodes=  457  mean_return= 70.000  mean_loss= 3.14090  mean_foundation=  3.0/52  lifetime_outcomes={'won': 177, 'stalled': 5, 'truncated': 275, 'other': 0}  rss= 2807.1MB  (7641s)
step   375000/400000  eps=0.150  episodes=  458  mean_return=7993.401  mean_loss= 3.16495  mean_foundation= 52.0/52  lifetime_outcomes={'won': 178, 'stalled': 5, 'truncated': 275, 'other': 0}  rss= 2807.1MB  (7645s)
step   376000/400000  eps=0.150  episodes=  459  mean_return=1786.667  mean_loss= 3.19519  mean_foundation= 28.0/52  lifetime_outcomes={'won': 178, 'stalled': 5, 'truncated': 276, 'other': 0}  rss= 2807.1MB  (7648s)
step   377000/400000  eps=0.150  episodes=  461  mean_return=4119.625  mean_loss= 3.15614  mean_foundation= 27.5/52  lifetime_outcomes={'won': 179, 'stalled': 5, 'truncated': 277, 'other': 0}  rss= 2807.1MB  (7652s)
step   378000/400000  eps=0.150  episodes=  462  mean_return=840.000  mean_loss= 3.05078  mean_foundation=  9.0/52  lifetime_outcomes={'won': 179, 'stalled': 5, 'truncated': 278, 'other': 0}  rss= 2807.1MB  (7655s)
step   379000/400000  eps=0.150  episodes=  463  mean_return=451.429  mean_loss= 3.24996  mean_foundation=  4.0/52  lifetime_outcomes={'won': 179, 'stalled': 5, 'truncated': 279, 'other': 0}  rss= 2807.1MB  (7659s)
step   380000/400000  eps=0.150  episodes=  464  mean_return=1457.619  mean_loss= 3.02068  mean_foundation= 19.0/52  lifetime_outcomes={'won': 179, 'stalled': 5, 'truncated': 280, 'other': 0}  rss= 2807.1MB  (7662s)
  EVAL  step   380000  win_rate=34.00%  mean_return=3386.122  mean_foundation= 25.9/52  mean_length=849.0  (greedy, 200 fixed deals)
step   381000/400000  eps=0.150  episodes=  465  mean_return=1208.571  mean_loss= 2.98144  mean_foundation= 13.0/52  lifetime_outcomes={'won': 179, 'stalled': 5, 'truncated': 281, 'other': 0}  rss= 2807.1MB  (7828s)
step   382000/400000  eps=0.150  episodes=  466  mean_return=1635.714  mean_loss= 2.97873  mean_foundation= 15.0/52  lifetime_outcomes={'won': 179, 'stalled': 5, 'truncated': 282, 'other': 0}  rss= 2807.1MB  (7831s)
step   383000/400000  eps=0.150  episodes=  468  mean_return=7815.535  mean_loss= 3.02513  mean_foundation= 52.0/52  lifetime_outcomes={'won': 181, 'stalled': 5, 'truncated': 282, 'other': 0}  rss= 2807.1MB  (7835s)
step   384000/400000  eps=0.150  episodes=  469  mean_return=7865.718  mean_loss= 2.92323  mean_foundation= 52.0/52  lifetime_outcomes={'won': 182, 'stalled': 5, 'truncated': 282, 'other': 0}  rss= 2807.1MB  (7838s)
step   385000/400000  eps=0.150  episodes=  471  mean_return=4045.617  mean_loss= 2.91487  mean_foundation= 28.5/52  lifetime_outcomes={'won': 183, 'stalled': 5, 'truncated': 283, 'other': 0}  rss= 2807.1MB  (7842s)
step   386000/400000  eps=0.150  episodes=  473  mean_return=4010.608  mean_loss= 2.96521  mean_foundation= 27.0/52  lifetime_outcomes={'won': 184, 'stalled': 5, 'truncated': 284, 'other': 0}  rss= 2807.1MB  (7845s)
step   387000/400000  eps=0.150  episodes=  474  mean_return=8023.362  mean_loss= 2.97952  mean_foundation= 52.0/52  lifetime_outcomes={'won': 185, 'stalled': 5, 'truncated': 284, 'other': 0}  rss= 2807.1MB  (7849s)
step   388000/400000  eps=0.150  episodes=  475  mean_return=739.524  mean_loss= 2.94254  mean_foundation= 10.0/52  lifetime_outcomes={'won': 185, 'stalled': 5, 'truncated': 285, 'other': 0}  rss= 2807.1MB  (7853s)
step   389000/400000  eps=0.150  episodes=  476  mean_return=7932.517  mean_loss= 3.02773  mean_foundation= 52.0/52  lifetime_outcomes={'won': 186, 'stalled': 5, 'truncated': 285, 'other': 0}  rss= 2807.1MB  (7856s)
step   390000/400000  eps=0.150  episodes=  477  mean_return=552.381  mean_loss= 2.96205  mean_foundation=  5.0/52  lifetime_outcomes={'won': 186, 'stalled': 5, 'truncated': 286, 'other': 0}  rss= 2807.1MB  (7860s)
  EVAL  step   390000  win_rate=34.50%  mean_return=3419.357  mean_foundation= 26.2/52  mean_length=827.4  (greedy, 200 fixed deals)
step   391000/400000  eps=0.150  episodes=  479  mean_return=4592.051  mean_loss= 2.89538  mean_foundation= 34.5/52  lifetime_outcomes={'won': 187, 'stalled': 5, 'truncated': 287, 'other': 0}  rss= 2807.1MB  (8025s)
step   392000/400000  eps=0.150  episodes=  480  mean_return=253.810  mean_loss= 2.80247  mean_foundation=  1.0/52  lifetime_outcomes={'won': 187, 'stalled': 5, 'truncated': 288, 'other': 0}  rss= 2807.1MB  (8028s)
step   393000/400000  eps=0.150  episodes=  481  mean_return=7849.704  mean_loss= 2.78945  mean_foundation= 52.0/52  lifetime_outcomes={'won': 188, 'stalled': 5, 'truncated': 288, 'other': 0}  rss= 2807.1MB  (8032s)
step   394000/400000  eps=0.150  episodes=  482  mean_return=2349.048  mean_loss= 2.83356  mean_foundation= 42.0/52  lifetime_outcomes={'won': 188, 'stalled': 5, 'truncated': 289, 'other': 0}  rss= 2807.1MB  (8036s)
step   395000/400000  eps=0.150  episodes=  483  mean_return=1265.238  mean_loss= 2.73178  mean_foundation= 10.0/52  lifetime_outcomes={'won': 188, 'stalled': 5, 'truncated': 290, 'other': 0}  rss= 2807.1MB  (8040s)
step   396000/400000  eps=0.150  episodes=  484  mean_return=1378.571  mean_loss= 2.82064  mean_foundation= 14.0/52  lifetime_outcomes={'won': 188, 'stalled': 5, 'truncated': 291, 'other': 0}  rss= 2807.1MB  (8043s)
step   397000/400000  eps=0.150  episodes=  486  mean_return=4627.847  mean_loss= 2.67266  mean_foundation= 34.0/52  lifetime_outcomes={'won': 189, 'stalled': 5, 'truncated': 292, 'other': 0}  rss= 2807.1MB  (8047s)
step   398000/400000  eps=0.150  episodes=  487  mean_return=538.095  mean_loss= 2.74635  mean_foundation=  4.0/52  lifetime_outcomes={'won': 189, 'stalled': 5, 'truncated': 293, 'other': 0}  rss= 2807.1MB  (8050s)
step   399000/400000  eps=0.150  episodes=  488  mean_return=934.762  mean_loss= 2.69711  mean_foundation=  6.0/52  lifetime_outcomes={'won': 189, 'stalled': 5, 'truncated': 294, 'other': 0}  rss= 2807.1MB  (8054s)
step   400000/400000  eps=0.150  episodes=  489  mean_return=966.190  mean_loss= 2.61321  mean_foundation=  9.0/52  lifetime_outcomes={'won': 189, 'stalled': 5, 'truncated': 295, 'other': 0}  rss= 2807.1MB  (8058s)
  EVAL  step   400000  win_rate=18.50%  mean_return=2494.628  mean_foundation= 22.4/52  mean_length=937.9  (greedy, 200 fixed deals)
done. saved final checkpoint to runs/028_dqfd_moredemo_epsfloor_loopbreaker_solvcurriculum_foundramp/checkpoint_final.pt
