=== train_resilient: attempt 1 ===
run directory: runs/012_double_dqn_soft_nstep3_per_reward_shaping
step     1000/400000  eps=0.995  episodes=    2  mean_return=970.000  mean_loss=     nan  mean_foundation=  4.5/52  lifetime_outcomes={'won': 0, 'stalled': 0, 'truncated': 2, 'other': 0}  rss=  912.7MB  (1s)
step     2000/400000  eps=0.991  episodes=    4  mean_return=880.000  mean_loss=     nan  mean_foundation=  3.5/52  lifetime_outcomes={'won': 0, 'stalled': 0, 'truncated': 4, 'other': 0}  rss=  930.5MB  (3s)
step     3000/400000  eps=0.986  episodes=    6  mean_return=525.000  mean_loss=     nan  mean_foundation=  7.5/52  lifetime_outcomes={'won': 0, 'stalled': 0, 'truncated': 6, 'other': 0}  rss=  940.7MB  (4s)
step     4000/400000  eps=0.981  episodes=    8  mean_return=1120.175  mean_loss=     nan  mean_foundation= 11.0/52  lifetime_outcomes={'won': 0, 'stalled': 1, 'truncated': 7, 'other': 0}  rss=  953.5MB  (5s)
step     5000/400000  eps=0.976  episodes=   10  mean_return=715.000  mean_loss= 4.16271  mean_foundation=  7.0/52  lifetime_outcomes={'won': 0, 'stalled': 1, 'truncated': 9, 'other': 0}  rss= 1226.5MB  (8s)
step     6000/400000  eps=0.972  episodes=   12  mean_return=645.540  mean_loss= 6.05498  mean_foundation=  2.0/52  lifetime_outcomes={'won': 0, 'stalled': 2, 'truncated': 10, 'other': 0}  rss= 1237.6MB  (15s)
step     7000/400000  eps=0.967  episodes=   15  mean_return=663.110  mean_loss= 5.82599  mean_foundation=  6.0/52  lifetime_outcomes={'won': 0, 'stalled': 3, 'truncated': 12, 'other': 0}  rss= 1247.7MB  (23s)
step     8000/400000  eps=0.962  episodes=   17  mean_return=960.630  mean_loss= 5.79072  mean_foundation=  7.5/52  lifetime_outcomes={'won': 0, 'stalled': 4, 'truncated': 13, 'other': 0}  rss= 1258.8MB  (36s)
step     9000/400000  eps=0.957  episodes=   19  mean_return=675.000  mean_loss= 6.20358  mean_foundation=  2.5/52  lifetime_outcomes={'won': 0, 'stalled': 4, 'truncated': 15, 'other': 0}  rss= 1271.5MB  (49s)
step    10000/400000  eps=0.953  episodes=   22  mean_return=329.757  mean_loss= 6.41496  mean_foundation=  3.0/52  lifetime_outcomes={'won': 0, 'stalled': 5, 'truncated': 17, 'other': 0}  rss= 1281.5MB  (61s)
  EVAL  step    10000  win_rate=0.00%  mean_return=252.689  mean_foundation=  1.9/52  mean_length=491.1  (greedy, 100 fixed deals)
step    11000/400000  eps=0.948  episodes=   24  mean_return=1115.000  mean_loss= 6.72179  mean_foundation=  7.0/52  lifetime_outcomes={'won': 0, 'stalled': 5, 'truncated': 19, 'other': 0}  rss= 1297.2MB  (203s)
step    12000/400000  eps=0.943  episodes=   26  mean_return=625.000  mean_loss= 6.78474  mean_foundation=  4.0/52  lifetime_outcomes={'won': 0, 'stalled': 5, 'truncated': 21, 'other': 0}  rss= 1301.3MB  (208s)
step    13000/400000  eps=0.938  episodes=   28  mean_return=735.000  mean_loss= 7.24798  mean_foundation=  5.5/52  lifetime_outcomes={'won': 0, 'stalled': 5, 'truncated': 23, 'other': 0}  rss= 1305.4MB  (211s)
step    14000/400000  eps=0.933  episodes=   30  mean_return=1015.000  mean_loss= 7.16363  mean_foundation= 14.5/52  lifetime_outcomes={'won': 0, 'stalled': 5, 'truncated': 25, 'other': 0}  rss= 1308.2MB  (218s)
step    15000/400000  eps=0.929  episodes=   32  mean_return=1150.000  mean_loss= 6.92656  mean_foundation=  8.0/52  lifetime_outcomes={'won': 0, 'stalled': 5, 'truncated': 27, 'other': 0}  rss= 1314.6MB  (229s)
step    16000/400000  eps=0.924  episodes=   34  mean_return=1005.000  mean_loss= 6.76690  mean_foundation=  7.5/52  lifetime_outcomes={'won': 0, 'stalled': 5, 'truncated': 29, 'other': 0}  rss= 1316.6MB  (240s)
step    17000/400000  eps=0.919  episodes=   36  mean_return=845.000  mean_loss= 6.92859  mean_foundation=  7.0/52  lifetime_outcomes={'won': 0, 'stalled': 5, 'truncated': 31, 'other': 0}  rss= 1322.7MB  (256s)
step    18000/400000  eps=0.914  episodes=   38  mean_return=1380.000  mean_loss= 6.74171  mean_foundation= 13.5/52  lifetime_outcomes={'won': 0, 'stalled': 5, 'truncated': 33, 'other': 0}  rss= 1326.8MB  (263s)
step    19000/400000  eps=0.910  episodes=   40  mean_return=890.000  mean_loss= 6.95888  mean_foundation=  8.5/52  lifetime_outcomes={'won': 0, 'stalled': 5, 'truncated': 35, 'other': 0}  rss= 1328.8MB  (270s)
step    20000/400000  eps=0.905  episodes=   42  mean_return=1026.280  mean_loss= 6.85972  mean_foundation=  7.5/52  lifetime_outcomes={'won': 0, 'stalled': 6, 'truncated': 36, 'other': 0}  rss= 1334.8MB  (277s)
  EVAL  step    20000  win_rate=0.00%  mean_return=252.632  mean_foundation=  1.7/52  mean_length=486.8  (greedy, 100 fixed deals)
step    21000/400000  eps=0.900  episodes=   44  mean_return=1160.000  mean_loss= 7.06325  mean_foundation=  6.5/52  lifetime_outcomes={'won': 0, 'stalled': 6, 'truncated': 38, 'other': 0}  rss= 1336.8MB  (415s)
step    22000/400000  eps=0.895  episodes=   47  mean_return=1215.653  mean_loss= 7.23688  mean_foundation= 10.3/52  lifetime_outcomes={'won': 0, 'stalled': 8, 'truncated': 39, 'other': 0}  rss= 1342.9MB  (426s)
step    23000/400000  eps=0.891  episodes=   49  mean_return=1280.070  mean_loss= 7.22211  mean_foundation= 11.5/52  lifetime_outcomes={'won': 0, 'stalled': 9, 'truncated': 40, 'other': 0}  rss= 1344.9MB  (435s)
step    24000/400000  eps=0.886  episodes=   51  mean_return=1375.205  mean_loss= 7.24596  mean_foundation= 17.0/52  lifetime_outcomes={'won': 0, 'stalled': 10, 'truncated': 41, 'other': 0}  rss= 1348.9MB  (442s)
step    25000/400000  eps=0.881  episodes=   53  mean_return=1150.330  mean_loss= 7.31938  mean_foundation=  9.0/52  lifetime_outcomes={'won': 0, 'stalled': 11, 'truncated': 42, 'other': 0}  rss= 1353.0MB  (448s)
step    26000/400000  eps=0.877  episodes=   55  mean_return=670.000  mean_loss= 7.07127  mean_foundation=  6.0/52  lifetime_outcomes={'won': 0, 'stalled': 11, 'truncated': 44, 'other': 0}  rss= 1357.0MB  (455s)
step    27000/400000  eps=0.872  episodes=   57  mean_return=1425.055  mean_loss= 7.17072  mean_foundation= 10.0/52  lifetime_outcomes={'won': 0, 'stalled': 12, 'truncated': 45, 'other': 0}  rss= 1363.2MB  (463s)
step    28000/400000  eps=0.867  episodes=   59  mean_return=970.000  mean_loss= 7.27851  mean_foundation=  3.5/52  lifetime_outcomes={'won': 0, 'stalled': 12, 'truncated': 47, 'other': 0}  rss= 1365.2MB  (471s)
step    29000/400000  eps=0.862  episodes=   61  mean_return=1045.000  mean_loss= 7.21399  mean_foundation=  2.5/52  lifetime_outcomes={'won': 0, 'stalled': 12, 'truncated': 49, 'other': 0}  rss= 1371.3MB  (482s)
step    30000/400000  eps=0.858  episodes=   63  mean_return=1210.000  mean_loss= 7.00916  mean_foundation=  9.0/52  lifetime_outcomes={'won': 0, 'stalled': 12, 'truncated': 51, 'other': 0}  rss= 1373.3MB  (501s)
  EVAL  step    30000  win_rate=0.00%  mean_return=270.844  mean_foundation=  2.0/52  mean_length=495.6  (greedy, 100 fixed deals)
step    31000/400000  eps=0.853  episodes=   65  mean_return=990.690  mean_loss= 7.24846  mean_foundation=  3.5/52  lifetime_outcomes={'won': 0, 'stalled': 13, 'truncated': 52, 'other': 0}  rss= 1381.6MB  (636s)
step    32000/400000  eps=0.848  episodes=   67  mean_return=1020.000  mean_loss= 7.16201  mean_foundation=  6.5/52  lifetime_outcomes={'won': 0, 'stalled': 13, 'truncated': 54, 'other': 0}  rss= 1385.6MB  (653s)
step    33000/400000  eps=0.843  episodes=   69  mean_return=805.000  mean_loss= 7.02433  mean_foundation=  5.0/52  lifetime_outcomes={'won': 0, 'stalled': 13, 'truncated': 56, 'other': 0}  rss= 1389.7MB  (662s)
step    34000/400000  eps=0.839  episodes=   71  mean_return=1625.000  mean_loss= 6.92654  mean_foundation= 11.5/52  lifetime_outcomes={'won': 0, 'stalled': 13, 'truncated': 58, 'other': 0}  rss= 1395.8MB  (670s)
step    35000/400000  eps=0.834  episodes=   73  mean_return=1015.000  mean_loss= 6.88376  mean_foundation= 12.5/52  lifetime_outcomes={'won': 0, 'stalled': 13, 'truncated': 60, 'other': 0}  rss= 1397.8MB  (676s)
step    36000/400000  eps=0.829  episodes=   75  mean_return=530.000  mean_loss= 6.74037  mean_foundation=  5.5/52  lifetime_outcomes={'won': 0, 'stalled': 13, 'truncated': 62, 'other': 0}  rss= 1401.8MB  (683s)
step    37000/400000  eps=0.824  episodes=   77  mean_return=1685.000  mean_loss= 7.00372  mean_foundation= 14.0/52  lifetime_outcomes={'won': 0, 'stalled': 13, 'truncated': 64, 'other': 0}  rss= 1405.9MB  (693s)
step    38000/400000  eps=0.820  episodes=   79  mean_return=1515.000  mean_loss= 6.92741  mean_foundation=  2.5/52  lifetime_outcomes={'won': 0, 'stalled': 13, 'truncated': 66, 'other': 0}  rss= 1409.9MB  (704s)
step    39000/400000  eps=0.815  episodes=   81  mean_return=670.000  mean_loss= 6.86855  mean_foundation=  3.5/52  lifetime_outcomes={'won': 0, 'stalled': 13, 'truncated': 68, 'other': 0}  rss= 1414.0MB  (719s)
step    40000/400000  eps=0.810  episodes=   83  mean_return=1385.000  mean_loss= 7.03176  mean_foundation= 12.0/52  lifetime_outcomes={'won': 0, 'stalled': 13, 'truncated': 70, 'other': 0}  rss= 1418.0MB  (726s)
  EVAL  step    40000  win_rate=0.00%  mean_return=251.456  mean_foundation=  2.8/52  mean_length=474.4  (greedy, 100 fixed deals)
step    41000/400000  eps=0.805  episodes=   85  mean_return=1575.000  mean_loss= 6.90338  mean_foundation=  8.0/52  lifetime_outcomes={'won': 0, 'stalled': 13, 'truncated': 72, 'other': 0}  rss= 1422.0MB  (889s)
step    42000/400000  eps=0.800  episodes=   87  mean_return=1230.160  mean_loss= 6.90268  mean_foundation= 13.0/52  lifetime_outcomes={'won': 0, 'stalled': 14, 'truncated': 73, 'other': 0}  rss= 1426.0MB  (897s)
step    43000/400000  eps=0.796  episodes=   89  mean_return=695.000  mean_loss= 6.93264  mean_foundation=  3.5/52  lifetime_outcomes={'won': 0, 'stalled': 14, 'truncated': 75, 'other': 0}  rss= 1430.1MB  (905s)
step    44000/400000  eps=0.791  episodes=   91  mean_return=990.000  mean_loss= 6.76524  mean_foundation=  9.5/52  lifetime_outcomes={'won': 0, 'stalled': 14, 'truncated': 77, 'other': 0}  rss= 1434.1MB  (913s)
step    45000/400000  eps=0.786  episodes=   94  mean_return=1605.997  mean_loss= 6.89471  mean_foundation= 13.3/52  lifetime_outcomes={'won': 0, 'stalled': 16, 'truncated': 78, 'other': 0}  rss= 1438.1MB  (922s)
step    46000/400000  eps=0.781  episodes=   97  mean_return=1249.760  mean_loss= 6.79259  mean_foundation= 10.0/52  lifetime_outcomes={'won': 0, 'stalled': 18, 'truncated': 79, 'other': 0}  rss= 1440.1MB  (935s)
step    47000/400000  eps=0.777  episodes=   99  mean_return=1125.000  mean_loss= 6.76090  mean_foundation=  8.5/52  lifetime_outcomes={'won': 0, 'stalled': 18, 'truncated': 81, 'other': 0}  rss= 1446.2MB  (944s)
step    48000/400000  eps=0.772  episodes=  101  mean_return=1010.775  mean_loss= 6.77836  mean_foundation=  9.5/52  lifetime_outcomes={'won': 0, 'stalled': 19, 'truncated': 82, 'other': 0}  rss= 1448.2MB  (955s)
step    49000/400000  eps=0.767  episodes=  103  mean_return=1530.500  mean_loss= 6.60533  mean_foundation= 17.5/52  lifetime_outcomes={'won': 0, 'stalled': 20, 'truncated': 83, 'other': 0}  rss= 1454.3MB  (967s)
step    50000/400000  eps=0.762  episodes=  105  mean_return=1030.000  mean_loss= 6.56239  mean_foundation= 12.0/52  lifetime_outcomes={'won': 0, 'stalled': 20, 'truncated': 85, 'other': 0}  rss= 1458.4MB  (979s)
  EVAL  step    50000  win_rate=0.00%  mean_return=237.858  mean_foundation=  2.9/52  mean_length=414.4  (greedy, 100 fixed deals)
step    51000/400000  eps=0.758  episodes=  107  mean_return=535.000  mean_loss= 6.56299  mean_foundation=  3.5/52  lifetime_outcomes={'won': 0, 'stalled': 20, 'truncated': 87, 'other': 0}  rss= 1460.4MB  (1140s)
step    52000/400000  eps=0.753  episodes=  109  mean_return=1205.000  mean_loss= 6.58017  mean_foundation= 13.5/52  lifetime_outcomes={'won': 0, 'stalled': 20, 'truncated': 89, 'other': 0}  rss= 1466.4MB  (1153s)
step    53000/400000  eps=0.748  episodes=  112  mean_return=1239.363  mean_loss= 6.62138  mean_foundation= 11.0/52  lifetime_outcomes={'won': 0, 'stalled': 23, 'truncated': 89, 'other': 0}  rss= 1468.4MB  (1164s)
step    54000/400000  eps=0.744  episodes=  114  mean_return=491.570  mean_loss= 6.46700  mean_foundation=  7.5/52  lifetime_outcomes={'won': 0, 'stalled': 24, 'truncated': 90, 'other': 0}  rss= 1474.5MB  (1175s)
step    55000/400000  eps=0.739  episodes=  117  mean_return=1165.240  mean_loss= 6.48236  mean_foundation=  7.3/52  lifetime_outcomes={'won': 0, 'stalled': 25, 'truncated': 92, 'other': 0}  rss= 1476.5MB  (1187s)
step    56000/400000  eps=0.734  episodes=  119  mean_return=1265.000  mean_loss= 6.54446  mean_foundation=  6.0/52  lifetime_outcomes={'won': 0, 'stalled': 25, 'truncated': 94, 'other': 0}  rss= 1482.5MB  (1201s)
step    57000/400000  eps=0.729  episodes=  121  mean_return=1445.180  mean_loss= 6.26202  mean_foundation= 22.0/52  lifetime_outcomes={'won': 0, 'stalled': 26, 'truncated': 95, 'other': 0}  rss= 1486.5MB  (1212s)
step    58000/400000  eps=0.725  episodes=  123  mean_return=1295.370  mean_loss= 6.29481  mean_foundation= 10.0/52  lifetime_outcomes={'won': 0, 'stalled': 27, 'truncated': 96, 'other': 0}  rss= 1488.6MB  (1222s)
step    59000/400000  eps=0.720  episodes=  125  mean_return=340.000  mean_loss= 6.25128  mean_foundation=  2.5/52  lifetime_outcomes={'won': 0, 'stalled': 27, 'truncated': 98, 'other': 0}  rss= 1494.6MB  (1232s)
step    60000/400000  eps=0.715  episodes=  127  mean_return=1250.645  mean_loss= 6.26012  mean_foundation= 20.0/52  lifetime_outcomes={'won': 0, 'stalled': 28, 'truncated': 99, 'other': 0}  rss= 1496.6MB  (1248s)
  EVAL  step    60000  win_rate=0.00%  mean_return=239.464  mean_foundation=  2.9/52  mean_length=433.8  (greedy, 100 fixed deals)
step    61000/400000  eps=0.710  episodes=  129  mean_return=1180.505  mean_loss= 6.38495  mean_foundation=  7.5/52  lifetime_outcomes={'won': 0, 'stalled': 29, 'truncated': 100, 'other': 0}  rss= 1502.6MB  (1415s)
step    62000/400000  eps=0.706  episodes=  131  mean_return=1205.000  mean_loss= 6.05109  mean_foundation= 18.5/52  lifetime_outcomes={'won': 0, 'stalled': 29, 'truncated': 102, 'other': 0}  rss= 1504.6MB  (1425s)
step    63000/400000  eps=0.701  episodes=  133  mean_return=895.105  mean_loss= 6.29882  mean_foundation=  5.5/52  lifetime_outcomes={'won': 0, 'stalled': 30, 'truncated': 103, 'other': 0}  rss= 1508.7MB  (1435s)
step    64000/400000  eps=0.696  episodes=  135  mean_return=1095.000  mean_loss= 5.97786  mean_foundation=  9.0/52  lifetime_outcomes={'won': 0, 'stalled': 30, 'truncated': 105, 'other': 0}  rss= 1512.7MB  (1447s)
step    65000/400000  eps=0.691  episodes=  138  mean_return=855.773  mean_loss= 6.07376  mean_foundation=  3.3/52  lifetime_outcomes={'won': 0, 'stalled': 31, 'truncated': 107, 'other': 0}  rss= 1516.7MB  (1459s)
step    66000/400000  eps=0.686  episodes=  140  mean_return=1590.000  mean_loss= 6.08072  mean_foundation= 16.5/52  lifetime_outcomes={'won': 0, 'stalled': 31, 'truncated': 109, 'other': 0}  rss= 1522.7MB  (1468s)
step    67000/400000  eps=0.682  episodes=  142  mean_return=1526.145  mean_loss= 6.34051  mean_foundation= 11.5/52  lifetime_outcomes={'won': 0, 'stalled': 32, 'truncated': 110, 'other': 0}  rss= 1524.8MB  (1480s)
step    68000/400000  eps=0.677  episodes=  144  mean_return=1050.140  mean_loss= 6.03962  mean_foundation= 17.5/52  lifetime_outcomes={'won': 0, 'stalled': 33, 'truncated': 111, 'other': 0}  rss= 1528.8MB  (1496s)
step    69000/400000  eps=0.672  episodes=  146  mean_return=955.000  mean_loss= 6.02321  mean_foundation=  5.5/52  lifetime_outcomes={'won': 0, 'stalled': 33, 'truncated': 113, 'other': 0}  rss= 1532.9MB  (1507s)
step    70000/400000  eps=0.667  episodes=  149  mean_return=1219.267  mean_loss= 5.89197  mean_foundation=  8.7/52  lifetime_outcomes={'won': 0, 'stalled': 34, 'truncated': 115, 'other': 0}  rss= 1536.9MB  (1517s)
  EVAL  step    70000  win_rate=0.00%  mean_return=288.910  mean_foundation=  4.6/52  mean_length=379.3  (greedy, 100 fixed deals)
step    71000/400000  eps=0.663  episodes=  151  mean_return=1565.745  mean_loss= 5.85307  mean_foundation= 13.5/52  lifetime_outcomes={'won': 0, 'stalled': 36, 'truncated': 115, 'other': 0}  rss= 1541.0MB  (1650s)
step    72000/400000  eps=0.658  episodes=  153  mean_return=1000.000  mean_loss= 5.96928  mean_foundation= 12.5/52  lifetime_outcomes={'won': 0, 'stalled': 36, 'truncated': 117, 'other': 0}  rss= 1545.0MB  (1660s)
step    73000/400000  eps=0.653  episodes=  156  mean_return=1119.913  mean_loss= 5.89886  mean_foundation= 14.0/52  lifetime_outcomes={'won': 0, 'stalled': 38, 'truncated': 118, 'other': 0}  rss= 1549.1MB  (1670s)
step    74000/400000  eps=0.649  episodes=  158  mean_return=1680.625  mean_loss= 5.98569  mean_foundation= 21.0/52  lifetime_outcomes={'won': 0, 'stalled': 40, 'truncated': 118, 'other': 0}  rss= 1553.1MB  (1682s)
step    75000/400000  eps=0.644  episodes=  160  mean_return=655.000  mean_loss= 5.92597  mean_foundation=  8.5/52  lifetime_outcomes={'won': 0, 'stalled': 40, 'truncated': 120, 'other': 0}  rss= 1557.1MB  (1695s)
step    76000/400000  eps=0.639  episodes=  163  mean_return=912.210  mean_loss= 5.76079  mean_foundation=  6.0/52  lifetime_outcomes={'won': 0, 'stalled': 41, 'truncated': 122, 'other': 0}  rss= 1561.1MB  (1705s)
step    77000/400000  eps=0.634  episodes=  165  mean_return=920.000  mean_loss= 5.90766  mean_foundation=  7.5/52  lifetime_outcomes={'won': 0, 'stalled': 41, 'truncated': 124, 'other': 0}  rss= 1565.1MB  (1713s)
step    78000/400000  eps=0.629  episodes=  167  mean_return=681.315  mean_loss= 5.94884  mean_foundation=  4.0/52  lifetime_outcomes={'won': 0, 'stalled': 42, 'truncated': 125, 'other': 0}  rss= 1567.2MB  (1721s)
step    79000/400000  eps=0.625  episodes=  169  mean_return=715.000  mean_loss= 5.71586  mean_foundation=  5.5/52  lifetime_outcomes={'won': 0, 'stalled': 42, 'truncated': 127, 'other': 0}  rss= 1573.2MB  (1728s)
step    80000/400000  eps=0.620  episodes=  172  mean_return=1332.880  mean_loss= 5.68161  mean_foundation= 17.7/52  lifetime_outcomes={'won': 0, 'stalled': 45, 'truncated': 127, 'other': 0}  rss= 1575.2MB  (1737s)
  EVAL  step    80000  win_rate=0.00%  mean_return=319.782  mean_foundation=  3.1/52  mean_length=491.8  (greedy, 100 fixed deals)
step    81000/400000  eps=0.615  episodes=  174  mean_return=505.000  mean_loss= 5.60728  mean_foundation=  1.0/52  lifetime_outcomes={'won': 0, 'stalled': 45, 'truncated': 129, 'other': 0}  rss= 1581.3MB  (1830s)
step    82000/400000  eps=0.611  episodes=  176  mean_return=3840.530  mean_loss= 5.69161  mean_foundation= 32.0/52  lifetime_outcomes={'won': 1, 'stalled': 45, 'truncated': 130, 'other': 0}  rss= 1585.3MB  (1837s)
step    83000/400000  eps=0.606  episodes=  179  mean_return=1019.540  mean_loss= 5.70333  mean_foundation=  8.0/52  lifetime_outcomes={'won': 1, 'stalled': 46, 'truncated': 132, 'other': 0}  rss= 1589.3MB  (1843s)
step    84000/400000  eps=0.601  episodes=  181  mean_return=775.000  mean_loss= 5.64249  mean_foundation=  7.0/52  lifetime_outcomes={'won': 1, 'stalled': 46, 'truncated': 134, 'other': 0}  rss= 1593.4MB  (1848s)
step    85000/400000  eps=0.596  episodes=  183  mean_return=1125.000  mean_loss= 5.83241  mean_foundation= 20.0/52  lifetime_outcomes={'won': 1, 'stalled': 46, 'truncated': 136, 'other': 0}  rss= 1595.4MB  (1851s)
step    86000/400000  eps=0.592  episodes=  185  mean_return=1200.000  mean_loss= 5.97457  mean_foundation= 17.5/52  lifetime_outcomes={'won': 1, 'stalled': 46, 'truncated': 138, 'other': 0}  rss= 1601.4MB  (1854s)
step    87000/400000  eps=0.587  episodes=  187  mean_return=1010.310  mean_loss= 5.87558  mean_foundation= 11.0/52  lifetime_outcomes={'won': 1, 'stalled': 47, 'truncated': 139, 'other': 0}  rss= 1603.4MB  (1857s)
step    88000/400000  eps=0.582  episodes=  189  mean_return=835.000  mean_loss= 5.87849  mean_foundation=  5.5/52  lifetime_outcomes={'won': 1, 'stalled': 47, 'truncated': 141, 'other': 0}  rss= 1609.5MB  (1859s)
step    89000/400000  eps=0.577  episodes=  191  mean_return=1446.010  mean_loss= 5.94723  mean_foundation= 15.5/52  lifetime_outcomes={'won': 1, 'stalled': 49, 'truncated': 141, 'other': 0}  rss= 1613.5MB  (1862s)
step    90000/400000  eps=0.573  episodes=  193  mean_return=330.000  mean_loss= 5.53687  mean_foundation=  3.5/52  lifetime_outcomes={'won': 1, 'stalled': 49, 'truncated': 143, 'other': 0}  rss= 1615.5MB  (1866s)
  EVAL  step    90000  win_rate=0.00%  mean_return=290.387  mean_foundation=  3.0/52  mean_length=491.3  (greedy, 100 fixed deals)
step    91000/400000  eps=0.568  episodes=  195  mean_return=1625.205  mean_loss= 5.85953  mean_foundation= 25.5/52  lifetime_outcomes={'won': 1, 'stalled': 50, 'truncated': 144, 'other': 0}  rss= 1621.5MB  (1914s)
step    92000/400000  eps=0.563  episodes=  197  mean_return=570.000  mean_loss= 5.67409  mean_foundation=  5.5/52  lifetime_outcomes={'won': 1, 'stalled': 50, 'truncated': 146, 'other': 0}  rss= 1623.6MB  (1917s)
step    93000/400000  eps=0.558  episodes=  200  mean_return=1532.310  mean_loss= 5.51775  mean_foundation= 20.7/52  lifetime_outcomes={'won': 1, 'stalled': 52, 'truncated': 147, 'other': 0}  rss= 1629.6MB  (1920s)
step    94000/400000  eps=0.554  episodes=  202  mean_return=925.435  mean_loss= 5.63796  mean_foundation= 13.5/52  lifetime_outcomes={'won': 1, 'stalled': 54, 'truncated': 147, 'other': 0}  rss= 1631.6MB  (1923s)
step    95000/400000  eps=0.549  episodes=  204  mean_return=1705.000  mean_loss= 5.54127  mean_foundation= 31.5/52  lifetime_outcomes={'won': 1, 'stalled': 54, 'truncated': 149, 'other': 0}  rss= 1635.6MB  (1926s)
step    96000/400000  eps=0.544  episodes=  206  mean_return=1070.285  mean_loss= 5.39717  mean_foundation=  7.5/52  lifetime_outcomes={'won': 1, 'stalled': 55, 'truncated': 150, 'other': 0}  rss= 1639.7MB  (1929s)
step    97000/400000  eps=0.539  episodes=  209  mean_return=1186.650  mean_loss= 5.42262  mean_foundation= 21.0/52  lifetime_outcomes={'won': 1, 'stalled': 57, 'truncated': 151, 'other': 0}  rss= 1643.7MB  (1932s)
step    98000/400000  eps=0.534  episodes=  211  mean_return=915.000  mean_loss= 5.57873  mean_foundation=  6.5/52  lifetime_outcomes={'won': 1, 'stalled': 57, 'truncated': 153, 'other': 0}  rss= 1647.9MB  (1935s)
step    99000/400000  eps=0.530  episodes=  214  mean_return=1259.230  mean_loss= 5.14313  mean_foundation= 18.3/52  lifetime_outcomes={'won': 1, 'stalled': 58, 'truncated': 155, 'other': 0}  rss= 1650.3MB  (1939s)
step   100000/400000  eps=0.525  episodes=  216  mean_return=1015.230  mean_loss= 5.49106  mean_foundation= 15.0/52  lifetime_outcomes={'won': 1, 'stalled': 59, 'truncated': 156, 'other': 0}  rss= 1652.0MB  (1943s)
  EVAL  step   100000  win_rate=0.00%  mean_return=327.346  mean_foundation=  4.1/52  mean_length=435.6  (greedy, 100 fixed deals)
step   101000/400000  eps=0.520  episodes=  218  mean_return=1650.725  mean_loss= 5.33418  mean_foundation= 19.5/52  lifetime_outcomes={'won': 1, 'stalled': 60, 'truncated': 157, 'other': 0}  rss= 1652.0MB  (2083s)
step   102000/400000  eps=0.516  episodes=  220  mean_return=1065.000  mean_loss= 5.49905  mean_foundation= 17.5/52  lifetime_outcomes={'won': 1, 'stalled': 60, 'truncated': 159, 'other': 0}  rss= 1652.0MB  (2093s)
step   103000/400000  eps=0.511  episodes=  222  mean_return=955.000  mean_loss= 5.59900  mean_foundation= 11.0/52  lifetime_outcomes={'won': 1, 'stalled': 60, 'truncated': 161, 'other': 0}  rss= 1652.0MB  (2104s)
step   104000/400000  eps=0.506  episodes=  224  mean_return=1140.915  mean_loss= 5.44056  mean_foundation=  9.0/52  lifetime_outcomes={'won': 1, 'stalled': 61, 'truncated': 162, 'other': 0}  rss= 1652.0MB  (2117s)
step   105000/400000  eps=0.501  episodes=  226  mean_return=1790.265  mean_loss= 5.48096  mean_foundation= 34.0/52  lifetime_outcomes={'won': 1, 'stalled': 62, 'truncated': 163, 'other': 0}  rss= 1652.0MB  (2128s)
step   106000/400000  eps=0.497  episodes=  229  mean_return=769.377  mean_loss= 5.37422  mean_foundation=  7.7/52  lifetime_outcomes={'won': 1, 'stalled': 64, 'truncated': 164, 'other': 0}  rss= 1652.0MB  (2139s)
step   107000/400000  eps=0.492  episodes=  231  mean_return=1480.230  mean_loss= 5.33522  mean_foundation= 12.5/52  lifetime_outcomes={'won': 1, 'stalled': 65, 'truncated': 165, 'other': 0}  rss= 1652.0MB  (2152s)
step   108000/400000  eps=0.487  episodes=  233  mean_return=1140.000  mean_loss= 5.55052  mean_foundation= 11.0/52  lifetime_outcomes={'won': 1, 'stalled': 65, 'truncated': 167, 'other': 0}  rss= 1652.0MB  (2167s)
step   109000/400000  eps=0.482  episodes=  235  mean_return=340.000  mean_loss= 5.62645  mean_foundation=  2.0/52  lifetime_outcomes={'won': 1, 'stalled': 65, 'truncated': 169, 'other': 0}  rss= 1652.0MB  (2177s)
step   110000/400000  eps=0.478  episodes=  237  mean_return=1150.330  mean_loss= 5.35521  mean_foundation= 19.5/52  lifetime_outcomes={'won': 1, 'stalled': 66, 'truncated': 170, 'other': 0}  rss= 1652.0MB  (2189s)
  EVAL  step   110000  win_rate=0.00%  mean_return=330.143  mean_foundation=  2.9/52  mean_length=495.7  (greedy, 100 fixed deals)
step   111000/400000  eps=0.473  episodes=  239  mean_return=725.000  mean_loss= 5.13978  mean_foundation=  9.0/52  lifetime_outcomes={'won': 1, 'stalled': 66, 'truncated': 172, 'other': 0}  rss= 1652.0MB  (2389s)
step   112000/400000  eps=0.468  episodes=  241  mean_return=3815.435  mean_loss= 5.70075  mean_foundation= 27.5/52  lifetime_outcomes={'won': 2, 'stalled': 66, 'truncated': 173, 'other': 0}  rss= 1652.0MB  (2403s)
step   113000/400000  eps=0.463  episodes=  243  mean_return=1145.000  mean_loss= 5.68813  mean_foundation= 17.5/52  lifetime_outcomes={'won': 2, 'stalled': 66, 'truncated': 175, 'other': 0}  rss= 1652.0MB  (2414s)
step   114000/400000  eps=0.459  episodes=  245  mean_return=320.000  mean_loss= 5.69573  mean_foundation=  2.0/52  lifetime_outcomes={'won': 2, 'stalled': 66, 'truncated': 177, 'other': 0}  rss= 1652.0MB  (2423s)
step   115000/400000  eps=0.454  episodes=  248  mean_return=1578.933  mean_loss= 5.60706  mean_foundation= 22.7/52  lifetime_outcomes={'won': 2, 'stalled': 68, 'truncated': 178, 'other': 0}  rss= 1652.0MB  (2435s)
step   116000/400000  eps=0.449  episodes=  250  mean_return=640.920  mean_loss= 5.62718  mean_foundation=  5.5/52  lifetime_outcomes={'won': 2, 'stalled': 70, 'truncated': 178, 'other': 0}  rss= 1652.0MB  (2451s)
step   117000/400000  eps=0.444  episodes=  252  mean_return=1140.000  mean_loss= 5.38774  mean_foundation=  8.0/52  lifetime_outcomes={'won': 2, 'stalled': 70, 'truncated': 180, 'other': 0}  rss= 1652.0MB  (2463s)
step   118000/400000  eps=0.440  episodes=  255  mean_return=1232.820  mean_loss= 5.55120  mean_foundation= 12.3/52  lifetime_outcomes={'won': 2, 'stalled': 72, 'truncated': 181, 'other': 0}  rss= 1652.0MB  (2474s)
step   119000/400000  eps=0.435  episodes=  257  mean_return=1090.000  mean_loss= 5.61458  mean_foundation=  3.5/52  lifetime_outcomes={'won': 2, 'stalled': 72, 'truncated': 183, 'other': 0}  rss= 1652.0MB  (2487s)
step   120000/400000  eps=0.430  episodes=  259  mean_return=765.000  mean_loss= 5.54841  mean_foundation=  7.0/52  lifetime_outcomes={'won': 2, 'stalled': 72, 'truncated': 185, 'other': 0}  rss= 1652.0MB  (2505s)
  EVAL  step   120000  win_rate=0.00%  mean_return=302.454  mean_foundation=  3.7/52  mean_length=424.8  (greedy, 100 fixed deals)
step   121000/400000  eps=0.425  episodes=  261  mean_return=1320.000  mean_loss= 5.23697  mean_foundation= 25.0/52  lifetime_outcomes={'won': 2, 'stalled': 72, 'truncated': 187, 'other': 0}  rss= 1652.0MB  (2681s)
step   122000/400000  eps=0.420  episodes=  263  mean_return=725.275  mean_loss= 5.19680  mean_foundation=  8.0/52  lifetime_outcomes={'won': 2, 'stalled': 73, 'truncated': 188, 'other': 0}  rss= 1652.0MB  (2692s)
step   123000/400000  eps=0.416  episodes=  265  mean_return=1191.050  mean_loss= 5.33140  mean_foundation= 23.0/52  lifetime_outcomes={'won': 2, 'stalled': 74, 'truncated': 189, 'other': 0}  rss= 1652.0MB  (2703s)
step   124000/400000  eps=0.411  episodes=  267  mean_return=1475.000  mean_loss= 5.31602  mean_foundation= 17.0/52  lifetime_outcomes={'won': 2, 'stalled': 74, 'truncated': 191, 'other': 0}  rss= 1652.0MB  (2718s)
step   125000/400000  eps=0.406  episodes=  270  mean_return=1168.730  mean_loss= 5.46306  mean_foundation= 14.7/52  lifetime_outcomes={'won': 2, 'stalled': 75, 'truncated': 193, 'other': 0}  rss= 1652.0MB  (2733s)
step   126000/400000  eps=0.402  episodes=  272  mean_return=1170.000  mean_loss= 5.47621  mean_foundation= 15.5/52  lifetime_outcomes={'won': 2, 'stalled': 75, 'truncated': 195, 'other': 0}  rss= 1652.0MB  (2745s)
step   127000/400000  eps=0.397  episodes=  274  mean_return=1225.000  mean_loss= 5.35967  mean_foundation= 13.5/52  lifetime_outcomes={'won': 2, 'stalled': 75, 'truncated': 197, 'other': 0}  rss= 1652.0MB  (2758s)
step   128000/400000  eps=0.392  episodes=  276  mean_return=1035.210  mean_loss= 5.29931  mean_foundation= 10.5/52  lifetime_outcomes={'won': 2, 'stalled': 76, 'truncated': 198, 'other': 0}  rss= 1652.0MB  (2772s)
step   129000/400000  eps=0.387  episodes=  278  mean_return=1335.000  mean_loss= 5.56975  mean_foundation= 16.5/52  lifetime_outcomes={'won': 2, 'stalled': 76, 'truncated': 200, 'other': 0}  rss= 1652.0MB  (2792s)
step   130000/400000  eps=0.383  episodes=  280  mean_return=905.000  mean_loss= 5.21481  mean_foundation=  4.5/52  lifetime_outcomes={'won': 2, 'stalled': 76, 'truncated': 202, 'other': 0}  rss= 1652.0MB  (2803s)
  EVAL  step   130000  win_rate=0.00%  mean_return=332.216  mean_foundation=  3.3/52  mean_length=478.5  (greedy, 100 fixed deals)
step   131000/400000  eps=0.378  episodes=  282  mean_return=1135.270  mean_loss= 5.44640  mean_foundation=  7.0/52  lifetime_outcomes={'won': 2, 'stalled': 77, 'truncated': 203, 'other': 0}  rss= 1652.0MB  (2961s)
step   132000/400000  eps=0.373  episodes=  284  mean_return=1330.365  mean_loss= 5.09222  mean_foundation= 21.5/52  lifetime_outcomes={'won': 2, 'stalled': 78, 'truncated': 204, 'other': 0}  rss= 1652.0MB  (2969s)
step   133000/400000  eps=0.368  episodes=  286  mean_return=825.000  mean_loss= 5.23121  mean_foundation= 11.5/52  lifetime_outcomes={'won': 2, 'stalled': 78, 'truncated': 206, 'other': 0}  rss= 1652.0MB  (2976s)
step   134000/400000  eps=0.364  episodes=  288  mean_return=780.935  mean_loss= 5.36850  mean_foundation=  8.0/52  lifetime_outcomes={'won': 2, 'stalled': 79, 'truncated': 207, 'other': 0}  rss= 1652.0MB  (2985s)
step   135000/400000  eps=0.359  episodes=  291  mean_return=963.040  mean_loss= 5.02917  mean_foundation= 10.7/52  lifetime_outcomes={'won': 2, 'stalled': 81, 'truncated': 208, 'other': 0}  rss= 1652.0MB  (2998s)
step   136000/400000  eps=0.354  episodes=  293  mean_return=1445.140  mean_loss= 5.30845  mean_foundation= 23.5/52  lifetime_outcomes={'won': 2, 'stalled': 82, 'truncated': 209, 'other': 0}  rss= 1652.0MB  (3012s)
step   137000/400000  eps=0.349  episodes=  296  mean_return=1279.423  mean_loss= 5.24387  mean_foundation= 24.0/52  lifetime_outcomes={'won': 2, 'stalled': 84, 'truncated': 210, 'other': 0}  rss= 1652.0MB  (3022s)
step   138000/400000  eps=0.345  episodes=  298  mean_return=1041.600  mean_loss= 4.85777  mean_foundation= 14.0/52  lifetime_outcomes={'won': 2, 'stalled': 85, 'truncated': 211, 'other': 0}  rss= 1652.0MB  (3030s)
step   139000/400000  eps=0.340  episodes=  301  mean_return=868.457  mean_loss= 5.22910  mean_foundation=  7.0/52  lifetime_outcomes={'won': 2, 'stalled': 86, 'truncated': 213, 'other': 0}  rss= 1652.0MB  (3036s)
step   140000/400000  eps=0.335  episodes=  303  mean_return=665.000  mean_loss= 5.39158  mean_foundation=  3.0/52  lifetime_outcomes={'won': 2, 'stalled': 86, 'truncated': 215, 'other': 0}  rss= 1652.0MB  (3043s)
  EVAL  step   140000  win_rate=0.00%  mean_return=282.089  mean_foundation=  2.7/52  mean_length=491.1  (greedy, 100 fixed deals)
step   141000/400000  eps=0.330  episodes=  305  mean_return=360.735  mean_loss= 4.93319  mean_foundation=  5.5/52  lifetime_outcomes={'won': 2, 'stalled': 87, 'truncated': 216, 'other': 0}  rss= 1652.0MB  (3171s)
step   142000/400000  eps=0.326  episodes=  307  mean_return=1395.550  mean_loss= 5.06573  mean_foundation= 14.0/52  lifetime_outcomes={'won': 2, 'stalled': 88, 'truncated': 217, 'other': 0}  rss= 1652.0MB  (3181s)
step   143000/400000  eps=0.321  episodes=  309  mean_return=1580.525  mean_loss= 5.09550  mean_foundation= 27.5/52  lifetime_outcomes={'won': 2, 'stalled': 89, 'truncated': 218, 'other': 0}  rss= 1652.0MB  (3193s)
step   144000/400000  eps=0.316  episodes=  311  mean_return=1470.000  mean_loss= 5.02531  mean_foundation= 17.0/52  lifetime_outcomes={'won': 2, 'stalled': 89, 'truncated': 220, 'other': 0}  rss= 1652.0MB  (3207s)
step   145000/400000  eps=0.311  episodes=  313  mean_return=1390.165  mean_loss= 4.88579  mean_foundation= 18.5/52  lifetime_outcomes={'won': 2, 'stalled': 90, 'truncated': 221, 'other': 0}  rss= 1652.0MB  (3220s)
step   146000/400000  eps=0.306  episodes=  315  mean_return=1325.000  mean_loss= 4.96167  mean_foundation= 13.0/52  lifetime_outcomes={'won': 2, 'stalled': 90, 'truncated': 223, 'other': 0}  rss= 1652.0MB  (3233s)
step   147000/400000  eps=0.302  episodes=  317  mean_return=585.000  mean_loss= 5.03553  mean_foundation=  4.0/52  lifetime_outcomes={'won': 2, 'stalled': 90, 'truncated': 225, 'other': 0}  rss= 1652.0MB  (3241s)
step   148000/400000  eps=0.297  episodes=  319  mean_return=1030.000  mean_loss= 4.99783  mean_foundation=  9.5/52  lifetime_outcomes={'won': 2, 'stalled': 90, 'truncated': 227, 'other': 0}  rss= 1652.0MB  (3249s)
step   149000/400000  eps=0.292  episodes=  321  mean_return=615.325  mean_loss= 4.65560  mean_foundation=  4.0/52  lifetime_outcomes={'won': 2, 'stalled': 91, 'truncated': 228, 'other': 0}  rss= 1652.0MB  (3256s)
step   150000/400000  eps=0.288  episodes=  325  mean_return=661.365  mean_loss= 5.05157  mean_foundation=  7.8/52  lifetime_outcomes={'won': 2, 'stalled': 93, 'truncated': 230, 'other': 0}  rss= 1652.0MB  (3265s)
  EVAL  step   150000  win_rate=0.00%  mean_return=340.147  mean_foundation=  4.5/52  mean_length=405.5  (greedy, 100 fixed deals)
step   151000/400000  eps=0.283  episodes=  327  mean_return=935.455  mean_loss= 5.01511  mean_foundation= 10.0/52  lifetime_outcomes={'won': 2, 'stalled': 94, 'truncated': 231, 'other': 0}  rss= 1652.0MB  (3407s)
step   152000/400000  eps=0.278  episodes=  329  mean_return=1120.025  mean_loss= 4.77885  mean_foundation= 24.0/52  lifetime_outcomes={'won': 2, 'stalled': 95, 'truncated': 232, 'other': 0}  rss= 1652.0MB  (3415s)
step   153000/400000  eps=0.273  episodes=  331  mean_return=1255.000  mean_loss= 4.75162  mean_foundation= 12.0/52  lifetime_outcomes={'won': 2, 'stalled': 95, 'truncated': 234, 'other': 0}  rss= 1652.0MB  (3422s)
step   154000/400000  eps=0.269  episodes=  333  mean_return=995.245  mean_loss= 4.81473  mean_foundation= 20.0/52  lifetime_outcomes={'won': 2, 'stalled': 96, 'truncated': 235, 'other': 0}  rss= 1652.0MB  (3429s)
step   155000/400000  eps=0.264  episodes=  335  mean_return=1740.000  mean_loss= 4.81846  mean_foundation= 22.5/52  lifetime_outcomes={'won': 2, 'stalled': 96, 'truncated': 237, 'other': 0}  rss= 1652.0MB  (3436s)
step   156000/400000  eps=0.259  episodes=  337  mean_return=480.000  mean_loss= 4.84281  mean_foundation=  3.5/52  lifetime_outcomes={'won': 2, 'stalled': 96, 'truncated': 239, 'other': 0}  rss= 1652.0MB  (3443s)
step   157000/400000  eps=0.254  episodes=  339  mean_return=1140.000  mean_loss= 4.75388  mean_foundation= 17.5/52  lifetime_outcomes={'won': 2, 'stalled': 96, 'truncated': 241, 'other': 0}  rss= 1652.0MB  (3451s)
step   158000/400000  eps=0.250  episodes=  341  mean_return=760.000  mean_loss= 4.83353  mean_foundation=  6.5/52  lifetime_outcomes={'won': 2, 'stalled': 96, 'truncated': 243, 'other': 0}  rss= 1652.0MB  (3467s)
step   159000/400000  eps=0.245  episodes=  343  mean_return=356.070  mean_loss= 4.60474  mean_foundation=  3.0/52  lifetime_outcomes={'won': 2, 'stalled': 97, 'truncated': 244, 'other': 0}  rss= 1652.0MB  (3482s)
step   160000/400000  eps=0.240  episodes=  345  mean_return=1065.000  mean_loss= 4.55785  mean_foundation=  7.0/52  lifetime_outcomes={'won': 2, 'stalled': 97, 'truncated': 246, 'other': 0}  rss= 1652.0MB  (3491s)
  EVAL  step   160000  win_rate=0.00%  mean_return=301.633  mean_foundation=  4.6/52  mean_length=387.0  (greedy, 100 fixed deals)
step   161000/400000  eps=0.235  episodes=  347  mean_return=540.500  mean_loss= 4.39824  mean_foundation=  3.0/52  lifetime_outcomes={'won': 2, 'stalled': 98, 'truncated': 247, 'other': 0}  rss= 1652.0MB  (3599s)
step   162000/400000  eps=0.231  episodes=  350  mean_return=1076.370  mean_loss= 4.68272  mean_foundation= 16.7/52  lifetime_outcomes={'won': 2, 'stalled': 99, 'truncated': 249, 'other': 0}  rss= 1652.0MB  (3608s)
step   163000/400000  eps=0.226  episodes=  353  mean_return=846.263  mean_loss= 4.72024  mean_foundation= 11.3/52  lifetime_outcomes={'won': 2, 'stalled': 100, 'truncated': 251, 'other': 0}  rss= 1652.0MB  (3618s)
step   164000/400000  eps=0.221  episodes=  355  mean_return=1170.000  mean_loss= 4.55630  mean_foundation= 14.5/52  lifetime_outcomes={'won': 2, 'stalled': 100, 'truncated': 253, 'other': 0}  rss= 1652.0MB  (3629s)
step   165000/400000  eps=0.216  episodes=  357  mean_return=1296.115  mean_loss= 4.67726  mean_foundation= 27.5/52  lifetime_outcomes={'won': 2, 'stalled': 101, 'truncated': 254, 'other': 0}  rss= 1652.0MB  (3648s)
step   166000/400000  eps=0.212  episodes=  360  mean_return=3351.853  mean_loss= 4.65557  mean_foundation= 32.7/52  lifetime_outcomes={'won': 3, 'stalled': 101, 'truncated': 256, 'other': 0}  rss= 1652.0MB  (3658s)
step   167000/400000  eps=0.207  episodes=  362  mean_return=590.000  mean_loss= 4.45287  mean_foundation=  6.5/52  lifetime_outcomes={'won': 3, 'stalled': 101, 'truncated': 258, 'other': 0}  rss= 1652.0MB  (3666s)
step   168000/400000  eps=0.202  episodes=  364  mean_return=1230.875  mean_loss= 4.31035  mean_foundation= 16.0/52  lifetime_outcomes={'won': 3, 'stalled': 102, 'truncated': 259, 'other': 0}  rss= 1652.0MB  (3673s)
step   169000/400000  eps=0.197  episodes=  367  mean_return=760.343  mean_loss= 4.71391  mean_foundation=  7.7/52  lifetime_outcomes={'won': 3, 'stalled': 105, 'truncated': 259, 'other': 0}  rss= 1652.0MB  (3681s)
step   170000/400000  eps=0.193  episodes=  370  mean_return=1053.513  mean_loss= 4.49481  mean_foundation= 16.3/52  lifetime_outcomes={'won': 3, 'stalled': 107, 'truncated': 260, 'other': 0}  rss= 1652.0MB  (3695s)
  EVAL  step   170000  win_rate=0.00%  mean_return=325.280  mean_foundation=  3.6/52  mean_length=452.1  (greedy, 100 fixed deals)
step   171000/400000  eps=0.188  episodes=  372  mean_return=1005.000  mean_loss= 4.58632  mean_foundation= 12.0/52  lifetime_outcomes={'won': 3, 'stalled': 107, 'truncated': 262, 'other': 0}  rss= 1652.0MB  (3852s)
