run directory: runs/029_dqfd_moredemo_epsfloor_loopbreaker_solvcurriculum_freshdemo_control
eval: using 1000-seed battery from runs/eval_corpus.jsonl (first 200 of them per eval pass) instead of the fixed 900000+i range
DQfD: building 100000 permanent demo transitions from runs/curriculum_wins.jsonl
DQfD: loaded 100000 demo transitions into the permanent replay-buffer region
solvable-seed pool: loaded 1578 ground-truth-solvable seeds from runs/solvable_corpus.jsonl, used for fresh-deal resets over first 100000 steps
step     1000/400000  eps=0.996  episodes=    1  mean_return=420.000  mean_loss=     nan  mean_foundation=  3.0/52  lifetime_outcomes={'won': 0, 'stalled': 0, 'truncated': 1, 'other': 0}  rss= 1599.9MB  (1s)
step     2000/400000  eps=0.992  episodes=    2  mean_return=1680.000  mean_loss=     nan  mean_foundation=  6.0/52  lifetime_outcomes={'won': 0, 'stalled': 0, 'truncated': 2, 'other': 0}  rss= 1617.8MB  (2s)
step     3000/400000  eps=0.987  episodes=    3  mean_return=1190.000  mean_loss=     nan  mean_foundation= 11.0/52  lifetime_outcomes={'won': 0, 'stalled': 0, 'truncated': 3, 'other': 0}  rss= 1628.5MB  (2s)
step     4000/400000  eps=0.983  episodes=    4  mean_return=1430.000  mean_loss=     nan  mean_foundation=  4.0/52  lifetime_outcomes={'won': 0, 'stalled': 0, 'truncated': 4, 'other': 0}  rss= 1634.8MB  (3s)
step     5000/400000  eps=0.979  episodes=    5  mean_return=1660.000  mean_loss=48.18228  mean_foundation=  6.0/52  lifetime_outcomes={'won': 0, 'stalled': 0, 'truncated': 5, 'other': 0}  rss= 1990.1MB  (5s)
step     6000/400000  eps=0.975  episodes=    6  mean_return=790.000  mean_loss=68.90103  mean_foundation= 12.0/52  lifetime_outcomes={'won': 0, 'stalled': 0, 'truncated': 6, 'other': 0}  rss= 2003.9MB  (8s)
step     7000/400000  eps=0.970  episodes=    7  mean_return=1210.000  mean_loss=88.94082  mean_foundation=  4.0/52  lifetime_outcomes={'won': 0, 'stalled': 0, 'truncated': 7, 'other': 0}  rss= 2010.0MB  (11s)
step     8000/400000  eps=0.966  episodes=    8  mean_return=930.000  mean_loss=101.29691  mean_foundation=  5.0/52  lifetime_outcomes={'won': 0, 'stalled': 0, 'truncated': 8, 'other': 0}  rss= 2012.1MB  (14s)
step     9000/400000  eps=0.962  episodes=    9  mean_return=1550.000  mean_loss=102.17288  mean_foundation= 16.0/52  lifetime_outcomes={'won': 0, 'stalled': 0, 'truncated': 9, 'other': 0}  rss= 2018.2MB  (17s)
step    10000/400000  eps=0.958  episodes=   10  mean_return=1560.000  mean_loss=102.44951  mean_foundation=  5.0/52  lifetime_outcomes={'won': 0, 'stalled': 0, 'truncated': 10, 'other': 0}  rss= 2020.2MB  (20s)
  EVAL  step    10000  win_rate=21.00%  mean_return=2319.142  mean_foundation= 22.4/52  mean_length=920.8  (greedy, 200 fixed deals)
step    11000/400000  eps=0.953  episodes=   11  mean_return=1730.000  mean_loss=101.30611  mean_foundation=  1.0/52  lifetime_outcomes={'won': 0, 'stalled': 0, 'truncated': 11, 'other': 0}  rss= 2058.8MB  (194s)
step    12000/400000  eps=0.949  episodes=   12  mean_return=1750.000  mean_loss=98.25114  mean_foundation= 22.0/52  lifetime_outcomes={'won': 0, 'stalled': 0, 'truncated': 12, 'other': 0}  rss= 2058.8MB  (197s)
step    13000/400000  eps=0.945  episodes=   13  mean_return=1790.000  mean_loss=98.75919  mean_foundation= 18.0/52  lifetime_outcomes={'won': 0, 'stalled': 0, 'truncated': 13, 'other': 0}  rss= 2059.5MB  (200s)
step    14000/400000  eps=0.941  episodes=   14  mean_return=800.000  mean_loss=96.21616  mean_foundation=  6.0/52  lifetime_outcomes={'won': 0, 'stalled': 0, 'truncated': 14, 'other': 0}  rss= 2065.6MB  (203s)
step    15000/400000  eps=0.936  episodes=   15  mean_return=1170.000  mean_loss=96.42141  mean_foundation=  6.0/52  lifetime_outcomes={'won': 0, 'stalled': 0, 'truncated': 15, 'other': 0}  rss= 2067.6MB  (206s)
step    16000/400000  eps=0.932  episodes=   16  mean_return=1320.000  mean_loss=91.12305  mean_foundation= 11.0/52  lifetime_outcomes={'won': 0, 'stalled': 0, 'truncated': 16, 'other': 0}  rss= 2071.6MB  (210s)
step    17000/400000  eps=0.928  episodes=   17  mean_return=1540.000  mean_loss=91.67195  mean_foundation= 22.0/52  lifetime_outcomes={'won': 0, 'stalled': 0, 'truncated': 17, 'other': 0}  rss= 2075.6MB  (213s)
step    18000/400000  eps=0.923  episodes=   18  mean_return=1270.000  mean_loss=89.99359  mean_foundation= 14.0/52  lifetime_outcomes={'won': 0, 'stalled': 0, 'truncated': 18, 'other': 0}  rss= 2079.7MB  (216s)
step    19000/400000  eps=0.919  episodes=   19  mean_return=230.000  mean_loss=85.72063  mean_foundation=  8.0/52  lifetime_outcomes={'won': 0, 'stalled': 0, 'truncated': 19, 'other': 0}  rss= 2083.7MB  (219s)
step    20000/400000  eps=0.915  episodes=   20  mean_return=1820.000  mean_loss=84.73366  mean_foundation= 27.0/52  lifetime_outcomes={'won': 0, 'stalled': 0, 'truncated': 20, 'other': 0}  rss= 2087.7MB  (222s)
  EVAL  step    20000  win_rate=26.00%  mean_return=2535.103  mean_foundation= 23.3/52  mean_length=879.7  (greedy, 200 fixed deals)
step    21000/400000  eps=0.911  episodes=   21  mean_return=1490.000  mean_loss=82.35449  mean_foundation= 12.0/52  lifetime_outcomes={'won': 0, 'stalled': 0, 'truncated': 21, 'other': 0}  rss= 2108.7MB  (390s)
step    22000/400000  eps=0.906  episodes=   22  mean_return=1050.000  mean_loss=81.34369  mean_foundation= 12.0/52  lifetime_outcomes={'won': 0, 'stalled': 0, 'truncated': 22, 'other': 0}  rss= 2114.7MB  (393s)
step    23000/400000  eps=0.902  episodes=   23  mean_return=2040.000  mean_loss=82.41606  mean_foundation= 48.0/52  lifetime_outcomes={'won': 0, 'stalled': 0, 'truncated': 23, 'other': 0}  rss= 2118.8MB  (396s)
step    24000/400000  eps=0.898  episodes=   24  mean_return=570.000  mean_loss=80.32743  mean_foundation=  2.0/52  lifetime_outcomes={'won': 0, 'stalled': 0, 'truncated': 24, 'other': 0}  rss= 2122.9MB  (399s)
step    25000/400000  eps=0.894  episodes=   25  mean_return=500.000  mean_loss=81.40025  mean_foundation=  5.0/52  lifetime_outcomes={'won': 0, 'stalled': 0, 'truncated': 25, 'other': 0}  rss= 2126.9MB  (402s)
step    26000/400000  eps=0.889  episodes=   26  mean_return=1650.000  mean_loss=76.79743  mean_foundation= 13.0/52  lifetime_outcomes={'won': 0, 'stalled': 0, 'truncated': 26, 'other': 0}  rss= 2130.9MB  (405s)
step    27000/400000  eps=0.885  episodes=   27  mean_return=1570.000  mean_loss=76.19422  mean_foundation= 18.0/52  lifetime_outcomes={'won': 0, 'stalled': 0, 'truncated': 27, 'other': 0}  rss= 2134.9MB  (408s)
step    28000/400000  eps=0.881  episodes=   28  mean_return=2040.000  mean_loss=73.89276  mean_foundation= 39.0/52  lifetime_outcomes={'won': 0, 'stalled': 0, 'truncated': 28, 'other': 0}  rss= 2136.9MB  (411s)
step    29000/400000  eps=0.877  episodes=   29  mean_return=7041.270  mean_loss=74.21505  mean_foundation= 52.0/52  lifetime_outcomes={'won': 1, 'stalled': 0, 'truncated': 28, 'other': 0}  rss= 2142.9MB  (414s)
step    30000/400000  eps=0.873  episodes=   30  mean_return=920.000  mean_loss=73.26540  mean_foundation=  8.0/52  lifetime_outcomes={'won': 1, 'stalled': 0, 'truncated': 29, 'other': 0}  rss= 2145.0MB  (417s)
  EVAL  step    30000  win_rate=33.00%  mean_return=2929.174  mean_foundation= 25.4/52  mean_length=847.6  (greedy, 200 fixed deals)
step    31000/400000  eps=0.868  episodes=   31  mean_return=2040.000  mean_loss=72.08576  mean_foundation= 45.0/52  lifetime_outcomes={'won': 1, 'stalled': 0, 'truncated': 30, 'other': 0}  rss= 2151.5MB  (578s)
step    32000/400000  eps=0.864  episodes=   32  mean_return=1510.000  mean_loss=72.63638  mean_foundation= 21.0/52  lifetime_outcomes={'won': 1, 'stalled': 0, 'truncated': 31, 'other': 0}  rss= 2155.5MB  (580s)
step    33000/400000  eps=0.860  episodes=   33  mean_return=820.000  mean_loss=70.59260  mean_foundation=  2.0/52  lifetime_outcomes={'won': 1, 'stalled': 0, 'truncated': 32, 'other': 0}  rss= 2157.6MB  (583s)
step    34000/400000  eps=0.855  episodes=   34  mean_return=570.000  mean_loss=69.54611  mean_foundation=  2.0/52  lifetime_outcomes={'won': 1, 'stalled': 0, 'truncated': 33, 'other': 0}  rss= 2163.6MB  (586s)
step    35000/400000  eps=0.851  episodes=   35  mean_return=7042.740  mean_loss=69.53389  mean_foundation= 52.0/52  lifetime_outcomes={'won': 2, 'stalled': 0, 'truncated': 33, 'other': 0}  rss= 2165.6MB  (589s)
step    36000/400000  eps=0.847  episodes=   36  mean_return=1040.000  mean_loss=72.09682  mean_foundation=  1.0/52  lifetime_outcomes={'won': 2, 'stalled': 0, 'truncated': 34, 'other': 0}  rss= 2171.7MB  (592s)
step    37000/400000  eps=0.843  episodes=   37  mean_return=7042.540  mean_loss=70.33006  mean_foundation= 52.0/52  lifetime_outcomes={'won': 3, 'stalled': 0, 'truncated': 34, 'other': 0}  rss= 2173.7MB  (595s)
step    38000/400000  eps=0.839  episodes=   38  mean_return=7040.490  mean_loss=67.14519  mean_foundation= 52.0/52  lifetime_outcomes={'won': 4, 'stalled': 0, 'truncated': 34, 'other': 0}  rss= 2177.7MB  (599s)
step    39000/400000  eps=0.834  episodes=   39  mean_return=920.000  mean_loss=70.40920  mean_foundation= 13.0/52  lifetime_outcomes={'won': 4, 'stalled': 0, 'truncated': 35, 'other': 0}  rss= 2183.7MB  (602s)
step    40000/400000  eps=0.830  episodes=   40  mean_return=7040.510  mean_loss=67.50439  mean_foundation= 52.0/52  lifetime_outcomes={'won': 5, 'stalled': 0, 'truncated': 35, 'other': 0}  rss= 2185.8MB  (605s)
  EVAL  step    40000  win_rate=32.00%  mean_return=2859.606  mean_foundation= 24.7/52  mean_length=804.4  (greedy, 200 fixed deals)
step    41000/400000  eps=0.826  episodes=   41  mean_return=2040.000  mean_loss=70.02788  mean_foundation= 48.0/52  lifetime_outcomes={'won': 5, 'stalled': 0, 'truncated': 36, 'other': 0}  rss= 2191.8MB  (763s)
step    42000/400000  eps=0.822  episodes=   42  mean_return=7040.250  mean_loss=66.77410  mean_foundation= 52.0/52  lifetime_outcomes={'won': 6, 'stalled': 0, 'truncated': 36, 'other': 0}  rss= 2193.8MB  (766s)
step    43000/400000  eps=0.817  episodes=   43  mean_return=1030.000  mean_loss=65.01355  mean_foundation= 15.0/52  lifetime_outcomes={'won': 6, 'stalled': 0, 'truncated': 37, 'other': 0}  rss= 2197.8MB  (769s)
step    44000/400000  eps=0.813  episodes=   44  mean_return=2040.000  mean_loss=63.43917  mean_foundation= 49.0/52  lifetime_outcomes={'won': 6, 'stalled': 0, 'truncated': 38, 'other': 0}  rss= 2201.9MB  (772s)
step    45000/400000  eps=0.809  episodes=   45  mean_return=1380.000  mean_loss=61.14159  mean_foundation= 23.0/52  lifetime_outcomes={'won': 6, 'stalled': 0, 'truncated': 39, 'other': 0}  rss= 2205.9MB  (775s)
step    46000/400000  eps=0.804  episodes=   46  mean_return=1310.000  mean_loss=60.93874  mean_foundation= 17.0/52  lifetime_outcomes={'won': 6, 'stalled': 0, 'truncated': 40, 'other': 0}  rss= 2211.9MB  (778s)
step    47000/400000  eps=0.800  episodes=   47  mean_return=1840.000  mean_loss=59.82904  mean_foundation= 29.0/52  lifetime_outcomes={'won': 6, 'stalled': 0, 'truncated': 41, 'other': 0}  rss= 2213.9MB  (781s)
step    48000/400000  eps=0.796  episodes=   48  mean_return=7041.660  mean_loss=58.10741  mean_foundation= 52.0/52  lifetime_outcomes={'won': 7, 'stalled': 0, 'truncated': 41, 'other': 0}  rss= 2218.0MB  (784s)
step    49000/400000  eps=0.792  episodes=   49  mean_return=1250.000  mean_loss=58.31922  mean_foundation= 13.0/52  lifetime_outcomes={'won': 7, 'stalled': 0, 'truncated': 42, 'other': 0}  rss= 2222.0MB  (787s)
step    50000/400000  eps=0.787  episodes=   50  mean_return=940.000  mean_loss=59.31396  mean_foundation=  7.0/52  lifetime_outcomes={'won': 7, 'stalled': 0, 'truncated': 43, 'other': 0}  rss= 2226.0MB  (790s)
  EVAL  step    50000  win_rate=29.00%  mean_return=2773.003  mean_foundation= 24.4/52  mean_length=889.8  (greedy, 200 fixed deals)
step    51000/400000  eps=0.783  episodes=   51  mean_return=1330.000  mean_loss=58.97569  mean_foundation= 16.0/52  lifetime_outcomes={'won': 7, 'stalled': 0, 'truncated': 44, 'other': 0}  rss= 2230.1MB  (963s)
step    52000/400000  eps=0.779  episodes=   52  mean_return=770.000  mean_loss=57.54109  mean_foundation=  6.0/52  lifetime_outcomes={'won': 7, 'stalled': 0, 'truncated': 45, 'other': 0}  rss= 2234.1MB  (966s)
step    53000/400000  eps=0.775  episodes=   54  mean_return=4541.795  mean_loss=54.53572  mean_foundation= 51.0/52  lifetime_outcomes={'won': 8, 'stalled': 0, 'truncated': 46, 'other': 0}  rss= 2238.1MB  (969s)
step    54000/400000  eps=0.770  episodes=   55  mean_return=1060.000  mean_loss=53.22417  mean_foundation=  7.0/52  lifetime_outcomes={'won': 8, 'stalled': 0, 'truncated': 47, 'other': 0}  rss= 2242.1MB  (972s)
step    55000/400000  eps=0.766  episodes=   56  mean_return=860.000  mean_loss=54.86321  mean_foundation=  9.0/52  lifetime_outcomes={'won': 8, 'stalled': 0, 'truncated': 48, 'other': 0}  rss= 2246.1MB  (976s)
step    56000/400000  eps=0.762  episodes=   58  mean_return=7044.760  mean_loss=52.64300  mean_foundation= 52.0/52  lifetime_outcomes={'won': 10, 'stalled': 0, 'truncated': 48, 'other': 0}  rss= 2250.2MB  (978s)
step    57000/400000  eps=0.758  episodes=   59  mean_return=7041.520  mean_loss=52.29475  mean_foundation= 52.0/52  lifetime_outcomes={'won': 11, 'stalled': 0, 'truncated': 48, 'other': 0}  rss= 2254.2MB  (982s)
step    58000/400000  eps=0.754  episodes=   60  mean_return=1140.000  mean_loss=51.56896  mean_foundation= 11.0/52  lifetime_outcomes={'won': 11, 'stalled': 0, 'truncated': 49, 'other': 0}  rss= 2258.2MB  (985s)
step    59000/400000  eps=0.749  episodes=   61  mean_return=7041.370  mean_loss=50.78399  mean_foundation= 52.0/52  lifetime_outcomes={'won': 12, 'stalled': 0, 'truncated': 49, 'other': 0}  rss= 2262.2MB  (988s)
step    60000/400000  eps=0.745  episodes=   63  mean_return=7042.605  mean_loss=51.67679  mean_foundation= 52.0/52  lifetime_outcomes={'won': 14, 'stalled': 0, 'truncated': 49, 'other': 0}  rss= 2264.2MB  (991s)
  EVAL  step    60000  win_rate=31.50%  mean_return=2878.844  mean_foundation= 24.5/52  mean_length=845.6  (greedy, 200 fixed deals)
step    61000/400000  eps=0.741  episodes=   64  mean_return=7043.730  mean_loss=51.04400  mean_foundation= 52.0/52  lifetime_outcomes={'won': 15, 'stalled': 0, 'truncated': 49, 'other': 0}  rss= 2270.3MB  (1152s)
step    62000/400000  eps=0.736  episodes=   65  mean_return=650.000  mean_loss=49.70864  mean_foundation=  0.0/52  lifetime_outcomes={'won': 15, 'stalled': 0, 'truncated': 50, 'other': 0}  rss= 2272.3MB  (1155s)
step    63000/400000  eps=0.732  episodes=   66  mean_return=2040.000  mean_loss=49.25219  mean_foundation= 50.0/52  lifetime_outcomes={'won': 15, 'stalled': 0, 'truncated': 51, 'other': 0}  rss= 2278.3MB  (1158s)
step    64000/400000  eps=0.728  episodes=   67  mean_return=7043.530  mean_loss=49.69699  mean_foundation= 52.0/52  lifetime_outcomes={'won': 16, 'stalled': 0, 'truncated': 51, 'other': 0}  rss= 2282.4MB  (1161s)
step    65000/400000  eps=0.724  episodes=   68  mean_return=7041.150  mean_loss=49.14614  mean_foundation= 52.0/52  lifetime_outcomes={'won': 17, 'stalled': 0, 'truncated': 51, 'other': 0}  rss= 2284.4MB  (1164s)
step    66000/400000  eps=0.720  episodes=   70  mean_return=3641.065  mean_loss=47.48025  mean_foundation= 28.5/52  lifetime_outcomes={'won': 18, 'stalled': 0, 'truncated': 52, 'other': 0}  rss= 2290.4MB  (1167s)
step    67000/400000  eps=0.715  episodes=   71  mean_return=1030.000  mean_loss=47.25754  mean_foundation= 11.0/52  lifetime_outcomes={'won': 18, 'stalled': 0, 'truncated': 53, 'other': 0}  rss= 2292.4MB  (1170s)
step    68000/400000  eps=0.711  episodes=   72  mean_return=1120.000  mean_loss=46.29003  mean_foundation=  9.0/52  lifetime_outcomes={'won': 18, 'stalled': 0, 'truncated': 54, 'other': 0}  rss= 2298.5MB  (1173s)
step    69000/400000  eps=0.707  episodes=   73  mean_return=7042.680  mean_loss=45.67821  mean_foundation= 52.0/52  lifetime_outcomes={'won': 19, 'stalled': 0, 'truncated': 54, 'other': 0}  rss= 2300.5MB  (1176s)
step    70000/400000  eps=0.703  episodes=   74  mean_return=220.000  mean_loss=45.55047  mean_foundation=  4.0/52  lifetime_outcomes={'won': 19, 'stalled': 0, 'truncated': 55, 'other': 0}  rss= 2306.5MB  (1179s)
  EVAL  step    70000  win_rate=30.00%  mean_return=2799.421  mean_foundation= 24.3/52  mean_length=877.9  (greedy, 200 fixed deals)
step    71000/400000  eps=0.698  episodes=   76  mean_return=7044.520  mean_loss=47.15508  mean_foundation= 52.0/52  lifetime_outcomes={'won': 21, 'stalled': 0, 'truncated': 55, 'other': 0}  rss= 2310.5MB  (1345s)
step    72000/400000  eps=0.694  episodes=   77  mean_return=7041.640  mean_loss=45.45607  mean_foundation= 52.0/52  lifetime_outcomes={'won': 22, 'stalled': 0, 'truncated': 55, 'other': 0}  rss= 2312.6MB  (1348s)
step    73000/400000  eps=0.690  episodes=   78  mean_return=530.000  mean_loss=43.74090  mean_foundation=  7.0/52  lifetime_outcomes={'won': 22, 'stalled': 0, 'truncated': 56, 'other': 0}  rss= 2318.6MB  (1351s)
step    74000/400000  eps=0.685  episodes=   80  mean_return=7045.230  mean_loss=44.76305  mean_foundation= 52.0/52  lifetime_outcomes={'won': 24, 'stalled': 0, 'truncated': 56, 'other': 0}  rss= 2320.6MB  (1354s)
step    75000/400000  eps=0.681  episodes=   81  mean_return=7044.860  mean_loss=43.52862  mean_foundation= 52.0/52  lifetime_outcomes={'won': 25, 'stalled': 0, 'truncated': 56, 'other': 0}  rss= 2324.7MB  (1357s)
step    76000/400000  eps=0.677  episodes=   83  mean_return=3987.190  mean_loss=44.41563  mean_foundation= 26.5/52  lifetime_outcomes={'won': 26, 'stalled': 0, 'truncated': 57, 'other': 0}  rss= 2328.7MB  (1360s)
step    77000/400000  eps=0.673  episodes=   84  mean_return=480.000  mean_loss=43.10666  mean_foundation=  0.0/52  lifetime_outcomes={'won': 26, 'stalled': 0, 'truncated': 58, 'other': 0}  rss= 2332.7MB  (1364s)
step    78000/400000  eps=0.668  episodes=   85  mean_return=780.000  mean_loss=42.03645  mean_foundation=  3.0/52  lifetime_outcomes={'won': 26, 'stalled': 0, 'truncated': 59, 'other': 0}  rss= 2338.8MB  (1367s)
step    79000/400000  eps=0.664  episodes=   86  mean_return=600.000  mean_loss=42.42321  mean_foundation=  6.0/52  lifetime_outcomes={'won': 26, 'stalled': 0, 'truncated': 60, 'other': 0}  rss= 2340.8MB  (1370s)
step    80000/400000  eps=0.660  episodes=   87  mean_return=610.000  mean_loss=42.33706  mean_foundation=  1.0/52  lifetime_outcomes={'won': 26, 'stalled': 0, 'truncated': 61, 'other': 0}  rss= 2346.8MB  (1373s)
  EVAL  step    80000  win_rate=33.50%  mean_return=2951.890  mean_foundation= 24.8/52  mean_length=801.0  (greedy, 200 fixed deals)
step    81000/400000  eps=0.656  episodes=   88  mean_return=860.000  mean_loss=41.41204  mean_foundation=  5.0/52  lifetime_outcomes={'won': 26, 'stalled': 0, 'truncated': 62, 'other': 0}  rss= 2348.8MB  (1528s)
step    82000/400000  eps=0.651  episodes=   89  mean_return=570.000  mean_loss=41.20819  mean_foundation= 13.0/52  lifetime_outcomes={'won': 26, 'stalled': 0, 'truncated': 63, 'other': 0}  rss= 2352.8MB  (1531s)
step    83000/400000  eps=0.647  episodes=   90  mean_return=660.000  mean_loss=42.09792  mean_foundation=  6.0/52  lifetime_outcomes={'won': 26, 'stalled': 0, 'truncated': 64, 'other': 0}  rss= 2357.0MB  (1534s)
step    84000/400000  eps=0.643  episodes=   92  mean_return=7044.625  mean_loss=40.46817  mean_foundation= 52.0/52  lifetime_outcomes={'won': 28, 'stalled': 0, 'truncated': 64, 'other': 0}  rss= 2361.0MB  (1537s)
step    85000/400000  eps=0.639  episodes=   93  mean_return=970.000  mean_loss=41.85745  mean_foundation=  4.0/52  lifetime_outcomes={'won': 28, 'stalled': 0, 'truncated': 65, 'other': 0}  rss= 2367.1MB  (1540s)
step    86000/400000  eps=0.635  episodes=   94  mean_return=7045.440  mean_loss=38.96122  mean_foundation= 52.0/52  lifetime_outcomes={'won': 29, 'stalled': 0, 'truncated': 65, 'other': 0}  rss= 2369.1MB  (1543s)
step    87000/400000  eps=0.630  episodes=   95  mean_return=1200.000  mean_loss=39.86057  mean_foundation= 14.0/52  lifetime_outcomes={'won': 29, 'stalled': 0, 'truncated': 66, 'other': 0}  rss= 2373.1MB  (1546s)
step    88000/400000  eps=0.626  episodes=   97  mean_return=4101.430  mean_loss=39.83826  mean_foundation= 33.0/52  lifetime_outcomes={'won': 30, 'stalled': 0, 'truncated': 67, 'other': 0}  rss= 2377.2MB  (1550s)
step    89000/400000  eps=0.622  episodes=   98  mean_return=1010.000  mean_loss=39.09030  mean_foundation=  7.0/52  lifetime_outcomes={'won': 30, 'stalled': 0, 'truncated': 68, 'other': 0}  rss= 2381.2MB  (1553s)
step    90000/400000  eps=0.617  episodes=   99  mean_return=380.000  mean_loss=36.67403  mean_foundation=  4.0/52  lifetime_outcomes={'won': 30, 'stalled': 0, 'truncated': 69, 'other': 0}  rss= 2385.3MB  (1556s)
  EVAL  step    90000  win_rate=31.50%  mean_return=2846.734  mean_foundation= 23.7/52  mean_length=821.6  (greedy, 200 fixed deals)
step    91000/400000  eps=0.613  episodes=  100  mean_return=1120.000  mean_loss=38.75307  mean_foundation= 11.0/52  lifetime_outcomes={'won': 30, 'stalled': 0, 'truncated': 70, 'other': 0}  rss= 2389.4MB  (1715s)
step    92000/400000  eps=0.609  episodes=  101  mean_return=500.000  mean_loss=38.08547  mean_foundation=  5.0/52  lifetime_outcomes={'won': 30, 'stalled': 0, 'truncated': 71, 'other': 0}  rss= 2391.4MB  (1718s)
step    93000/400000  eps=0.605  episodes=  102  mean_return=830.000  mean_loss=37.90196  mean_foundation= 14.0/52  lifetime_outcomes={'won': 30, 'stalled': 0, 'truncated': 72, 'other': 0}  rss= 2397.4MB  (1721s)
step    94000/400000  eps=0.601  episodes=  104  mean_return=7044.770  mean_loss=36.51557  mean_foundation= 52.0/52  lifetime_outcomes={'won': 32, 'stalled': 0, 'truncated': 72, 'other': 0}  rss= 2399.4MB  (1724s)
step    95000/400000  eps=0.596  episodes=  105  mean_return=780.000  mean_loss=37.37177  mean_foundation=  9.0/52  lifetime_outcomes={'won': 32, 'stalled': 0, 'truncated': 73, 'other': 0}  rss= 2405.5MB  (1727s)
step    96000/400000  eps=0.592  episodes=  106  mean_return=400.000  mean_loss=36.48184  mean_foundation=  5.0/52  lifetime_outcomes={'won': 32, 'stalled': 0, 'truncated': 74, 'other': 0}  rss= 2409.5MB  (1731s)
step    97000/400000  eps=0.588  episodes=  107  mean_return=7045.350  mean_loss=36.21873  mean_foundation= 52.0/52  lifetime_outcomes={'won': 33, 'stalled': 0, 'truncated': 74, 'other': 0}  rss= 2413.6MB  (1734s)
step    98000/400000  eps=0.584  episodes=  109  mean_return=3977.730  mean_loss=36.27521  mean_foundation= 32.0/52  lifetime_outcomes={'won': 34, 'stalled': 0, 'truncated': 75, 'other': 0}  rss= 2417.6MB  (1737s)
step    99000/400000  eps=0.579  episodes=  112  mean_return=7046.163  mean_loss=35.40776  mean_foundation= 52.0/52  lifetime_outcomes={'won': 37, 'stalled': 0, 'truncated': 75, 'other': 0}  rss= 2419.6MB  (1740s)
step   100000/400000  eps=0.575  episodes=  113  mean_return=7044.100  mean_loss=35.57378  mean_foundation= 52.0/52  lifetime_outcomes={'won': 38, 'stalled': 0, 'truncated': 75, 'other': 0}  rss= 2425.6MB  (1743s)
  EVAL  step   100000  win_rate=28.50%  mean_return=2633.171  mean_foundation= 21.9/52  mean_length=837.9  (greedy, 200 fixed deals)
step   101000/400000  eps=0.571  episodes=  114  mean_return=1630.000  mean_loss=35.61665  mean_foundation= 24.0/52  lifetime_outcomes={'won': 38, 'stalled': 0, 'truncated': 76, 'other': 0}  rss= 2432.1MB  (1906s)
step   102000/400000  eps=0.567  episodes=  115  mean_return=7043.370  mean_loss=35.97528  mean_foundation= 52.0/52  lifetime_outcomes={'won': 39, 'stalled': 0, 'truncated': 76, 'other': 0}  rss= 2432.1MB  (1910s)
step   103000/400000  eps=0.562  episodes=  116  mean_return=680.000  mean_loss=34.96047  mean_foundation=  6.0/52  lifetime_outcomes={'won': 39, 'stalled': 0, 'truncated': 77, 'other': 0}  rss= 2432.1MB  (1913s)
step   104000/400000  eps=0.558  episodes=  117  mean_return=250.000  mean_loss=35.76185  mean_foundation=  3.0/52  lifetime_outcomes={'won': 39, 'stalled': 0, 'truncated': 78, 'other': 0}  rss= 2432.1MB  (1916s)
step   105000/400000  eps=0.554  episodes=  119  mean_return=3677.700  mean_loss=34.56150  mean_foundation= 27.0/52  lifetime_outcomes={'won': 40, 'stalled': 0, 'truncated': 79, 'other': 0}  rss= 2432.1MB  (1919s)
step   106000/400000  eps=0.549  episodes=  121  mean_return=7044.100  mean_loss=34.56123  mean_foundation= 52.0/52  lifetime_outcomes={'won': 42, 'stalled': 0, 'truncated': 79, 'other': 0}  rss= 2432.1MB  (1922s)
step   107000/400000  eps=0.545  episodes=  122  mean_return=1400.000  mean_loss=34.60765  mean_foundation=  8.0/52  lifetime_outcomes={'won': 42, 'stalled': 0, 'truncated': 80, 'other': 0}  rss= 2432.1MB  (1926s)
step   108000/400000  eps=0.541  episodes=  123  mean_return=7045.190  mean_loss=33.28861  mean_foundation= 52.0/52  lifetime_outcomes={'won': 43, 'stalled': 0, 'truncated': 80, 'other': 0}  rss= 2432.1MB  (1929s)
step   109000/400000  eps=0.537  episodes=  124  mean_return=830.000  mean_loss=34.14315  mean_foundation=  3.0/52  lifetime_outcomes={'won': 43, 'stalled': 0, 'truncated': 81, 'other': 0}  rss= 2432.1MB  (1932s)
step   110000/400000  eps=0.532  episodes=  125  mean_return=750.000  mean_loss=33.76155  mean_foundation= 11.0/52  lifetime_outcomes={'won': 43, 'stalled': 0, 'truncated': 82, 'other': 0}  rss= 2437.7MB  (1936s)
  EVAL  step   110000  win_rate=29.00%  mean_return=2707.220  mean_foundation= 23.2/52  mean_length=853.0  (greedy, 200 fixed deals)
step   111000/400000  eps=0.528  episodes=  127  mean_return=4106.820  mean_loss=32.88257  mean_foundation= 28.0/52  lifetime_outcomes={'won': 44, 'stalled': 0, 'truncated': 83, 'other': 0}  rss= 2472.3MB  (2101s)
step   112000/400000  eps=0.524  episodes=  128  mean_return=990.000  mean_loss=32.54518  mean_foundation=  9.0/52  lifetime_outcomes={'won': 44, 'stalled': 0, 'truncated': 84, 'other': 0}  rss= 2472.3MB  (2104s)
step   113000/400000  eps=0.520  episodes=  129  mean_return=1440.000  mean_loss=33.29603  mean_foundation= 10.0/52  lifetime_outcomes={'won': 44, 'stalled': 0, 'truncated': 85, 'other': 0}  rss= 2472.3MB  (2107s)
step   114000/400000  eps=0.516  episodes=  130  mean_return=930.000  mean_loss=32.59892  mean_foundation= 15.0/52  lifetime_outcomes={'won': 44, 'stalled': 0, 'truncated': 86, 'other': 0}  rss= 2472.3MB  (2110s)
step   115000/400000  eps=0.511  episodes=  131  mean_return=530.000  mean_loss=33.35981  mean_foundation=  8.0/52  lifetime_outcomes={'won': 44, 'stalled': 0, 'truncated': 87, 'other': 0}  rss= 2472.3MB  (2114s)
step   116000/400000  eps=0.507  episodes=  132  mean_return=1030.000  mean_loss=31.63134  mean_foundation= 14.0/52  lifetime_outcomes={'won': 44, 'stalled': 0, 'truncated': 88, 'other': 0}  rss= 2472.3MB  (2117s)
step   117000/400000  eps=0.503  episodes=  133  mean_return=550.000  mean_loss=31.65786  mean_foundation=  8.0/52  lifetime_outcomes={'won': 44, 'stalled': 0, 'truncated': 89, 'other': 0}  rss= 2472.3MB  (2120s)
step   118000/400000  eps=0.499  episodes=  134  mean_return=1050.000  mean_loss=31.15051  mean_foundation=  7.0/52  lifetime_outcomes={'won': 44, 'stalled': 0, 'truncated': 90, 'other': 0}  rss= 2472.3MB  (2124s)
step   119000/400000  eps=0.494  episodes=  135  mean_return=520.000  mean_loss=31.49250  mean_foundation=  5.0/52  lifetime_outcomes={'won': 44, 'stalled': 0, 'truncated': 91, 'other': 0}  rss= 2472.3MB  (2127s)
step   120000/400000  eps=0.490  episodes=  136  mean_return=7044.730  mean_loss=29.94506  mean_foundation= 52.0/52  lifetime_outcomes={'won': 45, 'stalled': 0, 'truncated': 91, 'other': 0}  rss= 2476.0MB  (2131s)
  EVAL  step   120000  win_rate=33.50%  mean_return=2978.370  mean_foundation= 24.7/52  mean_length=853.0  (greedy, 200 fixed deals)
step   121000/400000  eps=0.486  episodes=  137  mean_return=670.000  mean_loss=30.17132  mean_foundation=  7.0/52  lifetime_outcomes={'won': 45, 'stalled': 0, 'truncated': 92, 'other': 0}  rss= 2510.6MB  (2295s)
step   122000/400000  eps=0.482  episodes=  138  mean_return=7043.860  mean_loss=30.94936  mean_foundation= 52.0/52  lifetime_outcomes={'won': 46, 'stalled': 0, 'truncated': 92, 'other': 0}  rss= 2510.6MB  (2298s)
step   123000/400000  eps=0.477  episodes=  139  mean_return=880.000  mean_loss=29.69815  mean_foundation=  2.0/52  lifetime_outcomes={'won': 46, 'stalled': 0, 'truncated': 93, 'other': 0}  rss= 2510.6MB  (2301s)
step   124000/400000  eps=0.473  episodes=  140  mean_return=1020.000  mean_loss=29.47238  mean_foundation= 14.0/52  lifetime_outcomes={'won': 46, 'stalled': 0, 'truncated': 94, 'other': 0}  rss= 2510.6MB  (2305s)
step   125000/400000  eps=0.469  episodes=  141  mean_return=1120.000  mean_loss=28.79327  mean_foundation= 10.0/52  lifetime_outcomes={'won': 46, 'stalled': 0, 'truncated': 95, 'other': 0}  rss= 2510.6MB  (2308s)
step   126000/400000  eps=0.465  episodes=  142  mean_return=1710.000  mean_loss=29.32753  mean_foundation= 33.0/52  lifetime_outcomes={'won': 46, 'stalled': 0, 'truncated': 96, 'other': 0}  rss= 2510.6MB  (2311s)
step   127000/400000  eps=0.460  episodes=  143  mean_return=960.000  mean_loss=29.16349  mean_foundation= 10.0/52  lifetime_outcomes={'won': 46, 'stalled': 0, 'truncated': 97, 'other': 0}  rss= 2510.6MB  (2315s)
step   128000/400000  eps=0.456  episodes=  145  mean_return=3721.160  mean_loss=29.44109  mean_foundation= 31.0/52  lifetime_outcomes={'won': 47, 'stalled': 0, 'truncated': 98, 'other': 0}  rss= 2510.6MB  (2318s)
step   129000/400000  eps=0.452  episodes=  146  mean_return=7046.600  mean_loss=27.86826  mean_foundation= 52.0/52  lifetime_outcomes={'won': 48, 'stalled': 0, 'truncated': 98, 'other': 0}  rss= 2510.6MB  (2321s)
step   130000/400000  eps=0.448  episodes=  149  mean_return=7044.037  mean_loss=28.29825  mean_foundation= 52.0/52  lifetime_outcomes={'won': 51, 'stalled': 0, 'truncated': 98, 'other': 0}  rss= 2516.2MB  (2325s)
  EVAL  step   130000  win_rate=11.00%  mean_return=1793.312  mean_foundation= 19.2/52  mean_length=963.8  (greedy, 200 fixed deals)
step   131000/400000  eps=0.443  episodes=  150  mean_return=7045.020  mean_loss=29.50633  mean_foundation= 52.0/52  lifetime_outcomes={'won': 52, 'stalled': 0, 'truncated': 98, 'other': 0}  rss= 2550.8MB  (2508s)
step   132000/400000  eps=0.439  episodes=  151  mean_return=1030.000  mean_loss=26.64824  mean_foundation=  6.0/52  lifetime_outcomes={'won': 52, 'stalled': 0, 'truncated': 99, 'other': 0}  rss= 2550.8MB  (2512s)
step   133000/400000  eps=0.435  episodes=  152  mean_return=1130.000  mean_loss=27.89092  mean_foundation= 16.0/52  lifetime_outcomes={'won': 52, 'stalled': 0, 'truncated': 100, 'other': 0}  rss= 2550.8MB  (2515s)
step   134000/400000  eps=0.430  episodes=  153  mean_return=7042.670  mean_loss=26.33168  mean_foundation= 52.0/52  lifetime_outcomes={'won': 53, 'stalled': 0, 'truncated': 100, 'other': 0}  rss= 2550.8MB  (2518s)
step   135000/400000  eps=0.426  episodes=  154  mean_return=630.000  mean_loss=27.32332  mean_foundation=  6.0/52  lifetime_outcomes={'won': 53, 'stalled': 0, 'truncated': 101, 'other': 0}  rss= 2550.8MB  (2522s)
step   136000/400000  eps=0.422  episodes=  156  mean_return=909.280  mean_loss=26.77753  mean_foundation= 11.0/52  lifetime_outcomes={'won': 53, 'stalled': 1, 'truncated': 102, 'other': 0}  rss= 2550.8MB  (2525s)
step   137000/400000  eps=0.418  episodes=  157  mean_return=1440.000  mean_loss=27.17172  mean_foundation= 31.0/52  lifetime_outcomes={'won': 53, 'stalled': 1, 'truncated': 103, 'other': 0}  rss= 2550.8MB  (2529s)
step   138000/400000  eps=0.414  episodes=  159  mean_return=3647.430  mean_loss=26.22955  mean_foundation= 28.5/52  lifetime_outcomes={'won': 54, 'stalled': 1, 'truncated': 104, 'other': 0}  rss= 2550.8MB  (2532s)
step   139000/400000  eps=0.409  episodes=  160  mean_return=1340.000  mean_loss=26.17228  mean_foundation= 10.0/52  lifetime_outcomes={'won': 54, 'stalled': 1, 'truncated': 105, 'other': 0}  rss= 2552.5MB  (2536s)
step   140000/400000  eps=0.405  episodes=  161  mean_return=1520.000  mean_loss=26.10214  mean_foundation= 20.0/52  lifetime_outcomes={'won': 54, 'stalled': 1, 'truncated': 106, 'other': 0}  rss= 2554.5MB  (2539s)
  EVAL  step   140000  win_rate=30.50%  mean_return=2842.276  mean_foundation= 24.9/52  mean_length=857.4  (greedy, 200 fixed deals)
step   141000/400000  eps=0.401  episodes=  162  mean_return=260.000  mean_loss=25.75399  mean_foundation=  4.0/52  lifetime_outcomes={'won': 54, 'stalled': 1, 'truncated': 107, 'other': 0}  rss= 2579.6MB  (2705s)
step   142000/400000  eps=0.397  episodes=  163  mean_return=280.000  mean_loss=25.36202  mean_foundation=  9.0/52  lifetime_outcomes={'won': 54, 'stalled': 1, 'truncated': 108, 'other': 0}  rss= 2585.7MB  (2709s)
step   143000/400000  eps=0.392  episodes=  164  mean_return=720.000  mean_loss=26.44705  mean_foundation=  1.0/52  lifetime_outcomes={'won': 54, 'stalled': 1, 'truncated': 109, 'other': 0}  rss= 2587.7MB  (2712s)
step   144000/400000  eps=0.388  episodes=  165  mean_return=870.000  mean_loss=25.51090  mean_foundation=  7.0/52  lifetime_outcomes={'won': 54, 'stalled': 1, 'truncated': 110, 'other': 0}  rss= 2593.8MB  (2715s)
step   145000/400000  eps=0.384  episodes=  166  mean_return=390.000  mean_loss=25.07067  mean_foundation=  5.0/52  lifetime_outcomes={'won': 54, 'stalled': 1, 'truncated': 111, 'other': 0}  rss= 2595.8MB  (2719s)
step   146000/400000  eps=0.380  episodes=  167  mean_return=700.000  mean_loss=24.47250  mean_foundation=  2.0/52  lifetime_outcomes={'won': 54, 'stalled': 1, 'truncated': 112, 'other': 0}  rss= 2599.8MB  (2722s)
step   147000/400000  eps=0.375  episodes=  168  mean_return=7047.600  mean_loss=25.15868  mean_foundation= 52.0/52  lifetime_outcomes={'won': 55, 'stalled': 1, 'truncated': 112, 'other': 0}  rss= 2603.8MB  (2725s)
step   148000/400000  eps=0.371  episodes=  169  mean_return=7040.250  mean_loss=24.39842  mean_foundation= 52.0/52  lifetime_outcomes={'won': 56, 'stalled': 1, 'truncated': 112, 'other': 0}  rss= 2607.8MB  (2728s)
step   149000/400000  eps=0.367  episodes=  170  mean_return=1260.000  mean_loss=23.81885  mean_foundation= 19.0/52  lifetime_outcomes={'won': 56, 'stalled': 1, 'truncated': 113, 'other': 0}  rss= 2613.9MB  (2731s)
step   150000/400000  eps=0.363  episodes=  171  mean_return=880.000  mean_loss=23.85284  mean_foundation=  9.0/52  lifetime_outcomes={'won': 56, 'stalled': 1, 'truncated': 114, 'other': 0}  rss= 2615.9MB  (2735s)
  EVAL  step   150000  win_rate=26.50%  mean_return=2548.740  mean_foundation= 22.9/52  mean_length=886.0  (greedy, 200 fixed deals)
step   151000/400000  eps=0.358  episodes=  172  mean_return=910.000  mean_loss=23.47532  mean_foundation= 12.0/52  lifetime_outcomes={'won': 56, 'stalled': 1, 'truncated': 115, 'other': 0}  rss= 2628.6MB  (2909s)
step   152000/400000  eps=0.354  episodes=  173  mean_return=1330.000  mean_loss=22.47505  mean_foundation= 20.0/52  lifetime_outcomes={'won': 56, 'stalled': 1, 'truncated': 116, 'other': 0}  rss= 2630.7MB  (2912s)
step   153000/400000  eps=0.350  episodes=  174  mean_return=900.000  mean_loss=23.34774  mean_foundation=  7.0/52  lifetime_outcomes={'won': 56, 'stalled': 1, 'truncated': 117, 'other': 0}  rss= 2634.7MB  (2915s)
step   154000/400000  eps=0.346  episodes=  176  mean_return=3748.185  mean_loss=23.49785  mean_foundation= 27.5/52  lifetime_outcomes={'won': 57, 'stalled': 1, 'truncated': 118, 'other': 0}  rss= 2638.8MB  (2918s)
step   155000/400000  eps=0.341  episodes=  178  mean_return=7043.860  mean_loss=22.49522  mean_foundation= 52.0/52  lifetime_outcomes={'won': 59, 'stalled': 1, 'truncated': 118, 'other': 0}  rss= 2642.8MB  (2922s)
step   156000/400000  eps=0.337  episodes=  179  mean_return=1050.000  mean_loss=23.20598  mean_foundation=  7.0/52  lifetime_outcomes={'won': 59, 'stalled': 1, 'truncated': 119, 'other': 0}  rss= 2644.8MB  (2925s)
step   157000/400000  eps=0.333  episodes=  180  mean_return=230.000  mean_loss=23.08013  mean_foundation=  0.0/52  lifetime_outcomes={'won': 59, 'stalled': 1, 'truncated': 120, 'other': 0}  rss= 2650.9MB  (2929s)
step   158000/400000  eps=0.329  episodes=  181  mean_return=1400.000  mean_loss=22.85304  mean_foundation= 13.0/52  lifetime_outcomes={'won': 59, 'stalled': 1, 'truncated': 121, 'other': 0}  rss= 2652.9MB  (2932s)
step   159000/400000  eps=0.324  episodes=  182  mean_return=7043.690  mean_loss=22.84429  mean_foundation= 52.0/52  lifetime_outcomes={'won': 60, 'stalled': 1, 'truncated': 121, 'other': 0}  rss= 2658.9MB  (2935s)
step   160000/400000  eps=0.320  episodes=  183  mean_return=1040.000  mean_loss=22.11543  mean_foundation= 15.0/52  lifetime_outcomes={'won': 60, 'stalled': 1, 'truncated': 122, 'other': 0}  rss= 2662.9MB  (2939s)
  EVAL  step   160000  win_rate=38.00%  mean_return=3248.744  mean_foundation= 27.6/52  mean_length=775.6  (greedy, 200 fixed deals)
step   161000/400000  eps=0.316  episodes=  185  mean_return=4007.555  mean_loss=22.08945  mean_foundation= 27.5/52  lifetime_outcomes={'won': 61, 'stalled': 1, 'truncated': 123, 'other': 0}  rss= 2667.0MB  (3093s)
step   162000/400000  eps=0.311  episodes=  186  mean_return=7043.900  mean_loss=20.40973  mean_foundation= 52.0/52  lifetime_outcomes={'won': 62, 'stalled': 1, 'truncated': 123, 'other': 0}  rss= 2671.0MB  (3096s)
step   163000/400000  eps=0.307  episodes=  187  mean_return=420.000  mean_loss=20.95558  mean_foundation=  6.0/52  lifetime_outcomes={'won': 62, 'stalled': 1, 'truncated': 124, 'other': 0}  rss= 2673.0MB  (3100s)
step   164000/400000  eps=0.303  episodes=  189  mean_return=3873.275  mean_loss=21.40619  mean_foundation= 31.5/52  lifetime_outcomes={'won': 63, 'stalled': 1, 'truncated': 125, 'other': 0}  rss= 2679.0MB  (3104s)
step   165000/400000  eps=0.299  episodes=  190  mean_return=100.000  mean_loss=21.53087  mean_foundation=  3.0/52  lifetime_outcomes={'won': 63, 'stalled': 1, 'truncated': 126, 'other': 0}  rss= 2681.1MB  (3107s)
step   166000/400000  eps=0.295  episodes=  191  mean_return=800.000  mean_loss=19.80959  mean_foundation=  8.0/52  lifetime_outcomes={'won': 63, 'stalled': 1, 'truncated': 127, 'other': 0}  rss= 2687.1MB  (3110s)
step   167000/400000  eps=0.290  episodes=  192  mean_return=1230.000  mean_loss=19.81480  mean_foundation= 11.0/52  lifetime_outcomes={'won': 63, 'stalled': 1, 'truncated': 128, 'other': 0}  rss= 2691.1MB  (3114s)
step   168000/400000  eps=0.286  episodes=  195  mean_return=7046.543  mean_loss=20.12478  mean_foundation= 52.0/52  lifetime_outcomes={'won': 66, 'stalled': 1, 'truncated': 128, 'other': 0}  rss= 2693.1MB  (3117s)
step   169000/400000  eps=0.282  episodes=  196  mean_return=7045.800  mean_loss=20.51611  mean_foundation= 52.0/52  lifetime_outcomes={'won': 67, 'stalled': 1, 'truncated': 128, 'other': 0}  rss= 2699.2MB  (3121s)
step   170000/400000  eps=0.278  episodes=  197  mean_return=1440.000  mean_loss=20.34567  mean_foundation= 21.0/52  lifetime_outcomes={'won': 67, 'stalled': 1, 'truncated': 129, 'other': 0}  rss= 2701.2MB  (3124s)
  EVAL  step   170000  win_rate=15.50%  mean_return=1996.836  mean_foundation= 20.2/52  mean_length=946.4  (greedy, 200 fixed deals)
step   171000/400000  eps=0.273  episodes=  198  mean_return=730.000  mean_loss=20.17536  mean_foundation= 17.0/52  lifetime_outcomes={'won': 67, 'stalled': 1, 'truncated': 130, 'other': 0}  rss= 2707.2MB  (3306s)
step   172000/400000  eps=0.269  episodes=  199  mean_return=940.000  mean_loss=19.15620  mean_foundation=  6.0/52  lifetime_outcomes={'won': 67, 'stalled': 1, 'truncated': 131, 'other': 0}  rss= 2709.2MB  (3309s)
step   173000/400000  eps=0.265  episodes=  200  mean_return=740.000  mean_loss=20.07815  mean_foundation=  9.0/52  lifetime_outcomes={'won': 67, 'stalled': 1, 'truncated': 132, 'other': 0}  rss= 2713.2MB  (3313s)
step   174000/400000  eps=0.261  episodes=  201  mean_return=1490.000  mean_loss=18.52510  mean_foundation= 28.0/52  lifetime_outcomes={'won': 67, 'stalled': 1, 'truncated': 133, 'other': 0}  rss= 2719.3MB  (3316s)
step   175000/400000  eps=0.256  episodes=  202  mean_return=250.000  mean_loss=18.69807  mean_foundation=  1.0/52  lifetime_outcomes={'won': 67, 'stalled': 1, 'truncated': 134, 'other': 0}  rss= 2721.3MB  (3319s)
step   176000/400000  eps=0.252  episodes=  203  mean_return=890.000  mean_loss=18.91232  mean_foundation=  9.0/52  lifetime_outcomes={'won': 67, 'stalled': 1, 'truncated': 135, 'other': 0}  rss= 2727.4MB  (3323s)
step   177000/400000  eps=0.248  episodes=  204  mean_return=1460.000  mean_loss=18.45860  mean_foundation= 18.0/52  lifetime_outcomes={'won': 67, 'stalled': 1, 'truncated': 136, 'other': 0}  rss= 2729.4MB  (3327s)
step   178000/400000  eps=0.244  episodes=  205  mean_return=7040.180  mean_loss=18.96612  mean_foundation= 52.0/52  lifetime_outcomes={'won': 68, 'stalled': 1, 'truncated': 136, 'other': 0}  rss= 2735.4MB  (3330s)
step   179000/400000  eps=0.239  episodes=  206  mean_return=1280.000  mean_loss=17.73699  mean_foundation= 16.0/52  lifetime_outcomes={'won': 68, 'stalled': 1, 'truncated': 137, 'other': 0}  rss= 2737.4MB  (3334s)
step   180000/400000  eps=0.235  episodes=  208  mean_return=3741.715  mean_loss=17.58854  mean_foundation= 28.5/52  lifetime_outcomes={'won': 69, 'stalled': 1, 'truncated': 138, 'other': 0}  rss= 2741.4MB  (3337s)
  EVAL  step   180000  win_rate=34.50%  mean_return=3039.615  mean_foundation= 26.0/52  mean_length=838.5  (greedy, 200 fixed deals)
step   181000/400000  eps=0.231  episodes=  210  mean_return=7044.840  mean_loss=18.15084  mean_foundation= 52.0/52  lifetime_outcomes={'won': 71, 'stalled': 1, 'truncated': 138, 'other': 0}  rss= 2747.5MB  (3500s)
step   182000/400000  eps=0.227  episodes=  211  mean_return=1040.000  mean_loss=17.40600  mean_foundation=  9.0/52  lifetime_outcomes={'won': 71, 'stalled': 1, 'truncated': 139, 'other': 0}  rss= 2749.5MB  (3504s)
step   183000/400000  eps=0.222  episodes=  212  mean_return=700.000  mean_loss=17.32568  mean_foundation= 11.0/52  lifetime_outcomes={'won': 71, 'stalled': 1, 'truncated': 140, 'other': 0}  rss= 2753.5MB  (3507s)
step   184000/400000  eps=0.218  episodes=  213  mean_return=7047.430  mean_loss=17.15906  mean_foundation= 52.0/52  lifetime_outcomes={'won': 72, 'stalled': 1, 'truncated': 140, 'other': 0}  rss= 2757.6MB  (3511s)
step   185000/400000  eps=0.214  episodes=  214  mean_return=1070.000  mean_loss=17.19767  mean_foundation=  9.0/52  lifetime_outcomes={'won': 72, 'stalled': 1, 'truncated': 141, 'other': 0}  rss= 2761.6MB  (3514s)
step   186000/400000  eps=0.210  episodes=  215  mean_return=1280.000  mean_loss=17.35392  mean_foundation= 10.0/52  lifetime_outcomes={'won': 72, 'stalled': 1, 'truncated': 142, 'other': 0}  rss= 2765.6MB  (3518s)
step   187000/400000  eps=0.205  episodes=  217  mean_return=4308.175  mean_loss=17.18699  mean_foundation= 36.0/52  lifetime_outcomes={'won': 73, 'stalled': 1, 'truncated': 143, 'other': 0}  rss= 2769.6MB  (3521s)
step   188000/400000  eps=0.201  episodes=  218  mean_return=760.000  mean_loss=16.19607  mean_foundation=  2.0/52  lifetime_outcomes={'won': 73, 'stalled': 1, 'truncated': 144, 'other': 0}  rss= 2773.7MB  (3525s)
step   189000/400000  eps=0.197  episodes=  220  mean_return=3677.970  mean_loss=17.27043  mean_foundation= 27.5/52  lifetime_outcomes={'won': 74, 'stalled': 1, 'truncated': 145, 'other': 0}  rss= 2777.7MB  (3528s)
step   190000/400000  eps=0.193  episodes=  221  mean_return=7046.700  mean_loss=16.65571  mean_foundation= 52.0/52  lifetime_outcomes={'won': 75, 'stalled': 1, 'truncated': 145, 'other': 0}  rss= 2779.7MB  (3532s)
  EVAL  step   190000  win_rate=26.50%  mean_return=2502.669  mean_foundation= 22.6/52  mean_length=853.1  (greedy, 200 fixed deals)
step   191000/400000  eps=0.188  episodes=  222  mean_return=450.000  mean_loss=16.22885  mean_foundation=  1.0/52  lifetime_outcomes={'won': 75, 'stalled': 1, 'truncated': 146, 'other': 0}  rss= 2785.7MB  (3702s)
step   192000/400000  eps=0.184  episodes=  223  mean_return=300.000  mean_loss=16.52285  mean_foundation=  5.0/52  lifetime_outcomes={'won': 75, 'stalled': 1, 'truncated': 147, 'other': 0}  rss= 2789.8MB  (3706s)
step   193000/400000  eps=0.180  episodes=  225  mean_return=3612.880  mean_loss=16.05462  mean_foundation= 29.0/52  lifetime_outcomes={'won': 76, 'stalled': 1, 'truncated': 148, 'other': 0}  rss= 2793.8MB  (3709s)
step   194000/400000  eps=0.175  episodes=  226  mean_return=7045.910  mean_loss=16.18147  mean_foundation= 52.0/52  lifetime_outcomes={'won': 77, 'stalled': 1, 'truncated': 148, 'other': 0}  rss= 2797.8MB  (3713s)
step   195000/400000  eps=0.171  episodes=  228  mean_return=3838.030  mean_loss=16.08139  mean_foundation= 34.0/52  lifetime_outcomes={'won': 78, 'stalled': 1, 'truncated': 149, 'other': 0}  rss= 2799.8MB  (3716s)
step   196000/400000  eps=0.167  episodes=  229  mean_return=1480.000  mean_loss=15.80362  mean_foundation= 15.0/52  lifetime_outcomes={'won': 78, 'stalled': 1, 'truncated': 150, 'other': 0}  rss= 2805.9MB  (3720s)
step   197000/400000  eps=0.163  episodes=  230  mean_return=7041.600  mean_loss=15.62809  mean_foundation= 52.0/52  lifetime_outcomes={'won': 79, 'stalled': 1, 'truncated': 150, 'other': 0}  rss= 2807.9MB  (3724s)
step   198000/400000  eps=0.158  episodes=  231  mean_return=970.000  mean_loss=15.56370  mean_foundation= 15.0/52  lifetime_outcomes={'won': 79, 'stalled': 1, 'truncated': 151, 'other': 0}  rss= 2812.4MB  (3727s)
step   199000/400000  eps=0.154  episodes=  232  mean_return=640.000  mean_loss=15.70898  mean_foundation=  6.0/52  lifetime_outcomes={'won': 79, 'stalled': 1, 'truncated': 152, 'other': 0}  rss= 2813.6MB  (3731s)
step   200000/400000  eps=0.150  episodes=  233  mean_return=250.000  mean_loss=15.49379  mean_foundation=  5.0/52  lifetime_outcomes={'won': 79, 'stalled': 1, 'truncated': 153, 'other': 0}  rss= 2817.0MB  (3735s)
  EVAL  step   200000  win_rate=30.50%  mean_return=2728.714  mean_foundation= 23.9/52  mean_length=798.6  (greedy, 200 fixed deals)
step   201000/400000  eps=0.150  episodes=  234  mean_return=890.000  mean_loss=15.61364  mean_foundation= 11.0/52  lifetime_outcomes={'won': 79, 'stalled': 1, 'truncated': 154, 'other': 0}  rss= 2817.2MB  (3897s)
step   202000/400000  eps=0.150  episodes=  235  mean_return=640.000  mean_loss=15.21850  mean_foundation=  3.0/52  lifetime_outcomes={'won': 79, 'stalled': 1, 'truncated': 155, 'other': 0}  rss= 2817.2MB  (3901s)
step   203000/400000  eps=0.150  episodes=  237  mean_return=4167.945  mean_loss=15.77177  mean_foundation= 34.5/52  lifetime_outcomes={'won': 80, 'stalled': 1, 'truncated': 156, 'other': 0}  rss= 2817.2MB  (3904s)
step   204000/400000  eps=0.150  episodes=  240  mean_return=7046.357  mean_loss=15.08145  mean_foundation= 52.0/52  lifetime_outcomes={'won': 83, 'stalled': 1, 'truncated': 156, 'other': 0}  rss= 2817.2MB  (3908s)
step   205000/400000  eps=0.150  episodes=  241  mean_return=7040.530  mean_loss=14.78546  mean_foundation= 52.0/52  lifetime_outcomes={'won': 84, 'stalled': 1, 'truncated': 156, 'other': 0}  rss= 2817.2MB  (3912s)
step   206000/400000  eps=0.150  episodes=  242  mean_return=7044.200  mean_loss=14.46717  mean_foundation= 52.0/52  lifetime_outcomes={'won': 85, 'stalled': 1, 'truncated': 156, 'other': 0}  rss= 2817.2MB  (3915s)
step   207000/400000  eps=0.150  episodes=  243  mean_return=1080.000  mean_loss=15.26772  mean_foundation= 15.0/52  lifetime_outcomes={'won': 85, 'stalled': 1, 'truncated': 157, 'other': 0}  rss= 2817.2MB  (3918s)
step   208000/400000  eps=0.150  episodes=  244  mean_return=7041.070  mean_loss=14.34079  mean_foundation= 52.0/52  lifetime_outcomes={'won': 86, 'stalled': 1, 'truncated': 157, 'other': 0}  rss= 2817.2MB  (3922s)
step   209000/400000  eps=0.150  episodes=  245  mean_return=1020.000  mean_loss=14.53787  mean_foundation= 14.0/52  lifetime_outcomes={'won': 86, 'stalled': 1, 'truncated': 158, 'other': 0}  rss= 2817.2MB  (3925s)
step   210000/400000  eps=0.150  episodes=  247  mean_return=4108.055  mean_loss=14.75549  mean_foundation= 35.5/52  lifetime_outcomes={'won': 87, 'stalled': 1, 'truncated': 159, 'other': 0}  rss= 2817.2MB  (3928s)
  EVAL  step   210000  win_rate=25.50%  mean_return=2541.603  mean_foundation= 23.4/52  mean_length=894.7  (greedy, 200 fixed deals)
step   211000/400000  eps=0.150  episodes=  249  mean_return=7045.260  mean_loss=14.51747  mean_foundation= 52.0/52  lifetime_outcomes={'won': 89, 'stalled': 1, 'truncated': 159, 'other': 0}  rss= 2817.2MB  (4102s)
step   212000/400000  eps=0.150  episodes=  250  mean_return=760.000  mean_loss=14.37964  mean_foundation=  4.0/52  lifetime_outcomes={'won': 89, 'stalled': 1, 'truncated': 160, 'other': 0}  rss= 2817.2MB  (4105s)
step   213000/400000  eps=0.150  episodes=  251  mean_return=320.000  mean_loss=14.49291  mean_foundation=  3.0/52  lifetime_outcomes={'won': 89, 'stalled': 1, 'truncated': 161, 'other': 0}  rss= 2817.2MB  (4109s)
step   214000/400000  eps=0.150  episodes=  252  mean_return=1570.000  mean_loss=14.81191  mean_foundation= 30.0/52  lifetime_outcomes={'won': 89, 'stalled': 1, 'truncated': 162, 'other': 0}  rss= 2817.2MB  (4112s)
step   215000/400000  eps=0.150  episodes=  253  mean_return=680.000  mean_loss=14.48745  mean_foundation=  6.0/52  lifetime_outcomes={'won': 89, 'stalled': 1, 'truncated': 163, 'other': 0}  rss= 2817.2MB  (4116s)
step   216000/400000  eps=0.150  episodes=  254  mean_return=1570.000  mean_loss=13.89757  mean_foundation= 20.0/52  lifetime_outcomes={'won': 89, 'stalled': 1, 'truncated': 164, 'other': 0}  rss= 2817.2MB  (4119s)
step   217000/400000  eps=0.150  episodes=  255  mean_return=1040.000  mean_loss=13.55271  mean_foundation=  9.0/52  lifetime_outcomes={'won': 89, 'stalled': 1, 'truncated': 165, 'other': 0}  rss= 2817.2MB  (4122s)
step   218000/400000  eps=0.150  episodes=  256  mean_return=1500.000  mean_loss=13.29179  mean_foundation= 24.0/52  lifetime_outcomes={'won': 89, 'stalled': 1, 'truncated': 166, 'other': 0}  rss= 2817.2MB  (4126s)
step   219000/400000  eps=0.150  episodes=  257  mean_return=1060.000  mean_loss=13.71312  mean_foundation= 11.0/52  lifetime_outcomes={'won': 89, 'stalled': 1, 'truncated': 167, 'other': 0}  rss= 2817.2MB  (4129s)
step   220000/400000  eps=0.150  episodes=  258  mean_return=1370.000  mean_loss=13.29303  mean_foundation= 10.0/52  lifetime_outcomes={'won': 89, 'stalled': 1, 'truncated': 168, 'other': 0}  rss= 2817.2MB  (4133s)
  EVAL  step   220000  win_rate=15.00%  mean_return=1958.360  mean_foundation= 19.6/52  mean_length=949.0  (greedy, 200 fixed deals)
step   221000/400000  eps=0.150  episodes=  260  mean_return=3982.895  mean_loss=13.40091  mean_foundation= 30.0/52  lifetime_outcomes={'won': 90, 'stalled': 1, 'truncated': 169, 'other': 0}  rss= 2823.9MB  (4315s)
step   222000/400000  eps=0.150  episodes=  261  mean_return=7044.570  mean_loss=13.46481  mean_foundation= 52.0/52  lifetime_outcomes={'won': 91, 'stalled': 1, 'truncated': 169, 'other': 0}  rss= 2823.9MB  (4319s)
step   223000/400000  eps=0.150  episodes=  262  mean_return=1290.000  mean_loss=13.21550  mean_foundation= 10.0/52  lifetime_outcomes={'won': 91, 'stalled': 1, 'truncated': 170, 'other': 0}  rss= 2823.9MB  (4322s)
step   224000/400000  eps=0.150  episodes=  263  mean_return=950.000  mean_loss=13.53623  mean_foundation= 13.0/52  lifetime_outcomes={'won': 91, 'stalled': 1, 'truncated': 171, 'other': 0}  rss= 2823.9MB  (4326s)
step   225000/400000  eps=0.150  episodes=  264  mean_return=1020.000  mean_loss=13.12194  mean_foundation= 14.0/52  lifetime_outcomes={'won': 91, 'stalled': 1, 'truncated': 172, 'other': 0}  rss= 2823.9MB  (4329s)
step   226000/400000  eps=0.150  episodes=  266  mean_return=4008.415  mean_loss=13.30196  mean_foundation= 33.0/52  lifetime_outcomes={'won': 92, 'stalled': 1, 'truncated': 173, 'other': 0}  rss= 2823.9MB  (4333s)
step   227000/400000  eps=0.150  episodes=  267  mean_return=930.000  mean_loss=13.16296  mean_foundation= 12.0/52  lifetime_outcomes={'won': 92, 'stalled': 1, 'truncated': 174, 'other': 0}  rss= 2823.9MB  (4336s)
step   228000/400000  eps=0.150  episodes=  268  mean_return=7042.890  mean_loss=12.74945  mean_foundation= 52.0/52  lifetime_outcomes={'won': 93, 'stalled': 1, 'truncated': 174, 'other': 0}  rss= 2823.9MB  (4340s)
step   229000/400000  eps=0.150  episodes=  269  mean_return=7044.400  mean_loss=12.67558  mean_foundation= 52.0/52  lifetime_outcomes={'won': 94, 'stalled': 1, 'truncated': 174, 'other': 0}  rss= 2823.9MB  (4343s)
step   230000/400000  eps=0.150  episodes=  270  mean_return=340.000  mean_loss=12.85673  mean_foundation=  8.0/52  lifetime_outcomes={'won': 94, 'stalled': 1, 'truncated': 175, 'other': 0}  rss= 2823.9MB  (4347s)
  EVAL  step   230000  win_rate=32.00%  mean_return=2889.813  mean_foundation= 25.1/52  mean_length=838.7  (greedy, 200 fixed deals)
step   231000/400000  eps=0.150  episodes=  271  mean_return=1500.000  mean_loss=12.43063  mean_foundation= 28.0/52  lifetime_outcomes={'won': 94, 'stalled': 1, 'truncated': 176, 'other': 0}  rss= 2823.9MB  (4510s)
step   232000/400000  eps=0.150  episodes=  273  mean_return=3942.855  mean_loss=11.83452  mean_foundation= 29.0/52  lifetime_outcomes={'won': 95, 'stalled': 1, 'truncated': 177, 'other': 0}  rss= 2823.9MB  (4514s)
step   233000/400000  eps=0.150  episodes=  275  mean_return=7045.530  mean_loss=11.70281  mean_foundation= 52.0/52  lifetime_outcomes={'won': 97, 'stalled': 1, 'truncated': 177, 'other': 0}  rss= 2823.9MB  (4517s)
step   234000/400000  eps=0.150  episodes=  276  mean_return=380.000  mean_loss=11.89203  mean_foundation=  6.0/52  lifetime_outcomes={'won': 97, 'stalled': 1, 'truncated': 178, 'other': 0}  rss= 2823.9MB  (4521s)
step   235000/400000  eps=0.150  episodes=  277  mean_return=1300.000  mean_loss=12.03160  mean_foundation= 18.0/52  lifetime_outcomes={'won': 97, 'stalled': 1, 'truncated': 179, 'other': 0}  rss= 2823.9MB  (4524s)
step   236000/400000  eps=0.150  episodes=  278  mean_return=460.000  mean_loss=12.01135  mean_foundation=  3.0/52  lifetime_outcomes={'won': 97, 'stalled': 1, 'truncated': 180, 'other': 0}  rss= 2823.9MB  (4528s)
step   237000/400000  eps=0.150  episodes=  279  mean_return=350.000  mean_loss=12.08446  mean_foundation=  6.0/52  lifetime_outcomes={'won': 97, 'stalled': 1, 'truncated': 181, 'other': 0}  rss= 2823.9MB  (4531s)
step   238000/400000  eps=0.150  episodes=  280  mean_return=1340.000  mean_loss=11.10497  mean_foundation= 11.0/52  lifetime_outcomes={'won': 97, 'stalled': 1, 'truncated': 182, 'other': 0}  rss= 2823.9MB  (4535s)
step   239000/400000  eps=0.150  episodes=  282  mean_return=3753.315  mean_loss=10.99297  mean_foundation= 29.0/52  lifetime_outcomes={'won': 98, 'stalled': 1, 'truncated': 183, 'other': 0}  rss= 2823.9MB  (4538s)
step   240000/400000  eps=0.150  episodes=  283  mean_return=860.000  mean_loss=10.70131  mean_foundation=  8.0/52  lifetime_outcomes={'won': 98, 'stalled': 1, 'truncated': 184, 'other': 0}  rss= 2823.9MB  (4542s)
  EVAL  step   240000  win_rate=16.50%  mean_return=2091.489  mean_foundation= 21.4/52  mean_length=946.1  (greedy, 200 fixed deals)
step   241000/400000  eps=0.150  episodes=  284  mean_return=750.000  mean_loss=11.03879  mean_foundation=  3.0/52  lifetime_outcomes={'won': 98, 'stalled': 1, 'truncated': 185, 'other': 0}  rss= 2823.9MB  (4725s)
step   242000/400000  eps=0.150  episodes=  285  mean_return=7046.790  mean_loss=10.83655  mean_foundation= 52.0/52  lifetime_outcomes={'won': 99, 'stalled': 1, 'truncated': 185, 'other': 0}  rss= 2823.9MB  (4729s)
step   243000/400000  eps=0.150  episodes=  287  mean_return=4361.605  mean_loss=10.83790  mean_foundation= 41.5/52  lifetime_outcomes={'won': 100, 'stalled': 1, 'truncated': 186, 'other': 0}  rss= 2823.9MB  (4733s)
step   244000/400000  eps=0.150  episodes=  288  mean_return=900.000  mean_loss=10.26448  mean_foundation=  6.0/52  lifetime_outcomes={'won': 100, 'stalled': 1, 'truncated': 187, 'other': 0}  rss= 2823.9MB  (4736s)
step   245000/400000  eps=0.150  episodes=  289  mean_return=7044.840  mean_loss=10.38689  mean_foundation= 52.0/52  lifetime_outcomes={'won': 101, 'stalled': 1, 'truncated': 187, 'other': 0}  rss= 2823.9MB  (4740s)
step   246000/400000  eps=0.150  episodes=  291  mean_return=3812.120  mean_loss=10.45155  mean_foundation= 30.0/52  lifetime_outcomes={'won': 102, 'stalled': 1, 'truncated': 188, 'other': 0}  rss= 2823.9MB  (4743s)
step   247000/400000  eps=0.150  episodes=  292  mean_return=600.000  mean_loss=10.14149  mean_foundation=  6.0/52  lifetime_outcomes={'won': 102, 'stalled': 1, 'truncated': 189, 'other': 0}  rss= 2823.9MB  (4747s)
step   248000/400000  eps=0.150  episodes=  293  mean_return=590.000  mean_loss=10.02687  mean_foundation=  4.0/52  lifetime_outcomes={'won': 102, 'stalled': 1, 'truncated': 190, 'other': 0}  rss= 2823.9MB  (4750s)
step   249000/400000  eps=0.150  episodes=  294  mean_return=7046.830  mean_loss= 9.70597  mean_foundation= 52.0/52  lifetime_outcomes={'won': 103, 'stalled': 1, 'truncated': 190, 'other': 0}  rss= 2823.9MB  (4754s)
step   250000/400000  eps=0.150  episodes=  296  mean_return=3883.000  mean_loss= 9.87019  mean_foundation= 31.5/52  lifetime_outcomes={'won': 104, 'stalled': 1, 'truncated': 191, 'other': 0}  rss= 2823.9MB  (4757s)
  EVAL  step   250000  win_rate=38.00%  mean_return=3277.760  mean_foundation= 28.0/52  mean_length=824.0  (greedy, 200 fixed deals)
step   251000/400000  eps=0.150  episodes=  297  mean_return=1230.000  mean_loss= 9.82171  mean_foundation=  9.0/52  lifetime_outcomes={'won': 104, 'stalled': 1, 'truncated': 192, 'other': 0}  rss= 2823.9MB  (4915s)
step   252000/400000  eps=0.150  episodes=  298  mean_return=1250.000  mean_loss= 9.52708  mean_foundation= 15.0/52  lifetime_outcomes={'won': 104, 'stalled': 1, 'truncated': 193, 'other': 0}  rss= 2823.9MB  (4919s)
step   253000/400000  eps=0.150  episodes=  299  mean_return=7045.470  mean_loss= 9.89150  mean_foundation= 52.0/52  lifetime_outcomes={'won': 105, 'stalled': 1, 'truncated': 193, 'other': 0}  rss= 2823.9MB  (4922s)
step   254000/400000  eps=0.150  episodes=  300  mean_return=320.000  mean_loss= 9.31484  mean_foundation= 10.0/52  lifetime_outcomes={'won': 105, 'stalled': 1, 'truncated': 194, 'other': 0}  rss= 2823.9MB  (4926s)
step   255000/400000  eps=0.150  episodes=  302  mean_return=3946.605  mean_loss= 9.53165  mean_foundation= 29.0/52  lifetime_outcomes={'won': 106, 'stalled': 1, 'truncated': 195, 'other': 0}  rss= 2823.9MB  (4930s)
step   256000/400000  eps=0.150  episodes=  303  mean_return=1060.000  mean_loss= 8.90220  mean_foundation= 13.0/52  lifetime_outcomes={'won': 106, 'stalled': 1, 'truncated': 196, 'other': 0}  rss= 2823.9MB  (4933s)
step   257000/400000  eps=0.150  episodes=  305  mean_return=619.690  mean_loss= 9.54753  mean_foundation=  9.0/52  lifetime_outcomes={'won': 106, 'stalled': 2, 'truncated': 197, 'other': 0}  rss= 2823.9MB  (4937s)
step   258000/400000  eps=0.150  episodes=  307  mean_return=7046.065  mean_loss= 8.91770  mean_foundation= 52.0/52  lifetime_outcomes={'won': 108, 'stalled': 2, 'truncated': 197, 'other': 0}  rss= 2823.9MB  (4940s)
step   259000/400000  eps=0.150  episodes=  308  mean_return=1040.000  mean_loss= 9.15769  mean_foundation=  7.0/52  lifetime_outcomes={'won': 108, 'stalled': 2, 'truncated': 198, 'other': 0}  rss= 2823.9MB  (4944s)
step   260000/400000  eps=0.150  episodes=  309  mean_return=7040.860  mean_loss= 8.45370  mean_foundation= 52.0/52  lifetime_outcomes={'won': 109, 'stalled': 2, 'truncated': 198, 'other': 0}  rss= 2823.9MB  (4947s)
  EVAL  step   260000  win_rate=31.00%  mean_return=2810.986  mean_foundation= 24.4/52  mean_length=831.4  (greedy, 200 fixed deals)
step   261000/400000  eps=0.150  episodes=  310  mean_return=640.000  mean_loss= 8.84070  mean_foundation=  4.0/52  lifetime_outcomes={'won': 109, 'stalled': 2, 'truncated': 199, 'other': 0}  rss= 2823.9MB  (5113s)
step   262000/400000  eps=0.150  episodes=  311  mean_return=510.000  mean_loss= 7.97509  mean_foundation=  3.0/52  lifetime_outcomes={'won': 109, 'stalled': 2, 'truncated': 200, 'other': 0}  rss= 2823.9MB  (5116s)
step   263000/400000  eps=0.150  episodes=  312  mean_return=300.000  mean_loss= 8.34186  mean_foundation=  7.0/52  lifetime_outcomes={'won': 109, 'stalled': 2, 'truncated': 201, 'other': 0}  rss= 2823.9MB  (5119s)
step   264000/400000  eps=0.150  episodes=  313  mean_return=7044.620  mean_loss= 8.54672  mean_foundation= 52.0/52  lifetime_outcomes={'won': 110, 'stalled': 2, 'truncated': 201, 'other': 0}  rss= 2823.9MB  (5123s)
step   265000/400000  eps=0.150  episodes=  314  mean_return=950.000  mean_loss= 8.31363  mean_foundation= 13.0/52  lifetime_outcomes={'won': 110, 'stalled': 2, 'truncated': 202, 'other': 0}  rss= 2823.9MB  (5126s)
step   266000/400000  eps=0.150  episodes=  315  mean_return=420.000  mean_loss= 8.28230  mean_foundation=  4.0/52  lifetime_outcomes={'won': 110, 'stalled': 2, 'truncated': 203, 'other': 0}  rss= 2823.9MB  (5129s)
step   267000/400000  eps=0.150  episodes=  316  mean_return=880.000  mean_loss= 7.93205  mean_foundation=  5.0/52  lifetime_outcomes={'won': 110, 'stalled': 2, 'truncated': 204, 'other': 0}  rss= 2823.9MB  (5133s)
step   268000/400000  eps=0.150  episodes=  317  mean_return=320.000  mean_loss= 7.84432  mean_foundation=  7.0/52  lifetime_outcomes={'won': 110, 'stalled': 2, 'truncated': 205, 'other': 0}  rss= 2823.9MB  (5136s)
step   269000/400000  eps=0.150  episodes=  318  mean_return=1400.000  mean_loss= 7.69450  mean_foundation= 22.0/52  lifetime_outcomes={'won': 110, 'stalled': 2, 'truncated': 206, 'other': 0}  rss= 2823.9MB  (5139s)
step   270000/400000  eps=0.150  episodes=  320  mean_return=3848.245  mean_loss= 7.62431  mean_foundation= 31.5/52  lifetime_outcomes={'won': 111, 'stalled': 2, 'truncated': 207, 'other': 0}  rss= 2823.9MB  (5143s)
  EVAL  step   270000  win_rate=35.00%  mean_return=3073.103  mean_foundation= 26.2/52  mean_length=819.7  (greedy, 200 fixed deals)
step   271000/400000  eps=0.150  episodes=  321  mean_return=1200.000  mean_loss= 7.68113  mean_foundation= 14.0/52  lifetime_outcomes={'won': 111, 'stalled': 2, 'truncated': 208, 'other': 0}  rss= 2823.9MB  (5309s)
step   272000/400000  eps=0.150  episodes=  322  mean_return=440.000  mean_loss= 7.10211  mean_foundation=  6.0/52  lifetime_outcomes={'won': 111, 'stalled': 2, 'truncated': 209, 'other': 0}  rss= 2823.9MB  (5312s)
step   273000/400000  eps=0.150  episodes=  323  mean_return=1200.000  mean_loss= 7.49050  mean_foundation= 11.0/52  lifetime_outcomes={'won': 111, 'stalled': 2, 'truncated': 210, 'other': 0}  rss= 2823.9MB  (5315s)
step   274000/400000  eps=0.150  episodes=  324  mean_return=190.000  mean_loss= 7.04047  mean_foundation=  4.0/52  lifetime_outcomes={'won': 111, 'stalled': 2, 'truncated': 211, 'other': 0}  rss= 2823.9MB  (5319s)
step   275000/400000  eps=0.150  episodes=  326  mean_return=4352.325  mean_loss= 7.15555  mean_foundation= 40.0/52  lifetime_outcomes={'won': 112, 'stalled': 2, 'truncated': 212, 'other': 0}  rss= 2823.9MB  (5322s)
step   276000/400000  eps=0.150  episodes=  327  mean_return=950.000  mean_loss= 7.00099  mean_foundation=  7.0/52  lifetime_outcomes={'won': 112, 'stalled': 2, 'truncated': 213, 'other': 0}  rss= 2823.9MB  (5326s)
step   277000/400000  eps=0.150  episodes=  328  mean_return=1130.000  mean_loss= 7.00497  mean_foundation=  6.0/52  lifetime_outcomes={'won': 112, 'stalled': 2, 'truncated': 214, 'other': 0}  rss= 2823.9MB  (5329s)
step   278000/400000  eps=0.150  episodes=  329  mean_return=7043.820  mean_loss= 6.95807  mean_foundation= 52.0/52  lifetime_outcomes={'won': 113, 'stalled': 2, 'truncated': 214, 'other': 0}  rss= 2823.9MB  (5333s)
step   279000/400000  eps=0.150  episodes=  331  mean_return=3878.560  mean_loss= 7.13113  mean_foundation= 33.5/52  lifetime_outcomes={'won': 114, 'stalled': 2, 'truncated': 215, 'other': 0}  rss= 2823.9MB  (5336s)
step   280000/400000  eps=0.150  episodes=  332  mean_return=1750.000  mean_loss= 6.87045  mean_foundation= 38.0/52  lifetime_outcomes={'won': 114, 'stalled': 2, 'truncated': 216, 'other': 0}  rss= 2823.9MB  (5340s)
  EVAL  step   280000  win_rate=28.50%  mean_return=2748.243  mean_foundation= 25.0/52  mean_length=880.7  (greedy, 200 fixed deals)
step   281000/400000  eps=0.150  episodes=  333  mean_return=580.000  mean_loss= 6.55514  mean_foundation=  6.0/52  lifetime_outcomes={'won': 114, 'stalled': 2, 'truncated': 217, 'other': 0}  rss= 2823.9MB  (5511s)
step   282000/400000  eps=0.150  episodes=  334  mean_return=880.000  mean_loss= 7.01808  mean_foundation= 11.0/52  lifetime_outcomes={'won': 114, 'stalled': 2, 'truncated': 218, 'other': 0}  rss= 2823.9MB  (5515s)
step   283000/400000  eps=0.150  episodes=  335  mean_return=120.000  mean_loss= 6.82421  mean_foundation=  3.0/52  lifetime_outcomes={'won': 114, 'stalled': 2, 'truncated': 219, 'other': 0}  rss= 2823.9MB  (5518s)
step   284000/400000  eps=0.150  episodes=  336  mean_return=7043.240  mean_loss= 6.65980  mean_foundation= 52.0/52  lifetime_outcomes={'won': 115, 'stalled': 2, 'truncated': 219, 'other': 0}  rss= 2823.9MB  (5522s)
step   285000/400000  eps=0.150  episodes=  337  mean_return=960.000  mean_loss= 6.58957  mean_foundation=  9.0/52  lifetime_outcomes={'won': 115, 'stalled': 2, 'truncated': 220, 'other': 0}  rss= 2823.9MB  (5525s)
step   286000/400000  eps=0.150  episodes=  339  mean_return=4028.185  mean_loss= 6.59247  mean_foundation= 34.5/52  lifetime_outcomes={'won': 116, 'stalled': 2, 'truncated': 221, 'other': 0}  rss= 2823.9MB  (5529s)
step   287000/400000  eps=0.150  episodes=  340  mean_return=980.000  mean_loss= 6.40358  mean_foundation= 12.0/52  lifetime_outcomes={'won': 116, 'stalled': 2, 'truncated': 222, 'other': 0}  rss= 2823.9MB  (5532s)
step   288000/400000  eps=0.150  episodes=  341  mean_return=1090.000  mean_loss= 6.71605  mean_foundation=  8.0/52  lifetime_outcomes={'won': 116, 'stalled': 2, 'truncated': 223, 'other': 0}  rss= 2823.9MB  (5536s)
step   289000/400000  eps=0.150  episodes=  342  mean_return=7045.680  mean_loss= 6.23657  mean_foundation= 52.0/52  lifetime_outcomes={'won': 117, 'stalled': 2, 'truncated': 223, 'other': 0}  rss= 2823.9MB  (5539s)
step   290000/400000  eps=0.150  episodes=  343  mean_return=320.000  mean_loss= 6.17437  mean_foundation=  5.0/52  lifetime_outcomes={'won': 117, 'stalled': 2, 'truncated': 224, 'other': 0}  rss= 2823.9MB  (5543s)
  EVAL  step   290000  win_rate=32.00%  mean_return=2953.150  mean_foundation= 26.6/52  mean_length=850.0  (greedy, 200 fixed deals)
step   291000/400000  eps=0.150  episodes=  344  mean_return=1230.000  mean_loss= 6.17435  mean_foundation= 11.0/52  lifetime_outcomes={'won': 117, 'stalled': 2, 'truncated': 225, 'other': 0}  rss= 2823.9MB  (5710s)
step   292000/400000  eps=0.150  episodes=  345  mean_return=390.000  mean_loss= 6.34580  mean_foundation=  7.0/52  lifetime_outcomes={'won': 117, 'stalled': 2, 'truncated': 226, 'other': 0}  rss= 2823.9MB  (5714s)
step   293000/400000  eps=0.150  episodes=  346  mean_return=360.000  mean_loss= 6.25234  mean_foundation=  4.0/52  lifetime_outcomes={'won': 117, 'stalled': 2, 'truncated': 227, 'other': 0}  rss= 2823.9MB  (5717s)
step   294000/400000  eps=0.150  episodes=  347  mean_return=570.000  mean_loss= 5.93757  mean_foundation= 14.0/52  lifetime_outcomes={'won': 117, 'stalled': 2, 'truncated': 228, 'other': 0}  rss= 2823.9MB  (5721s)
step   295000/400000  eps=0.150  episodes=  348  mean_return=450.000  mean_loss= 5.96832  mean_foundation=  5.0/52  lifetime_outcomes={'won': 117, 'stalled': 2, 'truncated': 229, 'other': 0}  rss= 2823.9MB  (5725s)
step   296000/400000  eps=0.150  episodes=  349  mean_return=910.000  mean_loss= 5.55426  mean_foundation=  5.0/52  lifetime_outcomes={'won': 117, 'stalled': 2, 'truncated': 230, 'other': 0}  rss= 2823.9MB  (5728s)
step   297000/400000  eps=0.150  episodes=  350  mean_return=1240.000  mean_loss= 5.99532  mean_foundation= 12.0/52  lifetime_outcomes={'won': 117, 'stalled': 2, 'truncated': 231, 'other': 0}  rss= 2823.9MB  (5732s)
step   298000/400000  eps=0.150  episodes=  351  mean_return=1010.000  mean_loss= 5.82657  mean_foundation= 13.0/52  lifetime_outcomes={'won': 117, 'stalled': 2, 'truncated': 232, 'other': 0}  rss= 2823.9MB  (5735s)
step   299000/400000  eps=0.150  episodes=  352  mean_return=810.000  mean_loss= 5.58554  mean_foundation=  5.0/52  lifetime_outcomes={'won': 117, 'stalled': 2, 'truncated': 233, 'other': 0}  rss= 2823.9MB  (5739s)
step   300000/400000  eps=0.150  episodes=  353  mean_return=1140.000  mean_loss= 5.72192  mean_foundation= 10.0/52  lifetime_outcomes={'won': 117, 'stalled': 2, 'truncated': 234, 'other': 0}  rss= 2823.9MB  (5742s)
  EVAL  step   300000  win_rate=29.50%  mean_return=2816.318  mean_foundation= 25.7/52  mean_length=878.2  (greedy, 200 fixed deals)
step   301000/400000  eps=0.150  episodes=  354  mean_return=740.000  mean_loss= 5.64576  mean_foundation=  6.0/52  lifetime_outcomes={'won': 117, 'stalled': 2, 'truncated': 235, 'other': 0}  rss= 2823.9MB  (5912s)
step   302000/400000  eps=0.150  episodes=  356  mean_return=4322.050  mean_loss= 5.48088  mean_foundation= 40.0/52  lifetime_outcomes={'won': 118, 'stalled': 2, 'truncated': 236, 'other': 0}  rss= 2823.9MB  (5915s)
step   303000/400000  eps=0.150  episodes=  357  mean_return=740.000  mean_loss= 5.29478  mean_foundation=  6.0/52  lifetime_outcomes={'won': 118, 'stalled': 2, 'truncated': 237, 'other': 0}  rss= 2823.9MB  (5919s)
step   304000/400000  eps=0.150  episodes=  358  mean_return=1360.000  mean_loss= 5.50474  mean_foundation= 19.0/52  lifetime_outcomes={'won': 118, 'stalled': 2, 'truncated': 238, 'other': 0}  rss= 2823.9MB  (5922s)
step   305000/400000  eps=0.150  episodes=  360  mean_return=7044.915  mean_loss= 5.34157  mean_foundation= 52.0/52  lifetime_outcomes={'won': 120, 'stalled': 2, 'truncated': 238, 'other': 0}  rss= 2823.9MB  (5926s)
step   306000/400000  eps=0.150  episodes=  362  mean_return=7045.790  mean_loss= 5.50577  mean_foundation= 52.0/52  lifetime_outcomes={'won': 122, 'stalled': 2, 'truncated': 238, 'other': 0}  rss= 2823.9MB  (5929s)
step   307000/400000  eps=0.150  episodes=  364  mean_return=7045.950  mean_loss= 5.43148  mean_foundation= 52.0/52  lifetime_outcomes={'won': 124, 'stalled': 2, 'truncated': 238, 'other': 0}  rss= 2823.9MB  (5933s)
step   308000/400000  eps=0.150  episodes=  366  mean_return=3822.815  mean_loss= 5.24027  mean_foundation= 27.0/52  lifetime_outcomes={'won': 125, 'stalled': 2, 'truncated': 239, 'other': 0}  rss= 2823.9MB  (5936s)
step   309000/400000  eps=0.150  episodes=  367  mean_return=7046.540  mean_loss= 5.06060  mean_foundation= 52.0/52  lifetime_outcomes={'won': 126, 'stalled': 2, 'truncated': 239, 'other': 0}  rss= 2823.9MB  (5940s)
step   310000/400000  eps=0.150  episodes=  369  mean_return=3968.255  mean_loss= 5.20920  mean_foundation= 30.5/52  lifetime_outcomes={'won': 127, 'stalled': 2, 'truncated': 240, 'other': 0}  rss= 2823.9MB  (5944s)
  EVAL  step   310000  win_rate=34.00%  mean_return=2991.997  mean_foundation= 25.6/52  mean_length=800.3  (greedy, 200 fixed deals)
step   311000/400000  eps=0.150  episodes=  371  mean_return=3783.450  mean_loss= 5.08639  mean_foundation= 28.0/52  lifetime_outcomes={'won': 128, 'stalled': 2, 'truncated': 241, 'other': 0}  rss= 2823.9MB  (6100s)
step   312000/400000  eps=0.150  episodes=  373  mean_return=7045.715  mean_loss= 5.13796  mean_foundation= 52.0/52  lifetime_outcomes={'won': 130, 'stalled': 2, 'truncated': 241, 'other': 0}  rss= 2823.9MB  (6103s)
step   313000/400000  eps=0.150  episodes=  374  mean_return=1540.000  mean_loss= 5.03983  mean_foundation= 17.0/52  lifetime_outcomes={'won': 130, 'stalled': 2, 'truncated': 242, 'other': 0}  rss= 2823.9MB  (6107s)
step   314000/400000  eps=0.150  episodes=  375  mean_return=610.000  mean_loss= 5.17299  mean_foundation=  4.0/52  lifetime_outcomes={'won': 130, 'stalled': 2, 'truncated': 243, 'other': 0}  rss= 2823.9MB  (6110s)
step   315000/400000  eps=0.150  episodes=  376  mean_return=1490.000  mean_loss= 4.91077  mean_foundation= 17.0/52  lifetime_outcomes={'won': 130, 'stalled': 2, 'truncated': 244, 'other': 0}  rss= 2823.9MB  (6114s)
step   316000/400000  eps=0.150  episodes=  377  mean_return=1030.000  mean_loss= 5.01465  mean_foundation=  5.0/52  lifetime_outcomes={'won': 130, 'stalled': 2, 'truncated': 245, 'other': 0}  rss= 2823.9MB  (6117s)
step   317000/400000  eps=0.150  episodes=  378  mean_return=490.000  mean_loss= 5.08911  mean_foundation=  8.0/52  lifetime_outcomes={'won': 130, 'stalled': 2, 'truncated': 246, 'other': 0}  rss= 2823.9MB  (6121s)
step   318000/400000  eps=0.150  episodes=  379  mean_return=1430.000  mean_loss= 4.87432  mean_foundation= 11.0/52  lifetime_outcomes={'won': 130, 'stalled': 2, 'truncated': 247, 'other': 0}  rss= 2823.9MB  (6125s)
step   319000/400000  eps=0.150  episodes=  380  mean_return=1330.000  mean_loss= 4.78725  mean_foundation= 10.0/52  lifetime_outcomes={'won': 130, 'stalled': 2, 'truncated': 248, 'other': 0}  rss= 2823.9MB  (6128s)
step   320000/400000  eps=0.150  episodes=  381  mean_return=960.000  mean_loss= 4.86642  mean_foundation=  6.0/52  lifetime_outcomes={'won': 130, 'stalled': 2, 'truncated': 249, 'other': 0}  rss= 2823.9MB  (6132s)
  EVAL  step   320000  win_rate=35.00%  mean_return=3068.028  mean_foundation= 25.9/52  mean_length=847.2  (greedy, 200 fixed deals)
step   321000/400000  eps=0.150  episodes=  382  mean_return=900.000  mean_loss= 4.72793  mean_foundation= 10.0/52  lifetime_outcomes={'won': 130, 'stalled': 2, 'truncated': 250, 'other': 0}  rss= 2823.9MB  (6301s)
step   322000/400000  eps=0.150  episodes=  383  mean_return=320.000  mean_loss= 4.67225  mean_foundation=  2.0/52  lifetime_outcomes={'won': 130, 'stalled': 2, 'truncated': 251, 'other': 0}  rss= 2823.9MB  (6304s)
step   323000/400000  eps=0.150  episodes=  384  mean_return=7041.830  mean_loss= 4.84709  mean_foundation= 52.0/52  lifetime_outcomes={'won': 131, 'stalled': 2, 'truncated': 251, 'other': 0}  rss= 2823.9MB  (6307s)
step   324000/400000  eps=0.150  episodes=  385  mean_return=7045.090  mean_loss= 4.87424  mean_foundation= 52.0/52  lifetime_outcomes={'won': 132, 'stalled': 2, 'truncated': 251, 'other': 0}  rss= 2823.9MB  (6311s)
step   325000/400000  eps=0.150  episodes=  386  mean_return=7041.190  mean_loss= 4.64696  mean_foundation= 52.0/52  lifetime_outcomes={'won': 133, 'stalled': 2, 'truncated': 251, 'other': 0}  rss= 2823.9MB  (6314s)
step   326000/400000  eps=0.150  episodes=  388  mean_return=3642.995  mean_loss= 4.60147  mean_foundation= 27.5/52  lifetime_outcomes={'won': 134, 'stalled': 2, 'truncated': 252, 'other': 0}  rss= 2823.9MB  (6318s)
step   327000/400000  eps=0.150  episodes=  389  mean_return=780.000  mean_loss= 4.44010  mean_foundation=  4.0/52  lifetime_outcomes={'won': 134, 'stalled': 2, 'truncated': 253, 'other': 0}  rss= 2823.9MB  (6321s)
step   328000/400000  eps=0.150  episodes=  390  mean_return=440.000  mean_loss= 4.66750  mean_foundation= 11.0/52  lifetime_outcomes={'won': 134, 'stalled': 2, 'truncated': 254, 'other': 0}  rss= 2823.9MB  (6324s)
step   329000/400000  eps=0.150  episodes=  391  mean_return=880.000  mean_loss= 4.77225  mean_foundation= 10.0/52  lifetime_outcomes={'won': 134, 'stalled': 2, 'truncated': 255, 'other': 0}  rss= 2823.9MB  (6328s)
step   330000/400000  eps=0.150  episodes=  392  mean_return=390.000  mean_loss= 4.45961  mean_foundation=  6.0/52  lifetime_outcomes={'won': 134, 'stalled': 2, 'truncated': 256, 'other': 0}  rss= 2823.9MB  (6331s)
  EVAL  step   330000  win_rate=23.50%  mean_return=2496.302  mean_foundation= 23.2/52  mean_length=909.8  (greedy, 200 fixed deals)
step   331000/400000  eps=0.150  episodes=  393  mean_return=7042.490  mean_loss= 4.47855  mean_foundation= 52.0/52  lifetime_outcomes={'won': 135, 'stalled': 2, 'truncated': 256, 'other': 0}  rss= 2823.9MB  (6513s)
step   332000/400000  eps=0.150  episodes=  394  mean_return=1320.000  mean_loss= 4.33404  mean_foundation= 16.0/52  lifetime_outcomes={'won': 135, 'stalled': 2, 'truncated': 257, 'other': 0}  rss= 2823.9MB  (6517s)
step   333000/400000  eps=0.150  episodes=  395  mean_return=1240.000  mean_loss= 4.18589  mean_foundation= 16.0/52  lifetime_outcomes={'won': 135, 'stalled': 2, 'truncated': 258, 'other': 0}  rss= 2823.9MB  (6520s)
step   334000/400000  eps=0.150  episodes=  397  mean_return=3768.160  mean_loss= 3.95312  mean_foundation= 28.5/52  lifetime_outcomes={'won': 136, 'stalled': 2, 'truncated': 259, 'other': 0}  rss= 2823.9MB  (6524s)
step   335000/400000  eps=0.150  episodes=  399  mean_return=7044.760  mean_loss= 4.37231  mean_foundation= 52.0/52  lifetime_outcomes={'won': 138, 'stalled': 2, 'truncated': 259, 'other': 0}  rss= 2823.9MB  (6527s)
step   336000/400000  eps=0.150  episodes=  400  mean_return=1140.000  mean_loss= 4.06792  mean_foundation= 12.0/52  lifetime_outcomes={'won': 138, 'stalled': 2, 'truncated': 260, 'other': 0}  rss= 2823.9MB  (6531s)
step   337000/400000  eps=0.150  episodes=  401  mean_return=7042.880  mean_loss= 4.11628  mean_foundation= 52.0/52  lifetime_outcomes={'won': 139, 'stalled': 2, 'truncated': 260, 'other': 0}  rss= 2823.9MB  (6534s)
step   338000/400000  eps=0.150  episodes=  402  mean_return=840.000  mean_loss= 4.11079  mean_foundation=  6.0/52  lifetime_outcomes={'won': 139, 'stalled': 2, 'truncated': 261, 'other': 0}  rss= 2823.9MB  (6537s)
step   339000/400000  eps=0.150  episodes=  404  mean_return=4232.450  mean_loss= 4.20014  mean_foundation= 38.5/52  lifetime_outcomes={'won': 140, 'stalled': 2, 'truncated': 262, 'other': 0}  rss= 2823.9MB  (6541s)
step   340000/400000  eps=0.150  episodes=  405  mean_return=740.000  mean_loss= 4.01127  mean_foundation=  7.0/52  lifetime_outcomes={'won': 140, 'stalled': 2, 'truncated': 263, 'other': 0}  rss= 2823.9MB  (6544s)
  EVAL  step   340000  win_rate=33.00%  mean_return=2961.910  mean_foundation= 25.3/52  mean_length=824.0  (greedy, 200 fixed deals)
step   341000/400000  eps=0.150  episodes=  406  mean_return=820.000  mean_loss= 4.01808  mean_foundation=  8.0/52  lifetime_outcomes={'won': 140, 'stalled': 2, 'truncated': 264, 'other': 0}  rss= 2823.9MB  (6706s)
step   342000/400000  eps=0.150  episodes=  407  mean_return=7040.260  mean_loss= 4.03617  mean_foundation= 52.0/52  lifetime_outcomes={'won': 141, 'stalled': 2, 'truncated': 264, 'other': 0}  rss= 2823.9MB  (6710s)
step   343000/400000  eps=0.150  episodes=  408  mean_return=1710.000  mean_loss= 3.94707  mean_foundation= 33.0/52  lifetime_outcomes={'won': 141, 'stalled': 2, 'truncated': 265, 'other': 0}  rss= 2823.9MB  (6713s)
step   344000/400000  eps=0.150  episodes=  409  mean_return=390.000  mean_loss= 3.86383  mean_foundation=  1.0/52  lifetime_outcomes={'won': 141, 'stalled': 2, 'truncated': 266, 'other': 0}  rss= 2823.9MB  (6717s)
step   345000/400000  eps=0.150  episodes=  410  mean_return=580.000  mean_loss= 3.89395  mean_foundation= 12.0/52  lifetime_outcomes={'won': 141, 'stalled': 2, 'truncated': 267, 'other': 0}  rss= 2823.9MB  (6720s)
step   346000/400000  eps=0.150  episodes=  411  mean_return=360.000  mean_loss= 3.78499  mean_foundation=  6.0/52  lifetime_outcomes={'won': 141, 'stalled': 2, 'truncated': 268, 'other': 0}  rss= 2823.9MB  (6724s)
step   347000/400000  eps=0.150  episodes=  412  mean_return=1980.000  mean_loss= 3.83056  mean_foundation= 46.0/52  lifetime_outcomes={'won': 141, 'stalled': 2, 'truncated': 269, 'other': 0}  rss= 2823.9MB  (6728s)
step   348000/400000  eps=0.150  episodes=  413  mean_return=1210.000  mean_loss= 3.78788  mean_foundation= 12.0/52  lifetime_outcomes={'won': 141, 'stalled': 2, 'truncated': 270, 'other': 0}  rss= 2823.9MB  (6731s)
step   349000/400000  eps=0.150  episodes=  415  mean_return=7044.540  mean_loss= 3.59475  mean_foundation= 52.0/52  lifetime_outcomes={'won': 143, 'stalled': 2, 'truncated': 270, 'other': 0}  rss= 2823.9MB  (6735s)
step   350000/400000  eps=0.150  episodes=  416  mean_return=1010.000  mean_loss= 3.63042  mean_foundation=  6.0/52  lifetime_outcomes={'won': 143, 'stalled': 2, 'truncated': 271, 'other': 0}  rss= 2823.9MB  (6738s)
  EVAL  step   350000  win_rate=26.00%  mean_return=2582.549  mean_foundation= 23.5/52  mean_length=900.1  (greedy, 200 fixed deals)
step   351000/400000  eps=0.150  episodes=  417  mean_return=1630.000  mean_loss= 3.75496  mean_foundation= 26.0/52  lifetime_outcomes={'won': 143, 'stalled': 2, 'truncated': 272, 'other': 0}  rss= 2823.9MB  (6917s)
step   352000/400000  eps=0.150  episodes=  418  mean_return=7044.100  mean_loss= 3.81436  mean_foundation= 52.0/52  lifetime_outcomes={'won': 144, 'stalled': 2, 'truncated': 272, 'other': 0}  rss= 2823.9MB  (6920s)
step   353000/400000  eps=0.150  episodes=  419  mean_return=500.000  mean_loss= 3.77460  mean_foundation= 10.0/52  lifetime_outcomes={'won': 144, 'stalled': 2, 'truncated': 273, 'other': 0}  rss= 2823.9MB  (6924s)
step   354000/400000  eps=0.150  episodes=  420  mean_return=220.000  mean_loss= 3.55197  mean_foundation=  3.0/52  lifetime_outcomes={'won': 144, 'stalled': 2, 'truncated': 274, 'other': 0}  rss= 2823.9MB  (6928s)
step   355000/400000  eps=0.150  episodes=  423  mean_return=7045.077  mean_loss= 3.38493  mean_foundation= 52.0/52  lifetime_outcomes={'won': 147, 'stalled': 2, 'truncated': 274, 'other': 0}  rss= 2823.9MB  (6931s)
step   356000/400000  eps=0.150  episodes=  424  mean_return=1120.000  mean_loss= 3.59541  mean_foundation=  8.0/52  lifetime_outcomes={'won': 147, 'stalled': 2, 'truncated': 275, 'other': 0}  rss= 2823.9MB  (6935s)
step   357000/400000  eps=0.150  episodes=  425  mean_return=340.000  mean_loss= 3.47968  mean_foundation= 11.0/52  lifetime_outcomes={'won': 147, 'stalled': 2, 'truncated': 276, 'other': 0}  rss= 2823.9MB  (6939s)
step   358000/400000  eps=0.150  episodes=  426  mean_return=680.000  mean_loss= 3.50736  mean_foundation=  9.0/52  lifetime_outcomes={'won': 147, 'stalled': 2, 'truncated': 277, 'other': 0}  rss= 2823.9MB  (6942s)
step   359000/400000  eps=0.150  episodes=  427  mean_return=7043.350  mean_loss= 3.50248  mean_foundation= 52.0/52  lifetime_outcomes={'won': 148, 'stalled': 2, 'truncated': 277, 'other': 0}  rss= 2823.9MB  (6946s)
step   360000/400000  eps=0.150  episodes=  428  mean_return=1070.000  mean_loss= 3.58781  mean_foundation=  8.0/52  lifetime_outcomes={'won': 148, 'stalled': 2, 'truncated': 278, 'other': 0}  rss= 2823.9MB  (6949s)
  EVAL  step   360000  win_rate=33.00%  mean_return=2970.840  mean_foundation= 26.0/52  mean_length=836.0  (greedy, 200 fixed deals)
step   361000/400000  eps=0.150  episodes=  429  mean_return=7042.980  mean_loss= 3.46047  mean_foundation= 52.0/52  lifetime_outcomes={'won': 149, 'stalled': 2, 'truncated': 278, 'other': 0}  rss= 2823.9MB  (7111s)
step   362000/400000  eps=0.150  episodes=  430  mean_return=1340.000  mean_loss= 3.38089  mean_foundation=  8.0/52  lifetime_outcomes={'won': 149, 'stalled': 2, 'truncated': 279, 'other': 0}  rss= 2823.9MB  (7115s)
step   363000/400000  eps=0.150  episodes=  431  mean_return=1410.000  mean_loss= 3.23277  mean_foundation= 24.0/52  lifetime_outcomes={'won': 149, 'stalled': 2, 'truncated': 280, 'other': 0}  rss= 2823.9MB  (7118s)
step   364000/400000  eps=0.150  episodes=  432  mean_return=1280.000  mean_loss= 3.32347  mean_foundation= 16.0/52  lifetime_outcomes={'won': 149, 'stalled': 2, 'truncated': 281, 'other': 0}  rss= 2823.9MB  (7122s)
step   365000/400000  eps=0.150  episodes=  433  mean_return=1080.000  mean_loss= 3.22654  mean_foundation= 14.0/52  lifetime_outcomes={'won': 149, 'stalled': 2, 'truncated': 282, 'other': 0}  rss= 2823.9MB  (7126s)
step   366000/400000  eps=0.150  episodes=  434  mean_return=690.000  mean_loss= 3.21919  mean_foundation=  4.0/52  lifetime_outcomes={'won': 149, 'stalled': 2, 'truncated': 283, 'other': 0}  rss= 2823.9MB  (7130s)
step   367000/400000  eps=0.150  episodes=  435  mean_return= 90.000  mean_loss= 3.23349  mean_foundation=  2.0/52  lifetime_outcomes={'won': 149, 'stalled': 2, 'truncated': 284, 'other': 0}  rss= 2823.9MB  (7133s)
step   368000/400000  eps=0.150  episodes=  436  mean_return=600.000  mean_loss= 3.19630  mean_foundation=  5.0/52  lifetime_outcomes={'won': 149, 'stalled': 2, 'truncated': 285, 'other': 0}  rss= 2823.9MB  (7137s)
step   369000/400000  eps=0.150  episodes=  438  mean_return=3966.915  mean_loss= 3.12893  mean_foundation= 27.0/52  lifetime_outcomes={'won': 150, 'stalled': 2, 'truncated': 286, 'other': 0}  rss= 2823.9MB  (7141s)
step   370000/400000  eps=0.150  episodes=  439  mean_return=640.000  mean_loss= 3.05758  mean_foundation= 10.0/52  lifetime_outcomes={'won': 150, 'stalled': 2, 'truncated': 287, 'other': 0}  rss= 2823.9MB  (7144s)
  EVAL  step   370000  win_rate=37.00%  mean_return=3158.071  mean_foundation= 26.8/52  mean_length=772.9  (greedy, 200 fixed deals)
step   371000/400000  eps=0.150  episodes=  440  mean_return=1080.000  mean_loss= 3.01701  mean_foundation=  8.0/52  lifetime_outcomes={'won': 150, 'stalled': 2, 'truncated': 288, 'other': 0}  rss= 2823.9MB  (7296s)
step   372000/400000  eps=0.150  episodes=  441  mean_return=1190.000  mean_loss= 3.16716  mean_foundation= 16.0/52  lifetime_outcomes={'won': 150, 'stalled': 2, 'truncated': 289, 'other': 0}  rss= 2823.9MB  (7300s)
step   373000/400000  eps=0.150  episodes=  442  mean_return=1440.000  mean_loss= 2.96297  mean_foundation= 17.0/52  lifetime_outcomes={'won': 150, 'stalled': 2, 'truncated': 290, 'other': 0}  rss= 2823.9MB  (7303s)
step   374000/400000  eps=0.150  episodes=  443  mean_return=7040.970  mean_loss= 3.04544  mean_foundation= 52.0/52  lifetime_outcomes={'won': 151, 'stalled': 2, 'truncated': 290, 'other': 0}  rss= 2823.9MB  (7306s)
step   375000/400000  eps=0.150  episodes=  444  mean_return=7041.680  mean_loss= 3.01569  mean_foundation= 52.0/52  lifetime_outcomes={'won': 152, 'stalled': 2, 'truncated': 290, 'other': 0}  rss= 2823.9MB  (7310s)
step   376000/400000  eps=0.150  episodes=  445  mean_return=670.000  mean_loss= 3.03937  mean_foundation=  9.0/52  lifetime_outcomes={'won': 152, 'stalled': 2, 'truncated': 291, 'other': 0}  rss= 2823.9MB  (7314s)
step   377000/400000  eps=0.150  episodes=  446  mean_return=7043.420  mean_loss= 3.02296  mean_foundation= 52.0/52  lifetime_outcomes={'won': 153, 'stalled': 2, 'truncated': 291, 'other': 0}  rss= 2823.9MB  (7317s)
step   378000/400000  eps=0.150  episodes=  447  mean_return=990.000  mean_loss= 2.90393  mean_foundation=  8.0/52  lifetime_outcomes={'won': 153, 'stalled': 2, 'truncated': 292, 'other': 0}  rss= 2823.9MB  (7321s)
step   379000/400000  eps=0.150  episodes=  448  mean_return=970.000  mean_loss= 2.98192  mean_foundation=  5.0/52  lifetime_outcomes={'won': 153, 'stalled': 2, 'truncated': 293, 'other': 0}  rss= 2823.9MB  (7324s)
step   380000/400000  eps=0.150  episodes=  450  mean_return=3677.775  mean_loss= 2.80598  mean_foundation= 27.5/52  lifetime_outcomes={'won': 154, 'stalled': 2, 'truncated': 294, 'other': 0}  rss= 2823.9MB  (7328s)
  EVAL  step   380000  win_rate=35.00%  mean_return=3082.660  mean_foundation= 26.6/52  mean_length=849.1  (greedy, 200 fixed deals)
step   381000/400000  eps=0.150  episodes=  451  mean_return=1360.000  mean_loss= 2.72593  mean_foundation= 16.0/52  lifetime_outcomes={'won': 154, 'stalled': 2, 'truncated': 295, 'other': 0}  rss= 2823.9MB  (7492s)
step   382000/400000  eps=0.150  episodes=  452  mean_return=7005.680  mean_loss= 2.81874  mean_foundation= 52.0/52  lifetime_outcomes={'won': 155, 'stalled': 2, 'truncated': 295, 'other': 0}  rss= 2823.9MB  (7495s)
step   383000/400000  eps=0.150  episodes=  454  mean_return=444.175  mean_loss= 2.70243  mean_foundation=  5.0/52  lifetime_outcomes={'won': 155, 'stalled': 3, 'truncated': 296, 'other': 0}  rss= 2823.9MB  (7499s)
step   384000/400000  eps=0.150  episodes=  455  mean_return=1200.000  mean_loss= 2.69044  mean_foundation= 19.0/52  lifetime_outcomes={'won': 155, 'stalled': 3, 'truncated': 297, 'other': 0}  rss= 2823.9MB  (7502s)
step   385000/400000  eps=0.150  episodes=  456  mean_return=1560.000  mean_loss= 2.78924  mean_foundation= 26.0/52  lifetime_outcomes={'won': 155, 'stalled': 3, 'truncated': 298, 'other': 0}  rss= 2823.9MB  (7506s)
step   386000/400000  eps=0.150  episodes=  457  mean_return=830.000  mean_loss= 2.80395  mean_foundation=  7.0/52  lifetime_outcomes={'won': 155, 'stalled': 3, 'truncated': 299, 'other': 0}  rss= 2823.9MB  (7509s)
step   387000/400000  eps=0.150  episodes=  458  mean_return=1220.000  mean_loss= 2.68010  mean_foundation= 15.0/52  lifetime_outcomes={'won': 155, 'stalled': 3, 'truncated': 300, 'other': 0}  rss= 2823.9MB  (7512s)
step   388000/400000  eps=0.150  episodes=  459  mean_return= 80.000  mean_loss= 2.76385  mean_foundation=  4.0/52  lifetime_outcomes={'won': 155, 'stalled': 3, 'truncated': 301, 'other': 0}  rss= 2823.9MB  (7516s)
step   389000/400000  eps=0.150  episodes=  460  mean_return=7043.160  mean_loss= 2.63755  mean_foundation= 52.0/52  lifetime_outcomes={'won': 156, 'stalled': 3, 'truncated': 301, 'other': 0}  rss= 2823.9MB  (7519s)
step   390000/400000  eps=0.150  episodes=  462  mean_return=609.155  mean_loss= 2.62062  mean_foundation=  4.5/52  lifetime_outcomes={'won': 156, 'stalled': 4, 'truncated': 302, 'other': 0}  rss= 2823.9MB  (7523s)
  EVAL  step   390000  win_rate=33.50%  mean_return=2981.320  mean_foundation= 25.6/52  mean_length=818.0  (greedy, 200 fixed deals)
step   391000/400000  eps=0.150  episodes=  463  mean_return=1120.000  mean_loss= 2.52958  mean_foundation=  7.0/52  lifetime_outcomes={'won': 156, 'stalled': 4, 'truncated': 303, 'other': 0}  rss= 2823.9MB  (7688s)
step   392000/400000  eps=0.150  episodes=  465  mean_return=7043.075  mean_loss= 2.52369  mean_foundation= 52.0/52  lifetime_outcomes={'won': 158, 'stalled': 4, 'truncated': 303, 'other': 0}  rss= 2823.9MB  (7691s)
step   393000/400000  eps=0.150  episodes=  466  mean_return=7041.160  mean_loss= 2.52888  mean_foundation= 52.0/52  lifetime_outcomes={'won': 159, 'stalled': 4, 'truncated': 303, 'other': 0}  rss= 2823.9MB  (7695s)
step   394000/400000  eps=0.150  episodes=  467  mean_return=510.000  mean_loss= 2.45807  mean_foundation=  4.0/52  lifetime_outcomes={'won': 159, 'stalled': 4, 'truncated': 304, 'other': 0}  rss= 2823.9MB  (7698s)
step   395000/400000  eps=0.150  episodes=  468  mean_return=170.000  mean_loss= 2.47027  mean_foundation=  2.0/52  lifetime_outcomes={'won': 159, 'stalled': 4, 'truncated': 305, 'other': 0}  rss= 2823.9MB  (7702s)
step   396000/400000  eps=0.150  episodes=  469  mean_return=590.000  mean_loss= 2.49198  mean_foundation=  6.0/52  lifetime_outcomes={'won': 159, 'stalled': 4, 'truncated': 306, 'other': 0}  rss= 2823.9MB  (7705s)
step   397000/400000  eps=0.150  episodes=  470  mean_return=7044.250  mean_loss= 2.44815  mean_foundation= 52.0/52  lifetime_outcomes={'won': 160, 'stalled': 4, 'truncated': 306, 'other': 0}  rss= 2823.9MB  (7709s)
step   398000/400000  eps=0.150  episodes=  471  mean_return=1570.000  mean_loss= 2.38513  mean_foundation= 20.0/52  lifetime_outcomes={'won': 160, 'stalled': 4, 'truncated': 307, 'other': 0}  rss= 2823.9MB  (7713s)
step   399000/400000  eps=0.150  episodes=  472  mean_return=1170.000  mean_loss= 2.57599  mean_foundation= 14.0/52  lifetime_outcomes={'won': 160, 'stalled': 4, 'truncated': 308, 'other': 0}  rss= 2823.9MB  (7716s)
step   400000/400000  eps=0.150  episodes=  473  mean_return=710.000  mean_loss= 2.41340  mean_foundation=  8.0/52  lifetime_outcomes={'won': 160, 'stalled': 4, 'truncated': 309, 'other': 0}  rss= 2823.9MB  (7719s)
  EVAL  step   400000  win_rate=16.00%  mean_return=2044.323  mean_foundation= 20.1/52  mean_length=942.7  (greedy, 200 fixed deals)
done. saved final checkpoint to runs/029_dqfd_moredemo_epsfloor_loopbreaker_solvcurriculum_freshdemo_control/checkpoint_final.pt
