run directory: runs/006_double_dqn_soft_nstep3_per_curriculum_v2
curriculum: loaded 86 real seeded wins from runs/curriculum_wins.jsonl
step     2000/500000  eps=0.991  episodes=    4  mean_return= 54.500  mean_loss=     nan  mean_foundation=  5.2/52  lifetime_outcomes={'won': 0, 'stalled': 0, 'truncated': 4, 'other': 0}  rss=  917.8MB  (1s)
step     4000/500000  eps=0.981  episodes=    9  mean_return= 34.698  mean_loss=     nan  mean_foundation= 23.4/52  lifetime_outcomes={'won': 0, 'stalled': 2, 'truncated': 7, 'other': 0}  rss=  935.9MB  (2s)
step     6000/500000  eps=0.972  episodes=   14  mean_return= 48.198  mean_loss= 0.34991  mean_foundation= 11.6/52  lifetime_outcomes={'won': 0, 'stalled': 3, 'truncated': 11, 'other': 0}  rss= 1249.5MB  (5s)
step     8000/500000  eps=0.962  episodes=   20  mean_return= 17.998  mean_loss= 0.34755  mean_foundation= 20.7/52  lifetime_outcomes={'won': 0, 'stalled': 5, 'truncated': 15, 'other': 0}  rss= 1266.3MB  (10s)
step    10000/500000  eps=0.953  episodes=   26  mean_return= 52.278  mean_loss= 0.39216  mean_foundation= 12.0/52  lifetime_outcomes={'won': 0, 'stalled': 7, 'truncated': 19, 'other': 0}  rss= 1275.3MB  (15s)
step    12000/500000  eps=0.943  episodes=   32  mean_return= 42.663  mean_loss= 0.38027  mean_foundation= 16.7/52  lifetime_outcomes={'won': 0, 'stalled': 10, 'truncated': 22, 'other': 0}  rss= 1294.8MB  (20s)
step    14000/500000  eps=0.933  episodes=   36  mean_return= 27.250  mean_loss= 0.33452  mean_foundation=  9.8/52  lifetime_outcomes={'won': 0, 'stalled': 10, 'truncated': 26, 'other': 0}  rss= 1301.3MB  (25s)
step    16000/500000  eps=0.924  episodes=   49  mean_return= 27.461  mean_loss= 0.33381  mean_foundation= 15.5/52  lifetime_outcomes={'won': 0, 'stalled': 20, 'truncated': 29, 'other': 0}  rss= 1310.3MB  (30s)
step    18000/500000  eps=0.914  episodes=   58  mean_return= 27.368  mean_loss= 0.35397  mean_foundation= 15.9/52  lifetime_outcomes={'won': 0, 'stalled': 26, 'truncated': 32, 'other': 0}  rss= 1323.8MB  (35s)
step    20000/500000  eps=0.905  episodes=   64  mean_return= 48.776  mean_loss= 0.36593  mean_foundation=  9.3/52  lifetime_outcomes={'won': 0, 'stalled': 28, 'truncated': 36, 'other': 0}  rss= 1331.9MB  (40s)
  EVAL  step    20000  win_rate=0.00%  mean_return= 16.037  mean_foundation=  4.3/52  mean_length=213.5  (greedy, 20 fixed deals)
step    22000/500000  eps=0.895  episodes=   69  mean_return= 59.998  mean_loss= 0.37585  mean_foundation= 10.0/52  lifetime_outcomes={'won': 0, 'stalled': 30, 'truncated': 39, 'other': 0}  rss= 1351.1MB  (48s)
step    24000/500000  eps=0.886  episodes=   76  mean_return= 32.324  mean_loss= 0.38855  mean_foundation= 13.9/52  lifetime_outcomes={'won': 0, 'stalled': 34, 'truncated': 42, 'other': 0}  rss= 1357.1MB  (53s)
step    26000/500000  eps=0.877  episodes=   82  mean_return= 44.787  mean_loss= 0.38469  mean_foundation= 12.3/52  lifetime_outcomes={'won': 0, 'stalled': 36, 'truncated': 46, 'other': 0}  rss= 1365.7MB  (57s)
step    28000/500000  eps=0.867  episodes=   88  mean_return= 42.864  mean_loss= 0.37704  mean_foundation= 14.2/52  lifetime_outcomes={'won': 0, 'stalled': 40, 'truncated': 48, 'other': 0}  rss= 1373.8MB  (62s)
step    30000/500000  eps=0.858  episodes=   93  mean_return= 52.245  mean_loss= 0.38994  mean_foundation=  9.2/52  lifetime_outcomes={'won': 0, 'stalled': 42, 'truncated': 51, 'other': 0}  rss= 1381.8MB  (67s)
step    32000/500000  eps=0.848  episodes=   97  mean_return= 69.758  mean_loss= 0.39908  mean_foundation=  5.2/52  lifetime_outcomes={'won': 0, 'stalled': 43, 'truncated': 54, 'other': 0}  rss= 1389.9MB  (72s)
step    34000/500000  eps=0.839  episodes=  105  mean_return= 26.694  mean_loss= 0.39724  mean_foundation= 16.5/52  lifetime_outcomes={'won': 0, 'stalled': 47, 'truncated': 58, 'other': 0}  rss= 1399.9MB  (77s)
step    36000/500000  eps=0.829  episodes=  111  mean_return= 30.503  mean_loss= 0.40322  mean_foundation=  8.3/52  lifetime_outcomes={'won': 0, 'stalled': 50, 'truncated': 61, 'other': 0}  rss= 1406.0MB  (82s)
step    38000/500000  eps=0.820  episodes=  116  mean_return= 54.891  mean_loss= 0.39912  mean_foundation=  8.8/52  lifetime_outcomes={'won': 0, 'stalled': 54, 'truncated': 62, 'other': 0}  rss= 1414.0MB  (86s)
step    40000/500000  eps=0.810  episodes=  123  mean_return= 44.834  mean_loss= 0.40409  mean_foundation= 16.7/52  lifetime_outcomes={'won': 0, 'stalled': 58, 'truncated': 65, 'other': 0}  rss= 1422.1MB  (91s)
  EVAL  step    40000  win_rate=0.00%  mean_return= 33.782  mean_foundation=  4.8/52  mean_length=368.6  (greedy, 20 fixed deals)
step    42000/500000  eps=0.800  episodes=  128  mean_return= 88.561  mean_loss= 0.41144  mean_foundation= 12.2/52  lifetime_outcomes={'won': 0, 'stalled': 59, 'truncated': 69, 'other': 0}  rss= 1430.2MB  (101s)
step    44000/500000  eps=0.791  episodes=  137  mean_return= 35.553  mean_loss= 0.42276  mean_foundation= 15.1/52  lifetime_outcomes={'won': 0, 'stalled': 65, 'truncated': 72, 'other': 0}  rss= 1438.2MB  (106s)
step    46000/500000  eps=0.781  episodes=  142  mean_return= 72.198  mean_loss= 0.42296  mean_foundation= 10.2/52  lifetime_outcomes={'won': 0, 'stalled': 67, 'truncated': 75, 'other': 0}  rss= 1444.3MB  (112s)
step    48000/500000  eps=0.772  episodes=  146  mean_return= 40.351  mean_loss= 0.42548  mean_foundation= 10.0/52  lifetime_outcomes={'won': 0, 'stalled': 68, 'truncated': 78, 'other': 0}  rss= 1452.3MB  (117s)
step    50000/500000  eps=0.762  episodes=  153  mean_return= 31.538  mean_loss= 0.41258  mean_foundation= 10.7/52  lifetime_outcomes={'won': 0, 'stalled': 71, 'truncated': 82, 'other': 0}  rss= 1462.4MB  (123s)
step    52000/500000  eps=0.753  episodes=  158  mean_return= 59.590  mean_loss= 0.41702  mean_foundation= 10.2/52  lifetime_outcomes={'won': 0, 'stalled': 74, 'truncated': 84, 'other': 0}  rss= 1474.9MB  (128s)
step    54000/500000  eps=0.744  episodes=  163  mean_return= 73.821  mean_loss= 0.42211  mean_foundation= 11.0/52  lifetime_outcomes={'won': 0, 'stalled': 77, 'truncated': 86, 'other': 0}  rss= 1483.0MB  (134s)
step    56000/500000  eps=0.734  episodes=  171  mean_return= 33.346  mean_loss= 0.41853  mean_foundation= 12.9/52  lifetime_outcomes={'won': 0, 'stalled': 82, 'truncated': 89, 'other': 0}  rss= 1491.1MB  (140s)
step    58000/500000  eps=0.725  episodes=  175  mean_return= 58.000  mean_loss= 0.41143  mean_foundation= 10.2/52  lifetime_outcomes={'won': 0, 'stalled': 82, 'truncated': 93, 'other': 0}  rss= 1497.1MB  (146s)
step    60000/500000  eps=0.715  episodes=  183  mean_return= 34.299  mean_loss= 0.42146  mean_foundation= 13.2/52  lifetime_outcomes={'won': 0, 'stalled': 88, 'truncated': 95, 'other': 0}  rss= 1505.2MB  (151s)
  EVAL  step    60000  win_rate=0.00%  mean_return= 25.472  mean_foundation=  2.8/52  mean_length=477.9  (greedy, 20 fixed deals)
step    62000/500000  eps=0.706  episodes=  188  mean_return= 78.321  mean_loss= 0.42837  mean_foundation= 13.0/52  lifetime_outcomes={'won': 0, 'stalled': 89, 'truncated': 99, 'other': 0}  rss= 1517.7MB  (167s)
step    64000/500000  eps=0.696  episodes=  195  mean_return= 45.711  mean_loss= 0.41595  mean_foundation= 13.1/52  lifetime_outcomes={'won': 0, 'stalled': 94, 'truncated': 101, 'other': 0}  rss= 1525.8MB  (172s)
step    66000/500000  eps=0.686  episodes=  200  mean_return= 37.055  mean_loss= 0.41409  mean_foundation= 16.0/52  lifetime_outcomes={'won': 0, 'stalled': 96, 'truncated': 104, 'other': 0}  rss= 1536.0MB  (177s)
step    68000/500000  eps=0.677  episodes=  204  mean_return= 92.750  mean_loss= 0.41015  mean_foundation= 12.5/52  lifetime_outcomes={'won': 0, 'stalled': 96, 'truncated': 108, 'other': 0}  rss= 1542.0MB  (183s)
step    70000/500000  eps=0.667  episodes=  210  mean_return= 59.141  mean_loss= 0.41911  mean_foundation= 15.5/52  lifetime_outcomes={'won': 0, 'stalled': 99, 'truncated': 111, 'other': 0}  rss= 1550.0MB  (188s)
step    72000/500000  eps=0.658  episodes=  219  mean_return= 27.102  mean_loss= 0.40631  mean_foundation= 16.9/52  lifetime_outcomes={'won': 0, 'stalled': 107, 'truncated': 112, 'other': 0}  rss= 1558.1MB  (193s)
step    74000/500000  eps=0.649  episodes=  225  mean_return= 72.837  mean_loss= 0.41171  mean_foundation= 16.3/52  lifetime_outcomes={'won': 0, 'stalled': 110, 'truncated': 115, 'other': 0}  rss= 1567.0MB  (198s)
step    76000/500000  eps=0.639  episodes=  232  mean_return= 26.431  mean_loss= 0.41510  mean_foundation= 23.9/52  lifetime_outcomes={'won': 0, 'stalled': 114, 'truncated': 118, 'other': 0}  rss= 1575.2MB  (203s)
step    78000/500000  eps=0.629  episodes=  236  mean_return= 65.750  mean_loss= 0.40631  mean_foundation= 19.8/52  lifetime_outcomes={'won': 0, 'stalled': 114, 'truncated': 122, 'other': 0}  rss= 1581.2MB  (209s)
step    80000/500000  eps=0.620  episodes=  240  mean_return= 61.500  mean_loss= 0.40741  mean_foundation= 15.5/52  lifetime_outcomes={'won': 0, 'stalled': 114, 'truncated': 126, 'other': 0}  rss= 1589.3MB  (214s)
  EVAL  step    80000  win_rate=0.00%  mean_return= 29.721  mean_foundation=  2.9/52  mean_length=479.4  (greedy, 20 fixed deals)
step    82000/500000  eps=0.611  episodes=  244  mean_return= 88.528  mean_loss= 0.40218  mean_foundation= 16.2/52  lifetime_outcomes={'won': 0, 'stalled': 115, 'truncated': 129, 'other': 0}  rss= 1599.4MB  (228s)
step    84000/500000  eps=0.601  episodes=  249  mean_return= 61.265  mean_loss= 0.41910  mean_foundation= 14.0/52  lifetime_outcomes={'won': 0, 'stalled': 118, 'truncated': 131, 'other': 0}  rss= 1607.4MB  (233s)
step    86000/500000  eps=0.592  episodes=  255  mean_return= 33.940  mean_loss= 0.40220  mean_foundation=  4.5/52  lifetime_outcomes={'won': 0, 'stalled': 120, 'truncated': 135, 'other': 0}  rss= 1615.5MB  (238s)
step    88000/500000  eps=0.582  episodes=  260  mean_return= 42.590  mean_loss= 0.39988  mean_foundation=  8.8/52  lifetime_outcomes={'won': 0, 'stalled': 122, 'truncated': 138, 'other': 0}  rss= 1623.6MB  (244s)
step    90000/500000  eps=0.573  episodes=  265  mean_return= 46.989  mean_loss= 0.40565  mean_foundation= 11.8/52  lifetime_outcomes={'won': 0, 'stalled': 124, 'truncated': 141, 'other': 0}  rss= 1629.6MB  (249s)
step    92000/500000  eps=0.563  episodes=  269  mean_return=101.299  mean_loss= 0.39007  mean_foundation= 23.5/52  lifetime_outcomes={'won': 0, 'stalled': 125, 'truncated': 144, 'other': 0}  rss= 1637.7MB  (255s)
step    94000/500000  eps=0.554  episodes=  275  mean_return= 66.995  mean_loss= 0.38780  mean_foundation= 18.5/52  lifetime_outcomes={'won': 0, 'stalled': 128, 'truncated': 147, 'other': 0}  rss= 1645.8MB  (260s)
step    96000/500000  eps=0.544  episodes=  283  mean_return= 35.360  mean_loss= 0.38372  mean_foundation= 22.6/52  lifetime_outcomes={'won': 0, 'stalled': 134, 'truncated': 149, 'other': 0}  rss= 1654.0MB  (266s)
step    98000/500000  eps=0.534  episodes=  287  mean_return= 72.056  mean_loss= 0.37956  mean_foundation= 17.8/52  lifetime_outcomes={'won': 1, 'stalled': 134, 'truncated': 152, 'other': 0}  rss= 1662.1MB  (271s)
step   100000/500000  eps=0.525  episodes=  292  mean_return= 24.836  mean_loss= 0.37212  mean_foundation=  9.2/52  lifetime_outcomes={'won': 1, 'stalled': 136, 'truncated': 155, 'other': 0}  rss= 1666.4MB  (277s)
  EVAL  step   100000  win_rate=0.00%  mean_return= 29.321  mean_foundation=  2.9/52  mean_length=478.6  (greedy, 20 fixed deals)
step   102000/500000  eps=0.516  episodes=  297  mean_return= 54.963  mean_loss= 0.38067  mean_foundation= 10.2/52  lifetime_outcomes={'won': 1, 'stalled': 137, 'truncated': 159, 'other': 0}  rss= 1666.4MB  (289s)
step   104000/500000  eps=0.506  episodes=  303  mean_return= 65.295  mean_loss= 0.37092  mean_foundation= 10.2/52  lifetime_outcomes={'won': 1, 'stalled': 141, 'truncated': 161, 'other': 0}  rss= 1666.4MB  (295s)
step   106000/500000  eps=0.497  episodes=  309  mean_return= 60.353  mean_loss= 0.36511  mean_foundation= 19.2/52  lifetime_outcomes={'won': 1, 'stalled': 145, 'truncated': 163, 'other': 0}  rss= 1666.4MB  (300s)
step   108000/500000  eps=0.487  episodes=  313  mean_return= 66.273  mean_loss= 0.36403  mean_foundation= 13.0/52  lifetime_outcomes={'won': 1, 'stalled': 146, 'truncated': 166, 'other': 0}  rss= 1666.4MB  (305s)
step   110000/500000  eps=0.478  episodes=  319  mean_return= 42.656  mean_loss= 0.37281  mean_foundation= 13.5/52  lifetime_outcomes={'won': 1, 'stalled': 150, 'truncated': 168, 'other': 0}  rss= 1666.4MB  (310s)
step   112000/500000  eps=0.468  episodes=  324  mean_return= 81.033  mean_loss= 0.37267  mean_foundation= 16.6/52  lifetime_outcomes={'won': 1, 'stalled': 153, 'truncated': 170, 'other': 0}  rss= 1666.4MB  (316s)
step   114000/500000  eps=0.459  episodes=  329  mean_return= 87.147  mean_loss= 0.36676  mean_foundation= 12.4/52  lifetime_outcomes={'won': 1, 'stalled': 154, 'truncated': 174, 'other': 0}  rss= 1666.4MB  (321s)
step   116000/500000  eps=0.449  episodes=  336  mean_return= 58.994  mean_loss= 0.37764  mean_foundation= 14.1/52  lifetime_outcomes={'won': 1, 'stalled': 158, 'truncated': 177, 'other': 0}  rss= 1666.4MB  (327s)
step   118000/500000  eps=0.440  episodes=  340  mean_return= 82.610  mean_loss= 0.36971  mean_foundation= 18.2/52  lifetime_outcomes={'won': 1, 'stalled': 160, 'truncated': 179, 'other': 0}  rss= 1666.4MB  (332s)
step   120000/500000  eps=0.430  episodes=  345  mean_return= 65.740  mean_loss= 0.36385  mean_foundation= 23.6/52  lifetime_outcomes={'won': 1, 'stalled': 162, 'truncated': 182, 'other': 0}  rss= 1666.4MB  (337s)
  EVAL  step   120000  win_rate=0.00%  mean_return= 27.871  mean_foundation=  2.6/52  mean_length=478.9  (greedy, 20 fixed deals)
step   122000/500000  eps=0.420  episodes=  350  mean_return= 58.201  mean_loss= 0.37810  mean_foundation= 12.2/52  lifetime_outcomes={'won': 1, 'stalled': 165, 'truncated': 184, 'other': 0}  rss= 1666.4MB  (349s)
step   124000/500000  eps=0.411  episodes=  354  mean_return= 75.785  mean_loss= 0.36663  mean_foundation= 13.5/52  lifetime_outcomes={'won': 1, 'stalled': 166, 'truncated': 187, 'other': 0}  rss= 1666.4MB  (355s)
step   126000/500000  eps=0.402  episodes=  359  mean_return= 74.587  mean_loss= 0.35231  mean_foundation= 23.2/52  lifetime_outcomes={'won': 1, 'stalled': 168, 'truncated': 190, 'other': 0}  rss= 1666.4MB  (360s)
step   128000/500000  eps=0.392  episodes=  365  mean_return= 49.533  mean_loss= 0.36976  mean_foundation= 15.2/52  lifetime_outcomes={'won': 1, 'stalled': 173, 'truncated': 191, 'other': 0}  rss= 1666.4MB  (366s)
step   130000/500000  eps=0.383  episodes=  371  mean_return= 80.102  mean_loss= 0.35704  mean_foundation= 23.0/52  lifetime_outcomes={'won': 2, 'stalled': 175, 'truncated': 194, 'other': 0}  rss= 1666.4MB  (372s)
step   132000/500000  eps=0.373  episodes=  377  mean_return= 53.045  mean_loss= 0.34250  mean_foundation= 17.5/52  lifetime_outcomes={'won': 2, 'stalled': 180, 'truncated': 195, 'other': 0}  rss= 1666.4MB  (377s)
step   134000/500000  eps=0.364  episodes=  381  mean_return= 64.500  mean_loss= 0.36554  mean_foundation=  6.2/52  lifetime_outcomes={'won': 2, 'stalled': 180, 'truncated': 199, 'other': 0}  rss= 1666.4MB  (383s)
step   136000/500000  eps=0.354  episodes=  386  mean_return= 68.818  mean_loss= 0.36033  mean_foundation= 19.4/52  lifetime_outcomes={'won': 2, 'stalled': 183, 'truncated': 201, 'other': 0}  rss= 1666.4MB  (389s)
step   138000/500000  eps=0.345  episodes=  394  mean_return= 66.969  mean_loss= 0.35118  mean_foundation= 22.0/52  lifetime_outcomes={'won': 2, 'stalled': 190, 'truncated': 202, 'other': 0}  rss= 1666.4MB  (394s)
step   140000/500000  eps=0.335  episodes=  398  mean_return= 72.250  mean_loss= 0.34374  mean_foundation= 20.2/52  lifetime_outcomes={'won': 2, 'stalled': 190, 'truncated': 206, 'other': 0}  rss= 1666.4MB  (400s)
  EVAL  step   140000  win_rate=0.00%  mean_return= 27.300  mean_foundation=  1.9/52  mean_length=500.0  (greedy, 20 fixed deals)
step   142000/500000  eps=0.326  episodes=  403  mean_return= 63.026  mean_loss= 0.34320  mean_foundation=  9.0/52  lifetime_outcomes={'won': 2, 'stalled': 192, 'truncated': 209, 'other': 0}  rss= 1666.4MB  (414s)
step   144000/500000  eps=0.316  episodes=  407  mean_return= 60.308  mean_loss= 0.34311  mean_foundation= 13.0/52  lifetime_outcomes={'won': 2, 'stalled': 193, 'truncated': 212, 'other': 0}  rss= 1666.4MB  (420s)
step   146000/500000  eps=0.306  episodes=  411  mean_return= 84.500  mean_loss= 0.33944  mean_foundation= 11.5/52  lifetime_outcomes={'won': 2, 'stalled': 193, 'truncated': 216, 'other': 0}  rss= 1666.4MB  (426s)
step   148000/500000  eps=0.297  episodes=  417  mean_return= 58.087  mean_loss= 0.33204  mean_foundation= 19.0/52  lifetime_outcomes={'won': 2, 'stalled': 196, 'truncated': 219, 'other': 0}  rss= 1666.4MB  (431s)
step   150000/500000  eps=0.288  episodes=  421  mean_return= 47.575  mean_loss= 0.33174  mean_foundation= 19.8/52  lifetime_outcomes={'won': 2, 'stalled': 198, 'truncated': 221, 'other': 0}  rss= 1666.4MB  (437s)
step   152000/500000  eps=0.278  episodes=  427  mean_return= 53.988  mean_loss= 0.33420  mean_foundation= 10.3/52  lifetime_outcomes={'won': 2, 'stalled': 202, 'truncated': 223, 'other': 0}  rss= 1666.4MB  (442s)
step   154000/500000  eps=0.269  episodes=  431  mean_return= 54.806  mean_loss= 0.32538  mean_foundation=  8.2/52  lifetime_outcomes={'won': 2, 'stalled': 203, 'truncated': 226, 'other': 0}  rss= 1666.4MB  (448s)
step   156000/500000  eps=0.259  episodes=  437  mean_return= 63.648  mean_loss= 0.32023  mean_foundation= 14.5/52  lifetime_outcomes={'won': 2, 'stalled': 207, 'truncated': 228, 'other': 0}  rss= 1666.4MB  (454s)
step   158000/500000  eps=0.250  episodes=  443  mean_return= 59.949  mean_loss= 0.32836  mean_foundation= 16.3/52  lifetime_outcomes={'won': 2, 'stalled': 210, 'truncated': 231, 'other': 0}  rss= 1666.4MB  (460s)
step   160000/500000  eps=0.240  episodes=  448  mean_return= 57.264  mean_loss= 0.31671  mean_foundation= 15.0/52  lifetime_outcomes={'won': 3, 'stalled': 212, 'truncated': 233, 'other': 0}  rss= 1666.4MB  (465s)
  EVAL  step   160000  win_rate=0.00%  mean_return= 29.422  mean_foundation=  2.4/52  mean_length=478.2  (greedy, 20 fixed deals)
step   162000/500000  eps=0.231  episodes=  454  mean_return= 78.460  mean_loss= 0.31161  mean_foundation= 15.5/52  lifetime_outcomes={'won': 3, 'stalled': 214, 'truncated': 237, 'other': 0}  rss= 1666.4MB  (479s)
step   164000/500000  eps=0.221  episodes=  459  mean_return= 68.399  mean_loss= 0.31263  mean_foundation= 15.6/52  lifetime_outcomes={'won': 3, 'stalled': 217, 'truncated': 239, 'other': 0}  rss= 1666.4MB  (485s)
step   166000/500000  eps=0.212  episodes=  463  mean_return= 67.839  mean_loss= 0.30730  mean_foundation= 11.8/52  lifetime_outcomes={'won': 3, 'stalled': 218, 'truncated': 242, 'other': 0}  rss= 1666.4MB  (491s)
step   168000/500000  eps=0.202  episodes=  469  mean_return= 66.449  mean_loss= 0.30758  mean_foundation= 23.7/52  lifetime_outcomes={'won': 4, 'stalled': 219, 'truncated': 246, 'other': 0}  rss= 1666.4MB  (497s)
step   170000/500000  eps=0.193  episodes=  474  mean_return= 59.223  mean_loss= 0.30496  mean_foundation= 12.2/52  lifetime_outcomes={'won': 4, 'stalled': 221, 'truncated': 249, 'other': 0}  rss= 1666.4MB  (502s)
step   172000/500000  eps=0.183  episodes=  480  mean_return= 49.960  mean_loss= 0.30537  mean_foundation= 12.0/52  lifetime_outcomes={'won': 4, 'stalled': 223, 'truncated': 253, 'other': 0}  rss= 1666.4MB  (508s)
step   174000/500000  eps=0.173  episodes=  485  mean_return= 61.399  mean_loss= 0.30289  mean_foundation= 18.8/52  lifetime_outcomes={'won': 4, 'stalled': 225, 'truncated': 256, 'other': 0}  rss= 1666.4MB  (514s)
step   176000/500000  eps=0.164  episodes=  491  mean_return= 32.519  mean_loss= 0.29866  mean_foundation=  7.0/52  lifetime_outcomes={'won': 4, 'stalled': 229, 'truncated': 258, 'other': 0}  rss= 1666.4MB  (520s)
step   178000/500000  eps=0.155  episodes=  495  mean_return= 42.021  mean_loss= 0.28818  mean_foundation= 13.5/52  lifetime_outcomes={'won': 4, 'stalled': 230, 'truncated': 261, 'other': 0}  rss= 1666.4MB  (526s)
step   180000/500000  eps=0.145  episodes=  499  mean_return= 66.567  mean_loss= 0.29611  mean_foundation= 21.0/52  lifetime_outcomes={'won': 5, 'stalled': 231, 'truncated': 263, 'other': 0}  rss= 1666.4MB  (531s)
  EVAL  step   180000  win_rate=0.00%  mean_return= 30.321  mean_foundation=  3.0/52  mean_length=479.1  (greedy, 20 fixed deals)
step   182000/500000  eps=0.136  episodes=  503  mean_return= 38.500  mean_loss= 0.28785  mean_foundation=  9.8/52  lifetime_outcomes={'won': 5, 'stalled': 231, 'truncated': 267, 'other': 0}  rss= 1666.4MB  (545s)
step   184000/500000  eps=0.126  episodes=  507  mean_return= 73.750  mean_loss= 0.28671  mean_foundation=  9.0/52  lifetime_outcomes={'won': 5, 'stalled': 231, 'truncated': 271, 'other': 0}  rss= 1666.4MB  (551s)
step   186000/500000  eps=0.117  episodes=  511  mean_return= 94.000  mean_loss= 0.27983  mean_foundation= 20.5/52  lifetime_outcomes={'won': 5, 'stalled': 231, 'truncated': 275, 'other': 0}  rss= 1666.4MB  (556s)
step   188000/500000  eps=0.107  episodes=  516  mean_return= 47.548  mean_loss= 0.28919  mean_foundation= 10.0/52  lifetime_outcomes={'won': 5, 'stalled': 233, 'truncated': 278, 'other': 0}  rss= 1666.4MB  (562s)
step   190000/500000  eps=0.098  episodes=  520  mean_return= 75.277  mean_loss= 0.28105  mean_foundation= 10.2/52  lifetime_outcomes={'won': 5, 'stalled': 234, 'truncated': 281, 'other': 0}  rss= 1666.4MB  (567s)
step   192000/500000  eps=0.088  episodes=  524  mean_return= 50.500  mean_loss= 0.27814  mean_foundation=  6.5/52  lifetime_outcomes={'won': 5, 'stalled': 234, 'truncated': 285, 'other': 0}  rss= 1666.4MB  (573s)
step   194000/500000  eps=0.079  episodes=  529  mean_return= 39.753  mean_loss= 0.26955  mean_foundation= 10.0/52  lifetime_outcomes={'won': 5, 'stalled': 235, 'truncated': 289, 'other': 0}  rss= 1666.4MB  (578s)
step   196000/500000  eps=0.069  episodes=  534  mean_return= 27.635  mean_loss= 0.26321  mean_foundation=  3.6/52  lifetime_outcomes={'won': 5, 'stalled': 238, 'truncated': 291, 'other': 0}  rss= 1666.4MB  (584s)
step   198000/500000  eps=0.059  episodes=  538  mean_return= 53.500  mean_loss= 0.26042  mean_foundation=  7.5/52  lifetime_outcomes={'won': 5, 'stalled': 238, 'truncated': 295, 'other': 0}  rss= 1666.4MB  (589s)
step   200000/500000  eps=0.050  episodes=  543  mean_return= 96.210  mean_loss= 0.26430  mean_foundation= 20.6/52  lifetime_outcomes={'won': 5, 'stalled': 241, 'truncated': 297, 'other': 0}  rss= 1666.4MB  (595s)
  EVAL  step   200000  win_rate=0.00%  mean_return= 32.394  mean_foundation=  2.5/52  mean_length=456.1  (greedy, 20 fixed deals)
step   202000/500000  eps=0.050  episodes=  548  mean_return= 28.957  mean_loss= 0.26479  mean_foundation=  5.6/52  lifetime_outcomes={'won': 5, 'stalled': 242, 'truncated': 301, 'other': 0}  rss= 1666.4MB  (608s)
step   204000/500000  eps=0.050  episodes=  553  mean_return= 19.671  mean_loss= 0.26996  mean_foundation=  8.2/52  lifetime_outcomes={'won': 5, 'stalled': 244, 'truncated': 304, 'other': 0}  rss= 1666.4MB  (614s)
step   206000/500000  eps=0.050  episodes=  559  mean_return= 57.293  mean_loss= 0.25549  mean_foundation= 10.3/52  lifetime_outcomes={'won': 5, 'stalled': 247, 'truncated': 307, 'other': 0}  rss= 1666.4MB  (620s)
step   208000/500000  eps=0.050  episodes=  563  mean_return= 25.547  mean_loss= 0.25886  mean_foundation=  4.5/52  lifetime_outcomes={'won': 5, 'stalled': 248, 'truncated': 310, 'other': 0}  rss= 1666.4MB  (627s)
step   210000/500000  eps=0.050  episodes=  567  mean_return= 34.750  mean_loss= 0.24988  mean_foundation=  4.0/52  lifetime_outcomes={'won': 5, 'stalled': 248, 'truncated': 314, 'other': 0}  rss= 1666.4MB  (632s)
step   212000/500000  eps=0.050  episodes=  571  mean_return= 32.000  mean_loss= 0.24287  mean_foundation=  8.8/52  lifetime_outcomes={'won': 5, 'stalled': 248, 'truncated': 318, 'other': 0}  rss= 1666.4MB  (638s)
step   214000/500000  eps=0.050  episodes=  576  mean_return= 28.584  mean_loss= 0.24523  mean_foundation=  8.8/52  lifetime_outcomes={'won': 5, 'stalled': 250, 'truncated': 321, 'other': 0}  rss= 1666.4MB  (644s)
step   216000/500000  eps=0.050  episodes=  583  mean_return= 47.392  mean_loss= 0.23861  mean_foundation=  9.0/52  lifetime_outcomes={'won': 5, 'stalled': 254, 'truncated': 324, 'other': 0}  rss= 1666.4MB  (650s)
step   218000/500000  eps=0.050  episodes=  587  mean_return= 37.250  mean_loss= 0.24196  mean_foundation= 11.5/52  lifetime_outcomes={'won': 5, 'stalled': 254, 'truncated': 328, 'other': 0}  rss= 1666.4MB  (656s)
step   220000/500000  eps=0.050  episodes=  591  mean_return= 55.250  mean_loss= 0.23132  mean_foundation= 14.5/52  lifetime_outcomes={'won': 5, 'stalled': 254, 'truncated': 332, 'other': 0}  rss= 1666.4MB  (662s)
  EVAL  step   220000  win_rate=0.00%  mean_return= 28.764  mean_foundation=  2.9/52  mean_length=436.2  (greedy, 20 fixed deals)
step   222000/500000  eps=0.050  episodes=  595  mean_return= 31.101  mean_loss= 0.22612  mean_foundation=  5.5/52  lifetime_outcomes={'won': 5, 'stalled': 255, 'truncated': 335, 'other': 0}  rss= 1666.4MB  (675s)
step   224000/500000  eps=0.050  episodes=  601  mean_return= 59.966  mean_loss= 0.21845  mean_foundation= 10.2/52  lifetime_outcomes={'won': 5, 'stalled': 257, 'truncated': 339, 'other': 0}  rss= 1666.4MB  (680s)
step   226000/500000  eps=0.050  episodes=  606  mean_return= 29.191  mean_loss= 0.23139  mean_foundation=  9.4/52  lifetime_outcomes={'won': 5, 'stalled': 258, 'truncated': 343, 'other': 0}  rss= 1666.4MB  (686s)
step   228000/500000  eps=0.050  episodes=  610  mean_return= 43.559  mean_loss= 0.22173  mean_foundation=  7.0/52  lifetime_outcomes={'won': 5, 'stalled': 259, 'truncated': 346, 'other': 0}  rss= 1666.4MB  (692s)
step   230000/500000  eps=0.050  episodes=  615  mean_return= 30.120  mean_loss= 0.21727  mean_foundation=  4.0/52  lifetime_outcomes={'won': 5, 'stalled': 260, 'truncated': 350, 'other': 0}  rss= 1666.4MB  (698s)
step   232000/500000  eps=0.050  episodes=  620  mean_return= 54.207  mean_loss= 0.21069  mean_foundation=  9.6/52  lifetime_outcomes={'won': 5, 'stalled': 262, 'truncated': 353, 'other': 0}  rss= 1666.4MB  (704s)
step   234000/500000  eps=0.050  episodes=  624  mean_return= 52.500  mean_loss= 0.21527  mean_foundation= 11.2/52  lifetime_outcomes={'won': 5, 'stalled': 262, 'truncated': 357, 'other': 0}  rss= 1666.4MB  (709s)
step   236000/500000  eps=0.050  episodes=  631  mean_return= 53.420  mean_loss= 0.20549  mean_foundation=  8.7/52  lifetime_outcomes={'won': 5, 'stalled': 266, 'truncated': 360, 'other': 0}  rss= 1666.4MB  (715s)
step   238000/500000  eps=0.050  episodes=  635  mean_return= 36.070  mean_loss= 0.20607  mean_foundation=  4.8/52  lifetime_outcomes={'won': 5, 'stalled': 267, 'truncated': 363, 'other': 0}  rss= 1666.4MB  (721s)
step   240000/500000  eps=0.050  episodes=  640  mean_return= 58.841  mean_loss= 0.19798  mean_foundation=  6.8/52  lifetime_outcomes={'won': 5, 'stalled': 270, 'truncated': 365, 'other': 0}  rss= 1666.4MB  (727s)
  EVAL  step   240000  win_rate=0.00%  mean_return= 30.150  mean_foundation=  2.8/52  mean_length=500.0  (greedy, 20 fixed deals)
step   242000/500000  eps=0.050  episodes=  647  mean_return= 49.833  mean_loss= 0.20179  mean_foundation= 12.3/52  lifetime_outcomes={'won': 5, 'stalled': 274, 'truncated': 368, 'other': 0}  rss= 1666.4MB  (741s)
step   244000/500000  eps=0.050  episodes=  651  mean_return= 69.500  mean_loss= 0.20437  mean_foundation= 18.0/52  lifetime_outcomes={'won': 5, 'stalled': 274, 'truncated': 372, 'other': 0}  rss= 1666.4MB  (747s)
step   246000/500000  eps=0.050  episodes=  656  mean_return= 46.008  mean_loss= 0.19944  mean_foundation=  6.2/52  lifetime_outcomes={'won': 5, 'stalled': 276, 'truncated': 375, 'other': 0}  rss= 1666.4MB  (753s)
step   248000/500000  eps=0.050  episodes=  665  mean_return= 34.299  mean_loss= 0.19883  mean_foundation=  8.9/52  lifetime_outcomes={'won': 5, 'stalled': 283, 'truncated': 377, 'other': 0}  rss= 1666.4MB  (758s)
step   250000/500000  eps=0.050  episodes=  670  mean_return= 63.041  mean_loss= 0.19295  mean_foundation=  8.0/52  lifetime_outcomes={'won': 5, 'stalled': 285, 'truncated': 380, 'other': 0}  rss= 1666.4MB  (764s)
step   252000/500000  eps=0.050  episodes=  675  mean_return= 53.387  mean_loss= 0.18750  mean_foundation=  9.6/52  lifetime_outcomes={'won': 5, 'stalled': 287, 'truncated': 383, 'other': 0}  rss= 1666.4MB  (770s)
step   254000/500000  eps=0.050  episodes=  680  mean_return= 53.990  mean_loss= 0.18667  mean_foundation=  6.6/52  lifetime_outcomes={'won': 5, 'stalled': 289, 'truncated': 386, 'other': 0}  rss= 1666.4MB  (776s)
step   256000/500000  eps=0.050  episodes=  685  mean_return= 40.197  mean_loss= 0.19067  mean_foundation=  6.8/52  lifetime_outcomes={'won': 5, 'stalled': 292, 'truncated': 388, 'other': 0}  rss= 1666.4MB  (781s)
step   258000/500000  eps=0.050  episodes=  689  mean_return= 29.500  mean_loss= 0.18663  mean_foundation=  3.2/52  lifetime_outcomes={'won': 5, 'stalled': 292, 'truncated': 392, 'other': 0}  rss= 1666.4MB  (787s)
step   260000/500000  eps=0.050  episodes=  694  mean_return= 54.840  mean_loss= 0.18401  mean_foundation=  6.2/52  lifetime_outcomes={'won': 5, 'stalled': 294, 'truncated': 395, 'other': 0}  rss= 1666.4MB  (792s)
  EVAL  step   260000  win_rate=0.00%  mean_return= 30.272  mean_foundation=  3.4/52  mean_length=477.9  (greedy, 20 fixed deals)
step   262000/500000  eps=0.050  episodes=  700  mean_return= 51.803  mean_loss= 0.18288  mean_foundation=  9.5/52  lifetime_outcomes={'won': 5, 'stalled': 296, 'truncated': 399, 'other': 0}  rss= 1666.4MB  (805s)
step   264000/500000  eps=0.050  episodes=  704  mean_return= 32.057  mean_loss= 0.17993  mean_foundation=  5.5/52  lifetime_outcomes={'won': 5, 'stalled': 297, 'truncated': 402, 'other': 0}  rss= 1666.4MB  (811s)
step   266000/500000  eps=0.050  episodes=  711  mean_return= 52.682  mean_loss= 0.18073  mean_foundation=  8.3/52  lifetime_outcomes={'won': 5, 'stalled': 302, 'truncated': 404, 'other': 0}  rss= 1666.4MB  (817s)
step   268000/500000  eps=0.050  episodes=  715  mean_return= 36.053  mean_loss= 0.17694  mean_foundation=  5.5/52  lifetime_outcomes={'won': 5, 'stalled': 303, 'truncated': 407, 'other': 0}  rss= 1666.4MB  (822s)
step   270000/500000  eps=0.050  episodes=  719  mean_return= 63.000  mean_loss= 0.17692  mean_foundation=  8.2/52  lifetime_outcomes={'won': 5, 'stalled': 303, 'truncated': 411, 'other': 0}  rss= 1666.4MB  (827s)
step   272000/500000  eps=0.050  episodes=  725  mean_return= 48.684  mean_loss= 0.17982  mean_foundation=  9.7/52  lifetime_outcomes={'won': 5, 'stalled': 307, 'truncated': 413, 'other': 0}  rss= 1666.4MB  (833s)
step   274000/500000  eps=0.050  episodes=  729  mean_return= 41.520  mean_loss= 0.16777  mean_foundation=  3.8/52  lifetime_outcomes={'won': 5, 'stalled': 308, 'truncated': 416, 'other': 0}  rss= 1666.4MB  (838s)
step   276000/500000  eps=0.050  episodes=  734  mean_return= 66.164  mean_loss= 0.17162  mean_foundation=  9.6/52  lifetime_outcomes={'won': 5, 'stalled': 309, 'truncated': 420, 'other': 0}  rss= 1666.4MB  (845s)
step   278000/500000  eps=0.050  episodes=  740  mean_return= 38.970  mean_loss= 0.17171  mean_foundation=  4.0/52  lifetime_outcomes={'won': 5, 'stalled': 311, 'truncated': 424, 'other': 0}  rss= 1666.4MB  (851s)
step   280000/500000  eps=0.050  episodes=  745  mean_return= 70.187  mean_loss= 0.16099  mean_foundation=  7.4/52  lifetime_outcomes={'won': 5, 'stalled': 313, 'truncated': 427, 'other': 0}  rss= 1666.4MB  (857s)
  EVAL  step   280000  win_rate=0.00%  mean_return= 35.565  mean_foundation=  4.1/52  mean_length=435.0  (greedy, 20 fixed deals)
step   282000/500000  eps=0.050  episodes=  750  mean_return= 56.234  mean_loss= 0.16766  mean_foundation=  8.2/52  lifetime_outcomes={'won': 5, 'stalled': 315, 'truncated': 430, 'other': 0}  rss= 1666.4MB  (870s)
step   284000/500000  eps=0.050  episodes=  755  mean_return= 40.771  mean_loss= 0.16660  mean_foundation=  5.6/52  lifetime_outcomes={'won': 5, 'stalled': 316, 'truncated': 434, 'other': 0}  rss= 1666.4MB  (876s)
step   286000/500000  eps=0.050  episodes=  759  mean_return= 54.000  mean_loss= 0.16973  mean_foundation=  6.8/52  lifetime_outcomes={'won': 5, 'stalled': 316, 'truncated': 438, 'other': 0}  rss= 1666.4MB  (882s)
step   288000/500000  eps=0.050  episodes=  764  mean_return= 60.802  mean_loss= 0.16819  mean_foundation=  7.2/52  lifetime_outcomes={'won': 5, 'stalled': 318, 'truncated': 441, 'other': 0}  rss= 1666.4MB  (888s)
step   290000/500000  eps=0.050  episodes=  768  mean_return= 76.250  mean_loss= 0.16390  mean_foundation= 11.0/52  lifetime_outcomes={'won': 5, 'stalled': 318, 'truncated': 445, 'other': 0}  rss= 1666.4MB  (894s)
step   292000/500000  eps=0.050  episodes=  773  mean_return= 45.830  mean_loss= 0.16712  mean_foundation=  4.4/52  lifetime_outcomes={'won': 5, 'stalled': 320, 'truncated': 448, 'other': 0}  rss= 1666.4MB  (900s)
step   294000/500000  eps=0.050  episodes=  779  mean_return= 80.795  mean_loss= 0.16349  mean_foundation= 11.7/52  lifetime_outcomes={'won': 5, 'stalled': 322, 'truncated': 452, 'other': 0}  rss= 1666.4MB  (906s)
step   296000/500000  eps=0.050  episodes=  785  mean_return= 44.865  mean_loss= 0.17476  mean_foundation=  7.0/52  lifetime_outcomes={'won': 5, 'stalled': 325, 'truncated': 455, 'other': 0}  rss= 1666.4MB  (911s)
step   298000/500000  eps=0.050  episodes=  792  mean_return= 56.283  mean_loss= 0.17496  mean_foundation=  5.0/52  lifetime_outcomes={'won': 5, 'stalled': 331, 'truncated': 456, 'other': 0}  rss= 1666.4MB  (917s)
step   300000/500000  eps=0.050  episodes=  798  mean_return= 68.974  mean_loss= 0.17204  mean_foundation= 10.0/52  lifetime_outcomes={'won': 5, 'stalled': 333, 'truncated': 460, 'other': 0}  rss= 1666.4MB  (923s)
  EVAL  step   300000  win_rate=0.00%  mean_return= 34.992  mean_foundation=  3.5/52  mean_length=457.7  (greedy, 20 fixed deals)
step   302000/500000  eps=0.050  episodes=  803  mean_return= 66.622  mean_loss= 0.16355  mean_foundation= 10.0/52  lifetime_outcomes={'won': 5, 'stalled': 335, 'truncated': 463, 'other': 0}  rss= 1666.4MB  (936s)
step   304000/500000  eps=0.050  episodes=  808  mean_return= 47.056  mean_loss= 0.16428  mean_foundation=  5.8/52  lifetime_outcomes={'won': 5, 'stalled': 337, 'truncated': 466, 'other': 0}  rss= 1666.4MB  (942s)
step   306000/500000  eps=0.050  episodes=  813  mean_return= 79.754  mean_loss= 0.16177  mean_foundation= 11.6/52  lifetime_outcomes={'won': 5, 'stalled': 338, 'truncated': 470, 'other': 0}  rss= 1666.4MB  (948s)
step   308000/500000  eps=0.050  episodes=  817  mean_return= 47.823  mean_loss= 0.16086  mean_foundation=  5.0/52  lifetime_outcomes={'won': 5, 'stalled': 339, 'truncated': 473, 'other': 0}  rss= 1666.4MB  (954s)
step   310000/500000  eps=0.050  episodes=  823  mean_return= 62.431  mean_loss= 0.16478  mean_foundation=  8.7/52  lifetime_outcomes={'won': 5, 'stalled': 342, 'truncated': 476, 'other': 0}  rss= 1666.4MB  (960s)
step   312000/500000  eps=0.050  episodes=  831  mean_return= 66.427  mean_loss= 0.16758  mean_foundation= 10.2/52  lifetime_outcomes={'won': 5, 'stalled': 350, 'truncated': 476, 'other': 0}  rss= 1666.4MB  (966s)
step   314000/500000  eps=0.050  episodes=  838  mean_return= 52.107  mean_loss= 0.16249  mean_foundation=  8.1/52  lifetime_outcomes={'won': 5, 'stalled': 354, 'truncated': 479, 'other': 0}  rss= 1666.4MB  (972s)
step   316000/500000  eps=0.050  episodes=  843  mean_return= 59.780  mean_loss= 0.15864  mean_foundation=  9.6/52  lifetime_outcomes={'won': 5, 'stalled': 355, 'truncated': 483, 'other': 0}  rss= 1666.4MB  (978s)
step   318000/500000  eps=0.050  episodes=  848  mean_return= 76.431  mean_loss= 0.16243  mean_foundation= 13.0/52  lifetime_outcomes={'won': 5, 'stalled': 358, 'truncated': 485, 'other': 0}  rss= 1666.4MB  (984s)
step   320000/500000  eps=0.050  episodes=  852  mean_return= 51.750  mean_loss= 0.16742  mean_foundation=  6.0/52  lifetime_outcomes={'won': 5, 'stalled': 358, 'truncated': 489, 'other': 0}  rss= 1666.4MB  (990s)
  EVAL  step   320000  win_rate=0.00%  mean_return= 32.404  mean_foundation=  4.6/52  mean_length=346.4  (greedy, 20 fixed deals)
step   322000/500000  eps=0.050  episodes=  858  mean_return= 48.127  mean_loss= 0.16031  mean_foundation=  8.3/52  lifetime_outcomes={'won': 5, 'stalled': 360, 'truncated': 493, 'other': 0}  rss= 1668.4MB  (1001s)
step   324000/500000  eps=0.050  episodes=  862  mean_return= 59.500  mean_loss= 0.16247  mean_foundation= 11.0/52  lifetime_outcomes={'won': 5, 'stalled': 360, 'truncated': 497, 'other': 0}  rss= 1668.4MB  (1007s)
step   326000/500000  eps=0.050  episodes=  868  mean_return= 58.853  mean_loss= 0.16439  mean_foundation=  9.2/52  lifetime_outcomes={'won': 5, 'stalled': 363, 'truncated': 500, 'other': 0}  rss= 1668.4MB  (1013s)
step   328000/500000  eps=0.050  episodes=  872  mean_return= 58.000  mean_loss= 0.16582  mean_foundation=  9.8/52  lifetime_outcomes={'won': 5, 'stalled': 363, 'truncated': 504, 'other': 0}  rss= 1668.4MB  (1019s)
step   330000/500000  eps=0.050  episodes=  879  mean_return= 46.275  mean_loss= 0.16171  mean_foundation=  5.4/52  lifetime_outcomes={'won': 5, 'stalled': 368, 'truncated': 506, 'other': 0}  rss= 1668.4MB  (1025s)
step   332000/500000  eps=0.050  episodes=  886  mean_return= 68.286  mean_loss= 0.15881  mean_foundation=  8.9/52  lifetime_outcomes={'won': 5, 'stalled': 372, 'truncated': 509, 'other': 0}  rss= 1668.4MB  (1031s)
step   334000/500000  eps=0.050  episodes=  891  mean_return= 91.014  mean_loss= 0.15958  mean_foundation= 13.2/52  lifetime_outcomes={'won': 5, 'stalled': 374, 'truncated': 512, 'other': 0}  rss= 1668.4MB  (1037s)
step   336000/500000  eps=0.050  episodes=  896  mean_return= 65.445  mean_loss= 0.16276  mean_foundation=  7.2/52  lifetime_outcomes={'won': 5, 'stalled': 376, 'truncated': 515, 'other': 0}  rss= 1668.4MB  (1043s)
step   338000/500000  eps=0.050  episodes=  900  mean_return=106.529  mean_loss= 0.16816  mean_foundation= 24.5/52  lifetime_outcomes={'won': 5, 'stalled': 377, 'truncated': 518, 'other': 0}  rss= 1668.4MB  (1048s)
step   340000/500000  eps=0.050  episodes=  904  mean_return= 60.000  mean_loss= 0.16704  mean_foundation=  5.8/52  lifetime_outcomes={'won': 5, 'stalled': 377, 'truncated': 522, 'other': 0}  rss= 1668.4MB  (1054s)
  EVAL  step   340000  win_rate=0.00%  mean_return= 33.387  mean_foundation=  4.2/52  mean_length=413.1  (greedy, 20 fixed deals)
step   342000/500000  eps=0.050  episodes=  911  mean_return= 40.391  mean_loss= 0.14968  mean_foundation=  6.3/52  lifetime_outcomes={'won': 5, 'stalled': 380, 'truncated': 526, 'other': 0}  rss= 1668.4MB  (1066s)
step   344000/500000  eps=0.050  episodes=  917  mean_return= 55.853  mean_loss= 0.15096  mean_foundation=  9.2/52  lifetime_outcomes={'won': 5, 'stalled': 383, 'truncated': 529, 'other': 0}  rss= 1668.4MB  (1072s)
step   346000/500000  eps=0.050  episodes=  922  mean_return= 53.607  mean_loss= 0.15461  mean_foundation=  5.8/52  lifetime_outcomes={'won': 5, 'stalled': 385, 'truncated': 532, 'other': 0}  rss= 1668.4MB  (1077s)
step   348000/500000  eps=0.050  episodes=  928  mean_return= 69.790  mean_loss= 0.15601  mean_foundation=  9.7/52  lifetime_outcomes={'won': 5, 'stalled': 388, 'truncated': 535, 'other': 0}  rss= 1668.4MB  (1083s)
step   350000/500000  eps=0.050  episodes=  934  mean_return= 64.000  mean_loss= 0.15253  mean_foundation=  9.8/52  lifetime_outcomes={'won': 5, 'stalled': 392, 'truncated': 537, 'other': 0}  rss= 1668.4MB  (1090s)
step   352000/500000  eps=0.050  episodes=  939  mean_return= 60.811  mean_loss= 0.15776  mean_foundation=  8.2/52  lifetime_outcomes={'won': 5, 'stalled': 394, 'truncated': 540, 'other': 0}  rss= 1668.4MB  (1096s)
step   354000/500000  eps=0.050  episodes=  945  mean_return= 46.839  mean_loss= 0.15603  mean_foundation=  6.3/52  lifetime_outcomes={'won': 5, 'stalled': 397, 'truncated': 543, 'other': 0}  rss= 1668.4MB  (1102s)
step   356000/500000  eps=0.050  episodes=  951  mean_return= 58.654  mean_loss= 0.15114  mean_foundation=  7.8/52  lifetime_outcomes={'won': 5, 'stalled': 400, 'truncated': 546, 'other': 0}  rss= 1668.4MB  (1108s)
step   358000/500000  eps=0.050  episodes=  960  mean_return= 49.662  mean_loss= 0.15644  mean_foundation=  8.6/52  lifetime_outcomes={'won': 5, 'stalled': 407, 'truncated': 548, 'other': 0}  rss= 1668.4MB  (1113s)
step   360000/500000  eps=0.050  episodes=  967  mean_return= 50.064  mean_loss= 0.15025  mean_foundation=  7.6/52  lifetime_outcomes={'won': 5, 'stalled': 412, 'truncated': 550, 'other': 0}  rss= 1668.4MB  (1119s)
  EVAL  step   360000  win_rate=0.00%  mean_return= 31.604  mean_foundation=  4.3/52  mean_length=345.9  (greedy, 20 fixed deals)
step   362000/500000  eps=0.050  episodes=  972  mean_return= 62.386  mean_loss= 0.15576  mean_foundation= 10.0/52  lifetime_outcomes={'won': 5, 'stalled': 413, 'truncated': 554, 'other': 0}  rss= 1668.4MB  (1130s)
step   364000/500000  eps=0.050  episodes=  980  mean_return= 67.985  mean_loss= 0.15541  mean_foundation= 11.8/52  lifetime_outcomes={'won': 5, 'stalled': 418, 'truncated': 557, 'other': 0}  rss= 1668.4MB  (1136s)
step   366000/500000  eps=0.050  episodes=  985  mean_return= 55.029  mean_loss= 0.14735  mean_foundation=  5.2/52  lifetime_outcomes={'won': 5, 'stalled': 420, 'truncated': 560, 'other': 0}  rss= 1668.4MB  (1142s)
step   368000/500000  eps=0.050  episodes=  992  mean_return= 55.684  mean_loss= 0.14613  mean_foundation=  7.1/52  lifetime_outcomes={'won': 5, 'stalled': 423, 'truncated': 564, 'other': 0}  rss= 1668.4MB  (1148s)
step   370000/500000  eps=0.050  episodes=  997  mean_return= 64.610  mean_loss= 0.15335  mean_foundation=  8.6/52  lifetime_outcomes={'won': 5, 'stalled': 425, 'truncated': 567, 'other': 0}  rss= 1668.4MB  (1154s)
step   372000/500000  eps=0.050  episodes= 1002  mean_return= 35.786  mean_loss= 0.15493  mean_foundation=  4.0/52  lifetime_outcomes={'won': 5, 'stalled': 426, 'truncated': 571, 'other': 0}  rss= 1668.4MB  (1159s)
step   374000/500000  eps=0.050  episodes= 1008  mean_return= 77.807  mean_loss= 0.14916  mean_foundation= 11.0/52  lifetime_outcomes={'won': 5, 'stalled': 429, 'truncated': 574, 'other': 0}  rss= 1668.4MB  (1165s)
step   376000/500000  eps=0.050  episodes= 1013  mean_return= 69.622  mean_loss= 0.15228  mean_foundation= 12.4/52  lifetime_outcomes={'won': 5, 'stalled': 431, 'truncated': 577, 'other': 0}  rss= 1668.4MB  (1171s)
step   378000/500000  eps=0.050  episodes= 1020  mean_return= 51.274  mean_loss= 0.15176  mean_foundation=  7.0/52  lifetime_outcomes={'won': 5, 'stalled': 436, 'truncated': 579, 'other': 0}  rss= 1668.4MB  (1177s)
step   380000/500000  eps=0.050  episodes= 1024  mean_return= 62.836  mean_loss= 0.14552  mean_foundation=  6.2/52  lifetime_outcomes={'won': 5, 'stalled': 438, 'truncated': 581, 'other': 0}  rss= 1668.4MB  (1183s)
  EVAL  step   380000  win_rate=0.00%  mean_return= 38.855  mean_foundation=  4.5/52  mean_length=395.5  (greedy, 20 fixed deals)
step   382000/500000  eps=0.050  episodes= 1032  mean_return= 60.457  mean_loss= 0.14266  mean_foundation=  8.5/52  lifetime_outcomes={'won': 5, 'stalled': 443, 'truncated': 584, 'other': 0}  rss= 1668.4MB  (1197s)
step   384000/500000  eps=0.050  episodes= 1036  mean_return= 66.000  mean_loss= 0.14794  mean_foundation=  6.8/52  lifetime_outcomes={'won': 5, 'stalled': 443, 'truncated': 588, 'other': 0}  rss= 1668.4MB  (1203s)
step   386000/500000  eps=0.050  episodes= 1040  mean_return= 69.298  mean_loss= 0.13988  mean_foundation=  5.5/52  lifetime_outcomes={'won': 5, 'stalled': 444, 'truncated': 591, 'other': 0}  rss= 1668.4MB  (1209s)
step   388000/500000  eps=0.050  episodes= 1045  mean_return= 72.001  mean_loss= 0.14046  mean_foundation=  5.8/52  lifetime_outcomes={'won': 5, 'stalled': 447, 'truncated': 593, 'other': 0}  rss= 1668.4MB  (1215s)
step   390000/500000  eps=0.050  episodes= 1050  mean_return= 54.820  mean_loss= 0.14271  mean_foundation=  9.8/52  lifetime_outcomes={'won': 5, 'stalled': 449, 'truncated': 596, 'other': 0}  rss= 1668.4MB  (1221s)
step   392000/500000  eps=0.050  episodes= 1055  mean_return= 37.977  mean_loss= 0.13961  mean_foundation=  2.4/52  lifetime_outcomes={'won': 5, 'stalled': 452, 'truncated': 598, 'other': 0}  rss= 1668.4MB  (1227s)
step   394000/500000  eps=0.050  episodes= 1060  mean_return= 60.844  mean_loss= 0.13665  mean_foundation=  6.0/52  lifetime_outcomes={'won': 5, 'stalled': 455, 'truncated': 600, 'other': 0}  rss= 1668.4MB  (1233s)
step   396000/500000  eps=0.050  episodes= 1067  mean_return= 48.695  mean_loss= 0.13676  mean_foundation=  7.7/52  lifetime_outcomes={'won': 5, 'stalled': 459, 'truncated': 603, 'other': 0}  rss= 1668.4MB  (1239s)
step   398000/500000  eps=0.050  episodes= 1072  mean_return= 64.383  mean_loss= 0.13229  mean_foundation=  7.2/52  lifetime_outcomes={'won': 5, 'stalled': 461, 'truncated': 606, 'other': 0}  rss= 1668.4MB  (1245s)
step   400000/500000  eps=0.050  episodes= 1077  mean_return= 55.804  mean_loss= 0.13153  mean_foundation=  8.2/52  lifetime_outcomes={'won': 5, 'stalled': 463, 'truncated': 609, 'other': 0}  rss= 1668.4MB  (1251s)
  EVAL  step   400000  win_rate=0.00%  mean_return= 37.195  mean_foundation=  5.3/52  mean_length=305.7  (greedy, 20 fixed deals)
step   402000/500000  eps=0.050  episodes= 1083  mean_return= 71.973  mean_loss= 0.13368  mean_foundation=  9.8/52  lifetime_outcomes={'won': 5, 'stalled': 465, 'truncated': 613, 'other': 0}  rss= 1668.4MB  (1261s)
step   404000/500000  eps=0.050  episodes= 1087  mean_return= 56.843  mean_loss= 0.13253  mean_foundation=  7.0/52  lifetime_outcomes={'won': 5, 'stalled': 466, 'truncated': 616, 'other': 0}  rss= 1668.4MB  (1267s)
step   406000/500000  eps=0.050  episodes= 1093  mean_return= 53.490  mean_loss= 0.12988  mean_foundation=  6.2/52  lifetime_outcomes={'won': 5, 'stalled': 469, 'truncated': 619, 'other': 0}  rss= 1668.4MB  (1273s)
step   408000/500000  eps=0.050  episodes= 1098  mean_return= 91.368  mean_loss= 0.13376  mean_foundation= 13.0/52  lifetime_outcomes={'won': 5, 'stalled': 470, 'truncated': 623, 'other': 0}  rss= 1668.4MB  (1279s)
step   410000/500000  eps=0.050  episodes= 1103  mean_return= 64.615  mean_loss= 0.13141  mean_foundation=  5.4/52  lifetime_outcomes={'won': 5, 'stalled': 472, 'truncated': 626, 'other': 0}  rss= 1668.4MB  (1285s)
step   412000/500000  eps=0.050  episodes= 1110  mean_return= 49.686  mean_loss= 0.12949  mean_foundation=  6.6/52  lifetime_outcomes={'won': 5, 'stalled': 476, 'truncated': 629, 'other': 0}  rss= 1668.4MB  (1290s)
step   414000/500000  eps=0.050  episodes= 1115  mean_return= 53.458  mean_loss= 0.13668  mean_foundation=  6.0/52  lifetime_outcomes={'won': 5, 'stalled': 478, 'truncated': 632, 'other': 0}  rss= 1668.4MB  (1296s)
step   416000/500000  eps=0.050  episodes= 1120  mean_return= 62.028  mean_loss= 0.13380  mean_foundation=  7.8/52  lifetime_outcomes={'won': 5, 'stalled': 480, 'truncated': 635, 'other': 0}  rss= 1668.4MB  (1301s)
step   418000/500000  eps=0.050  episodes= 1127  mean_return= 54.508  mean_loss= 0.13363  mean_foundation=  5.0/52  lifetime_outcomes={'won': 5, 'stalled': 483, 'truncated': 639, 'other': 0}  rss= 1668.4MB  (1307s)
step   420000/500000  eps=0.050  episodes= 1131  mean_return= 58.073  mean_loss= 0.13809  mean_foundation=  8.0/52  lifetime_outcomes={'won': 5, 'stalled': 484, 'truncated': 642, 'other': 0}  rss= 1668.4MB  (1312s)
  EVAL  step   420000  win_rate=0.00%  mean_return= 38.035  mean_foundation=  5.0/52  mean_length=414.8  (greedy, 20 fixed deals)
step   422000/500000  eps=0.050  episodes= 1137  mean_return= 52.678  mean_loss= 0.13876  mean_foundation=  8.5/52  lifetime_outcomes={'won': 5, 'stalled': 487, 'truncated': 645, 'other': 0}  rss= 1668.4MB  (1325s)
step   424000/500000  eps=0.050  episodes= 1145  mean_return= 52.201  mean_loss= 0.14344  mean_foundation=  8.6/52  lifetime_outcomes={'won': 5, 'stalled': 492, 'truncated': 648, 'other': 0}  rss= 1668.4MB  (1331s)
step   426000/500000  eps=0.050  episodes= 1150  mean_return= 53.662  mean_loss= 0.14356  mean_foundation=  8.2/52  lifetime_outcomes={'won': 5, 'stalled': 494, 'truncated': 651, 'other': 0}  rss= 1668.4MB  (1337s)
step   428000/500000  eps=0.050  episodes= 1154  mean_return= 69.500  mean_loss= 0.14126  mean_foundation=  7.2/52  lifetime_outcomes={'won': 5, 'stalled': 494, 'truncated': 655, 'other': 0}  rss= 1668.4MB  (1343s)
step   430000/500000  eps=0.050  episodes= 1158  mean_return= 29.250  mean_loss= 0.14674  mean_foundation=  2.8/52  lifetime_outcomes={'won': 5, 'stalled': 494, 'truncated': 659, 'other': 0}  rss= 1668.4MB  (1349s)
step   432000/500000  eps=0.050  episodes= 1164  mean_return= 50.300  mean_loss= 0.13902  mean_foundation=  6.8/52  lifetime_outcomes={'won': 5, 'stalled': 496, 'truncated': 663, 'other': 0}  rss= 1668.4MB  (1355s)
step   434000/500000  eps=0.050  episodes= 1169  mean_return= 55.182  mean_loss= 0.13827  mean_foundation=  6.8/52  lifetime_outcomes={'won': 5, 'stalled': 497, 'truncated': 667, 'other': 0}  rss= 1668.4MB  (1361s)
step   436000/500000  eps=0.050  episodes= 1175  mean_return= 50.668  mean_loss= 0.13691  mean_foundation=  7.3/52  lifetime_outcomes={'won': 5, 'stalled': 501, 'truncated': 669, 'other': 0}  rss= 1668.4MB  (1367s)
step   438000/500000  eps=0.050  episodes= 1181  mean_return= 63.695  mean_loss= 0.13728  mean_foundation=  9.0/52  lifetime_outcomes={'won': 5, 'stalled': 504, 'truncated': 672, 'other': 0}  rss= 1668.4MB  (1373s)
step   440000/500000  eps=0.050  episodes= 1186  mean_return= 77.043  mean_loss= 0.12883  mean_foundation= 12.2/52  lifetime_outcomes={'won': 5, 'stalled': 506, 'truncated': 675, 'other': 0}  rss= 1668.4MB  (1379s)
  EVAL  step   440000  win_rate=0.00%  mean_return= 43.516  mean_foundation=  4.3/52  mean_length=434.2  (greedy, 20 fixed deals)
step   442000/500000  eps=0.050  episodes= 1192  mean_return= 63.440  mean_loss= 0.13584  mean_foundation=  6.2/52  lifetime_outcomes={'won': 5, 'stalled': 508, 'truncated': 679, 'other': 0}  rss= 1668.4MB  (1391s)
step   444000/500000  eps=0.050  episodes= 1196  mean_return= 73.250  mean_loss= 0.13335  mean_foundation=  7.8/52  lifetime_outcomes={'won': 5, 'stalled': 508, 'truncated': 683, 'other': 0}  rss= 1668.4MB  (1397s)
step   446000/500000  eps=0.050  episodes= 1200  mean_return= 70.061  mean_loss= 0.14309  mean_foundation=  6.0/52  lifetime_outcomes={'won': 5, 'stalled': 509, 'truncated': 686, 'other': 0}  rss= 1668.4MB  (1403s)
step   448000/500000  eps=0.050  episodes= 1205  mean_return= 53.813  mean_loss= 0.13447  mean_foundation=  7.8/52  lifetime_outcomes={'won': 5, 'stalled': 511, 'truncated': 689, 'other': 0}  rss= 1668.4MB  (1409s)
step   450000/500000  eps=0.050  episodes= 1210  mean_return= 62.139  mean_loss= 0.13326  mean_foundation=  7.0/52  lifetime_outcomes={'won': 5, 'stalled': 512, 'truncated': 693, 'other': 0}  rss= 1668.4MB  (1415s)
step   452000/500000  eps=0.050  episodes= 1216  mean_return= 57.830  mean_loss= 0.13065  mean_foundation=  6.3/52  lifetime_outcomes={'won': 5, 'stalled': 515, 'truncated': 696, 'other': 0}  rss= 1668.4MB  (1421s)
step   454000/500000  eps=0.050  episodes= 1222  mean_return= 77.687  mean_loss= 0.14003  mean_foundation= 10.2/52  lifetime_outcomes={'won': 5, 'stalled': 518, 'truncated': 699, 'other': 0}  rss= 1668.4MB  (1427s)
step   456000/500000  eps=0.050  episodes= 1228  mean_return= 46.312  mean_loss= 0.13465  mean_foundation=  5.0/52  lifetime_outcomes={'won': 5, 'stalled': 520, 'truncated': 703, 'other': 0}  rss= 1668.4MB  (1433s)
step   458000/500000  eps=0.050  episodes= 1232  mean_return= 32.359  mean_loss= 0.13057  mean_foundation=  4.2/52  lifetime_outcomes={'won': 5, 'stalled': 521, 'truncated': 706, 'other': 0}  rss= 1668.4MB  (1439s)
step   460000/500000  eps=0.050  episodes= 1238  mean_return= 54.127  mean_loss= 0.12494  mean_foundation=  5.8/52  lifetime_outcomes={'won': 5, 'stalled': 523, 'truncated': 710, 'other': 0}  rss= 1668.4MB  (1445s)
  EVAL  step   460000  win_rate=0.00%  mean_return= 40.872  mean_foundation=  4.7/52  mean_length=478.6  (greedy, 20 fixed deals)
step   462000/500000  eps=0.050  episodes= 1243  mean_return= 67.984  mean_loss= 0.13098  mean_foundation=  8.4/52  lifetime_outcomes={'won': 5, 'stalled': 524, 'truncated': 714, 'other': 0}  rss= 1668.4MB  (1458s)
step   464000/500000  eps=0.050  episodes= 1249  mean_return= 71.012  mean_loss= 0.13032  mean_foundation= 10.8/52  lifetime_outcomes={'won': 5, 'stalled': 527, 'truncated': 717, 'other': 0}  rss= 1668.4MB  (1464s)
step   466000/500000  eps=0.050  episodes= 1256  mean_return= 57.302  mean_loss= 0.12934  mean_foundation=  9.4/52  lifetime_outcomes={'won': 5, 'stalled': 531, 'truncated': 720, 'other': 0}  rss= 1668.4MB  (1470s)
step   468000/500000  eps=0.050  episodes= 1261  mean_return= 77.991  mean_loss= 0.12623  mean_foundation= 14.6/52  lifetime_outcomes={'won': 5, 'stalled': 532, 'truncated': 724, 'other': 0}  rss= 1668.4MB  (1476s)
step   470000/500000  eps=0.050  episodes= 1266  mean_return= 64.568  mean_loss= 0.13000  mean_foundation=  8.6/52  lifetime_outcomes={'won': 5, 'stalled': 533, 'truncated': 728, 'other': 0}  rss= 1668.4MB  (1482s)
step   472000/500000  eps=0.050  episodes= 1271  mean_return= 59.415  mean_loss= 0.12942  mean_foundation=  8.4/52  lifetime_outcomes={'won': 5, 'stalled': 535, 'truncated': 731, 'other': 0}  rss= 1668.4MB  (1488s)
step   474000/500000  eps=0.050  episodes= 1275  mean_return= 50.020  mean_loss= 0.12023  mean_foundation=  4.5/52  lifetime_outcomes={'won': 5, 'stalled': 536, 'truncated': 734, 'other': 0}  rss= 1668.4MB  (1493s)
step   476000/500000  eps=0.050  episodes= 1280  mean_return= 51.218  mean_loss= 0.11848  mean_foundation=  6.6/52  lifetime_outcomes={'won': 5, 'stalled': 538, 'truncated': 737, 'other': 0}  rss= 1668.4MB  (1499s)
step   478000/500000  eps=0.050  episodes= 1287  mean_return= 65.988  mean_loss= 0.12041  mean_foundation=  7.6/52  lifetime_outcomes={'won': 5, 'stalled': 542, 'truncated': 740, 'other': 0}  rss= 1668.4MB  (1505s)
step   480000/500000  eps=0.050  episodes= 1292  mean_return= 45.643  mean_loss= 0.11419  mean_foundation=  7.4/52  lifetime_outcomes={'won': 5, 'stalled': 545, 'truncated': 742, 'other': 0}  rss= 1668.4MB  (1510s)
  EVAL  step   480000  win_rate=0.00%  mean_return= 39.188  mean_foundation=  5.0/52  mean_length=412.2  (greedy, 20 fixed deals)
step   482000/500000  eps=0.050  episodes= 1298  mean_return= 46.140  mean_loss= 0.11204  mean_foundation=  4.5/52  lifetime_outcomes={'won': 5, 'stalled': 547, 'truncated': 746, 'other': 0}  rss= 1668.4MB  (1523s)
step   484000/500000  eps=0.050  episodes= 1305  mean_return= 54.120  mean_loss= 0.11532  mean_foundation=  4.7/52  lifetime_outcomes={'won': 5, 'stalled': 551, 'truncated': 749, 'other': 0}  rss= 1668.4MB  (1529s)
step   486000/500000  eps=0.050  episodes= 1309  mean_return= 57.061  mean_loss= 0.11525  mean_foundation=  8.5/52  lifetime_outcomes={'won': 5, 'stalled': 553, 'truncated': 751, 'other': 0}  rss= 1668.4MB  (1534s)
step   488000/500000  eps=0.050  episodes= 1314  mean_return= 64.139  mean_loss= 0.10554  mean_foundation=  7.2/52  lifetime_outcomes={'won': 5, 'stalled': 555, 'truncated': 754, 'other': 0}  rss= 1668.4MB  (1540s)
step   490000/500000  eps=0.050  episodes= 1323  mean_return= 49.469  mean_loss= 0.10979  mean_foundation=  6.8/52  lifetime_outcomes={'won': 5, 'stalled': 562, 'truncated': 756, 'other': 0}  rss= 1668.4MB  (1546s)
step   492000/500000  eps=0.050  episodes= 1328  mean_return= 36.784  mean_loss= 0.11017  mean_foundation=  6.0/52  lifetime_outcomes={'won': 5, 'stalled': 563, 'truncated': 760, 'other': 0}  rss= 1668.4MB  (1551s)
step   494000/500000  eps=0.050  episodes= 1333  mean_return= 58.258  mean_loss= 0.10601  mean_foundation=  6.8/52  lifetime_outcomes={'won': 5, 'stalled': 565, 'truncated': 763, 'other': 0}  rss= 1668.4MB  (1557s)
step   496000/500000  eps=0.050  episodes= 1339  mean_return= 39.445  mean_loss= 0.10766  mean_foundation=  6.8/52  lifetime_outcomes={'won': 5, 'stalled': 568, 'truncated': 766, 'other': 0}  rss= 1668.4MB  (1563s)
step   498000/500000  eps=0.050  episodes= 1344  mean_return= 64.446  mean_loss= 0.10485  mean_foundation= 12.4/52  lifetime_outcomes={'won': 5, 'stalled': 570, 'truncated': 769, 'other': 0}  rss= 1668.4MB  (1569s)
step   500000/500000  eps=0.050  episodes= 1350  mean_return= 50.659  mean_loss= 0.10760  mean_foundation=  6.0/52  lifetime_outcomes={'won': 5, 'stalled': 573, 'truncated': 772, 'other': 0}  rss= 1668.4MB  (1576s)
  EVAL  step   500000  win_rate=0.00%  mean_return= 42.542  mean_foundation=  5.9/52  mean_length=457.6  (greedy, 20 fixed deals)
done. saved final checkpoint to runs/006_double_dqn_soft_nstep3_per_curriculum_v2/checkpoint_final.pt
